  Tukey multiple comparisons of means
    95% family-wise confidence level

Fit: aov(formula = SM ~ PercAccuracy * Rep1, data = data)

$PercAccuracy
                diff           lwr           upr     p adj
2-1     2.229783e-02 -0.0636179329  0.1082136000 1.0000000
3-1     4.153813e-02 -0.0455389854  0.1286152404 0.9999992
4-1     6.280505e-02 -0.0231107164  0.1487208165 0.8261252
5-1     1.133766e-01  0.0095554278  0.2171976931 0.0097450
6-1     2.122577e-02 -0.0825953658  0.1250468995 1.0000000
7-1     7.590026e-02 -0.0310386648  0.1828391895 0.8841652
8-1     6.641478e-02 -0.0629812549  0.1958108105 0.9999812
9-1     6.056386e-02 -0.0644360918  0.1855638159 0.9999983
10-1    6.818568e-02 -0.0554544618  0.1918258182 0.9997348
11-1    7.285910e-02 -0.0521408537  0.1978590540 0.9984615
12-1    6.939154e-02 -0.0481145364  0.1868976176 0.9977522
13-1    1.482301e-02 -0.1161554427  0.1458014626 1.0000000
14-1    5.792696e-02 -0.0699476399  0.1858015544 0.9999999
15-1    8.715946e-02 -0.0407151399  0.2150340544 0.9397087
16-1   -3.167380e-02 -0.1716381857  0.1082905851 1.0000000
17-1    4.030612e-02 -0.0771999530  0.1578122010 1.0000000
18-1    9.796386e-02 -0.0058572706  0.2017849947 0.1182279
19-1    5.394853e-02 -0.0432682986  0.1511653639 0.9996729
20-1    4.160991e-02 -0.0479742781  0.1311941018 0.9999998
21-1    7.496893e-02 -0.0068142590  0.1567521185 0.1705719
22-1    3.735196e-02 -0.0505322802  0.1252361948 1.0000000
23-1    6.790977e-02 -0.0351794394  0.1709989790 0.9682350
24-1    6.451764e-02 -0.0497599740  0.1787952612 0.9994246
25-1    2.992255e-02 -0.1080840047  0.1679290958 1.0000000
26-1    9.884712e-02 -0.0453187750  0.2430130122 0.9331892
27-1    9.161910e-02 -0.0445157043  0.2277539046 0.9520314
28-1    1.234433e-01 -0.0253593492  0.2722460224 0.4460866
29-1    1.160809e-01 -0.0148975480  0.2470593573 0.2486131
30-1    5.261624e-02 -0.0986921500  0.2039246360 1.0000000
31-1    3.762391e-02 -0.0887864771  0.1640342942 1.0000000
32-1    6.832645e-02 -0.0480696971  0.1847225912 0.9981070
33-1    3.934362e-02 -0.0949994775  0.1736867254 1.0000000
34-1    3.127564e-02 -0.0773478918  0.1398991748 1.0000000
35-1    1.769396e-02 -0.0976266013  0.1330145159 1.0000000
36-1    7.670848e-02 -0.0431279619  0.1965449200 0.9826739
37-1    6.898080e-02 -0.0442849302  0.1822465371 0.9947887
38-1    2.458196e-02 -0.0815474150  0.1307113296 1.0000000
39-1    4.677727e-02 -0.0460934954  0.1396480272 0.9999912
40-1    6.843785e-02 -0.0109689983  0.1478447078 0.3260470
41-1    3.947317e-02 -0.0361071631  0.1150535019 0.9999629
42-1    4.665253e-02 -0.0433757061  0.1366807701 0.9999726
43-1    5.602763e-02 -0.0406060933  0.1526613592 0.9986858
44-1    1.041433e-01 -0.0446593492  0.2529460224 0.9064128
45-1    6.048251e-02 -0.0738605886  0.1948256143 0.9999999
46-1    3.498112e-02 -0.1278956713  0.1978579193 1.0000000
47-1    5.102038e-02 -0.0799580743  0.1819988310 1.0000000
48-1    6.141196e-02 -0.0850133872  0.2078373018 1.0000000
49-1    6.092265e-02 -0.0878800389  0.2097253328 1.0000000
50-1    4.036747e-02 -0.0496607635  0.1303957126 1.0000000
51-1    3.684767e-02 -0.0992871329  0.1729824761 1.0000000
52-1    3.308273e-02 -0.0801830071  0.1463484602 1.0000000
53-1    1.753196e-02 -0.0977886013  0.1328525159 1.0000000
54-1    7.286267e-02 -0.0185471044  0.1642724475 0.5787519
55-1    5.609939e-02 -0.0383194585  0.1505182449 0.9973285
56-1    9.491432e-02  0.0057663343  0.1840622994 0.0162813
57-1    2.926429e-02 -0.0656914172  0.1242200071 1.0000000
58-1    7.496307e-02 -0.0137563266  0.1636824634 0.3868073
59-1    6.817483e-02 -0.0081138715  0.1444635225 0.2277615
60-1    6.785803e-02  0.0050897847  0.1306262795 0.0119988
61-1    5.270013e-02 -0.0048761852  0.1102764502 0.1736433
62-1    5.510196e-02 -0.0086563502  0.1188602648 0.3179771
63-1    4.908647e-02 -0.0218075717  0.1199805185 0.9212593
64-1    6.599835e-02 -0.0151653901  0.1471620975 0.5124682
65-1    7.233150e-02 -0.0172526872  0.1619156927 0.5360907
66-1    7.938646e-02 -0.0190347478  0.1778076764 0.5394547
67-1    7.087425e-02 -0.0210133390  0.1627618319 0.6834612
68-1    5.142433e-02 -0.0440792367  0.1469278882 0.9998850
69-1    8.551568e-02  0.0014149108  0.1696164548 0.0378368
70-1    7.224282e-02 -0.0152344491  0.1597200841 0.4609412
71-1    5.605470e-02 -0.0322435102  0.1443529193 0.9856204
72-1    5.310316e-02 -0.0387844234  0.1449907476 0.9988082
73-1    7.148640e-02 -0.0172329933  0.1602057968 0.5429284
74-1    7.133796e-02 -0.0247248144  0.1674007290 0.7888995
75-1    4.701734e-02 -0.0474015098  0.1414361936 0.9999945
76-1    6.669462e-02 -0.0150885709  0.1484778066 0.5028207
77-1    7.915832e-02 -0.0023129184  0.1606295602 0.0782496
78-1    7.872350e-02  0.0026738142  0.1547731773 0.0276270
79-1    4.940862e-02 -0.0175153511  0.1163325990 0.8032327
80-1    7.275106e-02  0.0108072951  0.1346948177 0.0018326
81-1    5.297038e-02 -0.0083863439  0.1143271006 0.3210763
82-1    4.159690e-02 -0.0256112406  0.1088050428 0.9921434
83-1    8.565459e-02  0.0053876038  0.1659215740 0.0155671
84-1    5.477670e-02 -0.0303957494  0.1399491589 0.9807830
85-1    3.706040e-02 -0.0578953133  0.1320161110 1.0000000
86-1    5.689779e-02 -0.0293987445  0.1431943258 0.9676695
87-1    4.371379e-02 -0.0437634814  0.1311910519 0.9999937
88-1    6.503684e-02 -0.0254435161  0.1555171981 0.8611458
89-1    8.586751e-02 -0.0028518822  0.1745869079 0.0828433
90-1    7.150580e-02 -0.0119077213  0.1549193282 0.3421046
91-1    3.003370e-02 -0.0469901027  0.1070575094 1.0000000
92-1    1.142780e-01  0.0294683557  0.1990875589 0.0000324
93-1    9.239062e-02  0.0064748506  0.1783063835 0.0133595
94-1    1.088253e-01  0.0334753777  0.1841751534 0.0000026
95-1    1.188928e-01  0.0403117831  0.1974737982 0.0000004
96-1    1.297833e-01  0.0557600894  0.2038064151 0.0000000
97-1    9.631467e-02  0.0171867981  0.1754425402 0.0007202
98-1    8.112832e-02 -0.0003429184  0.1625995602 0.0535298
99-1    8.969860e-02  0.0176944239  0.1617027792 0.0003769
100-1   4.554674e-03 -0.0399779246  0.0490872724 1.0000000
3-2     1.924029e-02 -0.0938567037  0.1323372916 1.0000000
4-2     4.050722e-02 -0.0716980695  0.1527125025 1.0000000
5-2     9.107873e-02 -0.0353623063  0.2175197600 0.8570007
6-2    -1.072067e-03 -0.1275130999  0.1253689664 1.0000000
7-2     5.360243e-02 -0.0754109094  0.1826157670 1.0000000
8-2     4.411694e-02 -0.1040445912  0.1922784796 1.0000000
9-2     3.826603e-02 -0.1060721014  0.1826041584 1.0000000
10-2    4.588784e-02 -0.0972742715  0.1890499608 1.0000000
11-2    5.056127e-02 -0.0937768633  0.1948993965 1.0000000
12-2    4.709371e-02 -0.0908054787  0.1849928927 1.0000000
13-2   -7.474824e-03 -0.1570203430  0.1420706956 1.0000000
14-2    3.562912e-02 -0.1112055448  0.1824637922 1.0000000
15-2    6.486162e-02 -0.0819730448  0.2116962922 1.0000000
16-2   -5.397163e-02 -0.2114471446  0.1035038768 1.0000000
17-2    1.800829e-02 -0.1198908953  0.1559074761 1.0000000
18-2    7.566603e-02 -0.0507750047  0.2021070616 0.9967407
19-2    3.165070e-02 -0.0894262168  0.1527276149 1.0000000
20-2    1.931208e-02 -0.0957263256  0.1343504821 1.0000000
21-2    5.267110e-02 -0.0564022610  0.1617444533 0.9999986
22-2    1.505412e-02 -0.0986654722  0.1287737196 1.0000000
23-2    4.561194e-02 -0.0802288058  0.1714526782 1.0000000
24-2    4.221981e-02 -0.0929389158  0.1773785358 1.0000000
25-2    7.624712e-03 -0.1481132577  0.1633626816 1.0000000
26-2    7.654929e-02 -0.0846720293  0.2377705993 0.9999993
27-2    6.932127e-02 -0.0847605048  0.2234030380 0.9999999
28-2    1.011455e-01 -0.0642351083  0.2665261143 0.9941869
29-2    9.378307e-02 -0.0557624482  0.2433285904 0.9891858
30-2    3.031841e-02 -0.1373203005  0.1979571194 1.0000000
31-2    1.532607e-02 -0.1302352279  0.1608873778 1.0000000
32-2    4.602861e-02 -0.0909260128  0.1829832398 1.0000000
33-2    1.704579e-02 -0.1354552791  0.1695468598 1.0000000
34-2    8.977808e-03 -0.1214353021  0.1393909179 1.0000000
35-2   -4.603876e-03 -0.1406455557  0.1314378031 1.0000000
36-2    5.441065e-02 -0.0854795968  0.1943008877 1.0000000
37-2    4.668297e-02 -0.0876212881  0.1809872278 1.0000000
38-2    2.284124e-03 -0.1260589749  0.1306272223 1.0000000
39-2    2.447943e-02 -0.0931364067  0.1420952714 1.0000000
40-2    4.614002e-02 -0.0611630804  0.1534431226 1.0000000
41-2    1.717534e-02 -0.0873277452  0.1216784169 1.0000000
42-2    2.435470e-02 -0.0910298366  0.1397392335 1.0000000
43-2    3.372980e-02 -0.0868794222  0.1543390210 1.0000000
44-2    8.184550e-02 -0.0835351083  0.2472261143 0.9999958
45-2    3.818468e-02 -0.1143163902  0.1906857487 1.0000000
46-2    1.268329e-02 -0.1654665278  0.1908331086 1.0000000
47-2    2.872254e-02 -0.1208229745  0.1782680641 1.0000000
48-2    3.911412e-02 -0.1241307500  0.2023589975 1.0000000
49-2    3.862481e-02 -0.1267557979  0.2040054247 1.0000000
50-2    1.806964e-02 -0.0973148941  0.1334541760 1.0000000
51-2    1.454984e-02 -0.1395319334  0.1686316094 1.0000000
52-2    1.078489e-02 -0.1235193650  0.1450891509 1.0000000
53-2   -4.765876e-03 -0.1408075557  0.1312758031 1.0000000
54-2    5.056484e-02 -0.0659008412  0.1670305172 1.0000000
55-2    3.380156e-02 -0.0850404651  0.1526435843 1.0000000
56-2    7.261648e-02 -0.0420825581  0.1873155246 0.9864928
57-2    6.966461e-03 -0.1123025394  0.1262354622 1.0000000
58-2    5.266523e-02 -0.0617010117  0.1670314813 0.9999998
59-2    4.587699e-02 -0.0591395428  0.1508935267 1.0000000
60-2    4.556020e-02 -0.0500868619  0.1412072589 0.9999992
61-2    3.040230e-02 -0.0619207190  0.1227253168 1.0000000
62-2    3.280412e-02 -0.0634955599  0.1291038073 1.0000000
63-2    2.678864e-02 -0.0743769320  0.1279542116 1.0000000
64-2    4.370052e-02 -0.0649091507  0.1523101909 1.0000000
65-2    5.003367e-02 -0.0650047347  0.1650720730 1.0000000
66-2    5.708863e-02 -0.0649574354  0.1791346969 0.9999997
67-2    4.857641e-02 -0.0682646572  0.1654174829 1.0000000
68-2    2.912649e-02 -0.0905791373  0.1488321216 1.0000000
69-2    6.321785e-02 -0.0476038415  0.1740395399 0.9992011
70-2    4.994498e-02 -0.0634603928  0.1633503606 1.0000000
71-2    3.375687e-02 -0.0802829555  0.1477966974 1.0000000
72-2    3.080533e-02 -0.0860357415  0.1476463986 1.0000000
73-2    4.918857e-02 -0.0651776783  0.1635548147 1.0000000
74-2    4.904012e-02 -0.0711121271  0.1691923746 1.0000000
75-2    2.471951e-02 -0.0941225164  0.1435615330 1.0000000
76-2    4.439678e-02 -0.0646765729  0.1534701414 1.0000000
77-2    5.686049e-02 -0.0519791659  0.1657001406 0.9999625
78-2    5.642566e-02 -0.0484173698  0.1612686941 0.9998870
79-2    2.711079e-02 -0.0713134227  0.1255350035 1.0000000
80-2    5.045322e-02 -0.0446548044  0.1455612501 0.9999333
81-2    3.067254e-02 -0.0640541919  0.1253992815 1.0000000
82-2    1.929907e-02 -0.0793185860  0.1179167211 1.0000000
83-2    6.335676e-02 -0.0445844147  0.1712979253 0.9981126
84-2    3.247887e-02 -0.0791582831  0.1441160255 1.0000000
85-2    1.476257e-02 -0.1045064355  0.1340315660 1.0000000
86-2    3.459996e-02 -0.0778971507  0.1470970648 1.0000000
87-2    2.141595e-02 -0.0919894250  0.1348213283 1.0000000
88-2    4.273901e-02 -0.0729986368  0.1584766517 1.0000000
89-2    6.356968e-02 -0.0507965672  0.1779359258 0.9996544
90-2    4.920797e-02 -0.0610930882  0.1595090279 1.0000000
91-2    7.735870e-03 -0.0978158900  0.1132876295 1.0000000
92-2    9.198012e-02 -0.0193804430  0.2033406904 0.4604611
93-2    7.009278e-02 -0.0421125025  0.1822980695 0.9901481
94-2    8.652743e-02 -0.0178091047  0.1908639687 0.4471422
95-2    9.659496e-02 -0.0100984450  0.2032883590 0.1972137
96-2    1.074854e-01  0.0041029447  0.2108678926 0.0255198
97-2    7.401684e-02 -0.0330799770  0.1811136482 0.9236120
98-2    5.883049e-02 -0.0500091659  0.1676701406 0.9998681
99-2    6.740077e-02 -0.0345458302  0.1693473662 0.9658598
100-2  -1.774316e-02 -0.1025468130  0.0670604936 1.0000000
4-3     2.126692e-02 -0.0918300751  0.1343639202 1.0000000
5-3     7.183843e-02 -0.0553945798  0.1990714457 0.9994229
6-3    -2.031236e-02 -0.1475453735  0.1069206521 1.0000000
7-3     3.436213e-02 -0.0954274876  0.1641517573 1.0000000
8-3     2.487665e-02 -0.1239613329  0.1737146335 1.0000000
9-3     1.902573e-02 -0.1260066771  0.1640581462 1.0000000
10-3    2.664755e-02 -0.1172145227  0.1705096242 1.0000000
11-3    3.132097e-02 -0.1137114390  0.1763533843 1.0000000
12-3    2.785341e-02 -0.1107723063  0.1664791326 1.0000000
13-3   -2.671512e-02 -0.1769308525  0.1235006173 1.0000000
14-3    1.638883e-02 -0.1311283711  0.1639060307 1.0000000
15-3    4.562133e-02 -0.1018958711  0.1931385307 1.0000000
16-3   -7.321193e-02 -0.2313240435  0.0849001879 0.9999998
17-3   -1.232004e-03 -0.1398577230  0.1373937159 1.0000000
18-3    5.642573e-02 -0.0708072782  0.1836587473 1.0000000
19-3    1.241041e-02 -0.1094933447  0.1343141550 1.0000000
20-3    7.178433e-05 -0.1158365374  0.1159801060 1.0000000
21-3    3.343080e-02 -0.0765596606  0.1434212651 1.0000000
22-3   -4.186170e-03 -0.1187856953  0.1104133549 1.0000000
23-3    2.637164e-02 -0.1002648336  0.1530081181 1.0000000
24-3    2.297952e-02 -0.1129203950  0.1588794272 1.0000000
25-3   -1.161558e-02 -0.1679972301  0.1447660661 1.0000000
26-3    5.730899e-02 -0.1045341949  0.2191521770 1.0000000
27-3    5.008097e-02 -0.1046513671  0.2048133123 1.0000000
28-3    8.190521e-02 -0.0840816918  0.2478921100 0.9999963
29-3    7.454278e-02 -0.0756729578  0.2247585121 0.9999953
30-3    1.107812e-02 -0.1571587465  0.1793149775 1.0000000
31-3   -3.914219e-03 -0.1501639970  0.1423355590 1.0000000
32-3    2.678832e-02 -0.1108978247  0.1644744639 1.0000000
33-3   -2.194504e-03 -0.1553528558  0.1509638487 1.0000000
34-3   -1.026249e-02 -0.1414435972  0.1209186252 1.0000000
35-3   -2.384417e-02 -0.1606222503  0.1129339099 1.0000000
36-3    3.517035e-02 -0.1054361367  0.1757768398 1.0000000
37-3    2.744268e-02 -0.1076074569  0.1624928088 1.0000000
38-3   -1.695617e-02 -0.1460795826  0.1121672422 1.0000000
39-3    5.239138e-03 -0.1132276935  0.1237059703 1.0000000
40-3    2.689973e-02 -0.0813354808  0.1351349353 1.0000000
41-3   -2.064958e-03 -0.1075248965  0.1033949804 1.0000000
42-3    5.114404e-03 -0.1111374583  0.1213662673 1.0000000
43-3    1.448951e-02 -0.1069497345  0.1359287454 1.0000000
44-3    6.260521e-02 -0.1033816918  0.2285921100 1.0000000
45-3    1.894439e-02 -0.1342139669  0.1721027376 1.0000000
46-3   -6.557004e-03 -0.1852697966  0.1721557895 1.0000000
47-3    9.482251e-03 -0.1407334841  0.1596979858 1.0000000
48-3    1.987383e-02 -0.1439852361  0.1837328957 1.0000000
49-3    1.938452e-02 -0.1466023814  0.1853714203 1.0000000
50-3   -1.170653e-03 -0.1174225158  0.1150812098 1.0000000
51-3   -4.690456e-03 -0.1594227956  0.1500418838 1.0000000
52-3   -8.455401e-03 -0.1435055338  0.1265947318 1.0000000
53-3   -2.400617e-02 -0.1607842503  0.1127719099 1.0000000
54-3    3.132454e-02 -0.0860004707  0.1486495589 1.0000000
55-3    1.456127e-02 -0.1051230337  0.1342455650 1.0000000
56-3    5.337619e-02 -0.0621953243  0.1689477029 0.9999998
57-3   -1.227383e-02 -0.1323821138  0.1078344487 1.0000000
58-3    3.342494e-02 -0.0818162974  0.1486661792 1.0000000
59-3    2.663670e-02 -0.0793320580  0.1326054540 1.0000000
60-3    2.631990e-02 -0.0703716920  0.1230115011 1.0000000
61-3    1.116200e-02 -0.0822427289  0.1045667389 1.0000000
62-3    1.356383e-02 -0.0837733868  0.1109010464 1.0000000
63-3    7.548346e-03 -0.0946053500  0.1097020418 1.0000000
64-3    2.446023e-02 -0.0850704328  0.1339908852 1.0000000
65-3    3.079338e-02 -0.0851149465  0.1467016969 1.0000000
66-3    3.784834e-02 -0.0850180416  0.1607147153 1.0000000
67-3    2.933612e-02 -0.0883615459  0.1470337838 1.0000000
68-3    9.886198e-03 -0.1106556717  0.1304280681 1.0000000
69-3    4.397756e-02 -0.0677468906  0.1557020012 1.0000000
70-3    3.070469e-02 -0.0835830352  0.1449924152 1.0000000
71-3    1.451658e-02 -0.1004007267  0.1294338807 1.0000000
72-3    1.156503e-02 -0.1061326303  0.1292626995 1.0000000
73-3    2.994827e-02 -0.0852929641  0.1451895126 1.0000000
74-3    2.979983e-02 -0.0911855745  0.1507852341 1.0000000
75-3    5.479214e-03 -0.1142050849  0.1251635137 1.0000000
76-3    2.515649e-02 -0.0848339725  0.1351469532 1.0000000
77-3    3.762019e-02 -0.0721385182  0.1473789051 1.0000000
78-3    3.718537e-02 -0.0686114465  0.1429821830 1.0000000
79-3    7.870496e-03 -0.0915690852  0.1073100781 1.0000000
80-3    3.121293e-02 -0.0649454900  0.1273713478 1.0000000
81-3    1.143225e-02 -0.0843490590  0.1072135607 1.0000000
82-3    5.877361e-05 -0.0995722771  0.0996898243 1.0000000
83-3    4.411646e-02 -0.0647513523  0.1529842751 1.0000000
84-3    1.323858e-02 -0.0992947907  0.1257719452 1.0000000
85-3   -4.477729e-03 -0.1245860099  0.1156305526 1.0000000
86-3    1.535966e-02 -0.0980268614  0.1287461876 1.0000000
87-3    2.175658e-03 -0.1121120675  0.1164633830 1.0000000
88-3    2.349871e-02 -0.0931036320  0.1401010590 1.0000000
89-3    4.432939e-02 -0.0709118530  0.1595706237 1.0000000
90-3    2.996768e-02 -0.0812403637  0.1411757156 1.0000000
91-3   -1.150442e-02 -0.1180036198  0.0949947714 1.0000000
92-3    7.273983e-02 -0.0395191587  0.1849988182 0.9774128
93-3    5.085249e-02 -0.0622445081  0.1639494872 1.0000000
94-3    6.728714e-02 -0.0380077695  0.1725820456 0.9833103
95-3    7.735466e-02 -0.0302761257  0.1849854519 0.8613908
96-3    8.824512e-02 -0.0161044828  0.1925947323 0.3841087
97-3    5.477654e-02 -0.0532541574  0.1628072407 0.9999885
98-3    3.959019e-02 -0.0701685182  0.1493489051 1.0000000
99-3    4.816047e-02 -0.0547667505  0.1510876986 0.9999997
100-3  -3.698345e-02 -0.1229634762  0.0489965690 1.0000000
5-4     5.057151e-02 -0.0758695228  0.1770125436 1.0000000
6-4    -4.157928e-02 -0.1680203164  0.0848617499 1.0000000
7-4     1.309521e-02 -0.1159181259  0.1421085505 1.0000000
8-4     3.609728e-03 -0.1445518077  0.1517712631 1.0000000
9-4    -2.241188e-03 -0.1465793179  0.1420969419 1.0000000
10-4    5.380628e-03 -0.1377814880  0.1485427443 1.0000000
11-4    1.005405e-02 -0.1342840798  0.1543921800 1.0000000
12-4    6.586491e-03 -0.1313126952  0.1444856763 1.0000000
13-4   -4.798204e-02 -0.1975275595  0.1015634791 1.0000000
14-4   -4.878093e-03 -0.1517127613  0.1419565757 1.0000000
15-4    2.435441e-02 -0.1224802613  0.1711890757 1.0000000
16-4   -9.447885e-02 -0.2519543611  0.0629966603 0.9965050
17-4   -2.249893e-02 -0.1603981118  0.1154002596 1.0000000
18-4    3.515881e-02 -0.0912822212  0.1615998451 1.0000000
19-4   -8.856517e-03 -0.1299334333  0.1122203984 1.0000000
20-4   -2.119514e-02 -0.1362335421  0.0938432656 1.0000000
21-4    1.216388e-02 -0.0969094775  0.1212372369 1.0000000
22-4   -2.545309e-02 -0.1391726887  0.0882665031 1.0000000
23-4    5.104720e-03 -0.1207360223  0.1309454617 1.0000000
24-4    1.712593e-03 -0.1334461323  0.1368713193 1.0000000
25-4   -3.288250e-02 -0.1886204742  0.1228554651 1.0000000
26-4    3.604207e-02 -0.1251792457  0.1972633828 1.0000000
27-4    2.881405e-02 -0.1252677213  0.1828958215 1.0000000
28-4    6.063829e-02 -0.1047423248  0.2260188978 1.0000000
29-4    5.327585e-02 -0.0962696647  0.2028213739 1.0000000
30-4   -1.018881e-02 -0.1778275170  0.1574499029 1.0000000
31-4   -2.518114e-02 -0.1707424444  0.1203801613 1.0000000
32-4    5.521397e-03 -0.1314332293  0.1424760233 1.0000000
33-4   -2.346143e-02 -0.1759624956  0.1290396434 1.0000000
34-4   -3.152941e-02 -0.1619425186  0.0988837014 1.0000000
35-4   -4.511109e-02 -0.1811527722  0.0909305866 1.0000000
36-4    1.390343e-02 -0.1259868133  0.1537936712 1.0000000
37-4    6.175753e-03 -0.1281285046  0.1404800113 1.0000000
38-4   -3.822309e-02 -0.1665661914  0.0901200058 1.0000000
39-4   -1.602778e-02 -0.1336436232  0.1015880549 1.0000000
40-4    5.632805e-03 -0.1016702968  0.1129359062 1.0000000
41-4   -2.333188e-02 -0.1278349617  0.0811712004 1.0000000
42-4   -1.615252e-02 -0.1315370531  0.0992320170 1.0000000
43-4   -6.777417e-03 -0.1273866387  0.1138318045 1.0000000
44-4    4.133829e-02 -0.1240423248  0.2067188978 1.0000000
45-4   -2.322537e-03 -0.1548236067  0.1501785322 1.0000000
46-4   -2.782393e-02 -0.2059737443  0.1503258921 1.0000000
47-4   -1.178467e-02 -0.1613301910  0.1377608476 1.0000000
48-4   -1.393093e-03 -0.1646379665  0.1618517810 1.0000000
49-4   -1.882403e-03 -0.1672630144  0.1634982082 1.0000000
50-4   -2.243758e-02 -0.1378221106  0.0929469595 1.0000000
51-4   -2.595738e-02 -0.1800391499  0.1281243929 1.0000000
52-4   -2.972232e-02 -0.1640265815  0.1045819344 1.0000000
53-4   -4.527309e-02 -0.1813147722  0.0907685866 1.0000000
54-4    1.005762e-02 -0.1064080577  0.1265233007 1.0000000
55-4   -6.705657e-03 -0.1255476816  0.1121363678 1.0000000
56-4    3.210927e-02 -0.0825897746  0.1468083081 1.0000000
57-4   -3.354076e-02 -0.1528097559  0.0857282457 1.0000000
58-4    1.215802e-02 -0.1022082282  0.1265242648 1.0000000
59-4    5.369775e-03 -0.0996467593  0.1103863102 1.0000000
60-4    5.052982e-03 -0.0905940784  0.1007000424 1.0000000
61-4   -1.010492e-02 -0.1024279355  0.0822181003 1.0000000
62-4   -7.703093e-03 -0.1040027764  0.0885965908 1.0000000
63-4   -1.371858e-02 -0.1148841485  0.0874469951 1.0000000
64-4    3.193304e-03 -0.1054163672  0.1118029744 1.0000000
65-4    9.526453e-03 -0.1055119512  0.1245648565 1.0000000
66-4    1.658141e-02 -0.1054646519  0.1386274805 1.0000000
67-4    8.069196e-03 -0.1087718737  0.1249102664 1.0000000
68-4   -1.138072e-02 -0.1310863538  0.1083249051 1.0000000
69-4    2.271063e-02 -0.0881110580  0.1335323234 1.0000000
70-4    9.437767e-03 -0.1039676092  0.1228431441 1.0000000
71-4   -6.750346e-03 -0.1207901720  0.1072894809 1.0000000
72-4   -9.701888e-03 -0.1265429580  0.1071391821 1.0000000
73-4    8.681352e-03 -0.1056848948  0.1230475982 1.0000000
74-4    8.532907e-03 -0.1116193436  0.1286851581 1.0000000
75-4   -1.578771e-02 -0.1346297329  0.1030543165 1.0000000
76-4    3.889568e-03 -0.1051837894  0.1129629249 1.0000000
77-4    1.635327e-02 -0.0924863824  0.1251929241 1.0000000
78-4    1.591845e-02 -0.0889245862  0.1207614776 1.0000000
79-4   -1.339643e-02 -0.1118206392  0.0850277870 1.0000000
80-4    9.946006e-03 -0.0851620209  0.1050540336 1.0000000
81-4   -9.834672e-03 -0.1045614084  0.0848920650 1.0000000
82-4   -2.120815e-02 -0.1198258025  0.0774095046 1.0000000
83-4    2.284954e-02 -0.0850916312  0.1307907088 1.0000000
84-4   -8.028345e-03 -0.1196654996  0.1036088090 1.0000000
85-4   -2.574465e-02 -0.1450136520  0.0935243496 1.0000000
86-4   -5.907259e-03 -0.1184043672  0.1065898483 1.0000000
87-4   -1.909126e-02 -0.1324966415  0.0943141119 1.0000000
88-4    2.231791e-03 -0.1135058533  0.1179694352 1.0000000
89-4    2.306246e-02 -0.0913037837  0.1374287093 1.0000000
90-4    8.700753e-03 -0.1016003047  0.1190018114 1.0000000
91-4   -3.277135e-02 -0.1383231065  0.0727804130 1.0000000
92-4    5.147291e-02 -0.0598876595  0.1628334739 0.9999998
93-4    2.958557e-02 -0.0826197190  0.1417908530 1.0000000
94-4    4.602022e-02 -0.0583163212  0.1503567522 1.0000000
95-4    5.608774e-02 -0.0506056614  0.1627811425 0.9999525
96-4    6.697820e-02 -0.0364042718  0.1703606761 0.9774842
97-4    3.350962e-02 -0.0735871935  0.1406064317 1.0000000
98-4    1.832327e-02 -0.0905163824  0.1271629241 1.0000000
99-4    2.689355e-02 -0.0750530467  0.1288401497 1.0000000
100-4  -5.825038e-02 -0.1430540295  0.0265532771 0.9311021
6-5    -9.215079e-02 -0.2313795390  0.0470779517 0.9651101
7-5    -3.747630e-02 -0.1790451862  0.1040925900 1.0000000
8-5    -4.696178e-02 -0.2061759442  0.1122523789 1.0000000
9-5    -5.281270e-02 -0.2084751679  0.1028497711 1.0000000
10-5   -4.519088e-02 -0.1997635194  0.1093817549 1.0000000
11-5   -4.051746e-02 -0.1961799298  0.1151450092 1.0000000
12-5   -4.398502e-02 -0.1936963891  0.1057263494 1.0000000
13-5   -9.855355e-02 -0.2590564197  0.0619493186 0.9935642
14-5   -5.544960e-02 -0.2134297555  0.1025305492 1.0000000
15-5   -2.621710e-02 -0.1841972555  0.1317630492 1.0000000
16-5   -1.450504e-01 -0.3129665456  0.0228658241 0.3193518
17-5   -7.307044e-02 -0.2227818057  0.0766409327 0.9999977
18-5   -1.541270e-02 -0.1546414437  0.1238160469 1.0000000
19-5   -5.942803e-02 -0.1938040979  0.0749480423 1.0000000
20-5   -7.176665e-02 -0.2007284376  0.0571951404 0.9996406
21-5   -3.840763e-02 -0.1620777803  0.0852625189 1.0000000
22-5   -7.602460e-02 -0.2038113597  0.0517621534 0.9972288
23-5   -4.546679e-02 -0.1841506073  0.0932170260 1.0000000
24-5   -4.885892e-02 -0.1960499147  0.0983320809 1.0000000
25-5   -8.345401e-02 -0.2497417892  0.0828337593 0.9999924
26-5   -1.452944e-02 -0.1859634549  0.1569045712 1.0000000
27-5   -2.175746e-02 -0.1864951334  0.1429802128 1.0000000
28-5    1.006678e-02 -0.1652844578  0.1854180101 1.0000000
29-5    2.704344e-03 -0.1577985249  0.1632072133 1.0000000
30-5   -6.076032e-02 -0.2382428398  0.1167222049 1.0000000
31-5   -7.575265e-02 -0.2325499783  0.0810446744 0.9999985
32-5   -4.505011e-02 -0.1938919029  0.1037916762 1.0000000
33-5   -7.403294e-02 -0.2372931118  0.0892272388 0.9999999
34-5   -8.210092e-02 -0.2249465977  0.0607447597 0.9989915
35-5   -9.568260e-02 -0.2436847896  0.0523195832 0.9784827
36-5   -3.666808e-02 -0.1882153959  0.1148792330 1.0000000
37-5   -4.439576e-02 -0.1908025272  0.1020110132 1.0000000
38-5   -8.879460e-02 -0.2297529645  0.0521637581 0.9879800
39-5   -6.659929e-02 -0.1978654145  0.0646668254 0.9999882
40-5   -4.493871e-02 -0.1670503933  0.0771729819 1.0000000
41-5   -7.390339e-02 -0.1935620832  0.0457553011 0.9925464
42-5   -6.672403e-02 -0.1959946732  0.0625466163 0.9999765
43-5   -5.734893e-02 -0.1913037445  0.0766058895 1.0000000
44-5   -9.233224e-03 -0.1845844578  0.1661180101 1.0000000
45-5   -5.289405e-02 -0.2161542229  0.1103661277 1.0000000
46-5   -7.839544e-02 -0.2658378714  0.1090469984 1.0000000
47-5   -6.235618e-02 -0.2228590513  0.0981466870 1.0000000
48-5   -5.196460e-02 -0.2253029932  0.1213737869 1.0000000
49-5   -5.245391e-02 -0.2278051475  0.1228973204 1.0000000
50-5   -7.300909e-02 -0.2022797307  0.0562615588 0.9994177
51-5   -7.652889e-02 -0.2412665620  0.0882087842 0.9999998
52-5   -8.029383e-02 -0.2267006041  0.0661129363 0.9997807
53-5   -9.584460e-02 -0.2438467896  0.0521575832 0.9776899
54-5   -4.051389e-02 -0.1707504547  0.0897226770 1.0000000
55-5   -5.727717e-02 -0.1896430824  0.0750887479 1.0000000
56-5   -1.846224e-02 -0.1471214009  0.1101969136 1.0000000
57-5   -8.411227e-02 -0.2168616655  0.0486371345 0.9862389
58-5   -3.841349e-02 -0.1667760528  0.0899490687 1.0000000
59-5   -4.520173e-02 -0.1653091087  0.0749056388 1.0000000
60-5   -4.551853e-02 -0.1575259783  0.0664889215 1.0000000
61-5   -6.067643e-02 -0.1698590653  0.0485062094 0.9996566
62-5   -5.827460e-02 -0.1708398630  0.0542906567 0.9999736
63-5   -6.429009e-02 -0.1810453078  0.0524651337 0.9997483
64-5   -4.737821e-02 -0.1706395927  0.0758831791 1.0000000
65-5   -4.104506e-02 -0.1700068467  0.0879167313 1.0000000
66-5   -3.399010e-02 -0.1692400534  0.1012598611 1.0000000
67-5   -4.250231e-02 -0.1730746859  0.0880700579 1.0000000
68-5   -6.195223e-02 -0.1950940628  0.0711895933 0.9999997
69-5   -2.786088e-02 -0.1530757162  0.0973539609 1.0000000
70-5   -4.113374e-02 -0.1686409511  0.0863734651 1.0000000
71-5   -5.732186e-02 -0.1853936744  0.0707499625 1.0000000
72-5   -6.027340e-02 -0.1908457703  0.0702989736 0.9999998
73-5   -4.189016e-02 -0.1702527195  0.0864724020 1.0000000
74-5   -4.203860e-02 -0.1755821243  0.0915049180 1.0000000
75-5   -6.635922e-02 -0.1987251337  0.0660066966 0.9999928
76-5   -4.668194e-02 -0.1703520922  0.0769882070 1.0000000
77-5   -3.421824e-02 -0.1576823184  0.0892458393 1.0000000
78-5   -3.465306e-02 -0.1546087649  0.0853026355 1.0000000
79-5   -6.396794e-02 -0.1783560232  0.0504201502 0.9995777
80-5   -4.062550e-02 -0.1521730074  0.0709219993 1.0000000
81-5   -6.040618e-02 -0.1716287666  0.0508164024 0.9998438
82-5   -7.177966e-02 -0.1863342326  0.0427749139 0.9893984
83-5   -2.772197e-02 -0.1503947267  0.0949507835 1.0000000
84-5   -5.859986e-02 -0.1845369943  0.0673372829 0.9999997
85-5   -7.631616e-02 -0.2090655616  0.0564332384 0.9989842
86-5   -5.647877e-02 -0.1831788406  0.0702213009 1.0000000
87-5   -6.966278e-02 -0.1971699833  0.0578444329 0.9998078
88-5   -4.833972e-02 -0.1779256406  0.0812462017 1.0000000
89-5   -2.750905e-02 -0.1558716083  0.1008535131 1.0000000
90-5   -4.187076e-02 -0.1666250438  0.0828835297 1.0000000
91-5   -8.334286e-02 -0.2039184875  0.0372327732 0.9234520
92-5    9.013968e-04 -0.1247906255  0.1265934191 1.0000000
93-5   -2.098594e-02 -0.1474269765  0.1054550898 1.0000000
94-5   -4.551295e-03 -0.1240645642  0.1149619744 1.0000000
95-5    5.516230e-03 -0.1160600450  0.1270925053 1.0000000
96-5    1.640669e-02 -0.1022745813  0.1350879649 1.0000000
97-5   -1.706189e-02 -0.1389923466  0.1048685640 1.0000000
98-5   -3.224824e-02 -0.1557123184  0.0912158393 1.0000000
99-5   -2.367796e-02 -0.1411105674  0.0937546496 1.0000000
100-5  -1.088219e-01 -0.2117245992 -0.0059191739 0.0185548
7-6     5.467450e-02 -0.0868943926  0.1962433837 1.0000000
8-6     4.518901e-02 -0.1140251505  0.2044031725 1.0000000
9-6     3.933810e-02 -0.1163243743  0.1950005647 1.0000000
10-6    4.695991e-02 -0.1076127258  0.2015325486 1.0000000
11-6    5.163333e-02 -0.1040291362  0.2072958028 1.0000000
12-6    4.816577e-02 -0.1015455954  0.1978771430 1.0000000
13-6   -6.402757e-03 -0.1669056260  0.1541001122 1.0000000
14-6    3.670119e-02 -0.1212789619  0.1946813428 1.0000000
15-6    6.593369e-02 -0.0920464619  0.2239138428 1.0000000
16-6   -5.289957e-02 -0.2208157519  0.1150166177 1.0000000
17-6    1.908036e-02 -0.1306310121  0.1687917264 1.0000000
18-6    7.673810e-02 -0.0624906501  0.2159668406 0.9997400
19-6    3.272277e-02 -0.1016533043  0.1670988359 1.0000000
20-6    2.038415e-02 -0.1085776440  0.1493459340 1.0000000
21-6    5.374316e-02 -0.0699269866  0.1774133125 1.0000000
22-6    1.612619e-02 -0.1116605661  0.1439129470 1.0000000
23-6    4.668400e-02 -0.0919998137  0.1853678196 1.0000000
24-6    4.329188e-02 -0.1038991210  0.1904828745 1.0000000
25-6    8.696779e-03 -0.1575909955  0.1749845529 1.0000000
26-6    7.762135e-02 -0.0938126613  0.2490553648 0.9999999
27-6    7.039333e-02 -0.0943443398  0.2351310064 1.0000000
28-6    1.022176e-01 -0.0731336642  0.2775688037 0.9984570
29-6    9.485514e-02 -0.0656477313  0.2553580070 0.9977027
30-6    3.139048e-02 -0.1460920461  0.2088729985 1.0000000
31-6    1.639814e-02 -0.1403991846  0.1731954680 1.0000000
32-6    4.710068e-02 -0.1017411093  0.1959424698 1.0000000
33-6    1.811786e-02 -0.1451423182  0.1813780325 1.0000000
34-6    1.004987e-02 -0.1327958040  0.1528955534 1.0000000
35-6   -3.531810e-03 -0.1515339959  0.1444703769 1.0000000
36-6    5.548271e-02 -0.0960646023  0.2070300267 1.0000000
37-6    4.775504e-02 -0.0986517336  0.1941618068 1.0000000
38-6    3.356190e-03 -0.1376021708  0.1443145518 1.0000000
39-6    2.555150e-02 -0.1057146208  0.1568176191 1.0000000
40-6    4.721209e-02 -0.0748995997  0.1693237755 1.0000000
41-6    1.824740e-02 -0.1014112895  0.1379060947 1.0000000
42-6    2.542677e-02 -0.1038438796  0.1546974099 1.0000000
43-6    3.480187e-02 -0.0991529508  0.1687566831 1.0000000
44-6    8.291757e-02 -0.0924336642  0.2582688037 0.9999994
45-6    3.925675e-02 -0.1240034293  0.2025169214 1.0000000
46-6    1.375536e-02 -0.1736870777  0.2011977920 1.0000000
47-6    2.979461e-02 -0.1307082576  0.1902974807 1.0000000
48-6    4.018619e-02 -0.1331521996  0.2135245805 1.0000000
49-6    3.969688e-02 -0.1356543538  0.2150481141 1.0000000
50-6    1.914171e-02 -0.1101289370  0.1484123525 1.0000000
51-6    1.562190e-02 -0.1491157683  0.1803595779 1.0000000
52-6    1.185696e-02 -0.1345498105  0.1582637299 1.0000000
53-6   -3.693810e-03 -0.1516959959  0.1443083769 1.0000000
54-6    5.163690e-02 -0.0785996611  0.1818734706 1.0000000
55-6    3.487363e-02 -0.0974922888  0.1672395415 1.0000000
56-6    7.368855e-02 -0.0549706072  0.2023477073 0.9990947
57-6    8.038528e-03 -0.1247108719  0.1407879282 1.0000000
58-6    5.373730e-02 -0.0746252591  0.1820998623 1.0000000
59-6    4.694906e-02 -0.0731583151  0.1670564324 1.0000000
60-6    4.663227e-02 -0.0653751846  0.1586397151 1.0000000
61-6    3.147437e-02 -0.0777082717  0.1406570030 1.0000000
62-6    3.387619e-02 -0.0786890693  0.1464414503 1.0000000
63-6    2.786071e-02 -0.0888945142  0.1446159274 1.0000000
64-6    4.477259e-02 -0.0784887990  0.1680339728 1.0000000
65-6    5.110574e-02 -0.0778560531  0.1800675249 1.0000000
66-6    5.816070e-02 -0.0770892597  0.1934106548 1.0000000
67-6    4.964848e-02 -0.0809238923  0.1802208515 1.0000000
68-6    3.019856e-02 -0.1029432692  0.1633403870 1.0000000
69-6    6.428992e-02 -0.0609249226  0.1895047545 0.9999809
70-6    5.101705e-02 -0.0764901574  0.1785242588 1.0000000
71-6    3.482894e-02 -0.0932428807  0.1629007562 1.0000000
72-6    3.187740e-02 -0.0986949766  0.1624497672 1.0000000
73-6    5.026063e-02 -0.0781019258  0.1786231957 1.0000000
74-6    5.011219e-02 -0.0834313307  0.1836557116 1.0000000
75-6    2.579158e-02 -0.1065743401  0.1581574902 1.0000000
76-6    4.546885e-02 -0.0782012986  0.1691390006 1.0000000
77-6    5.793255e-02 -0.0655315248  0.1813966330 0.9999996
78-6    5.749773e-02 -0.0624579712  0.1774534291 0.9999990
79-6    2.818286e-02 -0.0862052296  0.1425709438 1.0000000
80-6    5.152529e-02 -0.0600222138  0.1630727929 0.9999998
81-6    3.174461e-02 -0.0794779730  0.1429671960 1.0000000
82-6    2.037113e-02 -0.0941834390  0.1349257075 1.0000000
83-6    6.442882e-02 -0.0582439330  0.1871015771 0.9999541
84-6    3.355094e-02 -0.0923862007  0.1594880766 1.0000000
85-6    1.583463e-02 -0.1169147680  0.1485840321 1.0000000
86-6    3.567202e-02 -0.0910280469  0.1623720945 1.0000000
87-6    2.248802e-02 -0.1050191897  0.1499952265 1.0000000
88-6    4.381107e-02 -0.0857748470  0.1733969954 1.0000000
89-6    6.464175e-02 -0.0637208147  0.1930043068 0.9999913
90-6    5.028004e-02 -0.0744742501  0.1750343234 1.0000000
91-6    8.807937e-03 -0.1117676939  0.1293835669 1.0000000
92-6    9.305219e-02 -0.0326398318  0.2187442128 0.7965567
93-6    7.116485e-02 -0.0552761829  0.1976058834 0.9994790
94-6    8.759950e-02 -0.0319137706  0.2071127681 0.8200952
95-6    9.766702e-02 -0.0239092514  0.2192432990 0.5529313
96-6    1.085575e-01 -0.0101237876  0.2272387585 0.1750277
97-6    7.508890e-02 -0.0468415529  0.1970193576 0.9930682
98-6    5.990255e-02 -0.0635615248  0.1833666330 0.9999982
99-6    6.847283e-02 -0.0489597737  0.1859054433 0.9984451
100-6  -1.667109e-02 -0.1195738056  0.0862316197 1.0000000
8-7    -9.485485e-03 -0.1707500367  0.1517790676 1.0000000
9-7    -1.533640e-02 -0.1730954285  0.1424226278 1.0000000
10-7   -7.714584e-03 -0.1643983635  0.1489691952 1.0000000
11-7   -3.041162e-03 -0.1608001904  0.1547178659 1.0000000
12-7   -6.508722e-03 -0.1583988157  0.1453813722 1.0000000
13-7   -6.107725e-02 -0.2236142561  0.1014597512 1.0000000
14-7   -1.797331e-02 -0.1780196581  0.1420730479 1.0000000
15-7    1.125919e-02 -0.1487871581  0.1713055479 1.0000000
16-7   -1.075741e-01 -0.2774356289  0.0622875036 0.9863943
17-7   -3.559414e-02 -0.1874842324  0.1162959555 1.0000000
18-7    2.206360e-02 -0.1195052885  0.1636324878 1.0000000
19-7   -2.195173e-02 -0.1587509797  0.1148475202 1.0000000
20-7   -3.429035e-02 -0.1657751390  0.0971944379 1.0000000
21-7   -9.313326e-04 -0.1272302339  0.1253675687 1.0000000
22-7   -3.854831e-02 -0.1688808095  0.0917841993 1.0000000
23-7   -7.990493e-03 -0.1490234942  0.1330425091 1.0000000
24-7   -1.138262e-02 -0.1607890992  0.1380238616 1.0000000
25-7   -4.597772e-02 -0.2142297017  0.1222742680 1.0000000
26-7    2.294686e-02 -0.1503930624  0.1962867748 1.0000000
27-7    1.571884e-02 -0.1510013095  0.1824389850 1.0000000
28-7    4.754307e-02 -0.1296719415  0.2247580900 1.0000000
29-7    4.018064e-02 -0.1223563614  0.2027176460 1.0000000
30-7   -2.328402e-02 -0.2026081736  0.1560401349 1.0000000
31-7   -3.827635e-02 -0.1971552641  0.1206025563 1.0000000
32-7   -7.573815e-03 -0.1586068742  0.1434592436 1.0000000
33-7   -3.655664e-02 -0.2018170130  0.1287037362 1.0000000
34-7   -4.462462e-02 -0.1897521320  0.1005028902 1.0000000
35-7   -5.820631e-02 -0.2084120099  0.0919993997 1.0000000
36-7    8.082167e-04 -0.1528917999  0.1545082332 1.0000000
37-7   -6.919459e-03 -0.1555534016  0.1417144838 1.0000000
38-7   -5.131831e-02 -0.1945885608  0.0919519506 1.0000000
39-7   -2.912300e-02 -0.1628686536  0.1046226607 1.0000000
40-7   -7.462408e-03 -0.1322356853  0.1173108700 1.0000000
41-7   -3.642709e-02 -0.1588007387  0.0859465527 1.0000000
42-7   -2.924773e-02 -0.1610354618  0.1025400010 1.0000000
43-7   -1.987263e-02 -0.1562581109  0.1165128521 1.0000000
44-7    2.824307e-02 -0.1489719415  0.2054580900 1.0000000
45-7   -1.541775e-02 -0.1806781241  0.1498426251 1.0000000
46-7   -4.091914e-02 -0.2301062758  0.1482679990 1.0000000
47-7   -2.487988e-02 -0.1874168877  0.1376571196 1.0000000
48-7   -1.448831e-02 -0.1897118880  0.1607352779 1.0000000
49-7   -1.497762e-02 -0.1921926312  0.1622374003 1.0000000
50-7   -3.553279e-02 -0.1673205193  0.0962549436 1.0000000
51-7   -3.905259e-02 -0.2057727380  0.1276675564 1.0000000
52-7   -4.281754e-02 -0.1914514785  0.1058164068 1.0000000
53-7   -5.836831e-02 -0.2085740099  0.0918373997 1.0000000
54-7   -3.037591e-03 -0.1357729276  0.1296977460 1.0000000
55-7   -1.980087e-02 -0.1546260970  0.1150243586 1.0000000
56-7    1.901405e-02 -0.1121739225  0.1502020314 1.0000000
57-7   -4.663597e-02 -0.1818377047  0.0885657699 1.0000000
58-7   -9.371940e-04 -0.1318343046  0.1299599166 1.0000000
59-7   -7.725437e-03 -0.1305378458  0.1150869721 1.0000000
60-7   -8.042230e-03 -0.1229455609  0.1068611003 1.0000000
61-7   -2.320013e-02 -0.1353516117  0.0889513519 1.0000000
62-7   -2.079831e-02 -0.1362454544  0.0946488442 1.0000000
63-7   -2.681379e-02 -0.1463499263  0.0927223484 1.0000000
64-7   -9.901909e-03 -0.1358005815  0.1159967641 1.0000000
65-7   -3.568760e-03 -0.1350535480  0.1279160288 1.0000000
66-7    3.486202e-03 -0.1341715530  0.1411439569 1.0000000
67-7   -5.026016e-03 -0.1380908530  0.1280388211 1.0000000
68-7   -2.447594e-02 -0.1600630044  0.1111111311 1.0000000
69-7    9.615420e-03 -0.1181964036  0.1374272444 1.0000000
70-7   -3.657445e-03 -0.1337158728  0.1264009831 1.0000000
71-7   -1.984556e-02 -0.1504575681  0.1107664525 1.0000000
72-7   -2.279710e-02 -0.1558619373  0.1102677368 1.0000000
73-7   -4.413861e-03 -0.1353109712  0.1264832499 1.0000000
74-7   -4.562305e-03 -0.1405438428  0.1314192326 1.0000000
75-7   -2.888292e-02 -0.1637081483  0.1059423073 1.0000000
76-7   -9.205645e-03 -0.1355045458  0.1170932567 1.0000000
77-7    3.258059e-03 -0.1228390680  0.1293551851 1.0000000
78-7    2.823233e-03 -0.1198408468  0.1254873135 1.0000000
79-7   -2.649164e-02 -0.1437168104  0.0907335335 1.0000000
80-7   -3.149206e-03 -0.1176042280  0.1113058160 1.0000000
81-7   -2.292988e-02 -0.1370682644  0.0912084963 1.0000000
82-7   -3.430336e-02 -0.1516909961  0.0830842736 1.0000000
83-7    9.754326e-03 -0.1155681033  0.1350767563 1.0000000
84-7   -2.112356e-02 -0.1496430870  0.1073959718 1.0000000
85-7   -3.883986e-02 -0.1740416008  0.0963618738 1.0000000
86-7   -1.900247e-02 -0.1482696930  0.1102647495 1.0000000
87-7   -3.218648e-02 -0.1622449051  0.0978719508 1.0000000
88-7   -1.086342e-02 -0.1429604218  0.1212335791 1.0000000
89-7    9.967250e-03 -0.1209298601  0.1408643610 1.0000000
90-7   -4.394459e-03 -0.1317551225  0.1229662046 1.0000000
91-7   -4.586656e-02 -0.1691369497  0.0774038316 1.0000000
92-7    3.837769e-02 -0.0899016527  0.1666570426 1.0000000
93-7    1.649035e-02 -0.1125229835  0.1455036929 1.0000000
94-7    3.292500e-02 -0.0893064498  0.1551564562 1.0000000
95-7    4.299253e-02 -0.0812568068  0.1672418633 1.0000000
96-7    5.388299e-02 -0.0675350942  0.1753010739 1.0000000
97-7    2.041441e-02 -0.1041815100  0.1450103236 1.0000000
98-7    5.228059e-03 -0.1208690680  0.1313251851 1.0000000
99-7    1.379834e-02 -0.1063995148  0.1339961932 1.0000000
100-7  -7.134559e-02 -0.1773931006  0.0347019236 0.9523370
9-8    -5.850916e-03 -0.1796188935  0.1679170620 1.0000000
10-8    1.770900e-03 -0.1710214775  0.1745632783 1.0000000
11-8    6.444322e-03 -0.1673236555  0.1802123001 1.0000000
12-8    2.976763e-03 -0.1654809463  0.1714344720 1.0000000
13-8   -5.159177e-02 -0.2297087988  0.1265252630 1.0000000
14-8   -8.487821e-03 -0.1843350105  0.1673593695 1.0000000
15-8    2.074468e-02 -0.1551025105  0.1965918695 1.0000000
16-8   -9.808858e-02 -0.2829137680  0.0867366118 0.9999322
17-8   -2.610865e-02 -0.1945663630  0.1423490553 1.0000000
18-8    3.154908e-02 -0.1276650773  0.1907632458 1.0000000
19-8   -1.246625e-02 -0.1674547412  0.1425222509 1.0000000
20-8   -2.480487e-02 -0.1751233569  0.1255136250 1.0000000
21-8    8.554152e-03 -0.1372498658  0.1543581697 1.0000000
22-8   -2.906282e-02 -0.1783744438  0.1202488028 1.0000000
23-8    1.494992e-03 -0.1572428633  0.1602328473 1.0000000
24-8   -1.897134e-03 -0.1681189605  0.1643246920 1.0000000
25-8   -3.649223e-02 -0.2198392518  0.1468547872 1.0000000
26-8    3.243234e-02 -0.1555945896  0.2204592711 1.0000000
27-8    2.520432e-02 -0.1567379944  0.2071466391 1.0000000
28-8    5.702856e-02 -0.1345766628  0.2486337804 1.0000000
29-8    4.966613e-02 -0.1284509041  0.2277831578 1.0000000
30-8   -1.379853e-02 -0.2073561527  0.1797590831 1.0000000
31-8   -2.879087e-02 -0.2035761869  0.1459944483 1.0000000
32-8    1.911669e-03 -0.1657737028  0.1695970414 1.0000000
33-8   -2.707115e-02 -0.2076767754  0.1535344677 1.0000000
34-8   -3.513914e-02 -0.1975256925  0.1272474199 1.0000000
35-8   -4.872082e-02 -0.2156613874  0.1182197464 1.0000000
36-8    1.029370e-02 -0.1597977278  0.1803851302 1.0000000
37-8    2.566026e-03 -0.1629617607  0.1680938120 1.0000000
38-8   -4.183282e-02 -0.2025616770  0.1188960360 1.0000000
39-8   -1.963751e-02 -0.1719375445  0.1326625208 1.0000000
40-8    2.023077e-03 -0.1424614203  0.1465075742 1.0000000
41-8   -2.694161e-02 -0.1693589820  0.1154757652 1.0000000
42-8   -1.976225e-02 -0.1703457950  0.1308213034 1.0000000
43-8   -1.038714e-02 -0.1650105541  0.1442362644 1.0000000
44-8    3.772856e-02 -0.1538766628  0.2293337804 1.0000000
45-8   -5.932265e-03 -0.1865378865  0.1746733566 1.0000000
46-8   -3.143365e-02 -0.2341629613  0.1712956536 1.0000000
47-8   -1.539440e-02 -0.1935114304  0.1627226315 1.0000000
48-8   -5.002821e-03 -0.1947676833  0.1847620423 1.0000000
49-8   -5.492131e-03 -0.1970973525  0.1861130908 1.0000000
50-8   -2.604730e-02 -0.1766308525  0.1245362459 1.0000000
51-8   -2.956711e-02 -0.2115094230  0.1523752106 1.0000000
52-8   -3.333205e-02 -0.1988598377  0.1321957351 1.0000000
53-8   -4.888282e-02 -0.2158233874  0.1180577464 1.0000000
54-8    6.447894e-03 -0.1449656749  0.1578614625 1.0000000
55-8   -1.031538e-02 -0.1635643363  0.1429335671 1.0000000
56-8    2.849954e-02 -0.1215593975  0.1785584756 1.0000000
57-8   -3.715048e-02 -0.1907307840  0.1164298183 1.0000000
58-8    8.548291e-03 -0.1412564246  0.1583530058 1.0000000
59-8    1.760048e-03 -0.1410345143  0.1445546097 1.0000000
60-8    1.443254e-03 -0.1346088480  0.1374953565 1.0000000
61-8   -1.371465e-02 -0.1474507811  0.1200214904 1.0000000
62-8   -1.131282e-02 -0.1478245175  0.1251988765 1.0000000
63-8   -1.732830e-02 -0.1573150440  0.1226584353 1.0000000
64-8   -4.164241e-04 -0.1458738920  0.1450410437 1.0000000
65-8    5.916725e-03 -0.1444017660  0.1562352159 1.0000000
66-8    1.297169e-02 -0.1427750843  0.1687184574 1.0000000
67-8    4.459469e-03 -0.1472430363  0.1561619736 1.0000000
68-8   -1.499045e-02 -0.1689100807  0.1389291766 1.0000000
69-8    1.910090e-02 -0.1280155846  0.1662173945 1.0000000
70-8    5.828040e-03 -0.1432444052  0.1549004846 1.0000000
71-8   -1.036007e-02 -0.1599157364  0.1391955899 1.0000000
72-8   -1.331162e-02 -0.1650141206  0.1383908893 1.0000000
73-8    5.071624e-03 -0.1447330913  0.1548763391 1.0000000
74-8    4.923179e-03 -0.1493440489  0.1591904078 1.0000000
75-8   -1.939744e-02 -0.1726463876  0.1338515158 1.0000000
76-8    2.798400e-04 -0.1455241777  0.1460838578 1.0000000
77-8    1.274354e-02 -0.1328857275  0.1583728138 1.0000000
78-8    1.230872e-02 -0.1303582919  0.1549757278 1.0000000
79-8   -1.700615e-02 -0.1550247761  0.1210124684 1.0000000
80-8    6.336279e-03 -0.1293374153  0.1420099725 1.0000000
81-8   -1.344440e-02 -0.1488510795  0.1219622806 1.0000000
82-8   -2.481788e-02 -0.1629745123  0.1133387589 1.0000000
83-8    1.923981e-02 -0.1257191850  0.1641988071 1.0000000
84-8   -1.163807e-02 -0.1593698184  0.1360936723 1.0000000
85-8   -2.935438e-02 -0.1829346801  0.1242259222 1.0000000
86-8   -9.516987e-03 -0.1578996466  0.1388656723 1.0000000
87-8   -2.270099e-02 -0.1717734374  0.1263714523 1.0000000
88-8   -1.377937e-03 -0.1522322263  0.1494763527 1.0000000
89-8    1.945274e-02 -0.1303519802  0.1692574502 1.0000000
90-8    5.091026e-03 -0.1416336749  0.1518157262 1.0000000
91-8   -3.638107e-02 -0.1795697205  0.1068075715 1.0000000
92-8    4.786318e-02 -0.0996596668  0.1953860258 1.0000000
93-8    2.597584e-02 -0.1221856961  0.1741373747 1.0000000
94-8    4.241049e-02 -0.0998847238  0.1847056994 1.0000000
95-8    5.247801e-02 -0.0915542627  0.1965102883 1.0000000
96-8    6.336847e-02 -0.0782286663  0.2049656152 1.0000000
97-8    2.989989e-02 -0.1144314692  0.1742312519 1.0000000
98-8    1.471354e-02 -0.1309157275  0.1603428138 1.0000000
99-8    2.328382e-02 -0.1172683845  0.1638360320 1.0000000
100-8  -6.186010e-02 -0.1905204085  0.0668002006 0.9999988
10-9    7.621816e-03 -0.1619035832  0.1771472156 1.0000000
11-9    1.229524e-02 -0.1582244537  0.1828149299 1.0000000
12-9    8.827679e-03 -0.1562773031  0.1739326602 1.0000000
13-9   -4.574085e-02 -0.2206903645  0.1292086603 1.0000000
14-9   -2.636905e-03 -0.1752749348  0.1700011253 1.0000000
15-9    2.659560e-02 -0.1460424348  0.1992336253 1.0000000
16-9   -9.223766e-02 -0.2740122646  0.0895369399 0.9999881
17-9   -2.025774e-02 -0.1853627197  0.1448472435 1.0000000
18-9    3.740000e-02 -0.1182624695  0.1930624695 1.0000000
19-9   -6.615329e-03 -0.1579529952  0.1447223364 1.0000000
20-9   -1.895395e-02 -0.1655053197  0.1275974193 1.0000000
21-9    1.440507e-02 -0.1275120447  0.1563221801 1.0000000
22-9   -2.321190e-02 -0.1687303435  0.1223065340 1.0000000
23-9    7.345908e-03 -0.1478293541  0.1625211696 1.0000000
24-9    3.953782e-03 -0.1588692841  0.1667768472 1.0000000
25-9   -3.064132e-02 -0.2109127362  0.1496301031 1.0000000
26-9    3.828326e-02 -0.1467458809  0.2233123940 1.0000000
27-9    3.105524e-02 -0.1477873234  0.2098977996 1.0000000
28-9    6.287947e-02 -0.1257848202  0.2515437693 1.0000000
29-9    5.551704e-02 -0.1194324698  0.2304665550 1.0000000
30-9   -7.947619e-03 -0.1985944302  0.1826991921 1.0000000
31-9   -2.293995e-02 -0.1944962488  0.1486163417 1.0000000
32-9    7.762585e-03 -0.1565543015  0.1720794716 1.0000000
33-9   -2.122024e-02 -0.1987027604  0.1562622842 1.0000000
34-9   -2.928822e-02 -0.1881940065  0.1296175654 1.0000000
35-9   -4.286990e-02 -0.2064266474  0.1206868379 1.0000000
36-9    1.614462e-02 -0.1506269316  0.1829161655 1.0000000
37-9    8.416941e-03 -0.1536975343  0.1705314171 1.0000000
38-9   -3.598190e-02 -0.1931932927  0.1212294832 1.0000000
39-9   -1.378660e-02 -0.1623697551  0.1347965628 1.0000000
40-9    7.873993e-03 -0.1326871155  0.1484351009 1.0000000
41-9   -2.109069e-02 -0.1595261053  0.1173447200 1.0000000
42-9   -1.391133e-02 -0.1607345587  0.1329118986 1.0000000
43-9   -4.536229e-03 -0.1554999793  0.1464275211 1.0000000
44-9    4.357947e-02 -0.1450848202  0.2322437693 1.0000000
45-9   -8.134921e-05 -0.1775638715  0.1774011731 1.0000000
46-9   -2.558274e-02 -0.2255348005  0.1743693243 1.0000000
47-9   -9.543484e-03 -0.1844929961  0.1654060287 1.0000000
48-9    8.480952e-04 -0.1859468681  0.1876430586 1.0000000
49-9    3.587849e-04 -0.1883055099  0.1890230797 1.0000000
50-9   -2.019639e-02 -0.1670196162  0.1266268411 1.0000000
51-9   -2.371619e-02 -0.2025587520  0.1551263711 1.0000000
52-9   -2.748114e-02 -0.1895956113  0.1346333402 1.0000000
53-9   -4.303190e-02 -0.2065886474  0.1205248379 1.0000000
54-9    1.229881e-02 -0.1353755754  0.1599731945 1.0000000
55-9   -4.464469e-03 -0.1540201320  0.1450911943 1.0000000
56-9    3.435045e-02 -0.1119346765  0.1806355860 1.0000000
57-9   -3.129957e-02 -0.1811947441  0.1185956099 1.0000000
58-9    1.439921e-02 -0.1316251337  0.1604235464 1.0000000
59-9    7.610963e-03 -0.1312124572  0.1464343841 1.0000000
60-9    7.294170e-03 -0.1245839165  0.1391722565 1.0000000
61-9   -7.863730e-03 -0.1373512162  0.1216237570 1.0000000
62-9   -5.461905e-03 -0.1378140812  0.1268902716 1.0000000
63-9   -1.147739e-02 -0.1474109844  0.1244562071 1.0000000
64-9    5.434492e-03 -0.1361265557  0.1469955390 1.0000000
65-9    1.176764e-02 -0.1347837288  0.1583190102 1.0000000
66-9    1.882260e-02 -0.1332915385  0.1709367430 1.0000000
67-9    1.031038e-02 -0.1376602383  0.1582810071 1.0000000
68-9   -9.139536e-03 -0.1593823640  0.1411032913 1.0000000
69-9    2.495182e-02 -0.1183133763  0.1682170177 1.0000000
70-9    1.167896e-02 -0.1335940599  0.1569519708 1.0000000
71-9   -4.509158e-03 -0.1502779867  0.1412596717 1.0000000
72-9   -7.460700e-03 -0.1554313227  0.1405099228 1.0000000
73-9    1.092254e-02 -0.1351018003  0.1569468797 1.0000000
74-9    1.077410e-02 -0.1398248189  0.1613730093 1.0000000
75-9   -1.354652e-02 -0.1631021833  0.1360091430 1.0000000
76-9    6.130756e-03 -0.1357863566  0.1480478682 1.0000000
77-9    1.859446e-02 -0.1231431143  0.1603320321 1.0000000
78-9    1.815963e-02 -0.1205325827  0.1568518501 1.0000000
79-9   -1.115524e-02 -0.1450611575  0.1227506813 1.0000000
80-9    1.218719e-02 -0.1193004720  0.1436748606 1.0000000
81-9   -7.593484e-03 -0.1388056180  0.1236186506 1.0000000
82-9   -1.896696e-02 -0.1530151282  0.1150812063 1.0000000
83-9    2.509073e-02 -0.1159580794  0.1661395330 1.0000000
84-9   -5.787157e-03 -0.1496840779  0.1381097633 1.0000000
85-9   -2.350346e-02 -0.1733986402  0.1263917138 1.0000000
86-9   -3.666071e-03 -0.1482311737  0.1408990309 1.0000000
87-9   -1.685008e-02 -0.1621230922  0.1284229386 1.0000000
88-9    4.472979e-03 -0.1426279111  0.1515738690 1.0000000
89-9    2.530365e-02 -0.1207206892  0.1713279908 1.0000000
90-9    1.094194e-02 -0.1319209052  0.1538047880 1.0000000
91-9   -3.053016e-02 -0.1697589041  0.1086985866 1.0000000
92-9    5.371410e-02 -0.0899683510  0.1973965415 1.0000000
93-9    3.182676e-02 -0.1125113749  0.1761648850 1.0000000
94-9    4.826140e-02 -0.0900483302  0.1865711372 1.0000000
95-9    5.832893e-02 -0.0817672940  0.1984251511 1.0000000
96-9    6.921939e-02 -0.0683720538  0.2068108342 0.9999916
97-9    3.575081e-02 -0.1046528852  0.1761544994 1.0000000
98-9    2.056446e-02 -0.1211731143  0.1623020321 1.0000000
99-9    2.913474e-02 -0.1073811146  0.1656505936 1.0000000
100-9  -5.600919e-02 -0.1802473834  0.0682290071 0.9999999
11-10   4.673422e-03 -0.1648519775  0.1741988213 1.0000000
12-10   1.205862e-03 -0.1628720176  0.1652837424 1.0000000
13-10  -5.336267e-02 -0.2273432064  0.1206178698 1.0000000
14-10  -1.025872e-02 -0.1819147292  0.1613972873 1.0000000
15-10   1.897378e-02 -0.1526822292  0.1906297873 1.0000000
16-10  -9.985948e-02 -0.2807016798  0.0809827228 0.9997231
17-10  -2.787955e-02 -0.1919574343  0.1361983258 1.0000000
18-10   2.977818e-02 -0.1247944533  0.1843508210 1.0000000
19-10  -1.423715e-02 -0.1644536056  0.1359793144 1.0000000
20-10  -2.657577e-02 -0.1719690250  0.1188174923 1.0000000
21-10   6.783252e-03 -0.1339376159  0.1475041190 1.0000000
22-10  -3.083372e-02 -0.1751857621  0.1135183202 1.0000000
23-10  -2.759084e-04 -0.1543578919  0.1538060750 1.0000000
24-10  -3.668035e-03 -0.1654495121  0.1581134428 1.0000000
25-10  -3.826313e-02 -0.2175943360  0.1410680706 1.0000000
26-10   3.066144e-02 -0.1534517788  0.2147746595 1.0000000
27-10   2.343342e-02 -0.1544613716  0.2013282155 1.0000000
28-10   5.525766e-02 -0.1325084511  0.2430237679 1.0000000
29-10   4.789523e-02 -0.1260853117  0.2218757645 1.0000000
30-10  -1.556944e-02 -0.2053274452  0.1741885748 1.0000000
31-10  -3.056177e-02 -0.2011298153  0.1400062759 1.0000000
32-10   1.407689e-04 -0.1631440588  0.1634255965 1.0000000
33-10  -2.884205e-02 -0.2053695068  0.1476853982 1.0000000
34-10  -3.691004e-02 -0.1947483862  0.1209283127 1.0000000
35-10  -5.049172e-02 -0.2130115776  0.1120281358 1.0000000
36-10   8.522801e-03 -0.1572319734  0.1742775750 1.0000000
37-10   7.951252e-04 -0.1602731801  0.1618634306 1.0000000
38-10  -4.360372e-02 -0.1997360886  0.1125286468 1.0000000
39-10  -2.140841e-02 -0.1688494204  0.1260325958 1.0000000
40-10   2.521765e-04 -0.1391010469  0.1396054000 1.0000000
41-10  -2.871251e-02 -0.1659213250  0.1084963074 1.0000000
42-10  -2.153315e-02 -0.1672004254  0.1241341330 1.0000000
43-10  -1.215805e-02 -0.1619977917  0.1376817012 1.0000000
44-10   3.595766e-02 -0.1518084511  0.2237237679 1.0000000
45-10  -7.703165e-03 -0.1842306179  0.1688242871 1.0000000
46-10  -3.320455e-02 -0.2323093584  0.1659002499 1.0000000
47-10  -1.716530e-02 -0.1911458380  0.1568152382 1.0000000
48-10  -6.773721e-03 -0.1926614669  0.1791140250 1.0000000
49-10  -7.263031e-03 -0.1950291408  0.1805030782 1.0000000
50-10  -2.781820e-02 -0.1734854829  0.1178490755 1.0000000
51-10  -3.133801e-02 -0.2092328002  0.1465567869 1.0000000
52-10  -3.510295e-02 -0.1961712571  0.1259653537 1.0000000
53-10  -5.065372e-02 -0.2131735776  0.1118661358 1.0000000
54-10   4.676993e-03 -0.1418481571  0.1512021438 1.0000000
55-10  -1.208629e-02 -0.1605072813  0.1363347112 1.0000000
56-10   2.672864e-02 -0.1183962572  0.1718535344 1.0000000
57-10  -3.892138e-02 -0.1876844830  0.1098417165 1.0000000
58-10   6.777390e-03 -0.1380846257  0.1516394060 1.0000000
59-10  -1.085271e-05 -0.1376111356  0.1375894302 1.0000000
60-10  -3.276462e-04 -0.1309175595  0.1302622671 1.0000000
61-10  -1.548555e-02 -0.1436608356  0.1126897441 1.0000000
62-10  -1.308372e-02 -0.1441523837  0.1179849418 1.0000000
63-10  -1.909920e-02 -0.1537834214  0.1155850118 1.0000000
64-10  -2.187325e-03 -0.1425490924  0.1381744434 1.0000000
65-10   4.145825e-03 -0.1412474341  0.1495390832 1.0000000
66-10   1.120079e-02 -0.1397979144  0.1621994867 1.0000000
67-10   2.688568e-03 -0.1441351388  0.1495122752 1.0000000
68-10  -1.676135e-02 -0.1658747423  0.1323520373 1.0000000
69-10   1.733000e-02 -0.1247502982  0.1594103073 1.0000000
70-10   4.057139e-03 -0.1400474920  0.1481617706 1.0000000
71-10  -1.213097e-02 -0.1567354249  0.1324734775 1.0000000
72-10  -1.508252e-02 -0.1619062231  0.1317411909 1.0000000
73-10   3.300724e-03 -0.1415612923  0.1481627393 1.0000000
74-10   3.152279e-03 -0.1463198878  0.1526244460 1.0000000
75-10  -2.116834e-02 -0.1695893326  0.1272526599 1.0000000
76-10  -1.491060e-03 -0.1422119278  0.1392298071 1.0000000
77-10   1.097264e-02 -0.1295671574  0.1515124428 1.0000000
78-10   1.053782e-02 -0.1269300938  0.1480057288 1.0000000
79-10  -1.877705e-02 -0.1514144962  0.1138603877 1.0000000
80-10   4.565378e-03 -0.1256302521  0.1347610084 1.0000000
81-10  -1.521530e-02 -0.1451326580  0.1147020582 1.0000000
82-10  -2.658878e-02 -0.1593698258  0.1061922716 1.0000000
83-10   1.746891e-02 -0.1223762233  0.1573140446 1.0000000
84-10  -1.340897e-02 -0.1561262447  0.1293082978 1.0000000
85-10  -3.112528e-02 -0.1798883791  0.1176378204 1.0000000
86-10  -1.128789e-02 -0.1546788376  0.1321030624 1.0000000
87-10  -2.447189e-02 -0.1685765242  0.1196327383 1.0000000
88-10  -3.148837e-03 -0.1490959769  0.1427983025 1.0000000
89-10   1.768183e-02 -0.1271801812  0.1625438505 1.0000000
90-10   3.320125e-03 -0.1383544621  0.1449947126 1.0000000
91-10  -3.815197e-02 -0.1761611749  0.0998572251 1.0000000
92-10   4.609228e-02 -0.0964087424  0.1885933005 1.0000000
93-10   2.420494e-02 -0.1189571773  0.1673670550 1.0000000
94-10   4.063959e-02 -0.0964424253  0.1777215999 1.0000000
95-10   5.070711e-02 -0.0881771823  0.1895914071 1.0000000
96-10   6.159757e-02 -0.0747596818  0.1979548298 0.9999999
97-10   2.812899e-02 -0.1110654506  0.1673234325 1.0000000
98-10   1.294264e-02 -0.1275971574  0.1534824428 1.0000000
99-10   2.151292e-02 -0.1137589295  0.1567847762 1.0000000
100-10 -6.363100e-02 -0.1865009555  0.0592389468 0.9999733
12-11  -3.467560e-03 -0.1685725412  0.1616374221 1.0000000
13-11  -5.803609e-02 -0.2329856026  0.1169134222 1.0000000
14-11  -1.493214e-02 -0.1875701729  0.1577058872 1.0000000
15-11   1.430036e-02 -0.1583376729  0.1869383872 1.0000000
16-11  -1.045329e-01 -0.2863075026  0.0772417018 0.9989744
17-11  -3.255298e-02 -0.1976579578  0.1325520054 1.0000000
18-11   2.510476e-02 -0.1305577076  0.1807672314 1.0000000
19-11  -1.891057e-02 -0.1702482333  0.1324270983 1.0000000
20-11  -3.124919e-02 -0.1778005578  0.1153021812 1.0000000
21-11   2.109830e-03 -0.1398072827  0.1440269420 1.0000000
22-11  -3.550714e-02 -0.1810255816  0.1100112959 1.0000000
23-11  -4.949330e-03 -0.1601245922  0.1502259315 1.0000000
24-11  -8.341457e-03 -0.1711645222  0.1544816091 1.0000000
25-11  -4.293655e-02 -0.2232079743  0.1373348650 1.0000000
26-11   2.598802e-02 -0.1590411190  0.2110171559 1.0000000
27-11   1.876000e-02 -0.1600825615  0.1976025615 1.0000000
28-11   5.058424e-02 -0.1380800583  0.2392485312 1.0000000
29-11   4.322180e-02 -0.1317277079  0.2181713169 1.0000000
30-11  -2.024286e-02 -0.2108896683  0.1704039540 1.0000000
31-11  -3.523519e-02 -0.2067914868  0.1363211036 1.0000000
32-11  -4.532653e-03 -0.1688495396  0.1597842335 1.0000000
33-11  -3.351548e-02 -0.2109979985  0.1439670461 1.0000000
34-11  -4.158346e-02 -0.2004892446  0.1173223273 1.0000000
35-11  -5.516514e-02 -0.2187218855  0.1083915998 1.0000000
36-11   3.849379e-03 -0.1629221697  0.1706209274 1.0000000
37-11  -3.878297e-03 -0.1659927724  0.1582361790 1.0000000
38-11  -4.827714e-02 -0.2054885308  0.1089342451 1.0000000
39-11  -2.608183e-02 -0.1746649932  0.1225013247 1.0000000
40-11  -4.421245e-03 -0.1449823536  0.1361398628 1.0000000
41-11  -3.338593e-02 -0.1718213434  0.1050494820 1.0000000
42-11  -2.620657e-02 -0.1730297968  0.1206166605 1.0000000
43-11  -1.683147e-02 -0.1677952174  0.1341322830 1.0000000
44-11   3.128424e-02 -0.1573800583  0.2199485312 1.0000000
45-11  -1.237659e-02 -0.1898591096  0.1651059350 1.0000000
46-11  -3.787798e-02 -0.2378300386  0.1620740862 1.0000000
47-11  -2.183872e-02 -0.1967882342  0.1531107906 1.0000000
48-11  -1.144714e-02 -0.1982421062  0.1753478205 1.0000000
49-11  -1.193645e-02 -0.2006007480  0.1767278416 1.0000000
50-11  -3.249163e-02 -0.1793148543  0.1143316030 1.0000000
51-11  -3.601143e-02 -0.2148539901  0.1428311330 1.0000000
52-11  -3.977637e-02 -0.2018908494  0.1223381021 1.0000000
53-11  -5.532714e-02 -0.2188838855  0.1082295998 1.0000000
54-11   3.571429e-06 -0.1476708135  0.1476779564 1.0000000
55-11  -1.675971e-02 -0.1663153701  0.1327959562 1.0000000
56-11   2.205522e-02 -0.1242299145  0.1683403479 1.0000000
57-11  -4.359481e-02 -0.1934899822  0.1063003718 1.0000000
58-11   2.103968e-03 -0.1439203718  0.1481283083 1.0000000
59-11  -4.684275e-03 -0.1435076953  0.1341391460 1.0000000
60-11  -5.001068e-03 -0.1368791546  0.1268770184 1.0000000
61-11  -2.015897e-02 -0.1496464543  0.1093285189 1.0000000
62-11  -1.775714e-02 -0.1501093193  0.1145950336 1.0000000
63-11  -2.377263e-02 -0.1597062225  0.1121609690 1.0000000
64-11  -6.860746e-03 -0.1484217938  0.1347003009 1.0000000
65-11  -5.275974e-04 -0.1470789669  0.1460237721 1.0000000
66-11   6.527364e-03 -0.1455867766  0.1586415049 1.0000000
67-11  -1.984854e-03 -0.1499554764  0.1459857690 1.0000000
68-11  -2.143477e-02 -0.1716776021  0.1288080532 1.0000000
69-11   1.265658e-02 -0.1306086144  0.1559217796 1.0000000
70-11  -6.162826e-04 -0.1458892980  0.1446567327 1.0000000
71-11  -1.680440e-02 -0.1625732248  0.1289644336 1.0000000
72-11  -1.975594e-02 -0.1677265608  0.1282146847 1.0000000
73-11  -1.372698e-03 -0.1473970384  0.1446516416 1.0000000
74-11  -1.521143e-03 -0.1521200569  0.1490777712 1.0000000
75-11  -2.584176e-02 -0.1753974214  0.1237139049 1.0000000
76-11  -6.164482e-03 -0.1480815947  0.1357526301 1.0000000
77-11   6.299221e-03 -0.1354383524  0.1480367940 1.0000000
78-11   5.864396e-03 -0.1328278208  0.1445566120 1.0000000
79-11  -2.345048e-02 -0.1573563956  0.1104554433 1.0000000
80-11  -1.080438e-04 -0.1315957101  0.1313796225 1.0000000
81-11  -1.988872e-02 -0.1511008561  0.1113234125 1.0000000
82-11  -3.126220e-02 -0.1653103663  0.1027859682 1.0000000
83-11   1.279549e-02 -0.1282533175  0.1538442949 1.0000000
84-11  -1.808240e-02 -0.1619793160  0.1258145252 1.0000000
85-11  -3.579870e-02 -0.1856938783  0.1140964757 1.0000000
86-11  -1.596131e-02 -0.1605264118  0.1286037928 1.0000000
87-11  -2.914531e-02 -0.1744183303  0.1161277005 1.0000000
88-11  -7.822259e-03 -0.1549231492  0.1392786309 1.0000000
89-11   1.300841e-02 -0.1330159273  0.1590327527 1.0000000
90-11  -1.353297e-03 -0.1442161433  0.1415095499 1.0000000
91-11  -4.282540e-02 -0.1820541422  0.0964033485 1.0000000
92-11   4.141886e-02 -0.1022635891  0.1851013034 1.0000000
93-11   1.953152e-02 -0.1248066130  0.1638696469 1.0000000
94-11   3.596617e-02 -0.1023435683  0.1742758991 1.0000000
95-11   4.603369e-02 -0.0940625321  0.1861299130 1.0000000
96-11   5.692415e-02 -0.0806672919  0.1945155961 1.0000000
97-11   2.345557e-02 -0.1169481233  0.1638592613 1.0000000
98-11   8.269221e-03 -0.1334683524  0.1500067940 1.0000000
99-11   1.683950e-02 -0.1196763527  0.1533553555 1.0000000
100-11 -6.830443e-02 -0.1925426215  0.0559337690 0.9997613
13-12  -5.456853e-02 -0.2242447564  0.1151076950 1.0000000
14-12  -1.146458e-02 -0.1787564812  0.1558273145 1.0000000
15-12   1.776792e-02 -0.1495239812  0.1850598145 1.0000000
16-12  -1.010653e-01 -0.2777704503  0.0756397685 0.9991331
17-12  -2.908542e-02 -0.1885919828  0.1304211494 1.0000000
18-12   2.857232e-02 -0.1211390478  0.1782836907 1.0000000
19-12  -1.544301e-02 -0.1606524387  0.1297664227 1.0000000
20-12  -2.778163e-02 -0.1679957279  0.1124324703 1.0000000
21-12   5.577389e-03 -0.1297856651  0.1409404434 1.0000000
22-12  -3.203958e-02 -0.1711737118  0.1070945451 1.0000000
23-12  -1.481771e-03 -0.1506865012  0.1477229595 1.0000000
24-12  -4.873897e-03 -0.1620172723  0.1522694782 1.0000000
25-12  -3.946900e-02 -0.2146274217  0.1356894315 1.0000000
26-12   2.945558e-02 -0.1505957241  0.2095068800 1.0000000
27-12   2.222756e-02 -0.1514599515  0.1959150706 1.0000000
28-12   5.405180e-02 -0.1297331485  0.2378367404 1.0000000
29-12   4.668936e-02 -0.1229868616  0.2163655897 1.0000000
30-12  -1.677530e-02 -0.2025948237  0.1690442285 1.0000000
31-12  -3.176763e-02 -0.1979429976  0.1344077334 1.0000000
32-12  -1.065094e-03 -0.1597557639  0.1576255768 1.0000000
33-12  -3.004792e-02 -0.2023346991  0.1422388658 1.0000000
34-12  -3.811590e-02 -0.1911967225  0.1149649242 1.0000000
35-12  -5.169758e-02 -0.2096010277  0.1062058610 1.0000000
36-12   7.316938e-03 -0.1539140731  0.1685479499 1.0000000
37-12  -4.107372e-04 -0.1568197935  0.1559983192 1.0000000
38-12  -4.480958e-02 -0.1961307985  0.1065116319 1.0000000
39-12  -2.261427e-02 -0.1649506537  0.1197221043 1.0000000
40-12  -9.536859e-04 -0.1348943997  0.1329870279 1.0000000
41-12  -2.991837e-02 -0.1616265834  0.1017898410 1.0000000
42-12  -2.273901e-02 -0.1632372298  0.1177592125 1.0000000
43-12  -1.336391e-02 -0.1581836009  0.1314557856 1.0000000
44-12   3.475180e-02 -0.1490331485  0.2185367404 1.0000000
45-12  -8.909028e-03 -0.1811958102  0.1633777546 1.0000000
46-12  -3.441042e-02 -0.2297652654  0.1609444321 1.0000000
47-12  -1.837116e-02 -0.1880473879  0.1513050634 1.0000000
48-12  -7.979583e-03 -0.1898450501  0.1738858835 1.0000000
49-12  -8.468894e-03 -0.1922538381  0.1753160508 1.0000000
50-12  -2.902407e-02 -0.1695222872  0.1114741550 1.0000000
51-12  -3.254387e-02 -0.2062313801  0.1411436420 1.0000000
52-12  -3.630881e-02 -0.1927178705  0.1201002423 1.0000000
53-12  -5.185958e-02 -0.2097630277  0.1060438610 1.0000000
54-12   3.471131e-03 -0.1379163283  0.1448585902 1.0000000
55-12  -1.329215e-02 -0.1566434155  0.1300591206 1.0000000
56-12   2.552278e-02 -0.1144130280  0.1654585804 1.0000000
57-12  -4.012725e-02 -0.1838326866  0.1035781953 1.0000000
58-12   5.571528e-03 -0.1340916297  0.1452346852 1.0000000
59-12  -1.216715e-03 -0.1333326936  0.1308992634 1.0000000
60-12  -1.533509e-03 -0.1263314227  0.1232644056 1.0000000
61-12  -1.669141e-02 -0.1389603693  0.1055775530 1.0000000
62-12  -1.428958e-02 -0.1395883793  0.1110092126 1.0000000
63-12  -2.030507e-02 -0.1493811383  0.1087710039 1.0000000
64-12  -3.393187e-03 -0.1383828895  0.1315965156 1.0000000
65-12   2.939962e-03 -0.1372741369  0.1431540612 1.0000000
66-12   9.994924e-03 -0.1360235734  0.1560134208 1.0000000
67-12   1.482706e-03 -0.1402141356  0.1431795472 1.0000000
68-12  -1.796721e-02 -0.1620352438  0.1261008139 1.0000000
69-12   1.612414e-02 -0.1206516099  0.1528998942 1.0000000
70-12   2.851277e-03 -0.1360261463  0.1417287001 1.0000000
71-12  -1.333684e-02 -0.1527328232  0.1260591510 1.0000000
72-12  -1.628838e-02 -0.1579852199  0.1254084629 1.0000000
73-12   2.094861e-03 -0.1375682963  0.1417580186 1.0000000
74-12   1.946417e-03 -0.1424929221  0.1463857555 1.0000000
75-12  -2.237420e-02 -0.1657254667  0.1209770693 1.0000000
76-12  -2.696923e-03 -0.1380599770  0.1326661315 1.0000000
77-12   9.766780e-03 -0.1254080299  0.1449415905 1.0000000
78-12   9.331955e-03 -0.1226461512  0.1413100615 1.0000000
79-12  -1.998292e-02 -0.1469218190  0.1069559857 1.0000000
80-12   3.359516e-03 -0.1210257569  0.1277447884 1.0000000
81-12  -1.642116e-02 -0.1405151341  0.1076728096 1.0000000
82-12  -2.779464e-02 -0.1548835879  0.0992943089 1.0000000
83-12   1.626305e-02 -0.1181893797  0.1507154762 1.0000000
84-12  -1.461484e-02 -0.1520521432  0.1228224714 1.0000000
85-12  -3.233114e-02 -0.1760365827  0.1113742992 1.0000000
86-12  -1.249375e-02 -0.1506304883  0.1256429883 1.0000000
87-12  -2.567776e-02 -0.1645551786  0.1131996678 1.0000000
88-12  -4.354700e-03 -0.1451430568  0.1364336575 1.0000000
89-12   1.647597e-02 -0.1231871852  0.1561391297 1.0000000
90-12   2.114263e-03 -0.1342399913  0.1384685169 1.0000000
91-12  -3.935784e-02 -0.1718996541  0.0931839795 1.0000000
92-12   4.488642e-02 -0.0923263197  0.1820991530 1.0000000
93-12   2.299908e-02 -0.1149001092  0.1608982622 1.0000000
94-12   3.943372e-02 -0.0921423827  0.1710098326 1.0000000
95-12   4.950125e-02 -0.0839515178  0.1829540178 1.0000000
96-12   6.039171e-02 -0.0704291396  0.1912125629 0.9999998
97-12   2.692313e-02 -0.1068523792  0.1606986363 1.0000000
98-12   1.173678e-02 -0.1234380299  0.1469115905 1.0000000
99-12   2.030706e-02 -0.1093820600  0.1499961819 1.0000000
100-12 -6.483687e-02 -0.1815322772  0.0518585437 0.9996592
14-13   4.310395e-02 -0.1339108995  0.2201187942 1.0000000
15-13   7.233645e-02 -0.1046783995  0.2493512942 1.0000000
16-13  -4.649681e-02 -0.2324332849  0.1394396644 1.0000000
17-13   2.548311e-02 -0.1441931116  0.1951593397 1.0000000
18-13   8.314085e-02 -0.0773620170  0.2436437213 0.9999730
19-13   3.912552e-02 -0.1171865232  0.1954375686 1.0000000
20-13   2.678690e-02 -0.1248958938  0.1784696976 1.0000000
21-13   6.014592e-02 -0.0870642475  0.2073560872 1.0000000
22-13   2.252895e-02 -0.1281560971  0.1732139918 1.0000000
23-13   5.308676e-02 -0.1069436387  0.2131171585 1.0000000
24-13   4.969463e-02 -0.1177619795  0.2171512468 1.0000000
25-13   1.509954e-02 -0.1693676738  0.1995667450 1.0000000
26-13   8.402411e-02 -0.1050952936  0.2731435109 1.0000000
27-13   7.679609e-02 -0.1062750118  0.2598671923 1.0000000
28-13   1.086203e-01 -0.0840570792  0.3012977325 0.9994511
29-13   1.012579e-01 -0.0780120093  0.2805277987 0.9994158
30-13   3.779323e-02 -0.1568258133  0.2324122794 1.0000000
31-13   2.280090e-02 -0.1531591225  0.1987609197 1.0000000
32-13   5.350344e-02 -0.1154060232  0.2224128975 1.0000000
33-13   2.452061e-02 -0.1572220951  0.2062633232 1.0000000
34-13   1.645263e-02 -0.1471976523  0.1801029154 1.0000000
35-13   2.870947e-03 -0.1652991292  0.1710410240 1.0000000
36-13   6.188547e-02 -0.1094128555  0.2331837937 1.0000000
37-13   5.415779e-02 -0.1126099187  0.2209255057 1.0000000
38-13   9.758947e-03 -0.1522465682  0.1717644630 1.0000000
39-13   3.195426e-02 -0.1216924873  0.1856009993 1.0000000
40-13   5.361484e-02 -0.0922885195  0.1995182091 1.0000000
41-13   2.465016e-02 -0.1192064708  0.1685067898 1.0000000
42-13   3.182952e-02 -0.1201159519  0.1837749961 1.0000000
43-13   4.120462e-02 -0.1147454346  0.1971546807 1.0000000
44-13   8.932033e-02 -0.1033570792  0.2819977325 0.9999998
45-13   4.565950e-02 -0.1360832062  0.2274022121 1.0000000
46-13   2.015811e-02 -0.1835848463  0.2239010743 1.0000000
47-13   3.619737e-02 -0.1430725356  0.2154672724 1.0000000
48-13   4.658895e-02 -0.1442584392  0.2374363339 1.0000000
49-13   4.609964e-02 -0.1465777688  0.2387770429 1.0000000
50-13   2.554446e-02 -0.1264010094  0.1774899386 1.0000000
51-13   2.202466e-02 -0.1610464404  0.2050957637 1.0000000
52-13   1.825972e-02 -0.1485079956  0.1850274288 1.0000000
53-13   2.708947e-03 -0.1654611292  0.1708790240 1.0000000
54-13   5.803966e-02 -0.0947284324  0.2108077557 1.0000000
55-13   4.127638e-02 -0.1133110126  0.1958637792 1.0000000
56-13   8.009131e-02 -0.0713342729  0.2315168867 0.9999402
57-13   1.444129e-02 -0.1404745976  0.1693571676 1.0000000
58-13   6.014006e-02 -0.0910335982  0.2113137152 1.0000000
59-13   5.335182e-02 -0.0908782392  0.1975818704 1.0000000
60-13   5.303502e-02 -0.0845229522  0.1905929965 1.0000000
61-13   3.787712e-02 -0.0973906703  0.1731449154 1.0000000
62-13   4.027895e-02 -0.0977336071  0.1782915019 1.0000000
63-13   3.426346e-02 -0.1071872666  0.1757141936 1.0000000
64-13   5.117534e-02 -0.0956915917  0.1980422792 1.0000000
65-13   5.750849e-02 -0.0941743028  0.2091912885 1.0000000
66-13   6.456345e-02 -0.0925004765  0.2216273854 1.0000000
67-13   5.605124e-02 -0.0970032367  0.2091057098 1.0000000
68-13   3.660132e-02 -0.1186509752  0.1918536068 1.0000000
69-13   7.069267e-02 -0.0778175398  0.2192028855 0.9999992
70-13   5.741981e-02 -0.0930282419  0.2078678571 1.0000000
71-13   4.123169e-02 -0.1096951690  0.1921585582 1.0000000
72-13   3.828015e-02 -0.1147743211  0.1913346254 1.0000000
73-13   5.666339e-02 -0.0945102649  0.2078370485 1.0000000
74-13   5.651495e-02 -0.0990819662  0.2121118610 1.0000000
75-13   3.219433e-02 -0.1223930639  0.1867817279 1.0000000
76-13   5.187161e-02 -0.0953385595  0.1990817753 1.0000000
77-13   6.433531e-02 -0.0827017804  0.2113724024 1.0000000
78-13   6.390049e-02 -0.0802032875  0.2080042591 1.0000000
79-13   3.458561e-02 -0.1049176542  0.1740888823 1.0000000
80-13   5.792805e-02 -0.0792556733  0.1951117663 1.0000000
81-13   3.814737e-02 -0.0987722824  0.1750670192 1.0000000
82-13   2.677389e-02 -0.1128659231  0.1664137055 1.0000000
83-13   7.083158e-02 -0.0755416847  0.2172048426 0.9999984
84-13   3.995369e-02 -0.1091660234  0.1890734131 1.0000000
85-13   2.223739e-02 -0.1326784937  0.1771532715 1.0000000
86-13   4.207478e-02 -0.1076898192  0.1918393806 1.0000000
87-13   2.889078e-02 -0.1215572742  0.1793388248 1.0000000
88-13   5.021383e-02 -0.1019999608  0.2024276230 1.0000000
89-13   7.104450e-02 -0.0801291538  0.2222181596 0.9999996
90-13   5.668279e-02 -0.0914393167  0.2048049037 1.0000000
91-13   1.521069e-02 -0.1294095338  0.1598309206 1.0000000
92-13   9.945495e-02 -0.0494578189  0.2483677136 0.9584405
93-13   7.756761e-02 -0.0719779121  0.2271131265 0.9999716
94-13   9.400226e-02 -0.0497334359  0.2377379472 0.9725807
95-13   1.040698e-01 -0.0413857732  0.2495253346 0.8698921
96-13   1.149602e-01 -0.0280844082  0.2580048929 0.5515771
97-13   8.149166e-02 -0.0642600591  0.2272433776 0.9995803
98-13   6.630531e-02 -0.0807317804  0.2133424024 0.9999999
99-13   7.487559e-02 -0.0671347777  0.2168859611 0.9999469
100-13 -1.026834e-02 -0.1405199992  0.1199833271 1.0000000
15-14   2.923250e-02 -0.1454981886  0.2039631886 1.0000000
16-14  -8.960076e-02 -0.2733640024  0.0941624872 0.9999978
17-14  -1.762083e-02 -0.1849127312  0.1496710645 1.0000000
18-14   4.003690e-02 -0.1179432476  0.1980170571 1.0000000
19-14  -3.978425e-03 -0.1576989933  0.1497421440 1.0000000
20-14  -1.631705e-02 -0.1653278774  0.1326937865 1.0000000
21-14   1.704197e-02 -0.1274135256  0.1614974705 1.0000000
22-14  -2.057500e-02 -0.1685700680  0.1274200680 1.0000000
23-14   9.982813e-03 -0.1475173018  0.1674829268 1.0000000
24-14   6.590686e-03 -0.1584495356  0.1716309082 1.0000000
25-14  -2.800441e-02 -0.2102808745  0.1542720510 1.0000000
26-14   4.092016e-02 -0.1460630087  0.2279033312 1.0000000
27-14   3.369214e-02 -0.1471713027  0.2145555884 1.0000000
28-14   6.551638e-02 -0.1250646802  0.2560974389 1.0000000
29-14   5.815395e-02 -0.1188608995  0.2351687942 1.0000000
30-14  -5.310714e-03 -0.1978545554  0.1872331268 1.0000000
31-14  -2.030305e-02 -0.1939650382  0.1533589406 1.0000000
32-14   1.039949e-02 -0.1561146637  0.1769136433 1.0000000
33-14  -1.858333e-02 -0.1981020506  0.1609353840 1.0000000
34-14  -2.665132e-02 -0.1878281533  0.1345255217 1.0000000
35-14  -4.023300e-02 -0.2059970860  0.1255310860 1.0000000
36-14   1.878152e-02 -0.1501553704  0.1877184139 1.0000000
37-14   1.105385e-02 -0.1532873458  0.1753950381 1.0000000
38-14  -3.334500e-02 -0.1928515661  0.1261615661 1.0000000
39-14  -1.114969e-02 -0.1621592250  0.1398598423 1.0000000
40-14   1.051090e-02 -0.1326126480  0.1536344429 1.0000000
41-14  -1.845379e-02 -0.1594902641  0.1225826883 1.0000000
42-14  -1.127443e-02 -0.1605526374  0.1380037868 1.0000000
43-14  -1.899324e-03 -0.1552517876  0.1514531390 1.0000000
44-14   4.621638e-02 -0.1443646802  0.2367974389 1.0000000
45-14   2.555556e-03 -0.1769631617  0.1820742729 1.0000000
46-14  -2.294583e-02 -0.2247074536  0.1788157869 1.0000000
47-14  -6.906579e-03 -0.1839214258  0.1701082679 1.0000000
48-14   3.485000e-03 -0.1852457142  0.1922157142 1.0000000
49-14   2.995690e-03 -0.1875853699  0.1935767492 1.0000000
50-14  -1.755948e-02 -0.1668376948  0.1317187293 1.0000000
51-14  -2.107929e-02 -0.2019427313  0.1597841599 1.0000000
52-14  -2.484423e-02 -0.1891854227  0.1394969612 1.0000000
53-14  -4.039500e-02 -0.2061590860  0.1253690860 1.0000000
54-14   1.493571e-02 -0.1351797349  0.1650511635 1.0000000
55-14  -1.827564e-03 -0.1537940752  0.1501389470 1.0000000
56-14   3.698736e-02 -0.1117616363  0.1857363554 1.0000000
57-14  -2.866266e-02 -0.1809633131  0.1236379884 1.0000000
58-14   1.703611e-02 -0.1314564207  0.1655286429 1.0000000
59-14   1.024787e-02 -0.1311694795  0.1516652160 1.0000000
60-14   9.931075e-03 -0.1246748457  0.1445369953 1.0000000
61-14  -5.226825e-03 -0.1374914585  0.1270378088 1.0000000
62-14  -2.825000e-03 -0.1378954362  0.1322454362 1.0000000
63-14  -8.840484e-03 -0.1474221082  0.1297411404 1.0000000
64-14   8.071396e-03 -0.1360343088  0.1521771016 1.0000000
65-14   1.440455e-02 -0.1346062865  0.1634153774 1.0000000
66-14   2.145951e-02 -0.1330255600  0.1759445741 1.0000000
67-14   1.294729e-02 -0.1374595901  0.1633541684 1.0000000
68-14  -6.502632e-03 -0.1591454545  0.1461401914 1.0000000
69-14   2.758873e-02 -0.1181913857  0.1733688366 1.0000000
70-14   1.431586e-02 -0.1334378982  0.1620696187 1.0000000
71-14  -1.872253e-03 -0.1501135280  0.1463690225 1.0000000
72-14  -4.823795e-03 -0.1552306744  0.1455830840 1.0000000
73-14   1.355944e-02 -0.1349330874  0.1620519763 1.0000000
74-14   1.341100e-02 -0.1395823236  0.1664043236 1.0000000
75-14  -1.090962e-02 -0.1628761265  0.1410568958 1.0000000
76-14   8.767661e-03 -0.1356878375  0.1532231586 1.0000000
77-14   2.123136e-02 -0.1230477540  0.1655104813 1.0000000
78-14   2.079654e-02 -0.1204920139  0.1620850908 1.0000000
79-14  -8.518333e-03 -0.1451115960  0.1280749293 1.0000000
80-14   1.482410e-02 -0.1193993360  0.1490475342 1.0000000
81-14  -4.956579e-03 -0.1389101094  0.1289969515 1.0000000
82-14  -1.633006e-02 -0.1530627709  0.1204026585 1.0000000
83-14   2.772763e-02 -0.1158749097  0.1713301728 1.0000000
84-14  -3.150253e-03 -0.1495512358  0.1432507307 1.0000000
85-14  -2.086656e-02 -0.1731672092  0.1314340923 1.0000000
86-14  -1.029167e-03 -0.1480869544  0.1460286211 1.0000000
87-14  -1.421317e-02 -0.1619669305  0.1335405864 1.0000000
88-14   7.109884e-03 -0.1424414318  0.1566611992 1.0000000
89-14   2.794056e-02 -0.1205519763  0.1764330874 1.0000000
90-14   1.357885e-02 -0.1318058748  0.1589635671 1.0000000
91-14  -2.789325e-02 -0.1697085129  0.1139220049 1.0000000
92-14   5.635100e-02 -0.0898391826  0.2025411826 1.0000000
93-14   3.446366e-02 -0.1123710087  0.1812983283 1.0000000
94-14   5.089831e-02 -0.0900148088  0.1918114253 1.0000000
95-14   6.096583e-02 -0.0817011765  0.2036328432 1.0000000
96-14   7.185629e-02 -0.0683518702  0.2120644602 0.9999823
97-14   3.838771e-02 -0.1045812391  0.1813566628 1.0000000
98-14   2.320136e-02 -0.1210777540  0.1674804813 1.0000000
99-14   3.177164e-02 -0.1073811586  0.1709244472 1.0000000
100-14 -5.337228e-02 -0.1805023478  0.0737577810 1.0000000
16-15  -1.188333e-01 -0.3025965024  0.0649299872 0.9783607
17-15  -4.685333e-02 -0.2141452312  0.1204385645 1.0000000
18-15   1.080440e-02 -0.1471757476  0.1687845571 1.0000000
19-15  -3.321092e-02 -0.1869314933  0.1205096440 1.0000000
20-15  -4.554955e-02 -0.1945603774  0.1034612865 1.0000000
21-15  -1.219053e-02 -0.1566460256  0.1322649705 1.0000000
22-15  -4.980750e-02 -0.1978025680  0.0981875680 1.0000000
23-15  -1.924969e-02 -0.1767498018  0.1382504268 1.0000000
24-15  -2.264181e-02 -0.1876820356  0.1423984082 1.0000000
25-15  -5.723691e-02 -0.2395133745  0.1250395510 1.0000000
26-15   1.168766e-02 -0.1752955087  0.1986708312 1.0000000
27-15   4.459643e-03 -0.1764038027  0.1853230884 1.0000000
28-15   3.628388e-02 -0.1542971802  0.2268649389 1.0000000
29-15   2.892145e-02 -0.1480933995  0.2059362942 1.0000000
30-15  -3.454321e-02 -0.2270870554  0.1580006268 1.0000000
31-15  -4.953555e-02 -0.2231975382  0.1241264406 1.0000000
32-15  -1.883301e-02 -0.1853471637  0.1476811433 1.0000000
33-15  -4.781583e-02 -0.2273345506  0.1317028840 1.0000000
34-15  -5.588382e-02 -0.2170606533  0.1052930217 1.0000000
35-15  -6.946550e-02 -0.2352295860  0.0962985860 1.0000000
36-15  -1.045098e-02 -0.1793878704  0.1584859139 1.0000000
37-15  -1.817865e-02 -0.1825198458  0.1461625381 1.0000000
38-15  -6.257750e-02 -0.2220840661  0.0969290661 1.0000000
39-15  -4.038219e-02 -0.1913917250  0.1106273423 1.0000000
40-15  -1.872160e-02 -0.1618451480  0.1244019429 1.0000000
41-15  -4.768629e-02 -0.1887227641  0.0933501883 1.0000000
42-15  -4.050693e-02 -0.1897851374  0.1087712868 1.0000000
43-15  -3.113182e-02 -0.1844842876  0.1222206390 1.0000000
44-15   1.698388e-02 -0.1735971802  0.2075649389 1.0000000
45-15  -2.667694e-02 -0.2061956617  0.1528417729 1.0000000
46-15  -5.217833e-02 -0.2539399536  0.1495832869 1.0000000
47-15  -3.613908e-02 -0.2131539258  0.1408757679 1.0000000
48-15  -2.574750e-02 -0.2144782142  0.1629832142 1.0000000
49-15  -2.623681e-02 -0.2168178699  0.1643442492 1.0000000
50-15  -4.679198e-02 -0.1960701948  0.1024862293 1.0000000
51-15  -5.031179e-02 -0.2311752313  0.1305516599 1.0000000
52-15  -5.407673e-02 -0.2184179227  0.1102644612 1.0000000
53-15  -6.962750e-02 -0.2353915860  0.0961365860 1.0000000
54-15  -1.429679e-02 -0.1644122349  0.1358186635 1.0000000
55-15  -3.106006e-02 -0.1830265752  0.1209064470 1.0000000
56-15   7.754860e-03 -0.1409941363  0.1565038554 1.0000000
57-15  -5.789516e-02 -0.2101958131  0.0944054884 1.0000000
58-15  -1.219639e-02 -0.1606889207  0.1362961429 1.0000000
59-15  -1.898463e-02 -0.1604019795  0.1224327160 1.0000000
60-15  -1.930143e-02 -0.1539073457  0.1153044953 1.0000000
61-15  -3.445932e-02 -0.1667239585  0.0978053088 1.0000000
62-15  -3.205750e-02 -0.1671279362  0.1030129362 1.0000000
63-15  -3.807298e-02 -0.1766546082  0.1005086404 1.0000000
64-15  -2.116110e-02 -0.1652668088  0.1229446016 1.0000000
65-15  -1.482795e-02 -0.1638387865  0.1341828774 1.0000000
66-15  -7.772993e-03 -0.1622580600  0.1467120741 1.0000000
67-15  -1.628521e-02 -0.1666920901  0.1341216684 1.0000000
68-15  -3.573513e-02 -0.1883779545  0.1169076914 1.0000000
69-15  -1.643775e-03 -0.1474238857  0.1441363366 1.0000000
70-15  -1.491664e-02 -0.1626703982  0.1328371187 1.0000000
71-15  -3.110475e-02 -0.1793460280  0.1171365225 1.0000000
72-15  -3.405630e-02 -0.1844631744  0.1163505840 1.0000000
73-15  -1.567306e-02 -0.1641655874  0.1328194763 1.0000000
74-15  -1.582150e-02 -0.1688148236  0.1371718236 1.0000000
75-15  -4.014212e-02 -0.1921086265  0.1118243958 1.0000000
76-15  -2.046484e-02 -0.1649203375  0.1239906586 1.0000000
77-15  -8.001136e-03 -0.1522802540  0.1362779813 1.0000000
78-15  -8.435962e-03 -0.1497245139  0.1328525908 1.0000000
79-15  -3.775083e-02 -0.1743440960  0.0988424293 1.0000000
80-15  -1.440840e-02 -0.1486318360  0.1198150342 1.0000000
81-15  -3.418908e-02 -0.1681426094  0.0997644515 1.0000000
82-15  -4.556256e-02 -0.1822952709  0.0911701585 1.0000000
83-15  -1.504868e-03 -0.1451074097  0.1420976728 1.0000000
84-15  -3.238275e-02 -0.1787837358  0.1140182307 1.0000000
85-15  -5.009906e-02 -0.2023997092  0.1022015923 1.0000000
86-15  -3.026167e-02 -0.1773194544  0.1167961211 1.0000000
87-15  -4.344567e-02 -0.1911994305  0.1043080864 1.0000000
88-15  -2.212262e-02 -0.1716739318  0.1274286992 1.0000000
89-15  -1.291944e-03 -0.1497844763  0.1472005874 1.0000000
90-15  -1.565365e-02 -0.1610383748  0.1297310671 1.0000000
91-15  -5.712575e-02 -0.1989410129  0.0846895049 1.0000000
92-15   2.711850e-02 -0.1190716826  0.1733086826 1.0000000
93-15   5.231160e-03 -0.1416035087  0.1520658283 1.0000000
94-15   2.166581e-02 -0.1192473088  0.1625789253 1.0000000
95-15   3.173333e-02 -0.1109336765  0.1744003432 1.0000000
96-15   4.262379e-02 -0.0975843702  0.1828319602 1.0000000
97-15   9.155212e-03 -0.1338137391  0.1521241628 1.0000000
98-15  -6.031136e-03 -0.1503102540  0.1382479813 1.0000000
99-15   2.539144e-03 -0.1366136586  0.1416919472 1.0000000
100-15 -8.260478e-02 -0.2097348478  0.0445252810 0.9760451
17-16   7.197992e-02 -0.1047251851  0.2486850336 1.0000000
18-16   1.296377e-01 -0.0382785225  0.2975538472 0.6806127
19-16   8.562233e-02 -0.0782926750  0.2495373408 0.9999627
20-16   7.328371e-02 -0.0862228540  0.2327902782 0.9999999
21-16   1.066427e-01 -0.0486167544  0.2619022145 0.9311320
22-16   6.902576e-02 -0.0895322972  0.2275838124 1.0000000
23-16   9.958357e-02 -0.0678810608  0.2670482010 0.9972649
24-16   9.619144e-02 -0.0783834439  0.2707663316 0.9997426
25-16   6.159635e-02 -0.1293560709  0.2525487625 1.0000000
26-16   1.305209e-01 -0.0649293879  0.3259712257 0.9585327
27-16   1.232929e-01 -0.0663111674  0.3128969683 0.9756549
28-16   1.551171e-01 -0.0437779532  0.3540122269 0.6492491
29-16   1.477547e-01 -0.0381817697  0.3336911796 0.5888685
30-16   8.429004e-02 -0.1164865672  0.2850666538 1.0000000
31-16   6.929771e-02 -0.1134496664  0.2520450840 1.0000000
32-16   1.000002e-01 -0.0759687269  0.2759692217 0.9992910
33-16   7.101742e-02 -0.1173043388  0.2593391873 1.0000000
34-16   6.294944e-02 -0.1079777050  0.2338765886 1.0000000
35-16   4.936776e-02 -0.1258916182  0.2246271333 1.0000000
36-16   1.083823e-01 -0.0698809814  0.2866455401 0.9950136
37-16   1.006546e-01 -0.0732595819  0.2745687894 0.9987544
38-16   5.625576e-02 -0.1130973092  0.2256088243 1.0000000
39-16   7.845107e-02 -0.0829242598  0.2398263922 0.9999981
40-16   1.001117e-01 -0.0539093366  0.2541326466 0.9758728
41-16   7.114697e-02 -0.0809365738  0.2232305132 0.9999997
42-16   7.832633e-02 -0.0814300485  0.2380827131 0.9999972
43-16   8.770143e-02 -0.0758684130  0.2512712795 0.9999013
44-16   1.358171e-01 -0.0630779532  0.3347122269 0.9377342
45-16   9.215631e-02 -0.0961654500  0.2804780762 0.9999974
46-16   6.665492e-02 -0.1429777736  0.2762876221 1.0000000
47-16   8.269418e-02 -0.1032422960  0.2686306533 1.0000000
48-16   9.308576e-02 -0.1040370444  0.2902085596 0.9999995
49-16   9.259645e-02 -0.1062986428  0.2914915373 0.9999997
50-16   7.204127e-02 -0.0877151059  0.2317976556 0.9999999
51-16   6.852147e-02 -0.1210825960  0.2581255397 1.0000000
52-16   6.475653e-02 -0.1091576588  0.2386707124 1.0000000
53-16   4.920576e-02 -0.1260536182  0.2244651333 1.0000000
54-16   1.045365e-01 -0.0560025100  0.2650754537 0.9749433
55-16   8.777319e-02 -0.0744979903  0.2500443773 0.9998648
56-16   1.265881e-01 -0.0326738694  0.2858501036 0.5880818
57-16   6.093810e-02 -0.1016460516  0.2235222421 1.0000000
58-16   1.066369e-01 -0.0523856096  0.2656593470 0.9551469
59-16   9.984863e-02 -0.0525881901  0.2522854417 0.9716871
60-16   9.953183e-02 -0.0466080678  0.2456717325 0.9405258
61-16   8.437393e-02 -0.0596123510  0.2283602165 0.9982012
62-16   8.677576e-02 -0.0597921084  0.2333436235 0.9975824
63-16   8.076027e-02 -0.0690495497  0.2305700971 0.9998801
64-16   9.767215e-02 -0.0572619315  0.2526062395 0.9877656
65-16   1.040053e-01 -0.0555012631  0.2635118691 0.9742237
66-16   1.110603e-01 -0.0535719088  0.2756924381 0.9498998
67-16   1.025480e-01 -0.0582634762  0.2633595697 0.9840797
68-16   8.309813e-02 -0.0798065946  0.2460028466 0.9999853
69-16   1.171895e-01 -0.0393031921  0.2736821583 0.7674832
70-16   1.039166e-01 -0.0544162269  0.2622494625 0.9705179
71-16   8.772850e-02 -0.0710593797  0.2465163894 0.9997180
72-16   8.477696e-02 -0.0760345605  0.2455884853 0.9999471
73-16   1.031602e-01 -0.0558622763  0.2621826803 0.9768510
74-16   1.030118e-01 -0.0602214304  0.2662449455 0.9874631
75-16   7.869114e-02 -0.0835800416  0.2409623260 0.9999983
76-16   9.836842e-02 -0.0568910663  0.2536279026 0.9862602
77-16   1.108321e-01 -0.0442632700  0.2659275124 0.8721243
78-16   1.103973e-01 -0.0419200425  0.2627146345 0.8445213
79-16   8.108242e-02 -0.0668899920  0.2290548405 0.9997871
80-16   1.044249e-01 -0.0413628215  0.2502125349 0.8678011
81-16   8.464418e-02 -0.0608950426  0.2301833998 0.9985587
82-16   7.327070e-02 -0.0748304527  0.2213718555 0.9999959
83-16   1.173284e-01 -0.0371378092  0.2717945875 0.7285661
84-16   8.645051e-02 -0.0706207033  0.2435217134 0.9997522
85-16   6.873420e-02 -0.0938499477  0.2313183460 1.0000000
86-16   8.857159e-02 -0.0691119831  0.2462551650 0.9995118
87-16   7.538759e-02 -0.0829452592  0.2337204303 0.9999992
88-16   9.671064e-02 -0.0633009600  0.2567222426 0.9957367
89-16   1.175413e-01 -0.0414811652  0.2765637914 0.8004005
90-16   1.031796e-01 -0.0529448135  0.2593040210 0.9661218
91-16   6.170750e-02 -0.0910985311  0.2145135383 1.0000000
92-16   1.459518e-01 -0.0109229889  0.3028265040 0.1420775
93-16   1.240644e-01 -0.0334110933  0.2815399281 0.6169367
94-16   1.404991e-01 -0.0114700861  0.2924682178 0.1537619
95-16   1.505666e-01 -0.0030302590  0.3041634408 0.0684670
96-16   1.614571e-01  0.0101413356  0.3127727694 0.0155958
97-16   1.279885e-01 -0.0258888763  0.2818658152 0.4374847
98-16   1.128021e-01 -0.0422932700  0.2678975124 0.8371977
99-16   1.213724e-01 -0.0289659470  0.2717107508 0.5364434
100-16  3.622847e-02 -0.1030560184  0.1755129667 1.0000000
18-17   5.765774e-02 -0.0920536311  0.2073691073 1.0000000
19-17   1.364241e-02 -0.1315670220  0.1588518394 1.0000000
20-17   1.303788e-03 -0.1389103112  0.1415178869 1.0000000
21-17   3.466281e-02 -0.1007002484  0.1700258600 1.0000000
22-17  -2.954167e-03 -0.1420882951  0.1361799618 1.0000000
23-17   2.760365e-02 -0.1216010845  0.1768083762 1.0000000
24-17   2.421152e-02 -0.1329318556  0.1813548948 1.0000000
25-17  -1.038358e-02 -0.1855420050  0.1647748482 1.0000000
26-17   5.854099e-02 -0.1215103075  0.2385922967 1.0000000
27-17   5.131298e-02 -0.1223745348  0.2250004872 1.0000000
28-17   8.313721e-02 -0.1006477318  0.2669221571 0.9999999
29-17   7.577478e-02 -0.0939014450  0.2454510064 1.0000000
30-17   1.231012e-02 -0.1735094071  0.1981296451 1.0000000
31-17  -2.682215e-03 -0.1688575809  0.1634931500 1.0000000
32-17   2.802032e-02 -0.1306703473  0.1867109935 1.0000000
33-17  -9.625000e-04 -0.1732492824  0.1713242824 1.0000000
34-17  -9.030482e-03 -0.1621113058  0.1440503409 1.0000000
35-17  -2.261217e-02 -0.1805156110  0.1352912777 1.0000000
36-17   3.640236e-02 -0.1248286564  0.1976333666 1.0000000
37-17   2.867468e-02 -0.1277343769  0.1850837358 1.0000000
38-17  -1.572417e-02 -0.1670453819  0.1355970485 1.0000000
39-17   6.471142e-03 -0.1358652371  0.1488075210 1.0000000
40-17   2.813173e-02 -0.1058089830  0.1620724445 1.0000000
41-17  -8.329545e-04 -0.1325411667  0.1308752576 1.0000000
42-17   6.346408e-03 -0.1341518131  0.1468446292 1.0000000
43-17   1.572151e-02 -0.1290981842  0.1605412022 1.0000000
44-17   6.383721e-02 -0.1199477318  0.2476221571 1.0000000
45-17   2.017639e-02 -0.1521103935  0.1924631713 1.0000000
46-17  -5.325000e-03 -0.2006798488  0.1900298488 1.0000000
47-17   1.071425e-02 -0.1589619713  0.1803904800 1.0000000
48-17   2.110583e-02 -0.1607596335  0.2029713001 1.0000000
49-17   2.061652e-02 -0.1631684214  0.2044014674 1.0000000
50-17   6.135057e-05 -0.1404368706  0.1405595717 1.0000000
51-17  -3.458452e-03 -0.1771459634  0.1702290586 1.0000000
52-17  -7.223397e-03 -0.1636324538  0.1491856589 1.0000000
53-17  -2.277417e-02 -0.1806776110  0.1351292777 1.0000000
54-17   3.255655e-02 -0.1088309116  0.1739440069 1.0000000
55-17   1.579327e-02 -0.1275579988  0.1591445373 1.0000000
56-17   5.460819e-02 -0.0853276113  0.1945439971 1.0000000
57-17  -1.104183e-02 -0.1547472699  0.1326636119 1.0000000
58-17   3.465694e-02 -0.1050062130  0.1743201019 1.0000000
59-17   2.786870e-02 -0.1042472770  0.1599846801 1.0000000
60-17   2.755191e-02 -0.0972460060  0.1523498222 1.0000000
61-17   1.239401e-02 -0.1098749526  0.1346629696 1.0000000
62-17   1.479583e-02 -0.1105029626  0.1400946293 1.0000000
63-17   8.780349e-03 -0.1202957216  0.1378564205 1.0000000
64-17   2.569223e-02 -0.1092974728  0.1606819323 1.0000000
65-17   3.202538e-02 -0.1081887203  0.1722394779 1.0000000
66-17   3.908034e-02 -0.1069381567  0.1850988374 1.0000000
67-17   3.056812e-02 -0.1111287189  0.1722649639 1.0000000
68-17   1.111820e-02 -0.1329498271  0.1551862306 1.0000000
69-17   4.520956e-02 -0.0915661932  0.1819853109 1.0000000
70-17   3.193669e-02 -0.1069407296  0.1708141167 1.0000000
71-17   1.574858e-02 -0.1236474065  0.1551445677 1.0000000
72-17   1.279704e-02 -0.1288998032  0.1544938795 1.0000000
73-17   3.118028e-02 -0.1084828797  0.1708434352 1.0000000
74-17   3.103183e-02 -0.1134075055  0.1754711721 1.0000000
75-17   6.711218e-03 -0.1366400501  0.1500624860 1.0000000
76-17   2.638849e-02 -0.1089745604  0.1617515481 1.0000000
77-17   3.885220e-02 -0.0963226133  0.1740270072 1.0000000
78-17   3.841737e-02 -0.0935607345  0.1703954781 1.0000000
79-17   9.102500e-03 -0.1178364024  0.1360414024 1.0000000
80-17   3.244493e-02 -0.0919403402  0.1568302051 1.0000000
81-17   1.266425e-02 -0.1114297175  0.1367582263 1.0000000
82-17   1.290777e-03 -0.1257981712  0.1283797255 1.0000000
83-17   4.534846e-02 -0.0891039631  0.1798008929 1.0000000
84-17   1.447058e-02 -0.1229667265  0.1519078881 1.0000000
85-17  -3.245725e-03 -0.1469511661  0.1404597158 1.0000000
86-17   1.659167e-02 -0.1215450716  0.1547284050 1.0000000
87-17   3.407661e-03 -0.1354697619  0.1422850845 1.0000000
88-17   2.473072e-02 -0.1160576401  0.1655190742 1.0000000
89-17   4.556139e-02 -0.0941017686  0.1852245463 1.0000000
90-17   3.119968e-02 -0.1051545746  0.1675539336 1.0000000
91-17  -1.027242e-02 -0.1428142374  0.1222693961 1.0000000
92-17   7.397183e-02 -0.0632409030  0.2111845697 0.9998799
93-17   5.208449e-02 -0.0858146926  0.1899836788 1.0000000
94-17   6.851914e-02 -0.0630569660  0.2000952492 0.9999669
95-17   7.858667e-02 -0.0548661012  0.2120394345 0.9979265
96-17   8.947713e-02 -0.0413437230  0.2202979796 0.9359552
97-17   5.600855e-02 -0.0777669626  0.1897840530 1.0000000
98-17   4.082220e-02 -0.0943526133  0.1759970072 1.0000000
99-17   4.939248e-02 -0.0802966433  0.1790815986 1.0000000
100-17 -3.575145e-02 -0.1524468605  0.0809439604 1.0000000
19-18  -4.401533e-02 -0.1783913995  0.0903607407 1.0000000
20-18  -5.635395e-02 -0.1853157392  0.0726078388 1.0000000
21-18  -2.299493e-02 -0.1466650819  0.1006752173 1.0000000
22-18  -6.061190e-02 -0.1883986613  0.0671748518 0.9999994
23-18  -3.005409e-02 -0.1687379089  0.1086297244 1.0000000
24-18  -3.344622e-02 -0.1806372163  0.1137447793 1.0000000
25-18  -6.804132e-02 -0.2343290907  0.0982464577 1.0000000
26-18   8.832565e-04 -0.1705507565  0.1723172696 1.0000000
27-18  -6.344762e-03 -0.1710824350  0.1583929112 1.0000000
28-18   2.547947e-02 -0.1498717594  0.2008307085 1.0000000
29-18   1.811704e-02 -0.1423858265  0.1786199117 1.0000000
30-18  -4.534762e-02 -0.2228301414  0.1321349033 1.0000000
31-18  -6.033995e-02 -0.2171372799  0.0964573728 1.0000000
32-18  -2.963741e-02 -0.1784792045  0.1192043746 1.0000000
33-18  -5.862024e-02 -0.2218804134  0.1046399372 1.0000000
34-18  -6.668822e-02 -0.2095338992  0.0761574581 0.9999997
35-18  -8.026990e-02 -0.2282720912  0.0677322817 0.9998513
36-18  -2.125538e-02 -0.1728026975  0.1302919315 1.0000000
37-18  -2.898306e-02 -0.1753898288  0.1174237116 1.0000000
38-18  -7.338190e-02 -0.2143402660  0.0675764565 0.9999673
39-18  -5.118660e-02 -0.1824527161  0.0800795238 1.0000000
40-18  -2.952601e-02 -0.1516376949  0.0925856803 1.0000000
41-18  -5.849069e-02 -0.1781493848  0.0611679995 0.9999975
42-18  -5.131133e-02 -0.1805819748  0.0779593147 1.0000000
43-18  -4.193623e-02 -0.1758910461  0.0920185879 1.0000000
44-18   6.179475e-03 -0.1691717594  0.1815307085 1.0000000
45-18  -3.748135e-02 -0.2007415245  0.1257788261 1.0000000
46-18  -6.298274e-02 -0.2504251730  0.1244596968 1.0000000
47-18  -4.694348e-02 -0.2074463528  0.1135593854 1.0000000
48-18  -3.655190e-02 -0.2098902948  0.1367864853 1.0000000
49-18  -3.704122e-02 -0.2123924491  0.1383100188 1.0000000
50-18  -5.759639e-02 -0.1868670323  0.0716742572 1.0000000
51-18  -6.111619e-02 -0.2258538636  0.1036214826 1.0000000
52-18  -6.488114e-02 -0.2112879057  0.0815256347 1.0000000
53-18  -8.043190e-02 -0.2284340912  0.0675702817 0.9998403
54-18  -2.510119e-02 -0.1553377563  0.1051353754 1.0000000
55-18  -4.186447e-02 -0.1742303840  0.0905014463 1.0000000
56-18  -3.049545e-03 -0.1317087024  0.1256096120 1.0000000
57-18  -6.869957e-02 -0.2014489671  0.0640498329 0.9999740
58-18  -2.300079e-02 -0.1513633544  0.1053617671 1.0000000
59-18  -2.978904e-02 -0.1498964103  0.0903183372 1.0000000
60-18  -3.010583e-02 -0.1421132799  0.0819016199 1.0000000
61-18  -4.526373e-02 -0.1544463669  0.0639189078 1.0000000
62-18  -4.286190e-02 -0.1554271646  0.0697033551 1.0000000
63-18  -4.887739e-02 -0.1656326094  0.0678778321 1.0000000
64-18  -3.196551e-02 -0.1552268942  0.0912958775 1.0000000
65-18  -2.563236e-02 -0.1545941483  0.1033294297 1.0000000
66-18  -1.857740e-02 -0.1538273550  0.1166725595 1.0000000
67-18  -2.708962e-02 -0.1576619875  0.1034827563 1.0000000
68-18  -4.653954e-02 -0.1796813644  0.0866022917 1.0000000
69-18  -1.244818e-02 -0.1376630178  0.1127666593 1.0000000
70-18  -2.572104e-02 -0.1532282527  0.1017861636 1.0000000
71-18  -4.190916e-02 -0.1699809759  0.0861626609 1.0000000
72-18  -4.486070e-02 -0.1754330719  0.0857116720 1.0000000
73-18  -2.647746e-02 -0.1548400210  0.1018851004 1.0000000
74-18  -2.662590e-02 -0.1601694259  0.1069176164 1.0000000
75-18  -5.094652e-02 -0.1833124353  0.0814193950 1.0000000
76-18  -3.126924e-02 -0.1549393938  0.0924009054 1.0000000
77-18  -1.880554e-02 -0.1422696200  0.1046585378 1.0000000
78-18  -1.924037e-02 -0.1391960665  0.1007153339 1.0000000
79-18  -4.855524e-02 -0.1629433248  0.0658328486 1.0000000
80-18  -2.521281e-02 -0.1367603090  0.0863346977 1.0000000
81-18  -4.499348e-02 -0.1562160682  0.0662291008 1.0000000
82-18  -5.636696e-02 -0.1709215342  0.0581876123 0.9999967
83-18  -1.230927e-02 -0.1349820283  0.1103634819 1.0000000
84-18  -4.318716e-02 -0.1691242959  0.0827499813 1.0000000
85-18  -6.090346e-02 -0.1936528632  0.0718459368 0.9999999
86-18  -4.106607e-02 -0.1677661421  0.0856339993 1.0000000
87-18  -5.425008e-02 -0.1817572849  0.0732571313 1.0000000
88-18  -3.292702e-02 -0.1625129422  0.0966589001 1.0000000
89-18  -1.209635e-02 -0.1404589099  0.1162662115 1.0000000
90-18  -2.645806e-02 -0.1512123454  0.0982962281 1.0000000
91-18  -6.793016e-02 -0.1885057891  0.0526454717 0.9994623
92-18   1.631410e-02 -0.1093779271  0.1420061176 1.0000000
93-18  -5.573245e-03 -0.1320142781  0.1208677882 1.0000000
94-18   1.086140e-02 -0.1086518658  0.1303746728 1.0000000
95-18   2.092893e-02 -0.1006473466  0.1425052038 1.0000000
96-18   3.181939e-02 -0.0868618829  0.1505006633 1.0000000
97-18  -1.649193e-03 -0.1235796482  0.1202812624 1.0000000
98-18  -1.683554e-02 -0.1402996200  0.1066285378 1.0000000
99-18  -8.265260e-03 -0.1256978690  0.1091673480 1.0000000
100-18 -9.340919e-02 -0.1963119008  0.0094935245 0.1913516
20-19  -1.233862e-02 -0.1360456445  0.1113684029 1.0000000
21-19   2.102040e-02 -0.0971599337  0.1392007279 1.0000000
22-19  -1.659658e-02 -0.1390781651  0.1058850144 1.0000000
23-19   1.396124e-02 -0.1198501439  0.1477726182 1.0000000
24-19   1.056911e-02 -0.1320404067  0.1531786285 1.0000000
25-19  -2.402599e-02 -0.1862724310  0.1382204567 1.0000000
26-19   4.489859e-02 -0.1226182953  0.2124154672 1.0000000
27-19   3.767057e-02 -0.1229867872  0.1983279222 1.0000000
28-19   6.949480e-02 -0.1020287802  0.2410183882 1.0000000
29-19   6.213237e-02 -0.0941796739  0.2184444179 1.0000000
30-19  -1.332290e-03 -0.1750341331  0.1723695538 1.0000000
31-19  -1.632462e-02 -0.1688293330  0.1361800848 1.0000000
32-19   1.437791e-02 -0.1299348120  0.1586906409 1.0000000
33-19  -1.460491e-02 -0.1737468879  0.1445370705 1.0000000
34-19  -2.267289e-02 -0.1607930295  0.1154472472 1.0000000
35-19  -3.625458e-02 -0.1797011922  0.1071920415 1.0000000
36-19   2.275995e-02 -0.1243416281  0.1698615209 1.0000000
37-19   1.503227e-02 -0.1267676835  0.1568322252 1.0000000
38-19  -2.936658e-02 -0.1655339147  0.1068007640 1.0000000
39-19  -7.171267e-03 -0.1332786770  0.1189361436 1.0000000
40-19   1.448932e-02 -0.1020591611  0.1310378053 1.0000000
41-19  -1.447536e-02 -0.1284511821  0.0995004557 1.0000000
42-19  -7.296001e-03 -0.1313249661  0.1167329649 1.0000000
43-19   2.079100e-03 -0.1268246532  0.1309828539 1.0000000
44-19   5.019480e-02 -0.1213287802  0.2217183882 1.0000000
45-19   6.533980e-03 -0.1526079990  0.1656759594 1.0000000
46-19  -1.896741e-02 -0.2028340753  0.1648992579 1.0000000
47-19  -2.928154e-03 -0.1592402002  0.1533838916 1.0000000
48-19   7.463425e-03 -0.1620018584  0.1769287077 1.0000000
49-19   6.974114e-03 -0.1645494699  0.1784976985 1.0000000
50-19  -1.358106e-02 -0.1376100236  0.1104479074 1.0000000
51-19  -1.710086e-02 -0.1777582158  0.1435564937 1.0000000
52-19  -2.086581e-02 -0.1626657605  0.1209341482 1.0000000
53-19  -3.641658e-02 -0.1798631922  0.1070300415 1.0000000
54-19   1.891414e-02 -0.1061212471  0.1439495250 1.0000000
55-19   2.150861e-03 -0.1251009378  0.1294026589 1.0000000
56-19   4.096578e-02 -0.0824257205  0.1643572889 1.0000000
57-19  -2.468424e-02 -0.1523348855  0.1029664102 1.0000000
58-19   2.101454e-02 -0.1020676794  0.1440967509 1.0000000
59-19   1.422629e-02 -0.1002204892  0.1286730749 1.0000000
60-19   1.390950e-02 -0.0920053414  0.1198243403 1.0000000
61-19  -1.248400e-03 -0.1041713470  0.1016745467 1.0000000
62-19   1.153425e-03 -0.1053511405  0.1076579899 1.0000000
63-19  -4.862059e-03 -0.1157857549  0.1060616365 1.0000000
64-19   1.204982e-02 -0.1057026903  0.1298023325 1.0000000
65-19   1.838297e-02 -0.1053240536  0.1420899938 1.0000000
66-19   2.543793e-02 -0.1048111974  0.1556870608 1.0000000
67-19   1.692571e-02 -0.1084594089  0.1423108365 1.0000000
68-19  -2.524207e-03 -0.1305829086  0.1255344947 1.0000000
69-19   3.156715e-02 -0.0882286782  0.1513629785 1.0000000
70-19   1.829428e-02 -0.1038956198  0.1404841896 1.0000000
71-19   2.106172e-03 -0.1206727976  0.1248851415 1.0000000
72-19  -8.453705e-04 -0.1262304932  0.1245397522 1.0000000
73-19   1.753787e-02 -0.1055443461  0.1406200843 1.0000000
74-19   1.738942e-02 -0.1110868639  0.1458657133 1.0000000
75-19  -6.931191e-03 -0.1341829891  0.1203206076 1.0000000
76-19   1.274609e-02 -0.1054342456  0.1309264160 1.0000000
77-19   2.520979e-02 -0.0927548821  0.1431744587 1.0000000
78-19   2.477496e-02 -0.0895126333  0.1390625595 1.0000000
79-19  -4.539909e-03 -0.1129692362  0.1038894189 1.0000000
80-19   1.880252e-02 -0.0866257941  0.1242308416 1.0000000
81-19  -9.781543e-04 -0.1060626346  0.1041063260 1.0000000
82-19  -1.235163e-02 -0.1209565805  0.0962533175 1.0000000
83-19   3.170606e-02 -0.0854301445  0.1488422570 1.0000000
84-19   8.281721e-04 -0.1197224296  0.1213787739 1.0000000
85-19  -1.688813e-02 -0.1445387816  0.1107625141 1.0000000
86-19   2.949258e-03 -0.1183981466  0.1242966626 1.0000000
87-19  -1.023475e-02 -0.1324246521  0.1119551573 1.0000000
88-19   1.108831e-02 -0.1132692232  0.1354458399 1.0000000
89-19   3.191898e-02 -0.0911632349  0.1550011954 1.0000000
90-19   1.755727e-02 -0.1017570902  0.1368716319 1.0000000
91-19  -2.391483e-02 -0.1388529315  0.0910232729 1.0000000
92-19   6.032942e-02 -0.0599650855  0.1806239348 0.9999927
93-19   3.844208e-02 -0.0826348314  0.1595190003 1.0000000
94-19   5.487673e-02 -0.0589464028  0.1686998687 0.9999987
95-19   6.494426e-02 -0.0510431352  0.1809316512 0.9995598
96-19   7.583472e-02 -0.0371145135  0.1887839528 0.9541006
97-19   4.236614e-02 -0.0739924498  0.1587247229 1.0000000
98-19   2.717979e-02 -0.0907848821  0.1451444587 1.0000000
99-19   3.575007e-02 -0.0758864046  0.1473865425 1.0000000
100-19 -4.939386e-02 -0.1456292626  0.0468415451 0.9999812
21-20   3.335902e-02 -0.0786267196  0.1453447554 1.0000000
22-20  -4.257955e-03 -0.1207738532  0.1122579441 1.0000000
23-20   2.629986e-02 -0.1020734278  0.1546731437 1.0000000
24-20   2.290773e-02 -0.1146120462  0.1604275097 1.0000000
25-20  -1.168737e-02 -0.1694787582  0.1461040256 1.0000000
26-20   5.723721e-02 -0.1059685540  0.2204429675 1.0000000
27-20   5.000919e-02 -0.1061477854  0.2061661620 1.0000000
28-20   8.183342e-02 -0.0854823089  0.2491491585 0.9999975
29-20   7.447099e-02 -0.0772118028  0.2261537885 0.9999970
30-20   1.100633e-02 -0.1585417305  0.1805543929 1.0000000
31-20  -3.986003e-03 -0.1517422250  0.1437702184 1.0000000
32-20   2.671654e-02 -0.1125687038  0.1660017743 1.0000000
33-20  -2.266288e-03 -0.1568637793  0.1523312035 1.0000000
34-20  -1.033427e-02 -0.1431927944  0.1225242537 1.0000000
35-20  -2.391595e-02 -0.1623036227  0.1144717136 1.0000000
36-20   3.509857e-02 -0.1070741729  0.1772713073 1.0000000
37-20   2.737089e-02 -0.1093091796  0.1640509628 1.0000000
38-20  -1.702795e-02 -0.1478551655  0.1137992564 1.0000000
39-20   5.167354e-03 -0.1151542722  0.1254889804 1.0000000
40-20   2.682794e-02 -0.0834343070  0.1370901928 1.0000000
41-20  -2.136742e-03 -0.1096760473  0.1054025625 1.0000000
42-20   5.042620e-03 -0.1130988166  0.1231840570 1.0000000
43-20   1.441772e-02 -0.1088315892  0.1376670314 1.0000000
44-20   6.253342e-02 -0.1047823089  0.2298491585 1.0000000
45-20   1.887260e-02 -0.1357248904  0.1734700924 1.0000000
46-20  -6.628788e-03 -0.1865764633  0.1733188875 1.0000000
47-20   9.410467e-03 -0.1422723292  0.1610932622 1.0000000
48-20   1.980205e-02 -0.1454029695  0.1850070604 1.0000000
49-20   1.931274e-02 -0.1480029986  0.1866284688 1.0000000
50-20  -1.242437e-03 -0.1193838741  0.1168989995 1.0000000
51-20  -4.762240e-03 -0.1609192140  0.1513947334 1.0000000
52-20  -8.527185e-03 -0.1452072565  0.1281528859 1.0000000
53-20  -2.407795e-02 -0.1624656227  0.1143097136 1.0000000
54-20   3.125276e-02 -0.0879448182  0.1504503377 1.0000000
55-20   1.448948e-02 -0.1070310313  0.1360099940 1.0000000
56-20   5.330441e-02 -0.0641676267  0.1707764367 0.9999999
57-20  -1.234562e-02 -0.1342837270  0.1095924933 1.0000000
58-20   3.335316e-02 -0.0837939582  0.1505002713 1.0000000
59-20   2.656491e-02 -0.0814734162  0.1346032436 1.0000000
60-20   2.624812e-02 -0.0727072653  0.1252035057 1.0000000
61-20   1.109022e-02 -0.0846560472  0.1068364884 1.0000000
62-20   1.349205e-02 -0.0860942850  0.1130783759 1.0000000
63-20   7.476562e-03 -0.0968224369  0.1117755600 1.0000000
64-20   2.438844e-02 -0.0871457177  0.1359226014 1.0000000
65-20   3.072159e-02 -0.0870818153  0.1485249972 1.0000000
66-20   3.777655e-02 -0.0868791751  0.1624322801 1.0000000
67-20   2.926433e-02 -0.0903000573  0.1488287265 1.0000000
68-20   9.814414e-03 -0.1125508013  0.1321796290 1.0000000
69-20   4.390577e-02 -0.0697835218  0.1575950637 1.0000000
70-20   3.063291e-02 -0.0855763350  0.1468421463 1.0000000
71-20   1.444479e-02 -0.1023836720  0.1312732575 1.0000000
72-20   1.149325e-02 -0.1080711416  0.1310576422 1.0000000
73-20   2.987649e-02 -0.0872706249  0.1470236047 1.0000000
74-20   2.972805e-02 -0.0930741188  0.1525302097 1.0000000
75-20   5.407430e-03 -0.1161130826  0.1269279427 1.0000000
76-20   2.508471e-02 -0.0869010315  0.1370704435 1.0000000
77-20   3.754841e-02 -0.0742097149  0.1493065331 1.0000000
78-20   3.711358e-02 -0.0707561037  0.1449832715 1.0000000
79-20   7.798712e-03 -0.0938434734  0.1094408977 1.0000000
80-20   3.114114e-02 -0.0672933261  0.1295756152 1.0000000
81-20   1.136047e-02 -0.0867056479  0.1094265810 1.0000000
82-20  -1.301073e-05 -0.1018425239  0.1018165024 1.0000000
83-20   4.404468e-02 -0.0668386145  0.1549279686 1.0000000
84-20   1.316679e-02 -0.1013175396  0.1276511254 1.0000000
85-20  -4.549513e-03 -0.1264876231  0.1173885972 1.0000000
86-20   1.528788e-02 -0.1000351780  0.1306109355 1.0000000
87-20   2.103873e-03 -0.1141053673  0.1183131141 1.0000000
88-20   2.342693e-02 -0.0950594011  0.1419132594 1.0000000
89-20   4.425760e-02 -0.0728895137  0.1614047158 1.0000000
90-20   2.989589e-02 -0.0832859601  0.1430777433 1.0000000
91-20  -1.157621e-02 -0.1201348661  0.0969824491 1.0000000
92-20   7.266805e-02 -0.0415465945  0.1868826854 0.9848774
93-20   5.078071e-02 -0.0642576986  0.1658191091 1.0000000
94-20   6.721535e-02 -0.0401621162  0.1745928236 0.9896483
95-20   7.728288e-02 -0.0323861241  0.1869518816 0.8959435
96-20   8.817334e-02 -0.0182773246  0.1946240054 0.4511457
97-20   5.470476e-02 -0.0553567501  0.1647662648 0.9999950
98-20   3.951841e-02 -0.0722397149  0.1512765331 1.0000000
99-20   4.808869e-02 -0.0569680427  0.1531454222 0.9999999
100-20 -3.705524e-02 -0.1255734156  0.0514629397 1.0000000
22-21  -3.761697e-02 -0.1482475176  0.0730135727 1.0000000
23-21  -7.059160e-03 -0.1301155023  0.1159971823 1.0000000
24-21  -1.045129e-02 -0.1430214646  0.1221188922 1.0000000
25-21  -4.504638e-02 -0.1985432449  0.1084504764 1.0000000
26-21   2.387819e-02 -0.1351792952  0.1829356728 1.0000000
27-21   1.665017e-02 -0.1351660452  0.1684663860 1.0000000
28-21   4.847441e-02 -0.1147975063  0.2117463200 1.0000000
29-21   4.111197e-02 -0.1060981925  0.1883221423 1.0000000
30-21  -2.235269e-02 -0.1879114621  0.1432060886 1.0000000
31-21  -3.734502e-02 -0.1805059933  0.1058159508 1.0000000
32-21  -6.642483e-03 -0.1410431549  0.1277581895 1.0000000
33-21  -3.562531e-02 -0.1858369805  0.1145863689 1.0000000
34-21  -4.369329e-02 -0.1714217123  0.0840351357 1.0000000
35-21  -5.727497e-02 -0.1907452297  0.0761952847 1.0000000
36-21   1.739549e-03 -0.1356513198  0.1391304183 1.0000000
37-21  -5.988126e-03 -0.1376870433  0.1257107907 1.0000000
38-21  -5.038697e-02 -0.1760011516  0.0752272066 1.0000000
39-21  -2.819166e-02 -0.1428234946  0.0864401669 1.0000000
40-21  -6.531075e-03 -0.1105547580  0.0974926080 1.0000000
41-21  -3.549576e-02 -0.1366286679  0.0656371471 1.0000000
42-21  -2.831640e-02 -0.1406576723  0.0840248768 1.0000000
43-21  -1.894130e-02 -0.1366424241  0.0987598305 1.0000000
44-21   2.917441e-02 -0.1340975063  0.1924463200 1.0000000
45-21  -1.448642e-02 -0.1646980916  0.1357252578 1.0000000
46-21  -3.998781e-02 -0.2161818147  0.1362062031 1.0000000
47-21  -2.394855e-02 -0.1711587188  0.1232616159 1.0000000
48-21  -1.355697e-02 -0.1746651965  0.1475512515 1.0000000
49-21  -1.404628e-02 -0.1773181960  0.1492256303 1.0000000
50-21  -3.460146e-02 -0.1469427298  0.0777398193 1.0000000
51-21  -3.812126e-02 -0.1899374738  0.1136949574 1.0000000
52-21  -4.188620e-02 -0.1735851202  0.0898127137 1.0000000
53-21  -5.743697e-02 -0.1909072297  0.0760332847 1.0000000
54-21  -2.106258e-03 -0.1155576815  0.1113451652 1.0000000
55-21  -1.886954e-02 -0.1347591300  0.0970200569 1.0000000
56-21   1.994539e-02 -0.0916917085  0.1315824827 1.0000000
57-21  -4.570463e-02 -0.1620320416  0.0706227720 1.0000000
58-21  -5.861366e-06 -0.1113010067  0.1112892840 1.0000000
59-21  -6.794104e-03 -0.1084574881  0.0948692795 1.0000000
60-21  -7.110898e-03 -0.0990637726  0.0848419772 1.0000000
61-21  -2.226880e-02 -0.1107589701  0.0662213755 1.0000000
62-21  -1.986697e-02 -0.1124985011  0.0727645561 1.0000000
63-21  -2.588246e-02 -0.1235627714  0.0717978587 1.0000000
64-21  -8.970576e-03 -0.1143415001  0.0964003479 1.0000000
65-21  -2.637427e-03 -0.1146231645  0.1093483105 1.0000000
66-21   4.417535e-03 -0.1147555048  0.1235905739 1.0000000
67-21  -4.094683e-03 -0.1179314378  0.1097420712 1.0000000
68-21  -2.354460e-02 -0.1403196389  0.0932304308 1.0000000
69-21   1.054675e-02 -0.0971027624  0.1181962684 1.0000000
70-21  -2.726112e-03 -0.1130336392  0.1075814147 1.0000000
71-21  -1.891423e-02 -0.1298739163  0.0920454659 1.0000000
72-21  -2.186577e-02 -0.1357025222  0.0919709869 1.0000000
73-21  -3.482528e-03 -0.1147776734  0.1078126173 1.0000000
74-21  -3.630972e-03 -0.1208637939  0.1136018489 1.0000000
75-21  -2.795159e-02 -0.1438411813  0.0879380056 1.0000000
76-21  -8.274312e-03 -0.1141231111  0.0975744872 1.0000000
77-21   4.189391e-03 -0.1014185685  0.1097973508 1.0000000
78-21   3.754566e-03 -0.0977295824  0.1052387144 1.0000000
79-21  -2.556031e-02 -0.1203985721  0.0692779605 1.0000000
80-21  -2.217873e-03 -0.0936099293  0.0891741825 1.0000000
81-21  -2.199855e-02 -0.1129937473  0.0689966445 1.0000000
82-21  -3.337203e-02 -0.1284110345  0.0616669772 1.0000000
83-21   1.068566e-02 -0.0939960834  0.1153674016 1.0000000
84-21  -2.019223e-02 -0.1286810505  0.0882966005 1.0000000
85-21  -3.790853e-02 -0.1542359378  0.0784188759 1.0000000
86-21  -1.807114e-02 -0.1274446748  0.0913023965 1.0000000
87-21  -3.125514e-02 -0.1415626714  0.0790523824 1.0000000
88-21  -9.932089e-03 -0.1226360077  0.1027718301 1.0000000
89-21   1.089858e-02 -0.1003965622  0.1221937284 1.0000000
90-21  -3.463126e-03 -0.1105765916  0.1036503389 1.0000000
91-21  -4.493523e-02 -0.1471513945  0.0572809416 1.0000000
92-21   3.930903e-02 -0.0688951630  0.1475132181 1.0000000
93-21   1.742169e-02 -0.0916516698  0.1264950445 1.0000000
94-21   3.385634e-02 -0.0671044681  0.1348171397 1.0000000
95-21   4.392386e-02 -0.0594707863  0.1473185080 1.0000000
96-21   5.481432e-02 -0.0451602090  0.1547888540 0.9997827
97-21   2.134574e-02 -0.0824651382  0.1251566169 1.0000000
98-21   6.159391e-03 -0.0994485685  0.1117673508 1.0000000
99-21   1.472967e-02 -0.0837593119  0.1132186556 1.0000000
100-21 -7.041426e-02 -0.1510283405  0.0101998288 0.2875995
23-22   3.055781e-02 -0.0966350042  0.1577506292 1.0000000
24-22   2.716569e-02 -0.1092527928  0.1635841654 1.0000000
25-22  -7.429412e-03 -0.1642619195  0.1494030959 1.0000000
26-22   6.149516e-02 -0.1007837112  0.2237740338 1.0000000
27-22   5.426714e-02 -0.1009208482  0.2094551339 1.0000000
28-22   8.609138e-02 -0.0803203597  0.2525031183 0.9999743
29-22   7.872895e-02 -0.0719560971  0.2294139918 0.9999624
30-22   1.526429e-02 -0.1533917469  0.1839203184 1.0000000
31-22   2.719512e-04 -0.1464598216  0.1470037241 1.0000000
32-22   3.097449e-02 -0.1072235201  0.1691724997 1.0000000
33-22   1.991667e-03 -0.1516270056  0.1556103389 1.0000000
34-22  -6.076316e-03 -0.1377945740  0.1256419424 1.0000000
35-22  -1.965800e-02 -0.1569513312  0.1176353312 1.0000000
36-22   3.935652e-02 -0.1017512390  0.1804642825 1.0000000
37-22   3.162885e-02 -0.1039431051  0.1672007975 1.0000000
38-22  -1.277000e-02 -0.1424390836  0.1168990836 1.0000000
39-22   9.425309e-03 -0.1096360447  0.1284866620 1.0000000
40-22   3.108590e-02 -0.0777997117  0.1399715065 1.0000000
41-22   2.121212e-03 -0.1040061370  0.1082485612 1.0000000
42-22   9.300575e-03 -0.1075570789  0.1261582283 1.0000000
43-22   1.867568e-02 -0.1033436040  0.1406949553 1.0000000
44-22   6.679138e-02 -0.0996203597  0.2332031183 1.0000000
45-22   2.313056e-02 -0.1304881167  0.1767492278 1.0000000
46-22  -2.370833e-03 -0.1814782816  0.1767366149 1.0000000
47-22   1.366842e-02 -0.1370166234  0.1643534655 1.0000000
48-22   2.406000e-02 -0.1402294065  0.1883494065 1.0000000
49-22   2.357069e-02 -0.1428410493  0.1899824286 1.0000000
50-22   3.015517e-03 -0.1138421364  0.1198731709 1.0000000
51-22  -5.042857e-04 -0.1556922767  0.1546837053 1.0000000
52-22  -4.269231e-03 -0.1398411821  0.1313027205 1.0000000
53-22  -1.982000e-02 -0.1571133312  0.1174733312 1.0000000
54-22   3.551071e-02 -0.0824145786  0.1534360072 1.0000000
55-22   1.874744e-02 -0.1015253670  0.1390202388 1.0000000
56-22   5.756236e-02 -0.0586184924  0.1737432115 0.9999956
57-22  -8.087662e-03 -0.1287823798  0.1126070551 1.0000000
58-22   3.761111e-02 -0.0782412027  0.1534634249 1.0000000
59-22   3.082287e-02 -0.0758101138  0.1374558502 1.0000000
60-22   3.050607e-02 -0.0669130221  0.1279251717 1.0000000
61-22   1.534818e-02 -0.0788094582  0.1095058085 1.0000000
62-22   1.775000e-02 -0.0803099273  0.1158099273 1.0000000
63-22   1.173452e-02 -0.0911080490  0.1145770812 1.0000000
64-22   2.864640e-02 -0.0815270163  0.1388198091 1.0000000
65-22   3.497955e-02 -0.0815363532  0.1514954441 1.0000000
66-22   4.203451e-02 -0.0814052052  0.1654742193 1.0000000
67-22   3.352229e-02 -0.0847737629  0.1518183412 1.0000000
68-22   1.407237e-02 -0.1070538385  0.1351985753 1.0000000
69-22   4.816373e-02 -0.0641909247  0.1605183756 1.0000000
70-22   3.489086e-02 -0.0800130115  0.1497947319 1.0000000
71-22   1.870275e-02 -0.0968273453  0.1342328398 1.0000000
72-22   1.575120e-02 -0.1025448472  0.1340472568 1.0000000
73-22   3.413444e-02 -0.0817178694  0.1499867583 1.0000000
74-22   3.398600e-02 -0.0875816094  0.1555536094 1.0000000
75-22   9.665385e-03 -0.1106074183  0.1299381875 1.0000000
76-22   2.934266e-02 -0.0812878846  0.1399732057 1.0000000
77-22   4.180636e-02 -0.0685937740  0.1522065013 1.0000000
78-22   4.137154e-02 -0.0650905751  0.1478336520 1.0000000
79-22   1.205667e-02 -0.0880904551  0.1122037884 1.0000000
80-22   3.539910e-02 -0.0614908236  0.1322890218 1.0000000
81-22   1.561842e-02 -0.0808972508  0.1121340929 1.0000000
82-22   4.244944e-03 -0.0960922969  0.1045821845 1.0000000
83-22   4.830263e-02 -0.0612118262  0.1578170893 1.0000000
84-22   1.742475e-02 -0.0957343198  0.1305838147 1.0000000
85-22  -2.915584e-04 -0.1209862759  0.1204031590 1.0000000
86-22   1.954583e-02 -0.0944617083  0.1335533749 1.0000000
87-22   6.361828e-03 -0.1085420438  0.1212656997 1.0000000
88-22   2.768488e-02 -0.0895214411  0.1448912085 1.0000000
89-22   4.851556e-02 -0.0673367583  0.1643678694 1.0000000
90-22   3.415385e-02 -0.0776873076  0.1459949999 1.0000000
91-22  -7.318254e-03 -0.1144783877  0.0998418798 1.0000000
92-22   7.692600e-02 -0.0359602086  0.1898122086 0.9399471
93-22   5.503866e-02 -0.0586809361  0.1687582557 0.9999984
94-22   7.147331e-02 -0.0344900494  0.1774366659 0.9500175
95-22   8.154083e-02 -0.0267439870  0.1898256536 0.7526344
96-22   9.243129e-02 -0.0125927794  0.1974553693 0.2669553
97-22   5.896271e-02 -0.0497196121  0.1676450358 0.9998497
98-22   4.377636e-02 -0.0666237740  0.1541765013 1.0000000
99-22   5.234664e-02 -0.0512643067  0.1559575953 0.9999901
100-22 -3.279728e-02 -0.1195946330  0.0540000661 1.0000000
24-23  -3.392126e-03 -0.1500677796  0.1432835272 1.0000000
25-23  -3.798722e-02 -0.2038190105  0.1278445620 1.0000000
26-23   3.093735e-02 -0.1400544004  0.2019290980 1.0000000
27-23   2.370933e-02 -0.1405680522  0.1879867129 1.0000000
28-23   5.553357e-02 -0.1193853079  0.2304524415 1.0000000
29-23   4.817113e-02 -0.1118592637  0.2082015335 1.0000000
30-23  -1.529353e-02 -0.1923488944  0.1617618408 1.0000000
31-23  -3.028586e-02 -0.1865995172  0.1260277946 1.0000000
32-23   4.166773e-04 -0.1479155033  0.1487488578 1.0000000
33-23  -2.856615e-02 -0.1913618531  0.1342295615 1.0000000
34-23  -3.663413e-02 -0.1789487284  0.1056804718 1.0000000
35-23  -5.021581e-02 -0.1977054889  0.0972738639 1.0000000
36-23   8.798709e-03 -0.1422481246  0.1598455430 1.0000000
37-23   1.071034e-03 -0.1448176219  0.1469596893 1.0000000
38-23  -4.332781e-02 -0.1837479574  0.0970923324 1.0000000
39-23  -2.113250e-02 -0.1518204976  0.1095554899 1.0000000
40-23   5.280849e-04 -0.1209619217  0.1220180916 1.0000000
41-23  -2.843660e-02 -0.1474607999  0.0905875992 1.0000000
42-23  -2.125724e-02 -0.1499407918  0.1074263162 1.0000000
43-23  -1.188214e-02 -0.1452704814  0.1215062077 1.0000000
44-23   3.623357e-02 -0.1386853079  0.2111524415 1.0000000
45-23  -7.427257e-03 -0.1702229643  0.1553684504 1.0000000
46-23  -3.292865e-02 -0.2199666737  0.1541093820 1.0000000
47-23  -1.688939e-02 -0.1769197900  0.1431410071 1.0000000
48-23  -6.497812e-03 -0.1793988100  0.1664031850 1.0000000
49-23  -6.987123e-03 -0.1819059975  0.1679317518 1.0000000
50-23  -2.754230e-02 -0.1562258492  0.1011412587 1.0000000
51-23  -3.106210e-02 -0.1953394807  0.1332152843 1.0000000
52-23  -3.482704e-02 -0.1807156989  0.1110616123 1.0000000
53-23  -5.037781e-02 -0.1978674889  0.0971118639 1.0000000
54-23   4.952902e-03 -0.1247009472  0.1346067508 1.0000000
55-23  -1.181038e-02 -0.1436029901  0.1199822369 1.0000000
56-23   2.700455e-02 -0.1010647163  0.1550738104 1.0000000
57-23  -3.864547e-02 -0.1708232365  0.0935322868 1.0000000
58-23   7.053299e-03 -0.1207179989  0.1348245961 1.0000000
59-23   2.650557e-04 -0.1192102083  0.1197403197 1.0000000
60-23  -5.173773e-05 -0.1113810973  0.1112776218 1.0000000
61-23  -1.520964e-02 -0.1236965295  0.0932772549 1.0000000
62-23  -1.280781e-02 -0.1246983626  0.0990827376 1.0000000
63-23  -1.882330e-02 -0.1349281587  0.0972815659 1.0000000
64-23  -1.911416e-03 -0.1245569489  0.1207341167 1.0000000
65-23   4.421733e-03 -0.1239515528  0.1327950187 1.0000000
66-23   1.147669e-02 -0.1232122375  0.1461656266 1.0000000
67-23   2.964477e-03 -0.1270266837  0.1329556370 1.0000000
68-23  -1.648544e-02 -0.1490573259  0.1160864378 1.0000000
69-23   1.760591e-02 -0.1070027274  0.1422145534 1.0000000
70-23   4.333048e-03 -0.1225789123  0.1312450077 1.0000000
71-23  -1.185507e-02 -0.1393342720  0.1156241415 1.0000000
72-23  -1.480661e-02 -0.1447977681  0.1151845527 1.0000000
73-23   3.576632e-03 -0.1241946656  0.1313479295 1.0000000
74-23   3.428188e-03 -0.1295471091  0.1364034841 1.0000000
75-23  -2.089243e-02 -0.1526850414  0.1109001856 1.0000000
76-23  -1.215152e-03 -0.1242714942  0.1218411903 1.0000000
77-23   1.124855e-02 -0.1116006908  0.1340977931 1.0000000
78-23   1.081373e-02 -0.1085090609  0.1301365129 1.0000000
79-23  -1.850115e-02 -0.1322253379  0.0952230462 1.0000000
80-23   4.841287e-03 -0.1060253133  0.1157078865 1.0000000
81-23  -1.493939e-02 -0.1254790711  0.0956002882 1.0000000
82-23  -2.631287e-02 -0.1402045177  0.0875787804 1.0000000
83-23   1.774482e-02 -0.1043091129  0.1397987511 1.0000000
84-23  -1.313307e-02 -0.1384674991  0.1122013690 1.0000000
85-23  -3.084937e-02 -0.1630271326  0.1013283907 1.0000000
86-23  -1.101198e-02 -0.1371129918  0.1150890335 1.0000000
87-23  -2.419598e-02 -0.1511079445  0.1027159755 1.0000000
88-23  -2.872929e-03 -0.1318731940  0.1261273365 1.0000000
89-23   1.795774e-02 -0.1098135545  0.1457290406 1.0000000
90-23   3.596034e-03 -0.1205498061  0.1277418734 1.0000000
91-23  -3.787607e-02 -0.1578220548  0.0820699219 1.0000000
92-23   4.636819e-02 -0.0787199492  0.1714563242 1.0000000
93-23   2.448085e-02 -0.1013598947  0.1503215893 1.0000000
94-23   4.091550e-02 -0.0779625048  0.1597934963 1.0000000
95-23   5.098302e-02 -0.0699688215  0.1719348632 1.0000000
96-23   6.187348e-02 -0.0561680443  0.1799150093 0.9999574
97-23   2.840490e-02 -0.0929029462  0.1497127449 1.0000000
98-23   1.321855e-02 -0.1096306908  0.1360677931 1.0000000
99-23   2.178883e-02 -0.0949971905  0.1385748541 1.0000000
100-23 -6.335510e-02 -0.1655193056  0.0388091138 0.9917567
25-24  -3.459510e-02 -0.2076042601  0.1384140640 1.0000000
26-24   3.432948e-02 -0.1436316644  0.2122906144 1.0000000
27-24   2.710146e-02 -0.1444183593  0.1986212724 1.0000000
28-24   5.892569e-02 -0.1228120343  0.2406634204 1.0000000
29-24   5.156326e-02 -0.1158933521  0.2190198743 1.0000000
30-24  -1.190140e-02 -0.1956963734  0.1718935722 1.0000000
31-24  -2.689374e-02 -0.1908020870  0.1370146169 1.0000000
32-24   3.808804e-03 -0.1525063417  0.1601239487 1.0000000
33-24  -2.517402e-02 -0.1952752575  0.1449272183 1.0000000
34-24  -3.324200e-02 -0.1838588478  0.1173748437 1.0000000
35-24  -4.682369e-02 -0.2023395809  0.1086922084 1.0000000
36-24   1.219084e-02 -0.1467026346  0.1710843055 1.0000000
37-24   4.463160e-03 -0.1495351799  0.1584614997 1.0000000
38-24  -3.993569e-02 -0.1887637949  0.1088924223 1.0000000
39-24  -1.774038e-02 -0.1574233778  0.1219426226 1.0000000
40-24   3.920211e-03 -0.1271973336  0.1350377559 1.0000000
41-24  -2.504447e-02 -0.1538806061  0.1037916578 1.0000000
42-24  -1.786511e-02 -0.1556745666  0.1199443434 1.0000000
43-24  -8.490011e-03 -0.1507026658  0.1337226446 1.0000000
44-24   3.962569e-02 -0.1421120343  0.2213634204 1.0000000
45-24  -4.035131e-03 -0.1741363686  0.1660661072 1.0000000
46-24  -2.953652e-02 -0.2229666431  0.1638936039 1.0000000
47-24  -1.349727e-02 -0.1809538784  0.1539593480 1.0000000
48-24  -3.105686e-03 -0.1829020816  0.1766907090 1.0000000
49-24  -3.594997e-03 -0.1853327240  0.1781427307 1.0000000
50-24  -2.415017e-02 -0.1619596240  0.1136592860 1.0000000
51-24  -2.766997e-02 -0.1991897879  0.1438498439 1.0000000
52-24  -3.143492e-02 -0.1854332568  0.1225634227 1.0000000
53-24  -4.698569e-02 -0.2025015809  0.1085302084 1.0000000
54-24   8.345028e-03 -0.1303709025  0.1470609585 1.0000000
55-24  -8.418250e-03 -0.1491352777  0.1322987770 1.0000000
56-24   3.039667e-02 -0.1068393462  0.1676326927 1.0000000
57-24  -3.525335e-02 -0.1763311623  0.1058244650 1.0000000
58-24   1.044542e-02 -0.1265125734  0.1474034231 1.0000000
59-24   3.657182e-03 -0.1255957775  0.1329101414 1.0000000
60-24   3.340388e-03 -0.1184225579  0.1251033349 1.0000000
61-24  -1.181751e-02 -0.1309871154  0.1073520932 1.0000000
62-24  -9.415686e-03 -0.1316919473  0.1128605748 1.0000000
63-24  -1.543117e-02 -0.1415752460  0.1107129057 1.0000000
64-24   1.480710e-03 -0.1307082287  0.1336696489 1.0000000
65-24   7.813859e-03 -0.1297059188  0.1453336371 1.0000000
66-24   1.486882e-02 -0.1285644293  0.1583020709 1.0000000
67-24   6.356603e-03 -0.1326746548  0.1453878605 1.0000000
68-24  -1.309332e-02 -0.1545404553  0.1283538195 1.0000000
69-24   2.099804e-02 -0.1130142815  0.1550103599 1.0000000
70-24   7.725174e-03 -0.1284314800  0.1438818279 1.0000000
71-24  -8.462939e-03 -0.1451484795  0.1282226014 1.0000000
72-24  -1.141448e-02 -0.1504457391  0.1276167762 1.0000000
73-24   6.968758e-03 -0.1299892401  0.1439267565 1.0000000
74-24   6.820314e-03 -0.1350049955  0.1486456230 1.0000000
75-24  -1.750030e-02 -0.1582173290  0.1232167257 1.0000000
76-24   2.176974e-03 -0.1303932041  0.1347471527 1.0000000
77-24   1.464068e-02 -0.1177372856  0.1470186403 1.0000000
78-24   1.420585e-02 -0.1149061778  0.1433178822 1.0000000
79-24  -1.510902e-02 -0.1390653856  0.1088473464 1.0000000
80-24   8.233413e-03 -0.1131065715  0.1295733972 1.0000000
81-24  -1.154727e-02 -0.1325886201  0.1094940897 1.0000000
82-24  -2.292074e-02 -0.1470307604  0.1011892755 1.0000000
83-24   2.113695e-02 -0.1105032884  0.1527771790 1.0000000
84-24  -9.740939e-03 -0.1444283888  0.1249465112 1.0000000
85-24  -2.745724e-02 -0.1685350584  0.1136205689 1.0000000
86-24  -7.619853e-03 -0.1430209394  0.1277812335 1.0000000
87-24  -2.080386e-02 -0.1569605123  0.1153527956 1.0000000
88-24   5.191974e-04 -0.1375860423  0.1386244372 1.0000000
89-24   2.134987e-02 -0.1156081290  0.1583078676 1.0000000
90-24   6.988160e-03 -0.1265939436  0.1405702633 1.0000000
91-24  -3.448394e-02 -0.1641721392  0.0952042587 1.0000000
92-24   4.976031e-02 -0.0846979726  0.1842186001 1.0000000
93-24   2.787297e-02 -0.1072857523  0.1630316993 1.0000000
94-24   4.430762e-02 -0.0843934574  0.1730087014 1.0000000
95-24   5.437515e-02 -0.0762439059  0.1849942000 1.0000000
96-24   6.526561e-02 -0.0626632421  0.1931944595 0.9999852
97-24   3.179703e-02 -0.0991517515  0.1627458027 1.0000000
98-24   1.661068e-02 -0.1157672856  0.1489886403 1.0000000
99-24   2.518096e-02 -0.1015903472  0.1519522633 1.0000000
100-24 -5.996297e-02 -0.1734068526  0.0534809132 0.9999417
26-25   6.892457e-02 -0.1251285154  0.2629776616 1.0000000
27-25   6.169655e-02 -0.1264668883  0.2498599976 1.0000000
28-25   9.352079e-02 -0.1040014496  0.2910430318 0.9999994
29-25   8.615836e-02 -0.0983088502  0.2706255685 0.9999997
30-25   2.269370e-02 -0.1767230171  0.2221104121 1.0000000
31-25   7.701363e-03 -0.1735508973  0.1889536233 1.0000000
32-25   3.840390e-02 -0.1360118622  0.2128196653 1.0000000
33-25   9.421078e-03 -0.1774501745  0.1962923314 1.0000000
34-25   1.353096e-03 -0.1679745989  0.1706807908 1.0000000
35-25  -1.222859e-02 -0.1859284084  0.1614712319 1.0000000
36-25   4.678593e-02 -0.1299442814  0.2235161484 1.0000000
37-25   3.905826e-02 -0.1332841997  0.2114007155 1.0000000
38-25  -5.340588e-03 -0.1730791942  0.1623980178 1.0000000
39-25   1.685472e-02 -0.1428255056  0.1765349464 1.0000000
40-25   3.851531e-02 -0.1137287205  0.1907593389 1.0000000
41-25   9.550624e-03 -0.1407330510  0.1598342988 1.0000000
42-25   1.672999e-02 -0.1413139312  0.1747739042 1.0000000
43-25   2.610509e-02 -0.1357926374  0.1880028123 1.0000000
44-25   7.422079e-02 -0.1233014496  0.2717430318 1.0000000
45-25   3.055997e-02 -0.1563112856  0.2174312203 1.0000000
46-25   5.058578e-03 -0.2032720403  0.2133891972 1.0000000
47-25   2.109783e-02 -0.1633693765  0.2055650422 1.0000000
48-25   3.148941e-02 -0.1642481109  0.2272269345 1.0000000
49-25   3.100010e-02 -0.1665221393  0.2285223421 1.0000000
50-25   1.044493e-02 -0.1475989887  0.1684888467 1.0000000
51-25   6.925126e-03 -0.1812383169  0.1950885690 1.0000000
52-25   3.160181e-03 -0.1691822766  0.1755026386 1.0000000
53-25  -1.239059e-02 -0.1860904084  0.1613092319 1.0000000
54-25   4.294013e-02 -0.1158948305  0.2017750826 1.0000000
55-25   2.617685e-02 -0.1344086929  0.1867623882 1.0000000
56-25   6.499177e-02 -0.0925523783  0.2225359209 1.0000000
57-25  -6.582506e-04 -0.1615600328  0.1602435317 1.0000000
58-25   4.504052e-02 -0.1122615029  0.2023425487 1.0000000
59-25   3.825228e-02 -0.1123888882  0.1888934482 1.0000000
60-25   3.793549e-02 -0.1063304109  0.1822013839 1.0000000
61-25   2.277759e-02 -0.1193062919  0.1648614658 1.0000000
62-25   2.517941e-02 -0.1195199941  0.1698788176 1.0000000
63-25   1.916393e-02 -0.1288183748  0.1671462306 1.0000000
64-25   3.607581e-02 -0.1170919090  0.1892435253 1.0000000
65-25   4.240896e-02 -0.1153824347  0.2002003491 1.0000000
66-25   4.946392e-02 -0.1135070334  0.2124348710 1.0000000
67-25   4.095170e-02 -0.1181587156  0.2000621174 1.0000000
68-25   2.150178e-02 -0.1397239210  0.1827274813 1.0000000
69-25   5.559314e-02 -0.0991509616  0.2103372361 1.0000000
70-25   4.232027e-02 -0.1142845442  0.1989250881 1.0000000
71-25   2.613216e-02 -0.1309327034  0.1831970214 1.0000000
72-25   2.318062e-02 -0.1359297999  0.1822910331 1.0000000
73-25   4.156386e-02 -0.1157381696  0.1988658820 1.0000000
74-25   4.141541e-02 -0.1201421705  0.2029729940 1.0000000
75-25   1.709480e-02 -0.1434907441  0.1776803369 1.0000000
76-25   3.677207e-02 -0.1167247883  0.1902689330 1.0000000
77-25   4.923578e-02 -0.1040951057  0.2025666565 1.0000000
78-25   4.880095e-02 -0.1017193153  0.1993212157 1.0000000
79-25   1.948608e-02 -0.1266358388  0.1656079957 1.0000000
80-25   4.282851e-02 -0.1010805779  0.1867375996 1.0000000
81-25   2.304783e-02 -0.1206095500  0.1667052156 1.0000000
82-25   1.167436e-02 -0.1345779284  0.1579266396 1.0000000
83-25   5.573204e-02 -0.0969623743  0.2084264610 1.0000000
84-25   2.485416e-02 -0.1304749855  0.1801833040 1.0000000
85-25   7.137853e-03 -0.1537639289  0.1680396356 1.0000000
86-25   2.697525e-02 -0.1289731061  0.1829235963 1.0000000
87-25   1.379124e-02 -0.1428135764  0.1703960559 1.0000000
88-25   3.511430e-02 -0.1231876037  0.1934161947 1.0000000
89-25   5.594497e-02 -0.1013570585  0.2132469931 1.0000000
90-25   4.158326e-02 -0.1127884117  0.1959549276 1.0000000
91-25   1.111578e-04 -0.1509036195  0.1511259351 1.0000000
92-25   8.435541e-02 -0.0707750649  0.2394858885 0.9998370
93-25   6.246807e-02 -0.0932698981  0.2182060412 1.0000000
94-25   7.890272e-02 -0.0712651922  0.2290706323 0.9999534
95-25   8.897025e-02 -0.0628446785  0.2407851687 0.9981960
96-25   9.986071e-02 -0.0496458982  0.2493673116 0.9583679
97-25   6.639212e-02 -0.0857065820  0.2184908293 1.0000000
98-25   5.120578e-02 -0.1021251057  0.2045366565 1.0000000
99-25   5.977606e-02 -0.0887412758  0.2082933879 1.0000000
100-25 -2.536787e-02 -0.1626848356  0.1119490923 1.0000000
27-26  -7.228018e-03 -0.1999544521  0.1854984152 1.0000000
28-26   2.459622e-02 -0.1772775855  0.2264700216 1.0000000
29-26   1.723379e-02 -0.1718856162  0.2063531883 1.0000000
30-26  -4.623088e-02 -0.2499586916  0.1574969405 1.0000000
31-26  -6.122321e-02 -0.2472080988  0.1247616787 1.0000000
32-26  -3.052067e-02 -0.2098495750  0.1488082320 1.0000000
33-26  -5.950349e-02 -0.2509685362  0.1319615470 1.0000000
34-26  -6.757148e-02 -0.2419557230  0.1068127688 1.0000000
35-26  -8.115316e-02 -0.2597858136  0.0974794911 0.9999999
36-26  -2.213864e-02 -0.2037193815  0.1594421023 1.0000000
37-26  -2.986632e-02 -0.2071793707  0.1474467404 1.0000000
38-26  -7.426516e-02 -0.2471068140  0.0985764914 1.0000000
39-26  -5.206985e-02 -0.2171024905  0.1129627852 1.0000000
40-26  -3.040926e-02 -0.1882580572  0.1274395295 1.0000000
41-26  -5.937395e-02 -0.2153328537  0.0965849554 1.0000000
42-26  -5.219459e-02 -0.2156445083  0.1112553351 1.0000000
43-26  -4.281949e-02 -0.2099986419  0.1243596707 1.0000000
44-26   5.296218e-03 -0.1965775855  0.2071700216 1.0000000
45-26  -3.836461e-02 -0.2298296473  0.1531004359 1.0000000
46-26  -6.386599e-02 -0.2763269174  0.1485949281 1.0000000
47-26  -4.782674e-02 -0.2369461425  0.1412926620 1.0000000
48-26  -3.743516e-02 -0.2375630573  0.1626927347 1.0000000
49-26  -3.792447e-02 -0.2397982752  0.1639493319 1.0000000
50-26  -5.847964e-02 -0.2219295657  0.1049702776 1.0000000
51-26  -6.199945e-02 -0.2547258807  0.1307269867 1.0000000
52-26  -6.576439e-02 -0.2430774476  0.1115486635 1.0000000
53-26  -8.131516e-02 -0.2599478136  0.0973174911 0.9999999
54-26  -2.598445e-02 -0.1901993683  0.1382304743 1.0000000
55-26  -4.274773e-02 -0.2086564738  0.1231610230 1.0000000
56-26  -3.932802e-03 -0.1668995347  0.1590339312 1.0000000
57-26  -6.958282e-02 -0.2357976861  0.0966320389 1.0000000
58-26  -2.388405e-02 -0.1866167276  0.1388486272 1.0000000
59-26  -3.067229e-02 -0.1869757112  0.1256311251 1.0000000
60-26  -3.098909e-02 -0.1811578121  0.1191796390 1.0000000
61-26  -4.614699e-02 -0.1942207029  0.1019267307 1.0000000
62-26  -4.374516e-02 -0.1943304030  0.1068400804 1.0000000
63-26  -4.976065e-02 -0.2035031535  0.1039818632 1.0000000
64-26  -3.284876e-02 -0.1915886356  0.1258911058 1.0000000
65-26  -2.651562e-02 -0.1897213765  0.1366901449 1.0000000
66-26  -1.946065e-02 -0.1876793459  0.1487580375 1.0000000
67-26  -2.797287e-02 -0.1924542438  0.1365084995 1.0000000
68-26  -4.742279e-02 -0.2139512399  0.1191056542 1.0000000
69-26  -1.333144e-02 -0.1735928881  0.1469300165 1.0000000
70-26  -2.660430e-02 -0.1886631343  0.1354545321 1.0000000
71-26  -4.279241e-02 -0.2052958539  0.1197110259 1.0000000
72-26  -4.574396e-02 -0.2102253281  0.1187374151 1.0000000
73-26  -2.736072e-02 -0.1900933943  0.1353719606 1.0000000
74-26  -2.750916e-02 -0.1943589421  0.1393406195 1.0000000
75-26  -5.182978e-02 -0.2177385251  0.1140789717 1.0000000
76-26  -3.215250e-02 -0.1912099847  0.1269049832 1.0000000
77-26  -1.968880e-02 -0.1785861106  0.1392085153 1.0000000
78-26  -2.012362e-02 -0.1763105215  0.1360632758 1.0000000
79-26  -4.943849e-02 -0.2013911573  0.1025141680 1.0000000
80-26  -2.609606e-02 -0.1759220373  0.1237299129 1.0000000
81-26  -4.587674e-02 -0.1954609660  0.1037074856 1.0000000
82-26  -5.725022e-02 -0.2093282486  0.0948278137 1.0000000
83-26  -1.319253e-02 -0.1714757637  0.1450907042 1.0000000
84-26  -4.407041e-02 -0.2048968426  0.1167560149 1.0000000
85-26  -6.178672e-02 -0.2280015822  0.1044281427 1.0000000
86-26  -4.194933e-02 -0.2033738776  0.1194752217 1.0000000
87-26  -5.513333e-02 -0.2171921665  0.1069254999 1.0000000
88-26  -3.381028e-02 -0.1975096614  0.1298891063 1.0000000
89-26  -1.297961e-02 -0.1757122832  0.1497530717 1.0000000
90-26  -2.734132e-02 -0.1872431893  0.1325605590 1.0000000
91-26  -6.881342e-02 -0.2254769399  0.0878501094 1.0000000
92-26   1.543084e-02 -0.1452037210  0.1760653984 1.0000000
93-26  -6.456501e-03 -0.1676778158  0.1547648128 1.0000000
94-26   9.978147e-03 -0.1458692106  0.1658255045 1.0000000
95-26   2.004567e-02 -0.1373892923  0.1774806364 1.0000000
96-26   3.093613e-02 -0.1242741169  0.1861463842 1.0000000
97-26  -2.532449e-03 -0.1602410834  0.1551761845 1.0000000
98-26  -1.771880e-02 -0.1766161106  0.1411785153 1.0000000
99-26  -9.148517e-03 -0.1634060771  0.1451090431 1.0000000
100-26 -9.429244e-02 -0.2377983525  0.0492134631 0.9698313
28-27   3.182424e-02 -0.1643948061  0.2280432790 1.0000000
29-27   2.446180e-02 -0.1586092976  0.2075329066 1.0000000
30-27  -3.900286e-02 -0.2371288351  0.1591231208 1.0000000
31-27  -5.399519e-02 -0.2338263874  0.1258360041 1.0000000
32-27  -2.329265e-02 -0.1962311847  0.1496458786 1.0000000
33-27  -5.227548e-02 -0.2377687167  0.1332177643 1.0000000
34-27  -6.034346e-02 -0.2281491359  0.1074622186 1.0000000
35-27  -7.392514e-02 -0.2461415898  0.0982913041 1.0000000
36-27  -1.491062e-02 -0.1901831116  0.1603618694 1.0000000
37-27  -2.263830e-02 -0.1934855963  0.1482090029 1.0000000
38-27  -6.703714e-02 -0.2332391796  0.0991648939 1.0000000
39-27  -4.484183e-02 -0.2029071740  0.1132235056 1.0000000
40-27  -2.318125e-02 -0.1737306448  0.1273681540 1.0000000
41-27  -5.214593e-02 -0.2007126161  0.0964207547 1.0000000
42-27  -4.496657e-02 -0.2013787064  0.1114455701 1.0000000
43-27  -3.559147e-02 -0.1958966461  0.1247137118 1.0000000
44-27   1.252424e-02 -0.1836948061  0.2087432790 1.0000000
45-27  -3.113659e-02 -0.2166298278  0.1543566532 1.0000000
46-27  -5.663798e-02 -0.2637334223  0.1504574699 1.0000000
47-27  -4.059872e-02 -0.2236698239  0.1424723803 1.0000000
48-27  -3.020714e-02 -0.2246295049  0.1642152192 1.0000000
49-27  -3.069645e-02 -0.2269154958  0.1655225893 1.0000000
50-27  -5.125163e-02 -0.2076637639  0.1051605127 1.0000000
51-27  -5.477143e-02 -0.2415663920  0.1320235348 1.0000000
52-27  -5.853637e-02 -0.2293836732  0.1123109259 1.0000000
53-27  -7.408714e-02 -0.2463035898  0.0981293041 1.0000000
54-27  -1.875643e-02 -0.1759678165  0.1384549594 1.0000000
55-27  -3.551971e-02 -0.1944995576  0.1234601437 1.0000000
56-27   3.295217e-03 -0.1526119228  0.1592023562 1.0000000
57-27  -6.235481e-02 -0.2216540852  0.0969444748 1.0000000
58-27  -1.665603e-02 -0.1723185012  0.1390064377 1.0000000
59-27  -2.344427e-02 -0.1723725750  0.1254840257 1.0000000
60-27  -2.376107e-02 -0.1662374740  0.1187153378 1.0000000
61-27  -3.891897e-02 -0.1791855200  0.1013475847 1.0000000
62-27  -3.651714e-02 -0.1794324854  0.1063981997 1.0000000
63-27  -4.253263e-02 -0.1887709219  0.1037056685 1.0000000
64-27  -2.562075e-02 -0.1771041669  0.1258626740 1.0000000
65-27  -1.928760e-02 -0.1754445711  0.1368693763 1.0000000
66-27  -1.223264e-02 -0.1736216328  0.1491563612 1.0000000
67-27  -2.074485e-02 -0.1782345414  0.1367448340 1.0000000
68-27  -4.019477e-02 -0.1998212252  0.1194316764 1.0000000
69-27  -6.103417e-03 -0.1591805652  0.1469737305 1.0000000
70-27  -1.937628e-02 -0.1743341657  0.1355816004 1.0000000
71-27  -3.556440e-02 -0.1909871999  0.1198584087 1.0000000
72-27  -3.851594e-02 -0.1960056257  0.1189737496 1.0000000
73-27  -2.013270e-02 -0.1757951679  0.1355297711 1.0000000
74-27  -2.028114e-02 -0.1802427928  0.1396805071 1.0000000
75-27  -4.460176e-02 -0.2035816089  0.1143780924 1.0000000
76-27  -2.492448e-02 -0.1767406979  0.1268917333 1.0000000
77-27  -1.246078e-02 -0.1641091758  0.1391876174 1.0000000
78-27  -1.289560e-02 -0.1617016104  0.1359104016 1.0000000
79-27  -4.221048e-02 -0.1865659118  0.1021449594 1.0000000
80-27  -1.886804e-02 -0.1609831482  0.1232470607 1.0000000
81-27  -3.864872e-02 -0.1805089372  0.1032114936 1.0000000
82-27  -5.002220e-02 -0.1945095952  0.0944651972 1.0000000
83-27  -5.964511e-03 -0.1569693531  0.1450403305 1.0000000
84-27  -3.684240e-02 -0.1905109357  0.1168261450 1.0000000
85-27  -5.455870e-02 -0.2138579813  0.1047405787 1.0000000
86-27  -3.472131e-02 -0.1890157207  0.1195731017 1.0000000
87-27  -4.790531e-02 -0.2028631980  0.1070525682 1.0000000
88-27  -2.658226e-02 -0.1832550659  0.1300905476 1.0000000
89-27  -5.751587e-03 -0.1614140568  0.1499108822 1.0000000
90-27  -2.011330e-02 -0.1728139499  0.1325873564 1.0000000
91-27  -6.158540e-02 -0.2108915925  0.0877207988 1.0000000
92-27   2.265886e-02 -0.1308088655  0.1761265798 1.0000000
93-27   7.715169e-04 -0.1533102545  0.1548532883 1.0000000
94-27   1.720617e-02 -0.1312434185  0.1656557493 1.0000000
95-27   2.727369e-02 -0.1228417588  0.1773891397 1.0000000
96-27   3.816415e-02 -0.1096164352  0.1859447394 1.0000000
97-27   4.695569e-03 -0.1457068689  0.1550980069 1.0000000
98-27  -1.049078e-02 -0.1621391758  0.1411576174 1.0000000
99-27  -1.920499e-03 -0.1487001802  0.1448591831 1.0000000
100-27 -8.706443e-02 -0.2225001146  0.0483712621 0.9809651
29-28  -7.362432e-03 -0.2000398378  0.1853149739 1.0000000
30-28  -7.082709e-02 -0.2778620120  0.1362078248 1.0000000
31-28  -8.581943e-02 -0.2754211508  0.1037822947 0.9999999
32-28  -5.511689e-02 -0.2381941684  0.1279603894 1.0000000
33-28  -8.409971e-02 -0.2790799593  0.1108805340 1.0000000
34-28  -9.216770e-02 -0.2704043346  0.0860689444 0.9999748
35-28  -1.057494e-01 -0.2881447162  0.0766459575 0.9986867
36-28  -4.673486e-02 -0.2320184247  0.1385487096 1.0000000
37-28  -5.446253e-02 -0.2355656918  0.1266406255 1.0000000
38-28  -9.886138e-02 -0.2755890549  0.0778662963 0.9995732
39-28  -7.666607e-02 -0.2457642846  0.0924321433 0.9999999
40-28  -5.500548e-02 -0.2171001332  0.1070891694 1.0000000
41-28  -8.397017e-02 -0.2442250090  0.0762846746 0.9999580
42-28  -7.679080e-02 -0.2443447103  0.0907631011 0.9999999
43-28  -6.741570e-02 -0.2386094673  0.1037780600 1.0000000
44-28  -1.930000e-02 -0.2245107867  0.1859107867 1.0000000
45-28  -6.296082e-02 -0.2579410704  0.1320194229 1.0000000
46-28  -8.846221e-02 -0.3040963429  0.1271719176 1.0000000
47-28  -7.242296e-02 -0.2651003641  0.1202544476 1.0000000
48-28  -6.203138e-02 -0.2655248907  0.1414621321 1.0000000
49-28  -6.252069e-02 -0.2677314763  0.1426900970 1.0000000
50-28  -8.307586e-02 -0.2506297678  0.0844780436 0.9999955
51-28  -8.659567e-02 -0.2828147076  0.1096233775 1.0000000
52-28  -9.036061e-02 -0.2714637688  0.0907425486 0.9999941
53-28  -1.059114e-01 -0.2883067162  0.0764839575 0.9986252
54-28  -5.058067e-02 -0.2188809170  0.1177195869 1.0000000
55-28  -6.734394e-02 -0.2372973112  0.1026094244 1.0000000
56-28  -2.852902e-02 -0.1956116055  0.1385535660 1.0000000
57-28  -9.417904e-02 -0.2644312514  0.0760731681 0.9997059
58-28  -4.848027e-02 -0.2153345721  0.1183740357 1.0000000
59-28  -5.526851e-02 -0.2158586507  0.1053216286 1.0000000
60-28  -5.558530e-02 -0.2102109187  0.0990403096 1.0000000
61-28  -7.074320e-02 -0.2233350126  0.0818486044 0.9999998
62-28  -6.834138e-02 -0.2233715359  0.0866887772 1.0000000
63-28  -7.435686e-02 -0.2324555453  0.0837418190 0.9999996
64-28  -5.744498e-02 -0.2204074969  0.1055175311 1.0000000
65-28  -5.111183e-02 -0.2184275676  0.1162038999 1.0000000
66-28  -4.405687e-02 -0.2162659390  0.1281521944 1.0000000
67-28  -5.256909e-02 -0.2211293347  0.1159911544 1.0000000
68-28  -7.201901e-02 -0.2425773824  0.0985393607 1.0000000
69-28  -3.792765e-02 -0.2023726827  0.1265173750 1.0000000
70-28  -5.120052e-02 -0.2173976907  0.1149966525 1.0000000
71-28  -6.738863e-02 -0.2340193687  0.0992421046 1.0000000
72-28  -7.034017e-02 -0.2389004190  0.0982200700 1.0000000
73-28  -5.195693e-02 -0.2188112387  0.1148973690 1.0000000
74-28  -5.210538e-02 -0.2229775063  0.1187667476 1.0000000
75-28  -7.642599e-02 -0.2463793625  0.0935273731 0.9999999
76-28  -5.674872e-02 -0.2200206319  0.1065231944 1.0000000
77-28  -4.428502e-02 -0.2074008962  0.1188308649 1.0000000
78-28  -4.471984e-02 -0.2051965735  0.1157568918 1.0000000
79-28  -7.403471e-02 -0.2303934224  0.0823239971 0.9999994
80-28  -5.069228e-02 -0.2049850449  0.1036004845 1.0000000
81-28  -7.047296e-02 -0.2245309831  0.0835850666 0.9999999
82-28  -8.184644e-02 -0.2383269837  0.0746341127 0.9999608
83-28  -3.778875e-02 -0.2003064900  0.1247289946 1.0000000
84-28  -6.866663e-02 -0.2336623124  0.0963290487 1.0000000
85-28  -8.638294e-02 -0.2566351475  0.0838692720 0.9999882
86-28  -6.654555e-02 -0.2321242875  0.0990331955 1.0000000
87-28  -7.972955e-02 -0.2459267229  0.0864676202 0.9999989
88-28  -5.840650e-02 -0.2262037622  0.1093907710 1.0000000
89-28  -3.757582e-02 -0.2044301276  0.1292784801 1.0000000
90-28  -5.193753e-02 -0.2160321515  0.1121570852 1.0000000
91-28  -9.340963e-02 -0.2543502881  0.0675310215 0.9986442
92-28  -9.165379e-03 -0.1739740447  0.1556432861 1.0000000
93-28  -3.105272e-02 -0.1964333308  0.1343278918 1.0000000
94-28  -1.461807e-02 -0.1747643581  0.1455282160 1.0000000
95-28  -4.550546e-03 -0.1662422353  0.1571411434 1.0000000
96-28   6.339916e-03 -0.1531864342  0.1658662655 1.0000000
97-28  -2.712867e-02 -0.1890868338  0.1348294989 1.0000000
98-28  -4.231502e-02 -0.2054308962  0.1208008649 1.0000000
99-28  -3.374474e-02 -0.1923443229  0.1248548528 1.0000000
100-28 -1.188887e-01 -0.2670520185  0.0292746930 0.5567519
30-29  -6.346466e-02 -0.2580837080  0.1311543847 1.0000000
31-29  -7.845700e-02 -0.2544170172  0.0975030249 1.0000000
32-29  -4.775446e-02 -0.2166639179  0.1211550028 1.0000000
33-29  -7.673728e-02 -0.2584799898  0.1050054284 1.0000000
34-29  -8.480526e-02 -0.2484555470  0.0788450207 0.9999726
35-29  -9.838695e-02 -0.2665570240  0.0697831292 0.9982837
36-29  -3.937243e-02 -0.2106707502  0.1319258989 1.0000000
37-29  -4.710010e-02 -0.2138678134  0.1196676110 1.0000000
38-29  -9.149895e-02 -0.2535044630  0.0705065682 0.9994173
39-29  -6.930364e-02 -0.2229503820  0.0843431046 0.9999999
40-29  -4.764305e-02 -0.1935464143  0.0982603144 1.0000000
41-29  -7.660774e-02 -0.2204643655  0.0672488950 0.9999231
42-29  -6.942837e-02 -0.2213738466  0.0825171013 0.9999999
43-29  -6.005327e-02 -0.2160033293  0.0958967859 1.0000000
44-29  -1.193757e-02 -0.2046149739  0.1807398378 1.0000000
45-29  -5.559839e-02 -0.2373411009  0.1261443173 1.0000000
46-29  -8.109978e-02 -0.2848427410  0.1226431796 1.0000000
47-29  -6.506053e-02 -0.2443304303  0.1142093777 1.0000000
48-29  -5.466895e-02 -0.2455163339  0.1361784392 1.0000000
49-29  -5.515826e-02 -0.2478356636  0.1375191481 1.0000000
50-29  -7.571343e-02 -0.2276589041  0.0762320439 0.9999944
51-29  -7.923323e-02 -0.2623043351  0.1038378690 1.0000000
52-29  -8.299818e-02 -0.2497658903  0.0837695341 0.9999947
53-29  -9.854895e-02 -0.2667190240  0.0696211292 0.9981993
54-29  -4.321823e-02 -0.1959863271  0.1095498610 1.0000000
55-29  -5.998151e-02 -0.2145689074  0.0946058844 1.0000000
56-29  -2.116659e-02 -0.1725921676  0.1302589920 1.0000000
57-29  -8.681661e-02 -0.2417324923  0.0680992729 0.9995471
58-29  -4.111784e-02 -0.1922914929  0.1100558204 1.0000000
59-29  -4.790608e-02 -0.1921361339  0.0963239756 1.0000000
60-29  -4.822287e-02 -0.1857808469  0.0893351017 1.0000000
61-29  -6.338077e-02 -0.1986485650  0.0718870206 0.9999996
62-29  -6.097895e-02 -0.1989915019  0.0770336071 1.0000000
63-29  -6.699443e-02 -0.2084451614  0.0744562989 0.9999994
64-29  -5.008255e-02 -0.1969494864  0.0967843845 1.0000000
65-29  -4.374940e-02 -0.1954321976  0.1079333938 1.0000000
66-29  -3.669444e-02 -0.1937583713  0.1203694906 1.0000000
67-29  -4.520666e-02 -0.1982611315  0.1078478150 1.0000000
68-29  -6.465658e-02 -0.2199088699  0.0905957120 1.0000000
69-29  -3.056522e-02 -0.1790754346  0.1179449908 1.0000000
70-29  -4.383809e-02 -0.1942861366  0.1066099623 1.0000000
71-29  -6.002620e-02 -0.2109530637  0.0909006635 1.0000000
72-29  -6.297774e-02 -0.2160322158  0.0900767307 1.0000000
73-29  -4.459450e-02 -0.1957681596  0.1065791538 1.0000000
74-29  -4.474295e-02 -0.2003398610  0.1108539662 1.0000000
75-29  -6.906356e-02 -0.2236509587  0.0855238331 1.0000000
76-29  -4.938629e-02 -0.1965964542  0.0978238806 1.0000000
77-29  -3.692258e-02 -0.1839596751  0.1101145077 1.0000000
78-29  -3.735741e-02 -0.1814611822  0.1067463644 1.0000000
79-29  -6.667228e-02 -0.2061755490  0.0728309876 0.9999991
80-29  -4.332985e-02 -0.1805135681  0.0938538715 1.0000000
81-29  -6.311053e-02 -0.2000301771  0.0738091245 0.9999998
82-29  -7.448400e-02 -0.2141238178  0.0651558107 0.9999183
83-29  -3.042632e-02 -0.1767995795  0.1159469479 1.0000000
84-29  -6.130420e-02 -0.2104239181  0.0878155183 1.0000000
85-29  -7.902051e-02 -0.2339363884  0.0758953768 0.9999853
86-29  -5.918311e-02 -0.2089477140  0.0905814859 1.0000000
87-29  -7.236712e-02 -0.2228151689  0.0780809301 0.9999988
88-29  -5.104406e-02 -0.2032578555  0.1011697282 1.0000000
89-29  -3.021339e-02 -0.1813870485  0.1209602649 1.0000000
90-29  -4.457510e-02 -0.1926972114  0.1035470090 1.0000000
91-29  -8.604720e-02 -0.2306674286  0.0585730259 0.9972218
92-29  -1.802947e-03 -0.1507157136  0.1471098189 1.0000000
93-29  -2.369029e-02 -0.1732358069  0.1258552317 1.0000000
94-29  -7.255639e-03 -0.1509913306  0.1364800524 1.0000000
95-29   2.811886e-03 -0.1426436679  0.1482674399 1.0000000
96-29   1.370235e-02 -0.1293423030  0.1567469981 1.0000000
97-29  -1.976624e-02 -0.1655179538  0.1259854828 1.0000000
98-29  -3.495258e-02 -0.1819896751  0.1120845077 1.0000000
99-29  -2.638230e-02 -0.1683926725  0.1156280663 1.0000000
100-29 -1.115262e-01 -0.2417778939  0.0187254323 0.3456650
31-30  -1.499233e-02 -0.2065668729  0.1765822039 1.0000000
32-30   1.571020e-02 -0.1694094343  0.2008298425 1.0000000
33-30  -1.327262e-02 -0.2101717990  0.1836265609 1.0000000
34-30  -2.134060e-02 -0.2016744312  0.1589932282 1.0000000
35-30  -3.492229e-02 -0.2193675334  0.1495229620 1.0000000
36-30   2.409224e-02 -0.1632096346  0.2113941066 1.0000000
37-30   1.636456e-02 -0.1668029710  0.1995320919 1.0000000
38-30  -2.803429e-02 -0.2068768473  0.1508082758 1.0000000
39-30  -5.838977e-03 -0.1771462929  0.1654683387 1.0000000
40-30   1.582161e-02 -0.1485762789  0.1802195024 1.0000000
41-30  -1.314307e-02 -0.1757272204  0.1494410733 1.0000000
42-30  -5.963711e-03 -0.1757468132  0.1638193912 1.0000000
43-30   3.411390e-03 -0.1699647768  0.1767875567 1.0000000
44-30   5.152709e-02 -0.1555078248  0.2585620120 1.0000000
45-30   7.866270e-03 -0.1890329101  0.2047654498 1.0000000
46-30  -1.763512e-02 -0.2350059280  0.1997356899 1.0000000
47-30  -1.595865e-03 -0.1962149110  0.1930231817 1.0000000
48-30   8.795714e-03 -0.1965371853  0.2141286139 1.0000000
49-30   8.306404e-03 -0.1987285145  0.2153413224 1.0000000
50-30  -1.224877e-02 -0.1820318707  0.1575343337 1.0000000
51-30  -1.576857e-02 -0.2138945494  0.1823574065 1.0000000
52-30  -1.953352e-02 -0.2027010479  0.1636340149 1.0000000
53-30  -3.508429e-02 -0.2195295334  0.1493609620 1.0000000
54-30   2.024643e-02 -0.1502732632  0.1907661204 1.0000000
55-30   3.483150e-03 -0.1686683462  0.1756346465 1.0000000
56-30   4.229807e-02 -0.1270199138  0.2116160615 1.0000000
57-30  -2.335195e-02 -0.1957984772  0.1490945811 1.0000000
58-30   2.234683e-02 -0.1467458983  0.1914395491 1.0000000
59-30   1.555858e-02 -0.1473560683  0.1784732333 1.0000000
60-30   1.524179e-02 -0.1417966490  0.1722802271 1.0000000
61-30   8.388947e-05 -0.1549523982  0.1551201772 1.0000000
62-30   2.485714e-03 -0.1549510664  0.1599224950 1.0000000
63-30  -3.529770e-03 -0.1639890597  0.1569295205 1.0000000
64-30   1.338211e-02 -0.1518715472  0.1786357686 1.0000000
65-30   1.971526e-02 -0.1498328020  0.1892633214 1.0000000
66-30   2.677022e-02 -0.1476085421  0.2011489848 1.0000000
67-30   1.825800e-02 -0.1525183020  0.1890343089 1.0000000
68-30  -1.191917e-03 -0.1739407193  0.1715568847 1.0000000
69-30   3.289944e-02 -0.1338163603  0.1996152399 1.0000000
70-30   1.962657e-02 -0.1488177496  0.1880708986 1.0000000
71-30   3.438462e-03 -0.1654336584  0.1723105814 1.0000000
72-30   4.869191e-04 -0.1702893864  0.1712632246 1.0000000
73-30   1.887016e-02 -0.1502225649  0.1879628824 1.0000000
74-30   1.872171e-02 -0.1543368719  0.1917803005 1.0000000
75-30  -5.598901e-03 -0.1777503975  0.1665525953 1.0000000
76-30   1.407837e-02 -0.1514804005  0.1796371502 1.0000000
77-30   2.654208e-02 -0.1388628222  0.1919469780 1.0000000
78-30   2.610725e-02 -0.1366956103  0.1889101158 1.0000000
79-30  -3.207619e-03 -0.1619528129  0.1555375748 1.0000000
80-30   2.013481e-02 -0.1365759001  0.1768455268 1.0000000
81-30   3.541353e-04 -0.1561254656  0.1568337363 1.0000000
82-30  -1.101934e-02 -0.1698845440  0.1478458603 1.0000000
83-30   3.303835e-02 -0.1317767234  0.1978534151 1.0000000
84-30   2.160462e-03 -0.1650985143  0.1694194379 1.0000000
85-30  -1.555584e-02 -0.1880023733  0.1568906850 1.0000000
86-30   4.281548e-03 -0.1635526269  0.1721157221 1.0000000
87-30  -8.902458e-03 -0.1773467819  0.1595418663 1.0000000
88-30   1.242060e-02 -0.1576026744  0.1824438704 1.0000000
89-30   3.325127e-02 -0.1358414538  0.2023439935 1.0000000
90-30   1.888956e-02 -0.1474806120  0.1852597328 1.0000000
91-30  -2.258254e-02 -0.1858427150  0.1406776356 1.0000000
92-30   6.166171e-02 -0.1054127801  0.2287362087 1.0000000
93-30   3.977437e-02 -0.1278643359  0.2074130840 1.0000000
94-30   5.620902e-02 -0.1062681258  0.2186861709 1.0000000
95-30   6.627655e-02 -0.0977240405  0.2302771357 1.0000000
96-30   7.716701e-02 -0.0846991292  0.2390331477 0.9999992
97-30   4.369843e-02 -0.1205648933  0.2079617456 1.0000000
98-30   2.851208e-02 -0.1368928222  0.1939169780 1.0000000
99-30   3.708236e-02 -0.1238704909  0.1980352080 1.0000000
100-30 -4.806157e-02 -0.1987412641  0.1026181258 1.0000000
32-31   3.070254e-02 -0.1346898323  0.1960949094 1.0000000
33-31   1.719715e-03 -0.1767589748  0.1801984057 1.0000000
34-31  -6.348267e-03 -0.1663659096  0.1536693756 1.0000000
35-31  -1.992995e-02 -0.1845671439  0.1447072414 1.0000000
36-31   3.908457e-02 -0.1287467333  0.2069158743 1.0000000
37-31   3.135689e-02 -0.1318475792  0.1945613691 1.0000000
38-31  -1.304195e-02 -0.1713770946  0.1452931922 1.0000000
39-31   9.153357e-03 -0.1406183097  0.1589250245 1.0000000
40-31   3.081395e-02 -0.1110029155  0.1726308079 1.0000000
41-31   1.849261e-03 -0.1378610130  0.1415595348 1.0000000
42-31   9.028623e-03 -0.1389972446  0.1570544915 1.0000000
43-31   1.840372e-02 -0.1337299372  0.1705373861 1.0000000
44-31   6.651943e-02 -0.1230822947  0.2561211508 1.0000000
45-31   2.285860e-02 -0.1556200859  0.2013372946 1.0000000
46-31  -2.642785e-03 -0.2034795949  0.1981940258 1.0000000
47-31   1.339647e-02 -0.1625635513  0.1893564909 1.0000000
48-31   2.378805e-02 -0.1639536767  0.2115297743 1.0000000
49-31   2.329874e-02 -0.1663029843  0.2129004612 1.0000000
50-31   2.743566e-03 -0.1452823020  0.1507694341 1.0000000
51-31  -7.762369e-04 -0.1806074327  0.1790549588 1.0000000
52-31  -4.541182e-03 -0.1677456561  0.1586632922 1.0000000
53-31  -2.009195e-02 -0.1847291439  0.1445452414 1.0000000
54-31   3.523876e-02 -0.1136313854  0.1841089115 1.0000000
55-31   1.847548e-02 -0.1322610189  0.1692119883 1.0000000
56-31   5.729041e-02 -0.0902017500  0.2047825666 1.0000000
57-31  -8.359614e-03 -0.1594329773  0.1427137502 1.0000000
58-31   3.733916e-02 -0.1098943452  0.1845726650 1.0000000
59-31   3.055092e-02 -0.1095438340  0.1706456680 1.0000000
60-31   3.023412e-02 -0.1029815919  0.1634498390 1.0000000
61-31   1.507622e-02 -0.1157733321  0.1459257800 1.0000000
62-31   1.747805e-02 -0.1162070130  0.1511631105 1.0000000
63-31   1.146256e-02 -0.1257691355  0.1486942653 1.0000000
64-31   2.837445e-02 -0.1144335632  0.1711824536 1.0000000
65-31   3.470759e-02 -0.1130486274  0.1824638159 1.0000000
66-31   4.176256e-02 -0.1115127160  0.1950378276 1.0000000
67-31   3.325034e-02 -0.1159136736  0.1824143494 1.0000000
68-31   1.380042e-02 -0.1376178921  0.1652187265 1.0000000
69-31   4.789177e-02 -0.0966056783  0.1923892269 1.0000000
70-31   3.461891e-02 -0.1118694733  0.1811072913 1.0000000
71-31   1.843080e-02 -0.1285493002  0.1654108923 1.0000000
72-31   1.547925e-02 -0.1336847579  0.1646432651 1.0000000
73-31   3.386249e-02 -0.1133710118  0.1810959983 1.0000000
74-31   3.371405e-02 -0.1180575891  0.1854856867 1.0000000
75-31   9.393433e-03 -0.1413430702  0.1601299370 1.0000000
76-31   2.907071e-02 -0.1140902627  0.1722316814 1.0000000
77-31   4.153441e-02 -0.1014485823  0.1845174072 1.0000000
78-31   4.109959e-02 -0.0988651513  0.1810643257 1.0000000
79-31   1.178472e-02 -0.1234387751  0.1470082060 1.0000000
80-31   3.512715e-02 -0.0977020790  0.1679563748 1.0000000
81-31   1.534647e-02 -0.1172100137  0.1479029533 1.0000000
82-31   3.972993e-03 -0.1313913612  0.1393373464 1.0000000
83-31   4.803068e-02 -0.0942695757  0.1903309364 1.0000000
84-31   1.715280e-02 -0.1279710161  0.1622766086 1.0000000
85-31  -5.635097e-04 -0.1516368734  0.1505098541 1.0000000
86-31   1.927388e-02 -0.1265124888  0.1650602530 1.0000000
87-31   6.089877e-03 -0.1403985055  0.1525782590 1.0000000
88-31   2.741293e-02 -0.1208883452  0.1757142102 1.0000000
89-31   4.824360e-02 -0.0989899007  0.1954771094 1.0000000
90-31   3.388189e-02 -0.1102166480  0.1779804379 1.0000000
91-31  -7.590205e-03 -0.1480866132  0.1329062028 1.0000000
92-31   7.665405e-02 -0.0682571050  0.2215652026 0.9999400
93-31   5.476671e-02 -0.0907945943  0.2003280114 1.0000000
94-31   7.120136e-02 -0.0683843856  0.2107870997 0.9999853
95-31   8.126888e-02 -0.0600872239  0.2226249881 0.9989823
96-31   9.215934e-02 -0.0467147093  0.2310333967 0.9632552
97-31   5.869076e-02 -0.0829700806  0.2003516019 1.0000000
98-31   4.350441e-02 -0.0994785823  0.1864874072 1.0000000
99-31   5.207469e-02 -0.0857337811  0.1898831673 1.0000000
100-31 -3.306923e-02 -0.1587264123  0.0925879430 1.0000000
33-32  -2.898282e-02 -0.2005145101  0.1425488638 1.0000000
34-32  -3.705081e-02 -0.1892812976  0.1151796865 1.0000000
35-32  -5.063249e-02 -0.2077117118  0.1064467322 1.0000000
36-32   8.382032e-03 -0.1520418544  0.1688059183 1.0000000
37-32   6.543564e-04 -0.1549225608  0.1562312735 1.0000000
38-32  -4.374449e-02 -0.1942054296  0.1067164500 1.0000000
39-32  -2.154918e-02 -0.1629706400  0.1198722777 1.0000000
40-32   1.114076e-04 -0.1328566300  0.1330794453 1.0000000
41-32  -2.885328e-02 -0.1595722028  0.1018656475 1.0000000
42-32  -2.167392e-02 -0.1612451671  0.1178973369 1.0000000
43-32  -1.229881e-02 -0.1562193748  0.1316217465 1.0000000
44-32   3.581689e-02 -0.1472603894  0.2188941684 1.0000000
45-32  -7.843934e-03 -0.1793756212  0.1636877527 1.0000000
46-32  -3.334532e-02 -0.2280345657  0.1613439195 1.0000000
47-32  -1.730607e-02 -0.1862155291  0.1516033916 1.0000000
48-32  -6.914490e-03 -0.1880647927  0.1742358131 1.0000000
49-32  -7.403800e-03 -0.1904810790  0.1756734787 1.0000000
50-32  -2.795897e-02 -0.1675302245  0.1116122794 1.0000000
51-32  -3.147878e-02 -0.2044173072  0.1414597561 1.0000000
52-32  -3.524372e-02 -0.1908206377  0.1203331966 1.0000000
53-32  -5.079449e-02 -0.2078737118  0.1062847322 1.0000000
54-32   4.536224e-03 -0.1359301340  0.1450025830 1.0000000
55-32  -1.222705e-02 -0.1546699206  0.1302158128 1.0000000
56-32   2.658787e-02 -0.1124172148  0.1655929543 1.0000000
57-32  -3.906215e-02 -0.1818614448  0.1037371406 1.0000000
58-32   6.636621e-03 -0.1320939874  0.1453672300 1.0000000
59-32  -1.516216e-04 -0.1312813894  0.1309781463 1.0000000
60-32  -4.684150e-04 -0.1242218134  0.1232849834 1.0000000
61-32  -1.562631e-02 -0.1368289676  0.1055763384 1.0000000
62-32  -1.322449e-02 -0.1374829805  0.1110340009 1.0000000
63-32  -1.923997e-02 -0.1473064266  0.1088264793 1.0000000
64-32  -2.328093e-03 -0.1363527331  0.1316965463 1.0000000
65-32   4.005056e-03 -0.1352801834  0.1432902947 1.0000000
66-32   1.106002e-02 -0.1340667746  0.1561868091 1.0000000
67-32   2.547799e-03 -0.1382299656  0.1433255643 1.0000000
68-32  -1.690212e-02 -0.1600662970  0.1262620542 1.0000000
69-32   1.718924e-02 -0.1186341444  0.1530126158 1.0000000
70-32   3.916370e-03 -0.1340231921  0.1418559329 1.0000000
71-32  -1.227174e-02 -0.1507333815  0.1261898964 1.0000000
72-32  -1.522328e-02 -0.1560010499  0.1255544799 1.0000000
73-32   3.159955e-03 -0.1355706540  0.1418905633 1.0000000
74-32   3.011510e-03 -0.1405263135  0.1465493339 1.0000000
75-32  -2.130911e-02 -0.1637519719  0.1211337616 1.0000000
76-32  -1.631829e-03 -0.1360325015  0.1327688430 1.0000000
77-32   1.083187e-02 -0.1233792045  0.1450429522 1.0000000
78-32   1.039705e-02 -0.1205938090  0.1413879063 1.0000000
79-32  -1.891782e-02 -0.1448299717  0.1069943255 1.0000000
80-32   4.424609e-03 -0.1189126531  0.1277618717 1.0000000
81-32  -1.535607e-02 -0.1383995492  0.1076874118 1.0000000
82-32  -2.672955e-02 -0.1527929627  0.0993338708 1.0000000
83-32   1.732814e-02 -0.1161553390  0.1508116225 1.0000000
84-32  -1.354974e-02 -0.1500392938  0.1229398092 1.0000000
85-32  -3.126605e-02 -0.1740653409  0.1115332445 1.0000000
86-32  -1.142866e-02 -0.1486224709  0.1257651579 1.0000000
87-32  -2.461266e-02 -0.1625522244  0.1133269007 1.0000000
88-32  -3.289606e-03 -0.1431529170  0.1365737049 1.0000000
89-32   1.754107e-02 -0.1211895429  0.1562716744 1.0000000
90-32   3.179356e-03 -0.1322195611  0.1385782738 1.0000000
91-32  -3.829274e-02 -0.1698515422  0.0932660546 1.0000000
92-32   4.595151e-02 -0.0903119084  0.1822149289 1.0000000
93-32   2.406417e-02 -0.1128904563  0.1610187963 1.0000000
94-32   4.049882e-02 -0.0900870013  0.1710846383 1.0000000
95-32   5.056634e-02 -0.0819101656  0.1830428527 1.0000000
96-32   6.145681e-02 -0.0683679974  0.1912816078 0.9999994
97-32   2.798822e-02 -0.1048133996  0.1607898437 1.0000000
98-32   1.280187e-02 -0.1214092045  0.1470129522 1.0000000
99-32   2.137215e-02 -0.1073121582  0.1500564672 1.0000000
100-32 -6.377177e-02 -0.1793494659  0.0518059195 0.9997302
34-33  -8.067982e-03 -0.1744234129  0.1582874480 1.0000000
35-33  -2.164967e-02 -0.1924533215  0.1491539882 1.0000000
36-33   3.736486e-02 -0.1365196751  0.2112493853 1.0000000
37-33   2.963718e-02 -0.1397859113  0.1990602702 1.0000000
38-33  -1.476167e-02 -0.1794993398  0.1499760064 1.0000000
39-33   7.433642e-03 -0.1490912301  0.1639585140 1.0000000
40-33   2.909423e-02 -0.1198369801  0.1780254416 1.0000000
41-33   1.295455e-04 -0.1467971163  0.1470562072 1.0000000
42-33   7.308908e-03 -0.1475463176  0.1621641337 1.0000000
43-33   1.668401e-02 -0.1421024335  0.1754704515 1.0000000
44-33   6.479971e-02 -0.1301805340  0.2597799593 1.0000000
45-33   2.113889e-02 -0.1630434289  0.2053212066 1.0000000
46-33  -4.362500e-03 -0.2102845914  0.2015595914 1.0000000
47-33   1.167675e-02 -0.1700659547  0.1934194635 1.0000000
48-33   2.206833e-02 -0.1711037112  0.2152403779 1.0000000
49-33   2.157902e-02 -0.1734012236  0.2165592696 1.0000000
50-33   1.023851e-03 -0.1538313751  0.1558790762 1.0000000
51-33  -2.495952e-03 -0.1879891928  0.1829972881 1.0000000
52-33  -6.260897e-03 -0.1756839882  0.1631621933 1.0000000
53-33  -2.181167e-02 -0.1926153215  0.1489919882 1.0000000
54-33   3.351905e-02 -0.1221434219  0.1891815171 1.0000000
55-33   1.675577e-02 -0.1406925614  0.1742040999 1.0000000
56-33   5.557069e-02 -0.0987744401  0.2099158258 1.0000000
57-33  -1.007933e-02 -0.1678501898  0.1476915318 1.0000000
58-33   3.561944e-02 -0.1184785384  0.1897174273 1.0000000
59-33   2.883120e-02 -0.1184611015  0.1761235046 1.0000000
60-33   2.851441e-02 -0.1122510356  0.1692798518 1.0000000
61-33   1.335651e-02 -0.1251717905  0.1518848075 1.0000000
62-33   1.575833e-02 -0.1254513655  0.1569680322 1.0000000
63-33   9.742849e-03 -0.1348290112  0.1543147101 1.0000000
64-33   2.665473e-02 -0.1232205870  0.1765300465 1.0000000
65-33   3.298788e-02 -0.1216096126  0.1875853702 1.0000000
66-33   4.004284e-02 -0.1198377158  0.1999233966 1.0000000
67-33   3.153062e-02 -0.1244129110  0.1874741560 1.0000000
68-33   1.208070e-02 -0.1460204928  0.1701818963 1.0000000
69-33   4.617206e-02 -0.1053139046  0.1976580223 1.0000000
70-33   3.289919e-02 -0.1204870165  0.1862854036 1.0000000
71-33   1.671108e-02 -0.1371448000  0.1705669612 1.0000000
72-33   1.375954e-02 -0.1421839953  0.1697030716 1.0000000
73-33   3.214278e-02 -0.1219552051  0.1862407606 1.0000000
74-33   3.199433e-02 -0.1264452872  0.1904339539 1.0000000
75-33   7.673718e-03 -0.1497746127  0.1651220486 1.0000000
76-33   2.735099e-02 -0.1228606808  0.1775626686 1.0000000
77-33   3.981470e-02 -0.1102273641  0.1898567581 1.0000000
78-33   3.937987e-02 -0.1077887775  0.1865485211 1.0000000
79-33   1.006500e-02 -0.1326020099  0.1527320099 1.0000000
80-33   3.340743e-02 -0.1069923070  0.1738071719 1.0000000
81-33   1.362675e-02 -0.1265149761  0.1537684849 1.0000000
82-33   2.253277e-03 -0.1405472536  0.1450538079 1.0000000
83-33   4.631096e-02 -0.1030806217  0.1957025516 1.0000000
84-33   1.543308e-02 -0.1366504627  0.1675166243 1.0000000
85-33  -2.283225e-03 -0.1600540859  0.1554876357 1.0000000
86-33   1.755417e-02 -0.1351617436  0.1702700769 1.0000000
87-33   4.370161e-03 -0.1490160488  0.1577563714 1.0000000
88-33   2.569322e-02 -0.1294252934  0.1808117275 1.0000000
89-33   4.652389e-02 -0.1075740940  0.2006218717 1.0000000
90-33   3.216218e-02 -0.1189433247  0.1832676836 1.0000000
91-33  -9.309921e-03 -0.1569843056  0.1383644643 1.0000000
92-33   7.493433e-02 -0.0769462968  0.2268149634 0.9999963
93-33   5.304699e-02 -0.0994540763  0.2055480626 1.0000000
94-33   6.948164e-02 -0.0773266104  0.2162898936 0.9999994
95-33   7.954917e-02 -0.0689433652  0.2280416985 0.9999044
96-33   9.043963e-02 -0.0556921133  0.2365713699 0.9921545
97-33   5.697105e-02 -0.0918116058  0.2057536962 1.0000000
98-33   4.178470e-02 -0.1082573641  0.1918267581 1.0000000
99-33   5.035498e-02 -0.0947644865  0.1954744417 1.0000000
100-33 -3.478895e-02 -0.1684235623  0.0988456622 1.0000000
35-34  -1.358168e-02 -0.1649913655  0.1378279971 1.0000000
36-34   4.543284e-02 -0.1094439939  0.2003096690 1.0000000
37-34   3.770516e-02 -0.1121453861  0.1875557100 1.0000000
38-34  -6.693684e-03 -0.1512257015  0.1378383330 1.0000000
39-34   1.550162e-02 -0.1195947806  0.1505980294 1.0000000
40-34   3.716221e-02 -0.0890578670  0.1633822934 1.0000000
41-34   8.197528e-03 -0.1156509561  0.1320460120 1.0000000
42-34   1.537689e-02 -0.1177814513  0.1485352323 1.0000000
43-34   2.475199e-02 -0.1129583473  0.1624623302 1.0000000
44-34   7.286770e-02 -0.1053689444  0.2511043346 1.0000000
45-34   2.920687e-02 -0.1371485591  0.1955623018 1.0000000
46-34   3.705482e-03 -0.1864389647  0.1938499296 1.0000000
47-34   1.974474e-02 -0.1439055470  0.1833950207 1.0000000
48-34   3.013632e-02 -0.1461204340  0.2063930656 1.0000000
49-34   2.964701e-02 -0.1485896340  0.2078836449 1.0000000
50-34   9.091833e-03 -0.1240665088  0.1422501748 1.0000000
51-34   5.572030e-03 -0.1622336472  0.1733777074 1.0000000
52-34   1.807085e-03 -0.1480434630  0.1516576331 1.0000000
53-34  -1.374368e-02 -0.1651533655  0.1376659971 1.0000000
54-34   4.158703e-02 -0.0925092319  0.1756832921 1.0000000
55-34   2.482375e-02 -0.1113415151  0.1609890185 1.0000000
56-34   6.363868e-02 -0.0689261131  0.1962034638 0.9999989
57-34  -2.011347e-03 -0.1385494277  0.1345267346 1.0000000
58-34   4.368743e-02 -0.0885895227  0.1759643765 1.0000000
59-34   3.689918e-02 -0.0873828566  0.1611812246 1.0000000
60-34   3.658239e-02 -0.0798904098  0.1530551909 1.0000000
61-34   2.142449e-02 -0.0923344326  0.1351834146 1.0000000
62-34   2.382632e-02 -0.0931830091  0.1408356407 1.0000000
63-34   1.781083e-02 -0.1032347214  0.1388563852 1.0000000
64-34   3.472271e-02 -0.0926099767  0.1620554010 1.0000000
65-34   4.105586e-02 -0.0918026628  0.1739143853 1.0000000
66-34   4.811082e-02 -0.0908596608  0.1870813065 1.0000000
67-34   3.959860e-02 -0.0948238214  0.1740210313 1.0000000
68-34   2.014868e-02 -0.1167709666  0.1570683350 1.0000000
69-34   5.424004e-02 -0.0749845701  0.1834646527 1.0000000
70-34   4.096718e-02 -0.0904798951  0.1724142472 1.0000000
71-34   2.477906e-02 -0.1072157667  0.1567738928 1.0000000
72-34   2.182752e-02 -0.1125949057  0.1562499469 1.0000000
73-34   4.021076e-02 -0.0920661894  0.1724877098 1.0000000
74-34   4.006232e-02 -0.0972479768  0.1773726083 1.0000000
75-34   1.574170e-02 -0.1204235664  0.1519069672 1.0000000
76-34   3.541898e-02 -0.0923094477  0.1631474003 1.0000000
77-34   4.788268e-02 -0.0796462317  0.1754115905 1.0000000
78-34   4.744785e-02 -0.0766876137  0.1715833222 1.0000000
79-34   1.813298e-02 -0.1006309800  0.1368969449 1.0000000
80-34   4.147541e-02 -0.0745551410  0.1575059708 1.0000000
81-34   2.169474e-02 -0.0940234886  0.1374129623 1.0000000
82-34   1.032126e-02 -0.1086030636  0.1292455828 1.0000000
83-34   5.437895e-02 -0.0723840174  0.1811419121 1.0000000
84-34   2.350106e-02 -0.1064235583  0.1534256848 1.0000000
85-34   5.784757e-03 -0.1307533238  0.1423228385 1.0000000
86-34   2.562215e-02 -0.1050421242  0.1562864224 1.0000000
87-34   1.243814e-02 -0.1190089274  0.1438852149 1.0000000
88-34   3.376120e-02 -0.0997032353  0.1672256343 1.0000000
89-34   5.459187e-02 -0.0776850782  0.1868688209 1.0000000
90-34   4.023016e-02 -0.0885482386  0.1690085625 1.0000000
91-34  -1.241938e-03 -0.1259765646  0.1234926883 1.0000000
92-34   8.300232e-02 -0.0466847262  0.2126893578 0.9827278
93-34   6.111498e-02 -0.0692981344  0.1915280856 0.9999996
94-34   7.754962e-02 -0.0461583625  0.2012576106 0.9892856
95-34   8.761715e-02 -0.0380850191  0.2133193173 0.9122766
96-34   9.850761e-02 -0.0243967788  0.2214120003 0.5605517
97-34   6.503903e-02 -0.0610057276  0.1910837829 0.9999768
98-34   4.985268e-02 -0.0776762317  0.1773815905 1.0000000
99-34   5.842296e-02 -0.0632761029  0.1801220231 0.9999989
100-34 -2.672097e-02 -0.1344670240  0.0810250888 1.0000000
36-35   5.901452e-02 -0.1006306855  0.2186597289 1.0000000
37-35   5.128685e-02 -0.1034870083  0.2060607006 1.0000000
38-35   6.888000e-03 -0.1427424223  0.1565184223 1.0000000
39-35   2.908331e-02 -0.1114542234  0.1696208407 1.0000000
40-35   5.074390e-02 -0.0812836297  0.1827714245 1.0000000
41-35   2.177921e-02 -0.1079829020  0.1515413262 1.0000000
42-35   2.895857e-02 -0.1097169576  0.1676341070 1.0000000
43-35   3.833368e-02 -0.1047184010  0.1813857524 1.0000000
44-35   8.644938e-02 -0.0959459575  0.2688447162 0.9999994
45-35   4.278856e-02 -0.1280150993  0.2135922104 1.0000000
46-35   1.728717e-02 -0.1767609461  0.2113352794 1.0000000
47-35   3.332642e-02 -0.1348436555  0.2014964976 1.0000000
48-35   4.371800e-02 -0.1367430792  0.2241790792 1.0000000
49-35   4.322869e-02 -0.1391666472  0.2256240265 1.0000000
50-35   2.267352e-02 -0.1160020150  0.1613490495 1.0000000
51-35   1.915371e-02 -0.1530627326  0.1913701612 1.0000000
52-35   1.538877e-02 -0.1393850852  0.1701626237 1.0000000
53-35  -1.620000e-04 -0.1564458790  0.1561218790 1.0000000
54-35   5.516871e-02 -0.0844076689  0.1947450975 1.0000000
55-35   3.840544e-02 -0.1031598817  0.1799707535 1.0000000
56-35   7.722036e-02 -0.0608853333  0.2153260524 0.9995796
57-35   1.157034e-02 -0.1303536098  0.1534942851 1.0000000
58-35   5.726911e-02 -0.0805603148  0.1950985371 1.0000000
59-35   5.048087e-02 -0.0796951084  0.1806568448 1.0000000
60-35   5.016407e-02 -0.0725782263  0.1729063759 1.0000000
61-35   3.500618e-02 -0.0851639208  0.1551762711 1.0000000
62-35   3.740800e-02 -0.0858435370  0.1606595370 1.0000000
63-35   3.139252e-02 -0.0956971579  0.1584821901 1.0000000
64-35   4.830440e-02 -0.0847871995  0.1813959923 1.0000000
65-35   5.463755e-02 -0.0837501227  0.1930252136 1.0000000
66-35   6.169251e-02 -0.0825730626  0.2059580767 1.0000000
67-35   5.318029e-02 -0.0867094816  0.1930700599 1.0000000
68-35   3.373037e-02 -0.1085607066  0.1760214435 1.0000000
69-35   6.782173e-02 -0.0670810523  0.2027245033 0.9999919
70-35   5.454886e-02 -0.0824843174  0.1915820379 1.0000000
71-35   3.836075e-02 -0.0991979469  0.1759194414 1.0000000
72-35   3.540920e-02 -0.1044805659  0.1752989756 1.0000000
73-35   5.379244e-02 -0.0840369815  0.1916218704 1.0000000
74-35   5.364400e-02 -0.0890230099  0.1963110099 1.0000000
75-35   2.932338e-02 -0.1122419330  0.1708887022 1.0000000
76-35   4.900066e-02 -0.0844695967  0.1824709178 1.0000000
77-35   6.146436e-02 -0.0718149762  0.1947437035 0.9999998
78-35   6.102954e-02 -0.0690065091  0.1910655860 0.9999996
79-35   3.171467e-02 -0.0932038589  0.1566331923 1.0000000
80-35   5.505710e-02 -0.0672656264  0.1773798246 0.9999999
81-35   3.527642e-02 -0.0867500800  0.1573029221 1.0000000
82-35   2.390294e-02 -0.1011680517  0.1489739393 1.0000000
83-35   6.796063e-02 -0.0645859961  0.2005072592 0.9999820
84-35   3.708275e-02 -0.0984907254  0.1726562203 1.0000000
85-35   1.936644e-02 -0.1225575059  0.1612903890 1.0000000
86-35   3.920383e-02 -0.0970786365  0.1754863031 1.0000000
87-35   2.601983e-02 -0.1110133497  0.1630530056 1.0000000
88-35   4.734288e-02 -0.0916265900  0.1863123574 1.0000000
89-35   6.817356e-02 -0.0696558704  0.2060029815 0.9999959
90-35   5.381185e-02 -0.0806635632  0.1882872555 1.0000000
91-35   1.233975e-02 -0.1182683942  0.1429478863 1.0000000
92-35   9.658400e-02 -0.0387618094  0.2319298094 0.8746578
93-35   7.469666e-02 -0.0613450196  0.2107383392 0.9997717
94-35   9.113131e-02 -0.0384967180  0.2207593346 0.8996559
95-35   1.011988e-01 -0.0303336507  0.2327313173 0.6910339
96-35   1.120893e-01 -0.0167720578  0.2409506477 0.2993145
97-35   7.862071e-02 -0.0532392122  0.2104806360 0.9970537
98-35   6.343436e-02 -0.0698449762  0.1967137035 0.9999992
99-35   7.200464e-02 -0.0557076151  0.1997169037 0.9994491
100-35 -1.313928e-02 -0.1276337022  0.1013551354 1.0000000
37-36  -7.727676e-03 -0.1658949521  0.1504396009 1.0000000
38-36  -5.212652e-02 -0.2052643832  0.1010113397 1.0000000
39-36  -2.993121e-02 -0.1741974227  0.1143349965 1.0000000
40-36  -8.270624e-03 -0.1442603638  0.1277191152 1.0000000
41-36  -3.723531e-02 -0.1710267428  0.0965561236 1.0000000
42-36  -3.005595e-02 -0.1725089027  0.1123970087 1.0000000
43-36  -2.068085e-02 -0.1673977094  0.1260360173 1.0000000
44-36   2.743486e-02 -0.1578487096  0.2127184247 1.0000000
45-36  -1.622597e-02 -0.1901104964  0.1576585640 1.0000000
46-36  -4.172736e-02 -0.2384927265  0.1550380163 1.0000000
47-36  -2.568810e-02 -0.1969864253  0.1456102239 1.0000000
48-36  -1.529652e-02 -0.1986762983  0.1680832549 1.0000000
49-36  -1.578583e-02 -0.2010693992  0.1694977350 1.0000000
50-36  -3.634100e-02 -0.1787939602  0.1061119512 1.0000000
51-36  -3.986081e-02 -0.2151332980  0.1354116831 1.0000000
52-36  -4.362575e-02 -0.2017930290  0.1145415240 1.0000000
53-36  -5.917652e-02 -0.2188217289  0.1004686855 1.0000000
54-36  -3.845807e-03 -0.1471758744  0.1394842595 1.0000000
55-36  -2.060909e-02 -0.1658767027  0.1246585310 1.0000000
56-36   1.820584e-02 -0.1236924488  0.1601041244 1.0000000
57-36  -4.744418e-02 -0.1930613129  0.0981729447 1.0000000
58-36  -1.745411e-03 -0.1433748285  0.1398840072 1.0000000
59-36  -8.533654e-03 -0.1427265230  0.1256592160 1.0000000
60-36  -8.850447e-03 -0.1358449895  0.1181440955 1.0000000
61-36  -2.400835e-02 -0.1485185602  0.1005018671 1.0000000
62-36  -2.160652e-02 -0.1490933160  0.1058802726 1.0000000
63-36  -2.762201e-02 -0.1588230977  0.1035790865 1.0000000
64-36  -1.071013e-02 -0.1477331681  0.1263129174 1.0000000
65-36  -4.376976e-03 -0.1465497164  0.1377957638 1.0000000
66-36   2.677985e-03 -0.1452223052  0.1505782758 1.0000000
67-36  -5.834233e-03 -0.1494694974  0.1378010323 1.0000000
68-36  -2.528415e-02 -0.1712591217  0.1206908150 1.0000000
69-36   8.807204e-03 -0.1299757231  0.1475901306 1.0000000
70-36  -4.465662e-03 -0.1453203140  0.1363889909 1.0000000
71-36  -2.065377e-02 -0.1620197381  0.1207121892 1.0000000
72-36  -2.360532e-02 -0.1672405818  0.1200299479 1.0000000
73-36  -5.222077e-03 -0.1468514951  0.1364073405 1.0000000
74-36  -5.370522e-03 -0.1517119617  0.1409709182 1.0000000
75-36  -2.969114e-02 -0.1749587539  0.1155764797 1.0000000
76-36  -1.001386e-02 -0.1474047302  0.1273770079 1.0000000
77-36   2.449842e-03 -0.1347555653  0.1396552491 1.0000000
78-36   2.015017e-03 -0.1320421166  0.1360721501 1.0000000
79-36  -2.729986e-02 -0.1563989619  0.1017992517 1.0000000
80-36  -3.957423e-03 -0.1305464842  0.1226316389 1.0000000
81-36  -2.373810e-02 -0.1500409443  0.1025647429 1.0000000
82-36  -3.511158e-02 -0.1643582229  0.0941350671 1.0000000
83-36   8.946110e-03 -0.1275476623  0.1454398820 1.0000000
84-36  -2.193177e-02 -0.1613667336  0.1175031851 1.0000000
85-36  -3.964808e-02 -0.1852652090  0.1059690486 1.0000000
86-36  -1.981069e-02 -0.1599351078  0.1203137310 1.0000000
87-36  -3.299469e-02 -0.1738493462  0.1078599587 1.0000000
88-36  -1.167164e-02 -0.1544107566  0.1310674805 1.0000000
89-36   9.159034e-03 -0.1324703840  0.1507884517 1.0000000
90-36  -5.202676e-03 -0.1435702190  0.1331648678 1.0000000
91-36  -4.667478e-02 -0.1812869135  0.0879373621 1.0000000
92-36   3.756948e-02 -0.1016441327  0.1767830892 1.0000000
93-36   1.568214e-02 -0.1242081042  0.1555723803 1.0000000
94-36   3.211679e-02 -0.1015446011  0.1657781742 1.0000000
95-36   4.218431e-02 -0.0933248604  0.1776934836 1.0000000
96-36   5.307477e-02 -0.0798432074  0.1859927539 1.0000000
97-36   1.960619e-02 -0.1162208356  0.1554332159 1.0000000
98-36   4.419842e-03 -0.1327855653  0.1416252491 1.0000000
99-36   1.299012e-02 -0.1188141359  0.1447943810 1.0000000
100-36 -7.215381e-02 -0.1911954502  0.0468878400 0.9954015
38-37  -4.439885e-02 -0.1924513991  0.1036537068 1.0000000
39-37  -2.220354e-02 -0.1610599132  0.1166528382 1.0000000
40-37  -5.429487e-04 -0.1307795146  0.1296936171 1.0000000
41-37  -2.950763e-02 -0.1574470785  0.0984318104 1.0000000
42-37  -2.232827e-02 -0.1592997956  0.1146432527 1.0000000
43-37  -1.295317e-02 -0.1543539902  0.1284476493 1.0000000
44-37   3.516253e-02 -0.1459406255  0.2162656918 1.0000000
45-37  -8.498291e-03 -0.1779213814  0.1609248002 1.0000000
46-37  -3.399968e-02 -0.2268337149  0.1588343560 1.0000000
47-37  -1.796043e-02 -0.1847281373  0.1488072871 1.0000000
48-37  -7.568846e-03 -0.1867237967  0.1715861044 1.0000000
49-37  -8.058156e-03 -0.1891613152  0.1730450022 1.0000000
50-37  -2.861333e-02 -0.1655848531  0.1083581952 1.0000000
51-37  -3.213313e-02 -0.2029804314  0.1387141677 1.0000000
52-37  -3.589808e-02 -0.1891470286  0.1173508748 1.0000000
53-37  -5.144885e-02 -0.2062227006  0.1033250083 1.0000000
54-37   3.881868e-03 -0.1340016404  0.1417653766 1.0000000
55-37  -1.288141e-02 -0.1527779232  0.1270151027 1.0000000
56-37   2.593351e-02 -0.1104610524  0.1623280792 1.0000000
57-37  -3.971651e-02 -0.1799759183  0.1005429013 1.0000000
58-37   5.982265e-03 -0.1301325609  0.1420970909 1.0000000
59-37  -8.059779e-04 -0.1291651617  0.1275532059 1.0000000
60-37  -1.122771e-03 -0.1219365440  0.1196910012 1.0000000
61-37  -1.628067e-02 -0.1344802781  0.1019189362 1.0000000
62-37  -1.387885e-02 -0.1352099491  0.1074522568 1.0000000
63-37  -1.989433e-02 -0.1451224435  0.1053337835 1.0000000
64-37  -2.982450e-03 -0.1342975977  0.1283326982 1.0000000
65-37   3.350699e-03 -0.1333293719  0.1400307705 1.0000000
66-37   1.040566e-02 -0.1322227015  0.1530340233 1.0000000
67-37   1.893443e-03 -0.1363072919  0.1400941780 1.0000000
68-37  -1.755648e-02 -0.1581873606  0.1230744051 1.0000000
69-37   1.653488e-02 -0.1166156168  0.1496853755 1.0000000
70-37   3.262014e-03 -0.1320464740  0.1385705022 1.0000000
71-37  -1.292610e-02 -0.1487667758  0.1229145780 1.0000000
72-37  -1.587764e-02 -0.1540783763  0.1223230936 1.0000000
73-37   2.505598e-03 -0.1336092276  0.1386204242 1.0000000
74-37   2.357154e-03 -0.1386540900  0.1433683976 1.0000000
75-37  -2.196346e-02 -0.1618599745  0.1179330514 1.0000000
76-37  -2.286186e-03 -0.1339851026  0.1294127314 1.0000000
77-37   1.017752e-02 -0.1213279106  0.1416829455 1.0000000
78-37   9.742692e-03 -0.1184745797  0.1379599643 1.0000000
79-37  -1.957218e-02 -0.1425962959  0.1034519369 1.0000000
80-37   3.770253e-03 -0.1166172229  0.1241577288 1.0000000
81-37  -1.601043e-02 -0.1360969028  0.1040760526 1.0000000
82-37  -2.738390e-02 -0.1505628335  0.0957950288 1.0000000
83-37   1.667379e-02 -0.1140889909  0.1474365618 1.0000000
84-37  -1.420410e-02 -0.1480340719  0.1196258745 1.0000000
85-37  -3.192040e-02 -0.1721798144  0.1083390052 1.0000000
86-37  -1.208301e-02 -0.1466311706  0.1224651449 1.0000000
87-37  -2.526702e-02 -0.1605755063  0.1100414699 1.0000000
88-37  -3.943962e-03 -0.1412130769  0.1333251521 1.0000000
89-37   1.688671e-02 -0.1192281165  0.1530015353 1.0000000
90-37   2.525000e-03 -0.1301924853  0.1352424853 1.0000000
91-37  -3.894710e-02 -0.1677445437  0.0898503435 1.0000000
92-37   4.529715e-02 -0.0883021849  0.1788964926 1.0000000
93-37   2.340981e-02 -0.1108944443  0.1577140716 1.0000000
94-37   3.984446e-02 -0.0879589822  0.1676479064 1.0000000
95-37   4.991199e-02 -0.0798227018  0.1796466762 1.0000000
96-37   6.080245e-02 -0.0662233100  0.1878282077 0.9999990
97-37   2.733387e-02 -0.1027327894  0.1574005208 1.0000000
98-37   1.214752e-02 -0.1193579106  0.1436529455 1.0000000
99-37   2.071780e-02 -0.1051421096  0.1465777059 1.0000000
100-37 -6.442613e-02 -0.1768506247  0.0479983656 0.9990790
39-38   2.219531e-02 -0.1109039413  0.1552945586 1.0000000
40-38   4.385590e-02 -0.0802242393  0.1679360342 1.0000000
41-38   1.489121e-02 -0.1067756227  0.1365580469 1.0000000
42-38   2.207057e-02 -0.1090610983  0.1532022478 1.0000000
43-38   3.144568e-02 -0.1043059692  0.1671973205 1.0000000
44-38   7.956138e-02 -0.0971662963  0.2562890549 0.9999999
45-38   3.590056e-02 -0.1288371175  0.2006382286 1.0000000
46-38   1.039917e-02 -0.1783315475  0.1991298809 1.0000000
47-38   2.643842e-02 -0.1355670946  0.1884439367 1.0000000
48-38   3.683000e-02 -0.1379006886  0.2115606886 1.0000000
49-38   3.634069e-02 -0.1403869860  0.2130683653 1.0000000
50-38   1.578552e-02 -0.1153461558  0.1469171903 1.0000000
51-38   1.226571e-02 -0.1539363225  0.1784677510 1.0000000
52-38   8.500769e-03 -0.1395517838  0.1565533222 1.0000000
53-38  -7.050000e-03 -0.1566804223  0.1425804223 1.0000000
54-38   4.828071e-02 -0.0838032710  0.1803646996 1.0000000
55-38   3.151744e-02 -0.1026665854  0.1657014572 1.0000000
56-38   7.033236e-02 -0.0601965446  0.2008612637 0.9998821
57-38   4.682338e-03 -0.1298799873  0.1392446626 1.0000000
58-38   5.038111e-02 -0.0798554547  0.1806176770 1.0000000
59-38   4.359287e-02 -0.0785152696  0.1657010060 1.0000000
60-38   4.327607e-02 -0.0708741986  0.1574263481 1.0000000
61-38   2.811818e-02 -0.0832616452  0.1394979956 1.0000000
62-38   3.052000e-02 -0.0841776626  0.1452176626 1.0000000
63-38   2.450452e-02 -0.0943079313  0.1433169636 1.0000000
64-38   4.141640e-02 -0.0837953656  0.1666281584 1.0000000
65-38   4.774955e-02 -0.0830776655  0.1785767564 1.0000000
66-38   5.480451e-02 -0.0822252964  0.1918343104 1.0000000
67-38   4.629229e-02 -0.0861228172  0.1787073955 1.0000000
68-38   2.684237e-02 -0.1081071128  0.1617918496 1.0000000
69-38   6.093373e-02 -0.0662015249  0.1880689758 0.9999990
70-38   4.766086e-02 -0.0817327417  0.1770544621 1.0000000
71-38   3.147275e-02 -0.0984772692  0.1614227637 1.0000000
72-38   2.852120e-02 -0.1038939015  0.1609363112 1.0000000
73-38   4.690444e-02 -0.0833321214  0.1771410103 1.0000000
74-38   4.675600e-02 -0.0885898094  0.1821018094 1.0000000
75-38   2.243538e-02 -0.1117486367  0.1566194060 1.0000000
76-38   4.211266e-02 -0.0835015185  0.1677268396 1.0000000
77-38   5.457636e-02 -0.0708349391  0.1799876664 1.0000000
78-38   5.414154e-02 -0.0678174140  0.1761004909 1.0000000
79-38   2.482667e-02 -0.0916604591  0.1413137924 1.0000000
80-38   4.816910e-02 -0.0655298965  0.1618680947 1.0000000
81-38   2.838842e-02 -0.0849918215  0.1417686636 1.0000000
82-38   1.701494e-02 -0.0996356727  0.1336655604 1.0000000
83-38   6.107263e-02 -0.0635597115  0.1857049746 0.9999973
84-38   3.019475e-02 -0.0976519536  0.1580414485 1.0000000
85-38   1.247844e-02 -0.1220838834  0.1470407665 1.0000000
86-38   3.231583e-02 -0.0962824715  0.1609141382 1.0000000
87-38   1.913183e-02 -0.1102617739  0.1485254298 1.0000000
88-38   4.045488e-02 -0.0909876020  0.1718973694 1.0000000
89-38   6.128556e-02 -0.0689510103  0.1915221214 0.9999996
90-38   4.692385e-02 -0.0797578342  0.1736055266 1.0000000
91-38   5.451746e-03 -0.1171170050  0.1280204971 1.0000000
92-38   8.969600e-02 -0.0379092529  0.2173012529 0.8998839
93-38   6.780866e-02 -0.0605344388  0.1961517584 0.9999426
94-38   8.424331e-02 -0.0372805068  0.2057671234 0.9196919
95-38   9.431083e-02 -0.0292424215  0.2178640882 0.7144206
96-38   1.052013e-01 -0.0155043829  0.2259069728 0.2937661
97-38   7.173271e-02 -0.0521690719  0.1956344956 0.9987422
98-38   5.654636e-02 -0.0688649391  0.1819576664 0.9999999
99-38   6.511664e-02 -0.0543615279  0.1845948165 0.9998235
100-38 -2.002728e-02 -0.1252583832  0.0852038164 1.0000000
40-39   2.166059e-02 -0.0912881384  0.1346093160 1.0000000
41-39  -7.304097e-03 -0.1175962237  0.1029880307 1.0000000
42-39  -1.247339e-04 -0.1207773357  0.1205278678 1.0000000
43-39   9.250367e-03 -0.1164080736  0.1349088077 1.0000000
44-39   5.736607e-02 -0.1117321433  0.2264642846 1.0000000
45-39   1.370525e-02 -0.1428196251  0.1702301190 1.0000000
46-39  -1.179614e-02 -0.1934023564  0.1698100724 1.0000000
47-39   4.243112e-03 -0.1494036309  0.1578898557 1.0000000
48-39   1.463469e-02 -0.1523753328  0.1816447156 1.0000000
49-39   1.414538e-02 -0.1549528330  0.1832435950 1.0000000
50-39  -6.409791e-03 -0.1270623932  0.1142428104 1.0000000
51-39  -9.929594e-03 -0.1679949342  0.1481357455 1.0000000
52-39  -1.369454e-02 -0.1525509151  0.1251618363 1.0000000
53-39  -2.924531e-02 -0.1697828407  0.1112922234 1.0000000
54-39   2.608541e-02 -0.0956015444  0.1477723557 1.0000000
55-39   9.322127e-03 -0.1146411182  0.1332853727 1.0000000
56-39   4.813705e-02 -0.0718601551  0.1681342570 1.0000000
57-39  -1.751297e-02 -0.1418856124  0.1068596704 1.0000000
58-39   2.818580e-02 -0.0914933424  0.1478649473 1.0000000
59-39   2.139756e-02 -0.0893811927  0.1321763118 1.0000000
60-39   2.108077e-02 -0.0808595083  0.1230210405 1.0000000
61-39   5.922867e-03 -0.0929052621  0.1047509952 1.0000000
62-39   8.324691e-03 -0.0942281654  0.1108775482 1.0000000
63-39   2.309207e-03 -0.1048259049  0.1094443198 1.0000000
64-39   1.922109e-02 -0.0949696298  0.1334118053 1.0000000
65-39   2.555424e-02 -0.0947673894  0.1458758631 1.0000000
66-39   3.260920e-02 -0.0944289913  0.1596473881 1.0000000
67-39   2.409698e-02 -0.0979493018  0.1461432628 1.0000000
68-39   4.647060e-03 -0.1201443546  0.1294384742 1.0000000
69-39   3.873842e-02 -0.0775582147  0.1550350484 1.0000000
70-39   2.546555e-02 -0.0932957167  0.1442268198 1.0000000
71-39   9.277439e-03 -0.1100898157  0.1286446929 1.0000000
72-39   6.325896e-03 -0.1157203861  0.1283721785 1.0000000
73-39   2.470914e-02 -0.0949700091  0.1443882807 1.0000000
74-39   2.456069e-02 -0.1006592063  0.1497805890 1.0000000
75-39   2.400760e-04 -0.1237231694  0.1242033214 1.0000000
76-39   1.991735e-02 -0.0947144788  0.1345491827 1.0000000
77-39   3.238105e-02 -0.0820284267  0.1467905366 1.0000000
78-39   3.194623e-02 -0.0786680582  0.1425605179 1.0000000
79-39   2.631358e-03 -0.1019190370  0.1071817530 1.0000000
80-39   2.597379e-02 -0.0754608990  0.1274084799 1.0000000
81-39   6.193112e-03 -0.0948841552  0.1072703800 1.0000000
82-39  -5.180365e-03 -0.1099128859  0.0995521563 1.0000000
83-39   3.887732e-02 -0.0746777543  0.1524324002 1.0000000
84-39   7.999439e-03 -0.1090745275  0.1250734052 1.0000000
85-39  -9.716867e-03 -0.1340895085  0.1146557743 1.0000000
86-39   1.012052e-02 -0.1077737442  0.1280147936 1.0000000
87-39  -3.063481e-03 -0.1218247489  0.1156977876 1.0000000
88-39   1.825958e-02 -0.1027307621  0.1392499122 1.0000000
89-39   3.909025e-02 -0.0805888980  0.1587693918 1.0000000
90-39   2.472854e-02 -0.0910720790  0.1405291540 1.0000000
91-39  -1.674356e-02 -0.1280298302  0.0945427050 1.0000000
92-39   6.750069e-02 -0.0493095616  0.1843109443 0.9988112
93-39   4.561335e-02 -0.0720024879  0.1632291902 1.0000000
94-39   6.204800e-02 -0.0480863377  0.1721823370 0.9994622
95-39   7.211552e-02 -0.0402541394  0.1844851888 0.9816526
96-39   8.300599e-02 -0.0262249401  0.1922369128 0.7272950
97-39   4.953740e-02 -0.0632153646  0.1622901710 1.0000000
98-39   3.435105e-02 -0.0800584267  0.1487605366 1.0000000
99-39   4.292134e-02 -0.0649515908  0.1507942621 1.0000000
100-39 -4.222259e-02 -0.1340654959  0.0496203118 0.9999999
41-40  -2.896469e-02 -0.1281857684  0.0702563978 1.0000000
42-40  -2.178532e-02 -0.1324086490  0.0888380036 1.0000000
43-40  -1.241022e-02 -0.1284727640  0.1036523205 1.0000000
44-40   3.570548e-02 -0.1263891694  0.1978001332 1.0000000
45-40  -7.955342e-03 -0.1568865528  0.1409758690 1.0000000
46-40  -3.345673e-02 -0.2085603775  0.1416469160 1.0000000
47-40  -1.741748e-02 -0.1633208407  0.1284858880 1.0000000
48-40  -7.025897e-03 -0.1669409317  0.1528891368 1.0000000
49-40  -7.515208e-03 -0.1696098591  0.1545794435 1.0000000
50-40  -2.807038e-02 -0.1386937065  0.0825529461 1.0000000
51-40  -3.159018e-02 -0.1821395826  0.1189592163 1.0000000
52-40  -3.535513e-02 -0.1655916941  0.0948814376 1.0000000
53-40  -5.090590e-02 -0.1829334245  0.0811216297 1.0000000
54-40   4.424817e-03 -0.1073257259  0.1161753596 1.0000000
55-40  -1.233846e-02 -0.1265634860  0.1018865630 1.0000000
56-40   2.647646e-02 -0.0834316789  0.1363846032 1.0000000
57-40  -3.917356e-02 -0.1538427532  0.0754956337 1.0000000
58-40   6.525214e-03 -0.1030355810  0.1160860083 1.0000000
59-40  -2.630292e-04 -0.1000247551  0.0994986967 1.0000000
60-40  -5.798227e-04 -0.0904257438  0.0892660985 1.0000000
61-40  -1.573772e-02 -0.1020364420  0.0705609975 1.0000000
62-40  -1.333590e-02 -0.1038762666  0.0772044717 1.0000000
63-40  -1.935138e-02 -0.1150509231  0.0763481605 1.0000000
64-40  -2.439501e-03 -0.1059768855  0.1010978834 1.0000000
65-40   3.893648e-03 -0.1063686019  0.1141558979 1.0000000
66-40   1.094861e-02 -0.1066063633  0.1285035825 1.0000000
67-40   2.436392e-03 -0.1097053268  0.1145781102 1.0000000
68-40  -1.701353e-02 -0.1321367982  0.0981097402 1.0000000
69-40   1.707783e-02 -0.0887776230  0.1229332791 1.0000000
70-40   3.804963e-03 -0.1047524361  0.1123623616 1.0000000
71-40  -1.238315e-02 -0.1216031639  0.0968368636 1.0000000
72-40  -1.533469e-02 -0.1274764111  0.0968070259 1.0000000
73-40   3.048547e-03 -0.1065122476  0.1126093416 1.0000000
74-40   2.900103e-03 -0.1126874953  0.1184877004 1.0000000
75-40  -2.142051e-02 -0.1356455373  0.0928045117 1.0000000
76-40  -1.743237e-03 -0.1057669199  0.1022804461 1.0000000
77-40   1.072047e-02 -0.0930581419  0.1144990743 1.0000000
78-40   1.028564e-02 -0.0892934267  0.1098647087 1.0000000
79-40  -1.902923e-02 -0.1118260793  0.0737676178 1.0000000
80-40   4.313202e-03 -0.0849586653  0.0935850686 1.0000000
81-40  -1.546748e-02 -0.1043330154  0.0733980626 1.0000000
82-40  -2.684095e-02 -0.1198429481  0.0661610409 1.0000000
83-40   1.721673e-02 -0.0856191816  0.1200526499 1.0000000
84-40  -1.366115e-02 -0.1203700231  0.0930477232 1.0000000
85-40  -3.137746e-02 -0.1460466493  0.0832917376 1.0000000
86-40  -1.154006e-02 -0.1191482824  0.0960681542 1.0000000
87-40  -2.472407e-02 -0.1332814683  0.0838333294 1.0000000
88-40  -3.401014e-03 -0.1143925976  0.1075905701 1.0000000
89-40   1.742966e-02 -0.0921311365  0.1269904528 1.0000000
90-40   3.067949e-03 -0.1022423204  0.1083782179 1.0000000
91-40  -3.840415e-02 -0.1387291402  0.0619208374 1.0000000
92-40   4.584010e-02 -0.0605793750  0.1522595801 1.0000000
93-40   2.395276e-02 -0.0833503391  0.1312558639 1.0000000
94-40   4.038741e-02 -0.0586582467  0.1394330683 1.0000000
95-40   5.045494e-02 -0.0510704866  0.1519803584 0.9999950
96-40   6.134540e-02 -0.0366947233  0.1593855184 0.9897489
97-40   2.787681e-02 -0.0740724703  0.1298260991 1.0000000
98-40   1.269047e-02 -0.0910881419  0.1164690743 1.0000000
99-40   2.126075e-02 -0.0752640596  0.1177855533 1.0000000
100-40 -6.388318e-02 -0.1420854122  0.0143190505 0.4971339
42-41   7.179363e-03 -0.1007301304  0.1150888555 1.0000000
43-41   1.655446e-02 -0.0969243982  0.1300333253 1.0000000
44-41   6.467017e-02 -0.0955846746  0.2249250090 1.0000000
45-41   2.100934e-02 -0.1259173183  0.1679360052 1.0000000
46-41  -4.492045e-03 -0.1778939643  0.1689098734 1.0000000
47-41   1.154721e-02 -0.1323094214  0.1554038392 1.0000000
48-41   2.193879e-02 -0.1361110667  0.1799886425 1.0000000
49-41   2.144948e-02 -0.1388053643  0.1817043194 1.0000000
50-41   8.943051e-04 -0.1070151878  0.1088037981 1.0000000
51-41  -2.625498e-03 -0.1511921832  0.1459411876 1.0000000
52-41  -6.390443e-03 -0.1343298873  0.1215490015 1.0000000
53-41  -2.194121e-02 -0.1517033262  0.1078209020 1.0000000
54-41   3.338950e-02 -0.0756752592  0.1424542635 1.0000000
55-41   1.662622e-02 -0.0949725870  0.1282250346 1.0000000
56-41   5.544115e-02 -0.0517350524  0.1626173473 0.9999744
57-41  -1.020887e-02 -0.1222622648  0.1018445159 1.0000000
58-41   3.548990e-02 -0.0713300714  0.1423098694 1.0000000
59-41   2.870166e-02 -0.0680420275  0.1254453396 1.0000000
60-41   2.838486e-02 -0.0580976668  0.1148673921 1.0000000
61-41   1.322696e-02 -0.0695643854  0.0960183115 1.0000000
62-41   1.562879e-02 -0.0715749781  0.1028325538 1.0000000
63-41   9.613304e-03 -0.0829358216  0.1021624296 1.0000000
64-41   2.652518e-02 -0.0741074562  0.1271578247 1.0000000
65-41   3.285833e-02 -0.0746809716  0.1403976383 1.0000000
66-41   3.991329e-02 -0.0750915311  0.1549181210 1.0000000
67-41   3.140108e-02 -0.0780644581  0.1408666122 1.0000000
68-41   1.195116e-02 -0.1005668665  0.1244691791 1.0000000
69-41   4.604251e-02 -0.0569735770  0.1490586037 1.0000000
70-41   3.276965e-02 -0.0730209337  0.1385602299 1.0000000
71-41   1.658154e-02 -0.0898888821  0.1230519524 1.0000000
72-41   1.362999e-02 -0.0958355424  0.1230955278 1.0000000
73-41   3.201323e-02 -0.0748067381  0.1388332027 1.0000000
74-41   3.186479e-02 -0.0811282700  0.1448578457 1.0000000
75-41   7.544172e-03 -0.1040546383  0.1191429833 1.0000000
76-41   2.722145e-02 -0.0739114591  0.1283543559 1.0000000
77-41   3.968515e-02 -0.0611956586  0.1405659616 1.0000000
78-41   3.925033e-02 -0.0573049898  0.1358056425 1.0000000
79-41   9.935455e-03 -0.0796089113  0.0994798204 1.0000000
80-41   3.327789e-02 -0.0526081106  0.1191638846 1.0000000
81-41   1.349721e-02 -0.0719663645  0.0989607823 1.0000000
82-41   2.123732e-03 -0.0876332142  0.0918806776 1.0000000
83-41   4.618142e-02 -0.0537293603  0.1460921993 0.9999998
84-41   1.530354e-02 -0.0885893035  0.1191963742 1.0000000
85-41  -2.412771e-03 -0.1144661609  0.1096406198 1.0000000
86-41   1.742462e-02 -0.0873917277  0.1222409701 1.0000000
87-41   4.240616e-03 -0.1015499660  0.1100311976 1.0000000
88-41   2.556367e-02 -0.0827233084  0.1338506516 1.0000000
89-41   4.639434e-02 -0.0604256270  0.1532143138 1.0000000
90-41   3.203263e-02 -0.0704231669  0.1344884349 1.0000000
91-41  -9.439466e-03 -0.1067638809  0.0878849487 1.0000000
92-41   7.480479e-02 -0.0287907890  0.1784003648 0.8521491
93-41   5.291745e-02 -0.0515856334  0.1574205287 0.9999891
94-41   6.935210e-02 -0.0266530111  0.1653572034 0.8513278
95-41   7.941962e-02 -0.0191417798  0.1779810222 0.5428051
96-41   9.031008e-02 -0.0046572992  0.1852774649 0.1063743
97-41   5.684150e-02 -0.0421564548  0.1558394543 0.9990226
98-41   4.165515e-02 -0.0592256586  0.1425359616 1.0000000
99-41   5.022543e-02 -0.0431767981  0.1436276624 0.9998904
100-41 -3.491850e-02 -0.1092322045  0.0393952135 0.9999996
43-42   9.375101e-03 -0.1141973436  0.1329475455 1.0000000
44-42   5.749080e-02 -0.1100631011  0.2250447103 1.0000000
45-42   1.382998e-02 -0.1410252448  0.1686852065 1.0000000
46-42  -1.167141e-02 -0.1918405576  0.1684977415 1.0000000
47-42   4.367846e-03 -0.1475776277  0.1563133203 1.0000000
48-42   1.475943e-02 -0.1506868002  0.1802056508 1.0000000
49-42   1.427011e-02 -0.1532837908  0.1818240206 1.0000000
50-42  -6.285057e-03 -0.1247635604  0.1121934455 1.0000000
51-42  -9.804860e-03 -0.1662169987  0.1466072779 1.0000000
52-42  -1.356981e-02 -0.1505413296  0.1234017187 1.0000000
53-42  -2.912057e-02 -0.1677961070  0.1095549576 1.0000000
54-42   2.621014e-02 -0.0933215263  0.1457418055 1.0000000
55-42   9.446861e-03 -0.1124013705  0.1312950929 1.0000000
56-42   4.826178e-02 -0.0695492283  0.1660727979 1.0000000
57-42  -1.738824e-02 -0.1396529469  0.1048764728 1.0000000
58-42   2.831054e-02 -0.0891764972  0.1457975700 1.0000000
59-42   2.152229e-02 -0.0868845204  0.1299291074 1.0000000
60-42   2.120550e-02 -0.0781520608  0.1205630609 1.0000000
61-42   6.047600e-03 -0.0901142650  0.1022094659 1.0000000
62-42   8.449425e-03 -0.0915365427  0.1084353932 1.0000000
63-42   2.433941e-03 -0.1022467046  0.1071145874 1.0000000
64-42   1.934582e-02 -0.0925453098  0.1312369532 1.0000000
65-42   2.567897e-02 -0.0924624661  0.1438204075 1.0000000
66-42   3.273393e-02 -0.0922412932  0.1577091579 1.0000000
67-42   2.422171e-02 -0.0956757433  0.1441191722 1.0000000
68-42   4.771794e-03 -0.1179188842  0.1274624716 1.0000000
69-42   3.886315e-02 -0.0751763681  0.1529026696 1.0000000
70-42   2.559029e-02 -0.0909616093  0.1421421803 1.0000000
71-42   9.402173e-03 -0.1077671355  0.1265714806 1.0000000
72-42   6.450630e-03 -0.1134468276  0.1263480878 1.0000000
73-42   2.483387e-02 -0.0926531639  0.1423209033 1.0000000
74-42   2.468543e-02 -0.0984410467  0.1478118973 1.0000000
75-42   3.648099e-04 -0.1214834218  0.1222130416 1.0000000
76-42   2.004209e-02 -0.0922991887  0.1323833604 1.0000000
77-42   3.250579e-02 -0.0796085939  0.1446201718 1.0000000
78-42   3.207096e-02 -0.0761677819  0.1403097094 1.0000000
79-42   2.756092e-03 -0.0992776791  0.1047898631 1.0000000
80-42   2.609852e-02 -0.0727402411  0.1249372899 1.0000000
81-42   6.317846e-03 -0.0921540754  0.1047897681 1.0000000
82-42  -5.055631e-03 -0.1072760120  0.0971647502 1.0000000
83-42   3.900206e-02 -0.0722402953  0.1502444090 1.0000000
84-42   8.124173e-03 -0.1067079610  0.1229563066 1.0000000
85-42  -9.592133e-03 -0.1318568430  0.1126725767 1.0000000
86-42   1.024526e-02 -0.1054230775  0.1259135948 1.0000000
87-42  -2.938747e-03 -0.1194906416  0.1136131481 1.0000000
88-42   1.838431e-02 -0.1004381090  0.1372067270 1.0000000
89-42   3.921498e-02 -0.0782720528  0.1567020144 1.0000000
90-42   2.485327e-02 -0.0886803717  0.1383869146 1.0000000
91-42  -1.661883e-02 -0.1255442101  0.0923065527 1.0000000
92-42   6.762543e-02 -0.0469378347  0.1821886853 0.9977788
93-42   4.573809e-02 -0.0696464500  0.1611226201 1.0000000
94-42   6.217273e-02 -0.0455754804  0.1699209475 0.9988629
95-42   7.224026e-02 -0.0377917674  0.1822722847 0.9703157
96-42   8.313072e-02 -0.0236939054  0.1899553459 0.6560800
97-42   4.966214e-02 -0.0607611031  0.1600853774 0.9999999
98-42   3.447579e-02 -0.0776385939  0.1465901718 1.0000000
99-42   4.304607e-02 -0.0623895677  0.1484817069 1.0000000
100-42 -4.209786e-02 -0.1310654046  0.0468696884 0.9999994
44-43   4.811570e-02 -0.1230780600  0.2193094673 1.0000000
45-43   4.454880e-03 -0.1543315626  0.1632413224 1.0000000
46-43  -2.104651e-02 -0.2046055346  0.1625125165 1.0000000
47-43  -5.007255e-03 -0.1609573122  0.1509428030 1.0000000
48-43   5.384324e-03 -0.1637471244  0.1745157730 1.0000000
49-43   4.895014e-03 -0.1662987497  0.1760887776 1.0000000
50-43  -1.566016e-02 -0.1392326030  0.1079122861 1.0000000
51-43  -1.917996e-02 -0.1794851404  0.1411252176 1.0000000
52-43  -2.294491e-02 -0.1643457262  0.1184559133 1.0000000
53-43  -3.849568e-02 -0.1815477524  0.1045564010 1.0000000
54-43   1.683504e-02 -0.1077475146  0.1414175918 1.0000000
55-43   7.176022e-05 -0.1267351204  0.1268786408 1.0000000
56-43   3.888668e-02 -0.0840459327  0.1618193004 1.0000000
57-43  -2.676334e-02 -0.1539704631  0.1004437871 1.0000000
58-43   1.893544e-02 -0.1036867341  0.1415576050 1.0000000
59-43   1.214719e-02 -0.1018046863  0.1260990714 1.0000000
60-43   1.183040e-02 -0.0935494770  0.1172102752 1.0000000
61-43  -3.327500e-03 -0.1056998491  0.0990448482 1.0000000
62-43  -9.256757e-04 -0.1068982532  0.1050469018 1.0000000
63-43  -6.941160e-03 -0.1173541617  0.1034718426 1.0000000
64-43   9.970721e-03 -0.1073008390  0.1272422804 1.0000000
65-43   1.630387e-02 -0.1069454405  0.1395531801 1.0000000
66-43   2.335883e-02 -0.1064556532  0.1531733159 1.0000000
67-43   1.484661e-02 -0.1100869440  0.1397801709 1.0000000
68-43  -4.603307e-03 -0.1322199043  0.1230132898 1.0000000
69-43   2.948805e-02 -0.0898350630  0.1488111627 1.0000000
70-43   1.621518e-02 -0.1055113023  0.1379416713 1.0000000
71-43   2.707158e-05 -0.1222907119  0.1223448550 1.0000000
72-43  -2.924471e-03 -0.1278580283  0.1220090866 1.0000000
73-43   1.545877e-02 -0.1071634008  0.1380809383 1.0000000
74-43   1.531032e-02 -0.1127253016  0.1433459503 1.0000000
75-43  -9.010291e-03 -0.1358171716  0.1177965895 1.0000000
76-43   1.066698e-02 -0.1070341424  0.1283681122 1.0000000
77-43   2.313069e-02 -0.0943538993  0.1406152752 1.0000000
78-43   2.269586e-02 -0.0910961381  0.1364878637 1.0000000
79-43  -6.619009e-03 -0.1145258385  0.1012878205 1.0000000
80-43   1.672342e-02 -0.0881674483  0.1216142952 1.0000000
81-43  -3.057255e-03 -0.1076025212  0.1014880120 1.0000000
82-43  -1.443073e-02 -0.1225140318  0.0936525681 1.0000000
83-43   2.962696e-02 -0.0870257522  0.1462796640 1.0000000
84-43  -1.250928e-03 -0.1213317858  0.1188299294 1.0000000
85-43  -1.896723e-02 -0.1461743592  0.1082398910 1.0000000
86-43   8.701577e-04 -0.1200105992  0.1217509146 1.0000000
87-43  -1.231385e-02 -0.1340403345  0.1094126391 1.0000000
88-43   9.009208e-03 -0.1148930132  0.1329114293 1.0000000
89-43   2.983988e-02 -0.0927822897  0.1524620494 1.0000000
90-43   1.547817e-02 -0.1033615600  0.1343179009 1.0000000
91-43  -2.599393e-02 -0.1404392533  0.0884513940 1.0000000
92-43   5.825032e-02 -0.0615734377  0.1780740863 0.9999981
93-43   3.636298e-02 -0.0842462375  0.1569722057 1.0000000
94-43   5.279763e-02 -0.0605278765  0.1661231417 0.9999997
95-43   6.286516e-02 -0.0526339339  0.1783642492 0.9998314
96-43   7.375562e-02 -0.0386921199  0.1862033585 0.9708879
97-43   4.028704e-02 -0.0755848128  0.1561588852 1.0000000
98-43   2.510069e-02 -0.0923838993  0.1425852752 1.0000000
99-43   3.367097e-02 -0.0774580870  0.1448000243 1.0000000
100-43 -5.147296e-02 -0.1471192749  0.0441733568 0.9998872
45-44  -4.366082e-02 -0.2386410704  0.1513194229 1.0000000
46-44  -6.916221e-02 -0.2847963429  0.1464719176 1.0000000
47-44  -5.312296e-02 -0.2458003641  0.1395544476 1.0000000
48-44  -4.273138e-02 -0.2462248907  0.1607621321 1.0000000
49-44  -4.322069e-02 -0.2484314763  0.1619900970 1.0000000
50-44  -6.377586e-02 -0.2313297678  0.1037780436 1.0000000
51-44  -6.729567e-02 -0.2635147076  0.1289233775 1.0000000
52-44  -7.106061e-02 -0.2521637688  0.1100425486 1.0000000
53-44  -8.661138e-02 -0.2690067162  0.0957839575 0.9999993
54-44  -3.128067e-02 -0.1995809170  0.1370195869 1.0000000
55-44  -4.804394e-02 -0.2179973112  0.1219094244 1.0000000
56-44  -9.229020e-03 -0.1763116055  0.1578535660 1.0000000
57-44  -7.487904e-02 -0.2451312514  0.0953731681 1.0000000
58-44  -2.918027e-02 -0.1960345721  0.1376740357 1.0000000
59-44  -3.596851e-02 -0.1965586507  0.1246216286 1.0000000
60-44  -3.628530e-02 -0.1909109187  0.1183403096 1.0000000
61-44  -5.144320e-02 -0.2040350126  0.1011486044 1.0000000
62-44  -4.904138e-02 -0.2040715359  0.1059887772 1.0000000
63-44  -5.505686e-02 -0.2131555453  0.1030418190 1.0000000
64-44  -3.814498e-02 -0.2011074969  0.1248175311 1.0000000
65-44  -3.181183e-02 -0.1991275676  0.1355038999 1.0000000
66-44  -2.475687e-02 -0.1969659390  0.1474521944 1.0000000
67-44  -3.326909e-02 -0.2018293347  0.1352911544 1.0000000
68-44  -5.271901e-02 -0.2232773824  0.1178393607 1.0000000
69-44  -1.862765e-02 -0.1830726827  0.1458173750 1.0000000
70-44  -3.190052e-02 -0.1980976907  0.1342966525 1.0000000
71-44  -4.808863e-02 -0.2147193687  0.1185421046 1.0000000
72-44  -5.104017e-02 -0.2196004190  0.1175200700 1.0000000
73-44  -3.265693e-02 -0.1995112387  0.1341973690 1.0000000
74-44  -3.280538e-02 -0.2036775063  0.1380667476 1.0000000
75-44  -5.712599e-02 -0.2270793625  0.1128273731 1.0000000
76-44  -3.744872e-02 -0.2007206319  0.1258231944 1.0000000
77-44  -2.498502e-02 -0.1881008962  0.1381308649 1.0000000
78-44  -2.541984e-02 -0.1858965735  0.1350568918 1.0000000
79-44  -5.473471e-02 -0.2110934224  0.1016239971 1.0000000
80-44  -3.139228e-02 -0.1856850449  0.1229004845 1.0000000
81-44  -5.117296e-02 -0.2052309831  0.1028850666 1.0000000
82-44  -6.254644e-02 -0.2190269837  0.0939341127 1.0000000
83-44  -1.848875e-02 -0.1810064900  0.1440289946 1.0000000
84-44  -4.936663e-02 -0.2143623124  0.1156290487 1.0000000
85-44  -6.708294e-02 -0.2373351475  0.1031692720 1.0000000
86-44  -4.724555e-02 -0.2128242875  0.1183331955 1.0000000
87-44  -6.042955e-02 -0.2266267229  0.1057676202 1.0000000
88-44  -3.910650e-02 -0.2069037622  0.1286907710 1.0000000
89-44  -1.827582e-02 -0.1851301276  0.1485784801 1.0000000
90-44  -3.263753e-02 -0.1967321515  0.1314570852 1.0000000
91-44  -7.410963e-02 -0.2350502881  0.0868310215 0.9999998
92-44   1.013462e-02 -0.1546740447  0.1749432861 1.0000000
93-44  -1.175272e-02 -0.1771333308  0.1536278918 1.0000000
94-44   4.681929e-03 -0.1554643581  0.1648282160 1.0000000
95-44   1.474945e-02 -0.1469422353  0.1764411434 1.0000000
96-44   2.563992e-02 -0.1338864342  0.1851662655 1.0000000
97-44  -7.828667e-03 -0.1697868338  0.1541294989 1.0000000
98-44  -2.301502e-02 -0.1861308962  0.1401008649 1.0000000
99-44  -1.444474e-02 -0.1730443229  0.1441548528 1.0000000
100-44 -9.958866e-02 -0.2477520185  0.0485746930 0.9531385
46-45  -2.550139e-02 -0.2314234803  0.1804207025 1.0000000
47-45  -9.462135e-03 -0.1912048436  0.1722805746 1.0000000
48-45   9.294444e-04 -0.1922426001  0.1941014890 1.0000000
49-45   4.401341e-04 -0.1945401125  0.1954203807 1.0000000
50-45  -2.011504e-02 -0.1749702640  0.1347401873 1.0000000
51-45  -2.363484e-02 -0.2091280817  0.1618583992 1.0000000
52-45  -2.739979e-02 -0.1968228771  0.1420233044 1.0000000
53-45  -4.295056e-02 -0.2137542104  0.1278530993 1.0000000
54-45   1.238016e-02 -0.1432823108  0.1680426282 1.0000000
55-45  -4.383120e-03 -0.1618314503  0.1530652110 1.0000000
56-45   3.443180e-02 -0.1199133289  0.1887769369 1.0000000
57-45  -3.121822e-02 -0.1889890787  0.1265526429 1.0000000
58-45   1.448056e-02 -0.1396174273  0.1685785384 1.0000000
59-45   7.692313e-03 -0.1395999904  0.1549846158 1.0000000
60-45   7.375519e-03 -0.1333899245  0.1481409629 1.0000000
61-45  -7.782380e-03 -0.1463106794  0.1307459186 1.0000000
62-45  -5.380556e-03 -0.1465902544  0.1358291433 1.0000000
63-45  -1.139604e-02 -0.1559679001  0.1331758212 1.0000000
64-45   5.515841e-03 -0.1443594759  0.1553911576 1.0000000
65-45   1.184899e-02 -0.1427485015  0.1664464813 1.0000000
66-45   1.890395e-02 -0.1409766047  0.1787845077 1.0000000
67-45   1.039173e-02 -0.1455517999  0.1663352671 1.0000000
68-45  -9.058187e-03 -0.1671593816  0.1490430074 1.0000000
69-45   2.503317e-02 -0.1264527935  0.1765191334 1.0000000
70-45   1.176030e-02 -0.1416259054  0.1651465147 1.0000000
71-45  -4.427808e-03 -0.1582836889  0.1494280723 1.0000000
72-45  -7.379351e-03 -0.1633228842  0.1485641827 1.0000000
73-45   1.100389e-02 -0.1430940940  0.1651018717 1.0000000
74-45   1.085544e-02 -0.1475841761  0.1692950650 1.0000000
75-45  -1.346517e-02 -0.1709135016  0.1439831597 1.0000000
76-45   6.212105e-03 -0.1439995697  0.1564237797 1.0000000
77-45   1.867581e-02 -0.1313662530  0.1687178692 1.0000000
78-45   1.824098e-02 -0.1289276664  0.1654096322 1.0000000
79-45  -1.107389e-02 -0.1537408987  0.1315931210 1.0000000
80-45   1.226854e-02 -0.1281311959  0.1526682830 1.0000000
81-45  -7.512135e-03 -0.1476538650  0.1326295960 1.0000000
82-45  -1.888561e-02 -0.1616861425  0.1239149190 1.0000000
83-45   2.517208e-02 -0.1242195106  0.1745636627 1.0000000
84-45  -5.705808e-03 -0.1577893516  0.1463777354 1.0000000
85-45  -2.342211e-02 -0.1811929748  0.1343487468 1.0000000
86-45  -3.584722e-03 -0.1563006325  0.1491311880 1.0000000
87-45  -1.676873e-02 -0.1701549377  0.1366174825 1.0000000
88-45   4.554328e-03 -0.1505641823  0.1596728386 1.0000000
89-45   2.538500e-02 -0.1287129829  0.1794829829 1.0000000
90-45   1.102329e-02 -0.1400822136  0.1621287947 1.0000000
91-45  -3.044881e-02 -0.1781231945  0.1172255754 1.0000000
92-45   5.379544e-02 -0.0980851856  0.2056760745 1.0000000
93-45   3.190810e-02 -0.1205929652  0.1844091737 1.0000000
94-45   4.834275e-02 -0.0984654993  0.1951510048 1.0000000
95-45   5.841028e-02 -0.0900822541  0.2069028096 1.0000000
96-45   6.930074e-02 -0.0768310022  0.2154324810 0.9999994
97-45   3.583216e-02 -0.1129504947  0.1846148073 1.0000000
98-45   2.064581e-02 -0.1293962530  0.1706878692 1.0000000
99-45   2.921609e-02 -0.1159033754  0.1743355529 1.0000000
100-45 -5.592784e-02 -0.1895624512  0.0777067733 1.0000000
47-46   1.603925e-02 -0.1877037059  0.2197822147 1.0000000
48-46   2.643083e-02 -0.1875696815  0.2404313481 1.0000000
49-46   2.594152e-02 -0.1896926072  0.2415756532 1.0000000
50-46   5.386351e-03 -0.1747827990  0.1855555001 1.0000000
51-46   1.866548e-03 -0.2052288985  0.2089619937 1.0000000
52-46  -1.898397e-03 -0.1947324329  0.1909356380 1.0000000
53-46  -1.744917e-02 -0.2114972794  0.1765989461 1.0000000
54-46   3.788155e-02 -0.1429818980  0.2187449932 1.0000000
55-46   2.111827e-02 -0.1612844675  0.2035210059 1.0000000
56-46   5.993319e-02 -0.1197977216  0.2396641073 1.0000000
57-46  -5.716829e-03 -0.1883980433  0.1769643853 1.0000000
58-46   3.998194e-02 -0.1395367729  0.2195006617 1.0000000
59-46   3.319370e-02 -0.1405181406  0.2069055437 1.0000000
60-46   3.287691e-02 -0.1353363247  0.2010901409 1.0000000
61-46   1.771901e-02 -0.1486266291  0.1840646462 1.0000000
62-46   2.012083e-02 -0.1484643398  0.1887060064 1.0000000
63-46   1.410535e-02 -0.1573058650  0.1855165639 1.0000000
64-46   3.101723e-02 -0.1448901098  0.2069245693 1.0000000
65-46   3.735038e-02 -0.1425972966  0.2172980542 1.0000000
66-46   4.440534e-02 -0.1401009571  0.2289116378 1.0000000
67-46   3.589312e-02 -0.1452122810  0.2169985260 1.0000000
68-46   1.644320e-02 -0.1665233778  0.1994097813 1.0000000
69-46   5.053456e-02 -0.1267470777  0.2278161954 1.0000000
70-46   3.726169e-02 -0.1416464141  0.2161698012 1.0000000
71-46   2.107358e-02 -0.1582373604  0.2003845215 1.0000000
72-46   1.812204e-02 -0.1629833653  0.1992274416 1.0000000
73-46   3.650528e-02 -0.1430134395  0.2160239951 1.0000000
74-46   3.635683e-02 -0.1469022590  0.2196159256 1.0000000
75-46   1.203622e-02 -0.1703665188  0.1944389547 1.0000000
76-46   3.171349e-02 -0.1444805150  0.2079075028 1.0000000
77-46   4.417720e-02 -0.1318722326  0.2202266265 1.0000000
78-46   4.374237e-02 -0.1298646352  0.2173493788 1.0000000
79-46   1.442750e-02 -0.1553802067  0.1842352067 1.0000000
80-46   3.776993e-02 -0.1301373883  0.2056772532 1.0000000
81-46   1.798925e-02 -0.1497023857  0.1856808945 1.0000000
82-46   6.615777e-03 -0.1633041249  0.1765356792 1.0000000
83-46   5.067346e-02 -0.1248219131  0.2261688429 1.0000000
84-46   1.979558e-02 -0.1579969549  0.1975881165 1.0000000
85-46   2.079275e-03 -0.1806019394  0.1847604892 1.0000000
86-46   2.191667e-02 -0.1564170957  0.2002504290 1.0000000
87-46   8.732661e-03 -0.1701754464  0.1876407689 1.0000000
88-46   3.005572e-02 -0.1503397758  0.2104512099 1.0000000
89-46   5.088639e-02 -0.1286323284  0.2304051062 1.0000000
90-46   3.652468e-02 -0.1404319675  0.2134813265 1.0000000
91-46  -4.947421e-03 -0.1789833523  0.1690885110 1.0000000
92-46   7.929683e-02 -0.0983221615  0.2569158282 1.0000000
93-46   5.740949e-02 -0.1207403251  0.2355593113 1.0000000
94-46   7.384414e-02 -0.0994574580  0.2471457412 1.0000000
95-46   8.391167e-02 -0.0908190220  0.2586423553 0.9999989
96-46   9.480213e-02 -0.0779267559  0.2675310125 0.9997749
97-46   6.133355e-02 -0.1136437642  0.2363108546 1.0000000
98-46   4.614720e-02 -0.1299022326  0.2221966265 1.0000000
99-46   5.471748e-02 -0.1171558490  0.2265908043 1.0000000
100-46 -3.042645e-02 -0.1927193678  0.1318664676 1.0000000
48-47   1.039158e-02 -0.1804558076  0.2012389655 1.0000000
49-47   9.902269e-03 -0.1827751372  0.2025796744 1.0000000
50-47  -1.065290e-02 -0.1625983778  0.1412925702 1.0000000
51-47  -1.417271e-02 -0.1972438088  0.1688983953 1.0000000
52-47  -1.793765e-02 -0.1847053640  0.1488300604 1.0000000
53-47  -3.348842e-02 -0.2016584976  0.1346816555 1.0000000
54-47   2.184229e-02 -0.1309258008  0.1746103873 1.0000000
55-47   5.079015e-03 -0.1495083811  0.1596664107 1.0000000
56-47   4.389394e-02 -0.1075316413  0.1953195183 1.0000000
57-47  -2.175608e-02 -0.1766719660  0.1331597992 1.0000000
58-47   2.394269e-02 -0.1272309666  0.1751163467 1.0000000
59-47   1.715445e-02 -0.1270756076  0.1613845020 1.0000000
60-47   1.683765e-02 -0.1207203206  0.1543956280 1.0000000
61-47   1.679754e-03 -0.1335880387  0.1369475470 1.0000000
62-47   4.081579e-03 -0.1339309755  0.1420941334 1.0000000
63-47  -1.933905e-03 -0.1433846350  0.1395168252 1.0000000
64-47   1.497798e-02 -0.1318889601  0.1618449108 1.0000000
65-47   2.131112e-02 -0.1303716713  0.1729939201 1.0000000
66-47   2.836609e-02 -0.1286978450  0.1854300169 1.0000000
67-47   1.985387e-02 -0.1332006051  0.1729083414 1.0000000
68-47   4.039474e-04 -0.1548483436  0.1556562384 1.0000000
69-47   3.449530e-02 -0.1140149082  0.1830055171 1.0000000
70-47   2.122244e-02 -0.1292256103  0.1716704886 1.0000000
71-47   5.034326e-03 -0.1458925374  0.1559611898 1.0000000
72-47   2.082784e-03 -0.1509716895  0.1551372570 1.0000000
73-47   2.046602e-02 -0.1307076333  0.1716396801 1.0000000
74-47   2.031758e-02 -0.1352793346  0.1759144925 1.0000000
75-47  -4.003036e-03 -0.1585904323  0.1505843595 1.0000000
76-47   1.567424e-02 -0.1315359279  0.1628844069 1.0000000
77-47   2.813794e-02 -0.1188991488  0.1751750340 1.0000000
78-47   2.770312e-02 -0.1164006559  0.1718068907 1.0000000
79-47  -1.611754e-03 -0.1411150226  0.1378915139 1.0000000
80-47   2.173068e-02 -0.1154530418  0.1589143979 1.0000000
81-47   1.950000e-03 -0.1349696508  0.1388696508 1.0000000
82-47  -9.423477e-03 -0.1490632915  0.1302163370 1.0000000
83-47   3.463421e-02 -0.1117390531  0.1810074742 1.0000000
84-47   3.756326e-03 -0.1453633918  0.1528760446 1.0000000
85-47  -1.395998e-02 -0.1688758621  0.1409559031 1.0000000
86-47   5.877412e-03 -0.1438871877  0.1556420122 1.0000000
87-47  -7.306593e-03 -0.1577546426  0.1431414564 1.0000000
88-47   1.401646e-02 -0.1381973292  0.1662302545 1.0000000
89-47   3.484713e-02 -0.1163265222  0.1860207912 1.0000000
90-47   2.048543e-02 -0.1276366851  0.1686075353 1.0000000
91-47  -2.098668e-02 -0.1656069022  0.1236335522 1.0000000
92-47   6.325758e-02 -0.0856551873  0.2121703452 1.0000000
93-47   4.137024e-02 -0.1081752806  0.1909157580 1.0000000
94-47   5.780489e-02 -0.0859308043  0.2015405788 1.0000000
95-47   6.787241e-02 -0.0775831416  0.2133279662 0.9999997
96-47   7.876287e-02 -0.0642817766  0.2218075245 0.9997487
97-47   4.529429e-02 -0.1004574275  0.1910460092 1.0000000
98-47   3.010794e-02 -0.1169291488  0.1771450340 1.0000000
99-47   3.867822e-02 -0.1033321462  0.1806885926 1.0000000
100-47 -4.646570e-02 -0.1767173676  0.0837859587 1.0000000
49-48  -4.893103e-04 -0.2039828218  0.2030042011 1.0000000
50-48  -2.104448e-02 -0.1864907083  0.1444017427 1.0000000
51-48  -2.456429e-02 -0.2189866478  0.1698580764 1.0000000
52-48  -2.832923e-02 -0.2074841813  0.1508257198 1.0000000
53-48  -4.388000e-02 -0.2243410792  0.1365810792 1.0000000
54-48   1.145071e-02 -0.1547513225  0.1776527510 1.0000000
55-48  -5.312564e-03 -0.1731883796  0.1625632514 1.0000000
56-48   3.350236e-02 -0.1314665244  0.1984712435 1.0000000
57-48  -3.214766e-02 -0.2003260116  0.1360306869 1.0000000
58-48   1.355111e-02 -0.1511865620  0.1782887842 1.0000000
59-48   6.762868e-03 -0.1516269521  0.1651526885 1.0000000
60-48   6.446075e-03 -0.1458930954  0.1587852449 1.0000000
61-48  -8.711825e-03 -0.1589862479  0.1415625983 1.0000000
62-48  -6.310000e-03 -0.1590597681  0.1464397681 1.0000000
63-48  -1.232548e-02 -0.1681886787  0.1435377110 1.0000000
64-48   4.586396e-03 -0.1562082652  0.1653810580 1.0000000
65-48   1.091955e-02 -0.1542854695  0.1761245604 1.0000000
66-48   1.797451e-02 -0.1521845505  0.1881335646 1.0000000
67-48   9.462289e-03 -0.1570030173  0.1759275956 1.0000000
68-48  -9.987632e-03 -0.1784759111  0.1585006479 1.0000000
69-48   2.410373e-02 -0.1381932546  0.1864007055 1.0000000
70-48   1.083086e-02 -0.1532412034  0.1749029238 1.0000000
71-48  -5.357253e-03 -0.1698684822  0.1591539767 1.0000000
72-48  -8.308795e-03 -0.1747741016  0.1581565113 1.0000000
73-48   1.007444e-02 -0.1546632286  0.1748121175 1.0000000
74-48   9.926000e-03 -0.1588798825  0.1787318825 1.0000000
75-48  -1.439462e-02 -0.1822704309  0.1534812001 1.0000000
76-48   5.282661e-03 -0.1558255634  0.1663908846 1.0000000
77-48   1.774636e-02 -0.1432037302  0.1786964575 1.0000000
78-48   1.731154e-02 -0.1409632983  0.1755863752 1.0000000
79-48  -1.200333e-02 -0.1661013162  0.1420946495 1.0000000
80-48   1.133910e-02 -0.1406622149  0.1633404131 1.0000000
81-48  -8.441579e-03 -0.1602046088  0.1433214509 1.0000000
82-48  -1.981506e-02 -0.1740366636  0.1344065512 1.0000000
83-48   2.424263e-02 -0.1361012451  0.1845865082 1.0000000
84-48  -6.635253e-03 -0.1694901475  0.1562196425 1.0000000
85-48  -2.435156e-02 -0.1925299077  0.1438267908 1.0000000
86-48  -4.514167e-03 -0.1679597596  0.1589314263 1.0000000
87-48  -1.769817e-02 -0.1817702357  0.1463738916 1.0000000
88-48   3.624884e-03 -0.1620677984  0.1693175658 1.0000000
89-48   2.445556e-02 -0.1402821175  0.1891932286 1.0000000
90-48   1.009385e-02 -0.1518480755  0.1720357678 1.0000000
91-48  -3.137825e-02 -0.1901234479  0.1273669399 1.0000000
92-48   5.286600e-02 -0.1097994186  0.2155314186 1.0000000
93-48   3.097866e-02 -0.1322662140  0.1942235335 1.0000000
94-48   4.741331e-02 -0.1105264761  0.2053530926 1.0000000
95-48   5.748083e-02 -0.1020257328  0.2169873994 1.0000000
96-48   6.837129e-02 -0.0889398569  0.2256824469 1.0000000
97-48   3.490271e-02 -0.1248739756  0.1946793994 1.0000000
98-48   1.971636e-02 -0.1412337302  0.1806664575 1.0000000
99-48   2.828664e-02 -0.1280846174  0.1846579060 1.0000000
100-48 -5.685728e-02 -0.2026328719  0.0889183051 1.0000000
50-49  -2.055517e-02 -0.1881090781  0.1469987333 1.0000000
51-49  -2.407498e-02 -0.2202940179  0.1721440672 1.0000000
52-49  -2.783992e-02 -0.2089430791  0.1532632383 1.0000000
53-49  -4.339069e-02 -0.2257860265  0.1390046472 1.0000000
54-49   1.194002e-02 -0.1563602273  0.1802402766 1.0000000
55-49  -4.823254e-03 -0.1747766215  0.1651301140 1.0000000
56-49   3.399167e-02 -0.1330909159  0.2010742557 1.0000000
57-49  -3.165835e-02 -0.2019105618  0.1385938578 1.0000000
58-49   1.404042e-02 -0.1528138824  0.1808947253 1.0000000
59-49   7.252179e-03 -0.1533379611  0.1678423182 1.0000000
60-49   6.935385e-03 -0.1476902290  0.1615609992 1.0000000
61-49  -8.222514e-03 -0.1608143230  0.1443692940 1.0000000
62-49  -5.820690e-03 -0.1608508462  0.1492094669 1.0000000
63-49  -1.183617e-02 -0.1699348557  0.1462625086 1.0000000
64-49   5.075707e-03 -0.1578868073  0.1680382208 1.0000000
65-49   1.140886e-02 -0.1559068779  0.1787245895 1.0000000
66-49   1.846382e-02 -0.1537452493  0.1906728841 1.0000000
67-49   9.951600e-03 -0.1586086450  0.1785118440 1.0000000
68-49  -9.498321e-03 -0.1800566928  0.1610600503 1.0000000
69-49   2.459304e-02 -0.1398519930  0.1890380647 1.0000000
70-49   1.132017e-02 -0.1548770010  0.1775173421 1.0000000
71-49  -4.867942e-03 -0.1714986791  0.1617627943 1.0000000
72-49  -7.819485e-03 -0.1763797293  0.1607407597 1.0000000
73-49   1.056375e-02 -0.1562905491  0.1774180587 1.0000000
74-49   1.041531e-02 -0.1604568166  0.1812874373 1.0000000
75-49  -1.390531e-02 -0.1838586728  0.1560480627 1.0000000
76-49   5.771971e-03 -0.1574999423  0.1690438840 1.0000000
77-49   1.823567e-02 -0.1448802066  0.1813515546 1.0000000
78-49   1.780085e-02 -0.1426758839  0.1782775815 1.0000000
79-49  -1.151402e-02 -0.1678727327  0.1448446867 1.0000000
80-49   1.182841e-02 -0.1424643552  0.1661211741 1.0000000
81-49  -7.952269e-03 -0.1620102935  0.1461057563 1.0000000
82-49  -1.932575e-02 -0.1758062941  0.1371548024 1.0000000
83-49   2.473194e-02 -0.1377858004  0.1872496842 1.0000000
84-49  -6.145942e-03 -0.1711416228  0.1588497384 1.0000000
85-49  -2.386225e-02 -0.1941144579  0.1463899617 1.0000000
86-49  -4.024856e-03 -0.1696035978  0.1615538852 1.0000000
87-49  -1.720886e-02 -0.1834060333  0.1489883099 1.0000000
88-49   4.114194e-03 -0.1636830725  0.1719114607 1.0000000
89-49   2.494487e-02 -0.1419094380  0.1917991698 1.0000000
90-49   1.058316e-02 -0.1535114619  0.1746777749 1.0000000
91-49  -3.088894e-02 -0.1918295984  0.1300517112 1.0000000
92-49   5.335531e-02 -0.1114533551  0.2181639758 1.0000000
93-49   3.146797e-02 -0.1339126411  0.1968485814 1.0000000
94-49   4.790262e-02 -0.1122436685  0.2080489057 1.0000000
95-49   5.797014e-02 -0.1037215457  0.2196618330 1.0000000
96-49   6.886061e-02 -0.0906657445  0.2283869552 1.0000000
97-49   3.539202e-02 -0.1265661441  0.1973501886 1.0000000
98-49   2.020567e-02 -0.1429102066  0.1833215546 1.0000000
99-49   2.877595e-02 -0.1298236332  0.1873755425 1.0000000
100-49 -5.636797e-02 -0.2045313288  0.0917953827 1.0000000
51-50  -3.519803e-03 -0.1599319412  0.1528923353 1.0000000
52-50  -7.284748e-03 -0.1442562722  0.1296867761 1.0000000
53-50  -2.283552e-02 -0.1615110495  0.1158400150 1.0000000
54-50   3.249520e-02 -0.0870364688  0.1520268629 1.0000000
55-50   1.573192e-02 -0.1061163130  0.1375801503 1.0000000
56-50   5.454684e-02 -0.0632641708  0.1723578554 0.9999998
57-50  -1.110318e-02 -0.1333678894  0.1111615303 1.0000000
58-50   3.459559e-02 -0.0828914397  0.1520826275 1.0000000
59-50   2.780735e-02 -0.0805994629  0.1362141648 1.0000000
60-50   2.749056e-02 -0.0718670033  0.1268481183 1.0000000
61-50   1.233266e-02 -0.0838292075  0.1084945234 1.0000000
62-50   1.473448e-02 -0.0852514852  0.1147204507 1.0000000
63-50   8.718999e-03 -0.0959616471  0.1133996449 1.0000000
64-50   2.563088e-02 -0.0862602524  0.1375220107 1.0000000
65-50   3.196403e-02 -0.0861774086  0.1501054650 1.0000000
66-50   3.901899e-02 -0.0859562357  0.1639942153 1.0000000
67-50   3.050677e-02 -0.0893906858  0.1504042297 1.0000000
68-50   1.105685e-02 -0.1116338267  0.1337475291 1.0000000
69-50   4.514821e-02 -0.0688913106  0.1591877271 1.0000000
70-50   3.187534e-02 -0.0846765518  0.1484272378 1.0000000
71-50   1.568723e-02 -0.1014820780  0.1328565380 1.0000000
72-50   1.273569e-02 -0.1071617702  0.1326331453 1.0000000
73-50   3.111893e-02 -0.0863681064  0.1486059608 1.0000000
74-50   3.097048e-02 -0.0921559893  0.1540969548 1.0000000
75-50   6.649867e-03 -0.1151983643  0.1284980990 1.0000000
76-50   2.632714e-02 -0.0860141312  0.1386684179 1.0000000
77-50   3.879085e-02 -0.0733235364  0.1509052292 1.0000000
78-50   3.835602e-02 -0.0698827245  0.1465947669 1.0000000
79-50   9.041149e-03 -0.0929926217  0.1110749205 1.0000000
80-50   3.238358e-02 -0.0664551837  0.1312223474 1.0000000
81-50   1.260290e-02 -0.0858690179  0.1110748255 1.0000000
82-50   1.229427e-03 -0.1009909545  0.1034498077 1.0000000
83-50   4.528711e-02 -0.0659552378  0.1565294665 1.0000000
84-50   1.440923e-02 -0.1004229036  0.1292413640 1.0000000
85-50  -3.307076e-03 -0.1255717855  0.1189576342 1.0000000
86-50   1.653032e-02 -0.0991380200  0.1321986522 1.0000000
87-50   3.346311e-03 -0.1132055841  0.1198982055 1.0000000
88-50   2.466937e-02 -0.0941530516  0.1434917845 1.0000000
89-50   4.550004e-02 -0.0719869953  0.1629870719 1.0000000
90-50   3.113833e-02 -0.0823953142  0.1446719721 1.0000000
91-50  -1.033377e-02 -0.1192591526  0.0985916102 1.0000000
92-50   7.391048e-02 -0.0406527772  0.1884737427 0.9794259
93-50   5.202314e-02 -0.0633613925  0.1674076776 0.9999999
94-50   6.845779e-02 -0.0392904229  0.1762060050 0.9853516
95-50   7.852532e-02 -0.0315067099  0.1885573421 0.8745324
96-50   8.941578e-02 -0.0174088479  0.1962404034 0.4169070
97-50   5.594719e-02 -0.0544760456  0.1663704349 0.9999888
98-50   4.076085e-02 -0.0713535364  0.1528752292 1.0000000
99-50   4.933113e-02 -0.0561045102  0.1547667643 0.9999997
100-50 -3.581280e-02 -0.1247803472  0.0531547459 1.0000000
52-51  -3.764945e-03 -0.1746122446  0.1670823545 1.0000000
53-51  -1.931571e-02 -0.1915321612  0.1529007326 1.0000000
54-51   3.601500e-02 -0.1211963879  0.1932263879 1.0000000
55-51   1.925172e-02 -0.1397281290  0.1782315722 1.0000000
56-51   5.806665e-02 -0.0978404942  0.2139737848 1.0000000
57-51  -7.583377e-03 -0.1668826566  0.1517159034 1.0000000
58-51   3.811540e-02 -0.1175470727  0.1937778663 1.0000000
59-51   3.132715e-02 -0.1176011464  0.1802554543 1.0000000
60-51   3.101036e-02 -0.1114660454  0.1734867664 1.0000000
61-51   1.585246e-02 -0.1244140915  0.1561190133 1.0000000
62-51   1.825429e-02 -0.1246610568  0.1611696282 1.0000000
63-51   1.223880e-02 -0.1339994934  0.1584770971 1.0000000
64-51   2.915068e-02 -0.1223327383  0.1806341025 1.0000000
65-51   3.548383e-02 -0.1206731425  0.1916408049 1.0000000
66-51   4.253879e-02 -0.1188502042  0.2039277897 1.0000000
67-51   3.402657e-02 -0.1234631128  0.1915162625 1.0000000
68-51   1.457665e-02 -0.1450497967  0.1742031049 1.0000000
69-51   4.866801e-02 -0.1044091367  0.2017451591 1.0000000
70-51   3.539515e-02 -0.1195627372  0.1903530290 1.0000000
71-51   1.920703e-02 -0.1362157713  0.1746298372 1.0000000
72-51   1.625549e-02 -0.1412341971  0.1737451782 1.0000000
73-51   3.463873e-02 -0.1210237393  0.1903011996 1.0000000
74-51   3.449029e-02 -0.1254713642  0.1944519357 1.0000000
75-51   1.016967e-02 -0.1488101803  0.1691495210 1.0000000
76-51   2.984695e-02 -0.1219692693  0.1816631618 1.0000000
77-51   4.231065e-02 -0.1093377472  0.1939590459 1.0000000
78-51   4.187582e-02 -0.1069301818  0.1906818301 1.0000000
79-51   1.256095e-02 -0.1317944832  0.1569163880 1.0000000
80-51   3.590338e-02 -0.1062117197  0.1780184893 1.0000000
81-51   1.612271e-02 -0.1257375086  0.1579829222 1.0000000
82-51   4.749230e-03 -0.1397381667  0.1492366257 1.0000000
83-51   4.880692e-02 -0.1021979245  0.1998117591 1.0000000
84-51   1.792903e-02 -0.1357395072  0.1715975735 1.0000000
85-51   2.127273e-04 -0.1590865528  0.1595120073 1.0000000
86-51   2.005012e-02 -0.1342442922  0.1743445303 1.0000000
87-51   6.866114e-03 -0.1480917694  0.1618239968 1.0000000
88-51   2.818917e-02 -0.1284836373  0.1848619762 1.0000000
89-51   4.901984e-02 -0.1066426282  0.2046823108 1.0000000
90-51   3.465813e-02 -0.1180425213  0.1873587850 1.0000000
91-51  -6.813968e-03 -0.1561201639  0.1424922274 1.0000000
92-51   7.743029e-02 -0.0760374369  0.2308980083 0.9999906
93-51   5.554295e-02 -0.0985388259  0.2096247169 1.0000000
94-51   7.197759e-02 -0.0764719899  0.2204271779 0.9999983
95-51   8.204512e-02 -0.0680703302  0.2321605683 0.9998053
96-51   9.293558e-02 -0.0548450066  0.2407161680 0.9884462
97-51   5.946700e-02 -0.0909354404  0.2098694355 1.0000000
98-51   4.428065e-02 -0.1073677472  0.1959290459 1.0000000
99-51   5.285093e-02 -0.0939287517  0.1996306117 1.0000000
100-51 -3.229300e-02 -0.1677286860  0.1031426907 1.0000000
53-52  -1.555077e-02 -0.1703246237  0.1392230852 1.0000000
54-52   3.977995e-02 -0.0981035635  0.1776634536 1.0000000
55-52   2.301667e-02 -0.1168798463  0.1629131796 1.0000000
56-52   6.183159e-02 -0.0745629755  0.1982261561 0.9999999
57-52  -3.818432e-03 -0.1440778414  0.1364409782 1.0000000
58-52   4.188034e-02 -0.0942344840  0.1779951678 1.0000000
59-52   3.509210e-02 -0.0932670848  0.1634512828 1.0000000
60-52   3.477531e-02 -0.0860384671  0.1555890782 1.0000000
61-52   1.961741e-02 -0.0985822012  0.1378170131 1.0000000
62-52   2.201923e-02 -0.0993118722  0.1433503338 1.0000000
63-52   1.600375e-02 -0.1092243666  0.1412318604 1.0000000
64-52   3.291563e-02 -0.0983995208  0.1642307751 1.0000000
65-52   3.924878e-02 -0.0974312950  0.1759288474 1.0000000
66-52   4.630374e-02 -0.0963246246  0.1889321002 1.0000000
67-52   3.779152e-02 -0.1004092150  0.1759922549 1.0000000
68-52   1.834160e-02 -0.1222892837  0.1589724821 1.0000000
69-52   5.243296e-02 -0.0807175399  0.1855834524 1.0000000
70-52   3.916009e-02 -0.0961483971  0.1744685791 1.0000000
71-52   2.297198e-02 -0.1128686989  0.1588126550 1.0000000
72-52   2.002044e-02 -0.1181802994  0.1582211705 1.0000000
73-52   3.840368e-02 -0.0977111507  0.1745185011 1.0000000
74-52   3.825523e-02 -0.1027560130  0.1792664746 1.0000000
75-52   1.393462e-02 -0.1259618975  0.1538311283 1.0000000
76-52   3.361189e-02 -0.0980870257  0.1653108083 1.0000000
77-52   4.607559e-02 -0.0854298336  0.1775810225 1.0000000
78-52   4.564077e-02 -0.0825765028  0.1738580412 1.0000000
79-52   1.632590e-02 -0.1066982190  0.1393500138 1.0000000
80-52   3.966833e-02 -0.0807191460  0.1600558057 1.0000000
81-52   1.988765e-02 -0.1001988259  0.1399741296 1.0000000
82-52   8.514175e-03 -0.1146647566  0.1316931058 1.0000000
83-52   5.257186e-02 -0.0781909140  0.1833346387 1.0000000
84-52   2.169398e-02 -0.1121359949  0.1555239514 1.0000000
85-52   3.977672e-03 -0.1362817375  0.1442370821 1.0000000
86-52   2.381506e-02 -0.1107330936  0.1583632219 1.0000000
87-52   1.063106e-02 -0.1246774294  0.1459395468 1.0000000
88-52   3.195411e-02 -0.1053150000  0.1692232290 1.0000000
89-52   5.278479e-02 -0.0833300396  0.1888996122 1.0000000
90-52   3.842308e-02 -0.0942944083  0.1711405622 1.0000000
91-52  -3.049023e-03 -0.1318464668  0.1257484204 1.0000000
92-52   8.119523e-02 -0.0524041080  0.2147945695 0.9950646
93-52   5.930789e-02 -0.0749963674  0.1936121485 1.0000000
94-52   7.574254e-02 -0.0520609053  0.2035459834 0.9975125
95-52   8.581006e-02 -0.0439246249  0.2155447531 0.9655634
96-52   9.670053e-02 -0.0303252331  0.2237262846 0.7222054
97-52   6.323194e-02 -0.0668347124  0.1932985977 0.9999981
98-52   4.804559e-02 -0.0834598336  0.1795510225 1.0000000
99-52   5.661588e-02 -0.0692440327  0.1824757828 0.9999999
100-52 -2.852805e-02 -0.1409525478  0.0838964425 1.0000000
54-53   5.533071e-02 -0.0842456689  0.1949070975 1.0000000
55-53   3.856744e-02 -0.1029978817  0.1801327535 1.0000000
56-53   7.738236e-02 -0.0607233333  0.2154880524 0.9995497
57-53   1.173234e-02 -0.1301916098  0.1536562851 1.0000000
58-53   5.743111e-02 -0.0803983148  0.1952605371 1.0000000
59-53   5.064287e-02 -0.0795331084  0.1808188448 1.0000000
60-53   5.032607e-02 -0.0724162263  0.1730683759 1.0000000
61-53   3.516818e-02 -0.0850019208  0.1553382711 1.0000000
62-53   3.757000e-02 -0.0856815370  0.1608215370 1.0000000
63-53   3.155452e-02 -0.0955351579  0.1586441901 1.0000000
64-53   4.846640e-02 -0.0846251995  0.1815579923 1.0000000
65-53   5.479955e-02 -0.0835881227  0.1931872136 1.0000000
66-53   6.185451e-02 -0.0824110626  0.2061200767 1.0000000
67-53   5.334229e-02 -0.0865474816  0.1932320599 1.0000000
68-53   3.389237e-02 -0.1083987066  0.1761834435 1.0000000
69-53   6.798373e-02 -0.0669190523  0.2028865033 0.9999910
70-53   5.471086e-02 -0.0823223174  0.1917440379 1.0000000
71-53   3.852275e-02 -0.0990359469  0.1760814414 1.0000000
72-53   3.557120e-02 -0.1043185659  0.1754609756 1.0000000
73-53   5.395444e-02 -0.0838749815  0.1917838704 1.0000000
74-53   5.380600e-02 -0.0888610099  0.1964730099 1.0000000
75-53   2.948538e-02 -0.1120799330  0.1710507022 1.0000000
76-53   4.916266e-02 -0.0843075967  0.1826329178 1.0000000
77-53   6.162636e-02 -0.0716529762  0.1949057035 0.9999998
78-53   6.119154e-02 -0.0688445091  0.1912275860 0.9999996
79-53   3.187667e-02 -0.0930418589  0.1567951923 1.0000000
80-53   5.521910e-02 -0.0671036264  0.1775418246 0.9999999
81-53   3.543842e-02 -0.0865880800  0.1574649221 1.0000000
82-53   2.406494e-02 -0.1010060517  0.1491359393 1.0000000
83-53   6.812263e-02 -0.0644239961  0.2006692592 0.9999802
84-53   3.724475e-02 -0.0983287254  0.1728182203 1.0000000
85-53   1.952844e-02 -0.1223955059  0.1614523890 1.0000000
86-53   3.936583e-02 -0.0969166365  0.1756483031 1.0000000
87-53   2.618183e-02 -0.1108513497  0.1632150056 1.0000000
88-53   4.750488e-02 -0.0914645900  0.1864743574 1.0000000
89-53   6.833556e-02 -0.0694938704  0.2061649815 0.9999955
90-53   5.397385e-02 -0.0805015632  0.1884492555 1.0000000
91-53   1.250175e-02 -0.1181063942  0.1431098863 1.0000000
92-53   9.674600e-02 -0.0385998094  0.2320918094 0.8716127
93-53   7.485866e-02 -0.0611830196  0.2109003392 0.9997541
94-53   9.129331e-02 -0.0383347180  0.2209213346 0.8968867
95-53   1.013608e-01 -0.0301716507  0.2328933173 0.6862123
96-53   1.122513e-01 -0.0166100578  0.2411126477 0.2952246
97-53   7.878271e-02 -0.0530772122  0.2106426360 0.9968811
98-53   6.359636e-02 -0.0696829762  0.1968757035 0.9999992
99-53   7.216664e-02 -0.0555456151  0.1998789037 0.9994079
100-53 -1.297728e-02 -0.1274717022  0.1015171354 1.0000000
55-54  -1.676328e-02 -0.1396357938  0.1061092371 1.0000000
56-54   2.205165e-02 -0.0968184448  0.1409217353 1.0000000
57-54  -4.359838e-02 -0.1668839101  0.0796871569 1.0000000
58-54   2.100397e-03 -0.1164486080  0.1206494017 1.0000000
59-54  -4.687846e-03 -0.1142446842  0.1048689921 1.0000000
60-54  -5.004640e-03 -0.1056157144  0.0956064353 1.0000000
61-54  -2.016254e-02 -0.1176190312  0.0772939530 1.0000000
62-54  -1.776071e-02 -0.1189924152  0.0834709867 1.0000000
63-54  -2.377620e-02 -0.1296473516  0.0820949553 1.0000000
64-54  -6.864318e-03 -0.1198700204  0.1061413847 1.0000000
65-54  -5.311688e-04 -0.1197287468  0.1186664091 1.0000000
66-54   6.523793e-03 -0.1194502938  0.1324978793 1.0000000
67-54  -1.988425e-03 -0.1229266898  0.1189498396 1.0000000
68-54  -2.143835e-02 -0.1451463324  0.1022696407 1.0000000
69-54   1.265301e-02 -0.1024802826  0.1277863051 1.0000000
70-54  -6.198541e-04 -0.1182421635  0.1170024554 1.0000000
71-54  -1.680797e-02 -0.1350421002  0.1014261661 1.0000000
72-54  -1.975951e-02 -0.1406977742  0.1011787552 1.0000000
73-54  -1.376270e-03 -0.1199252747  0.1171727350 1.0000000
74-54  -1.524714e-03 -0.1256649237  0.1226154952 1.0000000
75-54  -2.584533e-02 -0.1487178451  0.0970271858 1.0000000
76-54  -6.168054e-03 -0.1196194771  0.1072833696 1.0000000
77-54   6.295649e-03 -0.1069311069  0.1195224056 1.0000000
78-54   5.860824e-03 -0.1035297127  0.1152513611 1.0000000
79-54  -2.345405e-02 -0.1267088487  0.0798007534 1.0000000
80-54  -1.116152e-04 -0.1002103917  0.0999871614 1.0000000
81-54  -1.989229e-02 -0.1196288606  0.0798442741 1.0000000
82-54  -3.126577e-02 -0.1347049788  0.0721734378 1.0000000
83-54   1.279192e-02 -0.0995714415  0.1251552761 1.0000000
84-54  -1.808597e-02 -0.1340043969  0.0978324633 1.0000000
85-54  -3.580227e-02 -0.1590878062  0.0874832607 1.0000000
86-54  -1.596488e-02 -0.1327117331  0.1007819712 1.0000000
87-54  -2.914889e-02 -0.1467711958  0.0884734231 1.0000000
88-54  -7.825831e-03 -0.1276983901  0.1120467289 1.0000000
89-54   1.300484e-02 -0.1055441636  0.1315538461 1.0000000
90-54  -1.356868e-03 -0.1159891133  0.1132753770 1.0000000
91-54  -4.282897e-02 -0.1528989560  0.0672410195 1.0000000
92-54   4.141529e-02 -0.0742367961  0.1570673676 1.0000000
93-54   1.952795e-02 -0.0969377337  0.1359936247 1.0000000
94-54   3.596259e-02 -0.0729425992  0.1448677872 1.0000000
95-54   4.603012e-02 -0.0651351194  0.1571953575 1.0000000
96-54   5.692058e-02 -0.0510709196  0.1649120810 0.9999475
97-54   2.345200e-02 -0.0881004810  0.1350044762 1.0000000
98-54   8.265649e-03 -0.1049611069  0.1214924056 1.0000000
99-54   1.683593e-02 -0.0897817848  0.1234536448 1.0000000
100-54 -6.830800e-02 -0.1586732998  0.0220573044 0.7421338
56-55   3.881492e-02 -0.0823843780  0.1600142253 1.0000000
57-55  -2.683510e-02 -0.1523679432  0.0986977468 1.0000000
58-55   1.886368e-02 -0.1020207281  0.1397480785 1.0000000
59-55   1.207543e-02 -0.1000043303  0.1241551950 1.0000000
60-55   1.175864e-02 -0.0915939653  0.1151112431 1.0000000
61-55  -3.399261e-03 -0.1036835579  0.0968850365 1.0000000
62-55  -9.974359e-04 -0.1049543005  0.1029594287 1.0000000
63-55  -7.012920e-03 -0.1154927499  0.1014669104 1.0000000
64-55   9.898960e-03 -0.1055543254  0.1253522464 1.0000000
65-55   1.623211e-02 -0.1052884031  0.1377526222 1.0000000
66-55   2.328707e-02 -0.1048871966  0.1514613388 1.0000000
67-55   1.477485e-02 -0.1084535374  0.1380032440 1.0000000
68-55  -4.675067e-03 -0.1306228279  0.1212726929 1.0000000
69-55   2.941629e-02 -0.0881202909  0.1469528701 1.0000000
70-55   1.614342e-02 -0.1038323236  0.1361191722 1.0000000
71-55  -4.468864e-05 -0.1206203190  0.1205309417 1.0000000
72-55  -2.996231e-03 -0.1262246218  0.1202321596 1.0000000
73-55   1.538701e-02 -0.1054973948  0.1362714119 1.0000000
74-55   1.523856e-02 -0.1111337589  0.1416108871 1.0000000
75-55  -9.082051e-03 -0.1342092964  0.1160451938 1.0000000
76-55   1.059522e-02 -0.1052943688  0.1264848181 1.0000000
77-55   2.305893e-02 -0.0926107344  0.1387285899 1.0000000
78-55   2.262410e-02 -0.0892931078  0.1345413129 1.0000000
79-55  -6.690769e-03 -0.1126186992  0.0992371607 1.0000000
80-55   1.665166e-02 -0.0862022987  0.1195056251 1.0000000
81-55  -3.129015e-03 -0.1056305040  0.0993724743 1.0000000
82-55  -1.450249e-02 -0.1206101837  0.0916051995 1.0000000
83-55   2.955520e-02 -0.0852694394  0.1443798307 1.0000000
84-55  -1.322688e-03 -0.1196284569  0.1169830800 1.0000000
85-55  -1.903899e-02 -0.1445718393  0.1064938507 1.0000000
86-55   7.983974e-04 -0.1183191911  0.1199159859 1.0000000
87-55  -1.238561e-02 -0.1323613559  0.1075901400 1.0000000
88-55   8.937448e-03 -0.1132452143  0.1311201100 1.0000000
89-55   2.976812e-02 -0.0911162837  0.1506525230 1.0000000
90-55   1.540641e-02 -0.1016394100  0.1324522305 1.0000000
91-55  -2.606569e-02 -0.1386471031  0.0865157234 1.0000000
92-55   5.817856e-02 -0.0598662428  0.1762233710 0.9999965
93-55   3.629122e-02 -0.0825508008  0.1551332486 1.0000000
94-55   5.272587e-02 -0.0587169987  0.1641687435 0.9999994
95-55   6.279340e-02 -0.0508590669  0.1764458618 0.9997177
96-55   7.368386e-02 -0.0368662949  0.1842340130 0.9600208
97-55   4.021528e-02 -0.0738159824  0.1542465344 1.0000000
98-55   2.502893e-02 -0.0906407344  0.1406985899 1.0000000
99-55   3.359921e-02 -0.0756093513  0.1428077681 1.0000000
100-55 -5.154472e-02 -0.1449527502  0.0418633116 0.9997293
57-56  -6.565002e-02 -0.1872680239  0.0559679802 0.9998742
58-56  -1.995125e-02 -0.1367651269  0.0968626301 1.0000000
59-56  -2.673949e-02 -0.1344163990  0.0809374163 1.0000000
60-56  -2.705628e-02 -0.1256169465  0.0715043769 1.0000000
61-56  -4.221418e-02 -0.1375524428  0.0531240740 1.0000000
62-56  -3.981236e-02 -0.1390064770  0.0593817579 1.0000000
63-56  -4.582784e-02 -0.1497524160  0.0580967292 1.0000000
64-56  -2.891596e-02 -0.1401000648  0.0822681385 1.0000000
65-56  -2.258281e-02 -0.1400548458  0.0948892176 1.0000000
66-56  -1.552785e-02 -0.1398704685  0.1088147635 1.0000000
67-56  -2.404007e-02 -0.1432779818  0.0951978410 1.0000000
68-56  -4.348999e-02 -0.1655362184  0.0785562362 1.0000000
69-56  -9.398634e-03 -0.1227445251  0.1039472569 1.0000000
70-56  -2.267150e-02 -0.1385448066  0.0932018079 1.0000000
71-56  -3.885961e-02 -0.1553539293  0.0776347047 1.0000000
72-56  -4.181115e-02 -0.1610490662  0.0774267567 1.0000000
73-56  -2.342792e-02 -0.1402417936  0.0933859634 1.0000000
74-56  -2.357636e-02 -0.1460606739  0.0989079548 1.0000000
75-56  -4.789697e-02 -0.1690962765  0.0733023267 1.0000000
76-56  -2.821970e-02 -0.1398567946  0.0834173966 1.0000000
77-56  -1.575600e-02 -0.1271647657  0.0956527739 1.0000000
78-56  -1.619082e-02 -0.1236985195  0.0913168773 1.0000000
79-56  -4.550569e-02 -0.1467636288  0.0557522431 1.0000000
80-56  -2.216326e-02 -0.1202009100  0.0758743891 1.0000000
81-56  -4.194394e-02 -0.1396117352  0.0557238582 1.0000000
82-56  -5.331742e-02 -0.1547633889  0.0481285574 0.9999529
83-56  -9.259728e-03 -0.1197909003  0.1012714444 1.0000000
84-56  -4.013761e-02 -0.1542809347  0.0740057106 1.0000000
85-56  -5.785392e-02 -0.1794719200  0.0637640841 0.9999993
86-56  -3.801653e-02 -0.1530010605  0.0769680081 1.0000000
87-56  -5.120053e-02 -0.1670738388  0.0646727757 1.0000000
88-56  -2.987748e-02 -0.1480343469  0.0882793952 1.0000000
89-56  -9.046804e-03 -0.1258606825  0.1077670745 1.0000000
90-56  -2.340851e-02 -0.1362454190  0.0894283923 1.0000000
91-56  -6.488061e-02 -0.1730795870  0.0433183600 0.9965551
92-56   1.936364e-02 -0.0945091820  0.1332364629 1.0000000
93-56  -2.523700e-03 -0.1172227411  0.1121753416 1.0000000
94-56   1.391095e-02 -0.0931028670  0.1209247645 1.0000000
95-56   2.397847e-02 -0.0853344985  0.1332914460 1.0000000
96-56   3.486894e-02 -0.0712148984  0.1409527692 1.0000000
97-56   1.400352e-03 -0.1083063983  0.1111071030 1.0000000
98-56  -1.378600e-02 -0.1251947657  0.0976227739 1.0000000
99-56  -5.215715e-03 -0.1099007321  0.0994693016 1.0000000
100-56 -9.035964e-02 -0.1784363339 -0.0022829520 0.0324153
58-57   4.569877e-02 -0.0756054172  0.1670029641 1.0000000
59-57   3.891053e-02 -0.0736218688  0.1514429299 1.0000000
60-57   3.859374e-02 -0.0652495511  0.1424370253 1.0000000
61-57   2.343584e-02 -0.0773540825  0.1242257575 1.0000000
62-57   2.583766e-02 -0.0786070474  0.1302823721 1.0000000
63-57   1.982218e-02 -0.0891252458  0.1287696027 1.0000000
64-57   3.673406e-02 -0.0791586888  0.1526268063 1.0000000
65-57   4.306721e-02 -0.0788709023  0.1650053179 1.0000000
66-57   5.012217e-02 -0.0784480862  0.1786924249 1.0000000
67-57   4.160995e-02 -0.0820302684  0.1652501714 1.0000000
68-57   2.216003e-02 -0.1041906956  0.1485107572 1.0000000
69-57   5.625139e-02 -0.0617168938  0.1742196695 0.9999992
70-57   4.297852e-02 -0.0774201809  0.1633772260 1.0000000
71-57   2.679041e-02 -0.0942060794  0.1477868986 1.0000000
72-57   2.383887e-02 -0.0998013528  0.1474790871 1.0000000
73-57   4.222211e-02 -0.0790820839  0.1635262975 1.0000000
74-57   4.207366e-02 -0.0847002771  0.1688476018 1.0000000
75-57   1.775305e-02 -0.1077797980  0.1432858920 1.0000000
76-57   3.743032e-02 -0.0788970839  0.1537577297 1.0000000
77-57   4.989403e-02 -0.0662142789  0.1660023308 1.0000000
78-57   4.945920e-02 -0.0629113010  0.1618297026 1.0000000
79-57   2.014433e-02 -0.0862624098  0.1265510678 1.0000000
80-57   4.348676e-02 -0.0598602520  0.1468337749 1.0000000
81-57   2.370608e-02 -0.0792901446  0.1267023114 1.0000000
82-57   1.233261e-02 -0.0942530867  0.1189182991 1.0000000
83-57   5.639029e-02 -0.0588761996  0.1716567874 0.9999974
84-57   2.551241e-02 -0.0932222632  0.1442470828 1.0000000
85-57   7.796104e-03 -0.1181410347  0.1337332425 1.0000000
86-57   2.763350e-02 -0.0919100847  0.1471770760 1.0000000
87-57   1.444949e-02 -0.1059492132  0.1348481938 1.0000000
88-57   3.577255e-02 -0.0868254582  0.1583705503 1.0000000
89-57   5.660322e-02 -0.0647009728  0.1779074086 0.9999997
90-57   4.224151e-02 -0.0752378162  0.1597208332 1.0000000
91-57   7.694084e-04 -0.1122626328  0.1138014495 1.0000000
92-57   8.501366e-02 -0.0334609938  0.2034883185 0.8644167
93-57   6.312632e-02 -0.0561426786  0.1823953229 0.9999387
94-57   7.956097e-02 -0.0323371135  0.1914590547 0.8811104
95-57   8.962850e-02 -0.0244703666  0.2037273579 0.6263460
96-57   1.005190e-01 -0.0104900705  0.2115279851 0.1968380
97-57   6.705037e-02 -0.0474258050  0.1815265534 0.9982254
98-57   5.186403e-02 -0.0642442789  0.1679723308 1.0000000
99-57   6.043431e-02 -0.0492387403  0.1701073536 0.9997420
100-57 -2.470962e-02 -0.1186602887  0.0692410466 1.0000000
59-58  -6.788243e-03 -0.1141105831  0.1005340973 1.0000000
60-58  -7.105036e-03 -0.1052782114  0.0910681387 1.0000000
61-58  -2.226294e-02 -0.1172005563  0.0726746845 1.0000000
62-58  -1.986111e-02 -0.1186702260  0.0789480038 1.0000000
63-58  -2.587659e-02 -0.1294337533  0.0776805634 1.0000000
64-58  -8.964715e-03 -0.1198054686  0.1018760392 1.0000000
65-58  -2.631566e-03 -0.1197786804  0.1145155491 1.0000000
66-58   4.423396e-03 -0.1196123022  0.1284590940 1.0000000
67-58  -4.088822e-03 -0.1230066414  0.1148289975 1.0000000
68-58  -2.353874e-02 -0.1452722625  0.0981947772 1.0000000
69-58   1.055261e-02 -0.1024564970  0.1235617258 1.0000000
70-58  -2.720251e-03 -0.1182641455  0.1128236437 1.0000000
71-58  -1.890836e-02 -0.1350750292  0.0972583015 1.0000000
72-58  -2.185991e-02 -0.1407777257  0.0970579131 1.0000000
73-58  -3.476667e-03 -0.1199637924  0.1130104591 1.0000000
74-58  -3.625111e-03 -0.1257978393  0.1185476171 1.0000000
75-58  -2.794573e-02 -0.1488301298  0.0929386768 1.0000000
76-58  -8.268451e-03 -0.1195635959  0.1030266948 1.0000000
77-58   4.195253e-03 -0.1068708640  0.1152613691 1.0000000
78-58   3.760427e-03 -0.1033921437  0.1109129984 1.0000000
79-58  -2.555444e-02 -0.1264352546  0.0753263657 1.0000000
80-58  -2.212012e-03 -0.0998600994  0.0954360754 1.0000000
81-58  -2.199269e-02 -0.1192694436  0.0752840635 1.0000000
82-58  -3.336617e-02 -0.1344357162  0.0677033817 1.0000000
83-58   1.069152e-02 -0.0994942695  0.1208773104 1.0000000
84-58  -2.018636e-02 -0.1339952664  0.0936225392 1.0000000
85-58  -3.790267e-02 -0.1592068602  0.0834015211 1.0000000
86-58  -1.806528e-02 -0.1327178460  0.0965872904 1.0000000
87-58  -3.124928e-02 -0.1467931778  0.0842946115 1.0000000
88-58  -9.926227e-03 -0.1277600699  0.1079076151 1.0000000
89-58   1.090444e-02 -0.1055826813  0.1273915702 1.0000000
90-58  -3.457265e-03 -0.1159558673  0.1090413374 1.0000000
91-58  -4.492937e-02 -0.1527754875  0.0629167573 1.0000000
92-58   3.931489e-02 -0.0742227170  0.1528524948 1.0000000
93-58   1.742755e-02 -0.0969386978  0.1317937952 1.0000000
94-58   3.386220e-02 -0.0727948468  0.1405192411 1.0000000
95-58   4.392972e-02 -0.0650340064  0.1528934509 1.0000000
96-58   5.482018e-02 -0.0509037399  0.1605441076 0.9999719
97-58   2.135160e-02 -0.0880071639  0.1307103654 1.0000000
98-58   6.165253e-03 -0.1049008640  0.1172313691 1.0000000
99-58   1.473553e-02 -0.0895847477  0.1190558141 1.0000000
100-58 -7.040839e-02 -0.1580512593  0.0172344702 0.5528643
60-59  -3.167935e-04 -0.0874190697  0.0867854828 1.0000000
61-59  -1.547469e-02 -0.0989132093  0.0679638233 1.0000000
62-59  -1.307287e-02 -0.1008912912  0.0747455548 1.0000000
63-59  -1.908835e-02 -0.1122168616  0.0740401574 1.0000000
64-59  -2.176472e-03 -0.1033422118  0.0989892682 1.0000000
65-59   4.156677e-03 -0.1038816527  0.1121950071 1.0000000
66-59   1.121164e-02 -0.1042599535  0.1266832312 1.0000000
67-59   2.699421e-03 -0.1072563975  0.1126552394 1.0000000
68-59  -1.675050e-02 -0.1297455620  0.0962445624 1.0000000
69-59   1.734086e-02 -0.0861960612  0.1208777758 1.0000000
70-59   4.067992e-03 -0.1022298246  0.1103658086 1.0000000
71-59  -1.212012e-02 -0.1190945496  0.0948543077 1.0000000
72-59  -1.507166e-02 -0.1250274818  0.0948841550 1.0000000
73-59   3.311576e-03 -0.1040107639  0.1106339164 1.0000000
74-59   3.163132e-03 -0.1103049683  0.1166312319 1.0000000
75-59  -2.115748e-02 -0.1332372463  0.0909222791 1.0000000
76-59  -1.480208e-03 -0.1031435915  0.1001831761 1.0000000
77-59   1.098350e-02 -0.0904291097  0.1123961005 1.0000000
78-59   1.054867e-02 -0.0865621309  0.1076594714 1.0000000
79-59  -1.876620e-02 -0.1089092661  0.0713768630 1.0000000
80-59   4.576231e-03 -0.0819337871  0.0910862489 1.0000000
81-59  -1.520445e-02 -0.1012951029  0.0708862086 1.0000000
82-59  -2.657792e-02 -0.1169321604  0.0637763116 1.0000000
83-59   1.747976e-02 -0.0829679471  0.1179274739 1.0000000
84-59  -1.339812e-02 -0.1178074143  0.0910111728 1.0000000
85-59  -3.111443e-02 -0.1436468260  0.0814179727 1.0000000
86-59  -1.127703e-02 -0.1166053104  0.0940512406 1.0000000
87-59  -2.446104e-02 -0.1307588569  0.0818367764 1.0000000
88-59  -3.137984e-03 -0.1119205597  0.1056445907 1.0000000
89-59   1.769269e-02 -0.0896296528  0.1250150275 1.0000000
90-59   3.330978e-03 -0.0996484849  0.1063104408 1.0000000
91-59  -3.814112e-02 -0.1360166572  0.0597344128 1.0000000
92-59   4.610313e-02 -0.0580103744  0.1502166380 1.0000000
93-59   2.421579e-02 -0.0808007432  0.1292323263 1.0000000
94-59   4.065044e-02 -0.0559133174  0.1372141975 1.0000000
95-59   5.071797e-02 -0.0483876775  0.1498236077 0.9999833
96-59   6.160843e-02 -0.0339236740  0.1571405275 0.9795992
97-59   2.813984e-02 -0.0713999656  0.1276796529 1.0000000
98-59   1.295350e-02 -0.0884591097  0.1143661005 1.0000000
99-59   2.152378e-02 -0.0724525786  0.1155001308 1.0000000
100-59 -6.362015e-02 -0.1386541837  0.0114138805 0.3758846
61-60  -1.515790e-02 -0.0864451607  0.0561293615 1.0000000
62-60  -1.275607e-02 -0.0891233650  0.0636112155 1.0000000
63-60  -1.877156e-02 -0.1011900449  0.0636469276 1.0000000
64-60  -1.859678e-03 -0.0932620555  0.0895426988 1.0000000
65-60   4.473471e-03 -0.0944819148  0.1034288562 1.0000000
66-60   1.152843e-02 -0.0954929498  0.1185498144 1.0000000
67-60   3.016214e-03 -0.0980291695  0.1040615983 1.0000000
68-60  -1.643371e-02 -0.1207781920  0.0879107793 1.0000000
69-60   1.765765e-02 -0.0763624593  0.1116777608 1.0000000
70-60   4.384785e-03 -0.0926673316  0.1014369025 1.0000000
71-60  -1.180333e-02 -0.1095960469  0.0859893919 1.0000000
72-60  -1.475487e-02 -0.1158002538  0.0862905139 1.0000000
73-60   3.628370e-03 -0.0945448054  0.1018015447 1.0000000
74-60   3.479925e-03 -0.1013766308  0.1083364813 1.0000000
75-60  -2.084069e-02 -0.1241932943  0.0825119140 1.0000000
76-60  -1.163414e-03 -0.0931162891  0.0907894607 1.0000000
77-60   1.130029e-02 -0.0803752481  0.1029758258 1.0000000
78-60   1.086546e-02 -0.0760275470  0.0977584743 1.0000000
79-60  -1.844941e-02 -0.0974788942  0.0605800780 1.0000000
80-60   4.893024e-03 -0.0699659818  0.0797520305 1.0000000
81-60  -1.488765e-02 -0.0892616317  0.0594863243 1.0000000
82-60  -2.626113e-02 -0.1055314000  0.0530091381 1.0000000
83-60   1.779656e-02 -0.0728104525  0.1084035661 1.0000000
84-60  -1.308133e-02 -0.1080612630  0.0818986084 1.0000000
85-60  -3.079763e-02 -0.1346409214  0.0730456550 1.0000000
86-60  -1.096024e-02 -0.1069494763  0.0850289935 1.0000000
87-60  -2.414425e-02 -0.1211963638  0.0729078702 1.0000000
88-60  -2.821191e-03 -0.1025886019  0.0969462198 1.0000000
89-60   1.800948e-02 -0.0801636942  0.1161826558 1.0000000
90-60   3.647771e-03 -0.0897581029  0.0970536457 1.0000000
91-60  -3.782433e-02 -0.1255711688  0.0499225113 1.0000000
92-60   4.641993e-02 -0.0482347618  0.1410746122 0.9999972
93-60   2.453259e-02 -0.0711144754  0.1201796454 1.0000000
94-60   4.096723e-02 -0.0453139744  0.1272484414 0.9999993
95-60   5.103476e-02 -0.0380821084  0.1401516256 0.9990982
96-60   6.192522e-02 -0.0231998048  0.1470502452 0.8367448
97-60   2.845664e-02 -0.0611428117  0.1180560859 1.0000000
98-60   1.327029e-02 -0.0784052481  0.1049458258 1.0000000
99-60   2.184057e-02 -0.0615347436  0.1052158827 1.0000000
100-60 -6.330336e-02 -0.1245405492 -0.0020661671 0.0283184
62-61   2.401825e-03 -0.0697587080  0.0745623576 1.0000000
63-61  -3.613659e-03 -0.0821501878  0.0749228697 1.0000000
64-61   1.329822e-02 -0.0746197748  0.1012162172 1.0000000
65-61   1.963137e-02 -0.0761148975  0.1153776381 1.0000000
66-61   2.668633e-02 -0.0773749756  0.1307476393 1.0000000
67-61   1.817411e-02 -0.0797306820  0.1160789100 1.0000000
68-61  -1.275807e-03 -0.1025820314  0.1000304179 1.0000000
69-61   3.281555e-02 -0.0578208693  0.1234519700 1.0000000
70-61   1.954269e-02 -0.0742352062  0.1133205763 1.0000000
71-61   3.354572e-03 -0.0911895734  0.0978987176 1.0000000
72-61   4.030296e-04 -0.0975017664  0.0983078256 1.0000000
73-61   1.878627e-02 -0.0761513512  0.1137238897 1.0000000
74-61   1.863782e-02 -0.0831957493  0.1204713989 1.0000000
75-61  -5.682791e-03 -0.1059670878  0.0946015067 1.0000000
76-61   1.399449e-02 -0.0744956874  0.1024846581 1.0000000
77-61   2.645819e-02 -0.0617437591  0.1146601360 1.0000000
78-61   2.602336e-02 -0.0571966750  0.1092434016 1.0000000
79-61  -3.291509e-03 -0.0782637644  0.0716807474 1.0000000
80-61   2.005092e-02 -0.0505114618  0.0906133096 1.0000000
81-61   2.702459e-04 -0.0697773671  0.0703178588 1.0000000
82-61  -1.110323e-02 -0.0863292576  0.0641227949 1.0000000
83-61   3.295446e-02 -0.0541363561  0.1200452689 1.0000000
84-61   2.076572e-03 -0.0895551234  0.0937082680 1.0000000
85-61  -1.563973e-02 -0.1164296537  0.0851501864 1.0000000
86-61   4.197658e-03 -0.0884798078  0.0968751241 1.0000000
87-61  -8.986347e-03 -0.1027642385  0.0847915441 1.0000000
88-61   1.233671e-02 -0.0842485685  0.1089219855 1.0000000
89-61   3.316738e-02 -0.0617702400  0.1281050008 1.0000000
90-61   1.880567e-02 -0.0711934226  0.1088047645 1.0000000
91-61  -2.266643e-02 -0.1067775902  0.0614447319 1.0000000
92-61   6.157782e-02 -0.0297166944  0.1528723441 0.9500355
93-61   3.969048e-02 -0.0526325333  0.1320135025 1.0000000
94-61   5.612513e-02 -0.0264558957  0.1387061619 0.9427036
95-61   6.619266e-02 -0.0193467799  0.1517320962 0.6735392
96-61   7.708312e-02 -0.0042891688  0.1584554084 0.1121451
97-61   4.361454e-02 -0.0424275501  0.1296566235 0.9999886
98-61   2.842819e-02 -0.0597737591  0.1166301360 1.0000000
99-61   3.699847e-02 -0.0425415982  0.1165385365 0.9999997
100-61 -4.814546e-02 -0.1040487058  0.0077577886 0.3282299
63-62  -6.015484e-03 -0.0891904547  0.0771594869 1.0000000
64-62   1.089640e-02 -0.0811886917  0.1029814845 1.0000000
65-62   1.722955e-02 -0.0823567850  0.1168158759 1.0000000
66-62   2.428451e-02 -0.0833205352  0.1318895493 1.0000000
67-62   1.577229e-02 -0.0858910695  0.1174356478 1.0000000
68-62  -3.677632e-03 -0.1086206665  0.1012654033 1.0000000
69-62   3.041373e-02 -0.0642702224  0.1250976734 1.0000000
70-62   1.714086e-02 -0.0805544944  0.1148362148 1.0000000
71-62   9.527473e-04 -0.0974783701  0.0993838646 1.0000000
72-62  -1.998795e-03 -0.1036621539  0.0996645635 1.0000000
73-62   1.638444e-02 -0.0824246705  0.1151935594 1.0000000
74-62   1.623600e-02 -0.0892161988  0.1216881988 1.0000000
75-62  -8.084615e-03 -0.1120414799  0.0958722492 1.0000000
76-62   1.159266e-02 -0.0810388681  0.1042241892 1.0000000
77-62   2.405636e-02 -0.0682998650  0.1164125923 1.0000000
78-62   2.362154e-02 -0.0639893296  0.1112324065 1.0000000
79-62  -5.693333e-03 -0.0855114301  0.0741247634 1.0000000
80-62   1.764910e-02 -0.0580419816  0.0933401798 1.0000000
81-62  -2.131579e-03 -0.0773429976  0.0730798397 1.0000000
82-62  -1.350506e-02 -0.0935615640  0.0665514516 1.0000000
83-62   3.055263e-02 -0.0607430366  0.1218482998 1.0000000
84-62  -3.252525e-04 -0.0959623639  0.0953118589 1.0000000
85-62  -1.804156e-02 -0.1224862682  0.0864031513 1.0000000
86-62   1.795833e-03 -0.0948437140  0.0984353807 1.0000000
87-62  -1.138817e-02 -0.1090835267  0.0863071826 1.0000000
88-62   9.934884e-03 -0.0904583688  0.1103281363 1.0000000
89-62   3.076556e-02 -0.0680435594  0.1295746705 1.0000000
90-62   1.640385e-02 -0.0776702005  0.1104778928 1.0000000
91-62  -2.506825e-02 -0.1135260226  0.0633895147 1.0000000
92-62   5.917600e-02 -0.0361381053  0.1544901053 0.9915171
93-62   3.728866e-02 -0.0590110238  0.1335883434 1.0000000
94-62   5.372331e-02 -0.0332808051  0.1407274216 0.9925879
95-62   6.379083e-02 -0.0260261188  0.1536077854 0.8830112
96-62   7.468129e-02 -0.0111763708  0.1605389607 0.2993714
97-62   4.121271e-02 -0.0490830805  0.1315085042 0.9999999
98-62   2.602636e-02 -0.0663298650  0.1183825923 1.0000000
99-62   3.459664e-02 -0.0495265495  0.1187198381 1.0000000
100-62 -5.054728e-02 -0.1127988895  0.0117043227 0.5172618
64-63   1.691188e-02 -0.0802503928  0.1140741533 1.0000000
65-63   2.324503e-02 -0.0810539691  0.1275440278 1.0000000
66-63   3.029999e-02 -0.0816807618  0.1422807436 1.0000000
67-63   2.178777e-02 -0.0844961973  0.1280717434 1.0000000
68-63   2.337852e-03 -0.1070873936  0.1117630982 1.0000000
69-63   3.642921e-02 -0.0631995708  0.1360579896 1.0000000
70-63   2.315634e-02 -0.0793386615  0.1256513497 1.0000000
71-63   6.968231e-03 -0.0962283227  0.1101647850 1.0000000
72-63   4.016689e-03 -0.1022672817  0.1103006591 1.0000000
73-63   2.239993e-02 -0.0811572300  0.1259570867 1.0000000
74-63   2.225148e-02 -0.0876621645  0.1321651322 1.0000000
75-63  -2.069132e-03 -0.1105489616  0.1064106986 1.0000000
76-63   1.760814e-02 -0.0800721706  0.1152884595 1.0000000
77-63   3.007185e-02 -0.0673474361  0.1274911311 1.0000000
78-63   2.963702e-02 -0.0632957924  0.1225698371 1.0000000
79-63   3.221505e-04 -0.0853036191  0.0859479202 1.0000000
80-63   2.366458e-02 -0.0581277367  0.1054569026 1.0000000
81-63   3.883905e-03 -0.0774647358  0.0852325457 1.0000000
82-63  -7.489572e-03 -0.0933376259  0.0783584813 1.0000000
83-63   3.656812e-02 -0.0598463176  0.1329825485 1.0000000
84-63   5.690231e-03 -0.0948448418  0.1062253045 1.0000000
85-63  -1.202607e-02 -0.1209734988  0.0969213497 1.0000000
86-63   7.811317e-03 -0.0936778249  0.1093004593 1.0000000
87-63  -5.372688e-03 -0.1078676938  0.0971223174 1.0000000
88-63   1.595037e-02 -0.0891193665  0.1210201016 1.0000000
89-63   3.678104e-02 -0.0667761189  0.1403381978 1.0000000
90-63   2.241933e-02 -0.0766300017  0.1214686617 1.0000000
91-63  -1.905277e-02 -0.1127844120  0.0746788718 1.0000000
92-63   6.519148e-02 -0.0350363692  0.1654193369 0.9755227
93-63   4.330414e-02 -0.0578614281  0.1444697155 1.0000000
94-63   5.973879e-02 -0.0326222364  0.1520998207 0.9782662
95-63   6.980632e-02 -0.0252090960  0.1648217304 0.8147337
96-63   8.069678e-02 -0.0105851067  0.1719786644 0.2551229
97-63   4.722820e-02 -0.0482399873  0.1426963788 0.9999959
98-63   3.204185e-02 -0.0653774361  0.1294611311 1.0000000
99-63   4.061213e-02 -0.0490402873  0.1302645436 0.9999999
100-63 -4.453180e-02 -0.1140739186  0.0250103195 0.9825247
65-64   6.333149e-03 -0.1052010105  0.1178673086 1.0000000
66-64   1.338811e-02 -0.1053606858  0.1321369071 1.0000000
67-64   4.875893e-03 -0.1085166556  0.1182684411 1.0000000
68-64  -1.457403e-02 -0.1309160759  0.1017680199 1.0000000
69-64   1.951733e-02 -0.0876623402  0.1266969984 1.0000000
70-64   6.244464e-03 -0.1036045864  0.1160935141 1.0000000
71-64  -9.943649e-03 -0.1204475694  0.1005602711 1.0000000
72-64  -1.289519e-02 -0.1262877400  0.1004973568 1.0000000
73-64   5.488048e-03 -0.1053527058  0.1163288019 1.0000000
74-64   5.339604e-03 -0.1114619279  0.1221411351 1.0000000
75-64  -1.898101e-02 -0.1344342977  0.0964722741 1.0000000
76-64   6.962642e-04 -0.1046746598  0.1060671882 1.0000000
77-64   1.315997e-02 -0.0919690226  0.1182889570 1.0000000
78-64   1.272514e-02 -0.0882604793  0.1137107634 1.0000000
79-64  -1.658973e-02 -0.1108943431  0.0777148836 1.0000000
80-64   6.752703e-03 -0.0840854568  0.0975908623 1.0000000
81-64  -1.302798e-02 -0.1034668443  0.0774108937 1.0000000
82-64  -2.440145e-02 -0.1189079390  0.0701050338 1.0000000
83-64   1.965624e-02 -0.0845422800  0.1238547504 1.0000000
84-64  -1.122165e-02 -0.1192442790  0.0968009812 1.0000000
85-64  -2.893795e-02 -0.1448307024  0.0869547927 1.0000000
86-64  -9.100563e-03 -0.1180116903  0.0998105642 1.0000000
87-64  -2.228457e-02 -0.1321336187  0.0875644818 1.0000000
88-64  -9.615127e-04 -0.1132167428  0.1112937174 1.0000000
89-64   1.986916e-02 -0.0909715947  0.1307099130 1.0000000
90-64   5.507450e-03 -0.1011338077  0.1121487072 1.0000000
91-64  -3.596465e-02 -0.1376858791  0.0657565783 1.0000000
92-64   4.827960e-02 -0.0594571598  0.1560163670 1.0000000
93-64   2.639226e-02 -0.0822174074  0.1350019342 1.0000000
94-64   4.282691e-02 -0.0576327679  0.1432865917 1.0000000
95-64   5.289444e-02 -0.0500109391  0.1557998130 0.9999801
96-64   6.378490e-02 -0.0356835401  0.1632533373 0.9819729
97-64   3.031632e-02 -0.0730072619  0.1336398929 1.0000000
98-64   1.512997e-02 -0.0899990226  0.1202589570 1.0000000
99-64   2.370025e-02 -0.0742749697  0.1216754655 1.0000000
100-64 -6.144368e-02 -0.1414292660  0.0185419064 0.6957040
66-65   7.054962e-03 -0.1176007660  0.1317106892 1.0000000
67-65  -1.457256e-03 -0.1210216482  0.1181071356 1.0000000
68-65  -2.090718e-02 -0.1432723922  0.1014580381 1.0000000
69-65   1.318418e-02 -0.1005051127  0.1268734728 1.0000000
70-65  -8.868524e-05 -0.1162979259  0.1161205554 1.0000000
71-65  -1.627680e-02 -0.1331052629  0.1005516665 1.0000000
72-65  -1.922834e-02 -0.1387927325  0.1003360512 1.0000000
73-65  -8.451010e-04 -0.1179922158  0.1163020137 1.0000000
74-65  -9.935455e-04 -0.1237957097  0.1218086188 1.0000000
75-65  -2.531416e-02 -0.1468346735  0.0962063518 1.0000000
76-65  -5.636885e-03 -0.1176226224  0.1063488526 1.0000000
77-65   6.826818e-03 -0.1049313058  0.1185849421 1.0000000
78-65   6.391993e-03 -0.1014776946  0.1142616806 1.0000000
79-65  -2.292288e-02 -0.1245650643  0.0787193067 1.0000000
80-65   4.195536e-04 -0.0980149170  0.0988540243 1.0000000
81-65  -1.936112e-02 -0.1174272388  0.0787049900 1.0000000
82-65  -3.073460e-02 -0.1325641148  0.0710949115 1.0000000
83-65   1.332309e-02 -0.0975602054  0.1242063777 1.0000000
84-65  -1.755480e-02 -0.1320391305  0.0969295345 1.0000000
85-65  -3.527110e-02 -0.1572092140  0.0866670062 1.0000000
86-65  -1.543371e-02 -0.1307567689  0.0998893446 1.0000000
87-65  -2.861772e-02 -0.1448269582  0.0875915232 1.0000000
88-65  -7.294662e-03 -0.1257809920  0.1111916685 1.0000000
89-65   1.353601e-02 -0.1036111047  0.1306831249 1.0000000
90-65  -8.256993e-04 -0.1140075510  0.1123561524 1.0000000
91-65  -4.229780e-02 -0.1508564570  0.0662608582 1.0000000
92-65   4.194645e-02 -0.0722681854  0.1561610945 1.0000000
93-65   2.005911e-02 -0.0949792895  0.1350975182 1.0000000
94-65   3.649376e-02 -0.0708837071  0.1438712327 1.0000000
95-65   4.656129e-02 -0.0631077150  0.1562302907 1.0000000
96-65   5.745175e-02 -0.0489989155  0.1639024145 0.9998751
97-65   2.398317e-02 -0.0860783410  0.1340446739 1.0000000
98-65   8.796818e-03 -0.1029613058  0.1205549421 1.0000000
99-65   1.736710e-02 -0.0876896336  0.1224238313 1.0000000
100-65 -6.777683e-02 -0.1562950065  0.0207413488 0.7053813
67-66  -8.512218e-03 -0.1348334422  0.1178090064 1.0000000
68-66  -2.796214e-02 -0.1569375386  0.1010132613 1.0000000
69-66   6.129218e-03 -0.1146460406  0.1269044775 1.0000000
70-66  -7.143647e-03 -0.1302939433  0.1160066497 1.0000000
71-66  -2.333176e-02 -0.1470665491  0.1004030295 1.0000000
72-66  -2.628330e-02 -0.1526045265  0.1000379221 1.0000000
73-66  -7.900063e-03 -0.1319357607  0.1161356355 1.0000000
74-66  -8.048507e-03 -0.1374385354  0.1213415214 1.0000000
75-66  -3.236912e-02 -0.1605433901  0.0958051453 1.0000000
76-66  -1.269185e-02 -0.1318648858  0.1064811929 1.0000000
77-66  -2.281434e-04 -0.1191873220  0.1187310352 1.0000000
78-66  -6.629686e-04 -0.1159767900  0.1146508528 1.0000000
79-66  -2.997784e-02 -0.1394883047  0.0795326239 1.0000000
80-66  -6.635408e-03 -0.1131753202  0.0999045044 1.0000000
81-66  -2.641609e-02 -0.1326157598  0.0797835878 1.0000000
82-66  -3.778956e-02 -0.1474739179  0.0718947914 1.0000000
83-66   6.268125e-03 -0.1118695589  0.1244058080 1.0000000
84-66  -2.460976e-02 -0.1461337090  0.0969141899 1.0000000
85-66  -4.232607e-02 -0.1708963210  0.0862441901 1.0000000
86-66  -2.248867e-02 -0.1448030855  0.0998257381 1.0000000
87-66  -3.567268e-02 -0.1588229756  0.0874776174 1.0000000
88-66  -1.434962e-02 -0.1396509336  0.1109516870 1.0000000
89-66   6.481049e-03 -0.1175546496  0.1305167466 1.0000000
90-66  -7.880661e-03 -0.1281783727  0.1124170509 1.0000000
91-66  -4.935276e-02 -0.1653113314  0.0666058094 1.0000000
92-66   3.489149e-02 -0.0863784204  0.1561614063 1.0000000
93-66   1.300415e-02 -0.1090419134  0.1350502189 1.0000000
94-66   2.943880e-02 -0.0854147096  0.1442923121 1.0000000
95-66   3.950633e-02 -0.0774923835  0.1565050361 1.0000000
96-66   5.039679e-02 -0.0635907201  0.1643842959 1.0000000
97-66   1.692820e-02 -0.1004384997  0.1342949093 1.0000000
98-66   1.741857e-03 -0.1172173220  0.1207010352 1.0000000
99-66   1.031214e-02 -0.1023747074  0.1229989819 1.0000000
100-66 -7.483179e-02 -0.1722837051  0.0226201242 0.6968703
68-67  -1.944992e-02 -0.1435113860  0.1046115445 1.0000000
69-67   1.464144e-02 -0.1008715784  0.1301544511 1.0000000
70-67   1.368571e-03 -0.1166254495  0.1193625917 1.0000000
71-67  -1.481954e-02 -0.1334234687  0.1037843849 1.0000000
72-67  -1.777108e-02 -0.1390708992  0.1035287305 1.0000000
73-67   6.121553e-04 -0.1183056641  0.1195299747 1.0000000
74-67   4.637108e-04 -0.1240287501  0.1249561718 1.0000000
75-67  -2.385690e-02 -0.1470852952  0.0993714862 1.0000000
76-67  -4.179629e-03 -0.1180163831  0.1096571259 1.0000000
77-67   8.284074e-03 -0.1053287749  0.1218969239 1.0000000
78-67   7.849249e-03 -0.1019408722  0.1176393708 1.0000000
79-67  -2.146562e-02 -0.1251436585  0.0822124136 1.0000000
80-67   1.876810e-03 -0.0986584888  0.1024121087 1.0000000
81-67  -1.790387e-02 -0.1180785360  0.0822707998 1.0000000
82-67  -2.927735e-02 -0.1331390372  0.0745843465 1.0000000
83-67   1.478034e-02 -0.0979720661  0.1275327509 1.0000000
84-67  -1.609754e-02 -0.1323931292  0.1001980458 1.0000000
85-67  -3.381385e-02 -0.1574540675  0.0898263723 1.0000000
86-67  -1.397646e-02 -0.1310977976  0.1031448860 1.0000000
87-67  -2.716046e-02 -0.1451544818  0.0908335594 1.0000000
88-67  -5.837405e-03 -0.1260747197  0.1143999088 1.0000000
89-67   1.499327e-02 -0.1039245530  0.1339110858 1.0000000
90-67   6.315570e-04 -0.1143820632  0.1156451772 1.0000000
91-67  -4.084054e-02 -0.1513076578  0.0696265715 1.0000000
92-67   4.340371e-02 -0.0726263941  0.1594338158 1.0000000
93-67   2.151637e-02 -0.0953246994  0.1383574407 1.0000000
94-67   3.795102e-02 -0.0713555330  0.1472575712 1.0000000
95-67   4.801854e-02 -0.0635399224  0.1595770108 1.0000000
96-67   5.890901e-02 -0.0494872365  0.1673052482 0.9998402
97-67   2.544042e-02 -0.0865039238  0.1373847692 1.0000000
98-67   1.025407e-02 -0.1033587749  0.1238669239 1.0000000
99-67   1.882436e-02 -0.0882032970  0.1258520073 1.0000000
100-67 -6.631957e-02 -0.1571681777  0.0245290325 0.8291762
69-68   3.409136e-02 -0.0843183497  0.1525010638 1.0000000
70-68   2.081849e-02 -0.1000127582  0.1416497418 1.0000000
71-68   4.630379e-03 -0.1167965273  0.1260572850 1.0000000
72-68   1.678836e-03 -0.1223826289  0.1257403017 1.0000000
73-68   2.006208e-02 -0.1016714438  0.1417955959 1.0000000
74-68   1.991363e-02 -0.1072711745  0.1470984377 1.0000000
75-68  -4.406984e-03 -0.1303547442  0.1215407766 1.0000000
76-68   1.527029e-02 -0.1015047427  0.1320453270 1.0000000
77-68   2.773400e-02 -0.0888227791  0.1442907695 1.0000000
78-68   2.729917e-02 -0.0855346585  0.1401329986 1.0000000
79-68  -2.015702e-03 -0.1089116195  0.1048802160 1.0000000
80-68   2.132673e-02 -0.0825238753  0.1251773367 1.0000000
81-68   1.546053e-03 -0.1019554747  0.1050475800 1.0000000
82-68  -9.827425e-03 -0.1169014789  0.0972466297 1.0000000
83-68   3.423026e-02 -0.0814879623  0.1499484886 1.0000000
84-68   3.352379e-03 -0.1158208803  0.1225256384 1.0000000
85-68  -1.436393e-02 -0.1407146533  0.1119867995 1.0000000
86-68   5.473465e-03 -0.1145057449  0.1254526747 1.0000000
87-68  -7.710540e-03 -0.1285417905  0.1131207095 1.0000000
88-68   1.361252e-02 -0.1094103030  0.1366353336 1.0000000
89-68   3.444319e-02 -0.0872903327  0.1561767070 1.0000000
90-68   2.008148e-02 -0.0978411025  0.1380040579 1.0000000
91-68  -2.139062e-02 -0.1348832896  0.0921020448 1.0000000
92-68   6.285363e-02 -0.0560605700  0.1817678331 0.9999417
93-68   4.096629e-02 -0.0787393381  0.1606719208 1.0000000
94-68   5.740094e-02 -0.0549624190  0.1697642987 0.9999844
95-68   6.746846e-02 -0.0470867338  0.1820236636 0.9979176
96-68   7.835893e-02 -0.0331190867  0.1898369398 0.8999026
97-68   4.489034e-02 -0.0700406740  0.1598213609 1.0000000
98-68   2.970400e-02 -0.0868527791  0.1462607695 1.0000000
99-68   3.827428e-02 -0.0718734449  0.1484219967 1.0000000
100-68 -4.686965e-02 -0.1413739963  0.0476346927 0.9999954
70-69  -1.327287e-02 -0.1253094682  0.0987637376 1.0000000
71-69  -2.946098e-02 -0.1421397382  0.0832177817 1.0000000
72-69  -3.241252e-02 -0.1479255354  0.0831004941 1.0000000
73-69  -1.402928e-02 -0.1270383925  0.0989798304 1.0000000
74-69  -1.417773e-02 -0.1330389232  0.1046834722 1.0000000
75-69  -3.849834e-02 -0.1560349214  0.0790382397 1.0000000
76-69  -1.882106e-02 -0.1264705804  0.0888284505 1.0000000
77-69  -6.357362e-03 -0.1137700754  0.1010553517 1.0000000
78-69  -6.792187e-03 -0.1101531191  0.0965687450 1.0000000
79-69  -3.610706e-02 -0.1329509881  0.0607368705 1.0000000
80-69  -1.276463e-02 -0.1062363214  0.0807070686 1.0000000
81-69  -3.254530e-02 -0.1256290064  0.0605383975 1.0000000
82-69  -4.391878e-02 -0.1409593017  0.0531217383 0.9999999
83-69   1.389061e-04 -0.1063632869  0.1066410991 1.0000000
84-69  -3.073898e-02 -0.1409854072  0.0795074512 1.0000000
85-69  -4.845528e-02 -0.1664235656  0.0695129977 1.0000000
86-69  -2.861789e-02 -0.1397350384  0.0824992541 1.0000000
87-69  -4.180190e-02 -0.1538385004  0.0702347054 1.0000000
88-69  -2.047884e-02 -0.1348756216  0.0939179380 1.0000000
89-69   3.518301e-04 -0.1126572814  0.1133609415 1.0000000
90-69  -1.400988e-02 -0.1229031497  0.0948833910 1.0000000
91-69  -5.548198e-02 -0.1595617321  0.0485977732 0.9999201
92-69   2.876227e-02 -0.0812040692  0.1387286182 1.0000000
93-69   6.874934e-03 -0.1039467564  0.1176966250 1.0000000
94-69   2.330958e-02 -0.0795375553  0.1261567209 1.0000000
95-69   3.337711e-02 -0.0718602570  0.1386144727 1.0000000
96-69   4.426757e-02 -0.0576115591  0.1461466981 1.0000000
97-69   1.079899e-02 -0.0948473491  0.1164453218 1.0000000
98-69  -4.387362e-03 -0.1118000754  0.1030253517 1.0000000
99-69   4.182919e-03 -0.0962388408  0.1046046784 1.0000000
100-69 -8.096101e-02 -0.1639253418  0.0020033240 0.0733195
71-70  -1.618811e-02 -0.1314089239  0.0990326980 1.0000000
72-70  -1.913966e-02 -0.1371336760  0.0988543652 1.0000000
73-70  -7.564158e-04 -0.1163003104  0.1147874789 1.0000000
74-70  -9.048602e-04 -0.1221785863  0.1203688659 1.0000000
75-70  -2.522548e-02 -0.1452012235  0.0947502723 1.0000000
76-70  -5.548200e-03 -0.1158557266  0.1047593272 1.0000000
77-70   6.915503e-03 -0.1031609399  0.1169919467 1.0000000
78-70   6.480678e-03 -0.0996457303  0.1126070868 1.0000000
79-70  -2.283419e-02 -0.1226243683  0.0769559812 1.0000000
80-70   5.082389e-04 -0.0960126920  0.0970291698 1.0000000
81-70  -1.927244e-02 -0.1154176829  0.0768728046 1.0000000
82-70  -3.064592e-02 -0.1306268888  0.0693350560 1.0000000
83-70   1.341177e-02 -0.0957763664  0.1225999092 1.0000000
84-70  -1.746611e-02 -0.1303094000  0.0953771745 1.0000000
85-70  -3.518242e-02 -0.1555811221  0.0852162848 1.0000000
86-70  -1.534503e-02 -0.1290391451  0.0983490913 1.0000000
87-70  -2.852903e-02 -0.1431219322  0.0860638677 1.0000000
88-70  -7.205976e-03 -0.1241074545  0.1096955015 1.0000000
89-70   1.362470e-02 -0.1019191993  0.1291685900 1.0000000
90-70  -7.370141e-04 -0.1122586562  0.1107846280 1.0000000
91-70  -4.220911e-02 -0.1490357365  0.0646175081 1.0000000
92-70   4.203514e-02 -0.0705345234  0.1546048030 1.0000000
93-70   2.014780e-02 -0.0932575771  0.1335531763 1.0000000
94-70   3.658245e-02 -0.0690436195  0.1422085156 1.0000000
95-70   4.664997e-02 -0.0613048104  0.1546047566 1.0000000
96-70   5.754043e-02 -0.0471433232  0.1622241927 0.9997632
97-70   2.407185e-02 -0.0842816463  0.1324253496 1.0000000
98-70   8.885503e-03 -0.1011909399  0.1189619467 1.0000000
99-70   1.745578e-02 -0.0858101935  0.1207217617 1.0000000
100-70 -6.768814e-02 -0.1540734020  0.0186971147 0.6343867
72-71  -2.951542e-03 -0.1215554692  0.1156523844 1.0000000
73-71   1.543170e-02 -0.1007349682  0.1315983626 1.0000000
74-71   1.528325e-02 -0.1065839668  0.1371504723 1.0000000
75-71  -9.037363e-03 -0.1296129930  0.1115382678 1.0000000
76-71   1.063991e-02 -0.1003197778  0.1215996044 1.0000000
77-71   2.310362e-02 -0.0876263521  0.1338335849 1.0000000
78-71   2.266879e-02 -0.0841353152  0.1294728976 1.0000000
79-71  -6.646081e-03 -0.1071566847  0.0938645235 1.0000000
80-71   1.669635e-02 -0.0805692261  0.1139619298 1.0000000
81-71  -3.084326e-03 -0.0999771043  0.0938084519 1.0000000
82-71  -1.445780e-02 -0.1151578402  0.0862422333 1.0000000
83-71   2.959988e-02 -0.0802470637  0.1394468324 1.0000000
84-71  -1.278000e-03 -0.1147588794  0.1122028798 1.0000000
85-71  -1.899431e-02 -0.1399907947  0.1020021833 1.0000000
86-71   8.430861e-04 -0.1134838795  0.1151700517 1.0000000
87-71  -1.234092e-02 -0.1275617302  0.1028798916 1.0000000
88-71   8.982136e-03 -0.1085349181  0.1264991910 1.0000000
89-71   2.981281e-02 -0.0863538571  0.1459794737 1.0000000
90-71   1.545110e-02 -0.0967156485  0.1276178463 1.0000000
91-71  -2.602100e-02 -0.1335209072  0.0814789048 1.0000000
92-71   5.822325e-02 -0.0549855438  0.1714320493 0.9999796
93-71   3.633591e-02 -0.0777039139  0.1503757390 1.0000000
94-71   5.277056e-02 -0.0535363940  0.1590775161 0.9999952
95-71   6.283809e-02 -0.0457829885  0.1714591606 0.9987707
96-71   7.372855e-02 -0.0316421870  0.1790992824 0.9067676
97-71   4.025996e-02 -0.0687573876  0.1492773168 1.0000000
98-71   2.507362e-02 -0.0856563521  0.1358035849 1.0000000
99-71   3.364390e-02 -0.0703184264  0.1376062205 1.0000000
100-71 -5.150003e-02 -0.1387165166  0.0357164553 0.9977577
73-72   1.838324e-02 -0.1005345798  0.1373010591 1.0000000
74-72   1.823480e-02 -0.1062576657  0.1427272561 1.0000000
75-72  -6.085820e-03 -0.1293142109  0.1171425705 1.0000000
76-72   1.359146e-02 -0.1002452988  0.1274282103 1.0000000
77-72   2.605516e-02 -0.0875576906  0.1396680082 1.0000000
78-72   2.562033e-02 -0.0841697879  0.1354104552 1.0000000
79-72  -3.694538e-03 -0.1073725742  0.0999834979 1.0000000
80-72   1.964789e-02 -0.0808874044  0.1201831930 1.0000000
81-72  -1.327838e-04 -0.1003074516  0.1000418841 1.0000000
82-72  -1.150626e-02 -0.1153679528  0.0923554308 1.0000000
83-72   3.255143e-02 -0.0802009817  0.1453038353 1.0000000
84-72   1.673543e-03 -0.1146220448  0.1179691301 1.0000000
85-72  -1.604276e-02 -0.1396829832  0.1075974567 1.0000000
86-72   3.794629e-03 -0.1133267133  0.1209159703 1.0000000
87-72  -9.389377e-03 -0.1273833975  0.1086046437 1.0000000
88-72   1.193368e-02 -0.1083036354  0.1321709932 1.0000000
89-72   3.276435e-02 -0.0861534687  0.1516821702 1.0000000
90-72   1.840264e-02 -0.0966109789  0.1334162616 1.0000000
91-72  -2.306946e-02 -0.1335365735  0.0873976559 1.0000000
92-72   6.117480e-02 -0.0548553098  0.1772049001 0.9999469
93-72   3.928745e-02 -0.0775536151  0.1561285250 1.0000000
94-72   5.572210e-02 -0.0535844486  0.1650286555 0.9999857
95-72   6.578963e-02 -0.0457688381  0.1773480951 0.9978379
96-72   7.668009e-02 -0.0317161522  0.1850763325 0.8897284
97-72   4.321151e-02 -0.0687328394  0.1551558535 1.0000000
98-72   2.802516e-02 -0.0855876906  0.1416380082 1.0000000
99-72   3.659544e-02 -0.0704322127  0.1436230916 1.0000000
100-72 -4.854849e-02 -0.1393970933  0.0423001169 0.9999126
74-73  -1.484444e-04 -0.1223211726  0.1220242838 1.0000000
75-73  -2.446906e-02 -0.1453534631  0.0964153435 1.0000000
76-73  -4.791784e-03 -0.1160869292  0.1065033614 1.0000000
77-73   7.671919e-03 -0.1033941974  0.1187380357 1.0000000
78-73   7.237094e-03 -0.0999154770  0.1143896650 1.0000000
79-73  -2.207778e-02 -0.1229585879  0.0788030323 1.0000000
80-73   1.264655e-03 -0.0963834328  0.0989127421 1.0000000
81-73  -1.851602e-02 -0.1157927769  0.0787607301 1.0000000
82-73  -2.988950e-02 -0.1309590496  0.0711800483 1.0000000
83-73   1.416819e-02 -0.0960176028  0.1243539771 1.0000000
84-73  -1.670970e-02 -0.1305185998  0.0970992058 1.0000000
85-73  -3.442600e-02 -0.1557301936  0.0868781878 1.0000000
86-73  -1.458861e-02 -0.1292411793  0.1000639571 1.0000000
87-73  -2.777262e-02 -0.1433165111  0.0877712782 1.0000000
88-73  -6.449561e-03 -0.1242834032  0.1113842818 1.0000000
89-73   1.438111e-02 -0.1021060147  0.1308682369 1.0000000
90-73   1.940171e-05 -0.1124792007  0.1125180041 1.0000000
91-73  -4.145270e-02 -0.1492988208  0.0663934240 1.0000000
92-73   4.279156e-02 -0.0707460503  0.1563291614 1.0000000
93-73   2.090422e-02 -0.0934620311  0.1352704618 1.0000000
94-73   3.733886e-02 -0.0693181801  0.1439959077 1.0000000
95-73   4.740639e-02 -0.0615573398  0.1563701175 1.0000000
96-73   5.829685e-02 -0.0474270732  0.1640207742 0.9997361
97-73   2.482827e-02 -0.0845304972  0.1341870320 1.0000000
98-73   9.641919e-03 -0.1014241974  0.1207080357 1.0000000
99-73   1.821220e-02 -0.0861080811  0.1225324808 1.0000000
100-73 -6.693173e-02 -0.1545745926  0.0207111369 0.7130265
75-74  -2.432062e-02 -0.1506929384  0.1020517076 1.0000000
76-74  -4.643339e-03 -0.1218761609  0.1125894820 1.0000000
77-74   7.820364e-03 -0.1091950511  0.1248357784 1.0000000
78-74   7.385538e-03 -0.1059220011  0.1206930780 1.0000000
79-74  -2.192933e-02 -0.1293251568  0.0854664901 1.0000000
80-74   1.413099e-03 -0.1029520005  0.1057781987 1.0000000
81-74  -1.836758e-02 -0.1223853266  0.0856501687 1.0000000
82-74  -2.974106e-02 -0.1373141884  0.0778320760 1.0000000
83-74   1.431663e-02 -0.1018635447  0.1304968079 1.0000000
84-74  -1.656125e-02 -0.1361831209  0.1030606159 1.0000000
85-74  -3.427756e-02 -0.1610514979  0.0924963810 1.0000000
86-74  -1.444017e-02 -0.1348649832  0.1059846499 1.0000000
87-74  -2.762417e-02 -0.1488978981  0.0936495540 1.0000000
88-74  -6.301116e-03 -0.1297585562  0.1171563237 1.0000000
89-74   1.452956e-02 -0.1076431726  0.1367022838 1.0000000
90-74   1.678462e-04 -0.1182080829  0.1185437752 1.0000000
91-74  -4.130425e-02 -0.1552678936  0.0726593857 1.0000000
92-74   4.294000e-02 -0.0764237843  0.1623037843 1.0000000
93-74   2.105266e-02 -0.0990995911  0.1412049106 1.0000000
94-74   3.748731e-02 -0.0753517367  0.1503263532 1.0000000
95-74   4.755483e-02 -0.0674669872  0.1625766539 1.0000000
96-74   5.844529e-02 -0.0535121661  0.1704027561 0.9999636
97-74   2.497671e-02 -0.0904194078  0.1403728316 1.0000000
98-74   9.790364e-03 -0.1072250511  0.1268057784 1.0000000
99-74   1.836064e-02 -0.0922722896  0.1289935782 1.0000000
100-74 -6.678328e-02 -0.1618527148  0.0282861480 0.9008660
76-75   1.967728e-02 -0.0962123175  0.1355668694 1.0000000
77-75   3.214098e-02 -0.0835286831  0.1478106412 1.0000000
78-75   3.170615e-02 -0.0802110565  0.1436233642 1.0000000
79-75   2.391282e-03 -0.1035366479  0.1083192120 1.0000000
80-75   2.573371e-02 -0.0771202474  0.1285876764 1.0000000
81-75   5.953036e-03 -0.0965484527  0.1084545256 1.0000000
82-75  -5.420441e-03 -0.1115281324  0.1006872508 1.0000000
83-75   3.863725e-02 -0.0761873881  0.1534618820 1.0000000
84-75   7.759363e-03 -0.1105464056  0.1260651313 1.0000000
85-75  -9.956943e-03 -0.1354897881  0.1155759019 1.0000000
86-75   9.880449e-03 -0.1092371398  0.1289980372 1.0000000
87-75  -3.303557e-03 -0.1232793046  0.1166721913 1.0000000
88-75   1.801950e-02 -0.1041631630  0.1402021613 1.0000000
89-75   3.885017e-02 -0.0820342324  0.1597345743 1.0000000
90-75   2.448846e-02 -0.0925573587  0.1415342818 1.0000000
91-75  -1.698364e-02 -0.1295650519  0.0955977747 1.0000000
92-75   6.726062e-02 -0.0507841915  0.1853054223 0.9992294
93-75   4.537328e-02 -0.0734687495  0.1642152999 1.0000000
94-75   6.180792e-02 -0.0496349474  0.1732507947 0.9996790
95-75   7.187545e-02 -0.0417770157  0.1855279131 0.9868287
96-75   8.276591e-02 -0.0277842436  0.1933160643 0.7681033
97-75   4.929733e-02 -0.0647339312  0.1633285857 1.0000000
98-75   3.411098e-02 -0.0815586831  0.1497806412 1.0000000
99-75   4.268126e-02 -0.0665273000  0.1518898194 1.0000000
100-75 -4.246267e-02 -0.1358706989  0.0509453629 0.9999999
77-76   1.246370e-02 -0.0931442566  0.1180716628 1.0000000
78-76   1.202888e-02 -0.0894552705  0.1135130263 1.0000000
79-76  -1.728599e-02 -0.1121242602  0.0775522724 1.0000000
80-76   6.056439e-03 -0.0853356174  0.0974484944 1.0000000
81-76  -1.372424e-02 -0.1047194354  0.0772709564 1.0000000
82-76  -2.509772e-02 -0.1201367226  0.0699412891 1.0000000
83-76   1.895997e-02 -0.0857217715  0.1236417136 1.0000000
84-76  -1.191791e-02 -0.1204067386  0.0965709124 1.0000000
85-76  -2.963422e-02 -0.1459616258  0.0866931878 1.0000000
86-76  -9.796827e-03 -0.1191703628  0.0995767084 1.0000000
87-76  -2.298083e-02 -0.1332883595  0.0873266943 1.0000000
88-76  -1.657777e-03 -0.1143616957  0.1110461421 1.0000000
89-76   1.917290e-02 -0.0921222503  0.1304680403 1.0000000
90-76   4.811186e-03 -0.1023022796  0.1119246508 1.0000000
91-76  -3.666091e-02 -0.1388770826  0.0655552536 1.0000000
92-76   4.758334e-02 -0.0606208511  0.1557875300 1.0000000
93-76   2.569600e-02 -0.0833773579  0.1347693564 1.0000000
94-76   4.213065e-02 -0.0588301562  0.1430914516 1.0000000
95-76   5.219817e-02 -0.0511964744  0.1555928200 0.9999904
96-76   6.308863e-02 -0.0368858971  0.1630631659 0.9874742
97-76   2.962005e-02 -0.0741908262  0.1334309289 1.0000000
98-76   1.443370e-02 -0.0911742566  0.1200416628 1.0000000
99-76   2.300398e-02 -0.0754850000  0.1214929675 1.0000000
100-76 -6.213994e-02 -0.1427540286  0.0184741407 0.6853570
78-77  -4.348252e-04 -0.1016677509  0.1007981005 1.0000000
79-77  -2.974970e-02 -0.1243190875  0.0648196936 1.0000000
80-77  -6.407265e-03 -0.0975202754  0.0847057464 1.0000000
81-77  -2.618794e-02 -0.1169028727  0.0645269876 1.0000000
82-77  -3.756142e-02 -0.1323321194  0.0572092798 1.0000000
83-77   6.496268e-03 -0.0979419439  0.1109344798 1.0000000
84-77  -2.438162e-02 -0.1326354758  0.0838722435 1.0000000
85-77  -4.209792e-02 -0.1582062269  0.0740103828 1.0000000
86-77  -2.226053e-02 -0.1314010048  0.0868799442 1.0000000
87-77  -3.544454e-02 -0.1455209790  0.0746319076 1.0000000
88-77  -1.412148e-02 -0.1265992386  0.0983562788 1.0000000
89-77   6.709192e-03 -0.1043569246  0.1177753085 1.0000000
90-77  -7.652517e-03 -0.1145279932  0.0992229582 1.0000000
91-77  -4.912462e-02 -0.1510913666  0.0528421313 0.9999987
92-77   3.511964e-02 -0.0728489689  0.1430882416 1.0000000
93-77   1.323230e-02 -0.0956073571  0.1220719494 1.0000000
94-77   2.966694e-02 -0.0710413311  0.1303752203 1.0000000
95-77   3.973447e-02 -0.0634136080  0.1428825474 1.0000000
96-77   5.062493e-02 -0.0490945744  0.1503444371 0.9999879
97-77   1.715635e-02 -0.0864089508  0.1207216473 1.0000000
98-77   1.970000e-03 -0.1033965697  0.1073365697 1.0000000
99-77   1.054028e-02 -0.0876898206  0.1087703819 1.0000000
100-77 -7.460365e-02 -0.1549012405  0.0056939464 0.1445780
79-78  -2.931487e-02 -0.1192557460  0.0606260024 1.0000000
80-78  -5.972439e-03 -0.0922717556  0.0803268769 1.0000000
81-78  -2.575312e-02 -0.1116320425  0.0601258077 1.0000000
82-78  -3.712659e-02 -0.1272791139  0.0530259246 1.0000000
83-78   6.931093e-03 -0.0933352089  0.1071973951 1.0000000
84-78  -2.394679e-02 -0.1281815710  0.0802879890 1.0000000
85-78  -4.166310e-02 -0.1540335987  0.0707074049 1.0000000
86-78  -2.182571e-02 -0.1269809922  0.0833295819 1.0000000
87-78  -3.500971e-02 -0.1411361191  0.0711166981 1.0000000
88-78  -1.368665e-02 -0.1223017432  0.0949284337 1.0000000
89-78   7.144017e-03 -0.1000085539  0.1142965881 1.0000000
90-78  -7.217692e-03 -0.1100202143  0.0955848297 1.0000000
91-78  -4.868979e-02 -0.1463791425  0.0489995577 0.9999943
92-78   3.555446e-02 -0.0683840345  0.1394929575 1.0000000
93-78   1.366712e-02 -0.0911759106  0.1185101533 1.0000000
94-78   3.010177e-02 -0.0662732686  0.1264768082 1.0000000
95-78   4.016929e-02 -0.0587524781  0.1390910678 1.0000000
96-78   5.105976e-02 -0.0442815832  0.1464010962 0.9999054
97-78   1.759117e-02 -0.0817655697  0.1169479165 1.0000000
98-78   2.404825e-03 -0.0988281005  0.1036377509 1.0000000
99-78   1.097511e-02 -0.0828073233  0.1047575350 1.0000000
100-78 -7.416882e-02 -0.1489598290  0.0006221852 0.0571826
80-79   2.334243e-02 -0.0550338163  0.1017186811 1.0000000
81-79   3.561754e-03 -0.0743513649  0.0814748737 1.0000000
82-79  -7.811723e-03 -0.0904116085  0.0747881628 1.0000000
83-79   3.624596e-02 -0.0572879631  0.1297798930 1.0000000
84-79   5.368081e-03 -0.0924079579  0.1031441195 1.0000000
85-79  -1.234823e-02 -0.1187549639  0.0940585137 1.0000000
86-79   7.489167e-03 -0.0912675990  0.1062459324 1.0000000
87-79  -5.694839e-03 -0.1054850134  0.0940953360 1.0000000
88-79   1.562822e-02 -0.0868046967  0.1180611308 1.0000000
89-79   3.645889e-02 -0.0644219212  0.1373396990 1.0000000
90-79   2.209718e-02 -0.0741505369  0.1183448959 1.0000000
91-79  -1.937492e-02 -0.1101409578  0.0713911165 1.0000000
92-79   6.486933e-02 -0.0325907884  0.1623294551 0.9610697
93-79   4.298199e-02 -0.0554422200  0.1414062062 1.0000000
94-79   5.941664e-02 -0.0299333019  0.1487665851 0.9617537
95-79   6.948417e-02 -0.0226069922  0.1615753255 0.7472267
96-79   8.037463e-02 -0.0078593529  0.1686086095 0.1837475
97-79   4.690605e-02 -0.0456521893  0.1394642797 0.9999887
98-79   3.171970e-02 -0.0628496936  0.1262890875 1.0000000
99-79   4.028998e-02 -0.0462571679  0.1268371231 0.9999997
100-79 -4.485395e-02 -0.1103440953  0.0206361952 0.9344368
81-80  -1.978068e-02 -0.0934601547  0.0538987986 1.0000000
82-80  -3.115416e-02 -0.1097731875  0.0474648770 1.0000000
83-80   1.290353e-02 -0.0771342753  0.1029413402 1.0000000
84-80  -1.797435e-02 -0.1124114464  0.0764627431 1.0000000
85-80  -3.569066e-02 -0.1390376710  0.0676563559 1.0000000
86-80  -1.585327e-02 -0.1113053998  0.0795988683 1.0000000
87-80  -2.903727e-02 -0.1255582020  0.0674836597 1.0000000
88-80  -7.714215e-03 -0.1069649733  0.0915365425 1.0000000
89-80   1.311646e-02 -0.0845316310  0.1107645439 1.0000000
90-80  -1.245253e-03 -0.0940990845  0.0916085787 1.0000000
91-80  -4.271735e-02 -0.1298763149  0.0444416087 0.9999972
92-80   4.152690e-02 -0.0525830691  0.1356368709 1.0000000
93-80   1.963956e-02 -0.0754684666  0.1147475879 1.0000000
94-80   3.607421e-02 -0.0496090653  0.1217574837 1.0000000
95-80   4.614173e-02 -0.0423963517  0.1346798202 0.9999659
96-80   5.703220e-02 -0.0274867166  0.1415511083 0.9496413
97-80   2.356361e-02 -0.0654601925  0.1125874180 1.0000000
98-80   8.377265e-03 -0.0827357464  0.0994902754 1.0000000
99-80   1.694755e-02 -0.0658088414  0.0997039318 1.0000000
100-80 -6.819638e-02 -0.1285881887 -0.0078045764 0.0046880
82-81  -1.137348e-02 -0.0895308187  0.0667838643 1.0000000
83-81   3.268421e-02 -0.0569507415  0.1223191625 1.0000000
84-81   1.806326e-03 -0.0922467579  0.0958594107 1.0000000
85-81  -1.590998e-02 -0.1189062075  0.0870862485 1.0000000
86-81   3.927412e-03 -0.0911448113  0.0989996359 1.0000000
87-81  -9.256593e-03 -0.1054018368  0.0868886507 1.0000000
88-81   1.206646e-02 -0.0868189798  0.1109519052 1.0000000
89-81   3.289713e-02 -0.0643796190  0.1301738880 1.0000000
90-81   1.853543e-02 -0.0739278208  0.1109986710 1.0000000
91-81  -2.293668e-02 -0.1096794120  0.0638060620 1.0000000
92-81   6.130758e-02 -0.0324170403  0.1550321982 0.9724676
93-81   3.942024e-02 -0.0553064979  0.1341469754 1.0000000
94-81   5.585489e-02 -0.0294049587  0.1411147331 0.9716010
95-81   6.592241e-02 -0.0222059626  0.1540507872 0.7703637
96-81   7.681287e-02 -0.0072767470  0.1609024949 0.1778446
97-81   4.334429e-02 -0.0452720491  0.1319606307 0.9999975
98-81   2.815794e-02 -0.0625569876  0.1188728727 1.0000000
99-81   3.672822e-02 -0.0455896808  0.1190461272 1.0000000
100-81 -4.841570e-02 -0.1082052357  0.0113738268 0.5263763
83-82   4.405769e-02 -0.0496797731  0.1377951486 0.9999996
84-82   1.317980e-02 -0.0847909553  0.1111505626 1.0000000
85-82  -4.536502e-03 -0.1111221952  0.1020491906 1.0000000
86-82   1.530089e-02 -0.0836486666  0.1142504456 1.0000000
87-82   2.116884e-03 -0.0978640883  0.1020978566 1.0000000
88-82   2.343994e-02 -0.0791788580  0.1260587378 1.0000000
89-82   4.427061e-02 -0.0567989372  0.1453401607 1.0000000
90-82   2.990890e-02 -0.0665366201  0.1263544247 1.0000000
91-82  -1.156320e-02 -0.1025389603  0.0794125648 1.0000000
92-82   7.268106e-02 -0.0249744158  0.1703365281 0.7833493
93-82   5.079372e-02 -0.0478239376  0.1494113695 0.9999784
94-82   6.722836e-02 -0.0223346205  0.1567913494 0.7612068
95-82   7.729589e-02 -0.0150019838  0.1695937628 0.4152553
96-82   8.818635e-02 -0.0002633594  0.1766360617 0.0524753
97-82   5.471777e-02 -0.0380461401  0.1474816762 0.9978244
98-82   3.953142e-02 -0.0552392798  0.1343021194 1.0000000
99-82   4.810170e-02 -0.0386653686  0.1348687695 0.9996836
100-82 -3.704223e-02 -0.1028227334  0.0287382790 0.9994703
84-83  -3.087788e-02 -0.1382283578  0.0764725896 1.0000000
85-83  -4.859419e-02 -0.1638606835  0.0666723035 1.0000000
86-83  -2.875680e-02 -0.1370012865  0.0794876900 1.0000000
87-83  -4.194080e-02 -0.1511289414  0.0672473342 1.0000000
88-83  -2.061775e-02 -0.1322263151  0.0909908194 1.0000000
89-83   2.129240e-04 -0.1099728660  0.1103987140 1.0000000
90-83  -1.414879e-02 -0.1201091241  0.0918115533 1.0000000
91-83  -5.562089e-02 -0.1566280336  0.0453862625 0.9997480
92-83   2.862337e-02 -0.0784394439  0.1356861808 1.0000000
93-83   6.736028e-03 -0.1012051418  0.1146771982 1.0000000
94-83   2.317068e-02 -0.0765658906  0.1229072440 1.0000000
95-83   3.323820e-02 -0.0689613677  0.1354377713 1.0000000
96-83   4.412866e-02 -0.0546094037  0.1428667305 1.0000000
97-83   1.066008e-02 -0.0919605670  0.1132807275 1.0000000
98-83  -4.526268e-03 -0.1089644798  0.0999119439 1.0000000
99-83   4.044013e-03 -0.0931896176  0.1012776430 1.0000000
100-83 -8.109991e-02 -0.1601753826 -0.0020244473 0.0325929
85-84  -1.771631e-02 -0.1364509789  0.1010183670 1.0000000
86-84   2.121086e-03 -0.1098093715  0.1140515432 1.0000000
87-84  -1.106292e-02 -0.1239062068  0.1017803677 1.0000000
88-84   1.026014e-02 -0.1049268002  0.1254470727 1.0000000
89-84   3.109081e-02 -0.0827180947  0.1448997109 1.0000000
90-84   1.672910e-02 -0.0929939683  0.1264521656 1.0000000
91-84  -2.474300e-02 -0.1296906170  0.0802046141 1.0000000
92-84   5.950125e-02 -0.0512868508  0.1702893558 0.9998952
93-84   3.761391e-02 -0.0740232420  0.1492510666 1.0000000
94-84   5.404856e-02 -0.0496767539  0.1577738755 0.9999661
95-84   6.411609e-02 -0.0419796730  0.1702118447 0.9957507
96-84   7.500655e-02 -0.0277590301  0.1777721251 0.8295409
97-84   4.153796e-02 -0.0649634689  0.1480393976 1.0000000
98-84   2.635162e-02 -0.0819022435  0.1346054758 1.0000000
99-84   3.492190e-02 -0.0663990630  0.1362428567 1.0000000
100-84 -5.022203e-02 -0.1342725373  0.0338284755 0.9968740
86-85   1.983739e-02 -0.0997061886  0.1393809721 1.0000000
87-85   6.653386e-03 -0.1137453171  0.1270520899 1.0000000
88-85   2.797644e-02 -0.0946215621  0.1505744464 1.0000000
89-85   4.880711e-02 -0.0724970767  0.1701113047 1.0000000
90-85   3.444540e-02 -0.0830339201  0.1519247293 1.0000000
91-85  -7.026696e-03 -0.1200587367  0.1060053456 1.0000000
92-85   7.721756e-02 -0.0412570977  0.1956922146 0.9744529
93-85   5.533022e-02 -0.0639387825  0.1745992190 0.9999998
94-85   7.176487e-02 -0.0401332174  0.1836629508 0.9819209
95-85   8.183239e-02 -0.0322664705  0.1959312540 0.8653739
96-85   9.272285e-02 -0.0182861744  0.2037318812 0.4237296
97-85   5.925427e-02 -0.0552219089  0.1737304495 0.9999738
98-85   4.406792e-02 -0.0720403828  0.1601762269 1.0000000
99-85   5.263820e-02 -0.0570348442  0.1623112497 0.9999989
100-85 -3.250572e-02 -0.1264563926  0.0614449427 1.0000000
87-86  -1.318401e-02 -0.1268781236  0.1005101128 1.0000000
88-86   8.139050e-03 -0.1078815312  0.1241596320 1.0000000
89-86   2.896972e-02 -0.0856828460  0.1436222904 1.0000000
90-86   1.460801e-02 -0.0959898916  0.1252059172 1.0000000
91-86  -2.686409e-02 -0.1327260117  0.0789978371 1.0000000
92-86   5.738017e-02 -0.0542744296  0.1690347629 0.9999802
93-86   3.549283e-02 -0.0770042813  0.1479899342 1.0000000
94-86   5.192747e-02 -0.0527228282  0.1565777780 0.9999953
95-86   6.199500e-02 -0.0450052574  0.1689952574 0.9987129
96-86   7.288546e-02 -0.0308136655  0.1765845888 0.9000212
97-86   3.941688e-02 -0.0679856369  0.1468193940 1.0000000
98-86   2.423053e-02 -0.0849099442  0.1333710048 1.0000000
99-86   3.280081e-02 -0.0694668865  0.1350685084 1.0000000
100-86 -5.234312e-02 -0.1375325096  0.0328462762 0.9934562
88-87   2.132306e-02 -0.0955784222  0.1382245337 1.0000000
89-87   4.215373e-02 -0.0733901670  0.1576976222 1.0000000
90-87   2.779202e-02 -0.0837296239  0.1393136603 1.0000000
91-87  -1.368008e-02 -0.1205067042  0.0931465404 1.0000000
92-87   7.056417e-02 -0.0420054911  0.1831338352 0.9892968
93-87   4.867683e-02 -0.0647285448  0.1620822085 1.0000000
94-87   6.511148e-02 -0.0405145872  0.1707375478 0.9928962
95-87   7.517901e-02 -0.0327757781  0.1831337889 0.9135341
96-87   8.606947e-02 -0.0186142909  0.1907532249 0.4756615
97-87   5.260088e-02 -0.0557526140  0.1609543819 0.9999982
98-87   3.741454e-02 -0.0726619076  0.1474909790 1.0000000
99-87   4.598482e-02 -0.0572811613  0.1492507940 1.0000000
100-87 -3.915911e-02 -0.1255443697  0.0472261470 0.9999999
89-88   2.083067e-02 -0.0970031706  0.1386645143 1.0000000
90-88   6.468962e-03 -0.1074235285  0.1203614534 1.0000000
91-88  -3.500314e-02 -0.1443024976  0.0742962222 1.0000000
92-88   4.924112e-02 -0.0656777765  0.1641600090 1.0000000
93-88   2.735378e-02 -0.0883838682  0.1430914203 1.0000000
94-88   4.378842e-02 -0.0643378395  0.1519146886 1.0000000
95-88   5.385595e-02 -0.0565463064  0.1642582056 0.9999977
96-88   6.474641e-02 -0.0424595215  0.1719523440 0.9958212
97-88   3.127783e-02 -0.0795143348  0.1420699910 1.0000000
98-88   1.609148e-02 -0.0963862788  0.1285692386 1.0000000
99-88   2.466176e-02 -0.0811601888  0.1304837100 1.0000000
100-88 -6.048217e-02 -0.1499071955  0.0289428613 0.9474824
90-89  -1.436171e-02 -0.1268603118  0.0981368930 1.0000000
91-89  -5.583381e-02 -0.1636799319  0.0520123129 0.9999736
92-89   2.841044e-02 -0.0851271614  0.1419480503 1.0000000
93-89   6.523104e-03 -0.1078431423  0.1208893507 1.0000000
94-89   2.295775e-02 -0.0836992912  0.1296147966 1.0000000
95-89   3.302528e-02 -0.0759384509  0.1419890064 1.0000000
96-89   4.391574e-02 -0.0618081843  0.1496396631 1.0000000
97-89   1.044716e-02 -0.0989116083  0.1198059209 1.0000000
98-89  -4.739192e-03 -0.1158053085  0.1063269246 1.0000000
99-89   3.831089e-03 -0.1004891922  0.1081513697 1.0000000
100-89 -8.131284e-02 -0.1689557037  0.0063300258 0.1471778
91-90  -4.147210e-02 -0.1449973201  0.0620531199 1.0000000
92-90   4.277215e-02 -0.0666694882  0.1522137959 1.0000000
93-90   2.088481e-02 -0.0894162444  0.1311858717 1.0000000
94-90   3.731946e-02 -0.0649664611  0.1396053853 1.0000000
95-90   4.738699e-02 -0.0573019770  0.1520759514 0.9999999
96-90   5.827745e-02 -0.0430351028  0.1595900004 0.9989659
97-90   2.480887e-02 -0.0802912031  0.1299089345 1.0000000
98-90   9.622517e-03 -0.0972529582  0.1164979932 1.0000000
99-90   1.819280e-02 -0.0816541151  0.1180397114 1.0000000
100-90 -6.695113e-02 -0.1492187222  0.0153164631 0.5097166
92-91   8.424425e-02 -0.0204090957  0.1888976036 0.5461305
93-91   6.235691e-02 -0.0431948460  0.1679086735 0.9977265
94-91   7.879156e-02 -0.0183540021  0.1759371265 0.5210313
95-91   8.885909e-02 -0.0108135258  0.1885317004 0.2336595
96-91   9.974955e-02  0.0036293965  0.1958697013 0.0263987
97-91   6.628097e-02 -0.0338233550  0.1663852866 0.9648470
98-91   5.109462e-02 -0.0508721313  0.1530613666 0.9999929
99-91   5.966490e-02 -0.0349091820  0.1542389785 0.9875513
100-91 -2.547903e-02 -0.1012603424  0.0503022835 1.0000000
93-92  -2.188734e-02 -0.1332479069  0.0894732265 1.0000000
94-92  -5.452692e-03 -0.1088802630  0.0979748795 1.0000000
95-92   4.614833e-03 -0.1011898529  0.1104195196 1.0000000
96-92   1.550529e-02 -0.0869597504  0.1179703403 1.0000000
97-92  -1.796329e-02 -0.1241747605  0.0882481843 1.0000000
98-92  -3.314964e-02 -0.1411182416  0.0748189689 1.0000000
99-92  -2.457936e-02 -0.1255954856  0.0764367741 1.0000000
100-92 -1.097233e-01 -0.1934060727 -0.0260404942 0.0000797
94-93   1.643465e-02 -0.0879018882  0.1207711852 1.0000000
95-93   2.650217e-02 -0.0801912285  0.1331955755 1.0000000
96-93   3.739264e-02 -0.0659898388  0.1407751091 1.0000000
97-93   3.924052e-03 -0.1031727605  0.1110208647 1.0000000
98-93  -1.126230e-02 -0.1201019494  0.0975773571 1.0000000
99-93  -2.692015e-03 -0.1046386137  0.0992545827 1.0000000
100-93 -8.783594e-02 -0.1726395965 -0.0030322899 0.0273402
95-94   1.006753e-02 -0.0883172741  0.1084523242 1.0000000
96-94   2.095799e-02 -0.0738260974  0.1157420708 1.0000000
97-94  -1.251060e-02 -0.1113327293  0.0863115365 1.0000000
98-94  -2.769694e-02 -0.1284052203  0.0730113311 1.0000000
99-94  -1.912666e-02 -0.1123425186  0.0740891907 1.0000000
100-94 -1.042706e-01 -0.1783499160 -0.0301912674 0.0000069
96-95   1.089046e-02 -0.0864819767  0.1082628999 1.0000000
97-95  -2.257812e-02 -0.1238854908  0.0787292479 1.0000000
98-95  -3.776447e-02 -0.1409125474  0.0653836080 1.0000000
99-95  -2.919419e-02 -0.1250407576  0.0666523795 1.0000000
100-95 -1.143381e-01 -0.1917016445 -0.0369745889 0.0000010
97-96  -3.346858e-02 -0.1312828815  0.0643457153 1.0000000
98-96  -4.865493e-02 -0.1483744371  0.0510645744 0.9999977
99-96  -4.008465e-02 -0.1322313738  0.0520620725 1.0000000
100-96 -1.252286e-01 -0.1979580038 -0.0524991530 0.0000000
98-97  -1.518635e-02 -0.1187516473  0.0883789508 1.0000000
99-97  -6.616068e-03 -0.1029114981  0.0896793630 1.0000000
100-97 -9.176000e-02 -0.1696789318 -0.0138410588 0.0017127
99-98   8.570281e-03 -0.0896598206  0.1068003819 1.0000000
100-98 -7.657365e-02 -0.1568712405  0.0037239464 0.1023373
100-99 -8.514393e-02 -0.1558174184 -0.0144704370 0.0009498

$Rep1
             diff         lwr         upr     p adj
1-0 -0.0006925121 -0.00795671 0.006571686 0.8517652

$`PercAccuracy:Rep1`
                     diff           lwr          upr     p adj
2:0-1:0      2.646306e-02 -0.1125320214  0.165458144 1.0000000
3:0-1:0      2.513101e-02 -0.0955106242  0.145772648 1.0000000
4:0-1:0      6.598513e-02 -0.0520989855  0.184069255 0.9999967
5:0-1:0      8.747757e-02 -0.0546146660  0.229569807 0.9995871
6:0-1:0      5.801347e-04 -0.1415121019  0.142672371 1.0000000
7:0-1:0      7.685286e-02 -0.0762322708  0.229937995 1.0000000
8:0-1:0      9.866109e-02 -0.0897198391  0.287042013 0.9999999
9:0-1:0      6.133923e-02 -0.1229996849  0.245678136 1.0000000
10:0-1:0     6.671807e-02 -0.0955910143  0.229027146 1.0000000
11:0-1:0     1.381614e-01 -0.0759526783  0.352275448 0.9974151
12:0-1:0     8.586634e-02 -0.0764427385  0.248175422 0.9999999
13:0-1:0     4.523277e-02 -0.1521911470  0.242656679 1.0000000
14:0-1:0     3.991347e-02 -0.1484674582  0.228294394 1.0000000
15:0-1:0     8.439552e-02 -0.0862314207  0.255022459 1.0000000
16:0-1:0    -4.387776e-02 -0.2413016733  0.153546153 1.0000000
17:0-1:0     5.524310e-02 -0.1124532632  0.222939458 1.0000000
18:0-1:0     1.143511e-01 -0.0431157295  0.271817934 0.9299374
19:0-1:0     7.182116e-02 -0.0702710763  0.213913397 1.0000000
20:0-1:0     5.036347e-02 -0.0871699445  0.187896881 1.0000000
21:0-1:0     6.508861e-02 -0.0538251225  0.184002341 0.9999990
22:0-1:0     5.579442e-02 -0.0817389921  0.193327833 1.0000000
23:0-1:0     7.380209e-02 -0.0651929970  0.212797169 0.9999999
24:0-1:0     5.111347e-02 -0.1372674582  0.239494394 1.0000000
25:0-1:0     7.427425e-02 -0.1337784583  0.282326963 1.0000000
26:0-1:0     1.308024e-01 -0.0717102384  0.333314952 0.9973241
27:0-1:0     1.145701e-01 -0.0781591229  0.307299392 0.9999146
28:0-1:0     1.047739e-01 -0.1093401783  0.318887948 1.0000000
29:0-1:0     1.088222e-01 -0.0886016733  0.306246153 0.9999985
30:0-1:0     4.064888e-02 -0.1734651783  0.254762948 1.0000000
31:0-1:0     5.579753e-02 -0.1247718455  0.236366897 1.0000000
32:0-1:0     5.168468e-02 -0.1326542303  0.236023591 1.0000000
33:0-1:0     3.688728e-02 -0.1912778099  0.265052365 1.0000000
34:0-1:0     2.637244e-02 -0.1442544976  0.196999382 1.0000000
35:0-1:0    -8.587512e-03 -0.1596329297  0.142457905 1.0000000
36:0-1:0     1.497182e-01 -0.0386626962  0.338099156 0.7015207
37:0-1:0     9.686195e-02 -0.0874769576  0.281200863 0.9999999
38:0-1:0     7.415321e-02 -0.0964737284  0.244780152 1.0000000
39:0-1:0     4.141423e-02 -0.0933528692  0.176181320 1.0000000
40:0-1:0     6.713506e-02 -0.0430766481  0.177346777 0.9997388
41:0-1:0     1.097591e-02 -0.0992358030  0.121187622 1.0000000
42:0-1:0     3.012707e-02 -0.0985120359  0.158766183 1.0000000
43:0-1:0     4.821860e-02 -0.0938736404  0.190310833 1.0000000
44:0-1:0     1.214426e-01 -0.0926714283  0.335556698 0.9999923
45:0-1:0     4.849513e-02 -0.1442341229  0.241224392 1.0000000
46:0-1:0     1.031301e-01 -0.1650966866  0.371356956 1.0000000
47:0-1:0     4.021044e-03 -0.1803178667  0.188359954 1.0000000
48:0-1:0     2.433468e-03 -0.2183490502  0.223215986 1.0000000
49:0-1:0     5.341347e-02 -0.1922392829  0.299066219 1.0000000
50:0-1:0     8.867144e-02 -0.0435193392  0.220862217 0.9906965
51:0-1:0     3.332750e-02 -0.1640964101  0.230751416 1.0000000
52:0-1:0     1.893939e-02 -0.1487569669  0.186635755 1.0000000
53:0-1:0     2.324167e-02 -0.1473852669  0.193868613 1.0000000
54:0-1:0     7.593231e-02 -0.0562584696  0.208123087 0.9999848
55:0-1:0     4.169753e-02 -0.0904932522  0.173888304 1.0000000
56:0-1:0     5.109888e-02 -0.0786853510  0.180883120 1.0000000
57:0-1:0     1.897282e-02 -0.1200222653  0.157967901 1.0000000
58:0-1:0     7.253252e-02 -0.0650008969  0.210065928 0.9999999
59:0-1:0     7.952701e-02 -0.0354461930  0.194500212 0.9777243
60:0-1:0     7.778476e-02 -0.0159603513  0.171529880 0.5385700
61:0-1:0     4.003228e-02 -0.0454959980  0.125560553 1.0000000
62:0-1:0     4.524092e-02 -0.0505048027  0.140986641 1.0000000
63:0-1:0     4.378671e-02 -0.0634591708  0.151032598 1.0000000
64:0-1:0     5.671664e-02 -0.0590048404  0.172438126 1.0000000
65:0-1:0     7.581650e-02 -0.0589505965  0.210583593 0.9999951
66:0-1:0     7.832338e-02 -0.0671238293  0.223770585 0.9999996
67:0-1:0     6.306423e-02 -0.0717028692  0.197831320 1.0000000
68:0-1:0     7.080013e-02 -0.0782965666  0.219896836 1.0000000
69:0-1:0     7.713975e-02 -0.0482736831  0.202553183 0.9996026
70:0-1:0     4.943013e-02 -0.0943052251  0.193165494 1.0000000
71:0-1:0     1.162299e-02 -0.1170161175  0.140262101 1.0000000
72:0-1:0     3.747388e-02 -0.0923103510  0.167258120 1.0000000
73:0-1:0     3.947125e-02 -0.0939852789  0.172927770 1.0000000
74:0-1:0     3.853326e-02 -0.1166897053  0.193756225 1.0000000
75:0-1:0     6.439226e-02 -0.0886928769  0.217477389 1.0000000
76:0-1:0     4.943448e-02 -0.0827562957  0.181625261 1.0000000
77:0-1:0     7.282151e-02 -0.0469443894  0.192587417 0.9997591
78:0-1:0     5.611807e-02 -0.0636478377  0.175883969 1.0000000
79:0-1:0     4.850680e-02 -0.0518778334  0.148891436 1.0000000
80:0-1:0     6.643213e-02 -0.0300236478  0.162887917 0.9801457
81:0-1:0     5.184937e-02 -0.0392132783  0.142912009 0.9999905
82:0-1:0     5.273152e-02 -0.0568607533  0.162323800 1.0000000
83:0-1:0     7.160394e-02 -0.0441175388  0.187325427 0.9994892
84:0-1:0     1.172440e-02 -0.1055517289  0.129000523 1.0000000
85:0-1:0     7.708659e-02 -0.0803802457  0.234553418 1.0000000
86:0-1:0     3.292805e-02 -0.0968561844  0.162712287 1.0000000
87:0-1:0     3.348728e-02 -0.1040461350  0.171020690 1.0000000
88:0-1:0     8.974937e-02 -0.0523428712  0.231841602 0.9988322
89:0-1:0     8.749477e-02 -0.0515003141  0.226489852 0.9989772
90:0-1:0     5.055840e-02 -0.0816323827  0.182749174 1.0000000
91:0-1:0     1.619334e-02 -0.1082091562  0.140595841 1.0000000
92:0-1:0     1.243726e-01 -0.0000299109  0.248775086 0.0502207
93:0-1:0     9.248384e-02 -0.0309373414  0.215905018 0.8728134
94:0-1:0     1.013065e-01 -0.0230959486  0.225709048 0.6114713
95:0-1:0     1.096732e-01 -0.0264519527  0.245798269 0.6519595
96:0-1:0     1.142530e-01 -0.0046607157  0.233166748 0.0991187
97:0-1:0     8.219468e-02 -0.0402734261  0.204662786 0.9905402
98:0-1:0     6.121279e-02 -0.0674263216  0.189851897 1.0000000
99:0-1:0     1.030848e-01 -0.0111585190  0.217328019 0.2390969
100:0-1:0    3.493885e-03 -0.0637264403  0.070714210 1.0000000
1:1-1:0     -8.529299e-03 -0.0790275330  0.061968934 1.0000000
2:1-1:0      1.228192e-02 -0.1092600728  0.133823914 1.0000000
3:1-1:0      5.659635e-02 -0.0888508563  0.202043558 1.0000000
4:1-1:0      4.710446e-02 -0.0983427482  0.192551666 1.0000000
5:1-1:0      1.449051e-01 -0.0321383343  0.321948604 0.5919843
6:1-1:0      4.421763e-02 -0.1328258343  0.221261104 1.0000000
7:1-1:0      6.556475e-02 -0.1050621900  0.236191690 1.0000000
8:1-1:0      2.008013e-02 -0.1824324607  0.222592730 1.0000000
9:1-1:0      5.126513e-02 -0.1414641229  0.243994392 1.0000000
10:1-1:0     5.887299e-02 -0.1692920956  0.287038079 1.0000000
11:1-1:0     2.617629e-02 -0.1444506515  0.196803229 1.0000000
12:1-1:0     3.408540e-02 -0.1633385154  0.231509311 1.0000000
13:1-1:0    -2.363039e-02 -0.2210543048  0.173793522 1.0000000
14:1-1:0     6.936961e-02 -0.1280543048  0.266793522 1.0000000
15:1-1:0     8.080156e-02 -0.1473635242  0.308966651 1.0000000
16:1-1:0    -2.459129e-02 -0.2527563813  0.203573794 1.0000000
17:1-1:0     1.190871e-02 -0.1764722201  0.200289632 1.0000000
18:1-1:0     7.417076e-02 -0.0810522053  0.229393725 1.0000000
19:1-1:0     2.481249e-02 -0.1262329297  0.175857905 1.0000000
20:1-1:0     2.592361e-02 -0.1062671653  0.158114391 1.0000000
21:1-1:0     7.786013e-02 -0.0496699800  0.205390249 0.9997117
22:1-1:0     1.446013e-02 -0.1130699800  0.141990249 1.0000000
23:1-1:0     4.621492e-02 -0.1343544542  0.226784289 1.0000000
24:1-1:0     6.706347e-02 -0.0927621028  0.226889039 1.0000000
25:1-1:0    -2.247281e-02 -0.2305255172  0.185579904 1.0000000
26:1-1:0     4.501090e-02 -0.1913862186  0.281408026 1.0000000
27:1-1:0     5.163347e-02 -0.1691490502  0.272415986 1.0000000
28:1-1:0     1.374494e-01 -0.0989477571  0.373846488 0.9999714
29:1-1:0     1.152959e-01 -0.0821279891  0.312719837 0.9999642
30:1-1:0     5.918847e-02 -0.1864642829  0.304841219 1.0000000
31:1-1:0     5.241246e-03 -0.1972713495  0.207753841 1.0000000
32:1-1:0     7.458754e-02 -0.0931088188  0.242283903 1.0000000
33:1-1:0     3.432559e-02 -0.1500133212  0.218664500 1.0000000
34:1-1:0     2.799304e-02 -0.1294737940  0.185459870 1.0000000
35:1-1:0     6.097388e-02 -0.1531401783  0.275087948 1.0000000
36:1-1:0     7.980135e-03 -0.1657563167  0.181716586 1.0000000
37:1-1:0     4.156347e-02 -0.1182621028  0.201389039 1.0000000
38:1-1:0    -2.042281e-02 -0.1714682238  0.130622611 1.0000000
39:1-1:0     4.435040e-02 -0.1010968022  0.189797612 1.0000000
40:1-1:0     6.021927e-02 -0.0719715131  0.192410043 1.0000000
41:1-1:0     6.393915e-02 -0.0533369748  0.181215277 0.9999992
42:1-1:0     5.875382e-02 -0.0849815409  0.202489179 1.0000000
43:1-1:0     5.622585e-02 -0.0928708523  0.205322550 1.0000000
44:1-1:0     7.388013e-02 -0.1625169878  0.310277257 1.0000000
45:1-1:0     6.641763e-02 -0.1476964283  0.280531698 1.0000000
46:1-1:0    -2.059129e-02 -0.2487563813  0.207573794 1.0000000
47:1-1:0     1.060926e-01 -0.1080214283  0.320206698 1.0000000
48:1-1:0     1.123468e-01 -0.1084357169  0.333129320 1.0000000
49:1-1:0     5.936249e-02 -0.1486902230  0.267415198 1.0000000
50:1-1:0    -2.236133e-02 -0.1613564116  0.116633754 1.0000000
51:1-1:0     3.223013e-02 -0.1818839283  0.246344198 1.0000000
52:1-1:0     3.999213e-02 -0.1337443167  0.213728586 1.0000000
53:1-1:0     2.967635e-03 -0.1740758343  0.180011104 1.0000000
54:1-1:0     6.025645e-02 -0.0834789093  0.203991810 1.0000000
55:1-1:0     6.699888e-02 -0.0882240803  0.222221850 1.0000000
56:1-1:0     1.374801e-01 -0.0015149482  0.276475218 0.0608981
57:1-1:0     3.238291e-02 -0.1148496537  0.179615479 1.0000000
58:1-1:0     6.954888e-02 -0.0602353510  0.199333120 0.9999997
59:1-1:0     4.901552e-02 -0.0652277498  0.163258788 1.0000000
60:1-1:0     4.962447e-02 -0.0447669644  0.144015913 0.9999999
61:1-1:0     5.771148e-02 -0.0291084160  0.144531372 0.9929785
62:1-1:0     5.686266e-02 -0.0385364676  0.152261786 0.9999031
63:1-1:0     4.629406e-02 -0.0593179716  0.151906089 1.0000000
64:1-1:0     6.888013e-02 -0.0609041010  0.198664370 0.9999999
65:1-1:0     6.080286e-02 -0.0739642329  0.195569957 1.0000000
66:1-1:0     7.214484e-02 -0.0789005768  0.223190258 1.0000000
67:1-1:0     7.112629e-02 -0.0709659481  0.213218525 1.0000000
68:1-1:0     2.742892e-02 -0.1115661677  0.166423998 1.0000000
69:1-1:0     8.602213e-02 -0.0415079800  0.213552249 0.9890042
70:1-1:0     8.120377e-02 -0.0412643352  0.203671877 0.9935169
71:1-1:0     9.917775e-02 -0.0383556588  0.236711166 0.9395777
72:1-1:0     6.500013e-02 -0.0840965666  0.214096836 1.0000000
73:1-1:0     9.545791e-02 -0.0379986122  0.228914437 0.9494713
74:1-1:0     8.873595e-02 -0.0473891620  0.224861059 0.9963100
75:1-1:0     2.730458e-02 -0.1061519456  0.160761104 1.0000000
76:1-1:0     7.233886e-02 -0.0433826182  0.188060348 0.9992242
77:1-1:0     7.771860e-02 -0.0476948370  0.203132029 0.9994560
78:1-1:0     8.967180e-02 -0.0199204756  0.199264078 0.5931246
79:1-1:0     4.226680e-02 -0.0581178334  0.142651436 1.0000000
80:1-1:0     7.061210e-02 -0.0191018755  0.160326079 0.7349827
81:1-1:0     4.589095e-02 -0.0469205151  0.138702406 1.0000000
82:1-1:0     2.728013e-02 -0.0671113040  0.121671573 1.0000000
83:1-1:0     9.402131e-02 -0.0324341382  0.220476760 0.8892553
84:1-1:0     1.134091e-01 -0.0303262777  0.257144442 0.7266960
85:1-1:0     3.354048e-03 -0.1288367305  0.135544826 1.0000000
86:1-1:0     7.282388e-02 -0.0569603510  0.202608120 0.9999958
87:1-1:0     4.480170e-02 -0.0816537460  0.171257153 1.0000000
88:1-1:0     3.717162e-02 -0.0937958066  0.168139055 1.0000000
89:1-1:0     7.711891e-02 -0.0515201992  0.205758020 0.9998730
90:1-1:0     8.090772e-02 -0.0388581826  0.200673624 0.9884989
91:1-1:0     3.314041e-02 -0.0758460264  0.142126844 1.0000000
92:1-1:0     9.433758e-02 -0.0366298491  0.225305012 0.9410148
93:1-1:0     8.320106e-02 -0.0529240458  0.219326176 0.9996972
94:1-1:0     1.071201e-01  0.0020307869  0.212209482 0.0348185
95:1-1:0     1.177736e-01  0.0110837054  0.224463577 0.0060520
96:1-1:0     1.342489e-01  0.0291595369  0.239338232 0.0000832
97:1-1:0     1.011087e-01 -0.0146127769  0.216830189 0.3428344
98:1-1:0     8.987358e-02 -0.0274025486  0.207149703 0.8169926
99:1-1:0     7.220633e-02 -0.0308930089  0.175305659 0.9693294
100:1-1:0   -2.091887e-03 -0.0674489254  0.063265150 1.0000000
3:0-2:0     -1.332050e-03 -0.1721741576  0.169510058 1.0000000
4:0-2:0      3.952207e-02 -0.1295237222  0.208567869 1.0000000
5:0-2:0      6.101451e-02 -0.1255942399  0.247623258 1.0000000
6:0-2:0     -2.588293e-02 -0.2124916758  0.160725822 1.0000000
7:0-2:0      5.038980e-02 -0.1447196031  0.245499204 1.0000000
8:0-2:0      7.219803e-02 -0.1516769280  0.296072979 1.0000000
9:0-2:0      3.487616e-02 -0.1856084281  0.255360756 1.0000000
10:0-2:0     4.025500e-02 -0.1621724123  0.242682421 1.0000000
11:0-2:0     1.116983e-01 -0.1342233177  0.357619964 1.0000000
12:0-2:0     5.940328e-02 -0.1430241365  0.261830697 1.0000000
13:0-2:0     1.876970e-02 -0.2127660873  0.250305497 1.0000000
14:0-2:0     1.345041e-02 -0.2104245471  0.237325360 1.0000000
15:0-2:0     5.793246e-02 -0.1512234031  0.267088319 1.0000000
16:0-2:0    -7.034082e-02 -0.3018766136  0.161194970 1.0000000
17:0-2:0     2.878004e-02 -0.1779920387  0.235552111 1.0000000
18:0-2:0     8.788804e-02 -0.1106778793  0.286453961 1.0000000
19:0-2:0     4.535810e-02 -0.1412506502  0.231966848 1.0000000
20:0-2:0     2.390041e-02 -0.1592608914  0.207061704 1.0000000
21:0-2:0     3.862555e-02 -0.1310007978  0.208251893 1.0000000
22:0-2:0     2.933136e-02 -0.1538299391  0.212492657 1.0000000
23:0-2:0     4.733902e-02 -0.1369223513  0.231600400 1.0000000
24:0-2:0     2.465041e-02 -0.1992245471  0.248525360 1.0000000
25:0-2:0     4.781119e-02 -0.1928515440  0.288473926 1.0000000
26:0-2:0     1.043393e-01 -0.1315504517  0.340229042 1.0000000
27:0-2:0     8.810707e-02 -0.1394389402  0.315653087 1.0000000
28:0-2:0     7.831082e-02 -0.1676108177  0.324232464 1.0000000
29:0-2:0     8.235918e-02 -0.1491766136  0.313894970 1.0000000
30:0-2:0     1.418582e-02 -0.2317358177  0.260107464 1.0000000
31:0-2:0     2.933446e-02 -0.1880083969  0.246677326 1.0000000
32:0-2:0     2.522162e-02 -0.1952629736  0.245706211 1.0000000
33:0-2:0     1.042422e-02 -0.2478235887  0.268672021 1.0000000
34:0-2:0    -9.061914e-05 -0.2092464801  0.209065242 1.0000000
35:0-2:0    -3.505057e-02 -0.2285637249  0.158462577 1.0000000
36:0-2:0     1.232552e-01 -0.1006197852  0.347130122 0.9999986
37:0-2:0     7.039889e-02 -0.1500857009  0.290883484 1.0000000
38:0-2:0     4.769015e-02 -0.1614657108  0.256846011 1.0000000
39:0-2:0     1.495116e-02 -0.1661421581  0.196044486 1.0000000
40:0-2:0     4.067200e-02 -0.1229716438  0.204315649 1.0000000
41:0-2:0    -1.548715e-02 -0.1791307987  0.148156494 1.0000000
42:0-2:0     3.664012e-03 -0.1729164002  0.180244424 1.0000000
43:0-2:0     2.175553e-02 -0.1648532143  0.208364284 1.0000000
44:0-2:0     9.497957e-02 -0.1509420677  0.340901214 1.0000000
45:0-2:0     2.203207e-02 -0.2055139402  0.249578087 1.0000000
46:0-2:0     7.666707e-02 -0.2175747477  0.370908894 1.0000000
47:0-2:0    -2.244202e-02 -0.2429266100  0.198042574 1.0000000
48:0-2:0    -2.402959e-02 -0.2757785595  0.227719372 1.0000000
49:0-2:0     2.695041e-02 -0.2468705122  0.300771325 1.0000000
50:0-2:0     6.220838e-02 -0.1169759503  0.241392705 1.0000000
51:0-2:0     6.864442e-03 -0.2246713505  0.238400234 1.0000000
52:0-2:0    -7.523668e-03 -0.2142957424  0.199248407 1.0000000
53:0-2:0    -3.221388e-03 -0.2123772493  0.205934473 1.0000000
54:0-2:0     4.946925e-02 -0.1297150808  0.228653575 1.0000000
55:0-2:0     1.523446e-02 -0.1639498634  0.194418792 1.0000000
56:0-2:0     2.463582e-02 -0.1527805496  0.202052196 1.0000000
57:0-2:0    -7.490244e-03 -0.1917516196  0.176771132 1.0000000
58:0-2:0     4.606945e-02 -0.1370918438  0.229230752 1.0000000
59:0-2:0     5.306395e-02 -0.1138236153  0.219951512 1.0000000
60:0-2:0     5.132170e-02 -0.1017167505  0.204360156 1.0000000
61:0-2:0     1.356922e-02 -0.1345783706  0.161716803 1.0000000
62:0-2:0     1.877786e-02 -0.1354941903  0.173049905 1.0000000
63:0-2:0     1.732365e-02 -0.1443374168  0.178984721 1.0000000
64:0-2:0     3.025358e-02 -0.1371503709  0.197657533 1.0000000
65:0-2:0     4.935344e-02 -0.1317398854  0.230446759 1.0000000
66:0-2:0     5.186032e-02 -0.1373155583  0.241036191 1.0000000
67:0-2:0     3.660116e-02 -0.1444921581  0.217694486 1.0000000
68:0-2:0     4.433707e-02 -0.1476588847  0.236333031 1.0000000
69:0-2:0     5.067669e-02 -0.1235678256  0.224921203 1.0000000
70:0-2:0     2.296707e-02 -0.1648958427  0.210829989 1.0000000
71:0-2:0    -1.484007e-02 -0.1914204818  0.161740342 1.0000000
72:0-2:0     1.101082e-02 -0.1664055496  0.188427196 1.0000000
73:0-2:0     1.300818e-02 -0.1671119575  0.193128326 1.0000000
74:0-2:0     1.207020e-02 -0.1847210373  0.208861434 1.0000000
75:0-2:0     3.792919e-02 -0.1571802092  0.233038598 1.0000000
76:0-2:0     2.297142e-02 -0.1562129068  0.202155749 1.0000000
77:0-2:0     4.635845e-02 -0.1238663786  0.216583284 1.0000000
78:0-2:0     2.965500e-02 -0.1405698269  0.199879835 1.0000000
79:0-2:0     2.204374e-02 -0.1351494419  0.179236922 1.0000000
80:0-2:0     3.996907e-02 -0.1147446608  0.194682807 1.0000000
81:0-2:0     2.538630e-02 -0.1260238232  0.176796431 1.0000000
82:0-2:0     2.626846e-02 -0.1369586455  0.189495570 1.0000000
83:0-2:0     4.514088e-02 -0.1222630693  0.212544835 1.0000000
84:0-2:0    -1.473866e-02 -0.1832210411  0.153743712 1.0000000
85:0-2:0     5.062352e-02 -0.1479423954  0.249189445 1.0000000
86:0-2:0     6.464990e-03 -0.1709513830  0.183881363 1.0000000
87:0-2:0     7.024216e-03 -0.1761370819  0.190185514 1.0000000
88:0-2:0     6.328630e-02 -0.1233224451  0.249895053 1.0000000
89:0-2:0     6.103171e-02 -0.1232296684  0.245293083 1.0000000
90:0-2:0     2.409533e-02 -0.1550889938  0.203279662 1.0000000
91:0-2:0    -1.026972e-02 -0.1837880270  0.163248588 1.0000000
92:0-2:0     9.790953e-02 -0.0756087817  0.271427834 0.9999942
93:0-2:0     6.602078e-02 -0.1067953367  0.238836890 1.0000000
94:0-2:0     7.484349e-02 -0.0986748194  0.248361796 1.0000000
95:0-2:0     8.321010e-02 -0.0988961013  0.265316294 1.0000000
96:0-2:0     8.778995e-02 -0.0818363910  0.257416300 1.0000000
97:0-2:0     5.573162e-02 -0.1164051251  0.227868362 1.0000000
98:0-2:0     3.474973e-02 -0.1418306859  0.211330138 1.0000000
99:0-2:0     7.662169e-02 -0.0897638458  0.243007223 1.0000000
100:0-2:0   -2.296918e-02 -0.1613570144  0.115418661 1.0000000
1:1-2:0     -3.499236e-02 -0.1750017264  0.105017005 1.0000000
2:1-2:0     -1.418114e-02 -0.1856602291  0.157297947 1.0000000
3:1-2:0      3.013329e-02 -0.1590425853  0.219309164 1.0000000
4:1-2:0      2.064140e-02 -0.1685344772  0.209817272 1.0000000
5:1-2:0      1.184421e-01 -0.0959804336  0.332864580 0.9999983
6:1-2:0      1.775457e-02 -0.1966679336  0.232177080 1.0000000
7:1-2:0      3.910169e-02 -0.1700541724  0.248257549 1.0000000
8:1-2:0     -6.382927e-03 -0.2422726739  0.229506820 1.0000000
9:1-2:0      2.480207e-02 -0.2027439402  0.252348087 1.0000000
10:1-2:0     3.240993e-02 -0.2258378744  0.290657735 1.0000000
11:1-2:0    -2.867730e-04 -0.2094426339  0.208869088 1.0000000
12:1-2:0     7.622336e-03 -0.2239134557  0.239158128 1.0000000
13:1-2:0    -5.009345e-02 -0.2816292452  0.181442339 1.0000000
14:1-2:0     4.290655e-02 -0.1886292452  0.274442339 1.0000000
15:1-2:0     5.433850e-02 -0.2039093029  0.312586306 1.0000000
16:1-2:0    -5.105436e-02 -0.3093021601  0.207193449 1.0000000
17:1-2:0    -1.455436e-02 -0.2384293090  0.209320598 1.0000000
18:1-2:0     4.770770e-02 -0.1490835373  0.244498934 1.0000000
19:1-2:0    -1.650574e-03 -0.1951637249  0.191862577 1.0000000
20:1-2:0    -5.394486e-04 -0.1797237764  0.178644879 1.0000000
21:1-2:0     5.139707e-02 -0.1243770764  0.227171223 1.0000000
22:1-2:0    -1.200293e-02 -0.1877770764  0.163771223 1.0000000
23:1-2:0     1.975186e-02 -0.1975910056  0.237094717 1.0000000
24:1-2:0     4.060041e-02 -0.1598411924  0.241042005 1.0000000
25:1-2:0    -4.893587e-02 -0.2895986028  0.191726867 1.0000000
26:1-2:0     1.854784e-02 -0.2470010628  0.284096748 1.0000000
27:1-2:0     2.517041e-02 -0.2265785595  0.276919372 1.0000000
28:1-2:0     1.109863e-01 -0.1545626012  0.376535209 1.0000000
29:1-2:0     8.883286e-02 -0.1427029294  0.320368655 1.0000000
30:1-2:0     3.272541e-02 -0.2410955122  0.306546325 1.0000000
31:1-2:0    -2.122182e-02 -0.2571115628  0.214667931 1.0000000
32:1-2:0     4.812448e-02 -0.1586475943  0.254896555 1.0000000
33:1-2:0     7.862528e-03 -0.2126220645  0.228347120 1.0000000
34:1-2:0     1.529976e-03 -0.1970359438  0.200095897 1.0000000
35:1-2:0     3.451082e-02 -0.2114108177  0.280432464 1.0000000
36:1-2:0    -1.848293e-02 -0.2301831300  0.193217276 1.0000000
37:1-2:0     1.510041e-02 -0.1853411924  0.215542005 1.0000000
38:1-2:0    -4.688587e-02 -0.2403990190  0.146627283 1.0000000
39:1-2:0     1.788734e-02 -0.1712885313  0.207063218 1.0000000
40:1-2:0     3.375620e-02 -0.1454281242  0.212940531 1.0000000
41:1-2:0     3.747609e-02 -0.1310062870  0.205958466 1.0000000
42:1-2:0     3.229076e-02 -0.1555721585  0.220153673 1.0000000
43:1-2:0     2.976279e-02 -0.1622331704  0.221758745 1.0000000
44:1-2:0     4.741707e-02 -0.2181318320  0.312965978 1.0000000
45:1-2:0     3.995457e-02 -0.2059670677  0.285876214 1.0000000
46:1-2:0    -4.705436e-02 -0.3053021601  0.211193449 1.0000000
47:1-2:0     7.962957e-02 -0.1662920677  0.325551214 1.0000000
48:1-2:0     8.588374e-02 -0.1658652261  0.337632706 1.0000000
49:1-2:0     3.289943e-02 -0.2077633087  0.273562161 1.0000000
50:1-2:0    -4.882439e-02 -0.2330857659  0.135436985 1.0000000
51:1-2:0     5.767073e-03 -0.2401545677  0.251688714 1.0000000
52:1-2:0     1.352907e-02 -0.1981711300  0.225229276 1.0000000
53:1-2:0    -2.349543e-02 -0.2379179336  0.190927080 1.0000000
54:1-2:0     3.379339e-02 -0.1540695269  0.221656305 1.0000000
55:1-2:0     4.053582e-02 -0.1562554123  0.237327059 1.0000000
56:1-2:0     1.110171e-01 -0.0732443025  0.295278449 0.9998403
57:1-2:0     5.919851e-03 -0.1846321105  0.196471812 1.0000000
58:1-2:0     4.308582e-02 -0.1343305496  0.220502196 1.0000000
59:1-2:0     2.255246e-02 -0.1438330765  0.188937992 1.0000000
60:1-2:0     2.316141e-02 -0.1302738022  0.176596628 1.0000000
61:1-2:0     3.124842e-02 -0.1176485798  0.180145413 1.0000000
62:1-2:0     3.039960e-02 -0.1236575830  0.184456778 1.0000000
63:1-2:0     1.983100e-02 -0.1407508276  0.180412822 1.0000000
64:1-2:0     4.241707e-02 -0.1349992996  0.219833446 1.0000000
65:1-2:0     3.433980e-02 -0.1467535218  0.215433123 1.0000000
66:1-2:0     4.568178e-02 -0.1478313719  0.239194930 1.0000000
67:1-2:0     4.466323e-02 -0.1419455220  0.231271976 1.0000000
68:1-2:0     9.658537e-04 -0.1832955220  0.185227229 1.0000000
69:1-2:0     5.955907e-02 -0.1162150764  0.235333223 1.0000000
70:1-2:0     5.474071e-02 -0.1173960342  0.226877453 1.0000000
71:1-2:0     7.271469e-02 -0.1104466057  0.255875990 1.0000000
72:1-2:0     3.853707e-02 -0.1534588847  0.230533031 1.0000000
73:1-2:0     6.899485e-02 -0.1111252908  0.249114993 1.0000000
74:1-2:0     6.227289e-02 -0.1198333106  0.244379085 1.0000000
75:1-2:0     8.415176e-04 -0.1792786242  0.180961659 1.0000000
76:1-2:0     4.587580e-02 -0.1215281486  0.213279755 1.0000000
77:1-2:0     5.125553e-02 -0.1229889795  0.225500049 1.0000000
78:1-2:0     6.320874e-02 -0.1000183678  0.226435847 1.0000000
79:1-2:0     1.580374e-02 -0.1413894419  0.172996922 1.0000000
80:1-2:0     4.414904e-02 -0.1064538123  0.194751893 1.0000000
81:1-2:0     1.942788e-02 -0.1330404364  0.171896204 1.0000000
82:1-2:0     8.170732e-04 -0.1526181418  0.154252288 1.0000000
83:1-2:0     6.755825e-02 -0.1074377565  0.242554256 1.0000000
84:1-2:0     8.694602e-02 -0.1009168953  0.274808936 1.0000000
85:1-2:0    -2.310901e-02 -0.2022933416  0.156075314 1.0000000
86:1-2:0     4.636082e-02 -0.1310555496  0.223777196 1.0000000
87:1-2:0     1.833864e-02 -0.1566573643  0.193334648 1.0000000
88:1-2:0     1.070856e-02 -0.1675751703  0.188992295 1.0000000
89:1-2:0     5.065585e-02 -0.1259245635  0.227236261 1.0000000
90:1-2:0     5.444466e-02 -0.1157801717  0.224669490 1.0000000
91:1-2:0     6.677347e-03 -0.1561436114  0.169498306 1.0000000
92:1-2:0     6.787452e-02 -0.1104092128  0.246158253 1.0000000
93:1-2:0     5.673800e-02 -0.1253681943  0.238844201 1.0000000
94:1-2:0     8.065707e-02 -0.0795814756  0.240895622 1.0000000
95:1-2:0     9.131058e-02 -0.0699822097  0.252603369 0.9999931
96:1-2:0     1.077858e-01 -0.0524527256  0.268024372 0.9898773
97:1-2:0     7.464564e-02 -0.0927583074  0.242049597 1.0000000
98:1-2:0     6.341052e-02 -0.1050718607  0.231892892 1.0000000
99:1-2:0     4.574326e-02 -0.1131972730  0.204683800 1.0000000
100:1-2:0   -2.855495e-02 -0.1660473630  0.108937465 1.0000000
4:0-3:0      4.085412e-02 -0.1134548277  0.195163073 1.0000000
5:0-3:0      6.234656e-02 -0.1110247091  0.235717826 1.0000000
6:0-3:0     -2.455088e-02 -0.1979221450  0.148820391 1.0000000
7:0-3:0      5.172185e-02 -0.1307677405  0.234211441 1.0000000
8:0-3:0      7.353008e-02 -0.1394365094  0.286496660 1.0000000
9:0-3:0      3.620821e-02 -0.1731914680  0.245607895 1.0000000
10:0-3:0     4.158705e-02 -0.1487064832  0.231880591 1.0000000
11:0-3:0     1.130304e-01 -0.1230039991  0.349064745 1.0000000
12:0-3:0     6.073533e-02 -0.1295582074  0.251028867 1.0000000
13:0-3:0     2.010175e-02 -0.2009041150  0.241107624 1.0000000
14:0-3:0     1.478246e-02 -0.1981841284  0.227749041 1.0000000
15:0-3:0     5.926451e-02 -0.1381714200  0.256700435 1.0000000
16:0-3:0    -6.900877e-02 -0.2900146413  0.151997097 1.0000000
17:0-3:0     3.011209e-02 -0.1647967704  0.225020942 1.0000000
18:0-3:0     8.922009e-02 -0.0969604561  0.275400637 1.0000000
19:0-3:0     4.669015e-02 -0.1266811193  0.220061416 1.0000000
20:0-3:0     2.523246e-02 -0.1444225831  0.194887495 1.0000000
21:0-3:0     3.995760e-02 -0.1149871295  0.194902324 1.0000000
22:0-3:0     3.066341e-02 -0.1389916308  0.200318448 1.0000000
23:0-3:0     4.867107e-02 -0.1221710340  0.219513182 1.0000000
24:0-3:0     2.598246e-02 -0.1869841284  0.238949041 1.0000000
25:0-3:0     4.914324e-02 -0.1814068044  0.279693285 1.0000000
26:0-3:0     1.056713e-01 -0.1198918258  0.331234516 1.0000000
27:0-3:0     8.943912e-02 -0.1273832919  0.306261537 1.0000000
28:0-3:0     7.964287e-02 -0.1563914991  0.315677245 1.0000000
29:0-3:0     8.369123e-02 -0.1373146413  0.304697097 1.0000000
30:0-3:0     1.551787e-02 -0.2205164991  0.251552245 1.0000000
31:0-3:0     3.066651e-02 -0.1754225217  0.236755550 1.0000000
32:0-3:0     2.655367e-02 -0.1828460134  0.235953350 1.0000000
33:0-3:0     1.175627e-02 -0.2370944926  0.260607024 1.0000000
34:0-3:0     1.241430e-03 -0.1961944969  0.198677358 1.0000000
35:0-3:0    -3.371852e-02 -0.2145004672  0.147063419 1.0000000
36:0-3:0     1.245872e-01 -0.0883793665  0.337553803 0.9999610
37:0-3:0     7.173094e-02 -0.1376687407  0.281130623 1.0000000
38:0-3:0     4.902220e-02 -0.1484137277  0.246458127 1.0000000
39:0-3:0     1.628321e-02 -0.1511371036  0.183703531 1.0000000
40:0-3:0     4.200405e-02 -0.1063671521  0.190375257 1.0000000
41:0-3:0    -1.415510e-02 -0.1625263071  0.134216102 1.0000000
42:0-3:0     4.996062e-03 -0.1575321306  0.167524254 1.0000000
43:0-3:0     2.308758e-02 -0.1502836834  0.196458852 1.0000000
44:0-3:0     9.631162e-02 -0.1397227491  0.332345995 1.0000000
45:0-3:0     2.336412e-02 -0.1934582919  0.240186537 1.0000000
46:0-3:0     7.799912e-02 -0.2080306317  0.364028877 1.0000000
47:0-3:0    -2.110997e-02 -0.2305096498  0.188289714 1.0000000
48:0-3:0    -2.269754e-02 -0.2647973438  0.219402256 1.0000000
49:0-3:0     2.828246e-02 -0.2366942726  0.293259185 1.0000000
50:0-3:0     6.354043e-02 -0.1018131172  0.228893972 1.0000000
51:0-3:0     8.196491e-03 -0.2128093781  0.229202361 1.0000000
52:0-3:0    -6.191618e-03 -0.2011004741  0.188717238 1.0000000
53:0-3:0    -1.889339e-03 -0.1993252662  0.195546589 1.0000000
54:0-3:0     5.080130e-02 -0.1145522476  0.216154841 1.0000000
55:0-3:0     1.656651e-02 -0.1487870302  0.181920058 1.0000000
56:0-3:0     2.596787e-02 -0.1374681717  0.189403917 1.0000000
57:0-3:0    -6.158194e-03 -0.1770003022  0.164683914 1.0000000
58:0-3:0     4.740150e-02 -0.1222535355  0.217056543 1.0000000
59:0-3:0     5.439600e-02 -0.0975455374  0.206337533 1.0000000
60:0-3:0     5.265375e-02 -0.0839315304  0.189239035 1.0000000
61:0-3:0     1.490127e-02 -0.1161806885  0.145983220 1.0000000
62:0-3:0     2.010991e-02 -0.1178561612  0.158075975 1.0000000
63:0-3:0     1.865570e-02 -0.1275259404  0.164837344 1.0000000
64:0-3:0     3.158563e-02 -0.1209229081  0.184094170 1.0000000
65:0-3:0     5.068549e-02 -0.1167348308  0.218105804 1.0000000
66:0-3:0     5.319237e-02 -0.1229390703  0.229323802 1.0000000
67:0-3:0     3.793321e-02 -0.1294871036  0.205353531 1.0000000
68:0-3:0     4.566912e-02 -0.1334878450  0.224826091 1.0000000
69:0-3:0     5.200874e-02 -0.1079785176  0.211995994 1.0000000
70:0-3:0     2.429912e-02 -0.1504213581  0.199019604 1.0000000
71:0-3:0    -1.350802e-02 -0.1760362122  0.149020172 1.0000000
72:0-3:0     1.234287e-02 -0.1510931717  0.175778917 1.0000000
73:0-3:0     1.434023e-02 -0.1520269406  0.180707408 1.0000000
74:0-3:0     1.340225e-02 -0.1708843813  0.197688877 1.0000000
75:0-3:0     3.926124e-02 -0.1432283465  0.221750835 1.0000000
76:0-3:0     2.430347e-02 -0.1410500737  0.189657015 1.0000000
77:0-3:0     4.769050e-02 -0.1079091907  0.203290195 1.0000000
78:0-3:0     3.098705e-02 -0.1246126390  0.186586747 1.0000000
79:0-3:0     2.337579e-02 -0.1178490939  0.164600673 1.0000000
80:0-3:0     4.130112e-02 -0.0971586575  0.179760903 1.0000000
81:0-3:0     2.671835e-02 -0.1080399407  0.161476648 1.0000000
82:0-3:0     2.760051e-02 -0.1203111509  0.175512174 1.0000000
83:0-3:0     4.647293e-02 -0.1060356065  0.198981471 1.0000000
84:0-3:0    -1.340661e-02 -0.1670981322  0.140284902 1.0000000
85:0-3:0     5.195557e-02 -0.1342249722  0.238136121 1.0000000
86:0-3:0     7.797039e-03 -0.1556390050  0.171233084 1.0000000
87:0-3:0     8.356266e-03 -0.1612987736  0.178011305 1.0000000
88:0-3:0     6.461835e-02 -0.1087529142  0.237989621 1.0000000
89:0-3:0     6.236376e-02 -0.1084783510  0.233205865 1.0000000
90:0-3:0     2.542738e-02 -0.1399261607  0.190780928 1.0000000
91:0-3:0    -8.937670e-03 -0.1681336947  0.150258355 1.0000000
92:0-3:0     9.924158e-02 -0.0599544494  0.258437601 0.9993059
93:0-3:0     6.735283e-02 -0.0910775380  0.225783191 1.0000000
94:0-3:0     7.617554e-02 -0.0830204872  0.235371563 1.0000000
95:0-3:0     8.454215e-02 -0.0839732495  0.253057542 1.0000000
96:0-3:0     8.912200e-02 -0.0658227227  0.244066731 0.9999837
97:0-3:0     5.706367e-02 -0.1006253606  0.214752697 1.0000000
98:0-3:0     3.608178e-02 -0.1264464163  0.198609968 1.0000000
99:0-3:0     7.795374e-02 -0.0734362130  0.229343689 1.0000000
100:0-3:0   -2.163713e-02 -0.1415786333  0.098304379 1.0000000
1:1-3:0     -3.366031e-02 -0.1554691521  0.088148530 1.0000000
2:1-3:0     -1.284909e-02 -0.1698199452  0.144121762 1.0000000
3:1-3:0      3.146534e-02 -0.1446660973  0.207596775 1.0000000
4:1-3:0      2.197345e-02 -0.1541579892  0.198104883 1.0000000
5:1-3:0      1.197741e-01 -0.0832327310  0.322780977 0.9999406
6:1-3:0      1.908662e-02 -0.1839202310  0.222093477 1.0000000
7:1-3:0      4.043374e-02 -0.1570021893  0.237869666 1.0000000
8:1-3:0     -5.050877e-03 -0.2306140481  0.220512294 1.0000000
9:1-3:0      2.613412e-02 -0.1906882919  0.242956537 1.0000000
10:1-3:0     3.374198e-02 -0.2151087784  0.282592738 1.0000000
11:1-3:0     1.045277e-03 -0.1963906508  0.198481204 1.0000000
12:1-3:0     8.954386e-03 -0.2120514834  0.229960255 1.0000000
13:1-3:0    -4.876140e-02 -0.2697672729  0.172244466 1.0000000
14:1-3:0     4.423860e-02 -0.1767672729  0.265244466 1.0000000
15:1-3:0     5.567055e-02 -0.1931802069  0.304521310 1.0000000
16:1-3:0    -4.972231e-02 -0.2985730641  0.199128453 1.0000000
17:1-3:0    -1.322231e-02 -0.2261888903  0.199744279 1.0000000
18:1-3:0     4.903975e-02 -0.1352468813  0.233326377 1.0000000
19:1-3:0    -3.185243e-04 -0.1811004672  0.180463419 1.0000000
20:1-3:0     7.926011e-04 -0.1645609433  0.166146145 1.0000000
21:1-3:0     5.272912e-02 -0.1089227344  0.214380980 1.0000000
22:1-3:0    -1.067088e-02 -0.1723227344  0.150980980 1.0000000
23:1-3:0     2.108391e-02 -0.1850051304  0.227172941 1.0000000
24:1-3:0     4.193246e-02 -0.1462472608  0.230112173 1.0000000
25:1-3:0    -4.760382e-02 -0.2781538633  0.182946227 1.0000000
26:1-3:0     1.987989e-02 -0.2365396710  0.276299455 1.0000000
27:1-3:0     2.650246e-02 -0.2155973438  0.268602256 1.0000000
28:1-3:0     1.123184e-01 -0.1441012095  0.368737917 1.0000000
29:1-3:0     9.016491e-02 -0.1308409571  0.311170782 1.0000000
30:1-3:0     3.405746e-02 -0.2309192726  0.299034185 1.0000000
31:1-3:0    -1.988977e-02 -0.2454529370  0.205673405 1.0000000
32:1-3:0     4.945653e-02 -0.1454523260  0.244365386 1.0000000
33:1-3:0     9.194577e-03 -0.2002051043  0.218594259 1.0000000
34:1-3:0     2.862026e-03 -0.1833185206  0.189042573 1.0000000
35:1-3:0     3.584287e-02 -0.2001914991  0.271877245 1.0000000
36:1-3:0    -1.715088e-02 -0.2172802037  0.182978449 1.0000000
37:1-3:0     1.643246e-02 -0.1717472608  0.204612173 1.0000000
38:1-3:0    -4.555382e-02 -0.2263357613  0.135228125 1.0000000
39:1-3:0     1.921939e-02 -0.1569120433  0.195350829 1.0000000
40:1-3:0     3.508825e-02 -0.1302652911  0.200441798 1.0000000
41:1-3:0     3.880814e-02 -0.1148833781  0.192499656 1.0000000
42:1-3:0     3.362281e-02 -0.1410976738  0.208343288 1.0000000
43:1-3:0     3.109484e-02 -0.1480621307  0.210251805 1.0000000
44:1-3:0     4.874912e-02 -0.2076704403  0.305168686 1.0000000
45:1-3:0     4.128662e-02 -0.1947477491  0.277320995 1.0000000
46:1-3:0    -4.572231e-02 -0.2945730641  0.203128453 1.0000000
47:1-3:0     8.096162e-02 -0.1550727491  0.316995995 1.0000000
48:1-3:0     8.721579e-02 -0.1548840105  0.329315589 1.0000000
49:1-3:0     3.423148e-02 -0.1963185692  0.264781521 1.0000000
50:1-3:0    -4.749234e-02 -0.2183344486  0.123349767 1.0000000
51:1-3:0     7.099123e-03 -0.2289352491  0.243133495 1.0000000
52:1-3:0     1.486112e-02 -0.1852682037  0.214990449 1.0000000
53:1-3:0    -2.216338e-02 -0.2251702310  0.180843477 1.0000000
54:1-3:0     3.512544e-02 -0.1395950423  0.209845919 1.0000000
55:1-3:0     4.186787e-02 -0.1424187563  0.226154502 1.0000000
56:1-3:0     1.123491e-01 -0.0584929852  0.283191231 0.9950406
57:1-3:0     7.251901e-03 -0.1703567178  0.184860519 1.0000000
58:1-3:0     4.441787e-02 -0.1190181717  0.207853917 1.0000000
59:1-3:0     2.388451e-02 -0.1275054438  0.175274459 1.0000000
60:1-3:0     2.449346e-02 -0.1125362296  0.161523154 1.0000000
61:1-3:0     3.258047e-02 -0.0993478734  0.164508806 1.0000000
62:1-3:0     3.173165e-02 -0.1059941172  0.169457411 1.0000000
63:1-3:0     2.116305e-02 -0.1238241724  0.166150266 1.0000000
64:1-3:0     4.374912e-02 -0.1196869217  0.207185167 1.0000000
65:1-3:0     3.567185e-02 -0.1317484672  0.203092167 1.0000000
66:1-3:0     4.701383e-02 -0.1337681142  0.227795772 1.0000000
67:1-3:0     4.599528e-02 -0.1273759911  0.219366544 1.0000000
68:1-3:0     2.297903e-03 -0.1685442047  0.173140011 1.0000000
69:1-3:0     6.089112e-02 -0.1007607344  0.222542980 1.0000000
70:1-3:0     5.607276e-02 -0.1016162697  0.213761788 1.0000000
71:1-3:0     7.404674e-02 -0.0956082974  0.243701781 1.0000000
72:1-3:0     3.986912e-02 -0.1392878450  0.219026091 1.0000000
73:1-3:0     7.032690e-02 -0.0960402740  0.236694075 1.0000000
74:1-3:0     6.360494e-02 -0.1049104588  0.232120332 1.0000000
75:1-3:0     2.173567e-03 -0.1641936073  0.168540742 1.0000000
76:1-3:0     4.720785e-02 -0.1053006859  0.199716392 1.0000000
77:1-3:0     5.258758e-02 -0.1073996714  0.212574840 1.0000000
78:1-3:0     6.454079e-02 -0.0833708732  0.212452452 1.0000000
79:1-3:0     1.713579e-02 -0.1240890939  0.158360673 1.0000000
80:1-3:0     4.548109e-02 -0.0883695377  0.179331718 1.0000000
81:1-3:0     2.075993e-02 -0.1151862322  0.156706099 1.0000000
82:1-3:0     2.149123e-03 -0.1348805692  0.139178815 1.0000000
83:1-3:0     6.889030e-02 -0.0919150907  0.229695689 1.0000000
84:1-3:0     8.827807e-02 -0.0864424107  0.262998551 1.0000000
85:1-3:0    -2.177696e-02 -0.1871305085  0.143576580 1.0000000
86:1-3:0     4.769287e-02 -0.1157431717  0.211128917 1.0000000
87:1-3:0     1.967069e-02 -0.1411346986  0.180476081 1.0000000
88:1-3:0     1.204061e-02 -0.1523365781  0.176417802 1.0000000
89:1-3:0     5.198790e-02 -0.1105402938  0.214516090 1.0000000
90:1-3:0     5.577671e-02 -0.0998229838  0.211376402 1.0000000
91:1-3:0     8.009397e-03 -0.1394539404  0.155472734 1.0000000
92:1-3:0     6.920657e-02 -0.0951706206  0.233583760 1.0000000
93:1-3:0     5.807005e-02 -0.1104453425  0.226585449 1.0000000
94:1-3:0     8.198912e-02 -0.0626178058  0.226596051 0.9999925
95:1-3:0     9.264263e-02 -0.0531316317  0.238416890 0.9985226
96:1-3:0     1.091179e-01 -0.0354890558  0.253724801 0.8568070
97:1-3:0     7.597769e-02 -0.0765308446  0.228486233 1.0000000
98:1-3:0     6.474257e-02 -0.0889489519  0.218434083 1.0000000
99:1-3:0     4.707531e-02 -0.0960919507  0.190242577 1.0000000
100:1-3:0   -2.722290e-02 -0.1461301539  0.091684355 1.0000000
5:0-4:0      2.149244e-02 -0.1501089964  0.193093868 1.0000000
6:0-4:0     -6.540500e-02 -0.2370064323  0.106196432 1.0000000
7:0-4:0      1.086773e-02 -0.1699413038  0.191676758 1.0000000
8:0-4:0      3.267595e-02 -0.1788523464  0.244204251 1.0000000
9:0-4:0     -4.645909e-03 -0.2125826345  0.203290816 1.0000000
10:0-4:0     7.329310e-04 -0.1879495677  0.189415430 1.0000000
11:0-4:0     7.217625e-02 -0.1625612200  0.306913720 1.0000000
12:0-4:0     1.988121e-02 -0.1688012918  0.208563706 1.0000000
13:0-4:0    -2.075237e-02 -0.2403726074  0.198867871 1.0000000
14:0-4:0    -2.607167e-02 -0.2375999655  0.185456632 1.0000000
15:0-4:0     1.841038e-02 -0.1774732556  0.214294025 1.0000000
16:0-4:0    -1.098629e-01 -0.3294831337  0.109757344 1.0000000
17:0-4:0    -1.074204e-02 -0.2040783174  0.182594243 1.0000000
18:0-4:0     4.836597e-02 -0.1361676363  0.232899572 1.0000000
19:0-4:0     5.836026e-03 -0.1657654066  0.177437458 1.0000000
20:0-4:0    -1.562167e-02 -0.1834676896  0.152224356 1.0000000
21:0-4:0    -8.965254e-04 -0.1538583620  0.152065311 1.0000000
22:0-4:0    -1.019071e-02 -0.1780367372  0.157655309 1.0000000
23:0-4:0     7.816951e-03 -0.1612288441  0.176862747 1.0000000
24:0-4:0    -1.487167e-02 -0.2263999655  0.196656632 1.0000000
25:0-4:0     8.289118e-03 -0.2209329979  0.237511233 1.0000000
26:0-4:0     6.481722e-02 -0.1593884849  0.289022929 1.0000000
27:0-4:0     4.858500e-02 -0.1668248758  0.263994876 1.0000000
28:0-4:0     3.878875e-02 -0.1959487200  0.273526220 1.0000000
29:0-4:0     4.283711e-02 -0.1767831337  0.262457344 1.0000000
30:0-4:0    -2.533625e-02 -0.2600737200  0.209401220 1.0000000
31:0-4:0    -1.018761e-02 -0.2147900177  0.194414800 1.0000000
32:0-4:0    -1.430045e-02 -0.2222371799  0.193636271 1.0000000
33:0-4:0    -2.909786e-02 -0.2767188477  0.218523133 1.0000000
34:0-4:0    -3.961269e-02 -0.2354963326  0.156270948 1.0000000
35:0-4:0    -7.457265e-02 -0.2536580065  0.104512712 1.0000000
36:0-4:0     8.373310e-02 -0.1277952036  0.295261394 1.0000000
37:0-4:0     3.087682e-02 -0.1770599072  0.238813544 1.0000000
38:0-4:0     8.168077e-03 -0.1877155633  0.204051717 1.0000000
39:0-4:0    -2.457091e-02 -0.1901577978  0.141015980 1.0000000
40:0-4:0     1.149930e-03 -0.1451493165  0.147449176 1.0000000
41:0-4:0    -5.500923e-02 -0.2013084714  0.091290021 1.0000000
42:0-4:0    -3.585806e-02 -0.1964969989  0.124780876 1.0000000
43:0-4:0    -1.776654e-02 -0.1893679707  0.153834894 1.0000000
44:0-4:0     5.545750e-02 -0.1792799700  0.290194970 1.0000000
45:0-4:0    -1.749000e-02 -0.2328998758  0.197919876 1.0000000
46:0-4:0     3.714500e-02 -0.2478154806  0.322105481 1.0000000
47:0-4:0    -6.196409e-02 -0.2699008163  0.145972634 1.0000000
48:0-4:0    -6.355167e-02 -0.3043872293  0.177283896 1.0000000
49:0-4:0    -1.257167e-02 -0.2763938073  0.251250474 1.0000000
50:0-4:0     2.268630e-02 -0.1408106366  0.186183245 1.0000000
51:0-4:0    -3.265763e-02 -0.2522778706  0.186962607 1.0000000
52:0-4:0    -4.704574e-02 -0.2403820211  0.146290540 1.0000000
53:0-4:0    -4.274346e-02 -0.2386271018  0.153140179 1.0000000
54:0-4:0     9.947174e-03 -0.1535497670  0.173444115 1.0000000
55:0-4:0    -2.428761e-02 -0.1877845497  0.139209332 1.0000000
56:0-4:0    -1.488625e-02 -0.1764436568  0.146671157 1.0000000
57:0-4:0    -4.701232e-02 -0.2160581124  0.122033478 1.0000000
58:0-4:0     6.547381e-03 -0.1612986420  0.174393404 1.0000000
59:0-4:0     1.354187e-02 -0.1363770537  0.163460804 1.0000000
60:0-4:0     1.179963e-02 -0.1225320292  0.146131288 1.0000000
61:0-4:0    -2.595286e-02 -0.1546848803  0.102779166 1.0000000
62:0-4:0    -2.074422e-02 -0.1564795872  0.114991156 1.0000000
63:0-4:0    -2.219842e-02 -0.1662766206  0.121879778 1.0000000
64:0-4:0    -9.268492e-03 -0.1597620451  0.141225061 1.0000000
65:0-4:0     9.831364e-03 -0.1557555251  0.175418252 1.0000000
66:0-4:0     1.233824e-02 -0.1620513721  0.186727859 1.0000000
67:0-4:0    -2.920909e-03 -0.1685077978  0.162665980 1.0000000
68:0-4:0     4.815000e-03 -0.1726298483  0.182259848 1.0000000
69:0-4:0     1.115462e-02 -0.1469130191  0.169222250 1.0000000
70:0-4:0    -1.655500e-02 -0.1895194516  0.156409452 1.0000000
71:0-4:0    -5.436214e-02 -0.2150010806  0.106276795 1.0000000
72:0-4:0    -2.851125e-02 -0.1900686568  0.133046157 1.0000000
73:0-4:0    -2.651389e-02 -0.1910358991  0.138008121 1.0000000
74:0-4:0    -2.745188e-02 -0.2100744824  0.155170732 1.0000000
75:0-4:0    -1.592879e-03 -0.1824019099  0.179216152 1.0000000
76:0-4:0    -1.655065e-02 -0.1800475931  0.146946289 1.0000000
77:0-4:0     6.836379e-03 -0.1467888774  0.160461636 1.0000000
78:0-4:0    -9.867069e-03 -0.1634923256  0.143758188 1.0000000
79:0-4:0    -1.747833e-02 -0.1565248102  0.121568144 1.0000000
80:0-4:0     4.470000e-04 -0.1357901676  0.136684168 1.0000000
81:0-4:0    -1.413577e-02 -0.1466093626  0.118337824 1.0000000
82:0-4:0    -1.325361e-02 -0.1590867864  0.132579564 1.0000000
83:0-4:0     5.618810e-03 -0.1448747435  0.156112363 1.0000000
84:0-4:0    -5.426074e-02 -0.2059529839  0.097431508 1.0000000
85:0-4:0     1.110145e-02 -0.1734321524  0.195635056 1.0000000
86:0-4:0    -3.305708e-02 -0.1946144902  0.128500323 1.0000000
87:0-4:0    -3.249786e-02 -0.2003438801  0.135348166 1.0000000
88:0-4:0     2.376423e-02 -0.1478372015  0.195365663 1.0000000
89:0-4:0     2.150963e-02 -0.1475361612  0.190555430 1.0000000
90:0-4:0    -1.542674e-02 -0.1789236801  0.148070202 1.0000000
91:0-4:0    -4.979179e-02 -0.2070585387  0.107474954 1.0000000
92:0-4:0     5.838745e-02 -0.0988792934  0.215654199 1.0000000
93:0-4:0     2.649870e-02 -0.1299929430  0.182990350 1.0000000
94:0-4:0     3.532142e-02 -0.1219453311  0.192588161 1.0000000
95:0-4:0     4.368802e-02 -0.1230059887  0.210382035 1.0000000
96:0-4:0     4.826788e-02 -0.1046939552  0.201229718 1.0000000
97:0-4:0     1.620955e-02 -0.1395315374  0.171950628 1.0000000
98:0-4:0    -4.772347e-03 -0.1654112847  0.155866591 1.0000000
99:0-4:0     3.709962e-02 -0.1122602601  0.186459491 1.0000000
100:0-4:0   -6.249125e-02 -0.1798599850  0.054877485 0.9999998
1:1-4:0     -7.451443e-02 -0.1937907887  0.044761921 0.9992435
2:1-4:0     -5.370321e-02 -0.2087170975  0.101310669 1.0000000
3:1-4:0     -9.388784e-03 -0.1837783991  0.165000832 1.0000000
4:1-4:0     -1.888068e-02 -0.1932702910  0.155508940 1.0000000
5:1-4:0      7.892000e-02 -0.1225774882  0.280417488 1.0000000
6:1-4:0     -2.176750e-02 -0.2232649882  0.179729988 1.0000000
7:1-4:0     -4.203846e-04 -0.1963040249  0.195463256 1.0000000
8:1-4:0     -4.590500e-02 -0.2701107072  0.178300707 1.0000000
9:1-4:0     -1.472000e-02 -0.2301298758  0.200689876 1.0000000
10:1-4:0    -7.112143e-03 -0.2547331334  0.240508848 1.0000000
11:1-4:0    -3.980885e-02 -0.2356924864  0.156074794 1.0000000
12:1-4:0    -3.189974e-02 -0.2515199758  0.187720502 1.0000000
13:1-4:0    -8.961553e-02 -0.3092357653  0.130004713 1.0000000
14:1-4:0     3.384474e-03 -0.2162357653  0.223004713 1.0000000
15:1-4:0     1.481643e-02 -0.2328045620  0.262437419 1.0000000
16:1-4:0    -9.057643e-02 -0.3381974192  0.157044562 1.0000000
17:1-4:0    -5.407643e-02 -0.2656047274  0.157451870 1.0000000
18:1-4:0     8.185625e-03 -0.1744369824  0.190808232 1.0000000
19:1-4:0    -4.117265e-02 -0.2202580065  0.137912712 1.0000000
20:1-4:0    -4.006152e-02 -0.2035584627  0.123435419 1.0000000
21:1-4:0     1.187500e-02 -0.1478772395  0.171627239 1.0000000
22:1-4:0    -5.152500e-02 -0.2112772395  0.108227239 1.0000000
23:1-4:0    -1.977022e-02 -0.2243726264  0.184832192 1.0000000
24:1-4:0     1.078333e-03 -0.1854720913  0.187628758 1.0000000
25:1-4:0    -8.845794e-02 -0.3176800568  0.140764174 1.0000000
26:1-4:0    -2.097423e-02 -0.2762004978  0.234252036 1.0000000
27:1-4:0    -1.435167e-02 -0.2551872293  0.226483896 1.0000000
28:1-4:0     7.146423e-02 -0.1837620363  0.326690498 1.0000000
29:1-4:0     4.931079e-02 -0.1703094495  0.268931028 1.0000000
30:1-4:0    -6.796667e-03 -0.2706188073  0.257025474 1.0000000
31:1-4:0    -6.074389e-02 -0.2849495961  0.163461818 1.0000000
32:1-4:0     8.602407e-03 -0.1847338729  0.201938688 1.0000000
33:1-4:0    -3.165955e-02 -0.2395962708  0.176277180 1.0000000
34:1-4:0    -3.799210e-02 -0.2225257008  0.146541507 1.0000000
35:1-4:0    -5.011250e-03 -0.2397487200  0.229726220 1.0000000
36:1-4:0    -5.800500e-02 -0.2566030926  0.140593093 1.0000000
37:1-4:0    -2.442167e-02 -0.2109720913  0.162128758 1.0000000
38:1-4:0    -8.640794e-02 -0.2654933006  0.092677418 1.0000000
39:1-4:0    -2.163473e-02 -0.1960243451  0.152754886 1.0000000
40:1-4:0    -5.765870e-03 -0.1692628105  0.157731071 1.0000000
41:1-4:0    -2.045984e-03 -0.1537382298  0.149646263 1.0000000
42:1-4:0    -7.231316e-03 -0.1801957674  0.165733136 1.0000000
43:1-4:0    -9.759286e-03 -0.1872041340  0.167685563 1.0000000
44:1-4:0     7.895000e-03 -0.2473312670  0.263121267 1.0000000
45:1-4:0     4.325000e-04 -0.2343049700  0.235169970 1.0000000
46:1-4:0    -8.657643e-02 -0.3341974192  0.161044562 1.0000000
47:1-4:0     4.010750e-02 -0.1946299700  0.274844970 1.0000000
48:1-4:0     4.636167e-02 -0.1944738960  0.287197229 1.0000000
49:1-4:0    -6.622647e-03 -0.2358447626  0.222599469 1.0000000
50:1-4:0    -8.834646e-02 -0.2573922588  0.080699332 0.9999999
51:1-4:0    -3.375500e-02 -0.2684924700  0.200982470 1.0000000
52:1-4:0    -2.599300e-02 -0.2245910926  0.172605093 1.0000000
53:1-4:0    -6.301750e-02 -0.2645149882  0.138479988 1.0000000
54:1-4:0    -5.728684e-03 -0.1786931358  0.167235767 1.0000000
55:1-4:0     1.013750e-03 -0.1816088574  0.183636357 1.0000000
56:1-4:0     7.149500e-02 -0.0975507954  0.240540795 1.0000000
57:1-4:0    -3.360222e-02 -0.2094836493  0.142279205 1.0000000
58:1-4:0     3.563750e-03 -0.1579936568  0.165121157 1.0000000
59:1-4:0    -1.696962e-02 -0.1663294908  0.132390260 1.0000000
60:1-4:0    -1.636066e-02 -0.1511441592  0.118422838 1.0000000
61:1-4:0    -8.273657e-03 -0.1378674137  0.121320100 1.0000000
62:1-4:0    -9.122476e-03 -0.1446135869  0.126368635 1.0000000
63:1-4:0    -1.969108e-02 -0.1625572680  0.123175116 1.0000000
64:1-4:0     2.895000e-03 -0.1586624068  0.164452407 1.0000000
65:1-4:0    -5.182273e-03 -0.1707691614  0.160404616 1.0000000
66:1-4:0     6.159706e-03 -0.1729256535  0.185245065 1.0000000
67:1-4:0     5.141154e-03 -0.1664602784  0.176742586 1.0000000
68:1-4:0    -3.855622e-02 -0.2076020149  0.130489576 1.0000000
69:1-4:0     2.003700e-02 -0.1397152395  0.179789239 1.0000000
70:1-4:0     1.521864e-02 -0.1405224465  0.170959719 1.0000000
71:1-4:0     3.319262e-02 -0.1346534039  0.201038642 1.0000000
72:1-4:0    -9.850000e-04 -0.1784298483  0.176459848 1.0000000
73:1-4:0     2.947278e-02 -0.1350492324  0.193994788 1.0000000
74:1-4:0     2.275081e-02 -0.1439431980  0.189444826 1.0000000
75:1-4:0    -3.868056e-02 -0.2032025657  0.125841455 1.0000000
76:1-4:0     6.353730e-03 -0.1441398229  0.156847283 1.0000000
77:1-4:0     1.173346e-02 -0.1463341730  0.169801096 1.0000000
78:1-4:0     2.368667e-02 -0.1221465086  0.169519842 1.0000000
79:1-4:0    -2.371833e-02 -0.1627648102  0.115328144 1.0000000
80:1-4:0     4.626967e-03 -0.1269231966  0.136177131 1.0000000
81:1-4:0    -2.009419e-02 -0.1537759571  0.113587579 1.0000000
82:1-4:0    -3.870500e-02 -0.1734884988  0.096078499 1.0000000
83:1-4:0     2.803618e-02 -0.1308594765  0.186931829 1.0000000
84:1-4:0     4.742395e-02 -0.1255405042  0.220388399 1.0000000
85:1-4:0    -6.263109e-02 -0.2261280279  0.100865854 1.0000000
86:1-4:0     6.838750e-03 -0.1547186568  0.168396157 1.0000000
87:1-4:0    -2.118343e-02 -0.1800790843  0.137712222 1.0000000
88:1-4:0    -2.881351e-02 -0.1913229434  0.133695922 1.0000000
89:1-4:0     1.113378e-02 -0.1495051622  0.171772713 1.0000000
90:1-4:0     1.492259e-02 -0.1387026705  0.168547843 1.0000000
91:1-4:0    -3.284473e-02 -0.1782231663  0.112533714 1.0000000
92:1-4:0     2.835245e-02 -0.1341569860  0.190861880 1.0000000
93:1-4:0     1.721593e-02 -0.1494780817  0.183909942 1.0000000
94:1-4:0     4.113500e-02 -0.1013452403  0.183615240 1.0000000
95:1-4:0     5.178851e-02 -0.0918763474  0.195453360 1.0000000
96:1-4:0     6.826375e-02 -0.0742164903  0.210743990 1.0000000
97:1-4:0     3.512357e-02 -0.1153699816  0.185617124 1.0000000
98:1-4:0     2.388844e-02 -0.1278038036  0.175580689 1.0000000
99:1-4:0     6.221190e-03 -0.1347976754  0.147240056 1.0000000
100:1-4:0   -6.807702e-02 -0.1843886306  0.048234586 0.9999600
6:0-5:0     -8.689744e-02 -0.2758243949  0.102029523 1.0000000
7:0-5:0     -1.062471e-02 -0.2079524816  0.186703064 1.0000000
8:0-5:0      1.118352e-02 -0.2146273900  0.236994423 1.0000000
9:0-5:0     -2.613834e-02 -0.2485883979  0.196311708 1.0000000
10:0-5:0    -2.075950e-02 -0.2253259478  0.183806938 1.0000000
11:0-5:0     5.068381e-02 -0.1970015187  0.298369147 1.0000000
12:0-5:0    -1.611229e-03 -0.2061776720  0.202955214 1.0000000
13:0-5:0    -4.224480e-02 -0.2756530168  0.191163408 1.0000000
14:0-5:0    -4.756410e-02 -0.2733750090  0.178246804 1.0000000
15:0-5:0    -3.082051e-03 -0.2143088128  0.208144710 1.0000000
16:0-5:0    -1.313553e-01 -0.3647635431  0.102052882 0.9999950
17:0-5:0    -3.223447e-02 -0.2411010848  0.176632139 1.0000000
18:0-5:0     2.687353e-02 -0.1738725647  0.227619628 1.0000000
19:0-5:0    -1.565641e-02 -0.2045833692  0.173270549 1.0000000
20:0-5:0    -3.711410e-02 -0.2226366934  0.148408488 1.0000000
21:0-5:0    -2.238896e-02 -0.1945623266  0.149784404 1.0000000
22:0-5:0    -3.168315e-02 -0.2172057410  0.153839441 1.0000000
23:0-5:0    -1.367548e-02 -0.2002842337  0.172933264 1.0000000
24:0-5:0    -3.636410e-02 -0.2621750090  0.189446804 1.0000000
25:0-5:0    -1.320332e-02 -0.2556680013  0.229261365 1.0000000
26:0-5:0     4.332479e-02 -0.1944030905  0.281052663 1.0000000
27:0-5:0     2.709256e-02 -0.2023584303  0.256543559 1.0000000
28:0-5:0     1.729631e-02 -0.2303890187  0.264981647 1.0000000
29:0-5:0     2.134467e-02 -0.2120635431  0.254752882 1.0000000
30:0-5:0    -4.682869e-02 -0.2945140187  0.200856647 1.0000000
31:0-5:0    -3.168004e-02 -0.2510165213  0.187656432 1.0000000
32:0-5:0    -3.579289e-02 -0.2582429433  0.186657162 1.0000000
33:0-5:0    -5.059029e-02 -0.3105181662  0.209337580 1.0000000
34:0-5:0    -6.110513e-02 -0.2723318897  0.150121633 1.0000000
35:0-5:0    -9.606508e-02 -0.2918146940  0.099684528 1.0000000
36:0-5:0     6.224066e-02 -0.1635702471  0.288051566 1.0000000
37:0-5:0     9.384382e-03 -0.2130656706  0.231834435 1.0000000
38:0-5:0    -1.332436e-02 -0.2245511205  0.197902403 1.0000000
39:0-5:0    -4.606334e-02 -0.2295445756  0.137417886 1.0000000
40:0-5:0    -2.034251e-02 -0.1866248375  0.145939825 1.0000000
41:0-5:0    -7.650166e-02 -0.2427839925  0.089780670 1.0000000
42:0-5:0    -5.735050e-02 -0.2363790216  0.121678027 1.0000000
43:0-5:0    -3.925897e-02 -0.2281859333  0.149667985 1.0000000
44:0-5:0     3.396506e-02 -0.2137202687  0.281650397 1.0000000
45:0-5:0    -3.898244e-02 -0.2684334303  0.190468559 1.0000000
46:0-5:0     1.565256e-02 -0.2800649020  0.311370030 1.0000000
47:0-5:0    -8.345653e-02 -0.3059065797  0.138993526 1.0000000
48:0-5:0    -8.504410e-02 -0.3385162164  0.168428011 1.0000000
49:0-5:0    -3.406410e-02 -0.3094701049  0.241341900 1.0000000
50:0-5:0     1.193868e-03 -0.1804034718  0.182791209 1.0000000
51:0-5:0    -5.415007e-02 -0.2875582799  0.179258145 1.0000000
52:0-5:0    -6.853818e-02 -0.2774047885  0.140328435 1.0000000
53:0-5:0    -6.423590e-02 -0.2754626590  0.146990864 1.0000000
54:0-5:0    -1.154526e-02 -0.1931426022  0.170052078 1.0000000
55:0-5:0    -4.578004e-02 -0.2273773848  0.135817296 1.0000000
56:0-5:0    -3.637869e-02 -0.2162317925  0.143474421 1.0000000
57:0-5:0    -6.850475e-02 -0.2551135020  0.118103996 1.0000000
58:0-5:0    -1.494505e-02 -0.2004676457  0.170577536 1.0000000
59:0-5:0    -7.950561e-03 -0.1774263098  0.161525188 1.0000000
60:0-5:0    -9.692806e-03 -0.1655495958  0.146163983 1.0000000
61:0-5:0    -4.744529e-02 -0.1985024943  0.103611908 1.0000000
62:0-5:0    -4.223665e-02 -0.1993049022  0.114831599 1.0000000
63:0-5:0    -4.369086e-02 -0.2080224481  0.120640734 1.0000000
64:0-5:0    -3.076093e-02 -0.2007452030  0.139223347 1.0000000
65:0-5:0    -1.166107e-02 -0.1951423028  0.171820158 1.0000000
66:0-5:0    -9.154193e-03 -0.2006171974  0.182308812 1.0000000
67:0-5:0    -2.441334e-02 -0.2078945756  0.159067886 1.0000000
68:0-5:0    -1.667744e-02 -0.2109273225  0.177572451 1.0000000
69:0-5:0    -1.033782e-02 -0.1870628084  0.166387167 1.0000000
70:0-5:0    -3.804744e-02 -0.2282132735  0.152118402 1.0000000
71:0-5:0    -7.585458e-02 -0.2548831032  0.103173946 1.0000000
72:0-5:0    -5.000369e-02 -0.2298567925  0.129849421 1.0000000
73:0-5:0    -4.800632e-02 -0.2305271075  0.134514458 1.0000000
74:0-5:0    -4.894431e-02 -0.2479351675  0.150046546 1.0000000
75:0-5:0    -2.308531e-02 -0.2204130877  0.174242458 1.0000000
76:0-5:0    -3.804309e-02 -0.2196404283  0.143554252 1.0000000
77:0-5:0    -1.465606e-02 -0.1874190843  0.158106971 1.0000000
78:0-5:0    -3.135950e-02 -0.2041225326  0.141403523 1.0000000
79:0-5:0    -3.897077e-02 -0.1989090918  0.120967553 1.0000000
80:0-5:0    -2.104544e-02 -0.1785475314  0.136456660 1.0000000
81:0-5:0    -3.562821e-02 -0.1898864212  0.118630011 1.0000000
82:0-5:0    -3.474605e-02 -0.2006184657  0.131126372 1.0000000
83:0-5:0    -1.587363e-02 -0.1858579014  0.154110649 1.0000000
84:0-5:0    -7.575317e-02 -0.2467996054  0.095293258 1.0000000
85:0-5:0    -1.039098e-02 -0.2111370809  0.190355112 1.0000000
86:0-5:0    -5.454952e-02 -0.2344026259  0.125303587 1.0000000
87:0-5:0    -5.399029e-02 -0.2395128838  0.131532298 1.0000000
88:0-5:0     2.271795e-03 -0.1866551641  0.191198754 1.0000000
89:0-5:0     1.719825e-05 -0.1865915507  0.186625947 1.0000000
90:0-5:0    -3.691918e-02 -0.2185165152  0.144678165 1.0000000
91:0-5:0    -7.128423e-02 -0.2472932444  0.104724788 1.0000000
92:0-5:0     3.689502e-02 -0.1391139991  0.212904033 1.0000000
93:0-5:0     5.006268e-03 -0.1703105304  0.180323066 1.0000000
94:0-5:0     1.382898e-02 -0.1621800369  0.189837995 1.0000000
95:0-5:0     2.219559e-02 -0.1622854086  0.206676583 1.0000000
96:0-5:0     2.677545e-02 -0.1453979199  0.198948811 1.0000000
97:0-5:0    -5.282890e-03 -0.1799300466  0.169364266 1.0000000
98:0-5:0    -2.626478e-02 -0.2052933073  0.152763742 1.0000000
99:0-5:0     1.560718e-02 -0.1533742297  0.184588589 1.0000000
100:0-5:0   -8.398369e-02 -0.2254819694  0.057514598 0.9999208
1:1-5:0     -9.600687e-02 -0.2390914360  0.047077696 0.9906135
2:1-5:0     -7.519565e-02 -0.2491946394  0.098803339 1.0000000
3:1-5:0     -3.088122e-02 -0.2223442245  0.160581785 1.0000000
4:1-5:0     -4.037311e-02 -0.2318361164  0.151089893 1.0000000
5:1-5:0      5.742756e-02 -0.1590154585  0.273870587 1.0000000
6:1-5:0     -4.325994e-02 -0.2597029585  0.173183087 1.0000000
7:1-5:0     -2.191282e-02 -0.2331395820  0.189313941 1.0000000
8:1-5:0     -6.739744e-02 -0.3051253127  0.170330441 1.0000000
9:1-5:0     -3.621244e-02 -0.2656634303  0.193238559 1.0000000
10:1-5:0    -2.860458e-02 -0.2885324519  0.231323294 1.0000000
11:1-5:0    -6.130128e-02 -0.2725280436  0.149925479 1.0000000
12:1-5:0    -5.339217e-02 -0.2868003852  0.180016040 1.0000000
13:1-5:0    -1.111080e-01 -0.3445161747  0.122300250 1.0000000
14:1-5:0    -1.810796e-02 -0.2515161747  0.215300250 1.0000000
15:1-5:0    -6.676007e-03 -0.2666038805  0.253251866 1.0000000
16:1-5:0    -1.120689e-01 -0.3719967376  0.147859009 1.0000000
17:1-5:0    -7.556886e-02 -0.3013797709  0.150242042 1.0000000
18:1-5:0    -1.330681e-02 -0.2122976675  0.185684046 1.0000000
19:1-5:0    -6.266508e-02 -0.2584146940  0.133084528 1.0000000
20:1-5:0    -6.155396e-02 -0.2431512979  0.120043383 1.0000000
21:1-5:0    -9.617436e-03 -0.1878507725  0.168615901 1.0000000
22:1-5:0    -7.301744e-02 -0.2512507725  0.105215901 1.0000000
23:1-5:0    -4.126265e-02 -0.2605991300  0.178073823 1.0000000
24:1-5:0    -2.041410e-02 -0.2230156949  0.182187490 1.0000000
25:1-5:0    -1.099504e-01 -0.3524150602  0.132514306 1.0000000
26:1-5:0    -4.246667e-02 -0.3096497344  0.224716401 1.0000000
27:1-5:0    -3.584410e-02 -0.2893162164  0.217628011 1.0000000
28:1-5:0     4.997179e-02 -0.2172112728  0.317154863 1.0000000
29:1-5:0     2.781835e-02 -0.2055898589  0.261226566 1.0000000
30:1-5:0    -2.828910e-02 -0.3036951049  0.247116900 1.0000000
31:1-5:0    -8.223632e-02 -0.3199642016  0.155491552 1.0000000
32:1-5:0    -1.289003e-02 -0.2217566404  0.195976583 1.0000000
33:1-5:0    -5.315198e-02 -0.2756020343  0.169298072 1.0000000
34:1-5:0    -5.948453e-02 -0.2602306293  0.141261564 1.0000000
35:1-5:0    -2.650369e-02 -0.2741890187  0.221181647 1.0000000
36:1-5:0    -7.949744e-02 -0.2932438901  0.134249018 1.0000000
37:1-5:0    -4.591410e-02 -0.2485156949  0.156687490 1.0000000
38:1-5:0    -1.079004e-01 -0.3036499881  0.087849234 0.9999985
39:1-5:0    -4.312717e-02 -0.2345901704  0.148335839 1.0000000
40:1-5:0    -2.725831e-02 -0.2088556457  0.154339035 1.0000000
41:1-5:0    -2.353842e-02 -0.1945848513  0.147508012 1.0000000
42:1-5:0    -2.872375e-02 -0.2188895892  0.161442086 1.0000000
43:1-5:0    -3.125172e-02 -0.2255016082  0.162998165 1.0000000
44:1-5:0    -1.359744e-02 -0.2807805036  0.253585632 1.0000000
45:1-5:0    -2.105994e-02 -0.2687452687  0.226625397 1.0000000
46:1-5:0    -1.080689e-01 -0.3679967376  0.151859009 1.0000000
47:1-5:0     1.861506e-02 -0.2290702687  0.266300397 1.0000000
48:1-5:0     2.486923e-02 -0.2286028831  0.278341345 1.0000000
49:1-5:0    -2.811508e-02 -0.2705797660  0.214349600 1.0000000
50:1-5:0    -1.098389e-01 -0.2964476483  0.076769850 0.9999471
51:1-5:0    -5.524744e-02 -0.3029327687  0.192437897 1.0000000
52:1-5:0    -4.748544e-02 -0.2612318901  0.166261018 1.0000000
53:1-5:0    -8.450994e-02 -0.3009529585  0.131933087 1.0000000
54:1-5:0    -2.722112e-02 -0.2173869577  0.162944717 1.0000000
55:1-5:0    -2.047869e-02 -0.2194695425  0.178512171 1.0000000
56:1-5:0     5.000256e-02 -0.1366061849  0.236611313 1.0000000
57:1-5:0    -5.509466e-02 -0.2479174282  0.137728112 1.0000000
58:1-5:0    -1.792869e-02 -0.1977817925  0.161924421 1.0000000
59:1-5:0    -3.846205e-02 -0.2074434605  0.130519358 1.0000000
60:1-5:0    -3.785310e-02 -0.1940994909  0.118393298 1.0000000
61:1-5:0    -2.976609e-02 -0.1815583392  0.122026154 1.0000000
62:1-5:0    -3.061491e-02 -0.1874721253  0.126242302 1.0000000
63:1-5:0    -4.118351e-02 -0.2044535124  0.122086489 1.0000000
64:1-5:0    -1.859744e-02 -0.1984505425  0.161255671 1.0000000
65:1-5:0    -2.667471e-02 -0.2101559392  0.156806522 1.0000000
66:1-5:0    -1.533273e-02 -0.2110823411  0.180416881 1.0000000
67:1-5:0    -1.635128e-02 -0.2052782410  0.172575677 1.0000000
68:1-5:0    -6.004866e-02 -0.2466574044  0.126560094 1.0000000
69:1-5:0    -1.455436e-03 -0.1796887725  0.176777901 1.0000000
70:1-5:0    -6.273800e-03 -0.1809209557  0.168373357 1.0000000
71:1-5:0     1.170018e-02 -0.1738224076  0.197222774 1.0000000
72:1-5:0    -2.247744e-02 -0.2167273225  0.171772451 1.0000000
73:1-5:0     7.980342e-03 -0.1745404408  0.190501125 1.0000000
74:1-5:0     1.258378e-03 -0.1832226179  0.185739374 1.0000000
75:1-5:0    -6.017299e-02 -0.2426937741  0.122347791 1.0000000
76:1-5:0    -1.513871e-02 -0.1851229808  0.154845569 1.0000000
77:1-5:0    -9.758974e-03 -0.1864839623  0.166966014 1.0000000
78:1-5:0     2.194231e-03 -0.1636781879  0.168066649 1.0000000
79:1-5:0    -4.521077e-02 -0.2051490918  0.114727553 1.0000000
80:1-5:0    -1.686547e-02 -0.1703313928  0.136600455 1.0000000
81:1-5:0    -4.158663e-02 -0.1968836287  0.113710379 1.0000000
82:1-5:0    -6.019744e-02 -0.2164438305  0.096048959 1.0000000
83:1-5:0     6.543741e-03 -0.1709222359  0.184009717 1.0000000
84:1-5:0     2.593151e-02 -0.1642343261  0.216097349 1.0000000
85:1-5:0    -8.412352e-02 -0.2657208631  0.097473817 1.0000000
86:1-5:0    -1.465369e-02 -0.1945067925  0.165199421 1.0000000
87:1-5:0    -4.267587e-02 -0.2201418437  0.134790109 1.0000000
88:1-5:0    -5.030595e-02 -0.2310147178  0.130402825 1.0000000
89:1-5:0    -1.035866e-02 -0.1893871849  0.168669864 1.0000000
90:1-5:0    -6.569850e-03 -0.1793328774  0.166193178 1.0000000
91:1-5:0    -5.433716e-02 -0.2198099245  0.111135601 1.0000000
92:1-5:0     6.860011e-03 -0.1738487604  0.187568782 1.0000000
93:1-5:0    -4.276506e-03 -0.1887575017  0.180204490 1.0000000
94:1-5:0     1.964256e-02 -0.1432898242  0.182574952 1.0000000
95:1-5:0     3.029607e-02 -0.1336732391  0.194265380 1.0000000
96:1-5:0     4.677131e-02 -0.1161610742  0.209703702 1.0000000
97:1-5:0     1.363114e-02 -0.1563531395  0.183615411 1.0000000
98:1-5:0     2.396007e-03 -0.1686504251  0.173442439 1.0000000
99:1-5:0    -1.527125e-02 -0.1769272531  0.146384762 1.0000000
100:1-5:0   -8.956946e-02 -0.2301921253  0.051053209 0.9983923
7:0-6:0      7.627273e-02 -0.1210550457  0.273600500 1.0000000
8:0-6:0      9.808095e-02 -0.1277299541  0.323891859 1.0000000
9:0-6:0      6.075909e-02 -0.1616909620  0.283209144 1.0000000
10:0-6:0     6.613793e-02 -0.1384285119  0.270704374 1.0000000
11:0-6:0     1.375813e-01 -0.1101040828  0.385266583 0.9999976
12:0-6:0     8.528621e-02 -0.1192802361  0.289852650 1.0000000
13:0-6:0     4.465263e-02 -0.1887555809  0.278060844 1.0000000
14:0-6:0     3.933333e-02 -0.1864775731  0.265144240 1.0000000
15:0-6:0     8.381538e-02 -0.1274113769  0.295042146 1.0000000
16:0-6:0    -4.445789e-02 -0.2778661072  0.188950318 1.0000000
17:0-6:0     5.466296e-02 -0.1542036489  0.263529575 1.0000000
18:0-6:0     1.137710e-01 -0.0869751288  0.314517064 0.9999926
19:0-6:0     7.124103e-02 -0.1176859333  0.260167985 1.0000000
20:0-6:0     4.978333e-02 -0.1357392575  0.235305924 1.0000000
21:0-6:0     6.450847e-02 -0.1076648907  0.236681840 1.0000000
22:0-6:0     5.521429e-02 -0.1303083051  0.240736877 1.0000000
23:0-6:0     7.322195e-02 -0.1133867978  0.259830700 1.0000000
24:0-6:0     5.053333e-02 -0.1752775731  0.276344240 1.0000000
25:0-6:0     7.369412e-02 -0.1687705654  0.316158801 1.0000000
26:0-6:0     1.302222e-01 -0.1075056546  0.367950099 0.9999990
27:0-6:0     1.139900e-01 -0.1154609944  0.343440994 1.0000000
28:0-6:0     1.041937e-01 -0.1434915828  0.351879083 1.0000000
29:0-6:0     1.082421e-01 -0.1251661072  0.341650318 1.0000000
30:0-6:0     4.006875e-02 -0.2076165828  0.287754083 1.0000000
31:0-6:0     5.521739e-02 -0.1641190854  0.274553868 1.0000000
32:0-6:0     5.110455e-02 -0.1713455075  0.273554598 1.0000000
33:0-6:0     3.630714e-02 -0.2236207303  0.296235016 1.0000000
34:0-6:0     2.579231e-02 -0.1854344538  0.237019069 1.0000000
35:0-6:0    -9.167647e-03 -0.2049172581  0.186581964 1.0000000
36:0-6:0     1.491381e-01 -0.0766728112  0.374949002 0.9942892
37:0-6:0     9.628182e-02 -0.1261682347  0.318731871 1.0000000
38:0-6:0     7.357308e-02 -0.1376536846  0.284799838 1.0000000
39:0-6:0     4.083409e-02 -0.1426471397  0.224315321 1.0000000
40:0-6:0     6.655493e-02 -0.0997274016  0.232837261 1.0000000
41:0-6:0     1.039577e-02 -0.1558865566  0.176678106 1.0000000
42:0-6:0     2.954694e-02 -0.1494815857  0.208575463 1.0000000
43:0-6:0     4.763846e-02 -0.1412884974  0.236565421 1.0000000
44:0-6:0     1.208625e-01 -0.1268228328  0.368547833 1.0000000
45:0-6:0     4.791500e-02 -0.1815359944  0.277365994 1.0000000
46:0-6:0     1.025500e-01 -0.1931674661  0.398267466 1.0000000
47:0-6:0     3.440909e-03 -0.2190091438  0.225890962 1.0000000
48:0-6:0     1.853333e-03 -0.2516187805  0.255325447 1.0000000
49:0-6:0     5.283333e-02 -0.2225726690  0.328239336 1.0000000
50:0-6:0     8.809130e-02 -0.0935060359  0.269688645 1.0000000
51:0-6:0     3.274737e-02 -0.2006608440  0.266155581 1.0000000
52:0-6:0     1.835926e-02 -0.1905073527  0.227225871 1.0000000
53:0-6:0     2.266154e-02 -0.1885652231  0.233888300 1.0000000
54:0-6:0     7.535217e-02 -0.1062451663  0.256949514 1.0000000
55:0-6:0     4.111739e-02 -0.1404799489  0.222714732 1.0000000
56:0-6:0     5.051875e-02 -0.1293343566  0.230371857 1.0000000
57:0-6:0     1.839268e-02 -0.1682160661  0.205001432 1.0000000
58:0-6:0     7.195238e-02 -0.1135702098  0.257474972 1.0000000
59:0-6:0     7.894687e-02 -0.0905288739  0.248422624 1.0000000
60:0-6:0     7.720463e-02 -0.0786521599  0.233061419 1.0000000
61:0-6:0     3.945214e-02 -0.1116050584  0.190509344 1.0000000
62:0-6:0     4.466078e-02 -0.1124074663  0.201729035 1.0000000
63:0-6:0     4.320658e-02 -0.1211250122  0.207538170 1.0000000
64:0-6:0     5.613651e-02 -0.1138477671  0.226120783 1.0000000
65:0-6:0     7.523636e-02 -0.1082448669  0.258717594 1.0000000
66:0-6:0     7.774324e-02 -0.1137197616  0.269206248 1.0000000
67:0-6:0     6.248409e-02 -0.1209971397  0.245965321 1.0000000
68:0-6:0     7.022000e-02 -0.1240298866  0.264469887 1.0000000
69:0-6:0     7.655962e-02 -0.1001653725  0.253284603 1.0000000
70:0-6:0     4.885000e-02 -0.1413158376  0.239015838 1.0000000
71:0-6:0     1.104286e-02 -0.1679856674  0.190071382 1.0000000
72:0-6:0     3.689375e-02 -0.1429593566  0.216746857 1.0000000
73:0-6:0     3.889111e-02 -0.1436296716  0.221411894 1.0000000
74:0-6:0     3.795312e-02 -0.1610377316  0.236943982 1.0000000
75:0-6:0     6.381212e-02 -0.1335156518  0.261139894 1.0000000
76:0-6:0     4.885435e-02 -0.1327429924  0.230451688 1.0000000
77:0-6:0     7.224138e-02 -0.1005216484  0.245004407 1.0000000
78:0-6:0     5.553793e-02 -0.1172250967  0.228300959 1.0000000
79:0-6:0     4.792667e-02 -0.1120116559  0.207864989 1.0000000
80:0-6:0     6.585200e-02 -0.0916500955  0.223354096 1.0000000
81:0-6:0     5.126923e-02 -0.1029889853  0.205527447 1.0000000
82:0-6:0     5.215139e-02 -0.1137210298  0.218023808 1.0000000
83:0-6:0     7.102381e-02 -0.0989604655  0.241008085 1.0000000
84:0-6:0     1.114426e-02 -0.1599021695  0.182190694 1.0000000
85:0-6:0     7.650645e-02 -0.1242396450  0.277252548 1.0000000
86:0-6:0     3.234792e-02 -0.1475051900  0.212201023 1.0000000
87:0-6:0     3.290714e-02 -0.1526154479  0.218429734 1.0000000
88:0-6:0     8.916923e-02 -0.0997577282  0.278096190 1.0000000
89:0-6:0     8.691463e-02 -0.0996941148  0.273523383 1.0000000
90:0-6:0     4.997826e-02 -0.1316190793  0.231575601 1.0000000
91:0-6:0     1.561321e-02 -0.1603958085  0.191622224 1.0000000
92:0-6:0     1.237925e-01 -0.0522165632  0.299801469 0.9659469
93:0-6:0     9.190370e-02 -0.0834130945  0.267220502 0.9999999
94:0-6:0     1.007264e-01 -0.0752826010  0.276735431 0.9999875
95:0-6:0     1.090930e-01 -0.0753879727  0.293574019 0.9999336
96:0-6:0     1.136729e-01 -0.0585004840  0.285846247 0.9943542
97:0-6:0     8.161455e-02 -0.0930326107  0.256261702 1.0000000
98:0-6:0     6.063265e-02 -0.1183958714  0.239661178 1.0000000
99:0-6:0     1.025046e-01 -0.0664767938  0.271486025 0.9997830
100:0-6:0    2.913750e-03 -0.1385845335  0.144412033 1.0000000
1:1-6:0     -9.109434e-03 -0.1521940001  0.133975132 1.0000000
2:1-6:0      1.170179e-02 -0.1622972035  0.185700775 1.0000000
3:1-6:0      5.601622e-02 -0.1354467886  0.247479221 1.0000000
4:1-6:0      4.652432e-02 -0.1449386805  0.237987329 1.0000000
5:1-6:0      1.443250e-01 -0.0721180226  0.360768023 0.9922554
6:1-6:0      4.363750e-02 -0.1728055226  0.260080523 1.0000000
7:1-6:0      6.498462e-02 -0.1462421461  0.276211377 1.0000000
8:1-6:0      1.950000e-02 -0.2182278768  0.257227877 1.0000000
9:1-6:0      5.068500e-02 -0.1787659944  0.280135994 1.0000000
10:1-6:0     5.829286e-02 -0.2016350160  0.318220730 1.0000000
11:1-6:0     2.559615e-02 -0.1856306077  0.236822915 1.0000000
12:1-6:0     3.350526e-02 -0.1999029493  0.266913476 1.0000000
13:1-6:0    -2.421053e-02 -0.2576187388  0.209197686 1.0000000
14:1-6:0     6.878947e-02 -0.1646187388  0.302197686 1.0000000
15:1-6:0     8.022143e-02 -0.1797064446  0.340149302 1.0000000
16:1-6:0    -2.517143e-02 -0.2850993017  0.234756445 1.0000000
17:1-6:0     1.132857e-02 -0.2144823350  0.237139478 1.0000000
18:1-6:0     7.359062e-02 -0.1254002316  0.272581482 1.0000000
19:1-6:0     2.423235e-02 -0.1715172581  0.219981964 1.0000000
20:1-6:0     2.534348e-02 -0.1562538620  0.206940818 1.0000000
21:1-6:0     7.728000e-02 -0.1009533366  0.255513337 1.0000000
22:1-6:0     1.388000e-02 -0.1643533366  0.192113337 1.0000000
23:1-6:0     4.563478e-02 -0.1737016941  0.264971259 1.0000000
24:1-6:0     6.648333e-02 -0.1361182590  0.269084926 1.0000000
25:1-6:0    -2.305294e-02 -0.2655176243  0.219411742 1.0000000
26:1-6:0     4.443077e-02 -0.2227522985  0.311613837 1.0000000
27:1-6:0     5.105333e-02 -0.2024187805  0.304525447 1.0000000
28:1-6:0     1.368692e-01 -0.1303138369  0.404052298 1.0000000
29:1-6:0     1.147158e-01 -0.1186924230  0.348124002 1.0000000
30:1-6:0     5.860833e-02 -0.2167976690  0.334014336 1.0000000
31:1-6:0     4.661111e-03 -0.2330667657  0.242388988 1.0000000
32:1-6:0     7.400741e-02 -0.1348592045  0.282874019 1.0000000
33:1-6:0     3.374545e-02 -0.1887045984  0.256195507 1.0000000
34:1-6:0     2.741290e-02 -0.1733331934  0.228159000 1.0000000
35:1-6:0     6.039375e-02 -0.1872915828  0.308079083 1.0000000
36:1-6:0     7.400000e-03 -0.2063464542  0.221146454 1.0000000
37:1-6:0     4.098333e-02 -0.1616182590  0.243584926 1.0000000
38:1-6:0    -2.100294e-02 -0.2167525522  0.174746670 1.0000000
39:1-6:0     4.377027e-02 -0.1476927345  0.235233275 1.0000000
40:1-6:0     5.963913e-02 -0.1219582098  0.241236471 1.0000000
41:1-6:0     6.335902e-02 -0.1076874154  0.234405448 1.0000000
42:1-6:0     5.817368e-02 -0.1319921534  0.248339522 1.0000000
43:1-6:0     5.564571e-02 -0.1386041723  0.249895601 1.0000000
44:1-6:0     7.330000e-02 -0.1938830677  0.340483068 1.0000000
45:1-6:0     6.583750e-02 -0.1818478328  0.313522833 1.0000000
46:1-6:0    -2.117143e-02 -0.2810993017  0.238756445 1.0000000
47:1-6:0     1.055125e-01 -0.1421728328  0.353197833 1.0000000
48:1-6:0     1.117667e-01 -0.1417054472  0.365238781 1.0000000
49:1-6:0     5.878235e-02 -0.1836823301  0.301247036 1.0000000
50:1-6:0    -2.294146e-02 -0.2095502124  0.163667286 1.0000000
51:1-6:0     3.165000e-02 -0.2160353328  0.279335333 1.0000000
52:1-6:0     3.941200e-02 -0.1743344542  0.253158454 1.0000000
53:1-6:0     2.387500e-03 -0.2140555226  0.218830523 1.0000000
54:1-6:0     5.967632e-02 -0.1304895218  0.249842153 1.0000000
55:1-6:0     6.641875e-02 -0.1325721066  0.265409607 1.0000000
56:1-6:0     1.369000e-01 -0.0497087490  0.323508749 0.9139881
57:1-6:0     3.180278e-02 -0.1610199923  0.224625548 1.0000000
58:1-6:0     6.896875e-02 -0.1108843566  0.248821857 1.0000000
59:1-6:0     4.843538e-02 -0.1205460246  0.217416794 1.0000000
60:1-6:0     4.904434e-02 -0.1072020550  0.205290734 1.0000000
61:1-6:0     5.713134e-02 -0.0946609033  0.208923590 1.0000000
62:1-6:0     5.628252e-02 -0.1005746894  0.213139738 1.0000000
63:1-6:0     4.571392e-02 -0.1175560765  0.208983925 1.0000000
64:1-6:0     6.830000e-02 -0.1115531066  0.248153107 1.0000000
65:1-6:0     6.022273e-02 -0.1232585033  0.243703958 1.0000000
66:1-6:0     7.156471e-02 -0.1241849052  0.267314317 1.0000000
67:1-6:0     7.054615e-02 -0.1183808051  0.259473113 1.0000000
68:1-6:0     2.684878e-02 -0.1597599685  0.213457529 1.0000000
69:1-6:0     8.544200e-02 -0.0927913366  0.263675337 1.0000000
70:1-6:0     8.062364e-02 -0.0940235198  0.255270793 1.0000000
71:1-6:0     9.859762e-02 -0.0869249717  0.284120210 0.9999998
72:1-6:0     6.442000e-02 -0.1298298866  0.258669887 1.0000000
73:1-6:0     9.487778e-02 -0.0876430049  0.277398560 1.0000000
74:1-6:0     8.815581e-02 -0.0963251820  0.272636810 1.0000000
75:1-6:0     2.672444e-02 -0.1557963382  0.209245227 1.0000000
76:1-6:0     7.175873e-02 -0.0982255449  0.241743005 1.0000000
77:1-6:0     7.713846e-02 -0.0995865264  0.253863449 1.0000000
78:1-6:0     8.909167e-02 -0.0767807520  0.254964085 0.9999997
79:1-6:0     4.168667e-02 -0.1182516559  0.201624989 1.0000000
80:1-6:0     7.003197e-02 -0.0834339569  0.223497891 1.0000000
81:1-6:0     4.531081e-02 -0.1099861928  0.200607814 1.0000000
82:1-6:0     2.670000e-02 -0.1295463946  0.182946395 1.0000000
83:1-6:0     9.344118e-02 -0.0840248000  0.270907153 0.9999999
84:1-6:0     1.128289e-01 -0.0773368902  0.302994785 0.9999221
85:1-6:0     2.773913e-03 -0.1788234272  0.184371253 1.0000000
86:1-6:0     7.224375e-02 -0.1076093566  0.252096857 1.0000000
87:1-6:0     4.422157e-02 -0.1332444078  0.221687545 1.0000000
88:1-6:0     3.659149e-02 -0.1441172819  0.217300261 1.0000000
89:1-6:0     7.653878e-02 -0.1024897490  0.255567300 1.0000000
90:1-6:0     8.032759e-02 -0.0924354415  0.253090614 1.0000000
91:1-6:0     3.256027e-02 -0.1329124886  0.198033037 1.0000000
92:1-6:0     9.375745e-02 -0.0869513245  0.274466218 1.0000000
93:1-6:0     8.262093e-02 -0.1018600658  0.267101926 1.0000000
94:1-6:0     1.065400e-01 -0.0563923883  0.269472388 0.9958998
95:1-6:0     1.171935e-01 -0.0467758032  0.281162816 0.9503304
96:1-6:0     1.336688e-01 -0.0292636383  0.296601138 0.5828850
97:1-6:0     1.005286e-01 -0.0694557036  0.270512846 0.9999334
98:1-6:0     8.929344e-02 -0.0817529892  0.260339874 1.0000000
99:1-6:0     7.162619e-02 -0.0900298172  0.233282198 1.0000000
100:1-6:0   -2.672022e-03 -0.1432946894  0.137950645 1.0000000
8:0-7:0      2.180823e-02 -0.2110767672  0.254693217 1.0000000
9:0-7:0     -1.551364e-02 -0.2451413355  0.214114063 1.0000000
10:0-7:0    -1.013480e-02 -0.2224842341  0.202214642 1.0000000
11:0-7:0     6.130852e-02 -0.1928427674  0.315459813 1.0000000
12:0-7:0     9.013480e-03 -0.2033359582  0.221362917 1.0000000
13:0-7:0    -3.162010e-02 -0.2718788058  0.208638614 1.0000000
14:0-7:0    -3.693939e-02 -0.2698243862  0.195945598 1.0000000
15:0-7:0     7.542657e-03 -0.2112302819  0.226315597 1.0000000
16:0-7:0    -1.207306e-01 -0.3609893322  0.119528088 1.0000000
17:0-7:0    -2.160976e-02 -0.2381048352  0.194885307 1.0000000
18:0-7:0     3.749824e-02 -0.1711733902  0.246169871 1.0000000
19:0-7:0    -5.031702e-03 -0.2023594746  0.192296071 1.0000000
20:0-7:0    -2.648939e-02 -0.2205602209  0.167581433 1.0000000
21:0-7:0    -1.176425e-02 -0.1931161810  0.169587676 1.0000000
22:0-7:0    -2.105844e-02 -0.2151292685  0.173012385 1.0000000
23:0-7:0    -3.050776e-03 -0.1981601796  0.192058628 1.0000000
24:0-7:0    -2.573939e-02 -0.2586243862  0.207145598 1.0000000
25:0-7:0    -2.578610e-03 -0.2516448191  0.246487600 1.0000000
26:0-7:0     5.394949e-02 -0.1905078583  0.298406848 1.0000000
27:0-7:0     3.771727e-02 -0.1986989133  0.274133459 1.0000000
28:0-7:0     2.792102e-02 -0.2262302674  0.282072313 1.0000000
29:0-7:0     3.196938e-02 -0.2082893322  0.272228088 1.0000000
30:0-7:0    -3.620398e-02 -0.2903552674  0.217947313 1.0000000
31:0-7:0    -2.105534e-02 -0.2476680986  0.205557427 1.0000000
32:0-7:0    -2.516818e-02 -0.2547958809  0.204459517 1.0000000
33:0-7:0    -3.996558e-02 -0.3060620959  0.226130927 1.0000000
34:0-7:0    -5.048042e-02 -0.2692533588  0.168292520 1.0000000
35:0-7:0    -8.544037e-02 -0.2893098532  0.118429104 1.0000000
36:0-7:0     7.286537e-02 -0.1600196243  0.305750360 1.0000000
37:0-7:0     2.000909e-02 -0.2096186082  0.249636790 1.0000000
38:0-7:0    -2.699650e-03 -0.2214725896  0.216073289 1.0000000
39:0-7:0    -3.543864e-02 -0.2275589532  0.156681680 1.0000000
40:0-7:0    -9.717798e-03 -0.1854865885  0.166050993 1.0000000
41:0-7:0    -6.587695e-02 -0.2416457435  0.109891838 1.0000000
42:0-7:0    -4.672579e-02 -0.2345982632  0.141146686 1.0000000
43:0-7:0    -2.863427e-02 -0.2259620387  0.168693507 1.0000000
44:0-7:0     4.458977e-02 -0.2095615174  0.298741063 1.0000000
45:0-7:0    -2.835773e-02 -0.2647739133  0.208058459 1.0000000
46:0-7:0     2.627727e-02 -0.2748766314  0.327431177 1.0000000
47:0-7:0    -7.283182e-02 -0.3024595173  0.156795881 1.0000000
48:0-7:0    -7.441939e-02 -0.3342134791  0.185374691 1.0000000
49:0-7:0    -2.343939e-02 -0.3046747408  0.257795953 1.0000000
50:0-7:0     1.181858e-02 -0.1785033821  0.202140536 1.0000000
51:0-7:0    -4.352536e-02 -0.2837840690  0.196733351 1.0000000
52:0-7:0    -5.791347e-02 -0.2744085389  0.158581603 1.0000000
53:0-7:0    -5.361119e-02 -0.2723841281  0.165161750 1.0000000
54:0-7:0    -9.205534e-04 -0.1912425125  0.189401406 1.0000000
55:0-7:0    -3.515534e-02 -0.2254772951  0.155166623 1.0000000
56:0-7:0    -2.575398e-02 -0.2144123832  0.162904429 1.0000000
57:0-7:0    -5.788004e-02 -0.2529894479  0.137229359 1.0000000
58:0-7:0    -4.320346e-03 -0.1983911732  0.189750481 1.0000000
59:0-7:0     2.674148e-03 -0.1761187034  0.181466999 1.0000000
60:0-7:0     9.319024e-04 -0.1650084273  0.166872232 1.0000000
61:0-7:0    -3.682058e-02 -0.1982613854  0.124620217 1.0000000
62:0-7:0    -3.161194e-02 -0.1986906356  0.135466750 1.0000000
63:0-7:0    -3.306615e-02 -0.2069906320  0.140858335 1.0000000
64:0-7:0    -2.013622e-02 -0.1994111700  0.159138731 1.0000000
65:0-7:0    -1.036364e-03 -0.1931566805  0.191083953 1.0000000
66:0-7:0     1.470516e-03 -0.1982866776  0.201227710 1.0000000
67:0-7:0    -1.378864e-02 -0.2059089532  0.178331680 1.0000000
68:0-7:0    -6.052727e-03 -0.2084826475  0.196377193 1.0000000
69:0-7:0     2.868881e-04 -0.1853918008  0.185965577 1.0000000
70:0-7:0    -2.742273e-02 -0.2259369584  0.171091504 1.0000000
71:0-7:0    -6.522987e-02 -0.2531023448  0.122642605 1.0000000
72:0-7:0    -3.937898e-02 -0.2280373832  0.149279429 1.0000000
73:0-7:0    -3.738162e-02 -0.2285848857  0.153821653 1.0000000
74:0-7:0    -3.831960e-02 -0.2453032131  0.168664009 1.0000000
75:0-7:0    -1.246061e-02 -0.2178458640  0.192924652 1.0000000
76:0-7:0    -2.741838e-02 -0.2177403386  0.162903580 1.0000000
77:0-7:0    -4.031348e-03 -0.1859431890  0.177880493 1.0000000
78:0-7:0    -2.073480e-02 -0.2026466373  0.161177045 1.0000000
79:0-7:0    -2.834606e-02 -0.1981256859  0.141433565 1.0000000
80:0-7:0    -1.042073e-02 -0.1779073365  0.157065882 1.0000000
81:0-7:0    -2.500350e-02 -0.1894433073  0.139436314 1.0000000
82:0-7:0    -2.412134e-02 -0.1995023905  0.151259714 1.0000000
83:0-7:0    -5.248918e-03 -0.1845238684  0.174026033 1.0000000
84:0-7:0    -6.512846e-02 -0.2454108435  0.115153914 1.0000000
85:0-7:0     2.337243e-04 -0.2084379064  0.208905355 1.0000000
86:0-7:0    -4.392481e-02 -0.2325832166  0.144733595 1.0000000
87:0-7:0    -4.336558e-02 -0.2374364113  0.150705243 1.0000000
88:0-7:0     1.289650e-02 -0.1844312695  0.210224276 1.0000000
89:0-7:0     1.064191e-02 -0.1844674967  0.205751310 1.0000000
90:0-7:0    -2.629447e-02 -0.2166164256  0.164027493 1.0000000
91:0-7:0    -6.065952e-02 -0.2456568924  0.124337853 1.0000000
92:0-7:0     4.751973e-02 -0.1374776471  0.232517098 1.0000000
93:0-7:0     1.563098e-02 -0.1687079340  0.199969887 1.0000000
94:0-7:0     2.445369e-02 -0.1605436849  0.209451061 1.0000000
95:0-7:0     3.282030e-02 -0.1602550573  0.225895649 1.0000000
96:0-7:0     3.740015e-02 -0.1439517742  0.218752082 1.0000000
97:0-7:0     5.341818e-03 -0.1783603411  0.189043977 1.0000000
98:0-7:0    -1.564007e-02 -0.2035125489  0.172232400 1.0000000
99:0-7:0     2.623189e-02 -0.1520924536  0.204556230 1.0000000
100:0-7:0   -7.335898e-02 -0.2258929682  0.079175014 1.0000000
1:1-7:0     -8.538216e-02 -0.2393888080  0.068624486 0.9999979
2:1-7:0     -6.457094e-02 -0.2476569935  0.118515110 1.0000000
3:1-7:0     -2.025651e-02 -0.2200137046  0.179500682 1.0000000
4:1-7:0     -2.974840e-02 -0.2295055965  0.170008791 1.0000000
5:1-7:0      6.805227e-02 -0.1557611232  0.291865669 1.0000000
6:1-7:0     -3.263523e-02 -0.2564486232  0.191178169 1.0000000
7:1-7:0     -1.128811e-02 -0.2300610512  0.207484827 1.0000000
8:1-7:0     -5.677273e-02 -0.3012300805  0.187684626 1.0000000
9:1-7:0     -2.558773e-02 -0.2620039133  0.210828459 1.0000000
10:1-7:0    -1.797987e-02 -0.2840763816  0.248116641 1.0000000
11:1-7:0    -5.067657e-02 -0.2694495127  0.168096366 1.0000000
12:1-7:0    -4.276746e-02 -0.2830261743  0.197491246 1.0000000
13:1-7:0    -1.004833e-01 -0.3407419637  0.139775457 1.0000000
14:1-7:0    -7.483254e-03 -0.2477419637  0.232775457 1.0000000
15:1-7:0     3.948701e-03 -0.2621478102  0.270045213 1.0000000
16:1-7:0    -1.014442e-01 -0.3675406673  0.164652356 1.0000000
17:1-7:0    -6.494416e-02 -0.2978291481  0.167940836 1.0000000
18:1-7:0    -2.682102e-03 -0.2096657131  0.204301509 1.0000000
19:1-7:0    -5.204037e-02 -0.2559098532  0.151829104 1.0000000
20:1-7:0    -5.092925e-02 -0.2412512082  0.139392710 1.0000000
21:1-7:0     1.007273e-03 -0.1861076023  0.188122148 1.0000000
22:1-7:0    -6.239273e-02 -0.2495076023  0.124722148 1.0000000
23:1-7:0    -3.063794e-02 -0.2572507073  0.195974818 1.0000000
24:1-7:0    -9.789394e-03 -0.2202466565  0.200667869 1.0000000
25:1-7:0    -9.932567e-02 -0.3483918779  0.149740541 1.0000000
26:1-7:0    -3.184196e-02 -0.3050298894  0.241345973 1.0000000
27:1-7:0    -2.521939e-02 -0.2850134791  0.234574691 1.0000000
28:1-7:0     6.059650e-02 -0.2125914278  0.333784435 1.0000000
29:1-7:0     3.844306e-02 -0.2018156479  0.278701772 1.0000000
30:1-7:0    -1.766439e-02 -0.2988997408  0.263570953 1.0000000
31:1-7:0    -7.161162e-02 -0.3160689694  0.172845737 1.0000000
32:1-7:0    -2.265320e-03 -0.2187603908  0.214229751 1.0000000
33:1-7:0    -4.252727e-02 -0.2721549719  0.187100426 1.0000000
34:1-7:0    -4.885982e-02 -0.2575314547  0.159811807 1.0000000
35:1-7:0    -1.587898e-02 -0.2700302674  0.238272313 1.0000000
36:1-7:0    -6.887273e-02 -0.2900794198  0.152333965 1.0000000
37:1-7:0    -3.528939e-02 -0.2457466565  0.175167869 1.0000000
38:1-7:0    -9.727567e-02 -0.3011451473  0.106593810 1.0000000
39:1-7:0    -3.250246e-02 -0.2322596505  0.167254737 1.0000000
40:1-7:0    -1.663360e-02 -0.2069555560  0.173688362 1.0000000
41:1-7:0    -1.291371e-02 -0.1931960894  0.167368668 1.0000000
42:1-7:0    -1.809904e-02 -0.2166132741  0.180415188 1.0000000
43:1-7:0    -2.062701e-02 -0.2230569332  0.181802907 1.0000000
44:1-7:0    -2.972727e-03 -0.2761606586  0.270215204 1.0000000
45:1-7:0    -1.043523e-02 -0.2645865174  0.243716063 1.0000000
46:1-7:0    -9.744416e-02 -0.3635406673  0.168652356 1.0000000
47:1-7:0     2.923977e-02 -0.2249115174  0.283391063 1.0000000
48:1-7:0     3.549394e-02 -0.2243001457  0.295288025 1.0000000
49:1-7:0    -1.749037e-02 -0.2665565838  0.231575835 1.0000000
50:1-7:0    -9.921419e-02 -0.2943235943  0.095895213 1.0000000
51:1-7:0    -4.462273e-02 -0.2987740174  0.209528563 1.0000000
52:1-7:0    -3.686073e-02 -0.2580674198  0.184345965 1.0000000
53:1-7:0    -7.388523e-02 -0.2976986232  0.149928169 1.0000000
54:1-7:0    -1.659641e-02 -0.2151106426  0.181917820 1.0000000
55:1-7:0    -9.853977e-03 -0.2168375881  0.197129634 1.0000000
56:1-7:0     6.062727e-02 -0.1344821309  0.255736676 1.0000000
57:1-7:0    -4.446995e-02 -0.2455308229  0.156590924 1.0000000
58:1-7:0    -7.303977e-03 -0.1959623832  0.181354429 1.0000000
59:1-7:0    -2.783734e-02 -0.2061616843  0.150486999 1.0000000
60:1-7:0    -2.722839e-02 -0.1935347014  0.139077926 1.0000000
61:1-7:0    -1.914138e-02 -0.1812701608  0.142987393 1.0000000
62:1-7:0    -1.999020e-02 -0.1868705183  0.146890112 1.0000000
63:1-7:0    -3.055880e-02 -0.2034805984  0.142362992 1.0000000
64:1-7:0    -7.972727e-03 -0.1966311332  0.180685679 1.0000000
65:1-7:0    -1.605000e-02 -0.2081703168  0.176070317 1.0000000
66:1-7:0    -4.708021e-03 -0.2085775002  0.199161457 1.0000000
67:1-7:0    -5.726573e-03 -0.2030543464  0.191601200 1.0000000
68:1-7:0    -4.942395e-02 -0.2445333504  0.145685457 1.0000000
69:1-7:0     9.169273e-03 -0.1779456023  0.196284148 1.0000000
70:1-7:0     4.350909e-03 -0.1793512502  0.188053068 1.0000000
71:1-7:0     2.232489e-02 -0.1717459351  0.216395719 1.0000000
72:1-7:0    -1.185273e-02 -0.2142826475  0.190577193 1.0000000
73:1-7:0     1.860505e-02 -0.1725982190  0.209808320 1.0000000
74:1-7:0     1.188309e-02 -0.1811922666  0.204958440 1.0000000
75:1-7:0    -4.954828e-02 -0.2407515523  0.141654987 1.0000000
76:1-7:0    -4.513997e-03 -0.1837889478  0.174760954 1.0000000
77:1-7:0     8.657343e-04 -0.1848129547  0.186544423 1.0000000
78:1-7:0     1.281894e-02 -0.1625621128  0.188199992 1.0000000
79:1-7:0    -3.458606e-02 -0.2043656859  0.135193565 1.0000000
80:1-7:0    -6.240760e-03 -0.1699375653  0.157456045 1.0000000
81:1-7:0    -3.096192e-02 -0.1963765879  0.134452755 1.0000000
82:1-7:0    -4.957273e-02 -0.2158790410  0.116733586 1.0000000
83:1-7:0     1.716845e-02 -0.1692156353  0.203552534 1.0000000
84:1-7:0     3.655622e-02 -0.1619580110  0.235070451 1.0000000
85:1-7:0    -7.349881e-02 -0.2638207734  0.116823145 1.0000000
86:1-7:0    -4.028977e-03 -0.1926873832  0.184629429 1.0000000
87:1-7:0    -3.205116e-02 -0.2184352432  0.154332926 1.0000000
88:1-7:0    -3.968124e-02 -0.2291555480  0.149793072 1.0000000
89:1-7:0     2.660482e-04 -0.1876064265  0.188138523 1.0000000
90:1-7:0     4.054859e-03 -0.1778569821  0.185966700 1.0000000
91:1-7:0    -4.371245e-02 -0.2187155656  0.131290659 1.0000000
92:1-7:0     1.748472e-02 -0.1719895905  0.206959030 1.0000000
93:1-7:0     6.348203e-03 -0.1867271503  0.199423556 1.0000000
94:1-7:0     3.026727e-02 -0.1423357902  0.202870336 1.0000000
95:1-7:0     4.092078e-02 -0.1326614454  0.214503004 1.0000000
96:1-7:0     5.739602e-02 -0.1152070402  0.229999086 1.0000000
97:1-7:0     2.425584e-02 -0.1550191065  0.203530795 1.0000000
98:1-7:0     1.302072e-02 -0.1672616631  0.193303094 1.0000000
99:1-7:0    -4.646537e-03 -0.1760452502  0.166752177 1.0000000
100:1-7:0   -7.894475e-02 -0.2306668266  0.072777328 1.0000000
9:0-8:0     -3.732186e-02 -0.2918433648  0.217199642 1.0000000
10:0-8:0    -3.194302e-02 -0.2709923870  0.207106344 1.0000000
11:0-8:0     3.950030e-02 -0.2373483862  0.316348981 1.0000000
12:0-8:0    -1.279475e-02 -0.2518441112  0.226254620 1.0000000
13:0-8:0    -5.342832e-02 -0.3175808587  0.210724217 1.0000000
14:0-8:0    -5.874762e-02 -0.3162116653  0.198716427 1.0000000
15:0-8:0    -1.426557e-02 -0.2590387575  0.230507622 1.0000000
16:0-8:0    -1.425388e-01 -0.4066913850  0.121613691 0.9999996
17:0-8:0    -4.341799e-02 -0.2861574201  0.199321441 1.0000000
18:0-8:0     1.569002e-02 -0.2200983748  0.251478406 1.0000000
19:0-8:0    -2.683993e-02 -0.2526508332  0.198970980 1.0000000
20:0-8:0    -4.829762e-02 -0.2712680237  0.174672786 1.0000000
21:0-8:0    -3.357248e-02 -0.2455650186  0.178420063 1.0000000
22:0-8:0    -4.286667e-02 -0.2658370713  0.180103738 1.0000000
23:0-8:0    -2.485900e-02 -0.2487339547  0.199015952 1.0000000
24:0-8:0    -4.754762e-02 -0.3050116653  0.209916427 1.0000000
25:0-8:0    -2.438683e-02 -0.2965748069  0.247801137 1.0000000
26:0-8:0     3.214127e-02 -0.2358358057  0.300118345 1.0000000
27:0-8:0     1.590905e-02 -0.2447534324  0.276571528 1.0000000
28:0-8:0     6.112798e-03 -0.2707358862  0.282961481 1.0000000
29:0-8:0     1.016115e-02 -0.2539913850  0.274313691 1.0000000
30:0-8:0    -5.801220e-02 -0.3348608862  0.218836481 1.0000000
31:0-8:0    -4.286356e-02 -0.2946683658  0.208941244 1.0000000
32:0-8:0    -4.697641e-02 -0.3014979103  0.207545096 1.0000000
33:0-8:0    -6.177381e-02 -0.3496273641  0.226079745 1.0000000
34:0-8:0    -7.228864e-02 -0.3170618345  0.172484545 1.0000000
35:0-8:0    -1.072486e-01 -0.3387979028  0.124300704 1.0000000
36:0-8:0     5.105714e-02 -0.2064069034  0.308521189 1.0000000
37:0-8:0    -1.799134e-03 -0.2563206376  0.252722369 1.0000000
38:0-8:0    -2.450788e-02 -0.2692810652  0.220265314 1.0000000
39:0-8:0    -5.724686e-02 -0.2785216491  0.164027926 1.0000000
40:0-8:0    -3.152602e-02 -0.2387625623  0.175710517 1.0000000
41:0-8:0    -8.768518e-02 -0.2949217173  0.119551362 1.0000000
42:0-8:0    -6.853401e-02 -0.2861308477  0.149062821 1.0000000
43:0-8:0    -5.044249e-02 -0.2762533973  0.175368416 1.0000000
44:0-8:0     2.278155e-02 -0.2540671362  0.299630231 1.0000000
45:0-8:0    -5.016595e-02 -0.3108284324  0.210496528 1.0000000
46:0-8:0     4.469048e-03 -0.3160711050  0.325009200 1.0000000
47:0-8:0    -9.464004e-02 -0.3491615467  0.159881460 1.0000000
48:0-8:0    -9.622762e-02 -0.3782653508  0.185810113 1.0000000
49:0-8:0    -4.524762e-02 -0.3471509741  0.256655736 1.0000000
50:0-8:0    -9.989648e-03 -0.2297048355  0.209725539 1.0000000
51:0-8:0    -6.533358e-02 -0.3294861219  0.198818954 1.0000000
52:0-8:0    -7.972169e-02 -0.3224611238  0.163017738 1.0000000
53:0-8:0    -7.541941e-02 -0.3201926037  0.169353776 1.0000000
54:0-8:0    -2.272878e-02 -0.2424439660  0.196986409 1.0000000
55:0-8:0    -5.696356e-02 -0.2766787486  0.162751626 1.0000000
56:0-8:0    -4.756220e-02 -0.2658379674  0.170713563 1.0000000
57:0-8:0    -7.968827e-02 -0.3035632230  0.144186684 1.0000000
58:0-8:0    -2.612857e-02 -0.2490989760  0.196841833 1.0000000
59:0-8:0    -1.913408e-02 -0.2289416061  0.190673451 1.0000000
60:0-8:0    -2.087632e-02 -0.2198449345  0.178092289 1.0000000
61:0-8:0    -5.862881e-02 -0.2538605889  0.136602970 1.0000000
62:0-8:0    -5.342017e-02 -0.2533391642  0.146498828 1.0000000
63:0-8:0    -5.487437e-02 -0.2605489744  0.150800228 1.0000000
64:0-8:0    -4.194444e-02 -0.2521629579  0.168274069 1.0000000
65:0-8:0    -2.284459e-02 -0.2441193763  0.198430199 1.0000000
66:0-8:0    -2.033771e-02 -0.2482746562  0.207599238 1.0000000
67:0-8:0    -3.559686e-02 -0.2568716491  0.185677926 1.0000000
68:0-8:0    -2.786095e-02 -0.2581437961  0.202421891 1.0000000
69:0-8:0    -2.152134e-02 -0.2372269025  0.194184229 1.0000000
70:0-8:0    -4.923095e-02 -0.2760793939  0.177617489 1.0000000
71:0-8:0    -8.703810e-02 -0.3046349294  0.130558739 1.0000000
72:0-8:0    -6.118720e-02 -0.2794629674  0.157088563 1.0000000
73:0-8:0    -5.918984e-02 -0.2796688783  0.161289196 1.0000000
74:0-8:0    -6.012783e-02 -0.2944236460  0.174167991 1.0000000
75:0-8:0    -3.426883e-02 -0.2671538235  0.198616161 1.0000000
76:0-8:0    -4.922660e-02 -0.2689417920  0.170488583 1.0000000
77:0-8:0    -2.583957e-02 -0.2383112968  0.186632151 1.0000000
78:0-8:0    -4.254302e-02 -0.2550147451  0.169928702 1.0000000
79:0-8:0    -5.015429e-02 -0.2523359779  0.152027406 1.0000000
80:0-8:0    -3.222895e-02 -0.2324889827  0.168031078 1.0000000
81:0-8:0    -4.681172e-02 -0.2445306303  0.150907187 1.0000000
82:0-8:0    -4.592956e-02 -0.2528373423  0.160978215 1.0000000
83:0-8:0    -2.705714e-02 -0.2372756563  0.183161371 1.0000000
84:0-8:0    -8.693669e-02 -0.2980149966  0.124141616 1.0000000
85:0-8:0    -2.157450e-02 -0.2573628909  0.214213889 1.0000000
86:0-8:0    -6.573304e-02 -0.2840088008  0.152542729 1.0000000
87:0-8:0    -6.517381e-02 -0.2881442141  0.157796595 1.0000000
88:0-8:0    -8.911722e-03 -0.2347226281  0.216899185 1.0000000
89:0-8:0    -1.116632e-02 -0.2350412718  0.212708635 1.0000000
90:0-8:0    -4.810269e-02 -0.2678178790  0.171612496 1.0000000
91:0-8:0    -8.246774e-02 -0.2975871149  0.132651625 1.0000000
92:0-8:0     2.571150e-02 -0.1894078696  0.240830871 1.0000000
93:0-8:0    -6.177249e-03 -0.2207306206  0.208376123 1.0000000
94:0-8:0     2.645463e-03 -0.2124739074  0.217764833 1.0000000
95:0-8:0     1.101207e-02 -0.2110924260  0.233116568 1.0000000
96:0-8:0     1.559193e-02 -0.1964006119  0.227584470 1.0000000
97:0-8:0    -1.646641e-02 -0.2304729461  0.197540132 1.0000000
98:0-8:0    -3.744830e-02 -0.2550451335  0.180148535 1.0000000
99:0-8:0     4.423663e-03 -0.2049847569  0.213832083 1.0000000
100:0-8:0   -9.516720e-02 -0.2831005253  0.092766121 1.0000000
1:1-8:0     -1.071904e-01 -0.2963209305  0.081940158 0.9999926
2:1-8:0     -8.637917e-02 -0.2998570763  0.127098743 1.0000000
3:1-8:0     -4.206474e-02 -0.2700016832  0.185872211 1.0000000
4:1-8:0     -5.155663e-02 -0.2794935751  0.176380319 1.0000000
5:1-8:0      4.624405e-02 -0.2030444432  0.295532538 1.0000000
6:1-8:0     -5.444345e-02 -0.3037319432  0.194845038 1.0000000
7:1-8:0     -3.309634e-02 -0.2778695268  0.211676853 1.0000000
8:1-8:0     -7.858095e-02 -0.3465580280  0.189396123 1.0000000
9:1-8:0     -4.739595e-02 -0.3080584324  0.213266528 1.0000000
10:1-8:0    -3.978810e-02 -0.3276416498  0.248065459 1.0000000
11:1-8:0    -7.248480e-02 -0.3172579883  0.172288391 1.0000000
12:1-8:0    -6.457569e-02 -0.3287282271  0.199576849 1.0000000
13:1-8:0    -1.222915e-01 -0.3864440166  0.141861059 1.0000000
14:1-8:0    -2.929148e-02 -0.2934440166  0.234861059 1.0000000
15:1-8:0    -1.785952e-02 -0.3057130784  0.269994031 1.0000000
16:1-8:0    -1.232524e-01 -0.4111059355  0.164601174 1.0000000
17:1-8:0    -8.675238e-02 -0.3442164272  0.170711665 1.0000000
18:1-8:0    -2.449033e-02 -0.2587861460  0.209805491 1.0000000
19:1-8:0    -7.384860e-02 -0.3053979028  0.157700704 1.0000000
20:1-8:0    -7.273747e-02 -0.2924526616  0.146977713 1.0000000
21:1-8:0    -2.080095e-02 -0.2377440139  0.196142109 1.0000000
22:1-8:0    -8.420095e-02 -0.3011440139  0.132742109 1.0000000
23:1-8:0    -5.244617e-02 -0.3042509745  0.199358635 1.0000000
24:1-8:0    -3.159762e-02 -0.2689677411  0.205772503 1.0000000
25:1-8:0    -1.211339e-01 -0.3933218657  0.151054079 1.0000000
26:1-8:0    -5.365018e-02 -0.3480715840  0.240771218 1.0000000
27:1-8:0    -4.702762e-02 -0.3290653508  0.235010113 1.0000000
28:1-8:0     3.878828e-02 -0.2556331225  0.333209679 1.0000000
29:1-8:0     1.663484e-02 -0.2475177008  0.280787375 1.0000000
30:1-8:0    -3.947262e-02 -0.3413759741  0.262430736 1.0000000
31:1-8:0    -9.341984e-02 -0.3613969169  0.174557234 1.0000000
32:1-8:0    -2.407354e-02 -0.2668129757  0.218665886 1.0000000
33:1-8:0    -6.433550e-02 -0.3188570012  0.190186006 1.0000000
34:1-8:0    -7.066805e-02 -0.3064564393  0.165120341 1.0000000
35:1-8:0    -3.768720e-02 -0.3145358862  0.239161481 1.0000000
36:1-8:0    -9.068095e-02 -0.3376317902  0.156269885 1.0000000
37:1-8:0    -5.709762e-02 -0.2944677411  0.180272503 1.0000000
38:1-8:0    -1.190839e-01 -0.3506331969  0.112465410 1.0000000
39:1-8:0    -5.431068e-02 -0.2822476292  0.173626265 1.0000000
40:1-8:0    -3.844182e-02 -0.2581570094  0.181273366 1.0000000
41:1-8:0    -3.472194e-02 -0.2458002425  0.176356371 1.0000000
42:1-8:0    -3.990727e-02 -0.2667557097  0.186941173 1.0000000
43:1-8:0    -4.243524e-02 -0.2727180818  0.187847606 1.0000000
44:1-8:0    -2.478095e-02 -0.3192023533  0.269640449 1.0000000
45:1-8:0    -3.224345e-02 -0.3090921362  0.244605231 1.0000000
46:1-8:0    -1.192524e-01 -0.4071059355  0.168601174 1.0000000
47:1-8:0     7.431548e-03 -0.2694171362  0.284280231 1.0000000
48:1-8:0     1.368571e-02 -0.2683520175  0.295723446 1.0000000
49:1-8:0    -3.929860e-02 -0.3114865716  0.232889373 1.0000000
50:1-8:0    -1.210224e-01 -0.3448973694  0.102852538 0.9999995
51:1-8:0    -6.643095e-02 -0.3432796362  0.210417731 1.0000000
52:1-8:0    -5.866895e-02 -0.3056197902  0.188281885 1.0000000
53:1-8:0    -9.569345e-02 -0.3449819432  0.153595038 1.0000000
54:1-8:0    -3.840464e-02 -0.2652530781  0.188443805 1.0000000
55:1-8:0    -3.166220e-02 -0.2659580210  0.202633616 1.0000000
56:1-8:0     3.881905e-02 -0.1850559060  0.262694001 1.0000000
57:1-8:0    -6.627817e-02 -0.2953584887  0.162802139 1.0000000
58:1-8:0    -2.911220e-02 -0.2473879674  0.189163563 1.0000000
59:1-8:0    -4.964557e-02 -0.2590539876  0.159762852 1.0000000
60:1-8:0    -4.903661e-02 -0.2483105585  0.150237333 1.0000000
61:1-8:0    -4.094961e-02 -0.2367506708  0.154851453 1.0000000
62:1-8:0    -4.179843e-02 -0.2415516637  0.157954807 1.0000000
63:1-8:0    -5.236703e-02 -0.2571944257  0.152460369 1.0000000
64:1-8:0    -2.978095e-02 -0.2480567174  0.188494813 1.0000000
65:1-8:0    -3.785823e-02 -0.2591330127  0.183416562 1.0000000
66:1-8:0    -2.651625e-02 -0.2580655498  0.205033057 1.0000000
67:1-8:0    -2.753480e-02 -0.2533457050  0.198276108 1.0000000
68:1-8:0    -7.123217e-02 -0.2951071255  0.152642782 1.0000000
69:1-8:0    -1.263895e-02 -0.2295820139  0.204304109 1.0000000
70:1-8:0    -1.745732e-02 -0.2314638552  0.196549223 1.0000000
71:1-8:0     5.166667e-04 -0.2224537380  0.223487071 1.0000000
72:1-8:0    -3.366095e-02 -0.2639437961  0.196621891 1.0000000
73:1-8:0    -3.203175e-03 -0.2236822116  0.217275862 1.0000000
74:1-8:0    -9.925138e-03 -0.2320296353  0.212179358 1.0000000
75:1-8:0    -7.135651e-02 -0.2918355449  0.149122529 1.0000000
76:1-8:0    -2.632222e-02 -0.2365407357  0.183896291 1.0000000
77:1-8:0    -2.094249e-02 -0.2366480564  0.194763075 1.0000000
78:1-8:0    -8.989286e-03 -0.2158970645  0.197918493 1.0000000
79:1-8:0    -5.639429e-02 -0.2585759779  0.145787406 1.0000000
80:1-8:0    -2.804899e-02 -0.2251503792  0.169052409 1.0000000
81:1-8:0    -5.277014e-02 -0.2513005649  0.145760282 1.0000000
82:1-8:0    -7.138095e-02 -0.2706548982  0.127892993 1.0000000
83:1-8:0    -4.639776e-03 -0.2209528417  0.211673290 1.0000000
84:1-8:0     1.474799e-02 -0.2121004465  0.241596437 1.0000000
85:1-8:0    -9.530704e-02 -0.3150222268  0.124408148 1.0000000
86:1-8:0    -2.583720e-02 -0.2441129674  0.192438563 1.0000000
87:1-8:0    -5.385938e-02 -0.2701724495  0.162453682 1.0000000
88:1-8:0    -6.148946e-02 -0.2804708085  0.157491882 1.0000000
89:1-8:0    -2.154218e-02 -0.2391390110  0.196054657 1.0000000
90:1-8:0    -1.775337e-02 -0.2302250899  0.194718358 1.0000000
91:1-8:0    -6.552068e-02 -0.2721082017  0.141066845 1.0000000
92:1-8:0    -4.323506e-03 -0.2233048510  0.214657840 1.0000000
93:1-8:0    -1.546002e-02 -0.2375645190  0.206644475 1.0000000
94:1-8:0     8.459048e-03 -0.1960993372  0.213017432 1.0000000
95:1-8:0     1.911255e-02 -0.1862727038  0.224497812 1.0000000
96:1-8:0     3.558780e-02 -0.1689705872  0.240146182 1.0000000
97:1-8:0     2.447619e-03 -0.2077708944  0.212666133 1.0000000
98:1-8:0    -8.787510e-03 -0.2198658162  0.202290797 1.0000000
99:1-8:0    -2.645476e-02 -0.2299979623  0.177088439 1.0000000
100:1-8:0   -1.007530e-01 -0.2880279173  0.086521968 0.9999997
10:0-9:0     5.378840e-03 -0.2304983733  0.241256054 1.0000000
11:0-9:0     7.682216e-02 -0.1972921497  0.350936468 1.0000000
12:0-9:0     2.452712e-02 -0.2113500974  0.260404329 1.0000000
13:0-9:0    -1.610646e-02 -0.2773917897  0.245178871 1.0000000
14:0-9:0    -2.142576e-02 -0.2759472609  0.233095746 1.0000000
15:0-9:0     2.305629e-02 -0.2186198843  0.264732472 1.0000000
16:0-9:0    -1.052170e-01 -0.3665023160  0.156068345 1.0000000
17:0-9:0    -6.096128e-03 -0.2457122622  0.233520006 1.0000000
18:0-9:0     5.301188e-02 -0.1795598874  0.285583641 1.0000000
19:0-9:0     1.048193e-02 -0.2119681182  0.232931988 1.0000000
20:0-9:0    -1.097576e-02 -0.2305418340  0.208590319 1.0000000
21:0-9:0     3.749384e-03 -0.2046595843  0.212158352 1.0000000
22:0-9:0    -5.544805e-03 -0.2251108816  0.214021271 1.0000000
23:0-9:0     1.246286e-02 -0.2080217319  0.232947453 1.0000000
24:0-9:0    -1.022576e-02 -0.2647472609  0.244295746 1.0000000
25:0-9:0     1.293503e-02 -0.2564712701  0.282341324 1.0000000
26:0-9:0     6.946313e-02 -0.1956880965  0.334614359 1.0000000
27:0-9:0     5.323091e-02 -0.2045255439  0.310987362 1.0000000
28:0-9:0     4.343466e-02 -0.2306796497  0.317548968 1.0000000
29:0-9:0     4.748301e-02 -0.2138023160  0.308768345 1.0000000
30:0-9:0    -2.069034e-02 -0.2948046497  0.253423968 1.0000000
31:0-9:0    -5.541700e-03 -0.2543370377  0.243253638 1.0000000
32:0-9:0    -9.654545e-03 -0.2611990867  0.241889996 1.0000000
33:0-9:0    -2.445195e-02 -0.3096766480  0.260772752 1.0000000
34:0-9:0    -3.496678e-02 -0.2766429612  0.206709395 1.0000000
35:0-9:0    -6.992674e-02 -0.2981996896  0.158346214 1.0000000
36:0-9:0     8.837900e-02 -0.1661424990  0.342900508 1.0000000
37:0-9:0     3.552273e-02 -0.2160218140  0.287067269 1.0000000
38:0-9:0     1.281399e-02 -0.2288621920  0.254490164 1.0000000
39:0-9:0    -1.992500e-02 -0.2377689629  0.197918963 1.0000000
40:0-9:0     5.795839e-03 -0.1977734220  0.209365099 1.0000000
41:0-9:0    -5.036332e-02 -0.2539325769  0.153205944 1.0000000
42:0-9:0    -3.121215e-02 -0.2453192347  0.182894930 1.0000000
43:0-9:0    -1.312063e-02 -0.2355706823  0.209329424 1.0000000
44:0-9:0     6.010341e-02 -0.2140108997  0.334217718 1.0000000
45:0-9:0    -1.284409e-02 -0.2706005439  0.244912362 1.0000000
46:0-9:0     4.179091e-02 -0.2763905643  0.359972382 1.0000000
47:0-9:0    -5.731818e-02 -0.3088627231  0.194226359 1.0000000
48:0-9:0    -5.890576e-02 -0.3382599104  0.220448395 1.0000000
49:0-9:0    -7.925758e-03 -0.3073236473  0.291472132 1.0000000
50:0-9:0     2.733221e-02 -0.1889274087  0.243591836 1.0000000
51:0-9:0    -2.801172e-02 -0.2892970528  0.233273608 1.0000000
52:0-9:0    -4.239983e-02 -0.2820159659  0.197216303 1.0000000
53:0-9:0    -3.809755e-02 -0.2797737304  0.203578626 1.0000000
54:0-9:0     1.459308e-02 -0.2016665392  0.230852705 1.0000000
55:0-9:0    -1.964170e-02 -0.2359013218  0.196617923 1.0000000
56:0-9:0    -1.024034e-02 -0.2250373851  0.204556703 1.0000000
57:0-9:0    -4.236641e-02 -0.2628510002  0.178118184 1.0000000
58:0-9:0     1.119329e-02 -0.2083727863  0.230759366 1.0000000
59:0-9:0     1.818778e-02 -0.1879981991  0.224373767 1.0000000
60:0-9:0     1.644554e-02 -0.1787004811  0.211591559 1.0000000
61:0-9:0    -2.130695e-02 -0.2126414934  0.170027597 1.0000000
62:0-9:0    -1.609831e-02 -0.2122132361  0.180016623 1.0000000
63:0-9:0    -1.755251e-02 -0.2195314763  0.184426452 1.0000000
64:0-9:0    -4.622583e-03 -0.2112267552  0.201981589 1.0000000
65:0-9:0     1.447727e-02 -0.2033666902  0.232321236 1.0000000
66:0-9:0     1.698415e-02 -0.2076237558  0.241592061 1.0000000
67:0-9:0     1.725000e-03 -0.2161189629  0.219568963 1.0000000
68:0-9:0     9.460909e-03 -0.2175273035  0.236449122 1.0000000
69:0-9:0     1.580052e-02 -0.1963841865  0.227985235 1.0000000
70:0-9:0    -1.190909e-02 -0.2354122810  0.211594099 1.0000000
71:0-9:0    -4.971623e-02 -0.2638233163  0.164390849 1.0000000
72:0-9:0    -2.386534e-02 -0.2386623851  0.190931703 1.0000000
73:0-9:0    -2.186798e-02 -0.2389036135  0.195167654 1.0000000
74:0-9:0    -2.280597e-02 -0.2538643810  0.208252449 1.0000000
75:0-9:0     3.053030e-03 -0.2265746688  0.232680729 1.0000000
76:0-9:0    -1.190474e-02 -0.2281643653  0.204354879 1.0000000
77:0-9:0     1.148229e-02 -0.1974140829  0.220378660 1.0000000
78:0-9:0    -5.221160e-03 -0.2141175312  0.203675211 1.0000000
79:0-9:0    -1.283242e-02 -0.2112534343  0.185588586 1.0000000
80:0-9:0     5.092909e-03 -0.1913696581  0.201555476 1.0000000
81:0-9:0    -9.489860e-03 -0.2033615379  0.184381818 1.0000000
82:0-9:0    -8.607702e-03 -0.2118422697  0.194626866 1.0000000
83:0-9:0     1.026472e-02 -0.1963394536  0.216868891 1.0000000
84:0-9:0    -4.961483e-02 -0.2570937722  0.157864115 1.0000000
85:0-9:0     1.574736e-02 -0.2168244035  0.248319125 1.0000000
86:0-9:0    -2.841117e-02 -0.2432082184  0.186385870 1.0000000
87:0-9:0    -2.785195e-02 -0.2474180244  0.191714128 1.0000000
88:0-9:0     2.841014e-02 -0.1940399130  0.250860193 1.0000000
89:0-9:0     2.615554e-02 -0.1943290490  0.246640135 1.0000000
90:0-9:0    -1.078083e-02 -0.2270404522  0.205478792 1.0000000
91:0-9:0    -4.514588e-02 -0.2567346448  0.166442878 1.0000000
92:0-9:0     6.303336e-02 -0.1485553995  0.274622123 1.0000000
93:0-9:0     3.114461e-02 -0.1798686805  0.242157906 1.0000000
94:0-9:0     3.996732e-02 -0.1716214372  0.251556086 1.0000000
95:0-9:0     4.833393e-02 -0.1703527570  0.267020622 1.0000000
96:0-9:0     5.291379e-02 -0.1554951775  0.261322758 1.0000000
97:0-9:0     2.085545e-02 -0.1896018080  0.231312717 1.0000000
98:0-9:0    -1.264378e-04 -0.2142335204  0.213980645 1.0000000
99:0-9:0     4.174552e-02 -0.1640343260  0.247525375 1.0000000
100:0-9:0   -5.784534e-02 -0.2417268093  0.126036128 1.0000000
1:1-9:0     -6.986852e-02 -0.2549734229  0.115236373 1.0000000
2:1-9:0     -4.905731e-02 -0.2589770005  0.160862390 1.0000000
3:1-9:0     -4.742875e-03 -0.2293507829  0.219865033 1.0000000
4:1-9:0     -1.423477e-02 -0.2388426748  0.210373142 1.0000000
5:1-9:0      8.356591e-02 -0.1626823645  0.329814183 1.0000000
6:1-9:0     -1.712159e-02 -0.2633698645  0.229126683 1.0000000
7:1-9:0      4.225524e-03 -0.2374506535  0.245901702 1.0000000
8:1-9:0     -4.125909e-02 -0.3064103187  0.223892137 1.0000000
9:1-9:0     -1.007409e-02 -0.2678305439  0.247682362 1.0000000
10:1-9:0    -2.466234e-03 -0.2876909337  0.282758466 1.0000000
11:1-9:0    -3.516294e-02 -0.2768391150  0.206513241 1.0000000
12:1-9:0    -2.725383e-02 -0.2885391581  0.234031503 1.0000000
13:1-9:0    -8.496962e-02 -0.3462549476  0.176315713 1.0000000
14:1-9:0     8.030383e-03 -0.2532549476  0.269315713 1.0000000
15:1-9:0     1.946234e-02 -0.2657623623  0.304687038 1.0000000
16:1-9:0    -8.593052e-02 -0.3711552194  0.199294180 1.0000000
17:1-9:0    -4.943052e-02 -0.3039520229  0.205090984 1.0000000
18:1-9:0     1.283153e-02 -0.2182268810  0.243889949 1.0000000
19:1-9:0    -3.652674e-02 -0.2647996896  0.191746214 1.0000000
20:1-9:0    -3.541561e-02 -0.2516752348  0.180844010 1.0000000
21:1-9:0     1.652091e-02 -0.1969217120  0.229963530 1.0000000
22:1-9:0    -4.687909e-02 -0.2603217120  0.166563530 1.0000000
23:1-9:0    -1.512431e-02 -0.2639196464  0.233671030 1.0000000
24:1-9:0     5.724242e-03 -0.2284509813  0.239899466 1.0000000
25:1-9:0    -8.381203e-02 -0.3532183289  0.185594265 1.0000000
26:1-9:0    -1.632832e-02 -0.3081800338  0.275523390 1.0000000
27:1-9:0    -9.705758e-03 -0.2890599104  0.269648395 1.0000000
28:1-9:0     7.611014e-02 -0.2157415723  0.367961852 1.0000000
29:1-9:0     5.395670e-02 -0.2073286318  0.315242029 1.0000000
30:1-9:0    -2.150758e-03 -0.3015486473  0.297247132 1.0000000
31:1-9:0    -5.609798e-02 -0.3212492076  0.209053248 1.0000000
32:1-9:0     1.324832e-02 -0.2263678177  0.252864451 1.0000000
33:1-9:0    -2.701364e-02 -0.2785581776  0.224530905 1.0000000
34:1-9:0    -3.334619e-02 -0.2659179519  0.199225577 1.0000000
35:1-9:0    -3.653409e-04 -0.2744796497  0.273748968 1.0000000
36:1-9:0    -5.335909e-02 -0.2972405721  0.190522390 1.0000000
37:1-9:0    -1.977576e-02 -0.2539509813  0.214399466 1.0000000
38:1-9:0    -8.176203e-02 -0.3100349837  0.146510920 1.0000000
39:1-9:0    -1.698882e-02 -0.2415967288  0.207619088 1.0000000
40:1-9:0    -1.119960e-03 -0.2173795826  0.215139662 1.0000000
41:1-9:0     2.599925e-03 -0.2048790181  0.210078869 1.0000000
42:1-9:0    -2.585407e-03 -0.2260885968  0.220917783 1.0000000
43:1-9:0    -5.113377e-03 -0.2321015892  0.221874836 1.0000000
44:1-9:0     1.254091e-02 -0.2793108030  0.304392621 1.0000000
45:1-9:0     5.078409e-03 -0.2690358997  0.279192718 1.0000000
46:1-9:0    -8.193052e-02 -0.3671552194  0.203294180 1.0000000
47:1-9:0     4.475341e-02 -0.2293608997  0.318867718 1.0000000
48:1-9:0     5.100758e-02 -0.2283465771  0.330361729 1.0000000
49:1-9:0    -1.976738e-03 -0.2713830348  0.267429559 1.0000000
50:1-9:0    -8.370055e-02 -0.3041851465  0.136784038 1.0000000
51:1-9:0    -2.910909e-02 -0.3032233997  0.245005218 1.0000000
52:1-9:0    -2.134709e-02 -0.2652285721  0.222534390 1.0000000
53:1-9:0    -5.837159e-02 -0.3046198645  0.187876683 1.0000000
54:1-9:0    -1.082775e-03 -0.2245859652  0.222420415 1.0000000
55:1-9:0     5.659659e-03 -0.2253987560  0.236718074 1.0000000
56:1-9:0     7.614091e-02 -0.1443436831  0.296625501 1.0000000
57:1-9:0    -2.895631e-02 -0.2547244483  0.196811822 1.0000000
58:1-9:0     8.209659e-03 -0.2065873851  0.223006703 1.0000000
59:1-9:0    -1.232371e-02 -0.2181035568  0.193456144 1.0000000
60:1-9:0    -1.171475e-02 -0.2071720766  0.183742574 1.0000000
61:1-9:0    -3.627748e-03 -0.1955431361  0.188287641 1.0000000
62:1-9:0    -4.476567e-03 -0.2004225176  0.191469384 1.0000000
63:1-9:0    -1.504517e-02 -0.2161613604  0.186071027 1.0000000
64:1-9:0     7.540909e-03 -0.2072561351  0.222337953 1.0000000
65:1-9:0    -5.363636e-04 -0.2183803266  0.217307599 1.0000000
66:1-9:0     1.080561e-02 -0.2174673366  0.239078567 1.0000000
67:1-9:0     9.787063e-03 -0.2126629900  0.232237116 1.0000000
68:1-9:0    -3.391031e-02 -0.2543949026  0.186574282 1.0000000
69:1-9:0     2.468291e-02 -0.1887597120  0.238125530 1.0000000
70:1-9:0     1.986455e-02 -0.1905927171  0.230321808 1.0000000
71:1-9:0     3.783853e-02 -0.1817275483  0.257404605 1.0000000
72:1-9:0     3.660909e-03 -0.2233273035  0.230649122 1.0000000
73:1-9:0     3.411869e-02 -0.1829169469  0.251154321 1.0000000
74:1-9:0     2.739672e-02 -0.1912899663  0.246083412 1.0000000
75:1-9:0    -3.403465e-02 -0.2510702802  0.183000987 1.0000000
76:1-9:0     1.099964e-02 -0.1956045330  0.217603811 1.0000000
77:1-9:0     1.637937e-02 -0.1958053403  0.228564082 1.0000000
78:1-9:0     2.833258e-02 -0.1749019919  0.231567143 1.0000000
79:1-9:0    -1.907242e-02 -0.2174934343  0.179348586 1.0000000
80:1-9:0     9.272876e-03 -0.1839689931  0.202514746 1.0000000
81:1-9:0    -1.544828e-02 -0.2101475085  0.179250948 1.0000000
82:1-9:0    -3.405909e-02 -0.2295164163  0.161398234 1.0000000
83:1-9:0     3.268209e-02 -0.1801201771  0.245484348 1.0000000
84:1-9:0     5.206986e-02 -0.1714333336  0.275573047 1.0000000
85:1-9:0    -5.798518e-02 -0.2742448000  0.158274444 1.0000000
86:1-9:0     1.148466e-02 -0.2033123851  0.226281703 1.0000000
87:1-9:0    -1.653752e-02 -0.2293397850  0.196264740 1.0000000
88:1-9:0    -2.416760e-02 -0.2396816155  0.191346412 1.0000000
89:1-9:0     1.577968e-02 -0.1983273979  0.229886767 1.0000000
90:1-9:0     1.956850e-02 -0.1893278761  0.228464867 1.0000000
91:1-9:0    -2.819882e-02 -0.2311073317  0.174709698 1.0000000
92:1-9:0     3.299836e-02 -0.1825156581  0.248512370 1.0000000
93:1-9:0     2.186184e-02 -0.1968248500  0.240548529 1.0000000
94:1-9:0     4.578091e-02 -0.1550613010  0.246623119 1.0000000
95:1-9:0     5.643442e-02 -0.1452499039  0.258118735 1.0000000
96:1-9:0     7.290966e-02 -0.1279325510  0.273751869 1.0000000
97:1-9:0     3.976948e-02 -0.1668346917  0.246373653 1.0000000
98:1-9:0     2.853435e-02 -0.1789445919  0.236013295 1.0000000
99:1-9:0     1.086710e-02 -0.1889410459  0.210675245 1.0000000
100:1-9:0   -6.343111e-02 -0.2466396411  0.119777415 1.0000000
11:0-10:0    7.144332e-02 -0.1883682625  0.331254900 1.0000000
12:0-10:0    1.914828e-02 -0.1999440868  0.238240638 1.0000000
13:0-10:0   -2.148530e-02 -0.2677238574  0.224753258 1.0000000
14:0-10:0   -2.680460e-02 -0.2658539634  0.212244768 1.0000000
15:0-10:0    1.767745e-02 -0.2076462659  0.243001173 1.0000000
16:0-10:0   -1.105958e-01 -0.3568343837  0.135642732 1.0000000
17:0-10:0   -1.147497e-02 -0.2345877094  0.211637773 1.0000000
18:0-10:0    4.763304e-02 -0.1678966110  0.263162684 1.0000000
19:0-10:0    5.103095e-03 -0.1994633484  0.209669538 1.0000000
20:0-10:0   -1.635460e-02 -0.2177811735  0.185071978 1.0000000
21:0-10:0   -1.629456e-03 -0.1908322616  0.187573349 1.0000000
22:0-10:0   -1.092365e-02 -0.2123502212  0.190502931 1.0000000
23:0-10:0    7.084020e-03 -0.1953433963  0.209511437 1.0000000
24:0-10:0   -1.560460e-02 -0.2546539634  0.223444768 1.0000000
25:0-10:0    7.556187e-03 -0.2472832850  0.262395658 1.0000000
26:0-10:0    6.408429e-02 -0.1862526361  0.314421218 1.0000000
27:0-10:0    4.785207e-02 -0.1946387404  0.290342878 1.0000000
28:0-10:0    3.805582e-02 -0.2217557625  0.297867400 1.0000000
29:0-10:0    4.210417e-02 -0.2041343837  0.288342732 1.0000000
30:0-10:0   -2.606918e-02 -0.2858807625  0.233742400 1.0000000
31:0-10:0   -1.092054e-02 -0.2438637169  0.222022637 1.0000000
32:0-10:0   -1.503339e-02 -0.2509105990  0.220843828 1.0000000
33:0-10:0   -2.983079e-02 -0.3013386758  0.241677099 1.0000000
34:0-10:0   -4.034562e-02 -0.2656693428  0.184978096 1.0000000
35:0-10:0   -7.530558e-02 -0.2861892996  0.135578143 1.0000000
36:0-10:0    8.300016e-02 -0.1560492015  0.322049530 1.0000000
37:0-10:0    3.014389e-02 -0.2057333263  0.266021101 1.0000000
38:0-10:0    7.435146e-03 -0.2178885736  0.232758865 1.0000000
39:0-10:0   -2.530384e-02 -0.2248518187  0.174244138 1.0000000
40:0-10:0    4.169985e-04 -0.1834412279  0.184275225 1.0000000
41:0-10:0   -5.574216e-02 -0.2396003828  0.128116070 1.0000000
42:0-10:0   -3.659099e-02 -0.2320526160  0.158870631 1.0000000
43:0-10:0   -1.849947e-02 -0.2230659125  0.186066973 1.0000000
44:0-10:0    5.472457e-02 -0.2050870125  0.314536150 1.0000000
45:0-10:0   -1.822293e-02 -0.2607137404  0.224267878 1.0000000
46:0-10:0    3.641207e-02 -0.2695337654  0.342357903 1.0000000
47:0-10:0   -6.269702e-02 -0.2985742353  0.173180191 1.0000000
48:0-10:0   -6.428460e-02 -0.3296186254  0.201049430 1.0000000
49:0-10:0   -1.330460e-02 -0.2996653840  0.273056189 1.0000000
50:0-10:0    2.195337e-02 -0.1758637840  0.219770531 1.0000000
51:0-10:0   -3.339056e-02 -0.2796291205  0.212847995 1.0000000
52:0-10:0   -4.777867e-02 -0.2708914131  0.175334070 1.0000000
53:0-10:0   -4.347639e-02 -0.2688001120  0.181847327 1.0000000
54:0-10:0    9.214243e-03 -0.1886029145  0.207031400 1.0000000
55:0-10:0   -2.502054e-02 -0.2228376971  0.172796618 1.0000000
56:0-10:0   -1.561918e-02 -0.2118363407  0.180597979 1.0000000
57:0-10:0   -4.774525e-02 -0.2501726646  0.154682168 1.0000000
58:0-10:0    5.814450e-03 -0.1956121259  0.207241026 1.0000000
59:0-10:0    1.280894e-02 -0.1739423966  0.199560285 1.0000000
60:0-10:0    1.106670e-02 -0.1634193255  0.185552723 1.0000000
61:0-10:0   -2.668579e-02 -0.1968983371  0.143526761 1.0000000
62:0-10:0   -2.147715e-02 -0.1970461335  0.154091840 1.0000000
63:0-10:0   -2.293135e-02 -0.2050272214  0.159164517 1.0000000
64:0-10:0   -1.000142e-02 -0.1972143701  0.177211524 1.0000000
65:0-10:0    9.098433e-03 -0.1904495459  0.208646411 1.0000000
66:0-10:0    1.160531e-02 -0.1953055767  0.218516201 1.0000000
67:0-10:0   -3.653840e-03 -0.2032018187  0.195894138 1.0000000
68:0-10:0    4.082069e-03 -0.2054102989  0.213574437 1.0000000
69:0-10:0    1.042168e-02 -0.1829322789  0.203775648 1.0000000
70:0-10:0   -1.728793e-02 -0.2229990866  0.188423225 1.0000000
71:0-10:0   -5.509507e-02 -0.2505566976  0.140366550 1.0000000
72:0-10:0   -2.924418e-02 -0.2254613407  0.166972979 1.0000000
73:0-10:0   -2.724682e-02 -0.2259120405  0.171418401 1.0000000
74:0-10:0   -2.818481e-02 -0.2420805628  0.185710951 1.0000000
75:0-10:0   -2.325810e-03 -0.2146752477  0.210023628 1.0000000
76:0-10:0   -1.728358e-02 -0.2151007405  0.180533574 1.0000000
77:0-10:0    6.103448e-03 -0.1836361035  0.195843000 1.0000000
78:0-10:0   -1.060000e-02 -0.2003395518  0.179139552 1.0000000
79:0-10:0   -1.821126e-02 -0.1963525026  0.159929974 1.0000000
80:0-10:0   -2.859310e-04 -0.1762431527  0.175671291 1.0000000
81:0-10:0   -1.486870e-02 -0.1879283171  0.158190917 1.0000000
82:0-10:0   -1.398654e-02 -0.1974741250  0.169501041 1.0000000
83:0-10:0    4.885878e-03 -0.1823270685  0.192098826 1.0000000
84:0-10:0   -5.499367e-02 -0.2431715516  0.133184214 1.0000000
85:0-10:0    1.036852e-02 -0.2051611272  0.225898168 1.0000000
86:0-10:0   -3.379001e-02 -0.2300071740  0.162427145 1.0000000
87:0-10:0   -3.323079e-02 -0.2346573640  0.168195788 1.0000000
88:0-10:0    2.303130e-02 -0.1815351432  0.227597743 1.0000000
89:0-10:0    2.077670e-02 -0.1816507134  0.223204120 1.0000000
90:0-10:0   -1.615967e-02 -0.2139768275  0.181657487 1.0000000
91:0-10:0   -5.052472e-02 -0.2432245094  0.142175062 1.0000000
92:0-10:0    5.765452e-02 -0.1350452642  0.250354308 1.0000000
93:0-10:0    2.576577e-02 -0.1663019589  0.217833504 1.0000000
94:0-10:0    3.458848e-02 -0.1581113019  0.227288270 1.0000000
95:0-10:0    4.295509e-02 -0.1575125402  0.243422725 1.0000000
96:0-10:0    4.753495e-02 -0.1416678549  0.236737756 1.0000000
97:0-10:0    1.547661e-02 -0.1759800724  0.206933301 1.0000000
98:0-10:0   -5.505278e-03 -0.2009669017  0.189956346 1.0000000
99:0-10:0    3.636668e-02 -0.1499361617  0.222669530 1.0000000
100:0-10:0  -6.322418e-02 -0.2250135441  0.098565182 1.0000000
1:1-10:0    -7.524736e-02 -0.2384258772  0.087931147 1.0000000
2:1-10:0    -5.443615e-02 -0.2453017578  0.136429467 1.0000000
3:1-10:0    -1.012171e-02 -0.2170326038  0.196789174 1.0000000
4:1-10:0    -1.961361e-02 -0.2265244957  0.187297282 1.0000000
5:1-10:0     7.818707e-02 -0.1520337289  0.308407867 1.0000000
6:1-10:0    -2.250043e-02 -0.2527212289  0.207720367 1.0000000
7:1-10:0    -1.153316e-03 -0.2264770351  0.224170404 1.0000000
8:1-10:0    -4.663793e-02 -0.2969748583  0.203698996 1.0000000
9:1-10:0    -1.545293e-02 -0.2579437404  0.227037878 1.0000000
10:1-10:0   -7.845074e-03 -0.2793529615  0.263662814 1.0000000
11:1-10:0   -4.054178e-02 -0.2658654967  0.184781942 1.0000000
12:1-10:0   -3.263267e-02 -0.2788712258  0.213605890 1.0000000
13:1-10:0   -9.034846e-02 -0.3365870153  0.155890101 1.0000000
14:1-10:0    2.651543e-03 -0.2435870153  0.248890101 1.0000000
15:1-10:0    1.408350e-02 -0.2574243900  0.285591385 1.0000000
16:1-10:0   -9.130936e-02 -0.3628172472  0.180198528 1.0000000
17:1-10:0   -5.480936e-02 -0.2938587253  0.184240006 1.0000000
18:1-10:0    7.452694e-03 -0.2064430628  0.221348451 1.0000000
19:1-10:0   -4.190558e-02 -0.2527892996  0.168978143 1.0000000
20:1-10:0   -4.079445e-02 -0.2386116101  0.157022705 1.0000000
21:1-10:0    1.114207e-02 -0.1835914825  0.205875620 1.0000000
22:1-10:0   -5.225793e-02 -0.2469914825  0.142475620 1.0000000
23:1-10:0   -2.050315e-02 -0.2534463256  0.212440029 1.0000000
24:1-10:0    3.454023e-04 -0.2169135192  0.217604324 1.0000000
25:1-10:0   -8.919087e-02 -0.3440303439  0.165648599 1.0000000
26:1-10:0   -2.170716e-02 -0.3001686949  0.256754371 1.0000000
27:1-10:0   -1.508460e-02 -0.2804186254  0.250249430 1.0000000
28:1-10:0    7.073130e-02 -0.2077302334  0.349192833 1.0000000
29:1-10:0    4.857786e-02 -0.1976606995  0.294816416 1.0000000
30:1-10:0   -7.529598e-03 -0.2938903840  0.278831189 1.0000000
31:1-10:0   -6.147682e-02 -0.3118137472  0.188860107 1.0000000
32:1-10:0    7.869476e-03 -0.2152432649  0.230982218 1.0000000
33:1-10:0   -3.239248e-02 -0.2682696899  0.203484737 1.0000000
34:1-10:0   -3.872503e-02 -0.2542546756  0.176804620 1.0000000
35:1-10:0   -5.744181e-03 -0.2655557625  0.254067400 1.0000000
36:1-10:0   -5.873793e-02 -0.2864253932  0.168949531 1.0000000
37:1-10:0   -2.515460e-02 -0.2424135192  0.192104324 1.0000000
38:1-10:0   -8.714087e-02 -0.2980245937  0.123742849 1.0000000
39:1-10:0   -2.236766e-02 -0.2292785497  0.184543228 1.0000000
40:1-10:0   -6.498801e-03 -0.2043159579  0.191318357 1.0000000
41:1-10:0   -2.778915e-03 -0.1909567975  0.185398968 1.0000000
42:1-10:0   -7.964247e-03 -0.2136754024  0.197746909 1.0000000
43:1-10:0   -1.049222e-02 -0.2199845847  0.199000151 1.0000000
44:1-10:0    7.162069e-03 -0.2712994642  0.285623602 1.0000000
45:1-10:0   -3.004310e-04 -0.2601120125  0.259511150 1.0000000
46:1-10:0   -8.730936e-02 -0.3588172472  0.184198528 1.0000000
47:1-10:0    3.937457e-02 -0.2204370125  0.299186150 1.0000000
48:1-10:0    4.562874e-02 -0.2197052921  0.310962763 1.0000000
49:1-10:0   -7.355578e-03 -0.2621950497  0.247483894 1.0000000
50:1-10:0   -8.907939e-02 -0.2915068110  0.113348022 1.0000000
51:1-10:0   -3.448793e-02 -0.2942995125  0.225323650 1.0000000
52:1-10:0   -2.672593e-02 -0.2544133932  0.200961531 1.0000000
53:1-10:0   -6.375043e-02 -0.2939712289  0.166470367 1.0000000
54:1-10:0   -6.461615e-03 -0.2121727708  0.199249540 1.0000000
55:1-10:0    2.808190e-04 -0.2136149378  0.214176576 1.0000000
56:1-10:0    7.076207e-02 -0.1316653476  0.273189485 1.0000000
57:1-10:0   -3.433515e-02 -0.2425049263  0.173834620 1.0000000
58:1-10:0    2.830819e-03 -0.1933863407  0.199047979 1.0000000
59:1-10:0   -1.770255e-02 -0.2040053924  0.168600300 1.0000000
60:1-10:0   -1.709359e-02 -0.1919277116  0.157740529 1.0000000
61:1-10:0   -9.006588e-03 -0.1798717974  0.161858622 1.0000000
62:1-10:0   -9.855407e-03 -0.1852356201  0.165524807 1.0000000
63:1-10:0   -2.042401e-02 -0.2015624260  0.160714412 1.0000000
64:1-10:0    2.162069e-03 -0.1940550907  0.198379229 1.0000000
65:1-10:0   -5.915204e-03 -0.2054631823  0.193632775 1.0000000
66:1-10:0    5.426775e-03 -0.2054569467  0.216310496 1.0000000
67:1-10:0    4.408223e-03 -0.2001582202  0.208974666 1.0000000
68:1-10:0   -3.928915e-02 -0.2417165671  0.163138266 1.0000000
69:1-10:0    1.930407e-02 -0.1754294825  0.214037620 1.0000000
70:1-10:0    1.448571e-02 -0.1769709815  0.205942392 1.0000000
71:1-10:0    3.245969e-02 -0.1689668878  0.233886264 1.0000000
72:1-10:0   -1.717931e-03 -0.2112102989  0.207774437 1.0000000
73:1-10:0    2.873985e-02 -0.1699253738  0.227405067 1.0000000
74:1-10:0    2.201788e-02 -0.1784497495  0.222485515 1.0000000
75:1-10:0   -3.941349e-02 -0.2380787072  0.159251734 1.0000000
76:1-10:0    5.620799e-03 -0.1815921479  0.192833746 1.0000000
77:1-10:0    1.100053e-02 -0.1823534328  0.204354494 1.0000000
78:1-10:0    2.295374e-02 -0.1605338472  0.206441318 1.0000000
79:1-10:0   -2.445126e-02 -0.2025925026  0.153689974 1.0000000
80:1-10:0    3.894036e-03 -0.1684597385  0.176247811 1.0000000
81:1-10:0   -2.082712e-02 -0.1948133068  0.153159066 1.0000000
82:1-10:0   -3.943793e-02 -0.2142720512  0.135396189 1.0000000
83:1-10:0    2.730325e-02 -0.1667282122  0.221334703 1.0000000
84:1-10:0    4.669102e-02 -0.1590201393  0.252402172 1.0000000
85:1-10:0   -6.336402e-02 -0.2611811753  0.134453139 1.0000000
86:1-10:0    6.105819e-03 -0.1901113407  0.202322979 1.0000000
87:1-10:0   -2.191636e-02 -0.2159478201  0.172115095 1.0000000
88:1-10:0   -2.954644e-02 -0.2265482025  0.167455319 1.0000000
89:1-10:0    1.040084e-02 -0.1850607792  0.205862468 1.0000000
90:1-10:0    1.418966e-02 -0.1755498966  0.203929207 1.0000000
91:1-10:0   -3.357766e-02 -0.2167040312  0.149548717 1.0000000
92:1-10:0    2.761952e-02 -0.1693822451  0.224621277 1.0000000
93:1-10:0    1.648300e-02 -0.1839846332  0.216950632 1.0000000
94:1-10:0    4.040207e-02 -0.1404321007  0.221236239 1.0000000
95:1-10:0    5.105558e-02 -0.1307134216  0.232824573 1.0000000
96:1-10:0    6.753082e-02 -0.1133033507  0.248364989 1.0000000
97:1-10:0    3.439064e-02 -0.1528223066  0.221603587 1.0000000
98:1-10:0    2.315551e-02 -0.1650223713  0.211333394 1.0000000
99:1-10:0    5.488259e-03 -0.1741967387  0.185173258 1.0000000
100:1-10:0  -6.880995e-02 -0.2298340765  0.092214170 1.0000000
12:0-11:0   -5.229504e-02 -0.3121066245  0.207516538 1.0000000
13:0-11:0   -9.292862e-02 -0.3760081512  0.190150914 1.0000000
14:0-11:0   -9.824792e-02 -0.3750966005  0.178600767 1.0000000
15:0-11:0   -5.376587e-02 -0.3188533473  0.211321616 1.0000000
16:0-11:0   -1.820391e-01 -0.4651186775  0.101040388 0.9977139
17:0-11:0   -8.291829e-02 -0.3461290198  0.180292446 1.0000000
18:0-11:0   -2.381028e-02 -0.2806246579  0.233004093 1.0000000
19:0-11:0   -6.634022e-02 -0.3140255572  0.181345108 1.0000000
20:0-11:0   -8.779792e-02 -0.3328963866  0.157300553 1.0000000
21:0-11:0   -7.307278e-02 -0.3082286726  0.162083122 1.0000000
22:0-11:0   -8.236696e-02 -0.3274654342  0.162731506 1.0000000
23:0-11:0   -6.435930e-02 -0.3102809397  0.181562342 1.0000000
24:0-11:0   -8.704792e-02 -0.3638966005  0.189800767 1.0000000
25:0-11:0   -6.388713e-02 -0.3544792018  0.226704937 1.0000000
26:0-11:0   -7.359028e-03 -0.2940106834  0.279292628 1.0000000
27:0-11:0   -2.359125e-02 -0.3034168870  0.256234387 1.0000000
28:0-11:0   -3.338750e-02 -0.3283496202  0.261574620 1.0000000
29:0-11:0   -2.933914e-02 -0.3124186775  0.253740388 1.0000000
30:0-11:0   -9.751250e-02 -0.3924746202  0.197449620 1.0000000
31:0-11:0   -8.236386e-02 -0.3539575226  0.189229805 1.0000000
32:0-11:0   -8.647670e-02 -0.3605910133  0.187637604 1.0000000
33:0-11:0   -1.012741e-01 -0.4065889078  0.204040694 1.0000000
34:0-11:0   -1.117889e-01 -0.3768764242  0.153298540 1.0000000
35:0-11:0   -1.467489e-01 -0.3996768285  0.106179034 0.9999743
36:0-11:0    1.155685e-02 -0.2652918386  0.288405529 1.0000000
37:0-11:0   -4.129943e-02 -0.3154137406  0.232814877 1.0000000
38:0-11:0   -6.400817e-02 -0.3290956549  0.201079309 1.0000000
39:0-11:0   -9.674716e-02 -0.3403041139  0.146809796 1.0000000
40:0-11:0   -7.102632e-02 -0.3019038679  0.159851227 1.0000000
41:0-11:0   -1.271855e-01 -0.3580630228  0.103692072 0.9999985
42:0-11:0   -1.080343e-01 -0.3482547118  0.132186089 1.0000000
43:0-11:0   -8.994279e-02 -0.3376281213  0.157742544 1.0000000
44:0-11:0   -1.671875e-02 -0.3116808702  0.278243370 1.0000000
45:0-11:0   -8.966625e-02 -0.3694918870  0.190159387 1.0000000
46:0-11:0   -3.503125e-02 -0.3713398108  0.301277311 1.0000000
47:0-11:0   -1.341403e-01 -0.4082546497  0.139973968 1.0000000
48:0-11:0   -1.357279e-01 -0.4355657741  0.164109941 1.0000000
49:0-11:0   -8.474792e-02 -0.4033434194  0.233847586 1.0000000
50:0-11:0   -4.948995e-02 -0.2916308596  0.192650968 1.0000000
51:0-11:0   -1.048339e-01 -0.3879134144  0.178245651 1.0000000
52:0-11:0   -1.192220e-01 -0.3824327235  0.143988742 1.0000000
53:0-11:0   -1.149197e-01 -0.3800071934  0.150167770 1.0000000
54:0-11:0   -6.222908e-02 -0.3043699901  0.179911838 1.0000000
55:0-11:0   -9.646386e-02 -0.3386047727  0.145677055 1.0000000
56:0-11:0   -8.706250e-02 -0.3278980626  0.153773063 1.0000000
57:0-11:0   -1.191886e-01 -0.3651102080  0.126733074 1.0000000
58:0-11:0   -6.562887e-02 -0.3107273389  0.179469601 1.0000000
59:0-11:0   -5.863438e-02 -0.2918224058  0.174553656 1.0000000
60:0-11:0   -6.037662e-02 -0.2838625642  0.163109323 1.0000000
61:0-11:0   -9.812911e-02 -0.3182947409  0.122036527 1.0000000
62:0-11:0   -9.292047e-02 -0.3172529502  0.131412019 1.0000000
63:0-11:0   -9.437467e-02 -0.3238512496  0.135101907 1.0000000
64:0-11:0   -8.144474e-02 -0.3150026193  0.152113135 1.0000000
65:0-11:0   -6.234489e-02 -0.3059018412  0.181212068 1.0000000
66:0-11:0   -5.983801e-02 -0.3094631466  0.189787133 1.0000000
67:0-11:0   -7.509716e-02 -0.3186541139  0.168459796 1.0000000
68:0-11:0   -6.736125e-02 -0.3191302844  0.184407784 1.0000000
69:0-11:0   -6.102163e-02 -0.2995302290  0.177486960 1.0000000
70:0-11:0   -8.873125e-02 -0.3373628530  0.159900353 1.0000000
71:0-11:0   -1.265384e-01 -0.3667587934  0.113682008 0.9999999
72:0-11:0   -1.006875e-01 -0.3415230626  0.140148063 1.0000000
73:0-11:0   -9.869014e-02 -0.3415243712  0.144144093 1.0000000
74:0-11:0   -9.962813e-02 -0.3550728142  0.155816564 1.0000000
75:0-11:0   -7.376913e-02 -0.3279204189  0.180382161 1.0000000
76:0-11:0   -8.872690e-02 -0.3308678162  0.153414012 1.0000000
77:0-11:0   -6.533987e-02 -0.3009278415  0.170248100 1.0000000
78:0-11:0   -8.204332e-02 -0.3176312898  0.153544652 1.0000000
79:0-11:0   -8.965458e-02 -0.3160058486  0.136696682 1.0000000
80:0-11:0   -7.172925e-02 -0.2963657082  0.152907208 1.0000000
81:0-11:0   -8.631202e-02 -0.3086860858  0.136062047 1.0000000
82:0-11:0   -8.542986e-02 -0.3160123573  0.145152635 1.0000000
83:0-11:0   -6.655744e-02 -0.3001153177  0.167000437 1.0000000
84:0-11:0   -1.264370e-01 -0.3607690386  0.107895063 0.9999996
85:0-11:0   -6.107480e-02 -0.3178891740  0.195739577 1.0000000
86:0-11:0   -1.052333e-01 -0.3460688960  0.135602229 1.0000000
87:0-11:0   -1.046741e-01 -0.3497725770  0.140424363 1.0000000
88:0-11:0   -4.841202e-02 -0.2960973520  0.199273314 1.0000000
89:0-11:0   -5.066662e-02 -0.2965882567  0.195255025 1.0000000
90:0-11:0   -8.760299e-02 -0.3297439031  0.154537925 1.0000000
91:0-11:0   -1.219680e-01 -0.3599466171  0.116010532 1.0000000
92:0-11:0   -1.378880e-02 -0.2517673718  0.224189777 1.0000000
93:0-11:0   -4.567755e-02 -0.2831446135  0.191789521 1.0000000
94:0-11:0   -3.685483e-02 -0.2748334096  0.201123740 1.0000000
95:0-11:0   -2.848823e-02 -0.2727992296  0.215822776 1.0000000
96:0-11:0   -2.390837e-02 -0.2590642658  0.211247529 1.0000000
97:0-11:0   -5.596670e-02 -0.2929398199  0.181006411 1.0000000
98:0-11:0   -7.694860e-02 -0.3171689975  0.163271804 1.0000000
99:0-11:0   -3.507663e-02 -0.2679056382  0.197752369 1.0000000
100:0-11:0  -1.346675e-01 -0.3483878605  0.079052860 0.9989364
1:1-11:0    -1.466907e-01 -0.3614645682  0.068083200 0.9842282
2:1-11:0    -1.258795e-01 -0.3623752919  0.110616363 0.9999998
3:1-11:0    -8.156503e-02 -0.3311901737  0.168060106 1.0000000
4:1-11:0    -9.105693e-02 -0.3406820656  0.158568214 1.0000000
5:1-11:0     6.743750e-03 -0.2625185947  0.276006095 1.0000000
6:1-11:0    -9.394375e-02 -0.3632060947  0.175318595 1.0000000
7:1-11:0    -7.259663e-02 -0.3376841165  0.192490847 1.0000000
8:1-11:0    -1.180813e-01 -0.4047329056  0.168570406 1.0000000
9:1-11:0    -8.689625e-02 -0.3667218870  0.192929387 1.0000000
10:1-11:0   -7.928839e-02 -0.3846031935  0.226026408 1.0000000
11:1-11:0   -1.119851e-01 -0.3770725780  0.153102386 1.0000000
12:1-11:0   -1.040760e-01 -0.3871555196  0.179003546 1.0000000
13:1-11:0   -1.617918e-01 -0.4448713091  0.121287756 0.9999883
14:1-11:0   -6.879178e-02 -0.3518713091  0.214287756 1.0000000
15:1-11:0   -5.735982e-02 -0.3626746221  0.247954979 1.0000000
16:1-11:0   -1.627527e-01 -0.4680674792  0.142562122 0.9999998
17:1-11:0   -1.262527e-01 -0.4031013624  0.150596005 1.0000000
18:1-11:0   -6.399063e-02 -0.3194353142  0.191454064 1.0000000
19:1-11:0   -1.133489e-01 -0.3662768285  0.139579034 1.0000000
20:1-11:0   -1.122378e-01 -0.3543786857  0.129903142 1.0000000
21:1-11:0   -6.030125e-02 -0.2999296092  0.179327109 1.0000000
22:1-11:0   -1.237013e-01 -0.3633296092  0.115927109 1.0000000
23:1-11:0   -9.194647e-02 -0.3635401313  0.179647197 1.0000000
24:1-11:0   -7.109792e-02 -0.3293652848  0.187169451 1.0000000
25:1-11:0   -1.606342e-01 -0.4512262606  0.129957878 0.9999982
26:1-11:0   -9.315048e-02 -0.4046651994  0.218364238 1.0000000
27:1-11:0   -8.652792e-02 -0.3863657741  0.213309941 1.0000000
28:1-11:0   -7.120192e-04 -0.3122267378  0.310802699 1.0000000
29:1-11:0   -2.286546e-02 -0.3059449933  0.260214072 1.0000000
30:1-11:0   -7.897292e-02 -0.3975684194  0.239622586 1.0000000
31:1-11:0   -1.329201e-01 -0.4195717945  0.153731517 1.0000000
32:1-11:0   -6.357384e-02 -0.3267845753  0.199636890 1.0000000
33:1-11:0   -1.038358e-01 -0.3779501043  0.170278513 1.0000000
34:1-11:0   -1.101683e-01 -0.3669827224  0.146646029 1.0000000
35:1-11:0   -7.718750e-02 -0.3721496202  0.217774620 1.0000000
36:1-11:0   -1.301813e-01 -0.3972808099  0.136918310 1.0000000
37:1-11:0   -9.659792e-02 -0.3548652848  0.161669451 1.0000000
38:1-11:0   -1.585842e-01 -0.4115121226  0.094343740 0.9991252
39:1-11:0   -9.381098e-02 -0.3434361196  0.155814160 1.0000000
40:1-11:0   -7.794212e-02 -0.3200830336  0.164198794 1.0000000
41:1-11:0   -7.422223e-02 -0.3085542845  0.160109817 1.0000000
42:1-11:0   -7.940757e-02 -0.3280391688  0.169224037 1.0000000
43:1-11:0   -8.193554e-02 -0.3337045702  0.169833499 1.0000000
44:1-11:0   -6.428125e-02 -0.3757959686  0.247233469 1.0000000
45:1-11:0   -7.174375e-02 -0.3667058702  0.223218370 1.0000000
46:1-11:0   -1.587527e-01 -0.4640674792  0.146562122 1.0000000
47:1-11:0   -3.206875e-02 -0.3270308702  0.262893370 1.0000000
48:1-11:0   -2.581458e-02 -0.3256524408  0.274023274 1.0000000
49:1-11:0   -7.879890e-02 -0.3693909665  0.211793172 1.0000000
50:1-11:0   -1.605227e-01 -0.4064443543  0.085398927 0.9961381
51:1-11:0   -1.059313e-01 -0.4008933702  0.189030870 1.0000000
52:1-11:0   -9.816925e-02 -0.3652688099  0.168930310 1.0000000
53:1-11:0   -1.351938e-01 -0.4044560947  0.134068595 1.0000000
54:1-11:0   -7.790493e-02 -0.3265365372  0.170726669 1.0000000
55:1-11:0   -7.116250e-02 -0.3266071892  0.184282189 1.0000000
56:1-11:0   -6.812500e-04 -0.2466028909  0.245240391 1.0000000
57:1-11:0   -1.057785e-01 -0.3564480733  0.144891129 1.0000000
58:1-11:0   -6.861250e-02 -0.3094480626  0.172223063 1.0000000
59:1-11:0   -8.914587e-02 -0.3219748690  0.143683138 1.0000000
60:1-11:0   -8.853691e-02 -0.3122947350  0.135220914 1.0000000
61:1-11:0   -8.044991e-02 -0.3011205082  0.140220695 1.0000000
62:1-11:0   -8.129873e-02 -0.3054835016  0.142886050 1.0000000
63:1-11:0   -9.186733e-02 -0.3205848840  0.136850232 1.0000000
64:1-11:0   -6.928125e-02 -0.3101168126  0.171554313 1.0000000
65:1-11:0   -7.735852e-02 -0.3209154775  0.166198432 1.0000000
66:1-11:0   -6.601654e-02 -0.3189444755  0.186911387 1.0000000
67:1-11:0   -6.703510e-02 -0.3147204290  0.180650237 1.0000000
68:1-11:0   -1.107325e-01 -0.3566541104  0.135189171 1.0000000
69:1-11:0   -5.213925e-02 -0.2917676092  0.187489109 1.0000000
70:1-11:0   -5.695761e-02 -0.2939307290  0.180015502 1.0000000
71:1-11:0   -3.898363e-02 -0.2840821009  0.206114839 1.0000000
72:1-11:0   -7.316125e-02 -0.3249302844  0.178607784 1.0000000
73:1-11:0   -4.270347e-02 -0.2855377045  0.200130760 1.0000000
74:1-11:0   -4.942544e-02 -0.2937364389  0.194885567 1.0000000
75:1-11:0   -1.108568e-01 -0.3536910378  0.131977427 1.0000000
76:1-11:0   -6.582252e-02 -0.2993803971  0.167735357 1.0000000
77:1-11:0   -6.044279e-02 -0.2989513829  0.178065806 1.0000000
78:1-11:0   -4.848958e-02 -0.2790720795  0.182092913 1.0000000
79:1-11:0   -9.589458e-02 -0.3222458486  0.130456682 1.0000000
80:1-11:0   -6.754928e-02 -0.2893744800  0.154275914 1.0000000
81:1-11:0   -9.227044e-02 -0.3153663549  0.130825477 1.0000000
82:1-11:0   -1.108813e-01 -0.3346390746  0.112876575 1.0000000
83:1-11:0   -4.414007e-02 -0.2831982276  0.194918081 1.0000000
84:1-11:0   -2.475230e-02 -0.2733839057  0.223879300 1.0000000
85:1-11:0   -1.348073e-01 -0.3769482509  0.107333577 0.9999973
86:1-11:0   -6.533750e-02 -0.3061730626  0.175498063 1.0000000
87:1-11:0   -9.335968e-02 -0.3324178355  0.145698473 1.0000000
88:1-11:0   -1.009898e-01 -0.3424649939  0.140485473 1.0000000
89:1-11:0   -6.104247e-02 -0.3012628750  0.179177926 1.0000000
90:1-11:0   -5.725366e-02 -0.2928416346  0.178334307 1.0000000
91:1-11:0   -1.050210e-01 -0.3353161419  0.125274190 1.0000000
92:1-11:0   -4.382380e-02 -0.2852990364  0.197651430 1.0000000
93:1-11:0   -5.496032e-02 -0.2992713227  0.189350683 1.0000000
94:1-11:0   -3.104125e-02 -0.2595179258  0.197435426 1.0000000
95:1-11:0   -2.038774e-02 -0.2496050264  0.208829539 1.0000000
96:1-11:0   -3.912500e-03 -0.2323891758  0.224564176 1.0000000
97:1-11:0   -3.705268e-02 -0.2706105558  0.196505199 1.0000000
98:1-11:0   -4.828781e-02 -0.2826198583  0.186044244 1.0000000
99:1-11:0   -6.595506e-02 -0.2935232758  0.161613157 1.0000000
100:1-11:0  -1.402533e-01 -0.3533949217  0.072888377 0.9949377
13:0-12:0   -4.063358e-02 -0.2868721332  0.205604983 1.0000000
14:0-12:0   -4.595287e-02 -0.2850022393  0.193096492 1.0000000
15:0-12:0   -1.470822e-03 -0.2267945417  0.223852897 1.0000000
16:0-12:0   -1.297441e-01 -0.3759826595  0.116494456 0.9999999
17:0-12:0   -3.062324e-02 -0.2537359852  0.192489497 1.0000000
18:0-12:0    2.848476e-02 -0.1870448869  0.244014409 1.0000000
19:0-12:0   -1.404518e-02 -0.2186116242  0.190521262 1.0000000
20:0-12:0   -3.550287e-02 -0.2369294494  0.165923702 1.0000000
21:0-12:0   -2.077773e-02 -0.2099805375  0.168425073 1.0000000
22:0-12:0   -3.007192e-02 -0.2314984970  0.171354655 1.0000000
23:0-12:0   -1.206426e-02 -0.2144916722  0.190363161 1.0000000
24:0-12:0   -3.475287e-02 -0.2738022393  0.204296492 1.0000000
25:0-12:0   -1.159209e-02 -0.2664315609  0.243247382 1.0000000
26:0-12:0    4.493602e-02 -0.2054009120  0.295272943 1.0000000
27:0-12:0    2.870379e-02 -0.2137870162  0.271194602 1.0000000
28:0-12:0    1.890754e-02 -0.2409040383  0.278719125 1.0000000
29:0-12:0    2.295590e-02 -0.2232826595  0.269194456 1.0000000
30:0-12:0   -4.521746e-02 -0.3050290383  0.214594125 1.0000000
31:0-12:0   -3.006882e-02 -0.2630119928  0.202874362 1.0000000
32:0-12:0   -3.418166e-02 -0.2700588748  0.201695552 1.0000000
33:0-12:0   -4.897906e-02 -0.3204869516  0.222528824 1.0000000
34:0-12:0   -5.949390e-02 -0.2848176187  0.165829820 1.0000000
35:0-12:0   -9.445385e-02 -0.3053375755  0.116429868 1.0000000
36:0-12:0    6.385189e-02 -0.1751974773  0.302901254 1.0000000
37:0-12:0    1.099561e-02 -0.2248816021  0.246872825 1.0000000
38:0-12:0   -1.171313e-02 -0.2370368494  0.213610589 1.0000000
39:0-12:0   -4.445212e-02 -0.2440000945  0.155095863 1.0000000
40:0-12:0   -1.873128e-02 -0.2025895038  0.165126949 1.0000000
41:0-12:0   -7.489043e-02 -0.2587486587  0.108967794 1.0000000
42:0-12:0   -5.573927e-02 -0.2512008918  0.139722356 1.0000000
43:0-12:0   -3.764775e-02 -0.2422141883  0.166918698 1.0000000
44:0-12:0    3.557629e-02 -0.2242352883  0.295387875 1.0000000
45:0-12:0   -3.737121e-02 -0.2798620162  0.205119602 1.0000000
46:0-12:0    1.726379e-02 -0.2886820412  0.323209627 1.0000000
47:0-12:0   -8.184530e-02 -0.3177225112  0.154031916 1.0000000
48:0-12:0   -8.343287e-02 -0.3487669013  0.181901154 1.0000000
49:0-12:0   -3.245287e-02 -0.3188136598  0.253907913 1.0000000
50:0-12:0    2.805097e-03 -0.1950120599  0.200622255 1.0000000
51:0-12:0   -5.253884e-02 -0.2987773964  0.193699719 1.0000000
52:0-12:0   -6.692695e-02 -0.2900396889  0.156185794 1.0000000
53:0-12:0   -6.262467e-02 -0.2879483879  0.162699051 1.0000000
54:0-12:0   -9.934033e-03 -0.2077511903  0.187883124 1.0000000
55:0-12:0   -4.416882e-02 -0.2419859729  0.153648342 1.0000000
56:0-12:0   -3.476746e-02 -0.2309846165  0.161449703 1.0000000
57:0-12:0   -6.689352e-02 -0.2693209405  0.135533893 1.0000000
58:0-12:0   -1.333383e-02 -0.2147604018  0.188092750 1.0000000
59:0-12:0   -6.339332e-03 -0.1930906725  0.180412009 1.0000000
60:0-12:0   -8.081577e-03 -0.1825676013  0.166404447 1.0000000
61:0-12:0   -4.583406e-02 -0.2160466130  0.124378485 1.0000000
62:0-12:0   -4.062542e-02 -0.2161944094  0.134943564 1.0000000
63:0-12:0   -4.207963e-02 -0.2241754972  0.140016241 1.0000000
64:0-12:0   -2.914970e-02 -0.2163626460  0.158063248 1.0000000
65:0-12:0   -1.004984e-02 -0.2095978218  0.189498135 1.0000000
66:0-12:0   -7.542964e-03 -0.2144538526  0.199367925 1.0000000
67:0-12:0   -2.280212e-02 -0.2223500945  0.176745863 1.0000000
68:0-12:0   -1.506621e-02 -0.2245585748  0.194426161 1.0000000
69:0-12:0   -8.726592e-03 -0.2020805548  0.184627372 1.0000000
70:0-12:0   -3.643621e-02 -0.2421473625  0.169274949 1.0000000
71:0-12:0   -7.424335e-02 -0.2697049735  0.121218274 1.0000000
72:0-12:0   -4.839246e-02 -0.2446096165  0.147824703 1.0000000
73:0-12:0   -4.639510e-02 -0.2450603164  0.152270125 1.0000000
74:0-12:0   -4.733308e-02 -0.2612288387  0.166562675 1.0000000
75:0-12:0   -2.147409e-02 -0.2338235235  0.190875352 1.0000000
76:0-12:0   -3.643186e-02 -0.2342490164  0.161385298 1.0000000
77:0-12:0   -1.304483e-02 -0.2027843794  0.176694724 1.0000000
78:0-12:0   -2.974828e-02 -0.2194878277  0.159991276 1.0000000
79:0-12:0   -3.735954e-02 -0.2155007785  0.140781698 1.0000000
80:0-12:0   -1.943421e-02 -0.1953914286  0.156523015 1.0000000
81:0-12:0   -3.401698e-02 -0.2070765930  0.139042641 1.0000000
82:0-12:0   -3.313482e-02 -0.2166224008  0.150352765 1.0000000
83:0-12:0   -1.426240e-02 -0.2014753444  0.172950550 1.0000000
84:0-12:0   -7.414194e-02 -0.2623198274  0.114035938 1.0000000
85:0-12:0   -8.779755e-03 -0.2243094030  0.206749892 1.0000000
86:0-12:0   -5.293829e-02 -0.2491554499  0.143278869 1.0000000
87:0-12:0   -5.237906e-02 -0.2538056399  0.149047512 1.0000000
88:0-12:0    3.883024e-03 -0.2006834191  0.208449467 1.0000000
89:0-12:0    1.628427e-03 -0.2007989893  0.204055844 1.0000000
90:0-12:0   -3.530795e-02 -0.2331251034  0.162509211 1.0000000
91:0-12:0   -6.967300e-02 -0.2623727853  0.123026787 1.0000000
92:0-12:0    3.850625e-02 -0.1541935400  0.231206032 1.0000000
93:0-12:0    6.617497e-03 -0.1854502348  0.198685228 1.0000000
94:0-12:0    1.544021e-02 -0.1772595777  0.208139994 1.0000000
95:0-12:0    2.380682e-02 -0.1766608161  0.224274449 1.0000000
96:0-12:0    2.838667e-02 -0.1608161307  0.217589480 1.0000000
97:0-12:0   -3.671661e-03 -0.1951283483  0.187785025 1.0000000
98:0-12:0   -2.465355e-02 -0.2201151776  0.170808070 1.0000000
99:0-12:0    1.721841e-02 -0.1690844375  0.203521254 1.0000000
100:0-12:0  -8.237246e-02 -0.2441618199  0.079416906 1.0000000
1:1-12:0    -9.439564e-02 -0.2575741531  0.068782871 0.9999780
2:1-12:0    -7.358442e-02 -0.2644500336  0.117281191 1.0000000
3:1-12:0    -2.926999e-02 -0.2361808796  0.177640898 1.0000000
4:1-12:0    -3.876188e-02 -0.2456727715  0.168149006 1.0000000
5:1-12:0     5.903879e-02 -0.1711820048  0.289259591 1.0000000
6:1-12:0    -4.164871e-02 -0.2718695048  0.188572091 1.0000000
7:1-12:0    -2.030159e-02 -0.2456253110  0.205022128 1.0000000
8:1-12:0    -6.578621e-02 -0.3161231342  0.184550720 1.0000000
9:1-12:0    -3.460121e-02 -0.2770920162  0.207889602 1.0000000
10:1-12:0   -2.699335e-02 -0.2985012373  0.244514538 1.0000000
11:1-12:0   -5.969005e-02 -0.2850137725  0.165633666 1.0000000
12:1-12:0   -5.178094e-02 -0.2980195016  0.194457614 1.0000000
13:1-12:0   -1.094967e-01 -0.3557352911  0.136741825 1.0000000
14:1-12:0   -1.649673e-02 -0.2627352911  0.229741825 1.0000000
15:1-12:0   -5.064778e-03 -0.2765726659  0.266443109 1.0000000
16:1-12:0   -1.104576e-01 -0.3819655230  0.161050252 1.0000000
17:1-12:0   -7.395764e-02 -0.3130070012  0.165091730 1.0000000
18:1-12:0   -1.169558e-02 -0.2255913387  0.202200175 1.0000000
19:1-12:0   -6.105385e-02 -0.2719375755  0.149829868 1.0000000
20:1-12:0   -5.994273e-02 -0.2577598860  0.137874429 1.0000000
21:1-12:0   -8.006207e-03 -0.2027397583  0.186727345 1.0000000
22:1-12:0   -7.140621e-02 -0.2661397583  0.123327345 1.0000000
23:1-12:0   -3.965142e-02 -0.2725946015  0.193291753 1.0000000
24:1-12:0   -1.880287e-02 -0.2360617951  0.198456048 1.0000000
25:1-12:0   -1.083391e-01 -0.3631786197  0.146500324 1.0000000
26:1-12:0   -4.085544e-02 -0.3193169708  0.237606095 1.0000000
27:1-12:0   -3.423287e-02 -0.2995669013  0.231101154 1.0000000
28:1-12:0    5.158302e-02 -0.2268785092  0.330044557 1.0000000
29:1-12:0    2.942958e-02 -0.2168089753  0.275668140 1.0000000
30:1-12:0   -2.667787e-02 -0.3130386598  0.259682913 1.0000000
31:1-12:0   -8.062510e-02 -0.3309620231  0.169711831 1.0000000
32:1-12:0   -1.127880e-02 -0.2343915408  0.211833942 1.0000000
33:1-12:0   -5.154075e-02 -0.2874179658  0.184336461 1.0000000
34:1-12:0   -5.787330e-02 -0.2734029514  0.157656344 1.0000000
35:1-12:0   -2.489246e-02 -0.2847040383  0.234919125 1.0000000
36:1-12:0   -7.788621e-02 -0.3055736691  0.149801255 1.0000000
37:1-12:0   -4.430287e-02 -0.2615617951  0.172956048 1.0000000
38:1-12:0   -1.062891e-01 -0.3171728696  0.104594573 1.0000000
39:1-12:0   -4.151594e-02 -0.2484268256  0.165394952 1.0000000
40:1-12:0   -2.564708e-02 -0.2234642338  0.172170081 1.0000000
41:1-12:0   -2.192719e-02 -0.2101050733  0.166250692 1.0000000
42:1-12:0   -2.711252e-02 -0.2328236783  0.178598633 1.0000000
43:1-12:0   -2.964049e-02 -0.2391328605  0.179851875 1.0000000
44:1-12:0   -1.198621e-02 -0.2904477400  0.266475326 1.0000000
45:1-12:0   -1.944871e-02 -0.2792602883  0.240362875 1.0000000
46:1-12:0   -1.064576e-01 -0.3779655230  0.165050252 1.0000000
47:1-12:0    2.022629e-02 -0.2395852883  0.280037875 1.0000000
48:1-12:0    2.648046e-02 -0.2388535679  0.291814487 1.0000000
49:1-12:0   -2.650385e-02 -0.2813433256  0.228335618 1.0000000
50:1-12:0   -1.082277e-01 -0.3106550868  0.094199746 0.9999998
51:1-12:0   -5.363621e-02 -0.3134477883  0.206175375 1.0000000
52:1-12:0   -4.587421e-02 -0.2735616691  0.181813255 1.0000000
53:1-12:0   -8.289871e-02 -0.3131195048  0.147322091 1.0000000
54:1-12:0   -2.560989e-02 -0.2313210467  0.180101264 1.0000000
55:1-12:0   -1.886746e-02 -0.2327632137  0.195028300 1.0000000
56:1-12:0    5.161379e-02 -0.1508136234  0.254041210 1.0000000
57:1-12:0   -5.348343e-02 -0.2616532022  0.154686344 1.0000000
58:1-12:0   -1.631746e-02 -0.2125346165  0.179899703 1.0000000
59:1-12:0   -3.685082e-02 -0.2231536683  0.149452024 1.0000000
60:1-12:0   -3.624187e-02 -0.2110759875  0.138592253 1.0000000
61:1-12:0   -2.815486e-02 -0.1990200733  0.142710346 1.0000000
62:1-12:0   -2.900368e-02 -0.2043838960  0.146376531 1.0000000
63:1-12:0   -3.957228e-02 -0.2207107019  0.141566136 1.0000000
64:1-12:0   -1.698621e-02 -0.2132033665  0.179230953 1.0000000
65:1-12:0   -2.506348e-02 -0.2246114582  0.174484499 1.0000000
66:1-12:0   -1.372150e-02 -0.2246052225  0.197162220 1.0000000
67:1-12:0   -1.474005e-02 -0.2193064960  0.189826390 1.0000000
68:1-12:0   -5.843743e-02 -0.2608648429  0.143989990 1.0000000
69:1-12:0    1.557931e-04 -0.1945777583  0.194889345 1.0000000
70:1-12:0   -4.662571e-03 -0.1961192574  0.186794116 1.0000000
71:1-12:0    1.331141e-02 -0.1881151637  0.214737988 1.0000000
72:1-12:0   -2.086621e-02 -0.2303585748  0.188626161 1.0000000
73:1-12:0    9.591571e-03 -0.1890736497  0.208256791 1.0000000
74:1-12:0    2.869607e-03 -0.1975980254  0.203337239 1.0000000
75:1-12:0   -5.856176e-02 -0.2572269830  0.140103458 1.0000000
76:1-12:0   -1.352748e-02 -0.2007404238  0.173685470 1.0000000
77:1-12:0   -8.147745e-03 -0.2015017086  0.185206218 1.0000000
78:1-12:0    3.805460e-03 -0.1796821231  0.187293043 1.0000000
79:1-12:0   -4.359954e-02 -0.2217407785  0.134541698 1.0000000
80:1-12:0   -1.525424e-02 -0.1876080143  0.157099535 1.0000000
81:1-12:0   -3.997540e-02 -0.2139615826  0.134010790 1.0000000
82:1-12:0   -5.858621e-02 -0.2334203271  0.116247913 1.0000000
83:1-12:0    8.154970e-03 -0.1858764881  0.202186427 1.0000000
84:1-12:0    2.754274e-02 -0.1781684151  0.233253896 1.0000000
85:1-12:0   -8.251229e-02 -0.2803294512  0.115304863 1.0000000
86:1-12:0   -1.304246e-02 -0.2092596165  0.183174703 1.0000000
87:1-12:0   -4.106464e-02 -0.2350960959  0.152966819 1.0000000
88:1-12:0   -4.869472e-02 -0.2456964784  0.148307043 1.0000000
89:1-12:0   -8.747431e-03 -0.2042090551  0.186714192 1.0000000
90:1-12:0   -4.958621e-03 -0.1946981725  0.184780931 1.0000000
91:1-12:0   -5.272593e-02 -0.2358523071  0.130400441 1.0000000
92:1-12:0    8.471240e-03 -0.1885305209  0.205473001 1.0000000
93:1-12:0   -2.665277e-03 -0.2031329091  0.197802356 1.0000000
94:1-12:0    2.125379e-02 -0.1595803765  0.202087963 1.0000000
95:1-12:0    3.190730e-02 -0.1498616974  0.213676297 1.0000000
96:1-12:0    4.838254e-02 -0.1324516265  0.229216713 1.0000000
97:1-12:0    1.524236e-02 -0.1719705825  0.202455312 1.0000000
98:1-12:0    4.007236e-03 -0.1841706471  0.192185119 1.0000000
99:1-12:0   -1.366002e-02 -0.1933450146  0.166024982 1.0000000
100:1-12:0  -8.795823e-02 -0.2489823524  0.073065894 0.9999991
14:0-13:0   -5.319298e-03 -0.2694718361  0.258833240 1.0000000
15:0-13:0    3.916275e-02 -0.2126362593  0.290961765 1.0000000
16:0-13:0   -8.911053e-02 -0.3597863314  0.181565279 1.0000000
17:0-13:0    1.001033e-02 -0.2398121243  0.259832787 1.0000000
18:0-13:0    6.911834e-02 -0.1739557124  0.312192385 1.0000000
19:0-13:0    2.658839e-02 -0.2068198184  0.259996607 1.0000000
20:0-13:0    5.130702e-03 -0.2255305856  0.235791989 1.0000000
21:0-13:0    1.985584e-02 -0.2002115683  0.239923254 1.0000000
22:0-13:0    1.056165e-02 -0.2200996333  0.241222942 1.0000000
23:0-13:0    2.856932e-02 -0.2029664724  0.260105112 1.0000000
24:0-13:0    5.880702e-03 -0.2582718361  0.270033240 1.0000000
25:0-13:0    2.904149e-02 -0.2494816195  0.307564592 1.0000000
26:0-13:0    8.556959e-02 -0.1888398502  0.359979031 1.0000000
27:0-13:0    6.933737e-02 -0.1979335740  0.336608311 1.0000000
28:0-13:0    5.954112e-02 -0.2235384144  0.342620651 1.0000000
29:0-13:0    6.358947e-02 -0.2070863314  0.334265279 1.0000000
30:0-13:0   -4.583882e-03 -0.2876634144  0.278495651 1.0000000
31:0-13:0    1.056476e-02 -0.2480749276  0.269204447 1.0000000
32:0-13:0    6.451914e-03 -0.2548334165  0.267737244 1.0000000
33:0-13:0   -8.345489e-03 -0.3021966365  0.285505659 1.0000000
34:0-13:0   -1.886032e-02 -0.2706593362  0.232938688 1.0000000
35:0-13:0   -5.382028e-02 -0.2927845187  0.185143961 1.0000000
36:0-13:0    1.044855e-01 -0.1596670742  0.368638002 1.0000000
37:0-13:0    5.162919e-02 -0.2096561437  0.312914517 1.0000000
38:0-13:0    2.892045e-02 -0.2228785670  0.280719458 1.0000000
39:0-13:0   -3.818541e-03 -0.2328411592  0.225204078 1.0000000
40:0-13:0    2.190230e-02 -0.1935874036  0.237392000 1.0000000
41:0-13:0   -3.425686e-02 -0.2497465585  0.181232845 1.0000000
42:0-13:0   -1.510569e-02 -0.2405767783  0.210365393 1.0000000
43:0-13:0    2.985830e-03 -0.2304223825  0.236394042 1.0000000
44:0-13:0    7.620987e-02 -0.2068696644  0.359289401 1.0000000
45:0-13:0    3.262368e-03 -0.2640085740  0.270533311 1.0000000
46:0-13:0    5.789737e-02 -0.2680394623  0.383834199 1.0000000
47:0-13:0   -4.121172e-02 -0.3024970528  0.220073608 1.0000000
48:0-13:0   -4.279930e-02 -0.3309556973  0.245357101 1.0000000
49:0-13:0    8.180702e-03 -0.2994464491  0.315807853 1.0000000
50:0-13:0    4.343867e-02 -0.1840774624  0.270954808 1.0000000
51:0-13:0   -1.190526e-02 -0.2825810682  0.258770542 1.0000000
52:0-13:0   -2.629337e-02 -0.2761158280  0.223529083 1.0000000
53:0-13:0   -2.199109e-02 -0.2737901054  0.229807919 1.0000000
54:0-13:0    3.069954e-02 -0.1968165929  0.258215678 1.0000000
55:0-13:0   -3.535240e-03 -0.2310513755  0.223980895 1.0000000
56:0-13:0    5.866118e-03 -0.2202602573  0.231992494 1.0000000
57:0-13:0   -2.625995e-02 -0.2577957407  0.205275843 1.0000000
58:0-13:0    2.729975e-02 -0.2033615380  0.257961037 1.0000000
59:0-13:0    3.429424e-02 -0.1836691188  0.252257606 1.0000000
60:0-13:0    3.255200e-02 -0.1749988069  0.240102803 1.0000000
61:0-13:0   -5.200489e-03 -0.2091717510  0.198770774 1.0000000
62:0-13:0    8.152735e-06 -0.2084539137  0.208470219 1.0000000
63:0-13:0   -1.446053e-03 -0.2154340655  0.212541960 1.0000000
64:0-13:0    1.148388e-02 -0.2068751206  0.229842873 1.0000000
65:0-13:0    3.058373e-02 -0.1984388864  0.259606351 1.0000000
66:0-13:0    3.309061e-02 -0.2023750546  0.268556278 1.0000000
67:0-13:0    1.783146e-02 -0.2111911592  0.246854078 1.0000000
68:0-13:0    2.556737e-02 -0.2121699157  0.263304653 1.0000000
69:0-13:0    3.190698e-02 -0.1917394317  0.255553399 1.0000000
70:0-13:0    4.197368e-03 -0.2302147549  0.238609492 1.0000000
71:0-13:0   -3.360977e-02 -0.2590808599  0.191861311 1.0000000
72:0-13:0   -7.758882e-03 -0.2338852573  0.218367494 1.0000000
73:0-13:0   -5.761520e-03 -0.2340154009  0.222492360 1.0000000
74:0-13:0   -6.699507e-03 -0.2483259927  0.234926980 1.0000000
75:0-13:0    1.915949e-02 -0.2210992205  0.259418200 1.0000000
76:0-13:0    4.201716e-03 -0.2233144190  0.231717851 1.0000000
77:0-13:0    2.758875e-02 -0.1929403015  0.248117797 1.0000000
78:0-13:0    1.088530e-02 -0.2096437498  0.231414349 1.0000000
79:0-13:0    3.274035e-03 -0.2073589747  0.213907045 1.0000000
80:0-13:0    2.119937e-02 -0.1875897786  0.229988515 1.0000000
81:0-13:0    6.616599e-03 -0.1997364842  0.212969683 1.0000000
82:0-13:0    7.498757e-03 -0.2076747938  0.222672308 1.0000000
83:0-13:0    2.637118e-02 -0.1919878191  0.244730175 1.0000000
84:0-13:0   -3.350837e-02 -0.2526952294  0.185678491 1.0000000
85:0-13:0    3.185382e-02 -0.2112202286  0.274927869 1.0000000
86:0-13:0   -1.230471e-02 -0.2384310906  0.213821661 1.0000000
87:0-13:0   -1.174549e-02 -0.2424067761  0.218915799 1.0000000
88:0-13:0    4.451660e-02 -0.1888916133  0.277924812 1.0000000
89:0-13:0    4.226200e-02 -0.1892737895  0.273797795 1.0000000
90:0-13:0    5.325629e-03 -0.2221905059  0.232841764 1.0000000
91:0-13:0   -2.903942e-02 -0.2521205114  0.194041663 1.0000000
92:0-13:0    7.913982e-02 -0.1439412661  0.302220909 1.0000000
93:0-13:0    4.725107e-02 -0.1752842679  0.269786412 1.0000000
94:0-13:0    5.607378e-02 -0.1670073039  0.279154871 1.0000000
95:0-13:0    6.444039e-02 -0.1653839667  0.294264750 1.0000000
96:0-13:0    6.902025e-02 -0.1510471616  0.289087661 1.0000000
97:0-13:0    3.696191e-02 -0.1850462548  0.258970083 1.0000000
98:0-13:0    1.598002e-02 -0.2094910640  0.241451107 1.0000000
99:0-13:0    5.785198e-02 -0.1597272304  0.275431198 1.0000000
100:0-13:0  -4.173888e-02 -0.2387357395  0.155257976 1.0000000
1:1-13:0    -5.376207e-02 -0.2519013874  0.144377256 1.0000000
2:1-13:0    -3.295085e-02 -0.2544494826  0.188547791 1.0000000
3:1-13:0     1.136358e-02 -0.2241020817  0.246829251 1.0000000
4:1-13:0     1.871693e-03 -0.2335939736  0.237337359 1.0000000
5:1-13:0     9.967237e-02 -0.1565181463  0.355862883 1.0000000
6:1-13:0    -1.015132e-03 -0.2572056463  0.255175383 1.0000000
7:1-13:0     2.033198e-02 -0.2314670285  0.272130996 1.0000000
8:1-13:0    -2.515263e-02 -0.2995620724  0.249256809 1.0000000
9:1-13:0     6.032368e-03 -0.2612385740  0.273303311 1.0000000
10:1-13:0    1.364023e-02 -0.2802109222  0.307491373 1.0000000
11:1-13:0   -1.905648e-02 -0.2708554900  0.232742535 1.0000000
12:1-13:0   -1.114737e-02 -0.2818231735  0.259528437 1.0000000
13:1-13:0   -6.886316e-02 -0.3395389629  0.201812647 1.0000000
14:1-13:0    2.413684e-02 -0.2465389629  0.294812647 1.0000000
15:1-13:0    3.556880e-02 -0.2582823508  0.329419945 1.0000000
16:1-13:0   -6.982406e-02 -0.3636752079  0.224027088 1.0000000
17:1-13:0   -3.332406e-02 -0.2974765980  0.230828478 1.0000000
18:1-13:0    2.893799e-02 -0.2126884927  0.270564480 1.0000000
19:1-13:0   -2.042028e-02 -0.2593845187  0.218543961 1.0000000
20:1-13:0   -1.930915e-02 -0.2468252885  0.208206982 1.0000000
21:1-13:0    3.262737e-02 -0.1922128417  0.257467579 1.0000000
22:1-13:0   -3.077263e-02 -0.2556128417  0.194067579 1.0000000
23:1-13:0    9.821510e-04 -0.2576575363  0.259621838 1.0000000
24:1-13:0    2.183070e-02 -0.2227779715  0.266439375 1.0000000
25:1-13:0   -6.770557e-02 -0.3462286784  0.210817533 1.0000000
26:1-13:0   -2.218623e-04 -0.3005097067  0.300065982 1.0000000
27:1-13:0    6.400702e-03 -0.2817556973  0.294557101 1.0000000
28:1-13:0    9.221660e-02 -0.2080712452  0.392504444 1.0000000
29:1-13:0    7.006316e-02 -0.2006126472  0.340738963 1.0000000
30:1-13:0    1.395570e-02 -0.2936714491  0.321582853 1.0000000
31:1-13:0   -3.999152e-02 -0.3144009613  0.234417920 1.0000000
32:1-13:0    2.935478e-02 -0.2204676799  0.279177232 1.0000000
33:1-13:0   -1.090718e-02 -0.2721925074  0.250378153 1.0000000
34:1-13:0   -1.723973e-02 -0.2603137769  0.225834320 1.0000000
35:1-13:0    1.574112e-02 -0.2673384144  0.298820651 1.0000000
36:1-13:0   -3.725263e-02 -0.2911690439  0.216663781 1.0000000
37:1-13:0   -3.669298e-03 -0.2482779715  0.240939375 1.0000000
38:1-13:0   -6.565557e-02 -0.3046198128  0.173308667 1.0000000
39:1-13:0   -8.823613e-04 -0.2363480276  0.234583305 1.0000000
40:1-13:0    1.498650e-02 -0.2125296364  0.242502634 1.0000000
41:1-13:0    1.870638e-02 -0.2004804753  0.237893245 1.0000000
42:1-13:0    1.352105e-02 -0.2208910707  0.247933176 1.0000000
43:1-13:0    1.099308e-02 -0.2267442014  0.248730367 1.0000000
44:1-13:0    2.864737e-02 -0.2716404759  0.328935213 1.0000000
45:1-13:0    2.118487e-02 -0.2618946644  0.304264401 1.0000000
46:1-13:0   -6.582406e-02 -0.3596752079  0.228027088 1.0000000
47:1-13:0    6.085987e-02 -0.2222196644  0.343939401 1.0000000
48:1-13:0    6.711404e-02 -0.2210423639  0.355270434 1.0000000
49:1-13:0    1.412972e-02 -0.2643933842  0.292652827 1.0000000
50:1-13:0   -6.759409e-02 -0.2991298871  0.163941697 1.0000000
51:1-13:0   -1.300263e-02 -0.2960821644  0.270076901 1.0000000
52:1-13:0   -5.240632e-03 -0.2591570439  0.248675781 1.0000000
53:1-13:0   -4.226513e-02 -0.2984556463  0.213925383 1.0000000
54:1-13:0    1.502368e-02 -0.2193884392  0.249435808 1.0000000
55:1-13:0    2.176612e-02 -0.2198603677  0.263392605 1.0000000
56:1-13:0    9.224737e-02 -0.1392884236  0.323783160 1.0000000
57:1-13:0   -1.284985e-02 -0.2494225032  0.223722796 1.0000000
58:1-13:0    2.431612e-02 -0.2018102573  0.250442494 1.0000000
59:1-13:0    3.782753e-03 -0.2137964612  0.221361967 1.0000000
60:1-13:0    4.391708e-03 -0.2034518236  0.212235240 1.0000000
61:1-13:0    1.247871e-02 -0.1920375075  0.216994931 1.0000000
62:1-13:0    1.162989e-02 -0.1966732117  0.219932997 1.0000000
63:1-13:0    1.061292e-03 -0.2121125589  0.214235144 1.0000000
64:1-13:0    2.364737e-02 -0.2024790073  0.249773744 1.0000000
65:1-13:0    1.557010e-02 -0.2134525228  0.244592714 1.0000000
66:1-13:0    2.691207e-02 -0.2120521658  0.265876314 1.0000000
67:1-13:0    2.589352e-02 -0.2075146902  0.259301735 1.0000000
68:1-13:0   -1.780385e-02 -0.2493396432  0.213731941 1.0000000
69:1-13:0    4.078937e-02 -0.1840508417  0.265629579 1.0000000
70:1-13:0    3.597100e-02 -0.1860371639  0.257979173 1.0000000
71:1-13:0    5.394499e-02 -0.1767162999  0.284606275 1.0000000
72:1-13:0    1.976737e-02 -0.2179699157  0.257504653 1.0000000
73:1-13:0    5.022515e-02 -0.1780287342  0.278479027 1.0000000
74:1-13:0    4.350318e-02 -0.1863211760  0.273327541 1.0000000
75:1-13:0   -1.792819e-02 -0.2461820675  0.210325693 1.0000000
76:1-13:0    2.710610e-02 -0.1912528984  0.245465096 1.0000000
77:1-13:0    3.248583e-02 -0.1911605855  0.256132245 1.0000000
78:1-13:0    4.443904e-02 -0.1707345160  0.259612586 1.0000000
79:1-13:0   -2.965965e-03 -0.2135989747  0.207667045 1.0000000
80:1-13:0    2.537934e-02 -0.1803821469  0.231140818 1.0000000
81:1-13:0    6.581792e-04 -0.2064725938  0.207788952 1.0000000
82:1-13:0   -1.795263e-02 -0.2257961632  0.189890900 1.0000000
83:1-13:0    4.878854e-02 -0.1754438582  0.273020948 1.0000000
84:1-13:0    6.817632e-02 -0.1662358076  0.302588439 1.0000000
85:1-13:0   -4.187872e-02 -0.2693948537  0.185637417 1.0000000
86:1-13:0    2.759112e-02 -0.1985352573  0.253717494 1.0000000
87:1-13:0   -4.310630e-04 -0.2246634660  0.223801340 1.0000000
88:1-13:0   -8.061142e-03 -0.2348686770  0.218746393 1.0000000
89:1-13:0    3.188614e-02 -0.1935849416  0.257357229 1.0000000
90:1-13:0    3.567495e-02 -0.1848540946  0.256204004 1.0000000
91:1-13:0   -1.209236e-02 -0.2269579737  0.202773258 1.0000000
92:1-13:0    4.910482e-02 -0.1777027195  0.275912350 1.0000000
93:1-13:0    3.796830e-02 -0.1918560597  0.267792657 1.0000000
94:1-13:0    6.188737e-02 -0.1510280161  0.274802753 1.0000000
95:1-13:0    7.254087e-02 -0.1411690507  0.286250801 1.0000000
96:1-13:0    8.901612e-02 -0.1238992661  0.301931503 1.0000000
97:1-13:0    5.587594e-02 -0.1624830572  0.274234937 1.0000000
98:1-13:0    4.464081e-02 -0.1745460490  0.263827671 1.0000000
99:1-13:0    2.697356e-02 -0.1849666747  0.238913792 1.0000000
100:1-13:0  -4.732465e-02 -0.2436935218  0.149044214 1.0000000
15:0-14:0    4.448205e-02 -0.2002911385  0.289255241 1.0000000
16:0-14:0   -8.379123e-02 -0.3479437660  0.180361310 1.0000000
17:0-14:0    1.532963e-02 -0.2274098011  0.258069060 1.0000000
18:0-14:0    7.443763e-02 -0.1613507558  0.310226025 1.0000000
19:0-14:0    3.190769e-02 -0.1939032141  0.257718599 1.0000000
20:0-14:0    1.045000e-02 -0.2125204046  0.233420405 1.0000000
21:0-14:0    2.517514e-02 -0.1868173996  0.237167682 1.0000000
22:0-14:0    1.588095e-02 -0.2070894522  0.238851357 1.0000000
23:0-14:0    3.388862e-02 -0.1899863357  0.257763571 1.0000000
24:0-14:0    1.120000e-02 -0.2462640463  0.268664046 1.0000000
25:0-14:0    3.436078e-02 -0.2378271878  0.306548756 1.0000000
26:0-14:0    9.088889e-02 -0.1770881867  0.358865964 1.0000000
27:0-14:0    7.465667e-02 -0.1860058134  0.335319147 1.0000000
28:0-14:0    6.486042e-02 -0.2119882671  0.341709100 1.0000000
29:0-14:0    6.890877e-02 -0.1952437660  0.333061310 1.0000000
30:0-14:0    7.354167e-04 -0.2761132671  0.277584100 1.0000000
31:0-14:0    1.588406e-02 -0.2359207467  0.267688863 1.0000000
32:0-14:0    1.177121e-02 -0.2427502913  0.266292715 1.0000000
33:0-14:0   -3.026190e-03 -0.2908797451  0.284827364 1.0000000
34:0-14:0   -1.354103e-02 -0.2583142154  0.231232164 1.0000000
35:0-14:0   -4.850098e-02 -0.2800502837  0.183048323 1.0000000
36:0-14:0    1.098048e-01 -0.1476592844  0.367268808 1.0000000
37:0-14:0    5.694848e-02 -0.1975730185  0.311469988 1.0000000
38:0-14:0    3.423974e-02 -0.2105334462  0.279012933 1.0000000
39:0-14:0    1.500758e-03 -0.2197740300  0.222775545 1.0000000
40:0-14:0    2.722160e-02 -0.1800149433  0.234458136 1.0000000
41:0-14:0   -2.893756e-02 -0.2361740982  0.178298981 1.0000000
42:0-14:0   -9.786395e-03 -0.2273832287  0.207810440 1.0000000
43:0-14:0    8.305128e-03 -0.2175057782  0.234116035 1.0000000
44:0-14:0    8.152917e-02 -0.1953195171  0.358377850 1.0000000
45:0-14:0    8.581667e-03 -0.2520808134  0.269244147 1.0000000
46:0-14:0    6.321667e-02 -0.2573234859  0.383756819 1.0000000
47:0-14:0   -3.589242e-02 -0.2904139276  0.218629079 1.0000000
48:0-14:0   -3.748000e-02 -0.3195177318  0.244557732 1.0000000
49:0-14:0    1.350000e-02 -0.2884033550  0.315403355 1.0000000
50:0-14:0    4.875797e-02 -0.1709572165  0.268473159 1.0000000
51:0-14:0   -6.585965e-03 -0.2707385028  0.257566573 1.0000000
52:0-14:0   -2.097407e-02 -0.2637135048  0.221765357 1.0000000
53:0-14:0   -1.667179e-02 -0.2614449846  0.228101395 1.0000000
54:0-14:0    3.601884e-02 -0.1836963469  0.255734028 1.0000000
55:0-14:0    1.784058e-03 -0.2179311295  0.221499245 1.0000000
56:0-14:0    1.118542e-02 -0.2070903484  0.229461182 1.0000000
57:0-14:0   -2.094065e-02 -0.2448156040  0.202934303 1.0000000
58:0-14:0    3.261905e-02 -0.1903513570  0.255589452 1.0000000
59:0-14:0    3.961354e-02 -0.1701939870  0.249421070 1.0000000
60:0-14:0    3.787130e-02 -0.1610973155  0.236839908 1.0000000
61:0-14:0    1.188095e-04 -0.1951129699  0.195350589 1.0000000
62:0-14:0    5.327451e-03 -0.1945915451  0.205246447 1.0000000
63:0-14:0    3.873246e-03 -0.2018013554  0.209547847 1.0000000
64:0-14:0    1.680317e-02 -0.1934153389  0.227021688 1.0000000
65:0-14:0    3.590303e-02 -0.1853717573  0.257177818 1.0000000
66:0-14:0    3.840991e-02 -0.1895270372  0.266346857 1.0000000
67:0-14:0    2.315076e-02 -0.1981240300  0.244425545 1.0000000
68:0-14:0    3.088667e-02 -0.1993961770  0.261169510 1.0000000
69:0-14:0    3.722628e-02 -0.1784792835  0.252931848 1.0000000
70:0-14:0    9.516667e-03 -0.2173317748  0.236365108 1.0000000
71:0-14:0   -2.829048e-02 -0.2458873103  0.189306358 1.0000000
72:0-14:0   -2.439583e-03 -0.2207153484  0.215836182 1.0000000
73:0-14:0   -4.422222e-04 -0.2209212592  0.220036815 1.0000000
74:0-14:0   -1.380208e-03 -0.2356760270  0.232915610 1.0000000
75:0-14:0    2.447879e-02 -0.2084062044  0.257363780 1.0000000
76:0-14:0    9.521014e-03 -0.2101941730  0.229236202 1.0000000
77:0-14:0    3.290805e-02 -0.1795636778  0.245379770 1.0000000
78:0-14:0    1.620460e-02 -0.1962671261  0.228676321 1.0000000
79:0-14:0    8.593333e-03 -0.1935883588  0.210775026 1.0000000
80:0-14:0    2.651867e-02 -0.1737413637  0.226778697 1.0000000
81:0-14:0    1.193590e-02 -0.1857830113  0.209654806 1.0000000
82:0-14:0    1.281806e-02 -0.1940897232  0.219725834 1.0000000
83:0-14:0    3.169048e-02 -0.1785280373  0.241908990 1.0000000
84:0-14:0   -2.818907e-02 -0.2392673775  0.182889235 1.0000000
85:0-14:0    3.717312e-02 -0.1986152719  0.272961508 1.0000000
86:0-14:0   -6.985417e-03 -0.2252611817  0.211290348 1.0000000
87:0-14:0   -6.426190e-03 -0.2293965951  0.216544214 1.0000000
88:0-14:0    4.983590e-02 -0.1759750090  0.275646804 1.0000000
89:0-14:0    4.758130e-02 -0.1762936528  0.271456254 1.0000000
90:0-14:0    1.064493e-02 -0.2090702600  0.230360115 1.0000000
91:0-14:0   -2.372013e-02 -0.2388394959  0.191399244 1.0000000
92:0-14:0    8.445912e-02 -0.1306602506  0.299578490 1.0000000
93:0-14:0    5.257037e-02 -0.1619830015  0.267123742 1.0000000
94:0-14:0    6.139308e-02 -0.1537262883  0.276512452 1.0000000
95:0-14:0    6.975969e-02 -0.1523448069  0.291864187 1.0000000
96:0-14:0    7.433955e-02 -0.1376529928  0.286332089 1.0000000
97:0-14:0    4.228121e-02 -0.1717253270  0.256287751 1.0000000
98:0-14:0    2.129932e-02 -0.1962975144  0.238896154 1.0000000
99:0-14:0    6.317128e-02 -0.1462371378  0.272579702 1.0000000
100:0-14:0  -3.641958e-02 -0.2243529063  0.151513740 1.0000000
1:1-14:0    -4.844277e-02 -0.2375733114  0.140687777 1.0000000
2:1-14:0    -2.763155e-02 -0.2411094572  0.185846362 1.0000000
3:1-14:0     1.668288e-02 -0.2112540642  0.244619830 1.0000000
4:1-14:0     7.190991e-03 -0.2207459561  0.235127938 1.0000000
5:1-14:0     1.049917e-01 -0.1442968242  0.354280158 1.0000000
6:1-14:0     4.304167e-03 -0.2449843242  0.253592658 1.0000000
7:1-14:0     2.565128e-02 -0.2191219077  0.270424472 1.0000000
8:1-14:0    -1.983333e-02 -0.2878104089  0.248143742 1.0000000
9:1-14:0     1.135167e-02 -0.2493108134  0.272014147 1.0000000
10:1-14:0    1.895952e-02 -0.2688940308  0.306813078 1.0000000
11:1-14:0   -1.373718e-02 -0.2585103693  0.231036010 1.0000000
12:1-14:0   -5.828070e-03 -0.2699806081  0.258324468 1.0000000
13:1-14:0   -6.354386e-02 -0.3276963975  0.200608678 1.0000000
14:1-14:0    2.945614e-02 -0.2346963975  0.293608678 1.0000000
15:1-14:0    4.088810e-02 -0.2469654594  0.328741650 1.0000000
16:1-14:0   -6.450476e-02 -0.3523583165  0.223348793 1.0000000
17:1-14:0   -2.800476e-02 -0.2854688082  0.229459284 1.0000000
18:1-14:0    3.425729e-02 -0.2000385270  0.268553110 1.0000000
19:1-14:0   -1.510098e-02 -0.2466502837  0.216448323 1.0000000
20:1-14:0   -1.398986e-02 -0.2337050426  0.205725332 1.0000000
21:1-14:0    3.794667e-02 -0.1789963948  0.254889728 1.0000000
22:1-14:0   -2.545333e-02 -0.2423963948  0.191489728 1.0000000
23:1-14:0    6.301449e-03 -0.2455033554  0.258106254 1.0000000
24:1-14:0    2.715000e-02 -0.2102201221  0.264520122 1.0000000
25:1-14:0   -6.238627e-02 -0.3345742467  0.209801698 1.0000000
26:1-14:0    5.097436e-03 -0.2893239650  0.299518837 1.0000000
27:1-14:0    1.172000e-02 -0.2703177318  0.293757732 1.0000000
28:1-14:0    9.753590e-02 -0.1968855035  0.391957298 1.0000000
29:1-14:0    7.538246e-02 -0.1887700818  0.339534994 1.0000000
30:1-14:0    1.927500e-02 -0.2826283550  0.321178355 1.0000000
31:1-14:0   -3.467222e-02 -0.3026492978  0.233304853 1.0000000
32:1-14:0    3.467407e-02 -0.2080653566  0.277413505 1.0000000
33:1-14:0   -5.587879e-03 -0.2601093822  0.248933625 1.0000000
34:1-14:0   -1.192043e-02 -0.2477088203  0.223867960 1.0000000
35:1-14:0    2.106042e-02 -0.2557882671  0.297909100 1.0000000
36:1-14:0   -3.193333e-02 -0.2788841712  0.215017504 1.0000000
37:1-14:0    1.650000e-03 -0.2357201221  0.239020122 1.0000000
38:1-14:0   -6.033627e-02 -0.2918855778  0.171213029 1.0000000
39:1-14:0    4.436937e-03 -0.2235000101  0.232373884 1.0000000
40:1-14:0    2.030580e-02 -0.1994093904  0.240020985 1.0000000
41:1-14:0    2.402568e-02 -0.1870526234  0.235103990 1.0000000
42:1-14:0    1.884035e-02 -0.2080080906  0.245688792 1.0000000
43:1-14:0    1.631238e-02 -0.2139704627  0.246595225 1.0000000
44:1-14:0    3.396667e-02 -0.2604547342  0.328388068 1.0000000
45:1-14:0    2.650417e-02 -0.2503445171  0.303352850 1.0000000
46:1-14:0   -6.050476e-02 -0.3483583165  0.227348793 1.0000000
47:1-14:0    6.617917e-02 -0.2106695171  0.343027850 1.0000000
48:1-14:0    7.243333e-02 -0.2096043984  0.354471065 1.0000000
49:1-14:0    1.944902e-02 -0.2527389525  0.291636992 1.0000000
50:1-14:0   -6.227480e-02 -0.2861497503  0.161600157 1.0000000
51:1-14:0   -7.683333e-03 -0.2845320171  0.269165350 1.0000000
52:1-14:0    7.866667e-05 -0.2468721712  0.247029504 1.0000000
53:1-14:0   -3.694583e-02 -0.2862343242  0.212342658 1.0000000
54:1-14:0    2.034298e-02 -0.2065054591  0.247191424 1.0000000
55:1-14:0    2.708542e-02 -0.2072104020  0.261381235 1.0000000
56:1-14:0    9.756667e-02 -0.1263082869  0.321441620 1.0000000
57:1-14:0   -7.530556e-03 -0.2366108696  0.221549759 1.0000000
58:1-14:0    2.963542e-02 -0.1886403484  0.247911182 1.0000000
59:1-14:0    9.102051e-03 -0.2003063686  0.218510471 1.0000000
60:1-14:0    9.711006e-03 -0.1895629395  0.208984952 1.0000000
61:1-14:0    1.779801e-02 -0.1780030517  0.213599072 1.0000000
62:1-14:0    1.694919e-02 -0.1828040446  0.216702427 1.0000000
63:1-14:0    6.380591e-03 -0.1984468067  0.211207988 1.0000000
64:1-14:0    2.896667e-02 -0.1893090984  0.247242432 1.0000000
65:1-14:0    2.088939e-02 -0.2003853936  0.242164182 1.0000000
66:1-14:0    3.223137e-02 -0.1993179308  0.263780676 1.0000000
67:1-14:0    3.121282e-02 -0.1945980859  0.257023727 1.0000000
68:1-14:0   -1.248455e-02 -0.2363595064  0.211390401 1.0000000
69:1-14:0    4.610867e-02 -0.1708343948  0.263051728 1.0000000
70:1-14:0    4.129030e-02 -0.1727162361  0.255296842 1.0000000
71:1-14:0    5.926429e-02 -0.1637061189  0.282234690 1.0000000
72:1-14:0    2.508667e-02 -0.2051961770  0.255369510 1.0000000
73:1-14:0    5.554444e-02 -0.1649345925  0.276023481 1.0000000
74:1-14:0    4.882248e-02 -0.1732820162  0.270926977 1.0000000
75:1-14:0   -1.260889e-02 -0.2330879259  0.207870148 1.0000000
76:1-14:0    3.242540e-02 -0.1777931167  0.242643910 1.0000000
77:1-14:0    3.780513e-02 -0.1779004373  0.253510694 1.0000000
78:1-14:0    4.975833e-02 -0.1571494455  0.256666112 1.0000000
79:1-14:0    2.353333e-03 -0.1998283588  0.204535026 1.0000000
80:1-14:0    3.069863e-02 -0.1664027601  0.227800028 1.0000000
81:1-14:0    5.977477e-03 -0.1925529459  0.204507901 1.0000000
82:1-14:0   -1.263333e-02 -0.2119072791  0.186640612 1.0000000
83:1-14:0    5.410784e-02 -0.1622052227  0.270420909 1.0000000
84:1-14:0    7.349561e-02 -0.1533528275  0.300344056 1.0000000
85:1-14:0   -3.655942e-02 -0.2562746078  0.183155767 1.0000000
86:1-14:0    3.291042e-02 -0.1853653484  0.251186182 1.0000000
87:1-14:0    4.888235e-03 -0.2114248305  0.221201301 1.0000000
88:1-14:0   -2.741844e-03 -0.2217231894  0.216239501 1.0000000
89:1-14:0    3.720544e-02 -0.1803913920  0.254802276 1.0000000
90:1-14:0    4.099425e-02 -0.1714774709  0.253465977 1.0000000
91:1-14:0   -6.773059e-03 -0.2133605827  0.199814464 1.0000000
92:1-14:0    5.442411e-02 -0.1645572320  0.273405459 1.0000000
93:1-14:0    4.328760e-02 -0.1788169000  0.265392094 1.0000000
94:1-14:0    6.720667e-02 -0.1373517181  0.271765051 1.0000000
95:1-14:0    7.786017e-02 -0.1275250847  0.283245431 1.0000000
96:1-14:0    9.433542e-02 -0.1102229681  0.298893801 1.0000000
97:1-14:0    6.119524e-02 -0.1490232754  0.271413752 1.0000000
98:1-14:0    4.996011e-02 -0.1611181972  0.261038416 1.0000000
99:1-14:0    3.229286e-02 -0.1712503433  0.235836058 1.0000000
100:1-14:0  -4.200536e-02 -0.2292802982  0.145269587 1.0000000
16:0-15:0   -1.282733e-01 -0.3800722916  0.123525733 1.0000000
17:0-15:0   -2.915242e-02 -0.2583872587  0.200082415 1.0000000
18:0-15:0    2.995558e-02 -0.1919055091  0.251816675 1.0000000
19:0-15:0   -1.257436e-02 -0.2238011205  0.198652403 1.0000000
20:0-15:0   -3.403205e-02 -0.2422194204  0.174155318 1.0000000
21:0-15:0   -1.930691e-02 -0.2156917788  0.177077959 1.0000000
22:0-15:0   -2.860110e-02 -0.2367884680  0.179586270 1.0000000
23:0-15:0   -1.059343e-02 -0.2197492943  0.198562428 1.0000000
24:0-15:0   -3.328205e-02 -0.2780552411  0.211491138 1.0000000
25:0-15:0   -1.012127e-02 -0.2703374684  0.250094934 1.0000000
26:0-15:0    4.640684e-02 -0.2094014741  0.302215149 1.0000000
27:0-15:0    3.017462e-02 -0.2179606457  0.278309876 1.0000000
28:0-15:0    2.037837e-02 -0.2447091165  0.285465847 1.0000000
29:0-15:0    2.442672e-02 -0.2273722916  0.276225733 1.0000000
30:0-15:0   -4.374663e-02 -0.3088341165  0.221340847 1.0000000
31:0-15:0   -2.859799e-02 -0.2674113912  0.210215405 1.0000000
32:0-15:0   -3.271084e-02 -0.2743870171  0.208965339 1.0000000
33:0-15:0   -4.750824e-02 -0.3240689913  0.229052508 1.0000000
34:0-15:0   -5.802308e-02 -0.2894104010  0.173364247 1.0000000
35:0-15:0   -9.298303e-02 -0.3103335762  0.124367513 1.0000000
36:0-15:0    6.532271e-02 -0.1794504791  0.310095900 1.0000000
37:0-15:0    1.246643e-02 -0.2292097444  0.254142612 1.0000000
38:0-15:0   -1.024231e-02 -0.2416296318  0.221145016 1.0000000
39:0-15:0   -4.298129e-02 -0.2493516184  0.163389031 1.0000000
40:0-15:0   -1.726046e-02 -0.2085015663  0.173980656 1.0000000
41:0-15:0   -7.341961e-02 -0.2646607212  0.117821501 1.0000000
42:0-15:0   -5.426845e-02 -0.2566901876  0.148153296 1.0000000
43:0-15:0   -3.617692e-02 -0.2474036846  0.175049838 1.0000000
44:0-15:0    3.704712e-02 -0.2280403665  0.302134597 1.0000000
45:0-15:0   -3.590038e-02 -0.2840356457  0.212234876 1.0000000
46:0-15:0    1.873462e-02 -0.2917040561  0.329173287 1.0000000
47:0-15:0   -8.037448e-02 -0.3220506535  0.161301702 1.0000000
48:0-15:0   -8.196205e-02 -0.3524642906  0.188540188 1.0000000
49:0-15:0   -3.098205e-02 -0.3221380492  0.260173947 1.0000000
50:0-15:0    4.275920e-03 -0.2004212784  0.208973118 1.0000000
51:0-15:0   -5.106802e-02 -0.3028670285  0.200730996 1.0000000
52:0-15:0   -6.545613e-02 -0.2946909624  0.163778712 1.0000000
53:0-15:0   -6.115385e-02 -0.2925411702  0.170233478 1.0000000
54:0-15:0   -8.463211e-03 -0.2131604089  0.196233987 1.0000000
55:0-15:0   -4.269799e-02 -0.2473951915  0.161999205 1.0000000
56:0-15:0   -3.329663e-02 -0.2364480287  0.169854759 1.0000000
57:0-15:0   -6.542270e-02 -0.2745785626  0.143733159 1.0000000
58:0-15:0   -1.186300e-02 -0.2200503728  0.196324365 1.0000000
59:0-15:0   -4.868510e-03 -0.1988926793  0.189155660 1.0000000
60:0-15:0   -6.610755e-03 -0.1888597270  0.175638217 1.0000000
61:0-15:0   -4.436324e-02 -0.2225250418  0.133798558 1.0000000
62:0-15:0   -3.915460e-02 -0.2224406726  0.144131472 1.0000000
63:0-15:0   -4.060881e-02 -0.2301562161  0.148938605 1.0000000
64:0-15:0   -2.767888e-02 -0.2221473901  0.166789637 1.0000000
65:0-15:0   -8.579021e-03 -0.2149493457  0.197791304 1.0000000
66:0-15:0   -6.072141e-03 -0.2195702237  0.207425941 1.0000000
67:0-15:0   -2.133129e-02 -0.2277016184  0.185039031 1.0000000
68:0-15:0   -1.359538e-02 -0.2295962351  0.202405466 1.0000000
69:0-15:0   -7.255769e-03 -0.2076430700  0.193131532 1.0000000
70:0-15:0   -3.496538e-02 -0.2473009557  0.177370186 1.0000000
71:0-15:0   -7.277253e-02 -0.2751942692  0.129649214 1.0000000
72:0-15:0   -4.692163e-02 -0.2500730287  0.156229759 1.0000000
73:0-15:0   -4.492427e-02 -0.2504411465  0.160592599 1.0000000
74:0-15:0   -4.586226e-02 -0.2661364296  0.174411910 1.0000000
75:0-15:0   -2.000326e-02 -0.2387762027  0.198769676 1.0000000
76:0-15:0   -3.496104e-02 -0.2396582349  0.169736161 1.0000000
77:0-15:0   -1.157401e-02 -0.2084760437  0.185328033 1.0000000
78:0-15:0   -2.827745e-02 -0.2251794919  0.168624585 1.0000000
79:0-15:0   -3.588872e-02 -0.2216402078  0.149862772 1.0000000
80:0-15:0   -1.796338e-02 -0.2016213794  0.165694610 1.0000000
81:0-15:0   -3.254615e-02 -0.2134299458  0.148337638 1.0000000
82:0-15:0   -3.166400e-02 -0.2225487993  0.159220808 1.0000000
83:0-15:0   -1.279158e-02 -0.2072600885  0.181676938 1.0000000
84:0-15:0   -7.267112e-02 -0.2680687446  0.122726500 1.0000000
85:0-15:0   -7.308933e-03 -0.2291700252  0.214552159 1.0000000
86:0-15:0   -5.146747e-02 -0.2546188621  0.151683926 1.0000000
87:0-15:0   -5.090824e-02 -0.2590956109  0.157279127 1.0000000
88:0-15:0    5.353846e-03 -0.2058729154  0.216580608 1.0000000
89:0-15:0    3.099250e-03 -0.2060566114  0.212255110 1.0000000
90:0-15:0   -3.383712e-02 -0.2385343219  0.170860074 1.0000000
91:0-15:0   -6.820218e-02 -0.2679583352  0.131553981 1.0000000
92:0-15:0    3.997707e-02 -0.1597790899  0.239733226 1.0000000
93:0-15:0    8.088319e-03 -0.1910581815  0.207234820 1.0000000
94:0-15:0    1.691103e-02 -0.1828451276  0.216667189 1.0000000
95:0-15:0    2.527764e-02 -0.1819820700  0.232537347 1.0000000
96:0-15:0    2.985750e-02 -0.1665273720  0.226242366 1.0000000
97:0-15:0   -2.200839e-03 -0.2007580806  0.196356402 1.0000000
98:0-15:0   -2.318273e-02 -0.2256044733  0.179239010 1.0000000
99:0-15:0    1.868923e-02 -0.1749032939  0.212281755 1.0000000
100:0-15:0  -8.090163e-02 -0.2510342687  0.089230999 1.0000000
1:1-15:0    -9.292482e-02 -0.2643790167  0.078529379 0.9999995
2:1-15:0    -7.211360e-02 -0.2701009652  0.125873767 1.0000000
3:1-15:0    -2.779917e-02 -0.2412972507  0.185698914 1.0000000
4:1-15:0    -3.729106e-02 -0.2507891426  0.176207022 1.0000000
5:1-15:0     6.050962e-02 -0.1756490833  0.296668314 1.0000000
6:1-15:0    -4.017788e-02 -0.2763365833  0.195980814 1.0000000
7:1-15:0    -1.883077e-02 -0.2502180933  0.212556555 1.0000000
8:1-15:0    -6.431538e-02 -0.3201236964  0.191492927 1.0000000
9:1-15:0    -3.313038e-02 -0.2812656457  0.215004876 1.0000000
10:1-15:0   -2.552253e-02 -0.3020832771  0.251038222 1.0000000
11:1-15:0   -5.821923e-02 -0.2896065549  0.173168093 1.0000000
12:1-15:0   -5.031012e-02 -0.3021091338  0.201488891 1.0000000
13:1-15:0   -1.080259e-01 -0.3598249232  0.143773101 1.0000000
14:1-15:0   -1.502591e-02 -0.2668249232  0.236773101 1.0000000
15:1-15:0   -3.593956e-03 -0.2801547056  0.272966794 1.0000000
16:1-15:0   -1.089868e-01 -0.3855475628  0.167573936 1.0000000
17:1-15:0   -7.248681e-02 -0.3172600030  0.172286377 1.0000000
18:1-15:0   -1.022476e-02 -0.2304989296  0.210049410 1.0000000
19:1-15:0   -5.958303e-02 -0.2769335762  0.157767513 1.0000000
20:1-15:0   -5.847191e-02 -0.2631691045  0.146225292 1.0000000
21:1-15:0   -6.535385e-03 -0.2082541771  0.195183408 1.0000000
22:1-15:0   -6.993538e-02 -0.2716541771  0.131783408 1.0000000
23:1-15:0   -3.818060e-02 -0.2769939999  0.200632796 1.0000000
24:1-15:0   -1.733205e-02 -0.2408734438  0.206209341 1.0000000
25:1-15:0   -1.068683e-01 -0.3670845273  0.153347876 1.0000000
26:1-15:0   -3.938462e-02 -0.3227750539  0.244005823 1.0000000
27:1-15:0   -3.276205e-02 -0.3032642906  0.237740188 1.0000000
28:1-15:0    5.305385e-02 -0.2303365923  0.336444285 1.0000000
29:1-15:0    3.090040e-02 -0.2208986074  0.282699417 1.0000000
30:1-15:0   -2.520705e-02 -0.3163630492  0.265948947 1.0000000
31:1-15:0   -7.915427e-02 -0.3349625852  0.176654038 1.0000000
32:1-15:0   -9.807977e-03 -0.2390428143  0.219426860 1.0000000
33:1-15:0   -5.006993e-02 -0.2917461080  0.191606248 1.0000000
34:1-15:0   -5.640248e-02 -0.2782635736  0.165458611 1.0000000
35:1-15:0   -2.342163e-02 -0.2885091165  0.241665847 1.0000000
36:1-15:0   -7.641538e-02 -0.3101051268  0.157274358 1.0000000
37:1-15:0   -4.283205e-02 -0.2663734438  0.180709341 1.0000000
38:1-15:0   -1.048183e-01 -0.3221688703  0.112532219 1.0000000
39:1-15:0   -4.004511e-02 -0.2535431967  0.173452968 1.0000000
40:1-15:0   -2.417625e-02 -0.2288734523  0.180520944 1.0000000
41:1-15:0   -2.045637e-02 -0.2158539905  0.174941254 1.0000000
42:1-15:0   -2.564170e-02 -0.2379772715  0.186693871 1.0000000
43:1-15:0   -2.816967e-02 -0.2441705208  0.187831180 1.0000000
44:1-15:0   -1.051538e-02 -0.2939058231  0.272875054 1.0000000
45:1-15:0   -1.797788e-02 -0.2830653665  0.247109597 1.0000000
46:1-15:0   -1.049868e-01 -0.3815475628  0.171573936 1.0000000
47:1-15:0    2.169712e-02 -0.2433903665  0.286784597 1.0000000
48:1-15:0    2.795128e-02 -0.2425509572  0.298453521 1.0000000
49:1-15:0   -2.503303e-02 -0.2852492331  0.235183170 1.0000000
50:1-15:0   -1.067568e-01 -0.3159127090  0.102399013 1.0000000
51:1-15:0   -5.216538e-02 -0.3172528665  0.212922097 1.0000000
52:1-15:0   -4.440338e-02 -0.2780931268  0.189286358 1.0000000
53:1-15:0   -8.142788e-02 -0.3175865833  0.154730814 1.0000000
54:1-15:0   -2.413907e-02 -0.2364746399  0.188196502 1.0000000
55:1-15:0   -1.739663e-02 -0.2376708046  0.202877535 1.0000000
56:1-15:0    5.308462e-02 -0.1560712455  0.262240476 1.0000000
57:1-15:0   -5.201261e-02 -0.2667309563  0.162705743 1.0000000
58:1-15:0   -1.484663e-02 -0.2179980287  0.188304759 1.0000000
59:1-15:0   -3.538000e-02 -0.2289725247  0.158212525 1.0000000
60:1-15:0   -3.477104e-02 -0.2173533135  0.147811224 1.0000000
61:1-15:0   -2.668404e-02 -0.2054694856  0.152101403 1.0000000
62:1-15:0   -2.753286e-02 -0.2106381154  0.155572395 1.0000000
63:1-15:0   -3.810146e-02 -0.2267292476  0.150526326 1.0000000
64:1-15:0   -1.551538e-02 -0.2186667787  0.187636009 1.0000000
65:1-15:0   -2.359266e-02 -0.2299629821  0.182777667 1.0000000
66:1-15:0   -1.225068e-02 -0.2296012232  0.205099866 1.0000000
67:1-15:0   -1.326923e-02 -0.2244959923  0.197957531 1.0000000
68:1-15:0   -5.696660e-02 -0.2661224651  0.152189257 1.0000000
69:1-15:0    1.626615e-03 -0.2000921771  0.203345408 1.0000000
70:1-15:0   -3.191748e-03 -0.2017489897  0.195365493 1.0000000
71:1-15:0    1.478223e-02 -0.1934051347  0.222969604 1.0000000
72:1-15:0   -1.939538e-02 -0.2353962351  0.196605466 1.0000000
73:1-15:0    1.106239e-02 -0.1944544798  0.216579266 1.0000000
74:1-15:0    4.340429e-03 -0.2029192793  0.211600138 1.0000000
75:1-15:0   -5.709094e-02 -0.2626078131  0.148425933 1.0000000
76:1-15:0   -1.205665e-02 -0.2065251679  0.182411859 1.0000000
77:1-15:0   -6.676923e-03 -0.2070642238  0.193710378 1.0000000
78:1-15:0    5.276282e-03 -0.1856085215  0.196161086 1.0000000
79:1-15:0   -4.212872e-02 -0.2278802078  0.143622772 1.0000000
80:1-15:0   -1.378342e-02 -0.1939920155  0.166425181 1.0000000
81:1-15:0   -3.850457e-02 -0.2202750563  0.143265909 1.0000000
82:1-15:0   -5.711538e-02 -0.2396976532  0.125466884 1.0000000
83:1-15:0    9.625792e-03 -0.1914153028  0.210666887 1.0000000
84:1-15:0    2.901356e-02 -0.1833220083  0.241349134 1.0000000
85:1-15:0   -8.104147e-02 -0.2857386697  0.123655727 1.0000000
86:1-15:0   -1.157163e-02 -0.2147230287  0.191579759 1.0000000
87:1-15:0   -3.959382e-02 -0.2406349107  0.161447279 1.0000000
88:1-15:0   -4.722390e-02 -0.2511332108  0.156685420 1.0000000
89:1-15:0   -7.276609e-03 -0.2096983509  0.195145133 1.0000000
90:1-15:0   -3.487798e-03 -0.2003898368  0.193414240 1.0000000
91:1-15:0   -5.125511e-02 -0.2417927293  0.139282508 1.0000000
92:1-15:0    9.942062e-03 -0.1939672534  0.213851378 1.0000000
93:1-15:0   -1.194454e-03 -0.2084541631  0.206065254 1.0000000
94:1-15:0    2.272462e-02 -0.1656110215  0.211060252 1.0000000
95:1-15:0    3.337812e-02 -0.1558552882  0.222611532 1.0000000
96:1-15:0    4.985337e-02 -0.1384822715  0.238189002 1.0000000
97:1-15:0    1.671319e-02 -0.1777553266  0.211181700 1.0000000
98:1-15:0    5.478058e-03 -0.1899195643  0.200875680 1.0000000
99:1-15:0   -1.218919e-02 -0.1994217067  0.175043318 1.0000000
100:1-15:0  -8.648741e-02 -0.2558924937  0.082917680 1.0000000
17:0-16:0    9.912086e-02 -0.1507015980  0.348943313 1.0000000
18:0-16:0    1.582289e-01 -0.0848451861  0.401302911 0.9964850
19:0-16:0    1.156989e-01 -0.1177092921  0.349107133 1.0000000
20:0-16:0    9.424123e-02 -0.1364200593  0.324902515 1.0000000
21:0-16:0    1.089664e-01 -0.1111010420  0.329033781 1.0000000
22:0-16:0    9.967218e-02 -0.1309891069  0.330333468 1.0000000
23:0-16:0    1.176798e-01 -0.1138559461  0.349215638 1.0000000
24:0-16:0    9.499123e-02 -0.1691613098  0.359143766 1.0000000
25:0-16:0    1.181520e-01 -0.1603710932  0.396675118 1.0000000
26:0-16:0    1.746801e-01 -0.0997293238  0.449089558 0.9984281
27:0-16:0    1.584479e-01 -0.1088230477  0.425718837 0.9999251
28:0-16:0    1.486516e-01 -0.1344278881  0.431731178 0.9999999
29:0-16:0    1.527000e-01 -0.1179758051  0.423375805 0.9999943
30:0-16:0    8.452664e-02 -0.1985528881  0.367606178 1.0000000
31:0-16:0    9.967529e-02 -0.1589644012  0.358314973 1.0000000
32:0-16:0    9.556244e-02 -0.1657228901  0.356847771 1.0000000
33:0-16:0    8.076504e-02 -0.2130861102  0.374616185 1.0000000
34:0-16:0    7.025020e-02 -0.1815488099  0.322049215 1.0000000
35:0-16:0    3.529025e-02 -0.2036739924  0.274254488 1.0000000
36:0-16:0    1.935960e-01 -0.0705565479  0.457748528 0.9156445
37:0-16:0    1.407397e-01 -0.1205456174  0.402025043 0.9999996
38:0-16:0    1.180310e-01 -0.1337680406  0.369829984 1.0000000
39:0-16:0    8.529199e-02 -0.1437306328  0.314314604 1.0000000
40:0-16:0    1.110128e-01 -0.1044768772  0.326502526 1.0000000
41:0-16:0    5.485367e-02 -0.1606360322  0.270343371 1.0000000
42:0-16:0    7.400483e-02 -0.1514662520  0.299475919 1.0000000
43:0-16:0    9.209636e-02 -0.1413118562  0.325504569 1.0000000
44:0-16:0    1.653204e-01 -0.1177591381  0.448399928 0.9999642
45:0-16:0    9.237289e-02 -0.1748980477  0.359643837 1.0000000
46:0-16:0    1.470079e-01 -0.1789289359  0.472944725 1.0000000
47:0-16:0    4.789880e-02 -0.2133865265  0.309184134 1.0000000
48:0-16:0    4.631123e-02 -0.2418451710  0.334467627 1.0000000
49:0-16:0    9.729123e-02 -0.2103359228  0.404918379 1.0000000
50:0-16:0    1.325492e-01 -0.0949669361  0.360065334 0.9999683
51:0-16:0    7.720526e-02 -0.1934705419  0.347881068 1.0000000
52:0-16:0    6.281715e-02 -0.1870053017  0.312639610 1.0000000
53:0-16:0    6.711943e-02 -0.1846795791  0.318918445 1.0000000
54:0-16:0    1.198101e-01 -0.1077060666  0.347326204 0.9999999
55:0-16:0    8.557529e-02 -0.1419408492  0.313091421 1.0000000
56:0-16:0    9.497664e-02 -0.1311497309  0.321103020 1.0000000
57:0-16:0    6.285058e-02 -0.1686852144  0.294386370 1.0000000
58:0-16:0    1.164103e-01 -0.1142510117  0.347071563 1.0000000
59:0-16:0    1.234048e-01 -0.0945585925  0.341368132 0.9999930
60:0-16:0    1.216625e-01 -0.0858882806  0.329213329 0.9999569
61:0-16:0    8.391004e-02 -0.1200612247  0.287881300 1.0000000
62:0-16:0    8.911868e-02 -0.1193433874  0.297580746 1.0000000
63:0-16:0    8.766447e-02 -0.1263235392  0.301652487 1.0000000
64:0-16:0    1.005944e-01 -0.1177645943  0.318953400 1.0000000
65:0-16:0    1.196943e-01 -0.1093283601  0.348716877 0.9999999
66:0-16:0    1.222011e-01 -0.1132645283  0.357666804 1.0000000
67:0-16:0    1.069420e-01 -0.1220806328  0.335964604 1.0000000
68:0-16:0    1.146779e-01 -0.1230593894  0.352415179 1.0000000
69:0-16:0    1.210175e-01 -0.1026289054  0.344663926 0.9999995
70:0-16:0    9.330789e-02 -0.1411042286  0.327720018 1.0000000
71:0-16:0    5.550075e-02 -0.1699703336  0.280971837 1.0000000
72:0-16:0    8.135164e-02 -0.1447747309  0.307478020 1.0000000
73:0-16:0    8.334901e-02 -0.1449048745  0.311602886 1.0000000
74:0-16:0    8.241102e-02 -0.1592154664  0.324037506 1.0000000
75:0-16:0    1.082700e-01 -0.1319886942  0.348528726 1.0000000
76:0-16:0    9.331224e-02 -0.1342038926  0.320828378 1.0000000
77:0-16:0    1.166993e-01 -0.1038297752  0.337228323 0.9999999
78:0-16:0    9.999583e-02 -0.1205332235  0.320524875 1.0000000
79:0-16:0    9.238456e-02 -0.1182484484  0.303017571 1.0000000
80:0-16:0    1.103099e-01 -0.0984792523  0.319099042 0.9999999
81:0-16:0    9.572713e-02 -0.1106259579  0.302080209 1.0000000
82:0-16:0    9.660928e-02 -0.1185642675  0.311782835 1.0000000
83:0-16:0    1.154817e-01 -0.1028772927  0.333840701 0.9999999
84:0-16:0    5.560216e-02 -0.1635847031  0.274789017 1.0000000
85:0-16:0    1.209643e-01 -0.1221097022  0.364038395 1.0000000
86:0-16:0    7.680581e-02 -0.1493205643  0.302932187 1.0000000
87:0-16:0    7.736504e-02 -0.1532962498  0.308026325 1.0000000
88:0-16:0    1.336271e-01 -0.0997810869  0.367035338 0.9999872
89:0-16:0    1.313725e-01 -0.1001632632  0.362908321 0.9999921
90:0-16:0    9.443616e-02 -0.1330799796  0.321952291 1.0000000
91:0-16:0    6.007110e-02 -0.1630099851  0.283152190 1.0000000
92:0-16:0    1.682503e-01 -0.0548307398  0.391331435 0.8579752
93:0-16:0    1.363616e-01 -0.0861737416  0.358896938 0.9996620
94:0-16:0    1.451843e-01 -0.0778967775  0.368265397 0.9965101
95:0-16:0    1.535509e-01 -0.0762734404  0.383375276 0.9917647
96:0-16:0    1.581308e-01 -0.0619366352  0.378198187 0.9440701
97:0-16:0    1.260724e-01 -0.0959357285  0.348080609 0.9999918
98:0-16:0    1.050905e-01 -0.1203805377  0.330561633 1.0000000
99:0-16:0    1.469625e-01 -0.0706167041  0.364541724 0.9885516
100:0-16:0   4.737164e-02 -0.1496252132  0.244368503 1.0000000
1:1-16:0     3.534846e-02 -0.1627908611  0.233487783 1.0000000
2:1-16:0     5.615968e-02 -0.1653389562  0.277658317 1.0000000
3:1-16:0     1.004741e-01 -0.1349915554  0.335939777 1.0000000
4:1-16:0     9.098222e-02 -0.1444834472  0.326447885 1.0000000
5:1-16:0     1.887829e-01 -0.0674076200  0.444973409 0.9062725
6:1-16:0     8.809539e-02 -0.1680951200  0.344285909 1.0000000
7:1-16:0     1.094425e-01 -0.1423565022  0.361241522 1.0000000
8:1-16:0     6.395789e-02 -0.2104515461  0.338367336 1.0000000
9:1-16:0     9.514289e-02 -0.1721280477  0.362413837 1.0000000
10:1-16:0    1.027508e-01 -0.1911003959  0.396601900 1.0000000
11:1-16:0    7.005405e-02 -0.1817449637  0.321853061 1.0000000
12:1-16:0    7.796316e-02 -0.1927126472  0.348638963 1.0000000
13:1-16:0    2.024737e-02 -0.2504284366  0.290923173 1.0000000
14:1-16:0    1.132474e-01 -0.1574284366  0.383923173 1.0000000
15:1-16:0    1.246793e-01 -0.1691718245  0.418530471 1.0000000
16:1-16:0    1.928647e-02 -0.2745646816  0.313137614 1.0000000
17:1-16:0    5.578647e-02 -0.2083660717  0.319939004 1.0000000
18:1-16:0    1.180485e-01 -0.1235779664  0.359675006 1.0000000
19:1-16:0    6.869025e-02 -0.1702739924  0.307654488 1.0000000
20:1-16:0    6.980137e-02 -0.1577147622  0.297317508 1.0000000
21:1-16:0    1.217379e-01 -0.1031023154  0.346578105 0.9999995
22:1-16:0    5.833789e-02 -0.1665023154  0.283178105 1.0000000
23:1-16:0    9.009268e-02 -0.1685470099  0.348732365 1.0000000
24:1-16:0    1.109412e-01 -0.1336674451  0.355549901 1.0000000
25:1-16:0    2.140495e-02 -0.2571181520  0.299928059 1.0000000
26:1-16:0    8.888866e-02 -0.2113991804  0.389176508 1.0000000
27:1-16:0    9.551123e-02 -0.1926451710  0.383667627 1.0000000
28:1-16:0    1.813271e-01 -0.1189607188  0.481614970 0.9998232
29:1-16:0    1.591737e-01 -0.1115021208  0.429849489 0.9999495
30:1-16:0    1.030662e-01 -0.2045609228  0.410693379 1.0000000
31:1-16:0    4.911901e-02 -0.2252904350  0.323528447 1.0000000
32:1-16:0    1.184653e-01 -0.1313571536  0.368287758 1.0000000
33:1-16:0    7.820335e-02 -0.1830819810  0.339488680 1.0000000
34:1-16:0    7.187080e-02 -0.1712032506  0.314944847 1.0000000
35:1-16:0    1.048516e-01 -0.1782278881  0.387931178 1.0000000
36:1-16:0    5.185789e-02 -0.2020585176  0.305774307 1.0000000
37:1-16:0    8.544123e-02 -0.1591674451  0.330049901 1.0000000
38:1-16:0    2.345495e-02 -0.2155092865  0.262419194 1.0000000
39:1-16:0    8.822817e-02 -0.1472375013  0.323693831 1.0000000
40:1-16:0    1.040970e-01 -0.1234191100  0.331613160 1.0000000
41:1-16:0    1.078169e-01 -0.1113699490  0.327003771 1.0000000
42:1-16:0    1.026316e-01 -0.1317805444  0.337043702 1.0000000
43:1-16:0    1.001036e-01 -0.1376336751  0.337840893 1.0000000
44:1-16:0    1.177579e-01 -0.1825299496  0.418045739 1.0000000
45:1-16:0    1.102954e-01 -0.1727841381  0.393374928 1.0000000
46:1-16:0    2.328647e-02 -0.2705646816  0.317137614 1.0000000
47:1-16:0    1.499704e-01 -0.1331091381  0.433049928 0.9999999
48:1-16:0    1.562246e-01 -0.1319318376  0.444380960 0.9999994
49:1-16:0    1.032402e-01 -0.1752828579  0.381763353 1.0000000
50:1-16:0    2.151643e-02 -0.2100193607  0.253052223 1.0000000
51:1-16:0    7.610789e-02 -0.2069716381  0.359187428 1.0000000
52:1-16:0    8.386989e-02 -0.1700465176  0.337786307 1.0000000
53:1-16:0    4.684539e-02 -0.2093451200  0.303035909 1.0000000
54:1-16:0    1.041342e-01 -0.1302779128  0.338546334 1.0000000
55:1-16:0    1.108766e-01 -0.1307498414  0.352503131 1.0000000
56:1-16:0    1.813579e-01 -0.0501778973  0.412893687 0.7509816
57:1-16:0    7.626067e-02 -0.1603119769  0.312833322 1.0000000
58:1-16:0    1.134266e-01 -0.1126997309  0.339553020 1.0000000
59:1-16:0    9.289328e-02 -0.1246859349  0.310472494 1.0000000
60:1-16:0    9.350223e-02 -0.1143412973  0.301345766 1.0000000
61:1-16:0    1.015892e-01 -0.1029269812  0.306105457 1.0000000
62:1-16:0    1.007404e-01 -0.1075626853  0.309043523 1.0000000
63:1-16:0    9.017182e-02 -0.1230020326  0.303345670 1.0000000
64:1-16:0    1.127579e-01 -0.1133684809  0.338884270 1.0000000
65:1-16:0    1.046806e-01 -0.1243419965  0.333703241 1.0000000
66:1-16:0    1.160226e-01 -0.1229416395  0.354986841 1.0000000
67:1-16:0    1.150040e-01 -0.1184041639  0.348412261 1.0000000
68:1-16:0    7.130668e-02 -0.1602291168  0.302842467 1.0000000
69:1-16:0    1.298999e-01 -0.0949403154  0.354740105 0.9999794
70:1-16:0    1.250815e-01 -0.0969266376  0.347089700 0.9999947
71:1-16:0    1.430555e-01 -0.0876057736  0.373716801 0.9994376
72:1-16:0    1.088779e-01 -0.1288593894  0.346615179 1.0000000
73:1-16:0    1.393357e-01 -0.0889182079  0.367589553 0.9997133
74:1-16:0    1.326137e-01 -0.0972106497  0.362438067 0.9999807
75:1-16:0    7.118234e-02 -0.1570715412  0.299436220 1.0000000
76:1-16:0    1.162166e-01 -0.1021423721  0.334575622 0.9999998
77:1-16:0    1.215964e-01 -0.1020500592  0.345242772 0.9999993
78:1-16:0    1.335496e-01 -0.0816239897  0.348723113 0.9994201
79:1-16:0    8.614456e-02 -0.1244884484  0.296777571 1.0000000
80:1-16:0    1.144899e-01 -0.0912716205  0.320251344 0.9999974
81:1-16:0    8.976871e-02 -0.1173620675  0.296899479 1.0000000
82:1-16:0    7.115789e-02 -0.1366856369  0.279001426 1.0000000
83:1-16:0    1.378991e-01 -0.0863333319  0.362131474 0.9996054
84:1-16:0    1.572868e-01 -0.0771252813  0.391698965 0.9906117
85:1-16:0    4.723181e-02 -0.1802843274  0.274747943 1.0000000
86:1-16:0    1.167016e-01 -0.1094247309  0.342828020 1.0000000
87:1-16:0    8.867946e-02 -0.1355529397  0.312911866 1.0000000
88:1-16:0    8.104938e-02 -0.1457581507  0.307856919 1.0000000
89:1-16:0    1.209967e-01 -0.1044744152  0.346467756 0.9999997
90:1-16:0    1.247855e-01 -0.0957435683  0.345314530 0.9999932
91:1-16:0    7.701817e-02 -0.1378474473  0.291883785 1.0000000
92:1-16:0    1.382153e-01 -0.0885921932  0.365022876 0.9997341
93:1-16:0    1.270788e-01 -0.1027455334  0.356903183 0.9999982
94:1-16:0    1.509979e-01 -0.0619174898  0.363913279 0.9584611
95:1-16:0    1.616514e-01 -0.0520585244  0.375361327 0.8509866
96:1-16:0    1.781266e-01 -0.0347887398  0.391042029 0.5062631
97:1-16:0    1.449865e-01 -0.0733725308  0.363345463 0.9932235
98:1-16:0    1.337513e-01 -0.0854355227  0.352938197 0.9997179
99:1-16:0    1.160841e-01 -0.0958561484  0.328024319 0.9999990
100:1-16:0   4.178587e-02 -0.1545829955  0.238154741 1.0000000
18:0-17:0    5.910800e-02 -0.1605072521  0.278723262 1.0000000
19:0-17:0    1.657806e-02 -0.1922885492  0.225444675 1.0000000
20:0-17:0   -4.879630e-03 -0.2106719945  0.200912735 1.0000000
21:0-17:0    9.845512e-03 -0.1839985842  0.203689607 1.0000000
22:0-17:0    5.513228e-04 -0.2052410421  0.206343688 1.0000000
23:0-17:0    1.855899e-02 -0.1882130866  0.225331063 1.0000000
24:0-17:0   -4.129630e-03 -0.2468690603  0.238609801 1.0000000
25:0-17:0    1.903115e-02 -0.2392729070  0.277335216 1.0000000
26:0-17:0    7.555926e-02 -0.1783037139  0.329422232 1.0000000
27:0-17:0    5.932704e-02 -0.1868022473  0.305456321 1.0000000
28:0-17:0    4.953079e-02 -0.2136799457  0.312741520 1.0000000
29:0-17:0    5.357914e-02 -0.1962433134  0.303401598 1.0000000
30:0-17:0   -1.459421e-02 -0.2778049457  0.248616520 1.0000000
31:0-17:0    5.544283e-04 -0.2361740148  0.237282871 1.0000000
32:0-17:0   -3.558418e-03 -0.2431745517  0.236057717 1.0000000
33:0-17:0   -1.835582e-02 -0.2931181992  0.256406559 1.0000000
34:0-17:0   -2.887066e-02 -0.2581054923  0.200364182 1.0000000
35:0-17:0   -6.383061e-02 -0.2788882208  0.151227001 1.0000000
36:0-17:0    9.447513e-02 -0.1482642984  0.337214563 1.0000000
37:0-17:0    4.161886e-02 -0.1979972790  0.281234989 1.0000000
38:0-17:0    1.891011e-02 -0.2103247231  0.248144951 1.0000000
39:0-17:0   -1.382887e-02 -0.2177828564  0.190125112 1.0000000
40:0-17:0    1.189197e-02 -0.1767391003  0.200523034 1.0000000
41:0-17:0   -4.426719e-02 -0.2328982552  0.144363879 1.0000000
42:0-17:0   -2.511602e-02 -0.2250737155  0.174841667 1.0000000
43:0-17:0   -7.024501e-03 -0.2158911133  0.201842110 1.0000000
44:0-17:0    6.619954e-02 -0.1970111957  0.329410270 1.0000000
45:0-17:0   -6.747963e-03 -0.2528772473  0.239381321 1.0000000
46:0-17:0    4.788704e-02 -0.2609505991  0.356724673 1.0000000
47:0-17:0   -5.122205e-02 -0.2908381881  0.188394080 1.0000000
48:0-17:0   -5.280963e-02 -0.3214729473  0.215853688 1.0000000
49:0-17:0   -1.829630e-03 -0.2912779530  0.287618694 1.0000000
50:0-17:0    3.342834e-02 -0.1688325291  0.235689212 1.0000000
51:0-17:0   -2.191559e-02 -0.2717380503  0.227906861 1.0000000
52:0-17:0   -3.630370e-02 -0.2633656497  0.190758242 1.0000000
53:0-17:0   -3.200142e-02 -0.2612362616  0.197233413 1.0000000
54:0-17:0    2.068921e-02 -0.1815716595  0.222950081 1.0000000
55:0-17:0   -1.354557e-02 -0.2158064421  0.188715299 1.0000000
56:0-17:0   -4.144213e-03 -0.2048405152  0.196552089 1.0000000
57:0-17:0   -3.627028e-02 -0.2430423549  0.170501795 1.0000000
58:0-17:0    1.728942e-02 -0.1885029469  0.223081783 1.0000000
59:0-17:0    2.428391e-02 -0.1671681582  0.215735982 1.0000000
60:0-17:0    2.254167e-02 -0.1569665631  0.202049896 1.0000000
61:0-17:0   -1.521082e-02 -0.1905680093  0.160146369 1.0000000
62:0-17:0   -1.000218e-02 -0.1905632517  0.170558894 1.0000000
63:0-17:0   -1.145638e-02 -0.1983701010  0.175457333 1.0000000
64:0-17:0    1.473545e-03 -0.1904288248  0.193375915 1.0000000
65:0-17:0    2.057340e-02 -0.1833805836  0.224527385 1.0000000
66:0-17:0    2.308028e-02 -0.1880830403  0.234243601 1.0000000
67:0-17:0    7.821128e-03 -0.1961328564  0.211775112 1.0000000
68:0-17:0    1.555704e-02 -0.1981363980  0.229250472 1.0000000
69:0-17:0    2.189665e-02 -0.1760012685  0.219794573 1.0000000
70:0-17:0   -5.812963e-03 -0.2158008472  0.204174921 1.0000000
71:0-17:0   -4.362011e-02 -0.2435777972  0.156337586 1.0000000
72:0-17:0   -1.776921e-02 -0.2184655152  0.182927089 1.0000000
73:0-17:0   -1.577185e-02 -0.2188622304  0.187318527 1.0000000
74:0-17:0   -1.670984e-02 -0.2347218256  0.201302150 1.0000000
75:0-17:0    9.149158e-03 -0.2073459127  0.225644229 1.0000000
76:0-17:0   -5.808615e-03 -0.2080694856  0.196452255 1.0000000
77:0-17:0    1.757842e-02 -0.1767896096  0.211946442 1.0000000
78:0-17:0    8.749681e-04 -0.1934930578  0.195242994 1.0000000
79:0-17:0   -6.736296e-03 -0.1897994896  0.176326897 1.0000000
80:0-17:0    1.118904e-02 -0.1697495598  0.192127634 1.0000000
81:0-17:0   -3.393732e-03 -0.1815157773  0.174728313 1.0000000
82:0-17:0   -2.511574e-03 -0.1907813938  0.185758246 1.0000000
83:0-17:0    1.636085e-02 -0.1755415232  0.208263216 1.0000000
84:0-17:0   -4.351870e-02 -0.2363625431  0.149325142 1.0000000
85:0-17:0    2.184349e-02 -0.1977717682  0.241458745 1.0000000
86:0-17:0   -2.231505e-02 -0.2230113485  0.178381256 1.0000000
87:0-17:0   -2.175582e-02 -0.2275481850  0.184036545 1.0000000
88:0-17:0    3.450627e-02 -0.1743603441  0.243372880 1.0000000
89:0-17:0    3.225167e-02 -0.1745204037  0.239023746 1.0000000
90:0-17:0   -4.684702e-03 -0.2069455725  0.197576168 1.0000000
91:0-17:0   -3.904976e-02 -0.2363085689  0.158209058 1.0000000
92:0-17:0    6.912949e-02 -0.1281293236  0.266388303 1.0000000
93:0-17:0    3.724074e-02 -0.1594006727  0.233882154 1.0000000
94:0-17:0    4.606345e-02 -0.1511953613  0.243322266 1.0000000
95:0-17:0    5.443006e-02 -0.1504237989  0.259283919 1.0000000
96:0-17:0    5.900992e-02 -0.1348341774  0.252854014 1.0000000
97:0-17:0    2.695158e-02 -0.1690930423  0.222996207 1.0000000
98:0-17:0    5.969690e-03 -0.1939880012  0.205927381 1.0000000
99:0-17:0    4.784165e-02 -0.1431729606  0.238856265 1.0000000
100:0-17:0  -5.174921e-02 -0.2189426039  0.115444178 1.0000000
1:1-17:0    -6.377240e-02 -0.2323104010  0.104765607 1.0000000
2:1-17:0    -4.296118e-02 -0.2384286016  0.152506247 1.0000000
3:1-17:0     1.353253e-03 -0.2098100673  0.212516574 1.0000000
4:1-17:0    -8.138639e-03 -0.2193019592  0.203024682 1.0000000
5:1-17:0     8.966204e-02 -0.1443880597  0.323712134 1.0000000
6:1-17:0    -1.102546e-02 -0.2450755597  0.223024634 1.0000000
7:1-17:0     1.032165e-02 -0.2189131847  0.239556489 1.0000000
8:1-17:0    -3.516296e-02 -0.2890259361  0.218700010 1.0000000
9:1-17:0    -3.977963e-03 -0.2501072473  0.242151321 1.0000000
10:1-17:0    3.629894e-03 -0.2711324850  0.278392273 1.0000000
11:1-17:0   -2.906681e-02 -0.2583016462  0.200168028 1.0000000
12:1-17:0   -2.115770e-02 -0.2709801555  0.228664756 1.0000000
13:1-17:0   -7.887349e-02 -0.3286959450  0.170948966 1.0000000
14:1-17:0    1.412651e-02 -0.2356959450  0.263948966 1.0000000
15:1-17:0    2.555847e-02 -0.2492039135  0.300320845 1.0000000
16:1-17:0   -7.983439e-02 -0.3545967707  0.194927988 1.0000000
17:1-17:0   -4.333439e-02 -0.2860738222  0.199405039 1.0000000
18:1-17:0    1.892766e-02 -0.1990843256  0.236939650 1.0000000
19:1-17:0   -3.043061e-02 -0.2454882208  0.184627001 1.0000000
20:1-17:0   -2.931948e-02 -0.2315803551  0.172941386 1.0000000
21:1-17:0    2.261704e-02 -0.1766290119  0.221863086 1.0000000
22:1-17:0   -4.078296e-02 -0.2400290119  0.158463086 1.0000000
23:1-17:0   -9.028180e-03 -0.2457566235  0.227700263 1.0000000
24:1-17:0    1.182037e-02 -0.2094922387  0.233132979 1.0000000
25:1-17:0   -7.771590e-02 -0.3360199658  0.180588158 1.0000000
26:1-17:0   -1.023219e-02 -0.2918678758  0.271403488 1.0000000
27:1-17:0   -3.609630e-03 -0.2722729473  0.265053688 1.0000000
28:1-17:0    8.220627e-02 -0.1994294142  0.363841950 1.0000000
29:1-17:0    6.005283e-02 -0.1897696292  0.309875282 1.0000000
30:1-17:0    3.945370e-03 -0.2855029530  0.293393694 1.0000000
31:1-17:0   -5.000185e-02 -0.3038648250  0.203861121 1.0000000
32:1-17:0    1.934444e-02 -0.2077175015  0.246406390 1.0000000
33:1-17:0   -2.091751e-02 -0.2605336426  0.218698626 1.0000000
34:1-17:0   -2.725006e-02 -0.2468653166  0.192365197 1.0000000
35:1-17:0    5.730787e-03 -0.2574799457  0.268941520 1.0000000
36:1-17:0   -4.726296e-02 -0.2788216216  0.184295696 1.0000000
37:1-17:0   -1.367963e-02 -0.2349922387  0.207632979 1.0000000
38:1-17:0   -7.566590e-02 -0.2907235150  0.139391707 1.0000000
39:1-17:0   -1.089269e-02 -0.2220560132  0.200270628 1.0000000
40:1-17:0    4.976167e-03 -0.1972847030  0.207237038 1.0000000
41:1-17:0    8.696053e-03 -0.1841477890  0.201539896 1.0000000
42:1-17:0    3.510721e-03 -0.2064771630  0.213498605 1.0000000
43:1-17:0    9.827513e-04 -0.2127106837  0.214676186 1.0000000
44:1-17:0    1.863704e-02 -0.2629986450  0.300272719 1.0000000
45:1-17:0    1.117454e-02 -0.2520361957  0.274385270 1.0000000
46:1-17:0   -7.583439e-02 -0.3505967707  0.198927988 1.0000000
47:1-17:0    5.084954e-02 -0.2123611957  0.314060270 1.0000000
48:1-17:0    5.710370e-02 -0.2115596139  0.325767021 1.0000000
49:1-17:0    4.119390e-03 -0.2541846717  0.262423452 1.0000000
50:1-17:0   -7.760443e-02 -0.2843765012  0.129167648 1.0000000
51:1-17:0   -2.301296e-02 -0.2862236957  0.240197770 1.0000000
52:1-17:0   -1.525096e-02 -0.2468096216  0.216307696 1.0000000
53:1-17:0   -5.227546e-02 -0.2863255597  0.181774634 1.0000000
54:1-17:0    5.013353e-03 -0.2049745314  0.215001237 1.0000000
55:1-17:0    1.175579e-02 -0.2062562006  0.229767775 1.0000000
56:1-17:0    8.223704e-02 -0.1245350378  0.289009112 1.0000000
57:1-17:0   -2.286019e-02 -0.2352571870  0.189536817 1.0000000
58:1-17:0    1.430579e-02 -0.1863905152  0.215002089 1.0000000
59:1-17:0   -6.227578e-03 -0.1972421914  0.184787035 1.0000000
60:1-17:0   -5.618623e-03 -0.1854652290  0.174227982 1.0000000
61:1-17:0    2.468380e-03 -0.1735223918  0.178459152 1.0000000
62:1-17:0    1.619561e-03 -0.1787579628  0.181997085 1.0000000
63:1-17:0   -8.949039e-03 -0.1949301101  0.177032032 1.0000000
64:1-17:0    1.363704e-02 -0.1870592652  0.214333339 1.0000000
65:1-17:0    5.559764e-03 -0.1983942200  0.209513749 1.0000000
66:1-17:0    1.690174e-02 -0.1981558679  0.231959354 1.0000000
67:1-17:0    1.588319e-02 -0.1929834210  0.224749803 1.0000000
68:1-17:0   -2.781418e-02 -0.2345862573  0.178957892 1.0000000
69:1-17:0    3.077904e-02 -0.1684670119  0.230025086 1.0000000
70:1-17:0    2.596067e-02 -0.1700839514  0.222005298 1.0000000
71:1-17:0    4.393466e-02 -0.1618577088  0.249727021 1.0000000
72:1-17:0    9.757037e-03 -0.2039363980  0.223450472 1.0000000
73:1-17:0    4.021481e-02 -0.1628755637  0.243305193 1.0000000
74:1-17:0    3.349285e-02 -0.1713610082  0.238346710 1.0000000
75:1-17:0   -2.793852e-02 -0.2310288970  0.175151860 1.0000000
76:1-17:0    1.709577e-02 -0.1748066025  0.208998137 1.0000000
77:1-17:0    2.247550e-02 -0.1754224223  0.220373419 1.0000000
78:1-17:0    3.442870e-02 -0.1538411160  0.222698523 1.0000000
79:1-17:0   -1.297630e-02 -0.1960394896  0.170086897 1.0000000
80:1-17:0    1.536900e-02 -0.1620673382  0.192805347 1.0000000
81:1-17:0   -9.352152e-03 -0.1883745672  0.169670263 1.0000000
82:1-17:0   -2.796296e-02 -0.2078095686  0.151883643 1.0000000
83:1-17:0    3.877821e-02 -0.1597816982  0.237338125 1.0000000
84:1-17:0    5.816598e-02 -0.1518218998  0.268153869 1.0000000
85:1-17:0   -5.188905e-02 -0.2541499204  0.150371821 1.0000000
86:1-17:0    1.758079e-02 -0.1831155152  0.218277089 1.0000000
87:1-17:0   -1.044139e-02 -0.2090013060  0.188118517 1.0000000
88:1-17:0   -1.807147e-02 -0.2195349337  0.183391986 1.0000000
89:1-17:0    2.187581e-02 -0.1780818788  0.221833504 1.0000000
90:1-17:0    2.566462e-02 -0.1687034027  0.220032649 1.0000000
91:1-17:0   -2.210269e-02 -0.2100204926  0.165815115 1.0000000
92:1-17:0    3.909448e-02 -0.1623689763  0.240557944 1.0000000
93:1-17:0    2.795797e-02 -0.1768958919  0.232811826 1.0000000
94:1-17:0    5.187704e-02 -0.1338077197  0.237561794 1.0000000
95:1-17:0    6.253054e-02 -0.1240647411  0.249125828 1.0000000
96:1-17:0    7.900579e-02 -0.1066789697  0.264690544 1.0000000
97:1-17:0    4.586561e-02 -0.1460367613  0.237767978 1.0000000
98:1-17:0    3.463048e-02 -0.1582133628  0.227474322 1.0000000
99:1-17:0    1.696323e-02 -0.1676025617  0.201529017 1.0000000
100:1-17:0  -5.733499e-02 -0.2237879823  0.109118012 1.0000000
19:0-18:0   -4.252994e-02 -0.2432760387  0.158216154 1.0000000
20:0-18:0   -6.398763e-02 -0.2615331511  0.133557882 1.0000000
21:0-18:0   -4.926249e-02 -0.2343280685  0.135803082 1.0000000
22:0-18:0   -5.855668e-02 -0.2561021987  0.138988835 1.0000000
23:0-18:0   -4.054902e-02 -0.2391149367  0.158016904 1.0000000
24:0-18:0   -6.323763e-02 -0.2990260246  0.172550756 1.0000000
25:0-18:0   -4.007685e-02 -0.2918599353  0.211706235 1.0000000
26:0-18:0    1.645125e-02 -0.2307736287  0.263676138 1.0000000
27:0-18:0    2.190323e-04 -0.2390577078  0.239495772 1.0000000
28:0-18:0   -9.577218e-03 -0.2663915934  0.247237158 1.0000000
29:0-18:0   -5.528862e-03 -0.2486029111  0.237545186 1.0000000
30:0-18:0   -7.370222e-02 -0.3305165934  0.183112158 1.0000000
31:0-18:0   -5.855358e-02 -0.2881490675  0.171041915 1.0000000
32:0-18:0   -6.266642e-02 -0.2952381865  0.169905342 1.0000000
33:0-18:0   -7.746382e-02 -0.3461050330  0.191177383 1.0000000
34:0-18:0   -8.797866e-02 -0.3098397523  0.133882432 1.0000000
35:0-18:0   -1.229386e-01 -0.3301185117  0.084241282 0.9999216
36:0-18:0    3.536713e-02 -0.2004212627  0.271155518 1.0000000
37:0-18:0   -1.748915e-02 -0.2500609138  0.215082615 1.0000000
38:0-18:0   -4.019789e-02 -0.2620589831  0.181663201 1.0000000
39:0-18:0   -7.293688e-02 -0.2685665306  0.122692777 1.0000000
40:0-18:0   -4.721604e-02 -0.2268139589  0.132381883 1.0000000
41:0-18:0   -1.033752e-01 -0.2829731138  0.076222728 0.9999830
42:0-18:0   -8.422403e-02 -0.2756837167  0.107235659 1.0000000
43:0-18:0   -6.613251e-02 -0.2668786028  0.134613590 1.0000000
44:0-18:0    7.091532e-03 -0.2497228434  0.263905908 1.0000000
45:0-18:0   -6.585597e-02 -0.3051327078  0.173420772 1.0000000
46:0-18:0   -1.122097e-02 -0.3146256797  0.292183744 1.0000000
47:0-18:0   -1.103301e-01 -0.3429018228  0.122241706 1.0000000
48:0-18:0   -1.119176e-01 -0.3743175429  0.150482274 1.0000000
49:0-18:0   -6.093763e-02 -0.3445818933  0.222706624 1.0000000
50:0-18:0   -2.567966e-02 -0.2195435162  0.168184189 1.0000000
51:0-18:0   -8.102360e-02 -0.3240976479  0.162050449 1.0000000
52:0-18:0   -9.541171e-02 -0.3150269653  0.124203548 1.0000000
53:0-18:0   -9.110943e-02 -0.3129705215  0.130751663 1.0000000
54:0-18:0   -3.841879e-02 -0.2322826467  0.155445059 1.0000000
55:0-18:0   -7.265358e-02 -0.2665174293  0.121210276 1.0000000
56:0-18:0   -6.325222e-02 -0.2554831711  0.128978736 1.0000000
57:0-18:0   -9.537828e-02 -0.2939442050  0.103187635 1.0000000
58:0-18:0   -4.181859e-02 -0.2393641035  0.155726930 1.0000000
59:0-18:0   -3.482409e-02 -0.2173826557  0.147734470 1.0000000
60:0-18:0   -3.656634e-02 -0.2065573328  0.133424657 1.0000000
61:0-18:0   -7.431882e-02 -0.2399203874  0.091282738 1.0000000
62:0-18:0   -6.911018e-02 -0.2402125937  0.101992227 1.0000000
63:0-18:0   -7.056439e-02 -0.2483577276  0.107228950 1.0000000
64:0-18:0   -5.763446e-02 -0.2406652038  0.125396284 1.0000000
65:0-18:0   -3.853460e-02 -0.2341642579  0.157095050 1.0000000
66:0-18:0   -3.602772e-02 -0.2391623638  0.167106915 1.0000000
67:0-18:0   -5.128688e-02 -0.2469165306  0.144342777 1.0000000
68:0-18:0   -4.355097e-02 -0.2493144677  0.162212532 1.0000000
69:0-18:0   -3.721135e-02 -0.2265188293  0.152096125 1.0000000
70:0-18:0   -6.492097e-02 -0.2668334370  0.136991502 1.0000000
71:0-18:0   -1.027281e-01 -0.2941877984  0.088731577 0.9999997
72:0-18:0   -7.687722e-02 -0.2691081711  0.115353736 1.0000000
73:0-18:0   -7.487986e-02 -0.2696089905  0.119849277 1.0000000
74:0-18:0   -7.581784e-02 -0.2860628438  0.134427158 1.0000000
75:0-18:0   -4.995885e-02 -0.2586304772  0.158712784 1.0000000
76:0-18:0   -6.491662e-02 -0.2587804728  0.128947233 1.0000000
77:0-18:0   -4.152959e-02 -0.2271438746  0.144084698 1.0000000
78:0-18:0   -5.823304e-02 -0.2438473228  0.127381249 1.0000000
79:0-18:0   -6.584430e-02 -0.2395851036  0.107896501 1.0000000
80:0-18:0   -4.791897e-02 -0.2194197245  0.123581789 1.0000000
81:0-18:0   -6.250174e-02 -0.2310282829  0.106024809 1.0000000
82:0-18:0   -6.161958e-02 -0.2408380454  0.117598888 1.0000000
83:0-18:0   -4.274716e-02 -0.2257779022  0.140283586 1.0000000
84:0-18:0   -1.026267e-01 -0.2866443168  0.081390906 0.9999970
85:0-18:0   -3.726452e-02 -0.2491715589  0.174642527 1.0000000
86:0-18:0   -8.142305e-02 -0.2736540044  0.110807902 1.0000000
87:0-18:0   -8.086382e-02 -0.2784093416  0.116681692 1.0000000
88:0-18:0   -2.460174e-02 -0.2253478336  0.176144360 1.0000000
89:0-18:0   -2.685633e-02 -0.2254222538  0.171709587 1.0000000
90:0-18:0   -6.379271e-02 -0.2576565597  0.130071146 1.0000000
91:0-18:0   -9.815776e-02 -0.2867970276  0.090481507 1.0000000
92:0-18:0    1.002149e-02 -0.1786177823  0.198660752 1.0000000
93:0-18:0   -2.186726e-02 -0.2098608256  0.166126298 1.0000000
94:0-18:0   -1.304455e-02 -0.2016838200  0.175594715 1.0000000
95:0-18:0   -4.677944e-03 -0.2012455851  0.191889696 1.0000000
96:0-18:0   -9.808639e-05 -0.1851636618  0.184967489 1.0000000
97:0-18:0   -3.215642e-02 -0.2195256530  0.155212808 1.0000000
98:0-18:0   -5.313831e-02 -0.2445980025  0.138321373 1.0000000
99:0-18:0   -1.126635e-02 -0.1933660946  0.170833390 1.0000000
100:0-18:0  -1.108572e-01 -0.2677882972  0.046073862 0.9621567
1:1-18:0    -1.228804e-01 -0.2812432526  0.035482449 0.7807277
2:1-18:0    -1.020692e-01 -0.2888344029  0.084696039 0.9999991
3:1-18:0    -5.775475e-02 -0.2608893908  0.145379888 1.0000000
4:1-18:0    -6.724664e-02 -0.2703812827  0.135887996 1.0000000
5:1-18:0     3.055403e-02 -0.1962789051  0.257386970 1.0000000
6:1-18:0    -7.013347e-02 -0.2969664051  0.156699470 1.0000000
7:1-18:0    -4.878635e-02 -0.2706474446  0.173074740 1.0000000
8:1-18:0    -9.427097e-02 -0.3414958509  0.152953915 1.0000000
9:1-18:0    -6.308597e-02 -0.3023627078  0.176190772 1.0000000
10:1-18:0   -5.547811e-02 -0.3241193187  0.213163098 1.0000000
11:1-18:0   -8.817481e-02 -0.3100359061  0.133686278 1.0000000
12:1-18:0   -8.026570e-02 -0.3233397532  0.162808344 1.0000000
13:1-18:0   -1.379815e-01 -0.3810555426  0.105092555 0.9999919
14:1-18:0   -4.498149e-02 -0.2880555426  0.198092555 1.0000000
15:1-18:0   -3.354954e-02 -0.3021907473  0.235091669 1.0000000
16:1-18:0   -1.389424e-01 -0.4075836045  0.129698812 1.0000000
17:1-18:0   -1.024424e-01 -0.3382307865  0.133345994 1.0000000
18:1-18:0   -4.018034e-02 -0.2504253438  0.170064658 1.0000000
19:1-18:0   -8.953861e-02 -0.2967185117  0.117641282 1.0000000
20:1-18:0   -8.842749e-02 -0.2822913423  0.105436363 1.0000000
21:1-18:0   -3.649097e-02 -0.2272073062  0.154225371 1.0000000
22:1-18:0   -9.989097e-02 -0.2906073062  0.090825371 0.9999999
23:1-18:0   -6.813619e-02 -0.2977316761  0.161459306 1.0000000
24:1-18:0   -4.728763e-02 -0.2609532720  0.166378003 1.0000000
25:1-18:0   -1.368239e-01 -0.3886069941  0.114959176 0.9999994
26:1-18:0   -6.934020e-02 -0.3450073731  0.206326976 1.0000000
27:1-18:0   -6.271763e-02 -0.3251175429  0.199682274 1.0000000
28:1-18:0    2.309826e-02 -0.2525689115  0.298765438 1.0000000
29:1-18:0    9.448217e-04 -0.2421292269  0.244018870 1.0000000
30:1-18:0   -5.516263e-02 -0.3388068933  0.228481624 1.0000000
31:1-18:0   -1.091099e-01 -0.3563347398  0.138115027 1.0000000
32:1-18:0   -3.976356e-02 -0.2593788172  0.179851696 1.0000000
33:1-18:0   -8.002551e-02 -0.3125972774  0.152546251 1.0000000
34:1-18:0   -8.635806e-02 -0.2982651072  0.125548978 1.0000000
35:1-18:0   -5.337722e-02 -0.3101915934  0.203437158 1.0000000
36:1-18:0   -1.063710e-01 -0.3306323022  0.117890367 1.0000000
37:1-18:0   -7.278763e-02 -0.2864532720  0.140878003 1.0000000
38:1-18:0   -1.347739e-01 -0.3419538058  0.072405988 0.9965648
39:1-18:0   -7.000070e-02 -0.2731353367  0.133133942 1.0000000
40:1-18:0   -5.413184e-02 -0.2479956901  0.139732016 1.0000000
41:1-18:0   -5.041195e-02 -0.2344295627  0.133605660 1.0000000
42:1-18:0   -5.559728e-02 -0.2575097528  0.146315186 1.0000000
43:1-18:0   -5.812525e-02 -0.2638887534  0.147638246 1.0000000
44:1-18:0   -4.047097e-02 -0.3161381423  0.235196207 1.0000000
45:1-18:0   -4.793347e-02 -0.3047478434  0.208880908 1.0000000
46:1-18:0   -1.349424e-01 -0.4035836045  0.133698812 1.0000000
47:1-18:0   -8.258468e-03 -0.2650728434  0.248555908 1.0000000
48:1-18:0   -2.004301e-03 -0.2644042095  0.260395607 1.0000000
49:1-18:0   -5.498861e-02 -0.3067717000  0.196794470 1.0000000
50:1-18:0   -1.367124e-01 -0.3352783514  0.061853489 0.9803261
51:1-18:0   -8.212097e-02 -0.3389353434  0.174693408 1.0000000
52:1-18:0   -7.435897e-02 -0.2986203022  0.149902367 1.0000000
53:1-18:0   -1.113835e-01 -0.3382164051  0.115449470 1.0000000
54:1-18:0   -5.409465e-02 -0.2560071212  0.147817817 1.0000000
55:1-18:0   -4.735222e-02 -0.2575972188  0.162892783 1.0000000
56:1-18:0    2.312903e-02 -0.1754368879  0.221694952 1.0000000
57:1-18:0   -8.196819e-02 -0.2863849704  0.122448590 1.0000000
58:1-18:0   -4.480222e-02 -0.2370331711  0.147428736 1.0000000
59:1-18:0   -6.533558e-02 -0.2474353254  0.116764159 1.0000000
60:1-18:0   -6.472663e-02 -0.2350749046  0.105621648 1.0000000
61:1-18:0   -5.663962e-02 -0.2229119480  0.109632699 1.0000000
62:1-18:0   -5.748844e-02 -0.2283971470  0.113420260 1.0000000
63:1-18:0   -6.805704e-02 -0.2448696353  0.108755548 1.0000000
64:1-18:0   -4.547097e-02 -0.2377019211  0.146759986 1.0000000
65:1-18:0   -5.354824e-02 -0.2491778943  0.142081413 1.0000000
66:1-18:0   -4.220626e-02 -0.2493861588  0.164973635 1.0000000
67:1-18:0   -4.322481e-02 -0.2439709105  0.157521283 1.0000000
68:1-18:0   -8.692219e-02 -0.2854881074  0.111643733 1.0000000
69:1-18:0   -2.832897e-02 -0.2190453062  0.162387371 1.0000000
70:1-18:0   -3.314733e-02 -0.2205165621  0.154221899 1.0000000
71:1-18:0   -1.517335e-02 -0.2127188654  0.182372168 1.0000000
72:1-18:0   -4.935097e-02 -0.2551144677  0.156412532 1.0000000
73:1-18:0   -1.889319e-02 -0.2136223238  0.175835944 1.0000000
74:1-18:0   -2.561515e-02 -0.2221827944  0.170952487 1.0000000
75:1-18:0   -8.704652e-02 -0.2817756571  0.107682611 1.0000000
76:1-18:0   -4.201224e-02 -0.2250429815  0.141018506 1.0000000
77:1-18:0   -3.663251e-02 -0.2259399831  0.152674971 1.0000000
78:1-18:0   -2.467930e-02 -0.2038977676  0.154539165 1.0000000
79:1-18:0   -7.208430e-02 -0.2458251036  0.101656501 1.0000000
80:1-18:0   -4.373900e-02 -0.2115406374  0.124062636 1.0000000
81:1-18:0   -6.846016e-02 -0.2379380576  0.101017744 1.0000000
82:1-18:0   -8.707097e-02 -0.2574192442  0.083277309 1.0000000
83:1-18:0   -2.032979e-02 -0.2103291919  0.169669609 1.0000000
84:1-18:0   -9.420204e-04 -0.2028544896  0.200970449 1.0000000
85:1-18:0   -1.109971e-01 -0.3048609075  0.082866798 0.9999872
86:1-18:0   -4.152722e-02 -0.2337581711  0.150703736 1.0000000
87:1-18:0   -6.954940e-02 -0.2595487998  0.120450002 1.0000000
88:1-18:0   -7.717948e-02 -0.2702112361  0.115852279 1.0000000
89:1-18:0   -3.723219e-02 -0.2286918800  0.154227496 1.0000000
90:1-18:0   -3.344338e-02 -0.2190576677  0.152170905 1.0000000
91:1-18:0   -8.121069e-02 -0.2600593298  0.097637942 1.0000000
92:1-18:0   -2.001352e-02 -0.2130452786  0.173018237 1.0000000
93:1-18:0   -3.115004e-02 -0.2277176782  0.165417603 1.0000000
94:1-18:0   -7.230968e-03 -0.1837318533  0.169269918 1.0000000
95:1-18:0    3.422539e-03 -0.1740360028  0.180881080 1.0000000
96:1-18:0    1.989778e-02 -0.1566031033  0.196398668 1.0000000
97:1-18:0   -1.324240e-02 -0.1962731403  0.169788348 1.0000000
98:1-18:0   -2.447753e-02 -0.2084951365  0.159540086 1.0000000
99:1-18:0   -4.214478e-02 -0.2174680908  0.133178536 1.0000000
100:1-18:0  -1.164430e-01 -0.2725850214  0.039699042 0.8831025
20:0-19:0   -2.145769e-02 -0.2069802831  0.164064898 1.0000000
21:0-19:0   -6.732551e-03 -0.1789059164  0.165440814 1.0000000
22:0-19:0   -1.602674e-02 -0.2015493307  0.169495851 1.0000000
23:0-19:0    1.980926e-03 -0.1846278234  0.188589675 1.0000000
24:0-19:0   -2.070769e-02 -0.2465185988  0.205103214 1.0000000
25:0-19:0    2.453092e-03 -0.2400115911  0.244917775 1.0000000
26:0-19:0    5.898120e-02 -0.1787466802  0.296709073 1.0000000
27:0-19:0    4.274897e-02 -0.1867020201  0.272199969 1.0000000
28:0-19:0    3.295272e-02 -0.2147326084  0.280638057 1.0000000
29:0-19:0    3.700108e-02 -0.1964071328  0.270409292 1.0000000
30:0-19:0   -3.117228e-02 -0.2788576084  0.216513057 1.0000000
31:0-19:0   -1.602363e-02 -0.2353601111  0.203312842 1.0000000
32:0-19:0   -2.013648e-02 -0.2425865331  0.202313573 1.0000000
33:0-19:0   -3.493388e-02 -0.2948617560  0.224993990 1.0000000
34:0-19:0   -4.544872e-02 -0.2566754795  0.165778044 1.0000000
35:0-19:0   -8.040867e-02 -0.2761582838  0.115340938 1.0000000
36:0-19:0    7.789707e-02 -0.1479138369  0.303707976 1.0000000
37:0-19:0    2.504079e-02 -0.1974092604  0.247490845 1.0000000
38:0-19:0    2.332051e-03 -0.2088947103  0.213558813 1.0000000
39:0-19:0   -3.040693e-02 -0.2138881653  0.153074296 1.0000000
40:0-19:0   -4.686096e-03 -0.1709684273  0.161596235 1.0000000
41:0-19:0   -6.084525e-02 -0.2271275822  0.105437080 1.0000000
42:0-19:0   -4.169409e-02 -0.2207226114  0.137334438 1.0000000
43:0-19:0   -2.360256e-02 -0.2125295231  0.165324395 1.0000000
44:0-19:0    4.962147e-02 -0.1980638584  0.297306807 1.0000000
45:0-19:0   -2.332603e-02 -0.2527770201  0.206124969 1.0000000
46:0-19:0    3.130897e-02 -0.2644084918  0.327026441 1.0000000
47:0-19:0   -6.780012e-02 -0.2902501695  0.154649936 1.0000000
48:0-19:0   -6.938769e-02 -0.3228598061  0.184084422 1.0000000
49:0-19:0   -1.840769e-02 -0.2938136947  0.256998310 1.0000000
50:0-19:0    1.685028e-02 -0.1647470615  0.198447619 1.0000000
51:0-19:0   -3.849366e-02 -0.2719018697  0.194914555 1.0000000
52:0-19:0   -5.288177e-02 -0.2617483783  0.155984846 1.0000000
53:0-19:0   -4.857949e-02 -0.2598062487  0.162647274 1.0000000
54:0-19:0    4.111148e-03 -0.1774861919  0.185708488 1.0000000
55:0-19:0   -3.012363e-02 -0.2117209746  0.151473706 1.0000000
56:0-19:0   -2.072228e-02 -0.2005753823  0.159130831 1.0000000
57:0-19:0   -5.284834e-02 -0.2394570917  0.133760406 1.0000000
58:0-19:0    7.113553e-04 -0.1848112355  0.186233946 1.0000000
59:0-19:0    7.705849e-03 -0.1617698995  0.177181598 1.0000000
60:0-19:0    5.963604e-03 -0.1498931855  0.161820393 1.0000000
61:0-19:0   -3.178888e-02 -0.1828460840  0.119268318 1.0000000
62:0-19:0   -2.658024e-02 -0.1836484919  0.130488009 1.0000000
63:0-19:0   -2.803445e-02 -0.1923660378  0.136297144 1.0000000
64:0-19:0   -1.510452e-02 -0.1850887928  0.154879757 1.0000000
65:0-19:0    3.995338e-03 -0.1794858926  0.187476569 1.0000000
66:0-19:0    6.502218e-03 -0.1849607872  0.197965222 1.0000000
67:0-19:0   -8.756935e-03 -0.1922381653  0.174724296 1.0000000
68:0-19:0   -1.021026e-03 -0.1952709123  0.193228861 1.0000000
69:0-19:0    5.318590e-03 -0.1714063982  0.182043578 1.0000000
70:0-19:0   -2.239103e-02 -0.2125568632  0.167774812 1.0000000
71:0-19:0   -6.019817e-02 -0.2392266930  0.118830356 1.0000000
72:0-19:0   -3.434728e-02 -0.2142003823  0.145505831 1.0000000
73:0-19:0   -3.234991e-02 -0.2148706972  0.150170868 1.0000000
74:0-19:0   -3.328790e-02 -0.2322787572  0.165702956 1.0000000
75:0-19:0   -7.428904e-03 -0.2047566774  0.189898869 1.0000000
76:0-19:0   -2.238668e-02 -0.2039840180  0.159210662 1.0000000
77:0-19:0    1.000354e-03 -0.1717626741  0.173763381 1.0000000
78:0-19:0   -1.570309e-02 -0.1884661223  0.157059933 1.0000000
79:0-19:0   -2.331436e-02 -0.1832526815  0.136623964 1.0000000
80:0-19:0   -5.389026e-03 -0.1628911212  0.152113070 1.0000000
81:0-19:0   -1.997179e-02 -0.1742300109  0.134286421 1.0000000
82:0-19:0   -1.908964e-02 -0.1849620555  0.146782782 1.0000000
83:0-19:0   -2.172161e-04 -0.1702014912  0.169767059 1.0000000
84:0-19:0   -6.009676e-02 -0.2311431951  0.110949668 1.0000000
85:0-19:0    5.265426e-03 -0.1954806706  0.206011523 1.0000000
86:0-19:0   -3.889311e-02 -0.2187462156  0.140959998 1.0000000
87:0-19:0   -3.833388e-02 -0.2238564736  0.147188708 1.0000000
88:0-19:0    1.792821e-02 -0.1709987539  0.206855164 1.0000000
89:0-19:0    1.567361e-02 -0.1709351405  0.202282357 1.0000000
90:0-19:0   -2.126276e-02 -0.2028601050  0.160334575 1.0000000
91:0-19:0   -5.562782e-02 -0.2316368342  0.120381198 1.0000000
92:0-19:0    5.255143e-02 -0.1234575889  0.228560443 1.0000000
93:0-19:0    2.066268e-02 -0.1546541202  0.195979476 1.0000000
94:0-19:0    2.948539e-02 -0.1465236266  0.205494406 1.0000000
95:0-19:0    3.785200e-02 -0.1466289984  0.222332994 1.0000000
96:0-19:0    4.243186e-02 -0.1297415096  0.214605221 1.0000000
97:0-19:0    1.037352e-02 -0.1642736364  0.185020676 1.0000000
98:0-19:0   -1.060837e-02 -0.1896368971  0.168420152 1.0000000
99:0-19:0    3.126359e-02 -0.1377178195  0.200244999 1.0000000
100:0-19:0  -6.832728e-02 -0.2098255591  0.073171008 1.0000000
1:1-19:0    -8.035046e-02 -0.2234350258  0.062734107 0.9999956
2:1-19:0    -5.953924e-02 -0.2335382291  0.114459749 1.0000000
3:1-19:0    -1.522481e-02 -0.2066878142  0.176238195 1.0000000
4:1-19:0    -2.471670e-02 -0.2161797061  0.166746303 1.0000000
5:1-19:0     7.308397e-02 -0.1433590482  0.289526997 1.0000000
6:1-19:0    -2.760353e-02 -0.2440465482  0.188839497 1.0000000
7:1-19:0    -6.256410e-03 -0.2174831718  0.204970351 1.0000000
8:1-19:0    -5.174103e-02 -0.2894689024  0.185986851 1.0000000
9:1-19:0    -2.055603e-02 -0.2500070201  0.208894969 1.0000000
10:1-19:0   -1.294817e-02 -0.2728760417  0.246979705 1.0000000
11:1-19:0   -4.564487e-02 -0.2568716333  0.165581890 1.0000000
12:1-19:0   -3.773576e-02 -0.2711439749  0.195672450 1.0000000
13:1-19:0   -9.545155e-02 -0.3288597644  0.137956660 1.0000000
14:1-19:0   -2.451552e-03 -0.2358597644  0.230956660 1.0000000
15:1-19:0    8.980403e-03 -0.2509474702  0.268908276 1.0000000
16:1-19:0   -9.641245e-02 -0.3563403274  0.163515419 1.0000000
17:1-19:0   -5.991245e-02 -0.2857233607  0.165898452 1.0000000
18:1-19:0    2.349599e-03 -0.1966412572  0.201340456 1.0000000
19:1-19:0   -4.700867e-02 -0.2427582838  0.148740938 1.0000000
20:1-19:0   -4.589755e-02 -0.2274948876  0.135699793 1.0000000
21:1-19:0    6.038974e-03 -0.1721943623  0.184272311 1.0000000
22:1-19:0   -5.736103e-02 -0.2355943623  0.120872311 1.0000000
23:1-19:0   -2.560624e-02 -0.2449427198  0.193730234 1.0000000
24:1-19:0   -4.757692e-03 -0.2073592846  0.197843900 1.0000000
25:1-19:0   -9.429397e-02 -0.3367586499  0.148170716 1.0000000
26:1-19:0   -2.681026e-02 -0.2939933241  0.240372811 1.0000000
27:1-19:0   -2.018769e-02 -0.2736598061  0.233284422 1.0000000
28:1-19:0    6.562821e-02 -0.2015548626  0.332811273 1.0000000
29:1-19:0    4.347476e-02 -0.1899334486  0.276882976 1.0000000
30:1-19:0   -1.263269e-02 -0.2880386947  0.262773310 1.0000000
31:1-19:0   -6.657991e-02 -0.3043077913  0.171147962 1.0000000
32:1-19:0    2.766382e-03 -0.2061002301  0.211632994 1.0000000
33:1-19:0   -3.749557e-02 -0.2599456240  0.184954482 1.0000000
34:1-19:0   -4.382812e-02 -0.2445742190  0.156917974 1.0000000
35:1-19:0   -1.084728e-02 -0.2585326084  0.236838057 1.0000000
36:1-19:0   -6.384103e-02 -0.2775874798  0.149905429 1.0000000
37:1-19:0   -3.025769e-02 -0.2328592846  0.172343900 1.0000000
38:1-19:0   -9.224397e-02 -0.2879935779  0.103505644 1.0000000
39:1-19:0   -2.747076e-02 -0.2189337602  0.163992249 1.0000000
40:1-19:0   -1.160190e-02 -0.1931992354  0.169995445 1.0000000
41:1-19:0   -7.882009e-03 -0.1789284410  0.163164423 1.0000000
42:1-19:0   -1.306734e-02 -0.2032331790  0.177098496 1.0000000
43:1-19:0   -1.559531e-02 -0.2098451980  0.178654575 1.0000000
44:1-19:0    2.058974e-03 -0.2651240933  0.269242042 1.0000000
45:1-19:0   -5.403526e-03 -0.2530888584  0.242281807 1.0000000
46:1-19:0   -9.241245e-02 -0.3523403274  0.167515419 1.0000000
47:1-19:0    3.427147e-02 -0.2134138584  0.281956807 1.0000000
48:1-19:0    4.052564e-02 -0.2129464728  0.293997755 1.0000000
49:1-19:0   -1.245867e-02 -0.2549233558  0.230006010 1.0000000
50:1-19:0   -9.418249e-02 -0.2807912380  0.092426260 1.0000000
51:1-19:0   -3.959103e-02 -0.2872763584  0.208094307 1.0000000
52:1-19:0   -3.182903e-02 -0.2455754798  0.181917429 1.0000000
53:1-19:0   -6.885353e-02 -0.2852965482  0.147589497 1.0000000
54:1-19:0   -1.156471e-02 -0.2017305474  0.178601128 1.0000000
55:1-19:0   -4.822276e-03 -0.2038131322  0.194168581 1.0000000
56:1-19:0    6.565897e-02 -0.1209497746  0.252267723 1.0000000
57:1-19:0   -3.943825e-02 -0.2322610179  0.153384522 1.0000000
58:1-19:0   -2.272276e-03 -0.1821253823  0.177580831 1.0000000
59:1-19:0   -2.280564e-02 -0.1917870503  0.146175768 1.0000000
60:1-19:0   -2.219669e-02 -0.1784430806  0.134049709 1.0000000
61:1-19:0   -1.410968e-02 -0.1659019289  0.137682564 1.0000000
62:1-19:0   -1.495850e-02 -0.1718157150  0.141898712 1.0000000
63:1-19:0   -2.552710e-02 -0.1887971022  0.137742899 1.0000000
64:1-19:0   -2.941026e-03 -0.1827941323  0.176912081 1.0000000
65:1-19:0   -1.101830e-02 -0.1944995290  0.172462932 1.0000000
66:1-19:0    3.236802e-04 -0.1954259308  0.196073291 1.0000000
67:1-19:0   -6.948718e-04 -0.1896218308  0.188232087 1.0000000
68:1-19:0   -4.439225e-02 -0.2310009941  0.142216504 1.0000000
69:1-19:0    1.420097e-02 -0.1640323623  0.192434311 1.0000000
70:1-19:0    9.382611e-03 -0.1652645455  0.184029767 1.0000000
71:1-19:0    2.735659e-02 -0.1581659974  0.212879184 1.0000000
72:1-19:0   -6.821026e-03 -0.2010709123  0.187428861 1.0000000
73:1-19:0    2.363675e-02 -0.1588840305  0.206157535 1.0000000
74:1-19:0    1.691479e-02 -0.1675662077  0.201395784 1.0000000
75:1-19:0   -4.451658e-02 -0.2270373639  0.138004201 1.0000000
76:1-19:0    5.177045e-04 -0.1694665705  0.170501980 1.0000000
77:1-19:0    5.897436e-03 -0.1708275520  0.182622424 1.0000000
78:1-19:0    1.785064e-02 -0.1480217777  0.183723060 1.0000000
79:1-19:0   -2.955436e-02 -0.1894926815  0.130383964 1.0000000
80:1-19:0   -1.209058e-03 -0.1546749826  0.152256866 1.0000000
81:1-19:0   -2.593021e-02 -0.1812272185  0.129366789 1.0000000
82:1-19:0   -4.454103e-02 -0.2007874202  0.111705369 1.0000000
83:1-19:0    2.220015e-02 -0.1552658256  0.199666127 1.0000000
84:1-19:0    4.158792e-02 -0.1485779158  0.231753759 1.0000000
85:1-19:0   -6.846711e-02 -0.2500644528  0.113130228 1.0000000
86:1-19:0    1.002724e-03 -0.1788503823  0.180855831 1.0000000
87:1-19:0   -2.701946e-02 -0.2044854334  0.150446519 1.0000000
88:1-19:0   -3.464954e-02 -0.2153583076  0.146059235 1.0000000
89:1-19:0    5.297750e-03 -0.1737307746  0.184326274 1.0000000
90:1-19:0    9.086561e-03 -0.1636764672  0.181849588 1.0000000
91:1-19:0   -3.868075e-02 -0.2041535143  0.126792011 1.0000000
92:1-19:0    2.251642e-02 -0.1581923501  0.203225192 1.0000000
93:1-19:0    1.137990e-02 -0.1731010914  0.195860901 1.0000000
94:1-19:0    3.529897e-02 -0.1276334139  0.198231363 1.0000000
95:1-19:0    4.595248e-02 -0.1180168288  0.209921791 1.0000000
96:1-19:0    6.242772e-02 -0.1005046639  0.225360113 1.0000000
97:1-19:0    2.928755e-02 -0.1406967293  0.199271821 1.0000000
98:1-19:0    1.805242e-02 -0.1529940148  0.189098849 1.0000000
99:1-19:0    3.851648e-04 -0.1612708428  0.162041172 1.0000000
100:1-19:0  -7.391305e-02 -0.2145357150  0.066709619 0.9999999
21:0-20:0    1.472514e-02 -0.1537055673  0.183155850 1.0000000
22:0-20:0    5.430952e-03 -0.1766236206  0.187485525 1.0000000
23:0-20:0    2.343862e-02 -0.1597226801  0.206599916 1.0000000
24:0-20:0    7.500000e-04 -0.2222204046  0.223720405 1.0000000
25:0-20:0    2.391078e-02 -0.2159107293  0.263732298 1.0000000
26:0-20:0    8.043889e-02 -0.1545925542  0.315470332 1.0000000
27:0-20:0    6.420667e-02 -0.1624494489  0.290862782 1.0000000
28:0-20:0    5.441042e-02 -0.1906880532  0.299508887 1.0000000
29:0-20:0    5.845877e-02 -0.1722025155  0.289120059 1.0000000
30:0-20:0   -9.714583e-03 -0.2548130532  0.235383887 1.0000000
31:0-20:0    5.434058e-03 -0.2109769535  0.221845069 1.0000000
32:0-20:0    1.321212e-03 -0.2182448643  0.220887289 1.0000000
33:0-20:0   -1.347619e-02 -0.2709402367  0.243987856 1.0000000
34:0-20:0   -2.399103e-02 -0.2321783947  0.184196343 1.0000000
35:0-20:0   -5.895098e-02 -0.2514169413  0.133514980 1.0000000
36:0-20:0    9.935476e-02 -0.1236156427  0.322325167 1.0000000
37:0-20:0    4.649848e-02 -0.1730675915  0.266064561 1.0000000
38:0-20:0    2.378974e-02 -0.1843976255  0.231977113 1.0000000
39:0-20:0   -8.949242e-03 -0.1889231234  0.171024639 1.0000000
40:0-20:0    1.677160e-02 -0.1456323740  0.179175566 1.0000000
41:0-20:0   -3.938756e-02 -0.2017915289  0.123016412 1.0000000
42:0-20:0   -2.023639e-02 -0.1956685708  0.155195782 1.0000000
43:0-20:0   -2.144872e-03 -0.1876674626  0.183377719 1.0000000
44:0-20:0    7.107917e-02 -0.1740193032  0.316177637 1.0000000
45:0-20:0   -1.868333e-03 -0.2285244489  0.224787782 1.0000000
46:0-20:0    5.276667e-02 -0.2407875117  0.346320845 1.0000000
47:0-20:0   -4.634242e-02 -0.2659085006  0.173223652 1.0000000
48:0-20:0   -4.793000e-02 -0.2988749110  0.203014911 1.0000000
49:0-20:0    3.050000e-03 -0.2700318595  0.276131860 1.0000000
50:0-20:0    3.830797e-02 -0.1397449139  0.216360856 1.0000000
51:0-20:0   -1.703596e-02 -0.2476972523  0.213625322 1.0000000
52:0-20:0   -3.142407e-02 -0.2372164389  0.174368291 1.0000000
53:0-20:0   -2.712179e-02 -0.2353091640  0.181065574 1.0000000
54:0-20:0    2.556884e-02 -0.1524840444  0.203621726 1.0000000
55:0-20:0   -8.665942e-03 -0.1867188270  0.169386943 1.0000000
56:0-20:0    7.354167e-04 -0.1755381657  0.177008999 1.0000000
57:0-20:0   -3.139065e-02 -0.2145519483  0.151770648 1.0000000
58:0-20:0    2.216905e-02 -0.1598855254  0.204223621 1.0000000
59:0-20:0    2.916354e-02 -0.1365086205  0.194835704 1.0000000
60:0-20:0    2.742130e-02 -0.1242908479  0.179133440 1.0000000
61:0-20:0   -1.033119e-02 -0.1571082797  0.136445899 1.0000000
62:0-20:0   -5.122549e-03 -0.1580789847  0.147833887 1.0000000
63:0-20:0   -6.576754e-03 -0.1669828257  0.153829317 1.0000000
64:0-20:0    6.353175e-03 -0.1598391526  0.172545502 1.0000000
65:0-20:0    2.545303e-02 -0.1545208507  0.205426911 1.0000000
66:0-20:0    2.795991e-02 -0.1601446304  0.216064450 1.0000000
67:0-20:0    1.270076e-02 -0.1672731234  0.192674639 1.0000000
68:0-20:0    2.043667e-02 -0.1705037804  0.211377114 1.0000000
69:0-20:0    2.677628e-02 -0.1463045003  0.199857064 1.0000000
70:0-20:0   -9.333333e-04 -0.1877173841  0.185850717 1.0000000
71:0-20:0   -3.874048e-02 -0.2141726524  0.136691700 1.0000000
72:0-20:0   -1.288958e-02 -0.1891631657  0.163383999 1.0000000
73:0-20:0   -1.089222e-02 -0.1898868366  0.168102392 1.0000000
74:0-20:0   -1.183021e-02 -0.2075917900  0.183931373 1.0000000
75:0-20:0    1.402879e-02 -0.1800420390  0.208099615 1.0000000
76:0-20:0   -9.289855e-04 -0.1789818705  0.177123899 1.0000000
77:0-20:0    2.245805e-02 -0.1465753815  0.191491473 1.0000000
78:0-20:0    5.754598e-03 -0.1632788298  0.174788025 1.0000000
79:0-20:0   -1.856667e-03 -0.1577588888  0.154045555 1.0000000
80:0-20:0    1.606867e-02 -0.1373332432  0.169470577 1.0000000
81:0-20:0    1.485897e-03 -0.1485835301  0.151555325 1.0000000
82:0-20:0    2.368056e-03 -0.1596161880  0.164352299 1.0000000
83:0-20:0    2.124048e-02 -0.1449518510  0.187432803 1.0000000
84:0-20:0   -3.863907e-02 -0.2059176342  0.128639492 1.0000000
85:0-20:0    2.672312e-02 -0.1708223984  0.224268635 1.0000000
86:0-20:0   -1.743542e-02 -0.1937089990  0.158838166 1.0000000
87:0-20:0   -1.687619e-02 -0.1989307635  0.165178383 1.0000000
88:0-20:0    3.938590e-02 -0.1461366934  0.224908488 1.0000000
89:0-20:0    3.713130e-02 -0.1460299971  0.220292599 1.0000000
90:0-20:0    1.949275e-04 -0.1778579574  0.178247812 1.0000000
91:0-20:0   -3.417013e-02 -0.2065197983  0.138179547 1.0000000
92:0-20:0    7.400912e-02 -0.0983405530  0.246358792 1.0000000
93:0-20:0    4.212037e-02 -0.1295223271  0.213763068 1.0000000
94:0-20:0    5.094308e-02 -0.1214065907  0.223292754 1.0000000
95:0-20:0    5.930969e-02 -0.1216833313  0.240302711 1.0000000
96:0-20:0    6.388955e-02 -0.1045411605  0.232320257 1.0000000
97:0-20:0    3.183121e-02 -0.1391274526  0.202789877 1.0000000
98:0-20:0    1.084932e-02 -0.1645828565  0.186281496 1.0000000
99:0-20:0    5.272128e-02 -0.1124451568  0.217887721 1.0000000
100:0-20:0  -4.686958e-02 -0.1837892681  0.090050101 1.0000000
1:1-20:0    -5.889277e-02 -0.1974511627  0.079665628 1.0000000
2:1-20:0    -3.808155e-02 -0.2083780071  0.132214912 1.0000000
3:1-20:0     6.232883e-03 -0.1818716574  0.194337423 1.0000000
4:1-20:0    -3.259009e-03 -0.1913635493  0.184845531 1.0000000
5:1-20:0     9.454167e-02 -0.1189362429  0.308019576 1.0000000
6:1-20:0    -6.145833e-03 -0.2196237429  0.207332076 1.0000000
7:1-20:0     1.520128e-02 -0.1929860870  0.223388651 1.0000000
8:1-20:0    -3.028333e-02 -0.2653147765  0.204748110 1.0000000
9:1-20:0     9.016667e-04 -0.2257544489  0.227557782 1.0000000
10:1-20:0    8.509524e-03 -0.2489545224  0.265973570 1.0000000
11:1-20:0   -2.418718e-02 -0.2323745486  0.184000190 1.0000000
12:1-20:0   -1.627807e-02 -0.2469393576  0.214383217 1.0000000
13:1-20:0   -7.399386e-02 -0.3046551470  0.156667428 1.0000000
14:1-20:0    1.900614e-02 -0.2116551470  0.249667428 1.0000000
15:1-20:0    3.043810e-02 -0.2270259510  0.287902141 1.0000000
16:1-20:0   -7.495476e-02 -0.3324188082  0.182509284 1.0000000
17:1-20:0   -3.845476e-02 -0.2614251665  0.184515643 1.0000000
18:1-20:0    2.380729e-02 -0.1719542900  0.219568873 1.0000000
19:1-20:0   -2.555098e-02 -0.2180169413  0.166914980 1.0000000
20:1-20:0   -2.443986e-02 -0.2024927400  0.153613030 1.0000000
21:1-20:0    2.749667e-02 -0.1471239454  0.202117279 1.0000000
22:1-20:0   -3.590333e-02 -0.2105239454  0.138717279 1.0000000
23:1-20:0   -4.148551e-03 -0.2205595622  0.212262461 1.0000000
24:1-20:0    1.670000e-02 -0.1827307927  0.216130793 1.0000000
25:1-20:0   -7.283627e-02 -0.3126577882  0.166985239 1.0000000
26:1-20:0   -5.352564e-03 -0.2701393227  0.259434194 1.0000000
27:1-20:0    1.270000e-03 -0.2496749110  0.252214911 1.0000000
28:1-20:0    8.708590e-02 -0.1777008612  0.351872656 1.0000000
29:1-20:0    6.493246e-02 -0.1657288312  0.295593744 1.0000000
30:1-20:0    8.825000e-03 -0.2642568595  0.281906860 1.0000000
31:1-20:0   -4.512222e-02 -0.2801536654  0.189909221 1.0000000
32:1-20:0    2.422407e-02 -0.1815682908  0.230016439 1.0000000
33:1-20:0   -1.603788e-02 -0.2356039552  0.203528198 1.0000000
34:1-20:0   -2.237043e-02 -0.2199159468  0.175175087 1.0000000
35:1-20:0    1.061042e-02 -0.2344880532  0.255708887 1.0000000
36:1-20:0   -4.238333e-02 -0.2531267378  0.168360071 1.0000000
37:1-20:0   -8.800000e-03 -0.2082307927  0.190630793 1.0000000
38:1-20:0   -7.078627e-02 -0.2632522354  0.121679686 1.0000000
39:1-20:0   -6.013063e-03 -0.1941176033  0.182091477 1.0000000
40:1-20:0    9.855797e-03 -0.1681970878  0.187908682 1.0000000
41:1-20:0    1.357568e-02 -0.1537028801  0.180854246 1.0000000
42:1-20:0    8.390351e-03 -0.1783936999  0.195174402 1.0000000
43:1-20:0    5.862381e-03 -0.1850780661  0.196802828 1.0000000
44:1-20:0    2.351667e-02 -0.2412700919  0.288303425 1.0000000
45:1-20:0    1.605417e-02 -0.2290443032  0.261152637 1.0000000
46:1-20:0   -7.095476e-02 -0.3284188082  0.186509284 1.0000000
47:1-20:0    5.572917e-02 -0.1893693032  0.300827637 1.0000000
48:1-20:0    6.198333e-02 -0.1889615777  0.312928244 1.0000000
49:1-20:0    8.999020e-03 -0.2308224940  0.248820533 1.0000000
50:1-20:0   -7.272480e-02 -0.2558860947  0.110436501 1.0000000
51:1-20:0   -1.813333e-02 -0.2632318032  0.226965137 1.0000000
52:1-20:0   -1.037133e-02 -0.2211147378  0.200372071 1.0000000
53:1-20:0   -4.739583e-02 -0.2608737429  0.166082076 1.0000000
54:1-20:0    9.892982e-03 -0.1768910684  0.196677033 1.0000000
55:1-20:0    1.663542e-02 -0.1791261650  0.212396998 1.0000000
56:1-20:0    8.711667e-02 -0.0960446313  0.270277965 1.0000000
57:1-20:0   -1.798056e-02 -0.2074689629  0.171507852 1.0000000
58:1-20:0    1.918542e-02 -0.1570881657  0.195458999 1.0000000
59:1-20:0   -1.347949e-03 -0.1665143876  0.163818490 1.0000000
60:1-20:0   -7.389937e-04 -0.1528513591  0.151373372 1.0000000
61:1-20:0    7.348010e-03 -0.1401854506  0.154881470 1.0000000
62:1-20:0    6.499191e-03 -0.1462405267  0.159238909 1.0000000
63:1-20:0   -4.069409e-03 -0.1633877351  0.155248917 1.0000000
64:1-20:0    1.851667e-02 -0.1577569157  0.194790249 1.0000000
65:1-20:0    1.043939e-02 -0.1695344871  0.190413275 1.0000000
66:1-20:0    2.178137e-02 -0.1706845883  0.214247333 1.0000000
67:1-20:0    2.076282e-02 -0.1647597703  0.206285411 1.0000000
68:1-20:0   -2.293455e-02 -0.2060958508  0.160226745 1.0000000
69:1-20:0    3.565867e-02 -0.1389619454  0.210279279 1.0000000
70:1-20:0    3.084030e-02 -0.1401183616  0.201798968 1.0000000
71:1-20:0    4.881429e-02 -0.1332402873  0.230868859 1.0000000
72:1-20:0    1.463667e-02 -0.1763037804  0.205577114 1.0000000
73:1-20:0    4.509444e-02 -0.1339001699  0.224089059 1.0000000
74:1-20:0    3.837248e-02 -0.1426205406  0.219365502 1.0000000
75:1-20:0   -2.305889e-02 -0.2020535033  0.155935725 1.0000000
76:1-20:0    2.197540e-02 -0.1442169304  0.188167724 1.0000000
77:1-20:0    2.735513e-02 -0.1457256541  0.200435911 1.0000000
78:1-20:0    3.930833e-02 -0.1226759102  0.201292577 1.0000000
79:1-20:0   -8.096667e-03 -0.1639988888  0.147805555 1.0000000
80:1-20:0    2.024863e-02 -0.1290062680  0.169503536 1.0000000
81:1-20:0   -4.472523e-03 -0.1556095306  0.146664486 1.0000000
82:1-20:0   -2.308333e-02 -0.1751956987  0.129029032 1.0000000
83:1-20:0    4.365784e-02 -0.1301794620  0.217495148 1.0000000
84:1-20:0    6.304561e-02 -0.1237384368  0.249829665 1.0000000
85:1-20:0   -4.700942e-02 -0.2250623052  0.131043465 1.0000000
86:1-20:0    2.246042e-02 -0.1538131657  0.198733999 1.0000000
87:1-20:0   -5.561765e-03 -0.1793990698  0.168275540 1.0000000
88:1-20:0   -1.319184e-02 -0.1903383818  0.163954694 1.0000000
89:1-20:0    2.675544e-02 -0.1486767340  0.202187618 1.0000000
90:1-20:0    3.054425e-02 -0.1384891746  0.199577680 1.0000000
91:1-20:0   -1.722306e-02 -0.1787980296  0.144351911 1.0000000
92:1-20:0    4.397411e-02 -0.1331724244  0.221120651 1.0000000
93:1-20:0    3.283760e-02 -0.1481554244  0.213830618 1.0000000
94:1-20:0    5.675667e-02 -0.1022156549  0.215728988 1.0000000
95:1-20:0    6.741017e-02 -0.0926247305  0.227445077 1.0000000
96:1-20:0    8.388542e-02 -0.0750869049  0.242857738 0.9999999
97:1-20:0    5.074524e-02 -0.1154470891  0.216937565 1.0000000
98:1-20:0    3.951011e-02 -0.1277684539  0.206788672 1.0000000
99:1-20:0    2.184286e-02 -0.1358210280  0.179506742 1.0000000
100:1-20:0  -5.245536e-02 -0.1884699518  0.083559241 1.0000000
22:0-21:0   -9.294189e-03 -0.1777248974  0.159136520 1.0000000
23:0-21:0    8.713477e-03 -0.1609128689  0.178339822 1.0000000
24:0-21:0   -1.397514e-02 -0.2259676821  0.198017400 1.0000000
25:0-21:0    9.185643e-03 -0.2204649490  0.238836235 1.0000000
26:0-21:0    6.571375e-02 -0.1589300043  0.290357500 1.0000000
27:0-21:0    4.948153e-02 -0.1663842448  0.265347296 1.0000000
28:0-21:0    3.968528e-02 -0.1954706218  0.274841173 1.0000000
29:0-21:0    4.373363e-02 -0.1763337806  0.263801042 1.0000000
30:0-21:0   -2.443972e-02 -0.2595956218  0.210716173 1.0000000
31:0-21:0   -9.291083e-03 -0.2143734129  0.195791246 1.0000000
32:0-21:0   -1.340393e-02 -0.2218128971  0.195005039 1.0000000
33:0-21:0   -2.820133e-02 -0.2762190148  0.219816351 1.0000000
34:0-21:0   -3.871617e-02 -0.2351010357  0.157668702 1.0000000
35:0-21:0   -7.367612e-02 -0.2533095877  0.105957344 1.0000000
36:0-21:0    8.462962e-02 -0.1273629202  0.296622161 1.0000000
37:0-21:0    3.177334e-02 -0.1766356244  0.240182312 1.0000000
38:0-21:0    9.064602e-03 -0.1873202664  0.205449471 1.0000000
39:0-21:0   -2.367438e-02 -0.1898539067  0.142505139 1.0000000
40:0-21:0    2.046455e-03 -0.1449232207  0.149016131 1.0000000
41:0-21:0   -5.411270e-02 -0.2010823756  0.092856976 1.0000000
42:0-21:0   -3.496154e-02 -0.1962112939  0.126288222 1.0000000
43:0-21:0   -1.687001e-02 -0.1890433784  0.155303352 1.0000000
44:0-21:0    5.635403e-02 -0.1788018718  0.291509923 1.0000000
45:0-21:0   -1.659347e-02 -0.2324592448  0.199272296 1.0000000
46:0-21:0    3.804153e-02 -0.2472637351  0.323346786 1.0000000
47:0-21:0   -6.106757e-02 -0.2694765335  0.147341402 1.0000000
48:0-21:0   -6.265514e-02 -0.3038985544  0.178588272 1.0000000
49:0-21:0   -1.167514e-02 -0.2758696492  0.252519367 1.0000000
50:0-21:0    2.358283e-02 -0.1405142935  0.187679953 1.0000000
51:0-21:0   -3.176111e-02 -0.2518285175  0.188306305 1.0000000
52:0-21:0   -4.614922e-02 -0.2399933111  0.147694880 1.0000000
53:0-21:0   -4.184694e-02 -0.2382318049  0.154537933 1.0000000
54:0-21:0    1.084370e-02 -0.1532534239  0.174940823 1.0000000
55:0-21:0   -2.339108e-02 -0.1874882065  0.140706040 1.0000000
56:0-21:0   -1.398972e-02 -0.1761544922  0.148175043 1.0000000
57:0-21:0   -4.611579e-02 -0.2157421372  0.123510554 1.0000000
58:0-21:0    7.443906e-03 -0.1609868022  0.175874615 1.0000000
59:0-21:0    1.443840e-02 -0.1361348421  0.165011643 1.0000000
60:0-21:0    1.269616e-02 -0.1223653521  0.147757662 1.0000000
61:0-21:0   -2.505633e-02 -0.1545497676  0.104437104 1.0000000
62:0-21:0   -1.984769e-02 -0.1563054026  0.116610022 1.0000000
63:0-21:0   -2.130190e-02 -0.1660608116  0.123457020 1.0000000
64:0-21:0   -8.371967e-03 -0.1595173459  0.142773413 1.0000000
65:0-21:0    1.072789e-02 -0.1554516340  0.176907412 1.0000000
66:0-21:0    1.323477e-02 -0.1617176651  0.188187202 1.0000000
67:0-21:0   -2.024384e-03 -0.1682039067  0.164155139 1.0000000
68:0-21:0    5.711525e-03 -0.1722864811  0.183709532 1.0000000
69:0-21:0    1.205114e-02 -0.1466372118  0.170739493 1.0000000
70:0-21:0   -1.565847e-02 -0.1891903669  0.157873418 1.0000000
71:0-21:0   -5.346562e-02 -0.2147153755  0.107784141 1.0000000
72:0-21:0   -2.761472e-02 -0.1897794922  0.134550043 1.0000000
73:0-21:0   -2.561736e-02 -0.1907358300  0.139501103 1.0000000
74:0-21:0   -2.655535e-02 -0.2097154787  0.156604780 1.0000000
75:0-21:0   -6.963534e-04 -0.1820482816  0.180655575 1.0000000
76:0-21:0   -1.565413e-02 -0.1797512500  0.148442997 1.0000000
77:0-21:0    7.732905e-03 -0.1465309460  0.161996755 1.0000000
78:0-21:0   -8.970544e-03 -0.1632343943  0.145293307 1.0000000
79:0-21:0   -1.658181e-02 -0.1563335124  0.123169897 1.0000000
80:0-21:0    1.343525e-03 -0.1356133364  0.138300387 1.0000000
81:0-21:0   -1.323924e-02 -0.1464528659  0.119974378 1.0000000
82:0-21:0   -1.235709e-02 -0.1588628234  0.134148652 1.0000000
83:0-21:0    6.515335e-03 -0.1446300443  0.157660714 1.0000000
84:0-21:0   -5.336421e-02 -0.2057031558  0.098974731 1.0000000
85:0-21:0    1.199798e-02 -0.1730675983  0.197063552 1.0000000
86:0-21:0   -3.216056e-02 -0.1943253256  0.130004210 1.0000000
87:0-21:0   -3.160133e-02 -0.2000320403  0.136829377 1.0000000
88:0-21:0    2.466076e-02 -0.1475126091  0.196834122 1.0000000
89:0-21:0    2.240616e-02 -0.1472201859  0.192032505 1.0000000
90:0-21:0   -1.453021e-02 -0.1786273370  0.149566910 1.0000000
91:0-21:0   -4.889527e-02 -0.2067858799  0.108995346 1.0000000
92:0-21:0    5.928398e-02 -0.0986066346  0.217174591 1.0000000
93:0-21:0    2.739523e-02 -0.1297233619  0.184513820 1.0000000
94:0-21:0    3.621794e-02 -0.1216726724  0.194108553 1.0000000
95:0-21:0    4.458455e-02 -0.1226981754  0.211867273 1.0000000
96:0-21:0    4.916441e-02 -0.1044387820  0.202767596 1.0000000
97:0-21:0    1.710607e-02 -0.1392649656  0.173477107 1.0000000
98:0-21:0   -3.875822e-03 -0.1651255796  0.157373937 1.0000000
99:0-21:0    3.799614e-02 -0.1120204868  0.188012768 1.0000000
100:0-21:0  -6.159472e-02 -0.1797980922  0.056608643 1.0000000
1:1-21:0    -7.361791e-02 -0.1937156395  0.046479822 0.9996568
2:1-21:0    -5.280669e-02 -0.2084534689  0.102840091 1.0000000
3:1-21:0    -8.492258e-03 -0.1834446922  0.166460175 1.0000000
4:1-21:0    -1.798415e-02 -0.1929365841  0.156968284 1.0000000
5:1-21:0     7.981653e-02 -0.1221682609  0.281801312 1.0000000
6:1-21:0    -2.087097e-02 -0.2228557609  0.181113812 1.0000000
7:1-21:0     4.761408e-04 -0.1959087280  0.196861010 1.0000000
8:1-21:0    -4.500847e-02 -0.2696522265  0.179635277 1.0000000
9:1-21:0    -1.382347e-02 -0.2296892448  0.202042296 1.0000000
10:1-21:0   -6.215617e-03 -0.2542333006  0.241802066 1.0000000
11:1-21:0   -3.891232e-02 -0.2352971895  0.157472548 1.0000000
12:1-21:0   -3.100321e-02 -0.2510706227  0.189064200 1.0000000
13:1-21:0   -8.871900e-02 -0.3087864122  0.131348410 1.0000000
14:1-21:0    4.280999e-03 -0.2157864122  0.224348410 1.0000000
15:1-21:0    1.571295e-02 -0.2323047291  0.263730637 1.0000000
16:1-21:0   -8.967990e-02 -0.3376975863  0.158337780 1.0000000
17:1-21:0   -5.317990e-02 -0.2651724440  0.158812638 1.0000000
18:1-21:0    9.082150e-03 -0.1740779787  0.192242280 1.0000000
19:1-21:0   -4.027612e-02 -0.2199095877  0.139357344 1.0000000
20:1-21:0   -3.916500e-02 -0.2032621196  0.124932127 1.0000000
21:1-21:0    1.277153e-02 -0.1475949118  0.173137963 1.0000000
22:1-21:0   -5.062847e-02 -0.2109949118  0.109737963 1.0000000
23:1-21:0   -1.887369e-02 -0.2239560216  0.186208638 1.0000000
24:1-21:0    1.974859e-03 -0.1851018023  0.189051520 1.0000000
25:1-21:0   -8.756142e-02 -0.3172120078  0.142089176 1.0000000
26:1-21:0   -2.007771e-02 -0.2756888623  0.235533452 1.0000000
27:1-21:0   -1.345514e-02 -0.2546985544  0.227788272 1.0000000
28:1-21:0    7.236076e-02 -0.1832504008  0.327971913 1.0000000
29:1-21:0    5.020731e-02 -0.1698600964  0.270274726 1.0000000
30:1-21:0   -5.900141e-03 -0.2700946492  0.258294367 1.0000000
31:1-21:0   -5.984736e-02 -0.2844911154  0.164796388 1.0000000
32:1-21:0    9.498933e-03 -0.1843451629  0.203343029 1.0000000
33:1-21:0   -3.076302e-02 -0.2391719880  0.177645948 1.0000000
34:1-21:0   -3.709557e-02 -0.2221611467  0.147970004 1.0000000
35:1-21:0   -4.114725e-03 -0.2392706218  0.231041173 1.0000000
36:1-21:0   -5.710847e-02 -0.2562009620  0.141984013 1.0000000
37:1-21:0   -2.352514e-02 -0.2106018023  0.163551520 1.0000000
38:1-21:0   -8.551142e-02 -0.2651448818  0.094122050 1.0000000
39:1-21:0   -2.073820e-02 -0.1956906381  0.154214230 1.0000000
40:1-21:0   -4.869344e-03 -0.1689664674  0.159227779 1.0000000
41:1-21:0   -1.149458e-03 -0.1534884017  0.151189485 1.0000000
42:1-21:0   -6.334790e-03 -0.1798666827  0.167197102 1.0000000
43:1-21:0   -8.862760e-03 -0.1868607669  0.169135246 1.0000000
44:1-21:0    8.791525e-03 -0.2468196315  0.264402682 1.0000000
45:1-21:0    1.329025e-03 -0.2338268718  0.236484923 1.0000000
46:1-21:0   -8.567990e-02 -0.3336975863  0.162337780 1.0000000
47:1-21:0    4.100403e-02 -0.1941518718  0.276159923 1.0000000
48:1-21:0    4.725819e-02 -0.1939852211  0.288501605 1.0000000
49:1-21:0   -5.726122e-03 -0.2353767137  0.223924470 1.0000000
50:1-21:0   -8.744994e-02 -0.2570762835  0.082176408 1.0000000
51:1-21:0   -3.285847e-02 -0.2680143718  0.202297423 1.0000000
52:1-21:0   -2.509647e-02 -0.2241889620  0.173996013 1.0000000
53:1-21:0   -6.212097e-02 -0.2641057609  0.139863812 1.0000000
54:1-21:0   -4.832159e-03 -0.1783640512  0.168699734 1.0000000
55:1-21:0    1.910275e-03 -0.1812498537  0.185070405 1.0000000
56:1-21:0    7.239153e-02 -0.0972348201  0.242017871 1.0000000
57:1-21:0   -3.270570e-02 -0.2091451837  0.143733790 1.0000000
58:1-21:0    4.460275e-03 -0.1577044922  0.166625043 1.0000000
59:1-21:0   -1.607309e-02 -0.1660897176  0.133943538 1.0000000
60:1-21:0   -1.546413e-02 -0.1509750486  0.120046779 1.0000000
61:1-21:0   -7.377131e-03 -0.1377272675  0.122973005 1.0000000
62:1-21:0   -8.225950e-03 -0.1444406976  0.127988797 1.0000000
63:1-21:0   -1.879455e-02 -0.1623472063  0.124758105 1.0000000
64:1-21:0    3.791525e-03 -0.1583732422  0.165956293 1.0000000
65:1-21:0   -4.285747e-03 -0.1704652703  0.161893776 1.0000000
66:1-21:0    7.056231e-03 -0.1725772347  0.186689697 1.0000000
67:1-21:0    6.037679e-03 -0.1661356860  0.178211045 1.0000000
68:1-21:0   -3.765969e-02 -0.2072860396  0.131966651 1.0000000
69:1-21:0    2.093353e-02 -0.1394329118  0.181299963 1.0000000
70:1-21:0    1.611516e-02 -0.1402558747  0.172486198 1.0000000
71:1-21:0    3.408914e-02 -0.1343415641  0.202519853 1.0000000
72:1-21:0   -8.847458e-05 -0.1780864811  0.177909532 1.0000000
73:1-21:0    3.036930e-02 -0.1347491634  0.195487770 1.0000000
74:1-21:0    2.364734e-02 -0.1436353847  0.190930063 1.0000000
75:1-21:0   -3.778403e-02 -0.2029024967  0.127334436 1.0000000
76:1-21:0    7.250256e-03 -0.1438951236  0.158395635 1.0000000
77:1-21:0    1.262999e-02 -0.1460583656  0.171318340 1.0000000
78:1-21:0    2.458319e-02 -0.1219225456  0.171088930 1.0000000
79:1-21:0   -2.282181e-02 -0.1625735124  0.116929897 1.0000000
80:1-21:0    5.523493e-03 -0.1267718654  0.137818851 1.0000000
81:1-21:0   -1.919766e-02 -0.1536128089  0.115217481 1.0000000
82:1-21:0   -3.780847e-02 -0.1733193882  0.097702439 1.0000000
83:1-21:0    2.893270e-02 -0.1305804470  0.188445851 1.0000000
84:1-21:0    4.832047e-02 -0.1252114196  0.221852365 1.0000000
85:1-21:0   -6.173456e-02 -0.2258316848  0.102362562 1.0000000
86:1-21:0    7.735275e-03 -0.1544294922  0.169900043 1.0000000
87:1-21:0   -2.028691e-02 -0.1798000549  0.139226243 1.0000000
88:1-21:0   -2.791699e-02 -0.1910302339  0.135196264 1.0000000
89:1-21:0    1.203030e-02 -0.1492194571  0.173280059 1.0000000
90:1-21:0    1.581911e-02 -0.1384447391  0.170082962 1.0000000
91:1-21:0   -3.194820e-02 -0.1780012973  0.114104896 1.0000000
92:1-21:0    2.924897e-02 -0.1338642765  0.192362221 1.0000000
93:1-21:0    1.811246e-02 -0.1491702684  0.185395180 1.0000000
94:1-21:0    4.203153e-02 -0.1011370292  0.185200080 1.0000000
95:1-21:0    5.268503e-02 -0.0916624877  0.197032552 1.0000000
96:1-21:0    6.916028e-02 -0.0740082792  0.212328830 1.0000000
97:1-21:0    3.602010e-02 -0.1151252824  0.187165476 1.0000000
98:1-21:0    2.478497e-02 -0.1275539755  0.177123912 1.0000000
99:1-21:0    7.117716e-03 -0.1345965625  0.148831994 1.0000000
100:1-21:0  -6.718050e-02 -0.1843342693  0.049973276 0.9999861
23:0-22:0    1.800767e-02 -0.1651536324  0.201168963 1.0000000
24:0-22:0   -4.680952e-03 -0.2276513570  0.218289452 1.0000000
25:0-22:0    1.847983e-02 -0.2213416817  0.258301346 1.0000000
26:0-22:0    7.500794e-02 -0.1600235066  0.310039380 1.0000000
27:0-22:0    5.877571e-02 -0.1678804013  0.285431830 1.0000000
28:0-22:0    4.897946e-02 -0.1961190056  0.294077934 1.0000000
29:0-22:0    5.302782e-02 -0.1776334678  0.283689107 1.0000000
30:0-22:0   -1.514554e-02 -0.2602440056  0.229952934 1.0000000
31:0-22:0    3.105590e-06 -0.2164079059  0.216414117 1.0000000
32:0-22:0   -4.109740e-03 -0.2236758166  0.215456336 1.0000000
33:0-22:0   -1.890714e-02 -0.2763711891  0.238556903 1.0000000
34:0-22:0   -2.942198e-02 -0.2376093471  0.178765391 1.0000000
35:0-22:0   -6.438193e-02 -0.2568478936  0.128084028 1.0000000
36:0-22:0    9.392381e-02 -0.1290465951  0.316894214 1.0000000
37:0-22:0    4.106753e-02 -0.1784985439  0.260633609 1.0000000
38:0-22:0    1.835879e-02 -0.1898285779  0.226546160 1.0000000
39:0-22:0   -1.438019e-02 -0.1943540758  0.165593686 1.0000000
40:0-22:0    1.134064e-02 -0.1510633263  0.173744614 1.0000000
41:0-22:0   -4.481851e-02 -0.2072224813  0.117585459 1.0000000
42:0-22:0   -2.566735e-02 -0.2010995231  0.149764829 1.0000000
43:0-22:0   -7.575824e-03 -0.1930984150  0.177946767 1.0000000
44:0-22:0    6.564821e-02 -0.1794502556  0.310746684 1.0000000
45:0-22:0   -7.299286e-03 -0.2339554013  0.219356830 1.0000000
46:0-22:0    4.733571e-02 -0.2462184641  0.340889893 1.0000000
47:0-22:0   -5.177338e-02 -0.2713394530  0.167792700 1.0000000
48:0-22:0   -5.336095e-02 -0.3043058634  0.197583959 1.0000000
49:0-22:0   -2.380952e-03 -0.2754628119  0.270700907 1.0000000
50:0-22:0    3.287702e-02 -0.1451758663  0.210929904 1.0000000
51:0-22:0   -2.246692e-02 -0.2531282047  0.208194370 1.0000000
52:0-22:0   -3.685503e-02 -0.2426473913  0.168937338 1.0000000
53:0-22:0   -3.255275e-02 -0.2407401163  0.175634622 1.0000000
54:0-22:0    2.013789e-02 -0.1579149967  0.198190773 1.0000000
55:0-22:0   -1.409689e-02 -0.1921497794  0.163955991 1.0000000
56:0-22:0   -4.695536e-03 -0.1809691181  0.171578047 1.0000000
57:0-22:0   -3.682160e-02 -0.2199829007  0.146339695 1.0000000
58:0-22:0    1.673810e-02 -0.1653164778  0.198792668 1.0000000
59:0-22:0    2.373259e-02 -0.1419395729  0.189404751 1.0000000
60:0-22:0    2.199034e-02 -0.1297218003  0.173702488 1.0000000
61:0-22:0   -1.576214e-02 -0.1625392321  0.131014946 1.0000000
62:0-22:0   -1.055350e-02 -0.1635099371  0.142402934 1.0000000
63:0-22:0   -1.200771e-02 -0.1724137781  0.148398365 1.0000000
64:0-22:0    9.222222e-04 -0.1652701050  0.167114549 1.0000000
65:0-22:0    2.002208e-02 -0.1599518031  0.199995959 1.0000000
66:0-22:0    2.252896e-02 -0.1655755827  0.210633498 1.0000000
67:0-22:0    7.269805e-03 -0.1727040758  0.187243686 1.0000000
68:0-22:0    1.500571e-02 -0.1759347327  0.205946161 1.0000000
69:0-22:0    2.134533e-02 -0.1517354527  0.194426112 1.0000000
70:0-22:0   -6.364286e-03 -0.1931483365  0.180419765 1.0000000
71:0-22:0   -4.417143e-02 -0.2196036048  0.131260748 1.0000000
72:0-22:0   -1.832054e-02 -0.1945941181  0.157953047 1.0000000
73:0-22:0   -1.632317e-02 -0.1953177890  0.162671440 1.0000000
74:0-22:0   -1.726116e-02 -0.2130227424  0.178500421 1.0000000
75:0-22:0    8.597835e-03 -0.1854729914  0.202668662 1.0000000
76:0-22:0   -6.359938e-03 -0.1844128228  0.171692947 1.0000000
77:0-22:0    1.702709e-02 -0.1520063339  0.186060521 1.0000000
78:0-22:0    3.236453e-04 -0.1687097822  0.169357073 1.0000000
79:0-22:0   -7.287619e-03 -0.1631898412  0.148614603 1.0000000
80:0-22:0    1.063771e-02 -0.1427641956  0.164039624 1.0000000
81:0-22:0   -3.945055e-03 -0.1540144825  0.146124373 1.0000000
82:0-22:0   -3.062897e-03 -0.1650471403  0.158921347 1.0000000
83:0-22:0    1.580952e-02 -0.1503828034  0.182001851 1.0000000
84:0-22:0   -4.407002e-02 -0.2113485866  0.123208540 1.0000000
85:0-22:0    2.129217e-02 -0.1762533508  0.218837683 1.0000000
86:0-22:0   -2.286637e-02 -0.1991399514  0.153407213 1.0000000
87:0-22:0   -2.230714e-02 -0.2043617159  0.159747430 1.0000000
88:0-22:0    3.395495e-02 -0.1515676457  0.219477536 1.0000000
89:0-22:0    3.170035e-02 -0.1514609495  0.214861646 1.0000000
90:0-22:0   -5.236025e-03 -0.1832889098  0.172816860 1.0000000
91:0-22:0   -3.960108e-02 -0.2119507506  0.132748594 1.0000000
92:0-22:0    6.857817e-02 -0.1037715054  0.240927840 1.0000000
93:0-22:0    3.668942e-02 -0.1349532795  0.208332115 1.0000000
94:0-22:0    4.551213e-02 -0.1268375431  0.217861802 1.0000000
95:0-22:0    5.387874e-02 -0.1271142837  0.234871759 1.0000000
96:0-22:0    5.845860e-02 -0.1099721129  0.226889304 1.0000000
97:0-22:0    2.640026e-02 -0.1445584049  0.197358924 1.0000000
98:0-22:0    5.418367e-03 -0.1700138089  0.180850544 1.0000000
99:0-22:0    4.729033e-02 -0.1178761092  0.212456769 1.0000000
100:0-22:0  -5.230054e-02 -0.1892202205  0.084619149 1.0000000
1:1-22:0    -6.432372e-02 -0.2028821151  0.074234676 1.0000000
2:1-22:0    -4.351250e-02 -0.2138089595  0.126783959 1.0000000
3:1-22:0     8.019305e-04 -0.1873026098  0.188906471 1.0000000
4:1-22:0    -8.689961e-03 -0.1967945017  0.179414579 1.0000000
5:1-22:0     8.911071e-02 -0.1243671953  0.302588624 1.0000000
6:1-22:0    -1.157679e-02 -0.2250546953  0.201901124 1.0000000
7:1-22:0     9.770330e-03 -0.1984170394  0.217957699 1.0000000
8:1-22:0    -3.571429e-02 -0.2707457288  0.199317157 1.0000000
9:1-22:0    -4.529286e-03 -0.2311854013  0.222126830 1.0000000
10:1-22:0    3.078571e-03 -0.2543854748  0.260542618 1.0000000
11:1-22:0   -2.961813e-02 -0.2378055010  0.178569237 1.0000000
12:1-22:0   -2.170902e-02 -0.2523703099  0.208952265 1.0000000
13:1-22:0   -7.942481e-02 -0.3100860994  0.151236475 1.0000000
14:1-22:0    1.357519e-02 -0.2170860994  0.244236475 1.0000000
15:1-22:0    2.500714e-02 -0.2324569034  0.282471189 1.0000000
16:1-22:0   -8.038571e-02 -0.3378497605  0.177078332 1.0000000
17:1-22:0   -4.388571e-02 -0.2668561189  0.179084690 1.0000000
18:1-22:0    1.837634e-02 -0.1773852424  0.214137921 1.0000000
19:1-22:0   -3.098193e-02 -0.2234478936  0.161484028 1.0000000
20:1-22:0   -2.987081e-02 -0.2079236924  0.148182077 1.0000000
21:1-22:0    2.206571e-02 -0.1525548978  0.196686326 1.0000000
22:1-22:0   -4.133429e-02 -0.2159548978  0.133286326 1.0000000
23:1-22:0   -9.579503e-03 -0.2259905146  0.206831508 1.0000000
24:1-22:0    1.126905e-02 -0.1881617451  0.210699840 1.0000000
25:1-22:0   -7.826723e-02 -0.3180887405  0.161554287 1.0000000
26:1-22:0   -1.078352e-02 -0.2755702751  0.254003242 1.0000000
27:1-22:0   -4.160952e-03 -0.2551058634  0.246783959 1.0000000
28:1-22:0    8.165495e-02 -0.1831318135  0.346441704 1.0000000
29:1-22:0    5.950150e-02 -0.1711597836  0.290162791 1.0000000
30:1-22:0    3.394048e-03 -0.2696878119  0.276475907 1.0000000
31:1-22:0   -5.055317e-02 -0.2855846177  0.184478269 1.0000000
32:1-22:0    1.879312e-02 -0.1869992432  0.224585487 1.0000000
33:1-22:0   -2.146883e-02 -0.2410349076  0.198097245 1.0000000
34:1-22:0   -2.780138e-02 -0.2253468992  0.169744134 1.0000000
35:1-22:0    5.179464e-03 -0.2399190056  0.250277934 1.0000000
36:1-22:0   -4.781429e-02 -0.2585576902  0.162929119 1.0000000
37:1-22:0   -1.423095e-02 -0.2136617451  0.185199840 1.0000000
38:1-22:0   -7.621723e-02 -0.2686831878  0.116248734 1.0000000
39:1-22:0   -1.144402e-02 -0.1995485557  0.176660525 1.0000000
40:1-22:0    4.424845e-03 -0.1736280402  0.182477730 1.0000000
41:1-22:0    8.144731e-03 -0.1591338325  0.175423294 1.0000000
42:1-22:0    2.959398e-03 -0.1838246523  0.189743449 1.0000000
43:1-22:0    4.314286e-04 -0.1905090185  0.191371876 1.0000000
44:1-22:0    1.808571e-02 -0.2467010443  0.282872473 1.0000000
45:1-22:0    1.062321e-02 -0.2344752556  0.255721684 1.0000000
46:1-22:0   -7.638571e-02 -0.3338497605  0.181078332 1.0000000
47:1-22:0    5.029821e-02 -0.1948002556  0.295396684 1.0000000
48:1-22:0    5.655238e-02 -0.1943925301  0.307497292 1.0000000
49:1-22:0    3.568067e-03 -0.2362534464  0.243389581 1.0000000
50:1-22:0   -7.815575e-02 -0.2613170471  0.105005549 1.0000000
51:1-22:0   -2.356429e-02 -0.2686627556  0.221534184 1.0000000
52:1-22:0   -1.580229e-02 -0.2265456902  0.194941119 1.0000000
53:1-22:0   -5.282679e-02 -0.2663046953  0.160651124 1.0000000
54:1-22:0    4.462030e-03 -0.1823220207  0.191246081 1.0000000
55:1-22:0    1.120446e-02 -0.1845571174  0.206966046 1.0000000
56:1-22:0    8.168571e-02 -0.1014755837  0.264847012 1.0000000
57:1-22:0   -2.341151e-02 -0.2128999153  0.166076899 1.0000000
58:1-22:0    1.375446e-02 -0.1625191181  0.190028047 1.0000000
59:1-22:0   -6.778901e-03 -0.1719453400  0.158387538 1.0000000
60:1-22:0   -6.169946e-03 -0.1582823114  0.145942419 1.0000000
61:1-22:0    1.917058e-03 -0.1456164030  0.149450518 1.0000000
62:1-22:0    1.068239e-03 -0.1516714791  0.153807956 1.0000000
63:1-22:0   -9.500362e-03 -0.1688186875  0.149817964 1.0000000
64:1-22:0    1.308571e-02 -0.1631878681  0.189359297 1.0000000
65:1-22:0    5.008442e-03 -0.1749654394  0.184982323 1.0000000
66:1-22:0    1.635042e-02 -0.1761155407  0.208816381 1.0000000
67:1-22:0    1.533187e-02 -0.1701907227  0.200854459 1.0000000
68:1-22:0   -2.836551e-02 -0.2115268032  0.154795793 1.0000000
69:1-22:0    3.022771e-02 -0.1443928978  0.204848326 1.0000000
70:1-22:0    2.540935e-02 -0.1455493140  0.196368015 1.0000000
71:1-22:0    4.338333e-02 -0.1386712397  0.225437906 1.0000000
72:1-22:0    9.205714e-03 -0.1817347327  0.200146161 1.0000000
73:1-22:0    3.966349e-02 -0.1393311223  0.218658106 1.0000000
74:1-22:0    3.294153e-02 -0.1480514930  0.213934550 1.0000000
75:1-22:0   -2.848984e-02 -0.2074844556  0.150504773 1.0000000
76:1-22:0    1.654444e-02 -0.1496478828  0.182736772 1.0000000
77:1-22:0    2.192418e-02 -0.1511566065  0.195004958 1.0000000
78:1-22:0    3.387738e-02 -0.1281068626  0.195861624 1.0000000
79:1-22:0   -1.352762e-02 -0.1694298412  0.142374603 1.0000000
80:1-22:0    1.481768e-02 -0.1344372204  0.164072583 1.0000000
81:1-22:0   -9.903475e-03 -0.1610404830  0.141233533 1.0000000
82:1-22:0   -2.851429e-02 -0.1806266511  0.123598080 1.0000000
83:1-22:0    3.822689e-02 -0.1356104144  0.212064196 1.0000000
84:1-22:0    5.761466e-02 -0.1291693892  0.244398712 1.0000000
85:1-22:0   -5.244037e-02 -0.2304932576  0.125612512 1.0000000
86:1-22:0    1.702946e-02 -0.1592441181  0.193303047 1.0000000
87:1-22:0   -1.099272e-02 -0.1848300222  0.162844588 1.0000000
88:1-22:0   -1.862280e-02 -0.1957693342  0.158523742 1.0000000
89:1-22:0    2.132449e-02 -0.1541076864  0.196756666 1.0000000
90:1-22:0    2.511330e-02 -0.1439201270  0.194146728 1.0000000
91:1-22:0   -2.265401e-02 -0.1842289820  0.138920959 1.0000000
92:1-22:0    3.854316e-02 -0.1386033768  0.215689699 1.0000000
93:1-22:0    2.740664e-02 -0.1535863768  0.208399666 1.0000000
94:1-22:0    5.132571e-02 -0.1076466072  0.210298036 1.0000000
95:1-22:0    6.197922e-02 -0.0980556829  0.222014124 1.0000000
96:1-22:0    7.845446e-02 -0.0805178572  0.237426786 1.0000000
97:1-22:0    4.531429e-02 -0.1208780415  0.211506613 1.0000000
98:1-22:0    3.407916e-02 -0.1331994062  0.201357720 1.0000000
99:1-22:0    1.641190e-02 -0.1412519803  0.174075790 1.0000000
100:1-22:0  -5.788631e-02 -0.1939009041  0.078128288 1.0000000
24:0-23:0   -2.268862e-02 -0.2465635715  0.201186336 1.0000000
25:0-23:0    4.721664e-04 -0.2401905684  0.241134901 1.0000000
26:0-23:0    5.700027e-02 -0.1788894761  0.292890018 1.0000000
27:0-23:0    4.076805e-02 -0.1867779646  0.268314062 1.0000000
28:0-23:0    3.097180e-02 -0.2149498421  0.276893440 1.0000000
29:0-23:0    3.502015e-02 -0.1965156380  0.266555946 1.0000000
30:0-23:0   -3.315320e-02 -0.2790748421  0.212768440 1.0000000
31:0-23:0   -1.800456e-02 -0.2353474213  0.199338301 1.0000000
32:0-23:0   -2.211741e-02 -0.2426019980  0.198367186 1.0000000
33:0-23:0   -3.691481e-02 -0.2951626130  0.221332996 1.0000000
34:0-23:0   -4.742964e-02 -0.2565855045  0.161726217 1.0000000
35:0-23:0   -8.238960e-02 -0.2759027493  0.111123553 1.0000000
36:0-23:0    7.591614e-02 -0.1479588096  0.299791098 1.0000000
37:0-23:0    2.305987e-02 -0.1974247253  0.243544459 1.0000000
38:0-23:0    3.511257e-04 -0.2088047352  0.209506987 1.0000000
39:0-23:0   -3.238786e-02 -0.2134811825  0.148705462 1.0000000
40:0-23:0   -6.667022e-03 -0.1703106681  0.156976625 1.0000000
41:0-23:0   -6.282618e-02 -0.2264698231  0.100817470 1.0000000
42:0-23:0   -4.367501e-02 -0.2202554246  0.132905400 1.0000000
43:0-23:0   -2.558349e-02 -0.2121922387  0.161025259 1.0000000
44:0-23:0    4.764055e-02 -0.1982810921  0.293562190 1.0000000
45:0-23:0   -2.530695e-02 -0.2528529646  0.202239062 1.0000000
46:0-23:0    2.932805e-02 -0.2649137721  0.323569870 1.0000000
47:0-23:0   -6.978104e-02 -0.2902656344  0.150703550 1.0000000
48:0-23:0   -7.136862e-02 -0.3231175839  0.180380348 1.0000000
49:0-23:0   -2.038862e-02 -0.2942095366  0.253432301 1.0000000
50:0-23:0    1.486935e-02 -0.1643149747  0.194053681 1.0000000
51:0-23:0   -4.047458e-02 -0.2720103749  0.191061209 1.0000000
52:0-23:0   -5.486269e-02 -0.2616347668  0.151909383 1.0000000
53:0-23:0   -5.056041e-02 -0.2597162737  0.158595448 1.0000000
54:0-23:0    2.130223e-03 -0.1770541051  0.181314551 1.0000000
55:0-23:0   -3.210456e-02 -0.2112888878  0.147079768 1.0000000
56:0-23:0   -2.270320e-02 -0.2001195740  0.154713172 1.0000000
57:0-23:0   -5.482927e-02 -0.2390906440  0.129432107 1.0000000
58:0-23:0   -1.269570e-03 -0.1844308682  0.181891728 1.0000000
59:0-23:0    5.724924e-03 -0.1611626396  0.172612487 1.0000000
60:0-23:0    3.982678e-03 -0.1490557749  0.157021132 1.0000000
61:0-23:0   -3.376981e-02 -0.1819173950  0.114377778 1.0000000
62:0-23:0   -2.856117e-02 -0.1828332147  0.125710881 1.0000000
63:0-23:0   -3.001537e-02 -0.1916764412  0.131645697 1.0000000
64:0-23:0   -1.708544e-02 -0.1844893953  0.150318509 1.0000000
65:0-23:0    2.014412e-03 -0.1790789098  0.183107735 1.0000000
66:0-23:0    4.521292e-03 -0.1846545827  0.193697167 1.0000000
67:0-23:0   -1.073786e-02 -0.1918311825  0.170355462 1.0000000
68:0-23:0   -3.001951e-03 -0.1949979090  0.188994007 1.0000000
69:0-23:0    3.337664e-03 -0.1709068500  0.177582178 1.0000000
70:0-23:0   -2.437195e-02 -0.2122348671  0.163490965 1.0000000
71:0-23:0   -6.217909e-02 -0.2387595062  0.114401318 1.0000000
72:0-23:0   -3.632820e-02 -0.2137445740  0.141088172 1.0000000
73:0-23:0   -3.433084e-02 -0.2144509819  0.145789302 1.0000000
74:0-23:0   -3.526883e-02 -0.2320600617  0.161522409 1.0000000
75:0-23:0   -9.409830e-03 -0.2045192336  0.185699574 1.0000000
76:0-23:0   -2.436760e-02 -0.2035519312  0.154816724 1.0000000
77:0-23:0   -9.805719e-04 -0.1712054030  0.169244259 1.0000000
78:0-23:0   -1.768402e-02 -0.1879088513  0.152540811 1.0000000
79:0-23:0   -2.529528e-02 -0.1824884663  0.131897897 1.0000000
80:0-23:0   -7.369951e-03 -0.1620836852  0.147343783 1.0000000
81:0-23:0   -2.195272e-02 -0.1733628476  0.129457407 1.0000000
82:0-23:0   -2.107056e-02 -0.1842976699  0.142156545 1.0000000
83:0-23:0   -2.198142e-03 -0.1696020937  0.165205810 1.0000000
84:0-23:0   -6.207769e-02 -0.2305600654  0.106404688 1.0000000
85:0-23:0    3.284500e-03 -0.1952814198  0.201850421 1.0000000
86:0-23:0   -4.087403e-02 -0.2182904074  0.136542338 1.0000000
87:0-23:0   -4.031481e-02 -0.2234761063  0.142846490 1.0000000
88:0-23:0    1.594728e-02 -0.1706614694  0.202556029 1.0000000
89:0-23:0    1.369268e-02 -0.1705686928  0.197954059 1.0000000
90:0-23:0   -2.324369e-02 -0.2024280182  0.155940637 1.0000000
91:0-23:0   -5.760874e-02 -0.2311270514  0.115909564 1.0000000
92:0-23:0    5.057050e-02 -0.1229478061  0.224088809 1.0000000
93:0-23:0    1.868175e-02 -0.1541343611  0.191497866 1.0000000
94:0-23:0    2.750446e-02 -0.1460138438  0.201022772 1.0000000
95:0-23:0    3.587107e-02 -0.1462351257  0.217977270 1.0000000
96:0-23:0    4.045093e-02 -0.1291754154  0.210077276 1.0000000
97:0-23:0    8.392594e-03 -0.1637441495  0.180529338 1.0000000
98:0-23:0   -1.258930e-02 -0.1891697103  0.163991114 1.0000000
99:0-23:0    2.928266e-02 -0.1371028702  0.195668198 1.0000000
100:0-23:0  -7.030820e-02 -0.2086960388  0.068079636 1.0000000
1:1-23:0    -8.233139e-02 -0.2223407508  0.057677980 0.9999495
2:1-23:0    -6.152017e-02 -0.2329992535  0.109958922 1.0000000
3:1-23:0    -1.720574e-02 -0.2063816097  0.171970140 1.0000000
4:1-23:0    -2.669763e-02 -0.2158735016  0.162478248 1.0000000
5:1-23:0     7.110305e-02 -0.1433194580  0.285525556 1.0000000
6:1-23:0    -2.958445e-02 -0.2440069580  0.184838056 1.0000000
7:1-23:0    -8.237336e-03 -0.2173931968  0.200918525 1.0000000
8:1-23:0    -5.372195e-02 -0.2896116983  0.182167796 1.0000000
9:1-23:0    -2.253695e-02 -0.2500829646  0.205009062 1.0000000
10:1-23:0   -1.492909e-02 -0.2731768988  0.243318711 1.0000000
11:1-23:0   -4.762580e-02 -0.2567816583  0.161530064 1.0000000
12:1-23:0   -3.971669e-02 -0.2712524801  0.191819104 1.0000000
13:1-23:0   -9.743248e-02 -0.3289682696  0.134103315 1.0000000
14:1-23:0   -4.432478e-03 -0.2359682696  0.227103315 1.0000000
15:1-23:0    6.999477e-03 -0.2512483273  0.265247282 1.0000000
16:1-23:0   -9.839338e-02 -0.3566411845  0.159854425 1.0000000
17:1-23:0   -6.189338e-02 -0.2857683334  0.161981574 1.0000000
18:1-23:0    3.686738e-04 -0.1964225617  0.197159909 1.0000000
19:1-23:0   -4.898960e-02 -0.2425027493  0.144523553 1.0000000
20:1-23:0   -4.787847e-02 -0.2270628008  0.131305855 1.0000000
21:1-23:0    4.058049e-03 -0.1717161008  0.179832198 1.0000000
22:1-23:0   -5.934195e-02 -0.2351161008  0.116432198 1.0000000
23:1-23:0   -2.758717e-02 -0.2449300300  0.189755693 1.0000000
24:1-23:0   -6.738618e-03 -0.2071802168  0.193702981 1.0000000
25:1-23:0   -9.627489e-02 -0.3369376272  0.144387842 1.0000000
26:1-23:0   -2.879118e-02 -0.2943400871  0.236757723 1.0000000
27:1-23:0   -2.216862e-02 -0.2739175839  0.229580348 1.0000000
28:1-23:0    6.364728e-02 -0.2019016256  0.329196185 1.0000000
29:1-23:0    4.149384e-02 -0.1900419538  0.273029630 1.0000000
30:1-23:0   -1.461362e-02 -0.2884345366  0.259207301 1.0000000
31:1-23:0   -6.856084e-02 -0.3044505872  0.167328907 1.0000000
32:1-23:0    7.854562e-04 -0.2059866187  0.207557531 1.0000000
33:1-23:0   -3.947650e-02 -0.2599610889  0.181008096 1.0000000
34:1-23:0   -4.580905e-02 -0.2443749682  0.152756872 1.0000000
35:1-23:0   -1.282820e-02 -0.2587498421  0.233093440 1.0000000
36:1-23:0   -6.582195e-02 -0.2775221544  0.145878252 1.0000000
37:1-23:0   -3.223862e-02 -0.2326802168  0.168202981 1.0000000
38:1-23:0   -9.422489e-02 -0.2877380434  0.099288259 1.0000000
39:1-23:0   -2.945168e-02 -0.2186275557  0.159724194 1.0000000
40:1-23:0   -1.358282e-02 -0.1927671486  0.165601507 1.0000000
41:1-23:0   -9.862935e-03 -0.1783453113  0.158619442 1.0000000
42:1-23:0   -1.504827e-02 -0.2029111828  0.172814649 1.0000000
43:1-23:0   -1.757624e-02 -0.2095721948  0.174419721 1.0000000
44:1-23:0    7.804878e-05 -0.2654708564  0.265626954 1.0000000
45:1-23:0   -7.384451e-03 -0.2533060921  0.238537190 1.0000000
46:1-23:0   -9.439338e-02 -0.3526411845  0.163854425 1.0000000
47:1-23:0    3.229055e-02 -0.2136310921  0.278212190 1.0000000
48:1-23:0    3.854472e-02 -0.2132042505  0.290293681 1.0000000
49:1-23:0   -1.443960e-02 -0.2551023331  0.226223137 1.0000000
50:1-23:0   -9.616341e-02 -0.2804247903  0.088097961 1.0000000
51:1-23:0   -4.157195e-02 -0.2874935921  0.204349690 1.0000000
52:1-23:0   -3.380995e-02 -0.2455101544  0.177890252 1.0000000
53:1-23:0   -7.083445e-02 -0.2852569580  0.143588056 1.0000000
54:1-23:0   -1.354564e-02 -0.2014085513  0.174317280 1.0000000
55:1-23:0   -6.803201e-03 -0.2035944367  0.189988034 1.0000000
56:1-23:0    6.367805e-02 -0.1205833269  0.247939424 1.0000000
57:1-23:0   -4.141917e-02 -0.2319711349  0.149132788 1.0000000
58:1-23:0   -4.253201e-03 -0.1816695740  0.173163172 1.0000000
59:1-23:0   -2.478657e-02 -0.1911721009  0.141598968 1.0000000
60:1-23:0   -2.417761e-02 -0.1776128266  0.129257603 1.0000000
61:1-23:0   -1.609061e-02 -0.1649876042  0.132806388 1.0000000
62:1-23:0   -1.693943e-02 -0.1709966074  0.137117753 1.0000000
63:1-23:0   -2.750803e-02 -0.1880898520  0.133073798 1.0000000
64:1-23:0   -4.921951e-03 -0.1823383240  0.172494422 1.0000000
65:1-23:0   -1.299922e-02 -0.1940925462  0.168094098 1.0000000
66:1-23:0   -1.657245e-03 -0.1951703963  0.191855906 1.0000000
67:1-23:0   -2.675797e-03 -0.1892845464  0.183932952 1.0000000
68:1-23:0   -4.637317e-02 -0.2306345464  0.137888205 1.0000000
69:1-23:0    1.222005e-02 -0.1635541008  0.187994198 1.0000000
70:1-23:0    7.401685e-03 -0.1647350586  0.179538429 1.0000000
71:1-23:0    2.537567e-02 -0.1577856301  0.208536966 1.0000000
72:1-23:0   -8.801951e-03 -0.2007979090  0.183194007 1.0000000
73:1-23:0    2.165583e-02 -0.1584643152  0.201775968 1.0000000
74:1-23:0    1.493386e-02 -0.1671723350  0.197040060 1.0000000
75:1-23:0   -4.649751e-02 -0.2266176486  0.133622635 1.0000000
76:1-23:0   -1.463221e-03 -0.1688671730  0.165940731 1.0000000
77:1-23:0    3.916510e-03 -0.1703280039  0.178161024 1.0000000
78:1-23:0    1.586972e-02 -0.1473573922  0.179096823 1.0000000
79:1-23:0   -3.153528e-02 -0.1887284663  0.125657897 1.0000000
80:1-23:0   -3.189984e-03 -0.1537928367  0.147412869 1.0000000
81:1-23:0   -2.791114e-02 -0.1803794608  0.124557180 1.0000000
82:1-23:0   -4.652195e-02 -0.1999571662  0.106913264 1.0000000
83:1-23:0    2.021923e-02 -0.1547767809  0.195215231 1.0000000
84:1-23:0    3.960700e-02 -0.1482559197  0.227469912 1.0000000
85:1-23:0   -7.044804e-02 -0.2496323660  0.108736290 1.0000000
86:1-23:0   -9.782012e-04 -0.1783945740  0.176438172 1.0000000
87:1-23:0   -2.900038e-02 -0.2039963887  0.145995624 1.0000000
88:1-23:0   -3.663046e-02 -0.2149141947  0.141653271 1.0000000
89:1-23:0    3.316824e-03 -0.1732635879  0.179897236 1.0000000
90:1-23:0    7.105635e-03 -0.1631191961  0.177330466 1.0000000
91:1-23:0   -4.066168e-02 -0.2034826357  0.122159281 1.0000000
92:1-23:0    2.053550e-02 -0.1577482372  0.198819228 1.0000000
93:1-23:0    9.398979e-03 -0.1727072187  0.191505177 1.0000000
94:1-23:0    3.331805e-02 -0.1269205000  0.193556598 1.0000000
95:1-23:0    4.397156e-02 -0.1173212341  0.205264345 1.0000000
96:1-23:0    6.044680e-02 -0.0997917500  0.220685348 1.0000000
97:1-23:0    2.730662e-02 -0.1400973318  0.194710572 1.0000000
98:1-23:0    1.607149e-02 -0.1524108851  0.184553868 1.0000000
99:1-23:0   -1.595761e-03 -0.1605362973  0.157344776 1.0000000
100:1-23:0  -7.589397e-02 -0.2133863874  0.061598441 0.9999984
25:0-24:0    2.316078e-02 -0.2490271878  0.295348756 1.0000000
26:0-24:0    7.968889e-02 -0.1882881867  0.347665964 1.0000000
27:0-24:0    6.345667e-02 -0.1972058134  0.324119147 1.0000000
28:0-24:0    5.366042e-02 -0.2231882671  0.330509100 1.0000000
29:0-24:0    5.770877e-02 -0.2064437660  0.321861310 1.0000000
30:0-24:0   -1.046458e-02 -0.2873132671  0.266384100 1.0000000
31:0-24:0    4.684058e-03 -0.2471207467  0.256488863 1.0000000
32:0-24:0    5.712121e-04 -0.2539502913  0.255092715 1.0000000
33:0-24:0   -1.422619e-02 -0.3020797451  0.273627364 1.0000000
34:0-24:0   -2.474103e-02 -0.2695142154  0.220032164 1.0000000
35:0-24:0   -5.970098e-02 -0.2912502837  0.171848323 1.0000000
36:0-24:0    9.860476e-02 -0.1588592844  0.356068808 1.0000000
37:0-24:0    4.574848e-02 -0.2087730185  0.300269988 1.0000000
38:0-24:0    2.303974e-02 -0.2217334462  0.267812933 1.0000000
39:0-24:0   -9.699242e-03 -0.2309740300  0.211575545 1.0000000
40:0-24:0    1.602160e-02 -0.1912149433  0.223258136 1.0000000
41:0-24:0   -4.013756e-02 -0.2473740982  0.167098981 1.0000000
42:0-24:0   -2.098639e-02 -0.2385832287  0.196610440 1.0000000
43:0-24:0   -2.894872e-03 -0.2287057782  0.222916035 1.0000000
44:0-24:0    7.032917e-02 -0.2065195171  0.347177850 1.0000000
45:0-24:0   -2.618333e-03 -0.2632808134  0.258044147 1.0000000
46:0-24:0    5.201667e-02 -0.2685234859  0.372556819 1.0000000
47:0-24:0   -4.709242e-02 -0.3016139276  0.207429079 1.0000000
48:0-24:0   -4.868000e-02 -0.3307177318  0.233357732 1.0000000
49:0-24:0    2.300000e-03 -0.2996033550  0.304203355 1.0000000
50:0-24:0    3.755797e-02 -0.1821572165  0.257273159 1.0000000
51:0-24:0   -1.778596e-02 -0.2819385028  0.246366573 1.0000000
52:0-24:0   -3.217407e-02 -0.2749135048  0.210565357 1.0000000
53:0-24:0   -2.787179e-02 -0.2726449846  0.216901395 1.0000000
54:0-24:0    2.481884e-02 -0.1948963469  0.244534028 1.0000000
55:0-24:0   -9.415942e-03 -0.2291311295  0.210299245 1.0000000
56:0-24:0   -1.458333e-05 -0.2182903484  0.218261182 1.0000000
57:0-24:0   -3.214065e-02 -0.2560156040  0.191734303 1.0000000
58:0-24:0    2.141905e-02 -0.2015513570  0.244389452 1.0000000
59:0-24:0    2.841354e-02 -0.1813939870  0.238221070 1.0000000
60:0-24:0    2.667130e-02 -0.1722973155  0.225639908 1.0000000
61:0-24:0   -1.108119e-02 -0.2063129699  0.184150589 1.0000000
62:0-24:0   -5.872549e-03 -0.2057915451  0.194046447 1.0000000
63:0-24:0   -7.326754e-03 -0.2130013554  0.198347847 1.0000000
64:0-24:0    5.603175e-03 -0.2046153389  0.215821688 1.0000000
65:0-24:0    2.470303e-02 -0.1965717573  0.245977818 1.0000000
66:0-24:0    2.720991e-02 -0.2007270372  0.255146857 1.0000000
67:0-24:0    1.195076e-02 -0.2093240300  0.233225545 1.0000000
68:0-24:0    1.968667e-02 -0.2105961770  0.249969510 1.0000000
69:0-24:0    2.602628e-02 -0.1896792835  0.241731848 1.0000000
70:0-24:0   -1.683333e-03 -0.2285317748  0.225165108 1.0000000
71:0-24:0   -3.949048e-02 -0.2570873103  0.178106358 1.0000000
72:0-24:0   -1.363958e-02 -0.2319153484  0.204636182 1.0000000
73:0-24:0   -1.164222e-02 -0.2321212592  0.208836815 1.0000000
74:0-24:0   -1.258021e-02 -0.2468760270  0.221715610 1.0000000
75:0-24:0    1.327879e-02 -0.2196062044  0.246163780 1.0000000
76:0-24:0   -1.678986e-03 -0.2213941730  0.218036202 1.0000000
77:0-24:0    2.170805e-02 -0.1907636778  0.234179770 1.0000000
78:0-24:0    5.004598e-03 -0.2074671261  0.217476321 1.0000000
79:0-24:0   -2.606667e-03 -0.2047883588  0.199575026 1.0000000
80:0-24:0    1.531867e-02 -0.1849413637  0.215578697 1.0000000
81:0-24:0    7.358974e-04 -0.1969830113  0.198454806 1.0000000
82:0-24:0    1.618056e-03 -0.2052897232  0.208525834 1.0000000
83:0-24:0    2.049048e-02 -0.1897280373  0.230708990 1.0000000
84:0-24:0   -3.938907e-02 -0.2504673775  0.171689235 1.0000000
85:0-24:0    2.597312e-02 -0.2098152719  0.261761508 1.0000000
86:0-24:0   -1.818542e-02 -0.2364611817  0.200090348 1.0000000
87:0-24:0   -1.762619e-02 -0.2405965951  0.205344214 1.0000000
88:0-24:0    3.863590e-02 -0.1871750090  0.264446804 1.0000000
89:0-24:0    3.638130e-02 -0.1874936528  0.260256254 1.0000000
90:0-24:0   -5.550725e-04 -0.2202702600  0.219160115 1.0000000
91:0-24:0   -3.492013e-02 -0.2500394959  0.180199244 1.0000000
92:0-24:0    7.325912e-02 -0.1418602506  0.288378490 1.0000000
93:0-24:0    4.137037e-02 -0.1731830015  0.255923742 1.0000000
94:0-24:0    5.019308e-02 -0.1649262883  0.265312452 1.0000000
95:0-24:0    5.855969e-02 -0.1635448069  0.280664187 1.0000000
96:0-24:0    6.313955e-02 -0.1488529928  0.275132089 1.0000000
97:0-24:0    3.108121e-02 -0.1829253270  0.245087751 1.0000000
98:0-24:0    1.009932e-02 -0.2074975144  0.227696154 1.0000000
99:0-24:0    5.197128e-02 -0.1574371378  0.261379702 1.0000000
100:0-24:0  -4.761958e-02 -0.2355529063  0.140313740 1.0000000
1:1-24:0    -5.964277e-02 -0.2487733114  0.129487777 1.0000000
2:1-24:0    -3.883155e-02 -0.2523094572  0.174646362 1.0000000
3:1-24:0     5.482883e-03 -0.2224540642  0.233419830 1.0000000
4:1-24:0    -4.009009e-03 -0.2319459561  0.223927938 1.0000000
5:1-24:0     9.379167e-02 -0.1554968242  0.343080158 1.0000000
6:1-24:0    -6.895833e-03 -0.2561843242  0.242392658 1.0000000
7:1-24:0     1.445128e-02 -0.2303219077  0.259224472 1.0000000
8:1-24:0    -3.103333e-02 -0.2990104089  0.236943742 1.0000000
9:1-24:0     1.516667e-04 -0.2605108134  0.260814147 1.0000000
10:1-24:0    7.759524e-03 -0.2800940308  0.295613078 1.0000000
11:1-24:0   -2.493718e-02 -0.2697103693  0.219836010 1.0000000
12:1-24:0   -1.702807e-02 -0.2811806081  0.247124468 1.0000000
13:1-24:0   -7.474386e-02 -0.3388963975  0.189408678 1.0000000
14:1-24:0    1.825614e-02 -0.2458963975  0.282408678 1.0000000
15:1-24:0    2.968810e-02 -0.2581654594  0.317541650 1.0000000
16:1-24:0   -7.570476e-02 -0.3635583165  0.212148793 1.0000000
17:1-24:0   -3.920476e-02 -0.2966688082  0.218259284 1.0000000
18:1-24:0    2.305729e-02 -0.2112385270  0.257353110 1.0000000
19:1-24:0   -2.630098e-02 -0.2578502837  0.205248323 1.0000000
20:1-24:0   -2.518986e-02 -0.2449050426  0.194525332 1.0000000
21:1-24:0    2.674667e-02 -0.1901963948  0.243689728 1.0000000
22:1-24:0   -3.665333e-02 -0.2535963948  0.180289728 1.0000000
23:1-24:0   -4.898551e-03 -0.2567033554  0.246906254 1.0000000
24:1-24:0    1.595000e-02 -0.2214201221  0.253320122 1.0000000
25:1-24:0   -7.358627e-02 -0.3457742467  0.198601698 1.0000000
26:1-24:0   -6.102564e-03 -0.3005239650  0.288318837 1.0000000
27:1-24:0    5.200000e-04 -0.2815177318  0.282557732 1.0000000
28:1-24:0    8.633590e-02 -0.2080855035  0.380757298 1.0000000
29:1-24:0    6.418246e-02 -0.1999700818  0.328334994 1.0000000
30:1-24:0    8.075000e-03 -0.2938283550  0.309978355 1.0000000
31:1-24:0   -4.587222e-02 -0.3138492978  0.222104853 1.0000000
32:1-24:0    2.347407e-02 -0.2192653566  0.266213505 1.0000000
33:1-24:0   -1.678788e-02 -0.2713093822  0.237733625 1.0000000
34:1-24:0   -2.312043e-02 -0.2589088203  0.212667960 1.0000000
35:1-24:0    9.860417e-03 -0.2669882671  0.286709100 1.0000000
36:1-24:0   -4.313333e-02 -0.2900841712  0.203817504 1.0000000
37:1-24:0   -9.550000e-03 -0.2469201221  0.227820122 1.0000000
38:1-24:0   -7.153627e-02 -0.3030855778  0.160013029 1.0000000
39:1-24:0   -6.763063e-03 -0.2347000101  0.221173884 1.0000000
40:1-24:0    9.105797e-03 -0.2106093904  0.228820985 1.0000000
41:1-24:0    1.282568e-02 -0.1982526234  0.223903990 1.0000000
42:1-24:0    7.640351e-03 -0.2192080906  0.234488792 1.0000000
43:1-24:0    5.112381e-03 -0.2251704627  0.235395225 1.0000000
44:1-24:0    2.276667e-02 -0.2716547342  0.317188068 1.0000000
45:1-24:0    1.530417e-02 -0.2615445171  0.292152850 1.0000000
46:1-24:0   -7.170476e-02 -0.3595583165  0.216148793 1.0000000
47:1-24:0    5.497917e-02 -0.2218695171  0.331827850 1.0000000
48:1-24:0    6.123333e-02 -0.2208043984  0.343271065 1.0000000
49:1-24:0    8.249020e-03 -0.2639389525  0.280436992 1.0000000
50:1-24:0   -7.347480e-02 -0.2973497503  0.150400157 1.0000000
51:1-24:0   -1.888333e-02 -0.2957320171  0.257965350 1.0000000
52:1-24:0   -1.112133e-02 -0.2580721712  0.235829504 1.0000000
53:1-24:0   -4.814583e-02 -0.2974343242  0.201142658 1.0000000
54:1-24:0    9.142982e-03 -0.2177054591  0.235991424 1.0000000
55:1-24:0    1.588542e-02 -0.2184104020  0.250181235 1.0000000
56:1-24:0    8.636667e-02 -0.1375082869  0.310241620 1.0000000
57:1-24:0   -1.873056e-02 -0.2478108696  0.210349759 1.0000000
58:1-24:0    1.843542e-02 -0.1998403484  0.236711182 1.0000000
59:1-24:0   -2.097949e-03 -0.2115063686  0.207310471 1.0000000
60:1-24:0   -1.488994e-03 -0.2007629395  0.197784952 1.0000000
61:1-24:0    6.598010e-03 -0.1892030517  0.202399072 1.0000000
62:1-24:0    5.749191e-03 -0.1940040446  0.205502426 1.0000000
63:1-24:0   -4.819409e-03 -0.2096468067  0.200007988 1.0000000
64:1-24:0    1.776667e-02 -0.2005090984  0.236042432 1.0000000
65:1-24:0    9.689394e-03 -0.2115853936  0.230964182 1.0000000
66:1-24:0    2.103137e-02 -0.2105179308  0.252580676 1.0000000
67:1-24:0    2.001282e-02 -0.2057980859  0.245823727 1.0000000
68:1-24:0   -2.368455e-02 -0.2475595064  0.200190401 1.0000000
69:1-24:0    3.490867e-02 -0.1820343948  0.251851728 1.0000000
70:1-24:0    3.009030e-02 -0.1839162361  0.244096842 1.0000000
71:1-24:0    4.806429e-02 -0.1749061189  0.271034690 1.0000000
72:1-24:0    1.388667e-02 -0.2163961770  0.244169510 1.0000000
73:1-24:0    4.434444e-02 -0.1761345925  0.264823481 1.0000000
74:1-24:0    3.762248e-02 -0.1844820162  0.259726977 1.0000000
75:1-24:0   -2.380889e-02 -0.2442879259  0.196670148 1.0000000
76:1-24:0    2.122540e-02 -0.1889931167  0.231443910 1.0000000
77:1-24:0    2.660513e-02 -0.1891004373  0.242310694 1.0000000
78:1-24:0    3.855833e-02 -0.1683494455  0.245466112 1.0000000
79:1-24:0   -8.846667e-03 -0.2110283588  0.193335026 1.0000000
80:1-24:0    1.949863e-02 -0.1776027601  0.216600028 1.0000000
81:1-24:0   -5.222523e-03 -0.2037529459  0.193307901 1.0000000
82:1-24:0   -2.383333e-02 -0.2231072791  0.175440612 1.0000000
83:1-24:0    4.290784e-02 -0.1734052227  0.259220909 1.0000000
84:1-24:0    6.229561e-02 -0.1645528275  0.289144056 1.0000000
85:1-24:0   -4.775942e-02 -0.2674746078  0.171955767 1.0000000
86:1-24:0    2.171042e-02 -0.1965653484  0.239986182 1.0000000
87:1-24:0   -6.311765e-03 -0.2226248305  0.210001301 1.0000000
88:1-24:0   -1.394184e-02 -0.2329231894  0.205039501 1.0000000
89:1-24:0    2.600544e-02 -0.1915913920  0.243602276 1.0000000
90:1-24:0    2.979425e-02 -0.1826774709  0.242265977 1.0000000
91:1-24:0   -1.797306e-02 -0.2245605827  0.188614464 1.0000000
92:1-24:0    4.322411e-02 -0.1757572320  0.262205459 1.0000000
93:1-24:0    3.208760e-02 -0.1900169000  0.254192094 1.0000000
94:1-24:0    5.600667e-02 -0.1485517181  0.260565051 1.0000000
95:1-24:0    6.666017e-02 -0.1387250847  0.272045431 1.0000000
96:1-24:0    8.313542e-02 -0.1214229681  0.287693801 1.0000000
97:1-24:0    4.999524e-02 -0.1602232754  0.260213752 1.0000000
98:1-24:0    3.876011e-02 -0.1723181972  0.249838416 1.0000000
99:1-24:0    2.109286e-02 -0.1824503433  0.224636058 1.0000000
100:1-24:0  -5.320536e-02 -0.2404802982  0.134069587 1.0000000
26:0-25:0    5.652810e-02 -0.2256248152  0.338681024 1.0000000
27:0-25:0    4.029588e-02 -0.2349194616  0.315511226 1.0000000
28:0-25:0    3.049963e-02 -0.2600924370  0.321091702 1.0000000
29:0-25:0    3.454799e-02 -0.2439751180  0.313071093 1.0000000
30:0-25:0   -3.362537e-02 -0.3242174370  0.256966702 1.0000000
31:0-25:0   -1.847673e-02 -0.2853179090  0.248364456 1.0000000
32:0-25:0   -2.258957e-02 -0.2919958690  0.246816725 1.0000000
33:0-25:0   -3.738697e-02 -0.3384820195  0.263708070 1.0000000
34:0-25:0   -4.790181e-02 -0.3081180114  0.212314392 1.0000000
35:0-25:0   -8.286176e-02 -0.3306795142  0.164955985 1.0000000
36:0-25:0    7.544398e-02 -0.1967439946  0.347631950 1.0000000
37:0-25:0    2.258770e-02 -0.2468185963  0.291993997 1.0000000
38:0-25:0   -1.210407e-04 -0.2603372422  0.260095161 1.0000000
39:0-25:0   -3.286003e-02 -0.2711058844  0.205385831 1.0000000
40:0-25:0   -7.139188e-03 -0.2324068963  0.218128520 1.0000000
41:0-25:0   -6.329834e-02 -0.2885660513  0.161969365 1.0000000
42:0-25:0   -4.414718e-02 -0.2789810335  0.190686676 1.0000000
43:0-25:0   -2.605566e-02 -0.2685203392  0.216409027 1.0000000
44:0-25:0    4.716838e-02 -0.2434236870  0.337760452 1.0000000
45:0-25:0   -2.577912e-02 -0.3009944616  0.249436226 1.0000000
46:0-25:0    2.885588e-02 -0.3036265179  0.361338283 1.0000000
47:0-25:0   -7.025321e-02 -0.3396595053  0.199153088 1.0000000
48:0-25:0   -7.184078e-02 -0.3673806957  0.223699127 1.0000000
49:0-25:0   -2.086078e-02 -0.3354147429  0.293693174 1.0000000
50:0-25:0    1.439719e-02 -0.2224008722  0.251195246 1.0000000
51:0-25:0   -4.094675e-02 -0.3194698548  0.237576356 1.0000000
52:0-25:0   -5.533486e-02 -0.3136389201  0.202969203 1.0000000
53:0-25:0   -5.103258e-02 -0.3112487806  0.209183622 1.0000000
54:0-25:0    1.658056e-03 -0.2351400026  0.238456115 1.0000000
55:0-25:0   -3.257673e-02 -0.2693747852  0.204221333 1.0000000
56:0-25:0   -2.317537e-02 -0.2586384575  0.212287722 1.0000000
57:0-25:0   -5.530143e-02 -0.2959641695  0.185361300 1.0000000
58:0-25:0   -1.741737e-03 -0.2415632503  0.238079777 1.0000000
59:0-25:0    5.252757e-03 -0.2223823809  0.232887896 1.0000000
60:0-25:0    3.510512e-03 -0.2141751916  0.221196216 1.0000000
61:0-25:0   -3.424197e-02 -0.2485175095  0.180033560 1.0000000
62:0-25:0   -2.903333e-02 -0.2475880452  0.189521379 1.0000000
63:0-25:0   -3.048754e-02 -0.2543191686  0.193344091 1.0000000
64:0-25:0   -1.755761e-02 -0.2455716016  0.210456382 1.0000000
65:0-25:0    1.542246e-03 -0.2367036117  0.239788104 1.0000000
66:0-25:0    4.049126e-03 -0.2403967967  0.248495048 1.0000000
67:0-25:0   -1.121003e-02 -0.2494558844  0.227035831 1.0000000
68:0-25:0   -3.474118e-03 -0.2501089594  0.243160724 1.0000000
69:0-25:0    2.865498e-03 -0.2302169942  0.235947990 1.0000000
70:0-25:0   -2.484412e-02 -0.2682753656  0.218587130 1.0000000
71:0-25:0   -6.265126e-02 -0.2974851152  0.172182594 1.0000000
72:0-25:0   -3.680037e-02 -0.2722634575  0.198662722 1.0000000
73:0-25:0   -3.480301e-02 -0.2723099808  0.202703968 1.0000000
74:0-25:0   -3.574099e-02 -0.2861268703  0.214644885 1.0000000
75:0-25:0   -9.881996e-03 -0.2589482059  0.239184213 1.0000000
76:0-25:0   -2.483977e-02 -0.2616378287  0.211958289 1.0000000
77:0-25:0   -1.452738e-03 -0.2315457423  0.228640266 1.0000000
78:0-25:0   -1.815619e-02 -0.2482491906  0.211936817 1.0000000
79:0-25:0   -2.576745e-02 -0.2463938178  0.194858916 1.0000000
80:0-25:0   -7.842118e-03 -0.2267088278  0.211024593 1.0000000
81:0-25:0   -2.242489e-02 -0.2389689331  0.194119159 1.0000000
82:0-25:0   -2.154273e-02 -0.2465080283  0.203422571 1.0000000
83:0-25:0   -2.670308e-03 -0.2306843000  0.225343684 1.0000000
84:0-25:0   -6.254986e-02 -0.2913567795  0.166257069 1.0000000
85:0-25:0    2.812334e-03 -0.2489707513  0.254595419 1.0000000
86:0-25:0   -4.134620e-02 -0.2768092908  0.194116889 1.0000000
87:0-25:0   -4.078697e-02 -0.2806084884  0.199034539 1.0000000
88:0-25:0    1.547511e-02 -0.2269895700  0.257939796 1.0000000
89:0-25:0    1.322052e-02 -0.2274422183  0.253883251 1.0000000
90:0-25:0   -2.371586e-02 -0.2605139157  0.213082202 1.0000000
91:0-25:0   -5.808091e-02 -0.2906210151  0.174459195 1.0000000
92:0-25:0    5.009834e-02 -0.1824417699  0.282638440 1.0000000
93:0-25:0    1.820959e-02 -0.2138070221  0.250226194 1.0000000
94:0-25:0    2.703230e-02 -0.2055078076  0.259572402 1.0000000
95:0-25:0    3.539891e-02 -0.2036177562  0.274415567 1.0000000
96:0-25:0    3.997876e-02 -0.1896718284  0.269629356 1.0000000
97:0-25:0    7.920428e-03 -0.2235905997  0.239431455 1.0000000
98:0-25:0   -1.306146e-02 -0.2478953193  0.221772390 1.0000000
99:0-25:0    2.881050e-02 -0.1984568413  0.256077837 1.0000000
100:0-25:0  -7.078037e-02 -0.2784278837  0.136867148 1.0000000
1:1-25:0    -8.280355e-02 -0.2915352449  0.125928142 1.0000000
2:1-25:0    -6.199233e-02 -0.2930147875  0.169030124 1.0000000
3:1-25:0    -1.767790e-02 -0.2621238237  0.226768021 1.0000000
4:1-25:0    -2.716979e-02 -0.2716157156  0.217276129 1.0000000
5:1-25:0     7.063088e-02 -0.1938370906  0.335098855 1.0000000
6:1-25:0    -3.005662e-02 -0.2945245906  0.234411355 1.0000000
7:1-25:0    -8.709502e-03 -0.2689257037  0.251506699 1.0000000
8:1-25:0    -5.419412e-02 -0.3363470374  0.227958802 1.0000000
9:1-25:0    -2.300912e-02 -0.2982244616  0.252206226 1.0000000
10:1-25:0   -1.540126e-02 -0.3164963052  0.285693784 1.0000000
11:1-25:0   -4.809796e-02 -0.3083141653  0.212118238 1.0000000
12:1-25:0   -4.018885e-02 -0.3187119601  0.238334251 1.0000000
13:1-25:0   -9.790464e-02 -0.3764277496  0.180618462 1.0000000
14:1-25:0   -4.904644e-03 -0.2834277496  0.273618462 1.0000000
15:1-25:0    6.527311e-03 -0.2945677338  0.307622356 1.0000000
16:1-25:0   -9.886555e-02 -0.3999605910  0.202229499 1.0000000
17:1-25:0   -6.236555e-02 -0.3345535184  0.209822426 1.0000000
18:1-25:0   -1.034926e-04 -0.2504893703  0.250282385 1.0000000
19:1-25:0   -4.946176e-02 -0.2972795142  0.198355985 1.0000000
20:1-25:0   -4.835064e-02 -0.2851486983  0.188447419 1.0000000
21:1-25:0    3.585882e-03 -0.2306423162  0.237814081 1.0000000
22:1-25:0   -5.981412e-02 -0.2940423162  0.174414081 1.0000000
23:1-25:0   -2.805934e-02 -0.2949005177  0.238781848 1.0000000
24:1-25:0   -7.210784e-03 -0.2604757284  0.246054160 1.0000000
25:1-25:0   -9.674706e-02 -0.3829023475  0.189408230 1.0000000
26:1-25:0   -2.926335e-02 -0.3366434362  0.278116739 1.0000000
27:1-25:0   -2.264078e-02 -0.3181806957  0.272899127 1.0000000
28:1-25:0    6.317511e-02 -0.2442049747  0.370555201 1.0000000
29:1-25:0    4.102167e-02 -0.2375014338  0.319544777 1.0000000
30:1-25:0   -1.508578e-02 -0.3296397429  0.299468174 1.0000000
31:1-25:0   -6.903301e-02 -0.3511859263  0.213119913 1.0000000
32:1-25:0    3.132898e-04 -0.2579907719  0.258617351 1.0000000
33:1-25:0   -3.994866e-02 -0.3093549599  0.229457634 1.0000000
34:1-25:0   -4.628121e-02 -0.2980642996  0.205501871 1.0000000
35:1-25:0   -1.330037e-02 -0.3038924370  0.277291702 1.0000000
36:1-25:0   -6.629412e-02 -0.3285597719  0.195971537 1.0000000
37:1-25:0   -3.271078e-02 -0.2859757284  0.220554160 1.0000000
38:1-25:0   -9.469706e-02 -0.3425148083  0.153120691 1.0000000
39:1-25:0   -2.992385e-02 -0.2743697697  0.214522075 1.0000000
40:1-25:0   -1.405499e-02 -0.2508530461  0.222743072 1.0000000
41:1-25:0   -1.033510e-02 -0.2391420254  0.218471823 1.0000000
42:1-25:0   -1.552043e-02 -0.2589516814  0.227910815 1.0000000
43:1-25:0   -1.804840e-02 -0.2646832451  0.228586438 1.0000000
44:1-25:0   -3.941176e-04 -0.3077742054  0.306985970 1.0000000
45:1-25:0   -7.856618e-03 -0.2984486870  0.282735452 1.0000000
46:1-25:0   -9.486555e-02 -0.3959605910  0.206229499 1.0000000
47:1-25:0    3.181838e-02 -0.2587736870  0.322410452 1.0000000
48:1-25:0    3.807255e-02 -0.2574673623  0.333612460 1.0000000
49:1-25:0   -1.491176e-02 -0.3010670534  0.271243524 1.0000000
50:1-25:0   -9.663558e-02 -0.3372983158  0.144027154 1.0000000
51:1-25:0   -4.204412e-02 -0.3326361870  0.248547952 1.0000000
52:1-25:0   -3.428212e-02 -0.2965477719  0.227983537 1.0000000
53:1-25:0   -7.130662e-02 -0.3357745906  0.193161355 1.0000000
54:1-25:0   -1.401780e-02 -0.2574490498  0.229413446 1.0000000
55:1-25:0   -7.275368e-03 -0.2576612453  0.243110510 1.0000000
56:1-25:0    6.320588e-02 -0.1774568524  0.303868617 1.0000000
57:1-25:0   -4.189134e-02 -0.2874037578  0.203621078 1.0000000
58:1-25:0   -4.725368e-03 -0.2401884575  0.230737722 1.0000000
59:1-25:0   -2.525873e-02 -0.2525260720  0.202008606 1.0000000
60:1-25:0   -2.464978e-02 -0.2426145975  0.193315041 1.0000000
61:1-25:0   -1.656277e-02 -0.2313571244  0.198231576 1.0000000
62:1-25:0   -1.741159e-02 -0.2358146890  0.200991502 1.0000000
63:1-25:0   -2.798019e-02 -0.2510335948  0.195073208 1.0000000
64:1-25:0   -5.394118e-03 -0.2408572075  0.230068972 1.0000000
65:1-25:0   -1.347139e-02 -0.2517172480  0.224774467 1.0000000
66:1-25:0   -2.129412e-03 -0.2499471612  0.245688338 1.0000000
67:1-25:0   -3.147964e-03 -0.2456126469  0.239316719 1.0000000
68:1-25:0   -4.684534e-02 -0.2875080719  0.193817398 1.0000000
69:1-25:0    1.174788e-02 -0.2224803162  0.245976081 1.0000000
70:1-25:0    6.929519e-03 -0.2245815088  0.238440546 1.0000000
71:1-25:0    2.490350e-02 -0.2149180122  0.264725015 1.0000000
72:1-25:0   -9.274118e-03 -0.2559089594  0.237360724 1.0000000
73:1-25:0    2.118366e-02 -0.2163233141  0.258690634 1.0000000
74:1-25:0    1.446170e-02 -0.2245549655  0.253478358 1.0000000
75:1-25:0   -4.696967e-02 -0.2844766475  0.190537301 1.0000000
76:1-25:0   -1.935387e-03 -0.2299493793  0.226078604 1.0000000
77:1-25:0    3.444344e-03 -0.2296381481  0.236526836 1.0000000
78:1-25:0    1.539755e-02 -0.2095677505  0.240362849 1.0000000
79:1-25:0   -3.200745e-02 -0.2526338178  0.188618916 1.0000000
80:1-25:0   -3.662150e-03 -0.2196425120  0.212318211 1.0000000
81:1-25:0   -2.838331e-02 -0.2456685711  0.188901957 1.0000000
82:1-25:0   -4.699412e-02 -0.2649589372  0.170970702 1.0000000
83:1-25:0    1.974706e-02 -0.2138977560  0.253391874 1.0000000
84:1-25:0    3.913483e-02 -0.2042964183  0.282566078 1.0000000
85:1-25:0   -7.092020e-02 -0.3077182635  0.165877854 1.0000000
86:1-25:0   -1.450368e-03 -0.2369134575  0.234012722 1.0000000
87:1-25:0   -2.947255e-02 -0.2631173639  0.204172266 1.0000000
88:1-25:0   -3.710263e-02 -0.2732199439  0.199014687 1.0000000
89:1-25:0    2.844658e-03 -0.2319891968  0.237678513 1.0000000
90:1-25:0    6.633469e-03 -0.2234595354  0.236726473 1.0000000
91:1-25:0   -4.113384e-02 -0.2658046292  0.183536942 1.0000000
92:1-25:0    2.006333e-02 -0.2160539864  0.256180645 1.0000000
93:1-25:0    8.926813e-03 -0.2300898492  0.247943474 1.0000000
94:1-25:0    3.284588e-02 -0.1899605131  0.255652278 1.0000000
95:1-25:0    4.349939e-02 -0.1800663984  0.267065176 1.0000000
96:1-25:0    5.997463e-02 -0.1628317631  0.282781028 1.0000000
97:1-25:0    2.683445e-02 -0.2011795381  0.254848446 1.0000000
98:1-25:0    1.559932e-02 -0.2132075992  0.244406249 1.0000000
99:1-25:0   -2.067927e-03 -0.2239426475  0.219806793 1.0000000
100:1-25:0  -7.636614e-02 -0.2834179721  0.130685692 1.0000000
27:0-26:0   -1.623222e-02 -0.2872837052  0.254819261 1.0000000
28:0-26:0   -2.602847e-02 -0.3126801278  0.260623183 1.0000000
29:0-26:0   -2.198012e-02 -0.2963895578  0.252429324 1.0000000
30:0-26:0   -9.015347e-02 -0.3768051278  0.196498183 1.0000000
31:0-26:0   -7.500483e-02 -0.3375493749  0.187539713 1.0000000
32:0-26:0   -7.911768e-02 -0.3442689046  0.186033551 1.0000000
33:0-26:0   -9.391508e-02 -0.3912089522  0.203378793 1.0000000
34:0-26:0   -1.044299e-01 -0.3602382263  0.151378397 1.0000000
35:0-26:0   -1.393899e-01 -0.3825751028  0.103795364 0.9999864
36:0-26:0    1.891587e-02 -0.2490612026  0.286892949 1.0000000
37:0-26:0   -3.394040e-02 -0.2990916318  0.231210824 1.0000000
38:0-26:0   -5.664915e-02 -0.3124574570  0.199159166 1.0000000
39:0-26:0   -8.938813e-02 -0.3228115867  0.144035324 1.0000000
40:0-26:0   -6.366729e-02 -0.2838285091  0.156493924 1.0000000
41:0-26:0   -1.198264e-01 -0.3399876640  0.100334769 0.9999993
42:0-26:0   -1.006753e-01 -0.3306151890  0.129264622 1.0000000
43:0-26:0   -8.258376e-02 -0.3203116375  0.155144116 1.0000000
44:0-26:0   -9.359722e-03 -0.2960113778  0.277291933 1.0000000
45:0-26:0   -8.230722e-02 -0.3533587052  0.188744261 1.0000000
46:0-26:0   -2.767222e-02 -0.3567162426  0.301371798 1.0000000
47:0-26:0   -1.267813e-01 -0.3919325409  0.138369915 1.0000000
48:0-26:0   -1.283689e-01 -0.4200352395  0.163297462 1.0000000
49:0-26:0   -7.738889e-02 -0.3883062633  0.233528486 1.0000000
50:0-26:0   -4.213092e-02 -0.2740764752  0.189814639 1.0000000
51:0-26:0   -9.747485e-02 -0.3718842946  0.176934587 1.0000000
52:0-26:0   -1.118630e-01 -0.3657259361  0.142000010 1.0000000
53:0-26:0   -1.075607e-01 -0.3633689955  0.148247628 1.0000000
54:0-26:0   -5.487005e-02 -0.2868156056  0.177075509 1.0000000
55:0-26:0   -8.910483e-02 -0.3210503882  0.142840726 1.0000000
56:0-26:0   -7.970347e-02 -0.3102859684  0.150879024 1.0000000
57:0-26:0   -1.118295e-01 -0.3477192864  0.124060208 1.0000000
58:0-26:0   -5.826984e-02 -0.2933012844  0.176761602 1.0000000
59:0-26:0   -5.127535e-02 -0.2738583138  0.171307619 1.0000000
60:0-26:0   -5.301759e-02 -0.2654145944  0.159379409 1.0000000
61:0-26:0   -9.077008e-02 -0.2996705954  0.118130437 1.0000000
62:0-26:0   -8.556144e-02 -0.2988489971  0.127726121 1.0000000
63:0-26:0   -8.701564e-02 -0.3057072513  0.131675965 1.0000000
64:0-26:0   -7.408571e-02 -0.2970561189  0.148884690 1.0000000
65:0-26:0   -5.498586e-02 -0.2884093140  0.178437597 1.0000000
66:0-26:0   -5.247898e-02 -0.2922272423  0.187269284 1.0000000
67:0-26:0   -6.773813e-02 -0.3011615867  0.165685324 1.0000000
68:0-26:0   -6.000222e-02 -0.3019819032  0.181977459 1.0000000
69:0-26:0   -5.366261e-02 -0.2818135852  0.174488372 1.0000000
70:0-26:0   -8.137222e-02 -0.3200858443  0.157341400 1.0000000
71:0-26:0   -1.191794e-01 -0.3491192706  0.110760540 1.0000000
72:0-26:0   -9.332847e-02 -0.3239109684  0.137254024 1.0000000
73:0-26:0   -9.133111e-02 -0.3240003692  0.141338147 1.0000000
74:0-26:0   -9.226910e-02 -0.3380708640  0.153532670 1.0000000
75:0-26:0   -6.641010e-02 -0.3108674543  0.178047252 1.0000000
76:0-26:0   -8.136787e-02 -0.3133134317  0.150577683 1.0000000
77:0-26:0   -5.798084e-02 -0.2830768476  0.167115162 1.0000000
78:0-26:0   -7.468429e-02 -0.2997802959  0.150411713 1.0000000
79:0-26:0   -8.229556e-02 -0.2977054313  0.133114320 1.0000000
80:0-26:0   -6.437022e-02 -0.2779774732  0.149237029 1.0000000
81:0-26:0   -7.895299e-02 -0.2901797530  0.132273770 1.0000000
82:0-26:0   -7.807083e-02 -0.2979226172  0.141780950 1.0000000
83:0-26:0   -5.919841e-02 -0.2821688173  0.163771992 1.0000000
84:0-26:0   -1.190780e-01 -0.3428591687  0.104703249 0.9999998
85:0-26:0   -5.371577e-02 -0.3009406538  0.193509113 1.0000000
86:0-26:0   -9.787431e-02 -0.3284568017  0.132708191 1.0000000
87:0-26:0   -9.731508e-02 -0.3323465225  0.137716364 1.0000000
88:0-26:0   -4.105299e-02 -0.2787808682  0.196674885 1.0000000
89:0-26:0   -4.330759e-02 -0.2791973351  0.192582159 1.0000000
90:0-26:0   -8.024396e-02 -0.3121895186  0.151701596 1.0000000
91:0-26:0   -1.146090e-01 -0.3422058541  0.112987825 1.0000000
92:0-26:0   -6.429769e-03 -0.2340266088  0.221167070 1.0000000
93:0-26:0   -3.831852e-02 -0.2653804645  0.188743427 1.0000000
94:0-26:0   -2.949581e-02 -0.2570926465  0.198101032 1.0000000
95:0-26:0   -2.112920e-02 -0.2553393299  0.213080932 1.0000000
96:0-26:0   -1.654934e-02 -0.2411930928  0.208094411 1.0000000
97:0-26:0   -4.860768e-02 -0.2751529851  0.177937632 1.0000000
98:0-26:0   -6.958957e-02 -0.2995294747  0.160350336 1.0000000
99:0-26:0   -2.771761e-02 -0.2499244119  0.194489198 1.0000000
100:0-26:0  -1.273085e-01 -0.3294047656  0.074787821 0.9989476
1:1-26:0    -1.393317e-01 -0.3425417461  0.063878434 0.9824314
2:1-26:0    -1.185204e-01 -0.3445664403  0.107525567 0.9999999
3:1-26:0    -7.420601e-02 -0.3139542693  0.165542257 1.0000000
4:1-26:0    -8.369790e-02 -0.3234461612  0.156050365 1.0000000
5:1-26:0     1.410278e-02 -0.2460293609  0.274234916 1.0000000
6:1-26:0    -8.658472e-02 -0.3467168609  0.173547416 1.0000000
7:1-26:0    -6.523761e-02 -0.3210459186  0.190570705 1.0000000
8:1-26:0    -1.107222e-01 -0.3888151760  0.167370732 1.0000000
9:1-26:0    -7.953722e-02 -0.3505887052  0.191514261 1.0000000
10:1-26:0   -7.192937e-02 -0.3692232379  0.225364508 1.0000000
11:1-26:0   -1.046261e-01 -0.3604343801  0.151182243 1.0000000
12:1-26:0   -9.671696e-02 -0.3711263999  0.177692482 1.0000000
13:1-26:0   -1.544327e-01 -0.4288421893  0.119976692 0.9999950
14:1-26:0   -6.143275e-02 -0.3358421893  0.212976692 1.0000000
15:1-26:0   -5.000079e-02 -0.3472946665  0.247293079 1.0000000
16:1-26:0   -1.553937e-01 -0.4526875236  0.141900222 0.9999999
17:1-26:0   -1.188937e-01 -0.3868707264  0.149083425 1.0000000
18:1-26:0   -5.663160e-02 -0.3024333640  0.189170170 1.0000000
19:1-26:0   -1.059899e-01 -0.3491751028  0.137195364 1.0000000
20:1-26:0   -1.048787e-01 -0.3368243012  0.127066813 1.0000000
21:1-26:0   -5.294222e-02 -0.2822635467  0.176379102 1.0000000
22:1-26:0   -1.163422e-01 -0.3456635467  0.112979102 1.0000000
23:1-26:0   -8.458744e-02 -0.3471319836  0.177957104 1.0000000
24:1-26:0   -6.373889e-02 -0.3124727884  0.184995011 1.0000000
25:1-26:0   -1.532752e-01 -0.4354280831  0.128877756 0.9999994
26:1-26:0   -8.579145e-02 -0.3894490550  0.217866149 1.0000000
27:1-26:0   -7.916889e-02 -0.3708352395  0.212497462 1.0000000
28:1-26:0    6.647009e-03 -0.2970105934  0.310304611 1.0000000
29:1-26:0   -1.550643e-02 -0.2899158736  0.258903008 1.0000000
30:1-26:0   -7.161389e-02 -0.3825312633  0.239303486 1.0000000
31:1-26:0   -1.255611e-01 -0.4036540649  0.152531843 1.0000000
32:1-26:0   -5.621481e-02 -0.3100777880  0.197648158 1.0000000
33:1-26:0   -9.647677e-02 -0.3616279955  0.168674460 1.0000000
34:1-26:0   -1.028093e-01 -0.3500342022  0.144415564 1.0000000
35:1-26:0   -6.982847e-02 -0.3564801278  0.216823183 1.0000000
36:1-26:0   -1.228222e-01 -0.3807150182  0.135070574 1.0000000
37:1-26:0   -8.923889e-02 -0.3379727884  0.159495011 1.0000000
38:1-26:0   -1.512252e-01 -0.3944103969  0.091960070 0.9993725
39:1-26:0   -8.645195e-02 -0.3262002153  0.153296311 1.0000000
40:1-26:0   -7.058309e-02 -0.3025286491  0.161362465 1.0000000
41:1-26:0   -6.686321e-02 -0.2906444146  0.156918003 1.0000000
42:1-26:0   -7.204854e-02 -0.3107621600  0.166665084 1.0000000
43:1-26:0   -7.457651e-02 -0.3165561889  0.167403173 1.0000000
44:1-26:0   -5.692222e-02 -0.3605798242  0.246735380 1.0000000
45:1-26:0   -6.438472e-02 -0.3510363778  0.222266933 1.0000000
46:1-26:0   -1.513937e-01 -0.4486875236  0.145900222 1.0000000
47:1-26:0   -2.470972e-02 -0.3113613778  0.261941933 1.0000000
48:1-26:0   -1.845556e-02 -0.3101219061  0.273210795 1.0000000
49:1-26:0   -7.143987e-02 -0.3535927890  0.210713050 1.0000000
50:1-26:0   -1.531637e-01 -0.3890534327  0.082726061 0.9967804
51:1-26:0   -9.857222e-02 -0.3852238778  0.188079433 1.0000000
52:1-26:0   -9.081022e-02 -0.3487030182  0.167082574 1.0000000
53:1-26:0   -1.278347e-01 -0.3879668609  0.132297416 1.0000000
54:1-26:0   -7.054591e-02 -0.3092595285  0.168167716 1.0000000
55:1-26:0   -6.380347e-02 -0.3096052390  0.181998295 1.0000000
56:1-26:0    6.677778e-03 -0.2292119693  0.242567525 1.0000000
57:1-26:0   -9.841944e-02 -0.3392550071  0.142416118 1.0000000
58:1-26:0   -6.125347e-02 -0.2918359684  0.169329024 1.0000000
59:1-26:0   -8.178684e-02 -0.3039936427  0.140419967 1.0000000
60:1-26:0   -8.117788e-02 -0.2938609412  0.131505176 1.0000000
61:1-26:0   -7.309088e-02 -0.2825235261  0.136341768 1.0000000
62:1-26:0   -7.393970e-02 -0.2870718941  0.139192498 1.0000000
63:1-26:0   -8.450830e-02 -0.3024033203  0.133386724 1.0000000
64:1-26:0   -6.192222e-02 -0.2925047184  0.168660274 1.0000000
65:1-26:0   -6.999949e-02 -0.3034229504  0.163423960 1.0000000
66:1-26:0   -5.865752e-02 -0.3018427499  0.184527717 1.0000000
67:1-26:0   -5.967607e-02 -0.2974039452  0.178051808 1.0000000
68:1-26:0   -1.033734e-01 -0.3392631888  0.132516305 1.0000000
69:1-26:0   -4.478022e-02 -0.2741015467  0.184541102 1.0000000
70:1-26:0   -4.959859e-02 -0.2761438942  0.176946722 1.0000000
71:1-26:0   -3.162460e-02 -0.2666560463  0.203406840 1.0000000
72:1-26:0   -6.580222e-02 -0.3077819032  0.176177459 1.0000000
73:1-26:0   -3.534444e-02 -0.2680137026  0.197324814 1.0000000
74:1-26:0   -4.206641e-02 -0.2762765392  0.192143723 1.0000000
75:1-26:0   -1.034978e-01 -0.3361670359  0.129171480 1.0000000
76:1-26:0   -5.846349e-02 -0.2814338967  0.164506913 1.0000000
77:1-26:0   -5.308376e-02 -0.2812347390  0.175067218 1.0000000
78:1-26:0   -4.113056e-02 -0.2609823394  0.178721228 1.0000000
79:1-26:0   -8.853556e-02 -0.3039454313  0.126874320 1.0000000
80:1-26:0   -6.019026e-02 -0.2708391037  0.150458594 1.0000000
81:1-26:0   -8.491141e-02 -0.2968979839  0.127075161 1.0000000
82:1-26:0   -1.035222e-01 -0.3162052808  0.109160836 1.0000000
83:1-26:0   -3.678105e-02 -0.2655064714  0.191944380 1.0000000
84:1-26:0   -1.739327e-02 -0.2561068969  0.221320347 1.0000000
85:1-26:0   -1.274483e-01 -0.3593938665  0.104497248 0.9999988
86:1-26:0   -5.797847e-02 -0.2885609684  0.172604024 1.0000000
87:1-26:0   -8.600065e-02 -0.3147260793  0.142724772 1.0000000
88:1-26:0   -9.363073e-02 -0.3248812628  0.137619797 1.0000000
89:1-26:0   -5.368345e-02 -0.2836233522  0.176256459 1.0000000
90:1-26:0   -4.989464e-02 -0.2749906407  0.175201369 1.0000000
91:1-26:0   -9.766195e-02 -0.3172123587  0.121888462 1.0000000
92:1-26:0   -3.646478e-02 -0.2677153053  0.194785754 1.0000000
93:1-26:0   -4.760129e-02 -0.2818114230  0.186608839 1.0000000
94:1-26:0   -2.368222e-02 -0.2413243843  0.193959940 1.0000000
95:1-26:0   -1.302872e-02 -0.2314482251  0.205390794 1.0000000
96:1-26:0    3.446528e-03 -0.2141956343  0.221088690 1.0000000
97:1-26:0   -2.969365e-02 -0.2526640554  0.193276754 1.0000000
98:1-26:0   -4.092878e-02 -0.2647099884  0.182852429 1.0000000
99:1-26:0   -5.859603e-02 -0.2752843156  0.158092252 1.0000000
100:1-26:0  -1.328942e-01 -0.3343784425  0.068589954 0.9945317
28:0-27:0   -9.796250e-03 -0.2896218870  0.270029387 1.0000000
29:0-27:0   -5.747895e-03 -0.2730188371  0.261523048 1.0000000
30:0-27:0   -7.392125e-02 -0.3537468870  0.205904387 1.0000000
31:0-27:0   -5.877261e-02 -0.3138468196  0.196301602 1.0000000
32:0-27:0   -6.288545e-02 -0.3206419075  0.194870998 1.0000000
33:0-27:0   -7.768286e-02 -0.3684006968  0.213034982 1.0000000
34:0-27:0   -8.819769e-02 -0.3363329534  0.159937569 1.0000000
35:0-27:0   -1.231576e-01 -0.3582582069  0.111942913 0.9999999
36:0-27:0    3.514810e-02 -0.2255143848  0.295810575 1.0000000
37:0-27:0   -1.770818e-02 -0.2754646348  0.240048271 1.0000000
38:0-27:0   -4.041692e-02 -0.2885521842  0.207718338 1.0000000
39:0-27:0   -7.315591e-02 -0.2981441866  0.151832368 1.0000000
40:0-27:0   -4.743507e-02 -0.2586320796  0.163761939 1.0000000
41:0-27:0   -1.035942e-01 -0.3147912345  0.107602784 1.0000000
42:0-27:0   -8.444306e-02 -0.3058150911  0.136928969 1.0000000
43:0-27:0   -6.635154e-02 -0.2958025329  0.163099456 1.0000000
44:0-27:0    6.872500e-03 -0.2729531370  0.286698137 1.0000000
45:0-27:0   -6.607500e-02 -0.3298971406  0.197747141 1.0000000
46:0-27:0   -1.144000e-02 -0.3345548137  0.311674814 1.0000000
47:0-27:0   -1.105491e-01 -0.3683055439  0.147207362 1.0000000
48:0-27:0   -1.121367e-01 -0.3970971473  0.172823814 1.0000000
49:0-27:0   -6.115667e-02 -0.3657922345  0.243478901 1.0000000
50:0-27:0   -2.589870e-02 -0.2493532928  0.197555902 1.0000000
51:0-27:0   -8.124263e-02 -0.3485135740  0.186028311 1.0000000
52:0-27:0   -9.563074e-02 -0.3417600250  0.150498544 1.0000000
53:0-27:0   -9.132846e-02 -0.3394637227  0.156806800 1.0000000
54:0-27:0   -3.863783e-02 -0.2620924233  0.184816771 1.0000000
55:0-27:0   -7.287261e-02 -0.2963272059  0.150581988 1.0000000
56:0-27:0   -6.347125e-02 -0.2855106677  0.158568168 1.0000000
57:0-27:0   -9.559732e-02 -0.3231433305  0.131948696 1.0000000
58:0-27:0   -4.203762e-02 -0.2686937346  0.184618496 1.0000000
59:0-27:0   -3.504312e-02 -0.2487634855  0.178677235 1.0000000
60:0-27:0   -3.678537e-02 -0.2398757489  0.166305008 1.0000000
61:0-27:0   -7.453786e-02 -0.2739686498  0.124892936 1.0000000
62:0-27:0   -6.932922e-02 -0.2733507792  0.134692348 1.0000000
63:0-27:0   -7.078342e-02 -0.2804479981  0.138881156 1.0000000
64:0-27:0   -5.785349e-02 -0.2719773272  0.156270343 1.0000000
65:0-27:0   -3.875364e-02 -0.2637419138  0.186234641 1.0000000
66:0-27:0   -3.624676e-02 -0.2677903708  0.195296857 1.0000000
67:0-27:0   -5.150591e-02 -0.2764941866  0.173482368 1.0000000
68:0-27:0   -4.377000e-02 -0.2776233332  0.190083333 1.0000000
69:0-27:0   -3.743038e-02 -0.2569436744  0.182082905 1.0000000
70:0-27:0   -6.514000e-02 -0.2956121432  0.165332143 1.0000000
71:0-27:0   -1.029471e-01 -0.3243191727  0.118424887 1.0000000
72:0-27:0   -7.709625e-02 -0.2991356677  0.144943168 1.0000000
73:0-27:0   -7.509889e-02 -0.2993045961  0.149106818 1.0000000
74:0-27:0   -7.603688e-02 -0.3138429389  0.161769189 1.0000000
75:0-27:0   -5.017788e-02 -0.2865940648  0.186238307 1.0000000
76:0-27:0   -6.513565e-02 -0.2885902493  0.158318945 1.0000000
77:0-27:0   -4.174862e-02 -0.2580849948  0.174587753 1.0000000
78:0-27:0   -5.845207e-02 -0.2747884431  0.157884305 1.0000000
79:0-27:0   -6.606333e-02 -0.2723025877  0.140175921 1.0000000
80:0-27:0   -4.813800e-02 -0.2524937514  0.156217751 1.0000000
81:0-27:0   -6.272077e-02 -0.2645869631  0.139145425 1.0000000
82:0-27:0   -6.183861e-02 -0.2727130342  0.149035812 1.0000000
83:0-27:0   -4.296619e-02 -0.2570900256  0.171157645 1.0000000
84:0-27:0   -1.028457e-01 -0.3178137466  0.112122271 1.0000000
85:0-27:0   -3.748355e-02 -0.2767602884  0.201793192 1.0000000
86:0-27:0   -8.164208e-02 -0.3036815010  0.140397334 1.0000000
87:0-27:0   -8.108286e-02 -0.3077389727  0.145573258 1.0000000
88:0-27:0   -2.482077e-02 -0.2542717637  0.204630225 1.0000000
89:0-27:0   -2.707537e-02 -0.2546213793  0.200470648 1.0000000
90:0-27:0   -6.401174e-02 -0.2874663363  0.159442858 1.0000000
91:0-27:0   -9.837679e-02 -0.3173140820  0.120560497 1.0000000
92:0-27:0    9.802453e-03 -0.2091348367  0.228739742 1.0000000
93:0-27:0   -2.208630e-02 -0.2404674831  0.196294891 1.0000000
94:0-27:0   -1.326358e-02 -0.2322008745  0.205673705 1.0000000
95:0-27:0   -4.896977e-03 -0.2307013188  0.220907365 1.0000000
96:0-27:0   -3.171186e-04 -0.2161828888  0.215548652 1.0000000
97:0-27:0   -3.237545e-02 -0.2502194175  0.185468508 1.0000000
98:0-27:0   -5.335735e-02 -0.2747293768  0.168014683 1.0000000
99:0-27:0   -1.148538e-02 -0.2248139567  0.201843188 1.0000000
100:0-27:0  -1.110762e-01 -0.3033680263  0.081215526 0.9999796
1:1-27:0    -1.230994e-01 -0.3165614615  0.070362594 0.9984530
2:1-27:0    -1.022882e-01 -0.3196128822  0.115036454 1.0000000
3:1-27:0    -5.797378e-02 -0.2895173979  0.173569830 1.0000000
4:1-27:0    -6.746568e-02 -0.2990092898  0.164077938 1.0000000
5:1-27:0     3.033500e-02 -0.2222554690  0.282925469 1.0000000
6:1-27:0    -7.035250e-02 -0.3229429690  0.182237969 1.0000000
7:1-27:0    -4.900538e-02 -0.2971406457  0.199129876 1.0000000
8:1-27:0    -9.449000e-02 -0.3655414830  0.176561483 1.0000000
9:1-27:0    -6.330500e-02 -0.3271271406  0.200517141 1.0000000
10:1-27:0   -5.569714e-02 -0.3464149825  0.235020697 1.0000000
11:1-27:0   -8.839385e-02 -0.3365291073  0.159741415 1.0000000
12:1-27:0   -8.048474e-02 -0.3477556793  0.186786206 1.0000000
13:1-27:0   -1.382005e-01 -0.4054714687  0.129070416 1.0000000
14:1-27:0   -4.520053e-02 -0.3124714687  0.222070416 1.0000000
15:1-27:0   -3.376857e-02 -0.3244864110  0.256949268 1.0000000
16:1-27:0   -1.391614e-01 -0.4298792682  0.151556411 1.0000000
17:1-27:0   -1.026614e-01 -0.3633239086  0.158001051 1.0000000
18:1-27:0   -4.039938e-02 -0.2782054389  0.197406689 1.0000000
19:1-27:0   -8.975765e-02 -0.3248582069  0.145342913 1.0000000
20:1-27:0   -8.864652e-02 -0.3121011189  0.134808075 1.0000000
21:1-27:0   -3.671000e-02 -0.2574394392  0.184019439 1.0000000
22:1-27:0   -1.001100e-01 -0.3208394392  0.120619439 1.0000000
23:1-27:0   -6.835522e-02 -0.3234294283  0.186718993 1.0000000
24:1-27:0   -4.750667e-02 -0.2883422293  0.193328896 1.0000000
25:1-27:0   -1.370429e-01 -0.4122582852  0.138172403 1.0000000
26:1-27:0   -6.955923e-02 -0.3667816301  0.227663169 1.0000000
27:1-27:0   -6.293667e-02 -0.3478971473  0.222023814 1.0000000
28:1-27:0    2.287923e-02 -0.2743431686  0.320101630 1.0000000
29:1-27:0    7.257895e-04 -0.2665451529  0.267996732 1.0000000
30:1-27:0   -5.538167e-02 -0.3600172345  0.249253901 1.0000000
31:1-27:0   -1.093289e-01 -0.3803803719  0.161722594 1.0000000
32:1-27:0   -3.998259e-02 -0.2861118769  0.206146692 1.0000000
33:1-27:0   -8.024455e-02 -0.3380009984  0.177511908 1.0000000
34:1-27:0   -8.657710e-02 -0.3258538368  0.152699643 1.0000000
35:1-27:0   -5.359625e-02 -0.3334218870  0.226229387 1.0000000
36:1-27:0   -1.065900e-01 -0.3568736584  0.143693658 1.0000000
37:1-27:0   -7.300667e-02 -0.3138422293  0.167828896 1.0000000
38:1-27:0   -1.349929e-01 -0.3700935010  0.100107619 0.9999851
39:1-27:0   -7.021973e-02 -0.3017633438  0.161323884 1.0000000
40:1-27:0   -5.435087e-02 -0.2778054667  0.169103728 1.0000000
41:1-27:0   -5.063098e-02 -0.2655989925  0.164337025 1.0000000
42:1-27:0   -5.581632e-02 -0.2862884590  0.174655827 1.0000000
43:1-27:0   -5.834429e-02 -0.2921976190  0.175509048 1.0000000
44:1-27:0   -4.069000e-02 -0.3379123994  0.256532399 1.0000000
45:1-27:0   -4.815250e-02 -0.3279781370  0.231673137 1.0000000
46:1-27:0   -1.351614e-01 -0.4258792682  0.155556411 1.0000000
47:1-27:0   -8.477500e-03 -0.2883031370  0.271348137 1.0000000
48:1-27:0   -2.223333e-03 -0.2871838140  0.282737147 1.0000000
49:1-27:0   -5.520765e-02 -0.3304229910  0.220007697 1.0000000
50:1-27:0   -1.369315e-01 -0.3644774768  0.090614550 0.9998488
51:1-27:0   -8.234000e-02 -0.3621656370  0.197485637 1.0000000
52:1-27:0   -7.457800e-02 -0.3248616584  0.175705658 1.0000000
53:1-27:0   -1.116025e-01 -0.3641929690  0.140987969 1.0000000
54:1-27:0   -5.431368e-02 -0.2847858274  0.176158459 1.0000000
55:1-27:0   -4.757125e-02 -0.2853773139  0.190234814 1.0000000
56:1-27:0    2.291000e-02 -0.2046360134  0.250456013 1.0000000
57:1-27:0   -8.218722e-02 -0.3148564803  0.150482036 1.0000000
58:1-27:0   -4.502125e-02 -0.2670606677  0.177018168 1.0000000
59:1-27:0   -6.555462e-02 -0.2788831875  0.147773957 1.0000000
60:1-27:0   -6.494566e-02 -0.2683351853  0.138443865 1.0000000
61:1-27:0   -5.685866e-02 -0.2568467792  0.143129466 1.0000000
62:1-27:0   -5.770748e-02 -0.2615666146  0.146151663 1.0000000
63:1-27:0   -6.827608e-02 -0.2771096367  0.140557485 1.0000000
64:1-27:0   -4.569000e-02 -0.2677294177  0.176349418 1.0000000
65:1-27:0   -5.376727e-02 -0.2787555502  0.171221005 1.0000000
66:1-27:0   -4.242529e-02 -0.2775258540  0.192675266 1.0000000
67:1-27:0   -4.344385e-02 -0.2728948406  0.186007148 1.0000000
68:1-27:0   -8.714122e-02 -0.3146872329  0.140404794 1.0000000
69:1-27:0   -2.854800e-02 -0.2492774392  0.192181439 1.0000000
70:1-27:0   -3.336636e-02 -0.2512103266  0.184477599 1.0000000
71:1-27:0   -1.539238e-02 -0.2420484965  0.211263735 1.0000000
72:1-27:0   -4.957000e-02 -0.2834233332  0.184283333 1.0000000
73:1-27:0   -1.911222e-02 -0.2433179294  0.205093485 1.0000000
74:1-27:0   -2.583419e-02 -0.2516385281  0.199970156 1.0000000
75:1-27:0   -8.726556e-02 -0.3114712627  0.136940152 1.0000000
76:1-27:0   -4.223127e-02 -0.2563551050  0.171892565 1.0000000
77:1-27:0   -3.685154e-02 -0.2563648282  0.182661751 1.0000000
78:1-27:0   -2.489833e-02 -0.2357727564  0.185976090 1.0000000
79:1-27:0   -7.230333e-02 -0.2785425877  0.133935921 1.0000000
80:1-27:0   -4.395803e-02 -0.2452194372  0.157303372 1.0000000
81:1-27:0   -6.867919e-02 -0.2713402914  0.133981913 1.0000000
82:1-27:0   -8.729000e-02 -0.2906795249  0.116099525 1.0000000
83:1-27:0   -2.054882e-02 -0.2406591046  0.199561457 1.0000000
84:1-27:0   -1.161053e-03 -0.2316331958  0.229311091 1.0000000
85:1-27:0   -1.112161e-01 -0.3346706841  0.112238510 1.0000000
86:1-27:0   -4.174625e-02 -0.2637856677  0.180293168 1.0000000
87:1-27:0   -6.976843e-02 -0.2898787124  0.150341850 1.0000000
88:1-27:0   -7.739851e-02 -0.3001315864  0.145334565 1.0000000
89:1-27:0   -3.745122e-02 -0.2588232543  0.183920805 1.0000000
90:1-27:0   -3.366241e-02 -0.2499987879  0.182673960 1.0000000
91:1-27:0   -8.142973e-02 -0.2919899269  0.129130475 1.0000000
92:1-27:0   -2.023255e-02 -0.2429656289  0.202500523 1.0000000
93:1-27:0   -3.136907e-02 -0.2571734119  0.194435272 1.0000000
94:1-27:0   -7.450000e-03 -0.2160197154  0.201119715 1.0000000
95:1-27:0    3.203506e-03 -0.2061772413  0.212584254 1.0000000
96:1-27:0    1.967875e-02 -0.1888909654  0.228248465 1.0000000
97:1-27:0   -1.346143e-02 -0.2275852637  0.200662407 1.0000000
98:1-27:0   -2.469656e-02 -0.2396645663  0.190271452 1.0000000
99:1-27:0   -4.236381e-02 -0.2499379597  0.165210341 1.0000000
100:1-27:0  -1.166620e-01 -0.3083103917  0.074986347 0.9997466
29:0-28:0    4.048355e-03 -0.2790311775  0.287127888 1.0000000
30:0-28:0   -6.412500e-02 -0.3590871202  0.230837120 1.0000000
31:0-28:0   -4.897636e-02 -0.3205700226  0.222617305 1.0000000
32:0-28:0   -5.308920e-02 -0.3272035133  0.221025104 1.0000000
33:0-28:0   -6.788661e-02 -0.3732014078  0.237428194 1.0000000
34:0-28:0   -7.840144e-02 -0.3434889242  0.186686040 1.0000000
35:0-28:0   -1.133614e-01 -0.3662893285  0.139566534 1.0000000
36:0-28:0    4.494435e-02 -0.2319043386  0.321793029 1.0000000
37:0-28:0   -7.911932e-03 -0.2820262406  0.266202377 1.0000000
38:0-28:0   -3.062067e-02 -0.2957081549  0.234466809 1.0000000
39:0-28:0   -6.335966e-02 -0.3069166139  0.180197296 1.0000000
40:0-28:0   -3.763882e-02 -0.2685163679  0.193238727 1.0000000
41:0-28:0   -9.379798e-02 -0.3246755228  0.137079572 1.0000000
42:0-28:0   -7.464681e-02 -0.3148672118  0.165573589 1.0000000
43:0-28:0   -5.655529e-02 -0.3042406213  0.191130044 1.0000000
44:0-28:0    1.666875e-02 -0.2782933702  0.311630870 1.0000000
45:0-28:0   -5.627875e-02 -0.3361043870  0.223546887 1.0000000
46:0-28:0   -1.643750e-03 -0.3379523108  0.334664811 1.0000000
47:0-28:0   -1.007528e-01 -0.3748671497  0.173361468 1.0000000
48:0-28:0   -1.023404e-01 -0.4021782741  0.197497441 1.0000000
49:0-28:0   -5.136042e-02 -0.3699559194  0.267235086 1.0000000
50:0-28:0   -1.610245e-02 -0.2582433596  0.226038468 1.0000000
51:0-28:0   -7.144638e-02 -0.3545259144  0.211633151 1.0000000
52:0-28:0   -8.583449e-02 -0.3490452235  0.177376242 1.0000000
53:0-28:0   -8.153221e-02 -0.3466196934  0.183555270 1.0000000
54:0-28:0   -2.884158e-02 -0.2709824901  0.213299338 1.0000000
55:0-28:0   -6.307636e-02 -0.3052172727  0.179064555 1.0000000
56:0-28:0   -5.367500e-02 -0.2945105626  0.187160563 1.0000000
57:0-28:0   -8.580107e-02 -0.3317227080  0.160120574 1.0000000
58:0-28:0   -3.224137e-02 -0.2773398389  0.212857101 1.0000000
59:0-28:0   -2.524687e-02 -0.2584349058  0.207941156 1.0000000
60:0-28:0   -2.698912e-02 -0.2504750642  0.196496823 1.0000000
61:0-28:0   -6.474161e-02 -0.2849072409  0.155424027 1.0000000
62:0-28:0   -5.953297e-02 -0.2838654502  0.164799519 1.0000000
63:0-28:0   -6.098717e-02 -0.2904637496  0.168489407 1.0000000
64:0-28:0   -4.805724e-02 -0.2816151193  0.185500635 1.0000000
65:0-28:0   -2.895739e-02 -0.2725143412  0.214599568 1.0000000
66:0-28:0   -2.645051e-02 -0.2760756466  0.223174633 1.0000000
67:0-28:0   -4.170966e-02 -0.2852666139  0.201847296 1.0000000
68:0-28:0   -3.397375e-02 -0.2857427844  0.217795284 1.0000000
69:0-28:0   -2.763413e-02 -0.2661427290  0.210874460 1.0000000
70:0-28:0   -5.534375e-02 -0.3039753530  0.193287853 1.0000000
71:0-28:0   -9.315089e-02 -0.3333712934  0.147069508 1.0000000
72:0-28:0   -6.730000e-02 -0.3081355626  0.173535563 1.0000000
73:0-28:0   -6.530264e-02 -0.3081368712  0.177531593 1.0000000
74:0-28:0   -6.624063e-02 -0.3216853142  0.189204064 1.0000000
75:0-28:0   -4.038163e-02 -0.2945329189  0.213769661 1.0000000
76:0-28:0   -5.533940e-02 -0.2974803162  0.186801512 1.0000000
77:0-28:0   -3.195237e-02 -0.2675403415  0.203635600 1.0000000
78:0-28:0   -4.865582e-02 -0.2842437898  0.186932152 1.0000000
79:0-28:0   -5.626708e-02 -0.2826183486  0.170084182 1.0000000
80:0-28:0   -3.834175e-02 -0.2629782082  0.186294708 1.0000000
81:0-28:0   -5.292452e-02 -0.2752985858  0.169449547 1.0000000
82:0-28:0   -5.204236e-02 -0.2826248573  0.178540135 1.0000000
83:0-28:0   -3.316994e-02 -0.2667278177  0.200387937 1.0000000
84:0-28:0   -9.304949e-02 -0.3273815386  0.141282563 1.0000000
85:0-28:0   -2.768730e-02 -0.2845016740  0.229127077 1.0000000
86:0-28:0   -7.184583e-02 -0.3126813960  0.168989729 1.0000000
87:0-28:0   -7.128661e-02 -0.3163850770  0.173811863 1.0000000
88:0-28:0   -1.502452e-02 -0.2627098520  0.232660814 1.0000000
89:0-28:0   -1.727912e-02 -0.2632007567  0.228642525 1.0000000
90:0-28:0   -5.421549e-02 -0.2963564031  0.187925425 1.0000000
91:0-28:0   -8.858054e-02 -0.3265591171  0.149398032 1.0000000
92:0-28:0    1.959870e-02 -0.2183798718  0.257577277 1.0000000
93:0-28:0   -1.229005e-02 -0.2497571135  0.225177021 1.0000000
94:0-28:0   -3.467335e-03 -0.2414459096  0.234511240 1.0000000
95:0-28:0    4.899273e-03 -0.2394117296  0.249210276 1.0000000
96:0-28:0    9.479131e-03 -0.2256767658  0.244635029 1.0000000
97:0-28:0   -2.257920e-02 -0.2595523199  0.214393911 1.0000000
98:0-28:0   -4.356110e-02 -0.2837814975  0.196659304 1.0000000
99:0-28:0   -1.689135e-03 -0.2345181382  0.231139869 1.0000000
100:0-28:0  -1.012800e-01 -0.3150003605  0.112440360 1.0000000
1:1-28:0    -1.133032e-01 -0.3280770682  0.101470700 0.9999999
2:1-28:0    -9.249196e-02 -0.3289877919  0.144003863 1.0000000
3:1-28:0    -4.817753e-02 -0.2978026737  0.201447606 1.0000000
4:1-28:0    -5.766943e-02 -0.3072945656  0.191955714 1.0000000
5:1-28:0     4.013125e-02 -0.2291310947  0.309393595 1.0000000
6:1-28:0    -6.055625e-02 -0.3298185947  0.208706095 1.0000000
7:1-28:0    -3.920913e-02 -0.3042966165  0.225878347 1.0000000
8:1-28:0    -8.469375e-02 -0.3713454056  0.201957906 1.0000000
9:1-28:0    -5.350875e-02 -0.3333343870  0.226316887 1.0000000
10:1-28:0   -4.590089e-02 -0.3512156935  0.259413908 1.0000000
11:1-28:0   -7.859760e-02 -0.3436850780  0.186489886 1.0000000
12:1-28:0   -7.068849e-02 -0.3537680196  0.212391046 1.0000000
13:1-28:0   -1.284043e-01 -0.4114838091  0.154675256 1.0000000
14:1-28:0   -3.540428e-02 -0.3184838091  0.247675256 1.0000000
15:1-28:0   -2.397232e-02 -0.3292871221  0.281342479 1.0000000
16:1-28:0   -1.293652e-01 -0.4346799792  0.175949622 1.0000000
17:1-28:0   -9.286518e-02 -0.3697138624  0.183983505 1.0000000
18:1-28:0   -3.060313e-02 -0.2860478142  0.224841564 1.0000000
19:1-28:0   -7.996140e-02 -0.3328893285  0.172966534 1.0000000
20:1-28:0   -7.885027e-02 -0.3209911857  0.163290642 1.0000000
21:1-28:0   -2.691375e-02 -0.2665421092  0.212714609 1.0000000
22:1-28:0   -9.031375e-02 -0.3299421092  0.149314609 1.0000000
23:1-28:0   -5.855897e-02 -0.3301526313  0.213034697 1.0000000
24:1-28:0   -3.771042e-02 -0.2959777848  0.220556951 1.0000000
25:1-28:0   -1.272467e-01 -0.4178387606  0.163345378 1.0000000
26:1-28:0   -5.976298e-02 -0.3712776994  0.251751738 1.0000000
27:1-28:0   -5.314042e-02 -0.3529782741  0.246697441 1.0000000
28:1-28:0    3.267548e-02 -0.2788392378  0.344190199 1.0000000
29:1-28:0    1.052204e-02 -0.2725574933  0.293601572 1.0000000
30:1-28:0   -4.558542e-02 -0.3641809194  0.273010086 1.0000000
31:1-28:0   -9.953264e-02 -0.3861842945  0.187119017 1.0000000
32:1-28:0   -3.018634e-02 -0.2933970753  0.233024390 1.0000000
33:1-28:0   -7.044830e-02 -0.3445626043  0.203666013 1.0000000
34:1-28:0   -7.678085e-02 -0.3335952224  0.180033529 1.0000000
35:1-28:0   -4.380000e-02 -0.3387621202  0.251162120 1.0000000
36:1-28:0   -9.679375e-02 -0.3638933099  0.170305810 1.0000000
37:1-28:0   -6.321042e-02 -0.3214777848  0.195056951 1.0000000
38:1-28:0   -1.251967e-01 -0.3781246226  0.127731240 1.0000000
39:1-28:0   -6.042348e-02 -0.3100486196  0.189201660 1.0000000
40:1-28:0   -4.455462e-02 -0.2866955336  0.197586294 1.0000000
41:1-28:0   -4.083473e-02 -0.2751667845  0.193497317 1.0000000
42:1-28:0   -4.602007e-02 -0.2946516688  0.202611537 1.0000000
43:1-28:0   -4.854804e-02 -0.3003170702  0.203220999 1.0000000
44:1-28:0   -3.089375e-02 -0.3424084686  0.280620969 1.0000000
45:1-28:0   -3.835625e-02 -0.3333183702  0.256605870 1.0000000
46:1-28:0   -1.253652e-01 -0.4306799792  0.179949622 1.0000000
47:1-28:0    1.318750e-03 -0.2936433702  0.296280870 1.0000000
48:1-28:0    7.572917e-03 -0.2922649408  0.307410774 1.0000000
49:1-28:0   -4.541140e-02 -0.3360034665  0.245180672 1.0000000
50:1-28:0   -1.271352e-01 -0.3730568543  0.118786427 1.0000000
51:1-28:0   -7.254375e-02 -0.3675058702  0.222418370 1.0000000
52:1-28:0   -6.478175e-02 -0.3318813099  0.202317810 1.0000000
53:1-28:0   -1.018062e-01 -0.3710685947  0.167456095 1.0000000
54:1-28:0   -4.451743e-02 -0.2931490372  0.204114169 1.0000000
55:1-28:0   -3.777500e-02 -0.2932196892  0.217669689 1.0000000
56:1-28:0    3.270625e-02 -0.2132153909  0.278627891 1.0000000
57:1-28:0   -7.239097e-02 -0.3230605733  0.178278629 1.0000000
58:1-28:0   -3.522500e-02 -0.2760605626  0.205610563 1.0000000
59:1-28:0   -5.575837e-02 -0.2885873690  0.177070638 1.0000000
60:1-28:0   -5.514941e-02 -0.2789072350  0.168608414 1.0000000
61:1-28:0   -4.706241e-02 -0.2677330082  0.173608195 1.0000000
62:1-28:0   -4.791123e-02 -0.2720960016  0.176273550 1.0000000
63:1-28:0   -5.847983e-02 -0.2871973840  0.170237732 1.0000000
64:1-28:0   -3.589375e-02 -0.2767293126  0.204941813 1.0000000
65:1-28:0   -4.397102e-02 -0.2875279775  0.199585932 1.0000000
66:1-28:0   -3.262904e-02 -0.2855569755  0.220298887 1.0000000
67:1-28:0   -3.364760e-02 -0.2813329290  0.214037737 1.0000000
68:1-28:0   -7.734497e-02 -0.3232666104  0.168576671 1.0000000
69:1-28:0   -1.875175e-02 -0.2583801092  0.220876609 1.0000000
70:1-28:0   -2.357011e-02 -0.2605432290  0.213403002 1.0000000
71:1-28:0   -5.596131e-03 -0.2506946009  0.239502339 1.0000000
72:1-28:0   -3.977375e-02 -0.2915427844  0.211995284 1.0000000
73:1-28:0   -9.315972e-03 -0.2521502045  0.233518260 1.0000000
74:1-28:0   -1.603794e-02 -0.2603489389  0.228273067 1.0000000
75:1-28:0   -7.746931e-02 -0.3203035378  0.165364927 1.0000000
76:1-28:0   -3.243502e-02 -0.2659928971  0.201122857 1.0000000
77:1-28:0   -2.705529e-02 -0.2655638829  0.211453306 1.0000000
78:1-28:0   -1.510208e-02 -0.2456845795  0.215480413 1.0000000
79:1-28:0   -6.250708e-02 -0.2888583486  0.163844182 1.0000000
80:1-28:0   -3.416178e-02 -0.2559869800  0.187663414 1.0000000
81:1-28:0   -5.888294e-02 -0.2819788549  0.164212977 1.0000000
82:1-28:0   -7.749375e-02 -0.3012515746  0.146264075 1.0000000
83:1-28:0   -1.075257e-02 -0.2498107276  0.228305581 1.0000000
84:1-28:0    8.635197e-03 -0.2399964057  0.257266800 1.0000000
85:1-28:0   -1.014198e-01 -0.3435607509  0.140721077 1.0000000
86:1-28:0   -3.195000e-02 -0.2727855626  0.208885563 1.0000000
87:1-28:0   -5.997218e-02 -0.2990303355  0.179085973 1.0000000
88:1-28:0   -6.760226e-02 -0.3090774939  0.173872973 1.0000000
89:1-28:0   -2.765497e-02 -0.2678753750  0.212565426 1.0000000
90:1-28:0   -2.386616e-02 -0.2594541346  0.211721807 1.0000000
91:1-28:0   -7.163348e-02 -0.3019286419  0.158661690 1.0000000
92:1-28:0   -1.043630e-02 -0.2519115364  0.231038930 1.0000000
93:1-28:0   -2.157282e-02 -0.2658838227  0.222738183 1.0000000
94:1-28:0    2.346250e-03 -0.2261304258  0.230822926 1.0000000
95:1-28:0    1.299976e-02 -0.2162175264  0.242217039 1.0000000
96:1-28:0    2.947500e-02 -0.1990016758  0.257951676 1.0000000
97:1-28:0   -3.665179e-03 -0.2372230558  0.229892699 1.0000000
98:1-28:0   -1.490031e-02 -0.2492323583  0.219431744 1.0000000
99:1-28:0   -3.256756e-02 -0.2601357758  0.195000657 1.0000000
100:1-28:0  -1.068658e-01 -0.3200074217  0.106275877 1.0000000
30:0-29:0   -6.817336e-02 -0.3512528881  0.214906178 1.0000000
31:0-29:0   -5.302471e-02 -0.3116644012  0.205614973 1.0000000
32:0-29:0   -5.713756e-02 -0.3184228901  0.204147771 1.0000000
33:0-29:0   -7.193496e-02 -0.3657861102  0.221916185 1.0000000
34:0-29:0   -8.244980e-02 -0.3342488099  0.169349215 1.0000000
35:0-29:0   -1.174098e-01 -0.3563739924  0.121554488 1.0000000
36:0-29:0    4.089599e-02 -0.2232565479  0.305048528 1.0000000
37:0-29:0   -1.196029e-02 -0.2732456174  0.249325043 1.0000000
38:0-29:0   -3.466903e-02 -0.2864680406  0.217129984 1.0000000
39:0-29:0   -6.740801e-02 -0.2964306328  0.161614604 1.0000000
40:0-29:0   -4.168718e-02 -0.2571768772  0.173802526 1.0000000
41:0-29:0   -9.784633e-02 -0.3133360322  0.117643371 1.0000000
42:0-29:0   -7.869517e-02 -0.3041662520  0.146775919 1.0000000
43:0-29:0   -6.060364e-02 -0.2940118562  0.172804569 1.0000000
44:0-29:0    1.262039e-02 -0.2704591381  0.295699928 1.0000000
45:0-29:0   -6.032711e-02 -0.3275980477  0.206943837 1.0000000
46:0-29:0   -5.692105e-03 -0.3316289359  0.320244725 1.0000000
47:0-29:0   -1.048012e-01 -0.3660865265  0.156484134 1.0000000
48:0-29:0   -1.063888e-01 -0.3945451710  0.181767627 1.0000000
49:0-29:0   -5.540877e-02 -0.3630359228  0.252218379 1.0000000
50:0-29:0   -2.015080e-02 -0.2476669361  0.207365334 1.0000000
51:0-29:0   -7.549474e-02 -0.3461705419  0.195181068 1.0000000
52:0-29:0   -8.988285e-02 -0.3397053017  0.159939610 1.0000000
53:0-29:0   -8.558057e-02 -0.3373795791  0.166218445 1.0000000
54:0-29:0   -3.288993e-02 -0.2604060666  0.194626204 1.0000000
55:0-29:0   -6.712471e-02 -0.2946408492  0.160391421 1.0000000
56:0-29:0   -5.772336e-02 -0.2838497309  0.168403020 1.0000000
57:0-29:0   -8.984942e-02 -0.3213852144  0.141686370 1.0000000
58:0-29:0   -3.628972e-02 -0.2669510117  0.194371563 1.0000000
59:0-29:0   -2.929523e-02 -0.2472585925  0.188668132 1.0000000
60:0-29:0   -3.103748e-02 -0.2385882806  0.176513329 1.0000000
61:0-29:0   -6.878996e-02 -0.2727612247  0.135181300 1.0000000
62:0-29:0   -6.358132e-02 -0.2720433874  0.144880746 1.0000000
63:0-29:0   -6.503553e-02 -0.2790235392  0.148952487 1.0000000
64:0-29:0   -5.210560e-02 -0.2704645943  0.166253400 1.0000000
65:0-29:0   -3.300574e-02 -0.2620283601  0.196016877 1.0000000
66:0-29:0   -3.049886e-02 -0.2659645283  0.204966804 1.0000000
67:0-29:0   -4.575801e-02 -0.2747806328  0.183264604 1.0000000
68:0-29:0   -3.802211e-02 -0.2757593894  0.199715179 1.0000000
69:0-29:0   -3.168249e-02 -0.2553289054  0.191963926 1.0000000
70:0-29:0   -5.939211e-02 -0.2938042286  0.175020018 1.0000000
71:0-29:0   -9.719925e-02 -0.3226703336  0.128271837 1.0000000
72:0-29:0   -7.134836e-02 -0.2974747309  0.154778020 1.0000000
73:0-29:0   -6.935099e-02 -0.2976048745  0.158902886 1.0000000
74:0-29:0   -7.028898e-02 -0.3119154664  0.171337506 1.0000000
75:0-29:0   -4.442998e-02 -0.2846886942  0.195828726 1.0000000
76:0-29:0   -5.938776e-02 -0.2869038926  0.168128378 1.0000000
77:0-29:0   -3.600073e-02 -0.2565297752  0.184528323 1.0000000
78:0-29:0   -5.270417e-02 -0.2732332235  0.167824875 1.0000000
79:0-29:0   -6.031544e-02 -0.2709484484  0.150317571 1.0000000
80:0-29:0   -4.239011e-02 -0.2511792523  0.166399042 1.0000000
81:0-29:0   -5.697287e-02 -0.2633259579  0.149380209 1.0000000
82:0-29:0   -5.609072e-02 -0.2712642675  0.159082835 1.0000000
83:0-29:0   -3.721830e-02 -0.2555772927  0.181140701 1.0000000
84:0-29:0   -9.709784e-02 -0.3162847031  0.122089017 1.0000000
85:0-29:0   -3.173565e-02 -0.2748097022  0.211338395 1.0000000
86:0-29:0   -7.589419e-02 -0.3020205643  0.150232187 1.0000000
87:0-29:0   -7.533496e-02 -0.3059962498  0.155326325 1.0000000
88:0-29:0   -1.907287e-02 -0.2524810869  0.214335338 1.0000000
89:0-29:0   -2.132747e-02 -0.2528632632  0.210208321 1.0000000
90:0-29:0   -5.826384e-02 -0.2857799796  0.169252291 1.0000000
91:0-29:0   -9.262890e-02 -0.3157099851  0.130452190 1.0000000
92:0-29:0    1.555035e-02 -0.2075307398  0.238631435 1.0000000
93:0-29:0   -1.633840e-02 -0.2388737416  0.206196938 1.0000000
94:0-29:0   -7.515690e-03 -0.2305967775  0.215565397 1.0000000
95:0-29:0    8.509180e-04 -0.2289734404  0.230675276 1.0000000
96:0-29:0    5.430776e-03 -0.2146366352  0.225498187 1.0000000
97:0-29:0   -2.662756e-02 -0.2486357285  0.195380609 1.0000000
98:0-29:0   -4.760945e-02 -0.2730805377  0.177861633 1.0000000
99:0-29:0   -5.737490e-03 -0.2233167041  0.211841724 1.0000000
100:0-29:0  -1.053284e-01 -0.3023252132  0.091668503 0.9999998
1:1-29:0    -1.173515e-01 -0.3154908611  0.080787783 0.9999285
2:1-29:0    -9.654032e-02 -0.3180389562  0.124958317 1.0000000
3:1-29:0    -5.222589e-02 -0.2876915554  0.183239777 1.0000000
4:1-29:0    -6.171778e-02 -0.2971834472  0.173747885 1.0000000
5:1-29:0     3.608289e-02 -0.2201076200  0.292273409 1.0000000
6:1-29:0    -6.460461e-02 -0.3207951200  0.191585909 1.0000000
7:1-29:0    -4.325749e-02 -0.2950565022  0.208541522 1.0000000
8:1-29:0    -8.874211e-02 -0.3631515461  0.185667336 1.0000000
9:1-29:0    -5.755711e-02 -0.3248280477  0.209713837 1.0000000
10:1-29:0   -4.994925e-02 -0.3438003959  0.243901900 1.0000000
11:1-29:0   -8.264595e-02 -0.3344449637  0.169153061 1.0000000
12:1-29:0   -7.473684e-02 -0.3454126472  0.195938963 1.0000000
13:1-29:0   -1.324526e-01 -0.4031284366  0.138223173 1.0000000
14:1-29:0   -3.945263e-02 -0.3101284366  0.231223173 1.0000000
15:1-29:0   -2.802068e-02 -0.3218718245  0.265830471 1.0000000
16:1-29:0   -1.334135e-01 -0.4272646816  0.160437614 1.0000000
17:1-29:0   -9.691353e-02 -0.3610660717  0.167239004 1.0000000
18:1-29:0   -3.465148e-02 -0.2762779664  0.206975006 1.0000000
19:1-29:0   -8.400975e-02 -0.3229739924  0.154954488 1.0000000
20:1-29:0   -8.289863e-02 -0.3104147622  0.144617508 1.0000000
21:1-29:0   -3.096211e-02 -0.2558023154  0.193878105 1.0000000
22:1-29:0   -9.436211e-02 -0.3192023154  0.130478105 1.0000000
23:1-29:0   -6.260732e-02 -0.3212470099  0.196032365 1.0000000
24:1-29:0   -4.175877e-02 -0.2863674451  0.202849901 1.0000000
25:1-29:0   -1.312950e-01 -0.4098181520  0.147228059 1.0000000
26:1-29:0   -6.381134e-02 -0.3640991804  0.236476508 1.0000000
27:1-29:0   -5.718877e-02 -0.3453451710  0.230967627 1.0000000
28:1-29:0    2.862713e-02 -0.2716607188  0.328914970 1.0000000
29:1-29:0    6.473684e-03 -0.2642021208  0.277149489 1.0000000
30:1-29:0   -4.963377e-02 -0.3572609228  0.257993379 1.0000000
31:1-29:0   -1.035810e-01 -0.3779904350  0.170828447 1.0000000
32:1-29:0   -3.423470e-02 -0.2840571536  0.215587758 1.0000000
33:1-29:0   -7.449665e-02 -0.3357819810  0.186788680 1.0000000
34:1-29:0   -8.082920e-02 -0.3239032506  0.162244847 1.0000000
35:1-29:0   -4.784836e-02 -0.3309278881  0.235231178 1.0000000
36:1-29:0   -1.008421e-01 -0.3547585176  0.153074307 1.0000000
37:1-29:0   -6.725877e-02 -0.3118674451  0.177349901 1.0000000
38:1-29:0   -1.292450e-01 -0.3682092865  0.109719194 0.9999995
39:1-29:0   -6.447183e-02 -0.2999375013  0.170993831 1.0000000
40:1-29:0   -4.860297e-02 -0.2761191100  0.178913160 1.0000000
41:1-29:0   -4.488309e-02 -0.2640699490  0.174303771 1.0000000
42:1-29:0   -5.006842e-02 -0.2844805444  0.184343702 1.0000000
43:1-29:0   -5.259639e-02 -0.2903336751  0.185140893 1.0000000
44:1-29:0   -3.494211e-02 -0.3352299496  0.265345739 1.0000000
45:1-29:0   -4.240461e-02 -0.3254841381  0.240674928 1.0000000
46:1-29:0   -1.294135e-01 -0.4232646816  0.164437614 1.0000000
47:1-29:0   -2.729605e-03 -0.2858091381  0.280349928 1.0000000
48:1-29:0    3.524561e-03 -0.2846318376  0.291680960 1.0000000
49:1-29:0   -4.945975e-02 -0.3279828579  0.229063353 1.0000000
50:1-29:0   -1.311836e-01 -0.3627193607  0.100352223 0.9999927
51:1-29:0   -7.659211e-02 -0.3596716381  0.206487428 1.0000000
52:1-29:0   -6.883011e-02 -0.3227465176  0.185086307 1.0000000
53:1-29:0   -1.058546e-01 -0.3620451200  0.150335909 1.0000000
54:1-29:0   -4.856579e-02 -0.2829779128  0.185846334 1.0000000
55:1-29:0   -4.182336e-02 -0.2834498414  0.199803131 1.0000000
56:1-29:0    2.865789e-02 -0.2028778973  0.260193687 1.0000000
57:1-29:0   -7.643933e-02 -0.3130119769  0.160133322 1.0000000
58:1-29:0   -3.927336e-02 -0.2653997309  0.186853020 1.0000000
59:1-29:0   -5.980672e-02 -0.2773859349  0.157772494 1.0000000
60:1-29:0   -5.919777e-02 -0.2670412973  0.148645766 1.0000000
61:1-29:0   -5.111076e-02 -0.2556269812  0.153405457 1.0000000
62:1-29:0   -5.195958e-02 -0.2602626853  0.156343523 1.0000000
63:1-29:0   -6.252818e-02 -0.2757020326  0.150645670 1.0000000
64:1-29:0   -3.994211e-02 -0.2660684809  0.186184270 1.0000000
65:1-29:0   -4.801938e-02 -0.2770419965  0.181003241 1.0000000
66:1-29:0   -3.667740e-02 -0.2756416395  0.202286841 1.0000000
67:1-29:0   -3.769595e-02 -0.2711041639  0.195712261 1.0000000
68:1-29:0   -8.139332e-02 -0.3129291168  0.150142467 1.0000000
69:1-29:0   -2.280011e-02 -0.2476403154  0.202040105 1.0000000
70:1-29:0   -2.761847e-02 -0.2496266376  0.194389700 1.0000000
71:1-29:0   -9.644486e-03 -0.2403057736  0.221016801 1.0000000
72:1-29:0   -4.382211e-02 -0.2815593894  0.193915179 1.0000000
73:1-29:0   -1.336433e-02 -0.2416182079  0.214889553 1.0000000
74:1-29:0   -2.008629e-02 -0.2499106497  0.209738067 1.0000000
75:1-29:0   -8.151766e-02 -0.3097715412  0.146736220 1.0000000
76:1-29:0   -3.648338e-02 -0.2548423721  0.181875622 1.0000000
77:1-29:0   -3.110364e-02 -0.2547500592  0.192542772 1.0000000
78:1-29:0   -1.915044e-02 -0.2343239897  0.196023113 1.0000000
79:1-29:0   -6.655544e-02 -0.2771884484  0.144077571 1.0000000
80:1-29:0   -3.821014e-02 -0.2439716205  0.167551344 1.0000000
81:1-29:0   -6.293129e-02 -0.2700620675  0.144199479 1.0000000
82:1-29:0   -8.154211e-02 -0.2893856369  0.126301426 1.0000000
83:1-29:0   -1.480093e-02 -0.2390333319  0.209431474 1.0000000
84:1-29:0    4.586842e-03 -0.2298252813  0.238998965 1.0000000
85:1-29:0   -1.054682e-01 -0.3329843274  0.122047943 1.0000000
86:1-29:0   -3.599836e-02 -0.2621247309  0.190128020 1.0000000
87:1-29:0   -6.402054e-02 -0.2882529397  0.160211866 1.0000000
88:1-29:0   -7.165062e-02 -0.2984581507  0.155156919 1.0000000
89:1-29:0   -3.170333e-02 -0.2571744152  0.193767756 1.0000000
90:1-29:0   -2.791452e-02 -0.2484435683  0.192614530 1.0000000
91:1-29:0   -7.568183e-02 -0.2905474473  0.139183785 1.0000000
92:1-29:0   -1.448466e-02 -0.2412921932  0.212322876 1.0000000
93:1-29:0   -2.562118e-02 -0.2554455334  0.204203183 1.0000000
94:1-29:0   -1.702105e-03 -0.2146174898  0.211213279 1.0000000
95:1-29:0    8.951401e-03 -0.2047585244  0.222661327 1.0000000
96:1-29:0    2.542664e-02 -0.1874887398  0.238342029 1.0000000
97:1-29:0   -7.713534e-03 -0.2260725308  0.210645463 1.0000000
98:1-29:0   -1.894866e-02 -0.2381355227  0.200238197 1.0000000
99:1-29:0   -3.661591e-02 -0.2485561484  0.175324319 1.0000000
100:1-29:0  -1.109141e-01 -0.3072829955  0.085454741 0.9999939
31:0-30:0    1.514864e-02 -0.2564450226  0.286742305 1.0000000
32:0-30:0    1.103580e-02 -0.2630785133  0.285150104 1.0000000
33:0-30:0   -3.761607e-03 -0.3090764078  0.301553194 1.0000000
34:0-30:0   -1.427644e-02 -0.2793639242  0.250811040 1.0000000
35:0-30:0   -4.923640e-02 -0.3021643285  0.203691534 1.0000000
36:0-30:0    1.090693e-01 -0.1677793386  0.385918029 1.0000000
37:0-30:0    5.621307e-02 -0.2179012406  0.330327377 1.0000000
38:0-30:0    3.350433e-02 -0.2315831549  0.298591809 1.0000000
39:0-30:0    7.653409e-04 -0.2427916139  0.244322296 1.0000000
40:0-30:0    2.648618e-02 -0.2043913679  0.257363727 1.0000000
41:0-30:0   -2.967298e-02 -0.2605505228  0.201204572 1.0000000
42:0-30:0   -1.052181e-02 -0.2507422118  0.229698589 1.0000000
43:0-30:0    7.569712e-03 -0.2401156213  0.255255044 1.0000000
44:0-30:0    8.079375e-02 -0.2141683702  0.375755870 1.0000000
45:0-30:0    7.846250e-03 -0.2719793870  0.287671887 1.0000000
46:0-30:0    6.248125e-02 -0.2738273108  0.398789811 1.0000000
47:0-30:0   -3.662784e-02 -0.3107421497  0.237486468 1.0000000
48:0-30:0   -3.821542e-02 -0.3380532741  0.261622441 1.0000000
49:0-30:0    1.276458e-02 -0.3058309194  0.331360086 1.0000000
50:0-30:0    4.802255e-02 -0.1941183596  0.290163468 1.0000000
51:0-30:0   -7.321382e-03 -0.2904009144  0.275758151 1.0000000
52:0-30:0   -2.170949e-02 -0.2849202235  0.241501242 1.0000000
53:0-30:0   -1.740721e-02 -0.2824946934  0.247680270 1.0000000
54:0-30:0    3.528342e-02 -0.2068574901  0.277424338 1.0000000
55:0-30:0    1.048641e-03 -0.2410922727  0.243189555 1.0000000
56:0-30:0    1.045000e-02 -0.2303855626  0.251285563 1.0000000
57:0-30:0   -2.167607e-02 -0.2675977080  0.224245574 1.0000000
58:0-30:0    3.188363e-02 -0.2132148389  0.276982101 1.0000000
59:0-30:0    3.887813e-02 -0.1943099058  0.272066156 1.0000000
60:0-30:0    3.713588e-02 -0.1863500642  0.260621823 1.0000000
61:0-30:0   -6.166071e-04 -0.2207822409  0.219549027 1.0000000
62:0-30:0    4.592034e-03 -0.2197404502  0.228924519 1.0000000
63:0-30:0    3.137829e-03 -0.2263387496  0.232614407 1.0000000
64:0-30:0    1.606776e-02 -0.2174901193  0.249625635 1.0000000
65:0-30:0    3.516761e-02 -0.2083893412  0.278724568 1.0000000
66:0-30:0    3.767449e-02 -0.2119506466  0.287299633 1.0000000
67:0-30:0    2.241534e-02 -0.2211416139  0.265972296 1.0000000
68:0-30:0    3.015125e-02 -0.2216177844  0.281920284 1.0000000
69:0-30:0    3.649087e-02 -0.2020177290  0.274999460 1.0000000
70:0-30:0    8.781250e-03 -0.2398503530  0.257412853 1.0000000
71:0-30:0   -2.902589e-02 -0.2692462934  0.211194508 1.0000000
72:0-30:0   -3.175000e-03 -0.2440105626  0.237660563 1.0000000
73:0-30:0   -1.177639e-03 -0.2440118712  0.241656593 1.0000000
74:0-30:0   -2.115625e-03 -0.2575603142  0.253329064 1.0000000
75:0-30:0    2.374337e-02 -0.2304079189  0.277894661 1.0000000
76:0-30:0    8.785598e-03 -0.2333553162  0.250926512 1.0000000
77:0-30:0    3.217263e-02 -0.2034153415  0.267760600 1.0000000
78:0-30:0    1.546918e-02 -0.2201187898  0.251057152 1.0000000
79:0-30:0    7.857917e-03 -0.2184933486  0.234209182 1.0000000
80:0-30:0    2.578325e-02 -0.1988532082  0.250419708 1.0000000
81:0-30:0    1.120048e-02 -0.2111735858  0.233574547 1.0000000
82:0-30:0    1.208264e-02 -0.2184998573  0.242665135 1.0000000
83:0-30:0    3.095506e-02 -0.2026028177  0.264512937 1.0000000
84:0-30:0   -2.892449e-02 -0.2632565386  0.205407563 1.0000000
85:0-30:0    3.643770e-02 -0.2203766740  0.293252077 1.0000000
86:0-30:0   -7.720833e-03 -0.2485563960  0.233114729 1.0000000
87:0-30:0   -7.161607e-03 -0.2522600770  0.237936863 1.0000000
88:0-30:0    4.910048e-02 -0.1985848520  0.296785814 1.0000000
89:0-30:0    4.684588e-02 -0.1990757567  0.292767525 1.0000000
90:0-30:0    9.909511e-03 -0.2322314031  0.252050425 1.0000000
91:0-30:0   -2.445554e-02 -0.2624341171  0.213523032 1.0000000
92:0-30:0    8.372370e-02 -0.1542548718  0.321702277 1.0000000
93:0-30:0    5.183495e-02 -0.1856321135  0.289302021 1.0000000
94:0-30:0    6.065767e-02 -0.1773209096  0.298636240 1.0000000
95:0-30:0    6.902427e-02 -0.1752867296  0.313335276 1.0000000
96:0-30:0    7.360413e-02 -0.1615517658  0.308760029 1.0000000
97:0-30:0    4.154580e-02 -0.1954273199  0.278518911 1.0000000
98:0-30:0    2.056390e-02 -0.2196564975  0.260784304 1.0000000
99:0-30:0    6.243587e-02 -0.1703931382  0.295264869 1.0000000
100:0-30:0  -3.715500e-02 -0.2508753605  0.176565360 1.0000000
1:1-30:0    -4.917818e-02 -0.2639520682  0.165595700 1.0000000
2:1-30:0    -2.836696e-02 -0.2648627919  0.208128863 1.0000000
3:1-30:0     1.594747e-02 -0.2336776737  0.265572606 1.0000000
4:1-30:0     6.455574e-03 -0.2431695656  0.256080714 1.0000000
5:1-30:0     1.042563e-01 -0.1650060947  0.373518595 1.0000000
6:1-30:0     3.568750e-03 -0.2656935947  0.272831095 1.0000000
7:1-30:0     2.491587e-02 -0.2401716165  0.290003347 1.0000000
8:1-30:0    -2.056875e-02 -0.3072204056  0.266082906 1.0000000
9:1-30:0     1.061625e-02 -0.2692093870  0.290441887 1.0000000
10:1-30:0    1.822411e-02 -0.2870906935  0.323538908 1.0000000
11:1-30:0   -1.447260e-02 -0.2795600780  0.250614886 1.0000000
12:1-30:0   -6.563487e-03 -0.2896430196  0.276516046 1.0000000
13:1-30:0   -6.427928e-02 -0.3473588091  0.218800256 1.0000000
14:1-30:0    2.872072e-02 -0.2543588091  0.311800256 1.0000000
15:1-30:0    4.015268e-02 -0.2651621221  0.345467479 1.0000000
16:1-30:0   -6.524018e-02 -0.3705549792  0.240074622 1.0000000
17:1-30:0   -2.874018e-02 -0.3055888624  0.248108505 1.0000000
18:1-30:0    3.352187e-02 -0.2219228142  0.288966564 1.0000000
19:1-30:0   -1.583640e-02 -0.2687643285  0.237091534 1.0000000
20:1-30:0   -1.472527e-02 -0.2568661857  0.227415642 1.0000000
21:1-30:0    3.721125e-02 -0.2024171092  0.276839609 1.0000000
22:1-30:0   -2.618875e-02 -0.2658171092  0.213439609 1.0000000
23:1-30:0    5.566033e-03 -0.2660276313  0.277159697 1.0000000
24:1-30:0    2.641458e-02 -0.2318527848  0.284681951 1.0000000
25:1-30:0   -6.312169e-02 -0.3537137606  0.227470378 1.0000000
26:1-30:0    4.362019e-03 -0.3071526994  0.315876738 1.0000000
27:1-30:0    1.098458e-02 -0.2888532741  0.310822441 1.0000000
28:1-30:0    9.680048e-02 -0.2147142378  0.408315199 1.0000000
29:1-30:0    7.464704e-02 -0.2084324933  0.357726572 1.0000000
30:1-30:0    1.853958e-02 -0.3000559194  0.337135086 1.0000000
31:1-30:0   -3.540764e-02 -0.3220592945  0.251244017 1.0000000
32:1-30:0    3.393866e-02 -0.2292720753  0.297149390 1.0000000
33:1-30:0   -6.323295e-03 -0.2804376043  0.267791013 1.0000000
34:1-30:0   -1.265585e-02 -0.2694702224  0.244158529 1.0000000
35:1-30:0    2.032500e-02 -0.2746371202  0.315287120 1.0000000
36:1-30:0   -3.266875e-02 -0.2997683099  0.234430810 1.0000000
37:1-30:0    9.145833e-04 -0.2573527848  0.259181951 1.0000000
38:1-30:0   -6.107169e-02 -0.3139996226  0.191856240 1.0000000
39:1-30:0    3.701520e-03 -0.2459236196  0.253326660 1.0000000
40:1-30:0    1.957038e-02 -0.2225705336  0.261711294 1.0000000
41:1-30:0    2.329027e-02 -0.2110417845  0.257622317 1.0000000
42:1-30:0    1.810493e-02 -0.2305266688  0.266736537 1.0000000
43:1-30:0    1.557696e-02 -0.2361920702  0.267345999 1.0000000
44:1-30:0    3.323125e-02 -0.2782834686  0.344745969 1.0000000
45:1-30:0    2.576875e-02 -0.2691933702  0.320730870 1.0000000
46:1-30:0   -6.124018e-02 -0.3665549792  0.244074622 1.0000000
47:1-30:0    6.544375e-02 -0.2295183702  0.360405870 1.0000000
48:1-30:0    7.169792e-02 -0.2281399408  0.371535774 1.0000000
49:1-30:0    1.871360e-02 -0.2718784665  0.309305672 1.0000000
50:1-30:0   -6.301021e-02 -0.3089318543  0.182911427 1.0000000
51:1-30:0   -8.418750e-03 -0.3033808702  0.286543370 1.0000000
52:1-30:0   -6.567500e-04 -0.2677563099  0.266442810 1.0000000
53:1-30:0   -3.768125e-02 -0.3069435947  0.231581095 1.0000000
54:1-30:0    1.960757e-02 -0.2290240372  0.268239169 1.0000000
55:1-30:0    2.635000e-02 -0.2290946892  0.281794689 1.0000000
56:1-30:0    9.683125e-02 -0.1490903909  0.342752891 1.0000000
57:1-30:0   -8.265972e-03 -0.2589355733  0.242403629 1.0000000
58:1-30:0    2.890000e-02 -0.2119355626  0.269735563 1.0000000
59:1-30:0    8.366635e-03 -0.2244623690  0.241195638 1.0000000
60:1-30:0    8.975590e-03 -0.2147822350  0.232733414 1.0000000
61:1-30:0    1.706259e-02 -0.2036080082  0.237733195 1.0000000
62:1-30:0    1.621377e-02 -0.2079710016  0.240398550 1.0000000
63:1-30:0    5.645174e-03 -0.2230723840  0.234362732 1.0000000
64:1-30:0    2.823125e-02 -0.2126043126  0.269066813 1.0000000
65:1-30:0    2.015398e-02 -0.2234029775  0.263710932 1.0000000
66:1-30:0    3.149596e-02 -0.2214319755  0.284423887 1.0000000
67:1-30:0    3.047740e-02 -0.2172079290  0.278162737 1.0000000
68:1-30:0   -1.321997e-02 -0.2591416104  0.232701671 1.0000000
69:1-30:0    4.537325e-02 -0.1942551092  0.285001609 1.0000000
70:1-30:0    4.055489e-02 -0.1964182290  0.277528002 1.0000000
71:1-30:0    5.852887e-02 -0.1865696009  0.303627339 1.0000000
72:1-30:0    2.435125e-02 -0.2274177844  0.276120284 1.0000000
73:1-30:0    5.480903e-02 -0.1880252045  0.297643260 1.0000000
74:1-30:0    4.808706e-02 -0.1962239389  0.292398067 1.0000000
75:1-30:0   -1.334431e-02 -0.2561785378  0.229489927 1.0000000
76:1-30:0    3.168998e-02 -0.2018678971  0.265247857 1.0000000
77:1-30:0    3.706971e-02 -0.2014388829  0.275578306 1.0000000
78:1-30:0    4.902292e-02 -0.1815595795  0.279605413 1.0000000
79:1-30:0    1.617917e-03 -0.2247333486  0.227969182 1.0000000
80:1-30:0    2.996322e-02 -0.1918619800  0.251788414 1.0000000
81:1-30:0    5.242061e-03 -0.2178538549  0.228337977 1.0000000
82:1-30:0   -1.336875e-02 -0.2371265746  0.210389075 1.0000000
83:1-30:0    5.337243e-02 -0.1856857276  0.292430581 1.0000000
84:1-30:0    7.276020e-02 -0.1758714057  0.321391800 1.0000000
85:1-30:0   -3.729484e-02 -0.2794357509  0.204846077 1.0000000
86:1-30:0    3.217500e-02 -0.2086605626  0.273010563 1.0000000
87:1-30:0    4.152819e-03 -0.2349053355  0.243210973 1.0000000
88:1-30:0   -3.477261e-03 -0.2449524939  0.237997973 1.0000000
89:1-30:0    3.647003e-02 -0.2037503750  0.276690426 1.0000000
90:1-30:0    4.025884e-02 -0.1953291346  0.275846807 1.0000000
91:1-30:0   -7.508476e-03 -0.2378036419  0.222786690 1.0000000
92:1-30:0    5.368870e-02 -0.1877865364  0.295163930 1.0000000
93:1-30:0    4.255218e-02 -0.2017588227  0.286863183 1.0000000
94:1-30:0    6.647125e-02 -0.1620054258  0.294947926 1.0000000
95:1-30:0    7.712476e-02 -0.1520925264  0.306342039 1.0000000
96:1-30:0    9.360000e-02 -0.1348766758  0.322076676 1.0000000
97:1-30:0    6.045982e-02 -0.1730980558  0.294017699 1.0000000
98:1-30:0    4.922469e-02 -0.1851073583  0.283556744 1.0000000
99:1-30:0    3.155744e-02 -0.1960107758  0.259125657 1.0000000
100:1-30:0  -4.274077e-02 -0.2558824217  0.170400877 1.0000000
32:0-31:0   -4.112846e-03 -0.2529081839  0.244682492 1.0000000
33:0-31:0   -1.891025e-02 -0.3017133486  0.263892852 1.0000000
34:0-31:0   -2.942508e-02 -0.2682384815  0.209388314 1.0000000
35:0-31:0   -6.438504e-02 -0.2896249203  0.160854844 1.0000000
36:0-31:0    9.392070e-02 -0.1578841008  0.345725509 1.0000000
37:0-31:0    4.106443e-02 -0.2077309112  0.289859765 1.0000000
38:0-31:0    1.835569e-02 -0.2204577122  0.257169083 1.0000000
39:0-31:0   -1.438330e-02 -0.2290468888  0.200280288 1.0000000
40:0-31:0    1.133754e-02 -0.1888246656  0.211499742 1.0000000
41:0-31:0   -4.482162e-02 -0.2449838206  0.155340587 1.0000000
42:0-31:0   -2.567045e-02 -0.2365408079  0.185199903 1.0000000
43:0-31:0   -7.578930e-03 -0.2269154065  0.211757547 1.0000000
44:0-31:0    6.564511e-02 -0.2059485552  0.337238773 1.0000000
45:0-31:0   -7.302391e-03 -0.2623766022  0.247771820 1.0000000
46:0-31:0    4.733261e-02 -0.2686799132  0.363345131 1.0000000
47:0-31:0   -5.177648e-02 -0.3005718203  0.197018856 1.0000000
48:0-31:0   -5.336406e-02 -0.3302452720  0.223517156 1.0000000
49:0-31:0   -2.384058e-03 -0.2994758962  0.294707780 1.0000000
50:0-31:0    3.287391e-02 -0.1801816857  0.245929512 1.0000000
51:0-31:0   -2.247002e-02 -0.2811097102  0.236169664 1.0000000
52:0-31:0   -3.685813e-02 -0.2735865751  0.199870311 1.0000000
53:0-31:0   -3.255585e-02 -0.2713692507  0.206257545 1.0000000
54:0-31:0    2.013478e-02 -0.1929208162  0.233190381 1.0000000
55:0-31:0   -1.410000e-02 -0.2271555988  0.198955599 1.0000000
56:0-31:0   -4.698641e-03 -0.2162695140  0.206872231 1.0000000
57:0-31:0   -3.682471e-02 -0.2541675698  0.180518153 1.0000000
58:0-31:0    1.673499e-02 -0.1996760218  0.233146001 1.0000000
59:0-31:0    2.372948e-02 -0.1790934037  0.226552371 1.0000000
60:0-31:0    2.198724e-02 -0.1696019916  0.213576468 1.0000000
61:0-31:0   -1.576525e-02 -0.2034707951  0.171940298 1.0000000
62:0-31:0   -1.055661e-02 -0.2031326428  0.182019429 1.0000000
63:0-31:0   -1.201081e-02 -0.2105554321  0.186533807 1.0000000
64:0-31:0    9.191166e-04 -0.2023288796  0.204167113 1.0000000
65:0-31:0    2.001897e-02 -0.1946446161  0.234682561 1.0000000
66:0-31:0    2.252585e-02 -0.1989988113  0.244050515 1.0000000
67:0-31:0    7.266700e-03 -0.2073968888  0.221930288 1.0000000
68:0-31:0    1.500261e-02 -0.2089351341  0.238940351 1.0000000
69:0-31:0    2.134222e-02 -0.1875759789  0.230260427 1.0000000
70:0-31:0   -6.367391e-03 -0.2267718830  0.214037100 1.0000000
71:0-31:0   -4.417453e-02 -0.2550448896  0.166695821 1.0000000
72:0-31:0   -1.832364e-02 -0.2298945140  0.193247231 1.0000000
73:0-31:0   -1.632628e-02 -0.2301695179  0.197516958 1.0000000
74:0-31:0   -1.726427e-02 -0.2453266595  0.210798127 1.0000000
75:0-31:0    8.594730e-03 -0.2180180327  0.235207493 1.0000000
76:0-31:0   -6.363043e-03 -0.2194186423  0.206692555 1.0000000
77:0-31:0    1.702399e-02 -0.1885536323  0.222601608 1.0000000
78:0-31:0    3.205397e-04 -0.2052570805  0.205898160 1.0000000
79:0-31:0   -7.290725e-03 -0.2022147129  0.187633264 1.0000000
80:0-31:0    1.063461e-02 -0.1822954416  0.203564659 1.0000000
81:0-31:0   -3.948161e-03 -0.1942392308  0.186342910 1.0000000
82:0-31:0   -3.066002e-03 -0.2028878068  0.196755802 1.0000000
83:0-31:0    1.580642e-02 -0.1874415780  0.219054414 1.0000000
84:0-31:0   -4.407313e-02 -0.2482102791  0.160064021 1.0000000
85:0-31:0    2.128906e-02 -0.2083064307  0.250884551 1.0000000
86:0-31:0   -2.286947e-02 -0.2344403473  0.188701398 1.0000000
87:0-31:0   -2.231025e-02 -0.2387212599  0.194100763 1.0000000
88:0-31:0    3.395184e-02 -0.1853846373  0.253288316 1.0000000
89:0-31:0    3.169724e-02 -0.1856456186  0.249040104 1.0000000
90:0-31:0   -5.239130e-03 -0.2182947292  0.207816468 1.0000000
91:0-31:0   -3.960418e-02 -0.2479170925  0.168708725 1.0000000
92:0-31:0    6.857506e-02 -0.1397378472  0.276887970 1.0000000
93:0-31:0    3.668631e-02 -0.1710420534  0.244414678 1.0000000
94:0-31:0    4.550902e-02 -0.1628038849  0.253821933 1.0000000
95:0-31:0    5.387563e-02 -0.1616431192  0.269394383 1.0000000
96:0-31:0    5.845549e-02 -0.1466268396  0.263537820 1.0000000
97:0-31:0    2.639715e-02 -0.1807663643  0.233560673 1.0000000
98:0-31:0    5.415262e-03 -0.2054550936  0.216285617 1.0000000
99:0-31:0    4.728722e-02 -0.1551227828  0.249697231 1.0000000
100:0-31:0  -5.230364e-02 -0.2324059967  0.127798714 1.0000000
1:1-31:0    -6.432683e-02 -0.2456781067  0.117024456 1.0000000
2:1-31:0    -4.351561e-02 -0.2501329874  0.163101776 1.0000000
3:1-31:0     7.988249e-04 -0.2207258383  0.222323488 1.0000000
4:1-31:0    -8.693067e-03 -0.2302177302  0.212831596 1.0000000
5:1-31:0     8.910761e-02 -0.1543316573  0.332546875 1.0000000
6:1-31:0    -1.157989e-02 -0.2550191573  0.231859375 1.0000000
7:1-31:0     9.767224e-03 -0.2290461738  0.248580622 1.0000000
8:1-31:0    -3.571739e-02 -0.2982619353  0.226827153 1.0000000
9:1-31:0    -4.532391e-03 -0.2596066022  0.250541820 1.0000000
10:1-31:0    3.075466e-03 -0.2797276343  0.285878566 1.0000000
11:1-31:0   -2.962124e-02 -0.2684346353  0.209192160 1.0000000
12:1-31:0   -2.171213e-02 -0.2803518154  0.236927559 1.0000000
13:1-31:0   -7.942792e-02 -0.3380676049  0.179211770 1.0000000
14:1-31:0    1.357208e-02 -0.2450676049  0.272211770 1.0000000
15:1-31:0    2.500404e-02 -0.2577990629  0.307807137 1.0000000
16:1-31:0   -8.038882e-02 -0.3631919200  0.202414280 1.0000000
17:1-31:0   -4.388882e-02 -0.2956936246  0.207915985 1.0000000
18:1-31:0    1.837323e-02 -0.2096891595  0.246435627 1.0000000
19:1-31:0   -3.098504e-02 -0.2562249203  0.194254844 1.0000000
20:1-31:0   -2.987391e-02 -0.2429295118  0.183181686 1.0000000
21:1-31:0    2.206261e-02 -0.1881330537  0.232258271 1.0000000
22:1-31:0   -4.133739e-02 -0.2515330537  0.168858271 1.0000000
23:1-31:0   -9.582609e-03 -0.2555980233  0.236432806 1.0000000
24:1-31:0    1.126594e-02 -0.2199536493  0.242485533 1.0000000
25:1-31:0   -7.827033e-02 -0.3451115151  0.188570850 1.0000000
26:1-31:0   -1.078662e-02 -0.3002721759  0.278698932 1.0000000
27:1-31:0   -4.164058e-03 -0.2810452720  0.272717156 1.0000000
28:1-31:0    8.165184e-02 -0.2078337143  0.371137393 1.0000000
29:1-31:0    5.949840e-02 -0.1991412891  0.318138085 1.0000000
30:1-31:0    3.390942e-03 -0.2937008962  0.300482780 1.0000000
31:1-31:0   -5.055628e-02 -0.3131008242  0.211988264 1.0000000
32:1-31:0    1.879002e-02 -0.2179384270  0.255518459 1.0000000
33:1-31:0   -2.147194e-02 -0.2702672748  0.227323401 1.0000000
34:1-31:0   -2.780449e-02 -0.2573999791  0.201791003 1.0000000
35:1-31:0    5.176359e-03 -0.2664173052  0.276770023 1.0000000
36:1-31:0   -4.781739e-02 -0.2888622852  0.193227503 1.0000000
37:1-31:0   -1.423406e-02 -0.2454536493  0.216985533 1.0000000
38:1-31:0   -7.622033e-02 -0.3014602145  0.149019549 1.0000000
39:1-31:0   -1.144712e-02 -0.2329717842  0.210077542 1.0000000
40:1-31:0    4.421739e-03 -0.2086338597  0.217477338 1.0000000
41:1-31:0    8.141625e-03 -0.1959955250  0.212278775 1.0000000
42:1-31:0    2.956293e-03 -0.2174481988  0.223360785 1.0000000
43:1-31:0    4.283230e-04 -0.2235094198  0.224366066 1.0000000
44:1-31:0    1.808261e-02 -0.2714029451  0.307568163 1.0000000
45:1-31:0    1.062011e-02 -0.2609735552  0.282213773 1.0000000
46:1-31:0   -7.638882e-02 -0.3591919200  0.206414280 1.0000000
47:1-31:0    5.029511e-02 -0.2212985552  0.321888773 1.0000000
48:1-31:0    5.654928e-02 -0.2203319387  0.333430489 1.0000000
49:1-31:0    3.564962e-03 -0.2632762210  0.270406144 1.0000000
50:1-31:0   -7.815885e-02 -0.2955017161  0.139184007 1.0000000
51:1-31:0   -2.356739e-02 -0.2951610552  0.248026273 1.0000000
52:1-31:0   -1.580539e-02 -0.2568502852  0.225239503 1.0000000
53:1-31:0   -5.282989e-02 -0.2962691573  0.190609375 1.0000000
54:1-31:0    4.458924e-03 -0.2159455673  0.224863416 1.0000000
55:1-31:0    1.120136e-02 -0.2168610345  0.239263752 1.0000000
56:1-31:0    8.168261e-02 -0.1356602527  0.299025470 1.0000000
57:1-31:0   -2.341461e-02 -0.2461155674  0.199286340 1.0000000
58:1-31:0    1.375136e-02 -0.1978195140  0.225322231 1.0000000
59:1-31:0   -6.782007e-03 -0.2091920135  0.195628000 1.0000000
60:1-31:0   -6.173052e-03 -0.1980793570  0.185733254 1.0000000
61:1-31:0    1.913952e-03 -0.1863836325  0.190211536 1.0000000
62:1-31:0    1.065133e-03 -0.1913388163  0.193469082 1.0000000
63:1-31:0   -9.503467e-03 -0.2071703266  0.188163392 1.0000000
64:1-31:0    1.308261e-02 -0.1984882640  0.224653481 1.0000000
65:1-31:0    5.005336e-03 -0.2096582524  0.219668924 1.0000000
66:1-31:0    1.634731e-02 -0.2088925674  0.241587197 1.0000000
67:1-31:0    1.532876e-02 -0.2040077142  0.234665239 1.0000000
68:1-31:0   -2.836861e-02 -0.2457114722  0.188974251 1.0000000
69:1-31:0    3.022461e-02 -0.1799710537  0.240420271 1.0000000
70:1-31:0    2.540625e-02 -0.1817572734  0.232569763 1.0000000
71:1-31:0    4.338023e-02 -0.1730307838  0.259791239 1.0000000
72:1-31:0    9.202609e-03 -0.2147351341  0.233140351 1.0000000
73:1-31:0    3.966039e-02 -0.1741828512  0.253503624 1.0000000
74:1-31:0    3.293842e-02 -0.1825803285  0.248457174 1.0000000
75:1-31:0   -2.849295e-02 -0.2423361846  0.185350291 1.0000000
76:1-31:0    1.654134e-02 -0.1867066574  0.219789335 1.0000000
77:1-31:0    2.192107e-02 -0.1869971328  0.230839273 1.0000000
78:1-31:0    3.387428e-02 -0.1659475290  0.233696080 1.0000000
79:1-31:0   -1.353072e-02 -0.2084547129  0.181393264 1.0000000
80:1-31:0    1.481458e-02 -0.1748347955  0.204463947 1.0000000
81:1-31:0   -9.906580e-03 -0.2010407050  0.181227544 1.0000000
82:1-31:0   -2.851739e-02 -0.2204236966  0.163388914 1.0000000
83:1-31:0    3.822379e-02 -0.1713215965  0.247769167 1.0000000
84:1-31:0    5.761156e-02 -0.1627929357  0.278016048 1.0000000
85:1-31:0   -5.244348e-02 -0.2654990771  0.160612121 1.0000000
86:1-31:0    1.702636e-02 -0.1945445140  0.228597231 1.0000000
87:1-31:0   -1.099582e-02 -0.2205412044  0.198549559 1.0000000
88:1-31:0   -1.862590e-02 -0.2309246401  0.193672836 1.0000000
89:1-31:0    2.132138e-02 -0.1895489712  0.232191740 1.0000000
90:1-31:0    2.511019e-02 -0.1804674254  0.230687815 1.0000000
91:1-31:0   -2.265712e-02 -0.2221472909  0.176833056 1.0000000
92:1-31:0    3.854006e-02 -0.1737586826  0.250838794 1.0000000
93:1-31:0    2.740354e-02 -0.1881152122  0.242922290 1.0000000
94:1-31:0    5.132261e-02 -0.1460654795  0.248710697 1.0000000
95:1-31:0    6.197612e-02 -0.1362687554  0.260220986 1.0000000
96:1-31:0    7.845136e-02 -0.1189367295  0.275839447 1.0000000
97:1-31:0    4.531118e-02 -0.1579368161  0.248559176 1.0000000
98:1-31:0    3.407605e-02 -0.1700610987  0.238213201 1.0000000
99:1-31:0    1.640880e-02 -0.1799270330  0.212744631 1.0000000
100:1-31:0  -5.788941e-02 -0.2373046546  0.121525828 1.0000000
33:0-32:0   -1.479740e-02 -0.3000221025  0.270427297 1.0000000
34:0-32:0   -2.531224e-02 -0.2669884157  0.216363940 1.0000000
35:0-32:0   -6.027219e-02 -0.2885451441  0.168000759 1.0000000
36:0-32:0    9.803355e-02 -0.1564879536  0.352555053 1.0000000
37:0-32:0    4.517727e-02 -0.2063672685  0.296721814 1.0000000
38:0-32:0    2.246853e-02 -0.2192076465  0.264144709 1.0000000
39:0-32:0   -1.027045e-02 -0.2281144175  0.207573508 1.0000000
40:0-32:0    1.545038e-02 -0.1881188765  0.219019645 1.0000000
41:0-32:0   -4.070877e-02 -0.2442780315  0.162860490 1.0000000
42:0-32:0   -2.155761e-02 -0.2356646892  0.192549476 1.0000000
43:0-32:0   -3.466084e-03 -0.2259161368  0.218983969 1.0000000
44:0-32:0    6.975795e-02 -0.2043563543  0.343872263 1.0000000
45:0-32:0   -3.189545e-03 -0.2609459984  0.254566908 1.0000000
46:0-32:0    5.144545e-02 -0.2667360188  0.369626928 1.0000000
47:0-32:0   -4.766364e-02 -0.2992081776  0.203880905 1.0000000
48:0-32:0   -4.925121e-02 -0.3286053649  0.230102941 1.0000000
49:0-32:0    1.728788e-03 -0.2976691018  0.301126678 1.0000000
50:0-32:0    3.698676e-02 -0.1792728633  0.253246381 1.0000000
51:0-32:0   -1.835718e-02 -0.2796425074  0.242928153 1.0000000
52:0-32:0   -3.274529e-02 -0.2723614204  0.206870848 1.0000000
53:0-32:0   -2.844301e-02 -0.2701191850  0.213233171 1.0000000
54:0-32:0    2.424763e-02 -0.1920119937  0.240507251 1.0000000
55:0-32:0   -9.987154e-03 -0.2262467763  0.206272468 1.0000000
56:0-32:0   -5.857955e-04 -0.2153828396  0.214211249 1.0000000
57:0-32:0   -3.271186e-02 -0.2531964548  0.187772730 1.0000000
58:0-32:0    2.084784e-02 -0.1987182409  0.240413912 1.0000000
59:0-32:0    2.784233e-02 -0.1783436536  0.234028313 1.0000000
60:0-32:0    2.610008e-02 -0.1690459356  0.221246104 1.0000000
61:0-32:0   -1.165240e-02 -0.2029869480  0.179682143 1.0000000
62:0-32:0   -6.443761e-03 -0.2025586906  0.189671168 1.0000000
63:0-32:0   -7.897967e-03 -0.2098769309  0.194080998 1.0000000
64:0-32:0    5.031962e-03 -0.2015722097  0.211636135 1.0000000
65:0-32:0    2.413182e-02 -0.1937121447  0.241975781 1.0000000
66:0-32:0    2.663870e-02 -0.1979692104  0.251246606 1.0000000
67:0-32:0    1.137955e-02 -0.2064644175  0.229223508 1.0000000
68:0-32:0    1.911545e-02 -0.2078727580  0.246103667 1.0000000
69:0-32:0    2.545507e-02 -0.1867296410  0.237639781 1.0000000
70:0-32:0   -2.254545e-03 -0.2257577356  0.221248645 1.0000000
71:0-32:0   -4.006169e-02 -0.2541687708  0.174045394 1.0000000
72:0-32:0   -1.421080e-02 -0.2290078396  0.200586249 1.0000000
73:0-32:0   -1.221343e-02 -0.2292490681  0.204822199 1.0000000
74:0-32:0   -1.315142e-02 -0.2442098356  0.217906995 1.0000000
75:0-32:0    1.270758e-02 -0.2169201234  0.242335275 1.0000000
76:0-32:0   -2.250198e-03 -0.2185098198  0.214009425 1.0000000
77:0-32:0    2.113683e-02 -0.1877595375  0.230033205 1.0000000
78:0-32:0    4.433386e-03 -0.2044629858  0.213329757 1.0000000
79:0-32:0   -3.177879e-03 -0.2015988888  0.195243131 1.0000000
80:0-32:0    1.474745e-02 -0.1817151127  0.211210022 1.0000000
81:0-32:0    1.646853e-04 -0.1937069924  0.194036363 1.0000000
82:0-32:0    1.046843e-03 -0.2021877242  0.204281411 1.0000000
83:0-32:0    1.991926e-02 -0.1866849081  0.226523436 1.0000000
84:0-32:0   -3.996028e-02 -0.2474392268  0.167518660 1.0000000
85:0-32:0    2.540191e-02 -0.2071698580  0.257973670 1.0000000
86:0-32:0   -1.875663e-02 -0.2335536729  0.196040415 1.0000000
87:0-32:0   -1.819740e-02 -0.2377634790  0.201368674 1.0000000
88:0-32:0    3.806469e-02 -0.1843853676  0.260514738 1.0000000
89:0-32:0    3.581009e-02 -0.1846745035  0.256294681 1.0000000
90:0-32:0   -1.126285e-03 -0.2173859068  0.215133338 1.0000000
91:0-32:0   -3.549134e-02 -0.2470800993  0.176097423 1.0000000
92:0-32:0    7.268791e-02 -0.1389008540  0.284276669 1.0000000
93:0-32:0    4.079916e-02 -0.1702141351  0.251812452 1.0000000
94:0-32:0    4.962187e-02 -0.1619668918  0.261210631 1.0000000
95:0-32:0    5.798848e-02 -0.1606982115  0.276675167 1.0000000
96:0-32:0    6.256834e-02 -0.1458406321  0.270977304 1.0000000
97:0-32:0    3.051000e-02 -0.1799472626  0.240967263 1.0000000
98:0-32:0    9.528108e-03 -0.2045789749  0.223635190 1.0000000
99:0-32:0    5.140007e-02 -0.1543797806  0.257179920 1.0000000
100:0-32:0  -4.819080e-02 -0.2320722639  0.135690673 1.0000000
1:1-32:0    -6.021398e-02 -0.2453188775  0.124890919 1.0000000
2:1-32:0    -3.940276e-02 -0.2493224550  0.170516936 1.0000000
3:1-32:0     4.911671e-03 -0.2196962374  0.229519579 1.0000000
4:1-32:0    -4.580221e-03 -0.2291881293  0.220027687 1.0000000
5:1-32:0     9.322045e-02 -0.1530278190  0.339468728 1.0000000
6:1-32:0    -7.467045e-03 -0.2537153190  0.238781228 1.0000000
7:1-32:0     1.388007e-02 -0.2277961080  0.255556248 1.0000000
8:1-32:0    -3.160455e-02 -0.2967557733  0.233546682 1.0000000
9:1-32:0    -4.195455e-04 -0.2581759984  0.257336908 1.0000000
10:1-32:0    7.188312e-03 -0.2780363883  0.292413012 1.0000000
11:1-32:0   -2.550839e-02 -0.2671845696  0.216167786 1.0000000
12:1-32:0   -1.759928e-02 -0.2788846126  0.243686048 1.0000000
13:1-32:0   -7.531507e-02 -0.3366004021  0.185970259 1.0000000
14:1-32:0    1.768493e-02 -0.2436004021  0.278970259 1.0000000
15:1-32:0    2.911688e-02 -0.2561078168  0.314341583 1.0000000
16:1-32:0   -7.627597e-02 -0.3615006740  0.208948726 1.0000000
17:1-32:0   -3.977597e-02 -0.2942974774  0.214745529 1.0000000
18:1-32:0    2.248608e-02 -0.2085723356  0.253544495 1.0000000
19:1-32:0   -2.687219e-02 -0.2551451441  0.201400759 1.0000000
20:1-32:0   -2.576107e-02 -0.2420206894  0.190498555 1.0000000
21:1-32:0    2.617545e-02 -0.1872671665  0.239618076 1.0000000
22:1-32:0   -3.722455e-02 -0.2506671665  0.176218076 1.0000000
23:1-32:0   -5.469763e-03 -0.2542651009  0.243325575 1.0000000
24:1-32:0    1.537879e-02 -0.2187964359  0.249554012 1.0000000
25:1-32:0   -7.415749e-02 -0.3435637834  0.195248810 1.0000000
26:1-32:0   -6.673776e-03 -0.2985254883  0.285177936 1.0000000
27:1-32:0   -5.121212e-05 -0.2794053649  0.279302941 1.0000000
28:1-32:0    8.576469e-02 -0.2060870268  0.377616397 1.0000000
29:1-32:0    6.361124e-02 -0.1976740863  0.324896574 1.0000000
30:1-32:0    7.503788e-03 -0.2918941018  0.306901678 1.0000000
31:1-32:0   -4.644343e-02 -0.3115946621  0.218707793 1.0000000
32:1-32:0    2.290286e-02 -0.2167132723  0.262518996 1.0000000
33:1-32:0   -1.735909e-02 -0.2689036322  0.234185450 1.0000000
34:1-32:0   -2.369164e-02 -0.2562634064  0.208880122 1.0000000
35:1-32:0    9.289205e-03 -0.2648251043  0.283403513 1.0000000
36:1-32:0   -4.370455e-02 -0.2875860267  0.200176936 1.0000000
37:1-32:0   -1.012121e-02 -0.2442964359  0.224054012 1.0000000
38:1-32:0   -7.210749e-02 -0.3003804382  0.156165465 1.0000000
39:1-32:0   -7.334275e-03 -0.2319421834  0.217273633 1.0000000
40:1-32:0    8.534585e-03 -0.2077250372  0.224794207 1.0000000
41:1-32:0    1.225447e-02 -0.1952244727  0.219733415 1.0000000
42:1-32:0    7.069139e-03 -0.2164340513  0.230572329 1.0000000
43:1-32:0    4.541169e-03 -0.2224470438  0.231529381 1.0000000
44:1-32:0    2.219545e-02 -0.2696562576  0.314047167 1.0000000
45:1-32:0    1.473295e-02 -0.2593813543  0.288847263 1.0000000
46:1-32:0   -7.227597e-02 -0.3575006740  0.212948726 1.0000000
47:1-32:0    5.440795e-02 -0.2197063543  0.328522263 1.0000000
48:1-32:0    6.066212e-02 -0.2186920316  0.340016274 1.0000000
49:1-32:0    7.677807e-03 -0.2617284893  0.277084104 1.0000000
50:1-32:0   -7.404601e-02 -0.2945306011  0.146438583 1.0000000
51:1-32:0   -1.945455e-02 -0.2935688543  0.254659763 1.0000000
52:1-32:0   -1.169255e-02 -0.2555740267  0.232188936 1.0000000
53:1-32:0   -4.871705e-02 -0.2949653190  0.197531228 1.0000000
54:1-32:0    8.571770e-03 -0.2149314198  0.232074960 1.0000000
55:1-32:0    1.531420e-02 -0.2157442106  0.246372620 1.0000000
56:1-32:0    8.579545e-02 -0.1346891377  0.306280047 1.0000000
57:1-32:0   -1.930177e-02 -0.2450699029  0.206466368 1.0000000
58:1-32:0    1.786420e-02 -0.1969328396  0.232661249 1.0000000
59:1-32:0   -2.669161e-03 -0.2084490113  0.203110690 1.0000000
60:1-32:0   -2.060206e-03 -0.1975175312  0.193397120 1.0000000
61:1-32:0    6.026798e-03 -0.1858885906  0.197942186 1.0000000
62:1-32:0    5.177979e-03 -0.1907679721  0.201123930 1.0000000
63:1-32:0   -5.390621e-03 -0.2065068149  0.195725572 1.0000000
64:1-32:0    1.719545e-02 -0.1976015896  0.231992499 1.0000000
65:1-32:0    9.118182e-03 -0.2087257811  0.226962145 1.0000000
66:1-32:0    2.046016e-02 -0.2078127912  0.248733112 1.0000000
67:1-32:0    1.944161e-02 -0.2030084445  0.241891661 1.0000000
68:1-32:0   -2.425576e-02 -0.2447403572  0.196228827 1.0000000
69:1-32:0    3.433745e-02 -0.1791051665  0.247780076 1.0000000
70:1-32:0    2.951909e-02 -0.1809381717  0.239976353 1.0000000
71:1-32:0    4.749307e-02 -0.1720730028  0.267059150 1.0000000
72:1-32:0    1.331545e-02 -0.2136727580  0.240303667 1.0000000
73:1-32:0    4.377323e-02 -0.1732624014  0.260808866 1.0000000
74:1-32:0    3.705127e-02 -0.1816354208  0.255737958 1.0000000
75:1-32:0   -2.438010e-02 -0.2414157348  0.192655533 1.0000000
76:1-32:0    2.065418e-02 -0.1859499875  0.227258357 1.0000000
77:1-32:0    2.603392e-02 -0.1861507949  0.238218627 1.0000000
78:1-32:0    3.798712e-02 -0.1652474465  0.241221689 1.0000000
79:1-32:0   -9.417879e-03 -0.2078388888  0.189003131 1.0000000
80:1-32:0    1.892742e-02 -0.1743144476  0.212169291 1.0000000
81:1-32:0   -5.793735e-03 -0.2004929631  0.188905494 1.0000000
82:1-32:0   -2.440455e-02 -0.2198618708  0.171052780 1.0000000
83:1-32:0    4.233663e-02 -0.1704656317  0.255138894 1.0000000
84:1-32:0    6.172440e-02 -0.1617787882  0.285227592 1.0000000
85:1-32:0   -4.833063e-02 -0.2645902546  0.167928990 1.0000000
86:1-32:0    2.113920e-02 -0.1936578396  0.235936249 1.0000000
87:1-32:0   -6.882977e-03 -0.2196852395  0.205919286 1.0000000
88:1-32:0   -1.451306e-02 -0.2300270701  0.201000958 1.0000000
89:1-32:0    2.543423e-02 -0.1886728525  0.239541313 1.0000000
90:1-32:0    2.922304e-02 -0.1796733306  0.238119412 1.0000000
91:1-32:0   -1.854427e-02 -0.2214527862  0.184364243 1.0000000
92:1-32:0    4.265290e-02 -0.1728611126  0.258166915 1.0000000
93:1-32:0    3.151638e-02 -0.1871703046  0.250203074 1.0000000
94:1-32:0    5.543545e-02 -0.1454067556  0.256277665 1.0000000
95:1-32:0    6.608896e-02 -0.1355953585  0.267773281 1.0000000
96:1-32:0    8.256420e-02 -0.1182780056  0.283406415 1.0000000
97:1-32:0    4.942403e-02 -0.1571801462  0.256028198 1.0000000
98:1-32:0    3.818890e-02 -0.1692900464  0.245667841 1.0000000
99:1-32:0    2.052165e-02 -0.1792865005  0.220329791 1.0000000
100:1-32:0  -5.377657e-02 -0.2369850956  0.129431960 1.0000000
34:0-33:0   -1.051484e-02 -0.2870755847  0.266045914 1.0000000
35:0-33:0   -4.547479e-02 -0.3104031079  0.219453528 1.0000000
36:0-33:0    1.128310e-01 -0.1750226022  0.400684507 1.0000000
37:0-33:0    5.997468e-02 -0.2252500246  0.345199375 1.0000000
38:0-33:0    3.726593e-02 -0.2392948155  0.313826684 1.0000000
39:0-33:0    4.526948e-03 -0.2514700547  0.260523951 1.0000000
40:0-33:0    3.024779e-02 -0.2137172048  0.274212778 1.0000000
41:0-33:0   -2.591137e-02 -0.2698763597  0.218053623 1.0000000
42:0-33:0   -6.760204e-03 -0.2595848785  0.246064470 1.0000000
43:0-33:0    1.133132e-02 -0.2485965545  0.271259192 1.0000000
44:0-33:0    8.455536e-02 -0.2207594435  0.389870158 1.0000000
45:0-33:0    1.160786e-02 -0.2791099825  0.302325697 1.0000000
46:0-33:0    6.624286e-02 -0.2791814084  0.411667123 1.0000000
47:0-33:0   -3.286623e-02 -0.3180909337  0.252358466 1.0000000
48:0-33:0   -3.445381e-02 -0.3444815759  0.275573957 1.0000000
49:0-33:0    1.652619e-02 -0.3116773585  0.344729739 1.0000000
50:0-33:0    5.178416e-02 -0.2028659856  0.306434309 1.0000000
51:0-33:0   -3.559774e-03 -0.2974109222  0.290291373 1.0000000
52:0-33:0   -1.794788e-02 -0.2927102627  0.256814496 1.0000000
53:0-33:0   -1.364560e-02 -0.2902063540  0.262915145 1.0000000
54:0-33:0    3.904503e-02 -0.2156051160  0.293695178 1.0000000
55:0-33:0    4.810248e-03 -0.2498398986  0.259460396 1.0000000
56:0-33:0    1.421161e-02 -0.2391976338  0.267620848 1.0000000
57:0-33:0   -1.791446e-02 -0.2761622646  0.240333345 1.0000000
58:0-33:0    3.564524e-02 -0.2218188082  0.293109284 1.0000000
59:0-33:0    4.263973e-02 -0.2035129296  0.288792394 1.0000000
60:0-33:0    4.089749e-02 -0.1960844582  0.277879432 1.0000000
61:0-33:0    3.145000e-03 -0.2307083332  0.236998333 1.0000000
62:0-33:0    8.353641e-03 -0.2294268009  0.246134084 1.0000000
63:0-33:0    6.899436e-03 -0.2357401635  0.249539036 1.0000000
64:0-33:0    1.982937e-02 -0.2266736921  0.266332422 1.0000000
65:0-33:0    3.892922e-02 -0.2170677819  0.294926223 1.0000000
66:0-33:0    4.143610e-02 -0.2203408765  0.303213077 1.0000000
67:0-33:0    2.617695e-02 -0.2298200547  0.282173951 1.0000000
68:0-33:0    3.391286e-02 -0.2299092835  0.297734998 1.0000000
69:0-33:0    4.025247e-02 -0.2109463029  0.291451248 1.0000000
70:0-33:0    1.254286e-02 -0.2482868751  0.273372589 1.0000000
71:0-33:0   -2.526429e-02 -0.2780889601  0.227560389 1.0000000
72:0-33:0    5.866071e-04 -0.2528226338  0.253995848 1.0000000
73:0-33:0    2.583968e-03 -0.2527255293  0.257893466 1.0000000
74:0-33:0    1.645982e-03 -0.2656861417  0.268978106 1.0000000
75:0-33:0    2.750498e-02 -0.2385915331  0.293601490 1.0000000
76:0-33:0    1.254720e-02 -0.2421029421  0.267197352 1.0000000
77:0-33:0    3.593424e-02 -0.2124931517  0.284361625 1.0000000
78:0-33:0    1.923079e-02 -0.2291966000  0.267658176 1.0000000
79:0-33:0    1.161952e-02 -0.2280664592  0.251305507 1.0000000
80:0-33:0    2.954486e-02 -0.2085223887  0.267612103 1.0000000
81:0-33:0    1.496209e-02 -0.2209715906  0.250895766 1.0000000
82:0-33:0    1.584425e-02 -0.2278415408  0.259530033 1.0000000
83:0-33:0    3.471667e-02 -0.2117863905  0.281219724 1.0000000
84:0-33:0   -2.516288e-02 -0.2723995794  0.222073818 1.0000000
85:0-33:0    4.019931e-02 -0.2284418994  0.308840517 1.0000000
86:0-33:0   -3.959226e-03 -0.2573684671  0.249450015 1.0000000
87:0-33:0   -3.400000e-03 -0.2608640463  0.254064046 1.0000000
88:0-33:0    5.286209e-02 -0.2070657853  0.312789961 1.0000000
89:0-33:0    5.060749e-02 -0.2076403134  0.308855296 1.0000000
90:0-33:0    1.367112e-02 -0.2409790290  0.268321265 1.0000000
91:0-33:0   -2.069394e-02 -0.2713895219  0.230001651 1.0000000
92:0-33:0    8.748531e-02 -0.1632102767  0.338180897 1.0000000
93:0-33:0    5.559656e-02 -0.1946135172  0.305806639 1.0000000
94:0-33:0    6.441927e-02 -0.1862763144  0.315114859 1.0000000
95:0-33:0    7.278588e-02 -0.1839286328  0.329500394 1.0000000
96:0-33:0    7.736574e-02 -0.1706519446  0.325383422 1.0000000
97:0-33:0    4.530740e-02 -0.2044339288  0.295048734 1.0000000
98:0-33:0    2.432551e-02 -0.2284991642  0.277150185 1.0000000
99:0-33:0    6.619747e-02 -0.1796150985  0.312010044 1.0000000
100:0-33:0  -3.339339e-02 -0.2611890637  0.194402278 1.0000000
1:1-33:0    -4.541658e-02 -0.2742009655  0.183367812 1.0000000
2:1-33:0    -2.460536e-02 -0.2738938480  0.224683134 1.0000000
3:1-33:0     1.970907e-02 -0.2420679035  0.281486050 1.0000000
4:1-33:0     1.021718e-02 -0.2515597954  0.271994158 1.0000000
5:1-33:0     1.080179e-01 -0.1725470827  0.388582797 1.0000000
6:1-33:0     7.330357e-03 -0.2732345827  0.287895297 1.0000000
7:1-33:0     2.867747e-02 -0.2478832771  0.305238222 1.0000000
8:1-33:0    -1.680714e-02 -0.3141010157  0.280486730 1.0000000
9:1-33:0     1.437786e-02 -0.2763399825  0.305095697 1.0000000
10:1-33:0    2.198571e-02 -0.2933420559  0.337313485 1.0000000
11:1-33:0   -1.071099e-02 -0.2872717386  0.265849761 1.0000000
12:1-33:0   -2.801880e-03 -0.2966530275  0.291049268 1.0000000
13:1-33:0   -6.051767e-02 -0.3543688170  0.233333479 1.0000000
14:1-33:0    3.248233e-02 -0.2613688170  0.326333479 1.0000000
15:1-33:0    4.391429e-02 -0.2714134845  0.359242056 1.0000000
16:1-33:0   -6.147857e-02 -0.3768063416  0.253849199 1.0000000
17:1-33:0   -2.497857e-02 -0.3128321260  0.262874983 1.0000000
18:1-33:0    3.728348e-02 -0.2300486417  0.304615606 1.0000000
19:1-33:0   -1.207479e-02 -0.2770031079  0.252853528 1.0000000
20:1-33:0   -1.096366e-02 -0.2656138116  0.243686482 1.0000000
21:1-33:0    4.097286e-02 -0.2112893590  0.293235073 1.0000000
22:1-33:0   -2.242714e-02 -0.2746893590  0.229835073 1.0000000
23:1-33:0    9.327640e-03 -0.2734754604  0.292130740 1.0000000
24:1-33:0    3.017619e-02 -0.2398543793  0.300206760 1.0000000
25:1-33:0   -5.936008e-02 -0.3604551288  0.241734961 1.0000000
26:1-33:0    8.123626e-03 -0.3132109268  0.329458180 1.0000000
27:1-33:0    1.474619e-02 -0.2952815759  0.324773957 1.0000000
28:1-33:0    1.005621e-01 -0.2207724653  0.421896641 1.0000000
29:1-33:0    7.840865e-02 -0.2154425012  0.372259794 1.0000000
30:1-33:0    2.230119e-02 -0.3059023585  0.350504739 1.0000000
31:1-33:0   -3.164603e-02 -0.3289399046  0.265647841 1.0000000
32:1-33:0    3.770026e-02 -0.2370621146  0.312462644 1.0000000
33:1-33:0   -2.561688e-03 -0.2877863883  0.282663012 1.0000000
34:1-33:0   -8.894240e-03 -0.2775354478  0.259746969 1.0000000
35:1-33:0    2.408661e-02 -0.2812281935  0.329401408 1.0000000
36:1-33:0   -2.890714e-02 -0.3073970890  0.249582803 1.0000000
37:1-33:0    4.676190e-03 -0.2653543793  0.274706760 1.0000000
38:1-33:0   -5.731008e-02 -0.3222384020  0.207618234 1.0000000
39:1-33:0    7.463127e-03 -0.2543138495  0.269240104 1.0000000
40:1-33:0    2.333199e-02 -0.2313181595  0.277982135 1.0000000
41:1-33:0    2.705187e-02 -0.2201848253  0.274288572 1.0000000
42:1-33:0    2.186654e-02 -0.2389631908  0.282696274 1.0000000
43:1-33:0    1.933857e-02 -0.2444835692  0.283160712 1.0000000
44:1-33:0    3.699286e-02 -0.2843416961  0.358327410 1.0000000
45:1-33:0    2.953036e-02 -0.2757844435  0.334845158 1.0000000
46:1-33:0   -5.747857e-02 -0.3728063416  0.257849199 1.0000000
47:1-33:0    6.920536e-02 -0.2361094435  0.374520158 1.0000000
48:1-33:0    7.545952e-02 -0.2345682426  0.385487290 1.0000000
49:1-33:0    2.247521e-02 -0.2786198347  0.323570255 1.0000000
50:1-33:0   -5.924861e-02 -0.3174964109  0.198999198 1.0000000
51:1-33:0   -4.657143e-03 -0.3099719435  0.300657658 1.0000000
52:1-33:0    3.104857e-03 -0.2753850890  0.281594803 1.0000000
53:1-33:0   -3.391964e-02 -0.3144845827  0.246645297 1.0000000
54:1-33:0    2.336917e-02 -0.2374605593  0.284198905 1.0000000
55:1-33:0    3.011161e-02 -0.2372205167  0.297443731 1.0000000
56:1-33:0    1.005929e-01 -0.1576549475  0.358840662 1.0000000
57:1-33:0   -4.504365e-03 -0.2672775069  0.258268777 1.0000000
58:1-33:0    3.266161e-02 -0.2207476338  0.286070848 1.0000000
59:1-33:0    1.212824e-02 -0.2336843293  0.257940813 1.0000000
60:1-33:0    1.273720e-02 -0.2245011628  0.249975556 1.0000000
61:1-33:0    2.082420e-02 -0.2135046060  0.255153007 1.0000000
62:1-33:0    1.997538e-02 -0.2176657112  0.257616474 1.0000000
63:1-33:0    9.406781e-03 -0.2325150998  0.251328662 1.0000000
64:1-33:0    3.199286e-02 -0.2214163838  0.285402098 1.0000000
65:1-33:0    2.391558e-02 -0.2320814183  0.279912587 1.0000000
66:1-33:0    3.525756e-02 -0.2296707549  0.300185881 1.0000000
67:1-33:0    3.423901e-02 -0.2256888622  0.294166884 1.0000000
68:1-33:0   -9.458362e-03 -0.2677061670  0.248789442 1.0000000
69:1-33:0    4.913486e-02 -0.2031273590  0.301397073 1.0000000
70:1-33:0    4.431649e-02 -0.2054248378  0.294057825 1.0000000
71:1-33:0    6.229048e-02 -0.1951735701  0.319754522 1.0000000
72:1-33:0    2.811286e-02 -0.2357092835  0.291934998 1.0000000
73:1-33:0    5.857063e-02 -0.1967388626  0.313880132 1.0000000
74:1-33:0    5.184867e-02 -0.2048658421  0.308563184 1.0000000
75:1-33:0   -9.582698e-03 -0.2648921959  0.245726799 1.0000000
76:1-33:0    3.545159e-02 -0.2110514699  0.281954644 1.0000000
77:1-33:0    4.083132e-02 -0.2103674567  0.292030094 1.0000000
78:1-33:0    5.278452e-02 -0.1909012630  0.296470311 1.0000000
79:1-33:0    5.379524e-03 -0.2343064592  0.245065507 1.0000000
80:1-33:0    3.372482e-02 -0.2016916009  0.269141250 1.0000000
81:1-33:0    9.003668e-03 -0.2276104964  0.245617832 1.0000000
82:1-33:0   -9.607143e-03 -0.2468455024  0.227631217 1.0000000
83:1-33:0    5.713403e-02 -0.1945865977  0.308854665 1.0000000
84:1-33:0    7.652180e-02 -0.1843079277  0.337351537 1.0000000
85:1-33:0   -3.353323e-02 -0.2881833769  0.221116917 1.0000000
86:1-33:0    3.593661e-02 -0.2174726338  0.289345848 1.0000000
87:1-33:0    7.914426e-03 -0.2438062055  0.259635057 1.0000000
88:1-33:0    2.843465e-04 -0.2537329038  0.254301597 1.0000000
89:1-33:0    4.023163e-02 -0.2125930418  0.293056307 1.0000000
90:1-33:0    4.402044e-02 -0.2044069448  0.292447831 1.0000000
91:1-33:0   -3.746869e-03 -0.2471607933  0.239667055 1.0000000
92:1-33:0    5.745030e-02 -0.1965669463  0.311467554 1.0000000
93:1-33:0    4.631379e-02 -0.2104007259  0.303028301 1.0000000
94:1-33:0    7.023286e-02 -0.1714613020  0.311927016 1.0000000
95:1-33:0    8.088636e-02 -0.1615080215  0.323280749 1.0000000
96:1-33:0    9.736161e-02 -0.1443325520  0.339055766 1.0000000
97:1-33:0    6.422143e-02 -0.1822816286  0.310724486 1.0000000
98:1-33:0    5.298630e-02 -0.1942503991  0.300222999 1.0000000
99:1-33:0    3.531905e-02 -0.2055165150  0.276154610 1.0000000
100:1-33:0  -3.897917e-02 -0.2662319713  0.188273641 1.0000000
35:0-34:0   -3.495995e-02 -0.2523104992  0.182390590 1.0000000
36:0-34:0    1.233458e-01 -0.1214274022  0.368118977 1.0000000
37:0-34:0    7.048951e-02 -0.1711866675  0.312165688 1.0000000
38:0-34:0    4.778077e-02 -0.1836065549  0.279168093 1.0000000
39:0-34:0    1.504178e-02 -0.1913285415  0.221412108 1.0000000
40:0-34:0    4.076262e-02 -0.1504784894  0.232003733 1.0000000
41:0-34:0   -1.539653e-02 -0.2066376443  0.175844578 1.0000000
42:0-34:0    3.754631e-03 -0.1986671107  0.206176373 1.0000000
43:0-34:0    2.184615e-02 -0.1893806077  0.233072915 1.0000000
44:0-34:0    9.507019e-02 -0.1700172896  0.360157674 1.0000000
45:0-34:0    2.212269e-02 -0.2260125688  0.270257953 1.0000000
46:0-34:0    7.675769e-02 -0.2336809792  0.387196364 1.0000000
47:0-34:0   -2.235140e-02 -0.2640275766  0.219324779 1.0000000
48:0-34:0   -2.393897e-02 -0.2944412136  0.246563265 1.0000000
49:0-34:0    2.704103e-02 -0.2641149722  0.318197024 1.0000000
50:0-34:0    6.229900e-02 -0.1423982015  0.266996195 1.0000000
51:0-34:0    6.955061e-03 -0.2448439516  0.258754073 1.0000000
52:0-34:0   -7.433048e-03 -0.2366678855  0.221801789 1.0000000
53:0-34:0   -3.130769e-03 -0.2345180933  0.228256555 1.0000000
54:0-34:0    4.955987e-02 -0.1551373319  0.254257064 1.0000000
55:0-34:0    1.532508e-02 -0.1893721145  0.220022282 1.0000000
56:0-34:0    2.472644e-02 -0.1784249518  0.227877836 1.0000000
57:0-34:0   -7.399625e-03 -0.2165554857  0.201756236 1.0000000
58:0-34:0    4.616007e-02 -0.1620272958  0.254347442 1.0000000
59:0-34:0    5.315457e-02 -0.1408696024  0.247178737 1.0000000
60:0-34:0    5.141232e-02 -0.1308366500  0.233661294 1.0000000
61:0-34:0    1.365984e-02 -0.1645019649  0.191821635 1.0000000
62:0-34:0    1.886848e-02 -0.1644175957  0.202154549 1.0000000
63:0-34:0    1.741427e-02 -0.1721331392  0.206961682 1.0000000
64:0-34:0    3.034420e-02 -0.1641243132  0.224812714 1.0000000
65:0-34:0    4.944406e-02 -0.1569262688  0.255814381 1.0000000
66:0-34:0    5.195094e-02 -0.1615471468  0.265449018 1.0000000
67:0-34:0    3.669178e-02 -0.1696785415  0.243062108 1.0000000
68:0-34:0    4.442769e-02 -0.1715731582  0.260428543 1.0000000
69:0-34:0    5.076731e-02 -0.1496199931  0.251154608 1.0000000
70:0-34:0    2.305769e-02 -0.1892778787  0.235393263 1.0000000
71:0-34:0   -1.474945e-02 -0.2171711923  0.187672291 1.0000000
72:0-34:0    1.110144e-02 -0.1920499518  0.214252836 1.0000000
73:0-34:0    1.309880e-02 -0.1924180695  0.218615676 1.0000000
74:0-34:0    1.216082e-02 -0.2081133527  0.232434987 1.0000000
75:0-34:0    3.801981e-02 -0.1807531257  0.256792753 1.0000000
76:0-34:0    2.306204e-02 -0.1816351580  0.227759238 1.0000000
77:0-34:0    4.644907e-02 -0.1504529667  0.243351110 1.0000000
78:0-34:0    2.974562e-02 -0.1671564150  0.226647662 1.0000000
79:0-34:0    2.213436e-02 -0.1636171308  0.207885849 1.0000000
80:0-34:0    4.005969e-02 -0.1435983025  0.223717687 1.0000000
81:0-34:0    2.547692e-02 -0.1554068688  0.206360715 1.0000000
82:0-34:0    2.635908e-02 -0.1645257224  0.217243885 1.0000000
83:0-34:0    4.523150e-02 -0.1492370116  0.239700015 1.0000000
84:0-34:0   -1.464805e-02 -0.2100456677  0.180749577 1.0000000
85:0-34:0    5.071414e-02 -0.1711469483  0.272575236 1.0000000
86:0-34:0    6.555609e-03 -0.1965957851  0.209707003 1.0000000
87:0-34:0    7.114835e-03 -0.2010725339  0.215302204 1.0000000
88:0-34:0    6.337692e-02 -0.1478498385  0.274603685 1.0000000
89:0-34:0    6.112233e-02 -0.1480335345  0.270278187 1.0000000
90:0-34:0    2.418595e-02 -0.1805112450  0.228883151 1.0000000
91:0-34:0   -1.017910e-02 -0.2099352582  0.189577058 1.0000000
92:0-34:0    9.800015e-02 -0.1017560130  0.297756303 1.0000000
93:0-34:0    6.611140e-02 -0.1330351046  0.265257897 1.0000000
94:0-34:0    7.493411e-02 -0.1248220507  0.274690265 1.0000000
95:0-34:0    8.330072e-02 -0.1239589931  0.290560424 1.0000000
96:0-34:0    8.788057e-02 -0.1085042951  0.284265442 1.0000000
97:0-34:0    5.582224e-02 -0.1427350037  0.254379479 1.0000000
98:0-34:0    3.484035e-02 -0.1675813964  0.237262087 1.0000000
99:0-34:0    7.671231e-02 -0.1168802170  0.270304832 1.0000000
100:0-34:0  -2.287856e-02 -0.1930111918  0.147254076 1.0000000
1:1-34:0    -3.490174e-02 -0.2063559397  0.136552456 1.0000000
2:1-34:0    -1.409052e-02 -0.2120778883  0.183896844 1.0000000
3:1-34:0     3.022391e-02 -0.1832741738  0.243721991 1.0000000
4:1-34:0     2.073202e-02 -0.1927660657  0.234230099 1.0000000
5:1-34:0     1.185327e-01 -0.1176260064  0.354691391 1.0000000
6:1-34:0     1.784519e-02 -0.2183135064  0.254003891 1.0000000
7:1-34:0     3.919231e-02 -0.1921950164  0.270579632 1.0000000
8:1-34:0    -6.292308e-03 -0.2621006194  0.249516004 1.0000000
9:1-34:0     2.489269e-02 -0.2232425688  0.273027953 1.0000000
10:1-34:0    3.250055e-02 -0.2440602001  0.309061299 1.0000000
11:1-34:0   -1.961538e-04 -0.2315834779  0.231191170 1.0000000
12:1-34:0    7.712955e-03 -0.2440860568  0.259511968 1.0000000
13:1-34:0   -5.000283e-02 -0.3018018463  0.201796178 1.0000000
14:1-34:0    4.299717e-02 -0.2088018463  0.294796178 1.0000000
15:1-34:0    5.442912e-02 -0.2221316287  0.330989870 1.0000000
16:1-34:0   -5.096374e-02 -0.3275244858  0.225597013 1.0000000
17:1-34:0   -1.446374e-02 -0.2592369260  0.230309454 1.0000000
18:1-34:0    4.779832e-02 -0.1724758527  0.268072487 1.0000000
19:1-34:0   -1.559955e-03 -0.2189104992  0.215790590 1.0000000
20:1-34:0   -4.488294e-04 -0.2051460276  0.204248369 1.0000000
21:1-34:0    5.148769e-02 -0.1502311002  0.253206485 1.0000000
22:1-34:0   -1.191231e-02 -0.2136311002  0.189806485 1.0000000
23:1-34:0    1.984247e-02 -0.2189709229  0.258655873 1.0000000
24:1-34:0    4.069103e-02 -0.1828503669  0.264232418 1.0000000
25:1-34:0   -4.884525e-02 -0.3090614503  0.211370953 1.0000000
26:1-34:0    1.863846e-02 -0.2647519769  0.302028900 1.0000000
27:1-34:0    2.526103e-02 -0.2452412136  0.295763265 1.0000000
28:1-34:0    1.110769e-01 -0.1723135154  0.394467362 1.0000000
29:1-34:0    8.892348e-02 -0.1628755305  0.340722494 1.0000000
30:1-34:0    3.281603e-02 -0.2583399722  0.323972024 1.0000000
31:1-34:0   -2.113120e-02 -0.2769395083  0.234677115 1.0000000
32:1-34:0    4.821510e-02 -0.1810197374  0.277449937 1.0000000
33:1-34:0    7.953147e-03 -0.2337230311  0.249629325 1.0000000
34:1-34:0    1.620596e-03 -0.2202404967  0.223481688 1.0000000
35:1-34:0    3.460144e-02 -0.2304860396  0.299688924 1.0000000
36:1-34:0   -1.839231e-02 -0.2520820499  0.215297435 1.0000000
37:1-34:0    1.519103e-02 -0.2083503669  0.238732418 1.0000000
38:1-34:0   -4.679525e-02 -0.2641457934  0.170555296 1.0000000
39:1-34:0    1.797796e-02 -0.1955201198  0.231476045 1.0000000
40:1-34:0    3.384682e-02 -0.1708503754  0.238544021 1.0000000
41:1-34:0    3.756671e-02 -0.1578309136  0.232964331 1.0000000
42:1-34:0    3.238138e-02 -0.1799541945  0.244716948 1.0000000
43:1-34:0    2.985341e-02 -0.1861474439  0.245854257 1.0000000
44:1-34:0    4.750769e-02 -0.2358827462  0.330898131 1.0000000
45:1-34:0    4.004519e-02 -0.2250422896  0.305132674 1.0000000
46:1-34:0   -4.696374e-02 -0.3235244858  0.229597013 1.0000000
47:1-34:0    7.972019e-02 -0.1853672896  0.344807674 1.0000000
48:1-34:0    8.597436e-02 -0.1845278803  0.356476598 1.0000000
49:1-34:0    3.299005e-02 -0.2272261562  0.293206247 1.0000000
50:1-34:0   -4.873377e-02 -0.2578896320  0.160422090 1.0000000
51:1-34:0    5.857692e-03 -0.2592297896  0.270945174 1.0000000
52:1-34:0    1.361969e-02 -0.2200700499  0.247309435 1.0000000
53:1-34:0   -2.340481e-02 -0.2595635064  0.212753891 1.0000000
54:1-34:0    3.388401e-02 -0.1784515630  0.246219579 1.0000000
55:1-34:0    4.062644e-02 -0.1796477277  0.260900612 1.0000000
56:1-34:0    1.111077e-01 -0.0980481686  0.320263553 0.9999998
57:1-34:0    6.010470e-03 -0.2087078794  0.220728820 1.0000000
58:1-34:0    4.317644e-02 -0.1599749518  0.246327836 1.0000000
59:1-34:0    2.264308e-02 -0.1709494478  0.216235602 1.0000000
60:1-34:0    2.325203e-02 -0.1593302366  0.205834300 1.0000000
61:1-34:0    3.133904e-02 -0.1474464086  0.210124480 1.0000000
62:1-34:0    3.049022e-02 -0.1526150385  0.213595472 1.0000000
63:1-34:0    1.992162e-02 -0.1687061707  0.208549403 1.0000000
64:1-34:0    4.250769e-02 -0.1606437018  0.245659086 1.0000000
65:1-34:0    3.443042e-02 -0.1719399052  0.240800744 1.0000000
66:1-34:0    4.577240e-02 -0.1715781463  0.263122943 1.0000000
67:1-34:0    4.475385e-02 -0.1664729154  0.255980608 1.0000000
68:1-34:0    1.056473e-03 -0.2080993881  0.210212334 1.0000000
69:1-34:0    5.964969e-02 -0.1420691002  0.261368485 1.0000000
70:1-34:0    5.483133e-02 -0.1437259128  0.253388570 1.0000000
71:1-34:0    7.280531e-02 -0.1353820577  0.280992680 1.0000000
72:1-34:0    3.862769e-02 -0.1773731582  0.254628543 1.0000000
73:1-34:0    6.908547e-02 -0.1364314029  0.274602343 1.0000000
74:1-34:0    6.236351e-02 -0.1448962024  0.269623215 1.0000000
75:1-34:0    9.321368e-04 -0.2045847362  0.206449010 1.0000000
76:1-34:0    4.596642e-02 -0.1485020910  0.240434936 1.0000000
77:1-34:0    5.134615e-02 -0.1490411469  0.251733455 1.0000000
78:1-34:0    6.329936e-02 -0.1275854446  0.254184163 1.0000000
79:1-34:0    1.589436e-02 -0.1698571308  0.201645849 1.0000000
80:1-34:0    4.423966e-02 -0.1359689386  0.224448258 1.0000000
81:1-34:0    1.951850e-02 -0.1622519794  0.201288986 1.0000000
82:1-34:0    9.076923e-04 -0.1816745762  0.183489961 1.0000000
83:1-34:0    6.764887e-02 -0.1333922259  0.268689963 1.0000000
84:1-34:0    8.703664e-02 -0.1252989314  0.299372211 1.0000000
85:1-34:0   -2.301839e-02 -0.2277155928  0.181678804 1.0000000
86:1-34:0    4.645144e-02 -0.1566999518  0.249602836 1.0000000
87:1-34:0    1.842926e-02 -0.1826118337  0.219470356 1.0000000
88:1-34:0    1.079918e-02 -0.1931101339  0.214708497 1.0000000
89:1-34:0    5.074647e-02 -0.1516752740  0.253168210 1.0000000
90:1-34:0    5.453528e-02 -0.1423667599  0.251437317 1.0000000
91:1-34:0    6.767966e-03 -0.1837696524  0.197305585 1.0000000
92:1-34:0    6.796514e-02 -0.1359441764  0.271874455 1.0000000
93:1-34:0    5.682862e-02 -0.1504310861  0.264088331 1.0000000
94:1-34:0    8.074769e-02 -0.1075879445  0.269083329 1.0000000
95:1-34:0    9.140120e-02 -0.0978322112  0.280634609 1.0000000
96:1-34:0    1.078764e-01 -0.0804591945  0.296212079 0.9999869
97:1-34:0    7.473626e-02 -0.1197322497  0.269204777 1.0000000
98:1-34:0    6.350113e-02 -0.1318964873  0.258898757 1.0000000
99:1-34:0    4.583388e-02 -0.1413986298  0.233066395 1.0000000
100:1-34:0  -2.846433e-02 -0.1978694168  0.140940757 1.0000000
36:0-35:0    1.583057e-01 -0.0732435610  0.389855046 0.9837824
37:0-35:0    1.054495e-01 -0.1228234864  0.333722417 1.0000000
38:0-35:0    8.274072e-02 -0.1346098205  0.300091268 1.0000000
39:0-35:0    5.000174e-02 -0.1404972814  0.240500757 1.0000000
40:0-35:0    7.572258e-02 -0.0982726189  0.249717772 1.0000000
41:0-35:0    1.956342e-02 -0.1544317738  0.193558617 1.0000000
42:0-35:0    3.871459e-02 -0.1474996107  0.224928782 1.0000000
43:0-35:0    5.680611e-02 -0.1389435025  0.252555720 1.0000000
44:0-35:0    1.300301e-01 -0.1228977843  0.382958078 1.0000000
45:0-35:0    5.708265e-02 -0.1780179128  0.292183207 1.0000000
46:0-35:0    1.117176e-01 -0.1884045517  0.411839846 1.0000000
47:0-35:0    1.260856e-02 -0.2156643955  0.240881508 1.0000000
48:0-35:0    1.102098e-02 -0.2475764421  0.269618403 1.0000000
49:0-35:0    6.200098e-02 -0.2181293117  0.342131272 1.0000000
50:0-35:0    9.725895e-02 -0.0914262583  0.285944161 1.0000000
51:0-35:0    4.191502e-02 -0.1970492246  0.280879256 1.0000000
52:0-35:0    2.752691e-02 -0.1875307045  0.242584517 1.0000000
53:0-35:0    3.182919e-02 -0.1855213590  0.249179730 1.0000000
54:0-35:0    8.451982e-02 -0.1041653888  0.273205031 1.0000000
55:0-35:0    5.028504e-02 -0.1384001714  0.238970248 1.0000000
56:0-35:0    5.968640e-02 -0.1273207001  0.246693494 1.0000000
57:0-35:0    2.756033e-02 -0.1659528210  0.221073481 1.0000000
58:0-35:0    8.112003e-02 -0.1113459329  0.273585989 1.0000000
59:0-35:0    8.811452e-02 -0.0889350299  0.265164074 1.0000000
60:0-35:0    8.637228e-02 -0.0776882403  0.250432794 0.9999999
61:0-35:0    4.861979e-02 -0.1108881799  0.208127760 1.0000000
62:0-35:0    5.382843e-02 -0.1113834016  0.219040264 1.0000000
63:0-35:0    5.237423e-02 -0.1197576602  0.224506112 1.0000000
64:0-35:0    6.530415e-02 -0.1122322305  0.242840540 1.0000000
65:0-35:0    8.440401e-02 -0.1060950087  0.274903030 1.0000000
66:0-35:0    8.691089e-02 -0.1112874866  0.285109267 1.0000000
67:0-35:0    7.165174e-02 -0.1188472814  0.262150757 1.0000000
68:0-35:0    7.938765e-02 -0.1215041966  0.280279491 1.0000000
69:0-35:0    8.572726e-02 -0.0982733782  0.269727903 1.0000000
70:0-35:0    5.801765e-02 -0.1389279296  0.254963224 1.0000000
71:0-35:0    2.021050e-02 -0.1660036923  0.206424701 1.0000000
72:0-35:0    4.606140e-02 -0.1409457001  0.233068494 1.0000000
73:0-35:0    4.805876e-02 -0.1415153712  0.237632887 1.0000000
74:0-35:0    4.712077e-02 -0.1583588508  0.252600395 1.0000000
75:0-35:0    7.297977e-02 -0.1308897106  0.276849247 1.0000000
76:0-35:0    5.802199e-02 -0.1306632149  0.246707205 1.0000000
77:0-35:0    8.140903e-02 -0.0987896921  0.261607745 1.0000000
78:0-35:0    6.470558e-02 -0.1154931404  0.244904297 1.0000000
79:0-35:0    5.709431e-02 -0.1108484784  0.225037106 1.0000000
80:0-35:0    7.501965e-02 -0.0906047005  0.240643995 1.0000000
81:0-35:0    6.043688e-02 -0.1021057677  0.222979523 1.0000000
82:0-35:0    6.131904e-02 -0.1122844597  0.234922532 1.0000000
83:0-35:0    8.019146e-02 -0.0973449289  0.257727842 1.0000000
84:0-35:0    2.031191e-02 -0.1582417135  0.198865532 1.0000000
85:0-35:0    8.567410e-02 -0.1215057983  0.292853996 1.0000000
86:0-35:0    4.151556e-02 -0.1454915334  0.228522661 1.0000000
87:0-35:0    4.207479e-02 -0.1503911710  0.234540751 1.0000000
88:0-35:0    9.833688e-02 -0.0974127332  0.294086489 1.0000000
89:0-35:0    9.608228e-02 -0.0974308698  0.289595432 1.0000000
90:0-35:0    5.914591e-02 -0.1295393018  0.247831118 1.0000000
91:0-35:0    2.478085e-02 -0.1585322331  0.208093942 1.0000000
92:0-35:0    1.329601e-01 -0.0503529879  0.316273188 0.9316706
93:0-35:0    1.010714e-01 -0.0815772029  0.283719904 0.9999981
94:0-35:0    1.098941e-01 -0.0734190256  0.293207150 0.9998731
95:0-35:0    1.182607e-01 -0.0732014729  0.309722814 0.9995255
96:0-35:0    1.228405e-01 -0.0567929376  0.302473994 0.9836764
97:0-35:0    9.078219e-02 -0.0912236963  0.272788081 1.0000000
98:0-35:0    6.980030e-02 -0.1164138964  0.256014497 1.0000000
99:0-35:0    1.116723e-01 -0.0649041546  0.288248680 0.9987735
100:0-35:0   1.208140e-02 -0.1384054084  0.162568203 1.0000000
1:1-35:0     5.821310e-05 -0.1519210864  0.152037513 1.0000000
2:1-35:0     2.086943e-02 -0.1605145871  0.202253453 1.0000000
3:1-35:0     6.518386e-02 -0.1330145136  0.263382240 1.0000000
4:1-35:0     5.569197e-02 -0.1425064055  0.253890348 1.0000000
5:1-35:0     1.534926e-01 -0.0689305901  0.375915884 0.9790628
6:1-35:0     5.280515e-02 -0.1696180901  0.275228384 1.0000000
7:1-35:0     7.415226e-02 -0.1431982820  0.291502807 1.0000000
8:1-35:0     2.866765e-02 -0.2145175865  0.271852881 1.0000000
9:1-35:0     5.985265e-02 -0.1752479128  0.294953207 1.0000000
10:1-35:0    6.746050e-02 -0.1974678137  0.332388822 1.0000000
11:1-35:0    3.476380e-02 -0.1825867436  0.252114345 1.0000000
12:1-35:0    4.267291e-02 -0.1962913299  0.281637150 1.0000000
13:1-35:0   -1.504288e-02 -0.2540071193  0.223921361 1.0000000
14:1-35:0    7.795712e-02 -0.1610071193  0.316921361 1.0000000
15:1-35:0    8.938908e-02 -0.1755392423  0.354317394 1.0000000
16:1-35:0   -1.600378e-02 -0.2809320995  0.248924536 1.0000000
17:1-35:0    2.049622e-02 -0.2110530848  0.252045522 1.0000000
18:1-35:0    8.275827e-02 -0.1227213508  0.288237895 1.0000000
19:1-35:0    3.340000e-02 -0.1689423451  0.235742345 1.0000000
20:1-35:0    3.451113e-02 -0.1541740844  0.223196335 1.0000000
21:1-35:0    8.644765e-02 -0.0990021755  0.271897470 1.0000000
22:1-35:0    2.304765e-02 -0.1624021755  0.208497470 1.0000000
23:1-35:0    5.480243e-02 -0.1704374523  0.280042312 1.0000000
24:1-35:0    7.565098e-02 -0.1333272950  0.284629256 1.0000000
25:1-35:0   -1.388529e-02 -0.2617030436  0.233932455 1.0000000
26:1-35:0    5.359842e-02 -0.2184517740  0.325648607 1.0000000
27:1-35:0    6.022098e-02 -0.1983764421  0.318818403 1.0000000
28:1-35:0    1.460369e-01 -0.1260133125  0.418087068 0.9999997
29:1-35:0    1.238834e-01 -0.1150808035  0.362847677 1.0000000
30:1-35:0    6.777598e-02 -0.2123543117  0.347906272 1.0000000
31:1-35:0    1.382876e-02 -0.2293564753  0.257013992 1.0000000
32:1-35:0    8.317505e-02 -0.1318825564  0.298232665 1.0000000
33:1-35:0    4.291310e-02 -0.1853598500  0.271186053 1.0000000
34:1-35:0    3.658055e-02 -0.1705993466  0.243760447 1.0000000
35:1-35:0    6.956140e-02 -0.1833665343  0.322489328 1.0000000
36:1-35:0    1.656765e-02 -0.2032324009  0.236367695 1.0000000
37:1-35:0    5.015098e-02 -0.1588272950  0.259129256 1.0000000
38:1-35:0   -1.183529e-02 -0.2141776392  0.190507051 1.0000000
39:1-35:0    5.293792e-02 -0.1452604596  0.251136294 1.0000000
40:1-35:0    6.880678e-02 -0.1198784322  0.257491987 1.0000000
41:1-35:0    7.252666e-02 -0.1060269594  0.251080286 1.0000000
42:1-35:0    6.734133e-02 -0.1296042454  0.264286908 1.0000000
43:1-35:0    6.481336e-02 -0.1360784823  0.265705205 1.0000000
44:1-35:0    8.246765e-02 -0.1895825433  0.354517837 1.0000000
45:1-35:0    7.500515e-02 -0.1779227843  0.327933078 1.0000000
46:1-35:0   -1.200378e-02 -0.2769320995  0.252924536 1.0000000
47:1-35:0    1.146801e-01 -0.1382477843  0.367608078 1.0000000
48:1-35:0    1.209343e-01 -0.1376631087  0.379531736 1.0000000
49:1-35:0    6.795000e-02 -0.1798677495  0.315767749 1.0000000
50:1-35:0   -1.377382e-02 -0.2072869673  0.179739335 1.0000000
51:1-35:0    4.081765e-02 -0.2121102843  0.293745578 1.0000000
52:1-35:0    4.857965e-02 -0.1712204009  0.268379695 1.0000000
53:1-35:0    1.155515e-02 -0.2108680901  0.233978384 1.0000000
54:1-35:0    6.884396e-02 -0.1281016138  0.265789540 1.0000000
55:1-35:0    7.558640e-02 -0.1298932258  0.281066020 1.0000000
56:1-35:0    1.460676e-01 -0.0474455039  0.339580798 0.8560558
57:1-35:0    4.097042e-02 -0.1585418180  0.240482668 1.0000000
58:1-35:0    7.813640e-02 -0.1088707001  0.265143494 1.0000000
59:1-35:0    5.760303e-02 -0.1189733854  0.234179449 1.0000000
60:1-35:0    5.821199e-02 -0.1062186985  0.222642672 1.0000000
61:1-35:0    6.629899e-02 -0.0939052559  0.226503237 1.0000000
62:1-35:0    6.545017e-02 -0.0995610400  0.230461383 1.0000000
63:1-35:0    5.488157e-02 -0.1162371230  0.226000265 1.0000000
64:1-35:0    7.746765e-02 -0.1095394501  0.264474744 1.0000000
65:1-35:0    6.939037e-02 -0.1211086450  0.259889394 1.0000000
66:1-35:0    8.073235e-02 -0.1216099922  0.283074698 1.0000000
67:1-35:0    7.971380e-02 -0.1160358102  0.275463412 1.0000000
68:1-35:0    3.601643e-02 -0.1574967234  0.229529579 1.0000000
69:1-35:0    9.460965e-02 -0.0908401755  0.280059470 1.0000000
70:1-35:0    8.979128e-02 -0.0922146054  0.271797172 1.0000000
71:1-35:0    1.077653e-01 -0.0847006948  0.300231227 0.9999963
72:1-35:0    7.358765e-02 -0.1273041966  0.274479491 1.0000000
73:1-35:0    1.040454e-01 -0.0855287045  0.293619554 0.9999988
74:1-35:0    9.732346e-02 -0.0941386822  0.288785604 1.0000000
75:1-35:0    3.589209e-02 -0.1536820378  0.225466221 1.0000000
76:1-35:0    8.092638e-02 -0.0966100083  0.258462763 1.0000000
77:1-35:0    8.630611e-02 -0.0976945320  0.270306749 1.0000000
78:1-35:0    9.825931e-02 -0.0753441819  0.271862809 0.9999931
79:1-35:0    5.085431e-02 -0.1170884784  0.218797106 1.0000000
80:1-35:0    7.919961e-02 -0.0825913134  0.240990542 1.0000000
81:1-35:0    5.447846e-02 -0.1090503584  0.218007274 1.0000000
82:1-35:0    3.586765e-02 -0.1285630381  0.200298332 1.0000000
83:1-35:0    1.026088e-01 -0.0821036211  0.287321268 0.9999976
84:1-35:0    1.219966e-01 -0.0749489823  0.318942171 0.9994653
85:1-35:0    1.194156e-02 -0.1767436496  0.200626770 1.0000000
86:1-35:0    8.141140e-02 -0.1055957001  0.268418494 1.0000000
87:1-35:0    5.338922e-02 -0.1313232289  0.238101660 1.0000000
88:1-35:0    4.575914e-02 -0.1420710380  0.233589311 1.0000000
89:1-35:0    8.570642e-02 -0.1005077739  0.271920619 1.0000000
90:1-35:0    8.949523e-02 -0.0907034852  0.269693952 1.0000000
91:1-35:0    4.172792e-02 -0.1314937565  0.214949599 1.0000000
92:1-35:0    1.029251e-01 -0.0849050805  0.290755268 0.9999989
93:1-35:0    9.178858e-02 -0.0996735659  0.283250721 1.0000000
94:1-35:0    1.157076e-01 -0.0550889499  0.286504244 0.9875067
95:1-35:0    1.263612e-01 -0.0454249021  0.298147209 0.9094260
96:1-35:0    1.428364e-01 -0.0279601999  0.313632994 0.5077269
97:1-35:0    1.096962e-01 -0.0678401670  0.287232604 0.9995188
98:1-35:0    9.846109e-02 -0.0800925332  0.277014713 0.9999985
99:1-35:0    8.079384e-02 -0.0887855810  0.250373256 1.0000000
100:1-35:0   6.495625e-03 -0.1431681614  0.156159411 1.0000000
37:0-36:0   -5.285628e-02 -0.3073777804  0.201665226 1.0000000
38:0-36:0   -7.556502e-02 -0.3203382081  0.169208171 1.0000000
39:0-36:0   -1.083040e-01 -0.3295787919  0.112970783 1.0000000
40:0-36:0   -8.258317e-02 -0.2898197052  0.124653374 1.0000000
41:0-36:0   -1.387423e-01 -0.3459788601  0.068494219 0.9912303
42:0-36:0   -1.195912e-01 -0.3371879906  0.098005678 0.9999987
43:0-36:0   -1.014996e-01 -0.3273105402  0.124311273 1.0000000
44:0-36:0   -2.827560e-02 -0.3051242790  0.248573089 1.0000000
45:0-36:0   -1.012231e-01 -0.3618855753  0.159439385 1.0000000
46:0-36:0   -4.658810e-02 -0.3671282478  0.273952057 1.0000000
47:0-36:0   -1.456972e-01 -0.4002186895  0.108824317 0.9999873
48:0-36:0   -1.472848e-01 -0.4293224937  0.134752970 1.0000000
49:0-36:0   -9.630476e-02 -0.3982081169  0.205598593 1.0000000
50:0-36:0   -6.104679e-02 -0.2807619784  0.158668397 1.0000000
51:0-36:0   -1.163907e-01 -0.3805432647  0.147761811 1.0000000
52:0-36:0   -1.307788e-01 -0.3735182667  0.111960595 0.9999996
53:0-36:0   -1.264766e-01 -0.3712497465  0.118296633 1.0000000
54:0-36:0   -7.378592e-02 -0.2935011088  0.145929266 1.0000000
55:0-36:0   -1.080207e-01 -0.3277358914  0.111694484 1.0000000
56:0-36:0   -9.861935e-02 -0.3168951103  0.119656420 1.0000000
57:0-36:0   -1.307454e-01 -0.3546203659  0.093129541 0.9999642
58:0-36:0   -7.718571e-02 -0.3001561189  0.145784690 1.0000000
59:0-36:0   -7.019122e-02 -0.2799987489  0.139616308 1.0000000
60:0-36:0   -7.193347e-02 -0.2709020774  0.127035146 1.0000000
61:0-36:0   -1.096860e-01 -0.3049177318  0.085545827 0.9999955
62:0-36:0   -1.044773e-01 -0.3043963070  0.095441685 0.9999999
63:0-36:0   -1.059315e-01 -0.3116061173  0.099743085 1.0000000
64:0-36:0   -9.300159e-02 -0.3032201008  0.117216926 1.0000000
65:0-36:0   -7.390173e-02 -0.2951765192  0.147373056 1.0000000
66:0-36:0   -7.139485e-02 -0.2993317991  0.156542095 1.0000000
67:0-36:0   -8.665400e-02 -0.3079287919  0.134620783 1.0000000
68:0-36:0   -7.891810e-02 -0.3092009389  0.151364748 1.0000000
69:0-36:0   -7.257848e-02 -0.2882840454  0.143127086 1.0000000
70:0-36:0   -1.002881e-01 -0.3271365368  0.126560346 1.0000000
71:0-36:0   -1.380952e-01 -0.3556920722  0.079501596 0.9985985
72:0-36:0   -1.122443e-01 -0.3305201103  0.106031420 1.0000000
73:0-36:0   -1.102470e-01 -0.3307260211  0.110232053 1.0000000
74:0-36:0   -1.111850e-01 -0.3454807889  0.123110848 1.0000000
75:0-36:0   -8.532597e-02 -0.3182109663  0.147559018 1.0000000
76:0-36:0   -1.002837e-01 -0.3199989349  0.119431440 1.0000000
77:0-36:0   -7.689672e-02 -0.2893684397  0.135575008 1.0000000
78:0-36:0   -9.360016e-02 -0.3060718880  0.118871560 1.0000000
79:0-36:0   -1.012114e-01 -0.3033931208  0.100970264 1.0000000
80:0-36:0   -8.328610e-02 -0.2835461256  0.116973935 1.0000000
81:0-36:0   -9.786886e-02 -0.2955877732  0.099850044 1.0000000
82:0-36:0   -9.698671e-02 -0.3038944851  0.109921072 1.0000000
83:0-36:0   -7.811429e-02 -0.2883327992  0.132104228 1.0000000
84:0-36:0   -1.379938e-01 -0.3490721394  0.073084474 0.9959282
85:0-36:0   -7.263164e-02 -0.3084200338  0.163156747 1.0000000
86:0-36:0   -1.167902e-01 -0.3350659436  0.101485586 0.9999998
87:0-36:0   -1.162310e-01 -0.3392013570  0.106739452 1.0000000
88:0-36:0   -5.996886e-02 -0.2857797709  0.165842042 1.0000000
89:0-36:0   -6.222346e-02 -0.2860984147  0.161651492 1.0000000
90:0-36:0   -9.915983e-02 -0.3188750219  0.120555353 1.0000000
91:0-36:0   -1.335249e-01 -0.3486442578  0.081594482 0.9994185
92:0-36:0   -2.534564e-02 -0.2404650125  0.189773728 1.0000000
93:0-36:0   -5.723439e-02 -0.2717877634  0.157318980 1.0000000
94:0-36:0   -4.841168e-02 -0.2635310502  0.166707690 1.0000000
95:0-36:0   -4.004507e-02 -0.2621495688  0.182059425 1.0000000
96:0-36:0   -3.546521e-02 -0.2474577547  0.176527327 1.0000000
97:0-36:0   -6.752355e-02 -0.2815300890  0.146482989 1.0000000
98:0-36:0   -8.850544e-02 -0.3061022763  0.129091392 1.0000000
99:0-36:0   -4.663348e-02 -0.2560418997  0.162774940 1.0000000
100:0-36:0  -1.462243e-01 -0.3341576682  0.041708978 0.7722933
1:1-36:0    -1.582475e-01 -0.3473780733  0.030883015 0.5057810
2:1-36:0    -1.374363e-01 -0.3509142191  0.076041600 0.9976185
3:1-36:0    -9.312188e-02 -0.3210588261  0.134815068 1.0000000
4:1-36:0    -1.026138e-01 -0.3305507180  0.125323176 1.0000000
5:1-36:0    -4.813095e-03 -0.2541015861  0.244475396 1.0000000
6:1-36:0    -1.055006e-01 -0.3547890861  0.143787896 1.0000000
7:1-36:0    -8.415348e-02 -0.3289266696  0.160619710 1.0000000
8:1-36:0    -1.296381e-01 -0.3976151708  0.138338980 1.0000000
9:1-36:0    -9.845310e-02 -0.3591155753  0.162209385 1.0000000
10:1-36:0   -9.084524e-02 -0.3786987927  0.197008316 1.0000000
11:1-36:0   -1.235419e-01 -0.3683151312  0.121231248 1.0000000
12:1-36:0   -1.156328e-01 -0.3797853700  0.148519706 1.0000000
13:1-36:0   -1.733486e-01 -0.4375011595  0.090803916 0.9953737
14:1-36:0   -8.034862e-02 -0.3445011595  0.183803916 1.0000000
15:1-36:0   -6.891667e-02 -0.3567702213  0.218936888 1.0000000
16:1-36:0   -1.743095e-01 -0.4621630784  0.113544031 0.9997992
17:1-36:0   -1.378095e-01 -0.3952735701  0.119654522 0.9999998
18:1-36:0   -7.554747e-02 -0.3098432889  0.158748348 1.0000000
19:1-36:0   -1.249057e-01 -0.3564550456  0.106643561 0.9999996
20:1-36:0   -1.237946e-01 -0.3435098045  0.095920571 0.9999947
21:1-36:0   -7.185810e-02 -0.2888011567  0.145084966 1.0000000
22:1-36:0   -1.352581e-01 -0.3522011567  0.081684966 0.9993023
23:1-36:0   -1.035033e-01 -0.3553081173  0.148301492 1.0000000
24:1-36:0   -8.265476e-02 -0.3200248840  0.154715360 1.0000000
25:1-36:0   -1.721910e-01 -0.4443790086  0.099996936 0.9987594
26:1-36:0   -1.047073e-01 -0.3991287269  0.189714075 1.0000000
27:1-36:0   -9.808476e-02 -0.3801224937  0.183952970 1.0000000
28:1-36:0   -1.226886e-02 -0.3066902654  0.282152536 1.0000000
29:1-36:0   -3.442231e-02 -0.2985748437  0.229730232 1.0000000
30:1-36:0   -9.052976e-02 -0.3924331169  0.211373593 1.0000000
31:1-36:0   -1.444770e-01 -0.4124540597  0.123500091 0.9999996
32:1-36:0   -7.513069e-02 -0.3178701185  0.167608743 1.0000000
33:1-36:0   -1.153926e-01 -0.3699141441  0.139128863 1.0000000
34:1-36:0   -1.217252e-01 -0.3575135822  0.114063198 1.0000000
35:1-36:0   -8.874435e-02 -0.3655930290  0.188104339 1.0000000
36:1-36:0   -1.417381e-01 -0.3886889331  0.105212743 0.9999854
37:1-36:0   -1.081548e-01 -0.3455248840  0.129215360 1.0000000
38:1-36:0   -1.701410e-01 -0.4016903397  0.061408267 0.9112646
39:1-36:0   -1.053678e-01 -0.3333047721  0.122569122 1.0000000
40:1-36:0   -8.949896e-02 -0.3092141523  0.130216223 1.0000000
41:1-36:0   -8.577908e-02 -0.2968573853  0.125299228 1.0000000
42:1-36:0   -9.096441e-02 -0.3178128525  0.135884030 1.0000000
43:1-36:0   -9.349238e-02 -0.3237752246  0.136790463 1.0000000
44:1-36:0   -7.583810e-02 -0.3702594961  0.218583306 1.0000000
45:1-36:0   -8.330060e-02 -0.3601492790  0.193548089 1.0000000
46:1-36:0   -1.703095e-01 -0.4581630784  0.117544031 0.9999320
47:1-36:0   -4.362560e-02 -0.3204742790  0.233223089 1.0000000
48:1-36:0   -3.737143e-02 -0.3194091603  0.244666303 1.0000000
49:1-36:0   -9.035574e-02 -0.3625437145  0.181832230 1.0000000
50:1-36:0   -1.720796e-01 -0.3959545122  0.051795395 0.8085979
51:1-36:0   -1.174881e-01 -0.3943367790  0.159360589 1.0000000
52:1-36:0   -1.097261e-01 -0.3566769331  0.137224743 1.0000000
53:1-36:0   -1.467506e-01 -0.3960390861  0.102537896 0.9999468
54:1-36:0   -8.946178e-02 -0.3163102210  0.137386662 1.0000000
55:1-36:0   -8.271935e-02 -0.3170151639  0.151576473 1.0000000
56:1-36:0   -1.223810e-02 -0.2361130488  0.211636858 1.0000000
57:1-36:0   -1.173353e-01 -0.3464156315  0.111744997 1.0000000
58:1-36:0   -8.016935e-02 -0.2984451103  0.138106420 1.0000000
59:1-36:0   -1.007027e-01 -0.3101111305  0.108705709 1.0000000
60:1-36:0   -1.000938e-01 -0.2993677014  0.099180190 1.0000000
61:1-36:0   -9.200675e-02 -0.2878078136  0.103794310 1.0000000
62:1-36:0   -9.285557e-02 -0.2926088065  0.106897665 1.0000000
63:1-36:0   -1.034242e-01 -0.3082515686  0.101403226 1.0000000
64:1-36:0   -8.083810e-02 -0.2991138603  0.137437670 1.0000000
65:1-36:0   -8.891537e-02 -0.3101901555  0.132359420 1.0000000
66:1-36:0   -7.757339e-02 -0.3091226927  0.153975914 1.0000000
67:1-36:0   -7.859194e-02 -0.3044028478  0.147218965 1.0000000
68:1-36:0   -1.222893e-01 -0.3461642683  0.101585639 0.9999991
69:1-36:0   -6.369610e-02 -0.2806391567  0.153246966 1.0000000
70:1-36:0   -6.851446e-02 -0.2825209980  0.145492080 1.0000000
71:1-36:0   -5.054048e-02 -0.2735108808  0.172429928 1.0000000
72:1-36:0   -8.471810e-02 -0.3150009389  0.145564748 1.0000000
73:1-36:0   -5.426032e-02 -0.2747393544  0.166218720 1.0000000
74:1-36:0   -6.098228e-02 -0.2830867781  0.161122216 1.0000000
75:1-36:0   -1.224137e-01 -0.3428926878  0.098065386 0.9999977
76:1-36:0   -7.737937e-02 -0.2875978786  0.132839148 1.0000000
77:1-36:0   -7.199963e-02 -0.2877051992  0.143705932 1.0000000
78:1-36:0   -6.004643e-02 -0.2669542074  0.146861350 1.0000000
79:1-36:0   -1.074514e-01 -0.3096331208  0.094730264 0.9999998
80:1-36:0   -7.910613e-02 -0.2762075220  0.117995266 1.0000000
81:1-36:0   -1.038273e-01 -0.3023577078  0.094703139 0.9999999
82:1-36:0   -1.224381e-01 -0.3217120410  0.076835851 0.9996205
83:1-36:0   -5.569692e-02 -0.2720099846  0.160616147 1.0000000
84:1-36:0   -3.630915e-02 -0.2631575894  0.190539294 1.0000000
85:1-36:0   -1.463642e-01 -0.3660793697  0.073351005 0.9924878
86:1-36:0   -7.689435e-02 -0.2951701103  0.141381420 1.0000000
87:1-36:0   -1.049165e-01 -0.3212295924  0.111396539 1.0000000
88:1-36:0   -1.125466e-01 -0.3315279513  0.106434740 1.0000000
89:1-36:0   -7.259932e-02 -0.2901961539  0.144997514 1.0000000
90:1-36:0   -6.881051e-02 -0.2812822328  0.143661215 1.0000000
91:1-36:0   -1.165778e-01 -0.3231653446  0.090009702 0.9999942
92:1-36:0   -5.538065e-02 -0.2743619939  0.163600697 1.0000000
93:1-36:0   -6.651717e-02 -0.2886216619  0.155587332 1.0000000
94:1-36:0   -4.259810e-02 -0.2471564800  0.161960290 1.0000000
95:1-36:0   -3.194459e-02 -0.2373298466  0.173440669 1.0000000
96:1-36:0   -1.546935e-02 -0.2200277300  0.189089040 1.0000000
97:1-36:0   -4.860952e-02 -0.2588280373  0.161608990 1.0000000
98:1-36:0   -5.984465e-02 -0.2709229591  0.151233654 1.0000000
99:1-36:0   -7.751190e-02 -0.2810551052  0.126031296 1.0000000
100:1-36:0  -1.518101e-01 -0.3390850601  0.035464825 0.6289312
38:0-37:0   -2.270874e-02 -0.2643849192  0.218967437 1.0000000
39:0-37:0   -5.544773e-02 -0.2732916902  0.162396236 1.0000000
40:0-37:0   -2.972689e-02 -0.2332961492  0.173842372 1.0000000
41:0-37:0   -8.588604e-02 -0.2894553042  0.117683217 1.0000000
42:0-37:0   -6.673488e-02 -0.2808419619  0.147372203 1.0000000
43:0-37:0   -4.864336e-02 -0.2710934095  0.173806696 1.0000000
44:0-37:0    2.458068e-02 -0.2495336270  0.298694991 1.0000000
45:0-37:0   -4.836682e-02 -0.3061232712  0.209389635 1.0000000
46:0-37:0    6.268182e-03 -0.3119132915  0.324449655 1.0000000
47:0-37:0   -9.284091e-02 -0.3443854504  0.158703632 1.0000000
48:0-37:0   -9.442848e-02 -0.3737826377  0.184925668 1.0000000
49:0-37:0   -4.344848e-02 -0.3428463745  0.255949405 1.0000000
50:0-37:0   -8.190514e-03 -0.2244501360  0.208069108 1.0000000
51:0-37:0   -6.353445e-02 -0.3248197801  0.197750881 1.0000000
52:0-37:0   -7.792256e-02 -0.3175386931  0.161693575 1.0000000
53:0-37:0   -7.362028e-02 -0.3152964577  0.168055898 1.0000000
54:0-37:0   -2.092964e-02 -0.2371892664  0.195329978 1.0000000
55:0-37:0   -5.516443e-02 -0.2714240490  0.161095195 1.0000000
56:0-37:0   -4.576307e-02 -0.2605601123  0.169033976 1.0000000
57:0-37:0   -7.788914e-02 -0.2983737275  0.142595457 1.0000000
58:0-37:0   -2.432944e-02 -0.2438955136  0.195236639 1.0000000
59:0-37:0   -1.733494e-02 -0.2235209264  0.188851040 1.0000000
60:0-37:0   -1.907719e-02 -0.2142232083  0.176068831 1.0000000
61:0-37:0   -5.682968e-02 -0.2481642207  0.134504870 1.0000000
62:0-37:0   -5.162103e-02 -0.2477359633  0.144493896 1.0000000
63:0-37:0   -5.307524e-02 -0.2550542036  0.148903725 1.0000000
64:0-37:0   -4.014531e-02 -0.2467494825  0.166458862 1.0000000
65:0-37:0   -2.104545e-02 -0.2388894175  0.196798508 1.0000000
66:0-37:0   -1.853857e-02 -0.2431464831  0.206069333 1.0000000
67:0-37:0   -3.379773e-02 -0.2516416902  0.184046236 1.0000000
68:0-37:0   -2.606182e-02 -0.2530500308  0.200926394 1.0000000
69:0-37:0   -1.972220e-02 -0.2319069137  0.192462508 1.0000000
70:0-37:0   -4.743182e-02 -0.2709350083  0.176071372 1.0000000
71:0-37:0   -8.523896e-02 -0.2993460436  0.128868121 1.0000000
72:0-37:0   -5.938807e-02 -0.2741851123  0.155408976 1.0000000
73:0-37:0   -5.739071e-02 -0.2744263408  0.159644927 1.0000000
74:0-37:0   -5.832869e-02 -0.2893871083  0.172729722 1.0000000
75:0-37:0   -3.246970e-02 -0.2620973961  0.197158002 1.0000000
76:0-37:0   -4.742747e-02 -0.2636870925  0.168832152 1.0000000
77:0-37:0   -2.404044e-02 -0.2329368102  0.184855932 1.0000000
78:0-37:0   -4.074389e-02 -0.2496402585  0.168152484 1.0000000
79:0-37:0   -4.835515e-02 -0.2467761615  0.150065859 1.0000000
80:0-37:0   -3.042982e-02 -0.2268923854  0.166032749 1.0000000
81:0-37:0   -4.501259e-02 -0.2388842651  0.148859090 1.0000000
82:0-37:0   -4.413043e-02 -0.2473649970  0.159104138 1.0000000
83:0-37:0   -2.525801e-02 -0.2318621809  0.181346164 1.0000000
84:0-37:0   -8.513756e-02 -0.2926164995  0.122341388 1.0000000
85:0-37:0   -1.977537e-02 -0.2523471308  0.212796398 1.0000000
86:0-37:0   -6.393390e-02 -0.2787309457  0.150863143 1.0000000
87:0-37:0   -6.337468e-02 -0.2829407517  0.156191401 1.0000000
88:0-37:0   -7.112587e-03 -0.2295626403  0.215337465 1.0000000
89:0-37:0   -9.367184e-03 -0.2298517763  0.211117408 1.0000000
90:0-37:0   -4.630356e-02 -0.2625631795  0.169956065 1.0000000
91:0-37:0   -8.066861e-02 -0.2922573720  0.130920151 1.0000000
92:0-37:0    2.751063e-02 -0.1840781267  0.239099396 1.0000000
93:0-37:0   -4.378114e-03 -0.2153914078  0.206635179 1.0000000
94:0-37:0    4.444597e-03 -0.2071441645  0.216033358 1.0000000
95:0-37:0    1.281121e-02 -0.2058754843  0.231497894 1.0000000
96:0-37:0    1.739106e-02 -0.1910179048  0.225800031 1.0000000
97:0-37:0   -1.466727e-02 -0.2251245353  0.195789990 1.0000000
98:0-37:0   -3.564917e-02 -0.2497562477  0.178457917 1.0000000
99:0-37:0    6.222797e-03 -0.1995570533  0.212002648 1.0000000
100:0-37:0  -9.336807e-02 -0.2772495366  0.090513400 1.0000000
1:1-37:0    -1.053913e-01 -0.2904961502  0.079713646 0.9999905
2:1-37:0    -8.458003e-02 -0.2944997277  0.125339663 1.0000000
3:1-37:0    -4.026560e-02 -0.2648735101  0.184342306 1.0000000
4:1-37:0    -4.975749e-02 -0.2743654020  0.174850414 1.0000000
5:1-37:0     4.804318e-02 -0.1982050917  0.294291455 1.0000000
6:1-37:0    -5.264432e-02 -0.2988925917  0.193603955 1.0000000
7:1-37:0    -3.129720e-02 -0.2729733808  0.210378975 1.0000000
8:1-37:0    -7.678182e-02 -0.3419330460  0.188369410 1.0000000
9:1-37:0    -4.559682e-02 -0.3033532712  0.212159635 1.0000000
10:1-37:0   -3.798896e-02 -0.3232136610  0.247235739 1.0000000
11:1-37:0   -7.068566e-02 -0.3123618423  0.170990514 1.0000000
12:1-37:0   -6.277656e-02 -0.3240618854  0.198508775 1.0000000
13:1-37:0   -1.204923e-01 -0.3817776748  0.140792986 1.0000000
14:1-37:0   -2.749234e-02 -0.2887776748  0.233792986 1.0000000
15:1-37:0   -1.606039e-02 -0.3012850896  0.269164310 1.0000000
16:1-37:0   -1.214532e-01 -0.4066779467  0.163771453 1.0000000
17:1-37:0   -8.495325e-02 -0.3394747501  0.169568257 1.0000000
18:1-37:0   -2.269119e-02 -0.2537496083  0.208367222 1.0000000
19:1-37:0   -7.204947e-02 -0.3003224169  0.156223486 1.0000000
20:1-37:0   -7.093834e-02 -0.2871979621  0.145321282 1.0000000
21:1-37:0   -1.900182e-02 -0.2324444393  0.194440803 1.0000000
22:1-37:0   -8.240182e-02 -0.2958444393  0.131040803 1.0000000
23:1-37:0   -5.064704e-02 -0.2994423736  0.198148302 1.0000000
24:1-37:0   -2.979848e-02 -0.2639737086  0.204376739 1.0000000
25:1-37:0   -1.193348e-01 -0.3887410562  0.150071537 1.0000000
26:1-37:0   -5.185105e-02 -0.3437027611  0.240000663 1.0000000
27:1-37:0   -4.522848e-02 -0.3245826377  0.234125668 1.0000000
28:1-37:0    4.058741e-02 -0.2512642995  0.332439125 1.0000000
29:1-37:0    1.843397e-02 -0.2428513590  0.279719302 1.0000000
30:1-37:0   -3.767348e-02 -0.3370713745  0.261724405 1.0000000
31:1-37:0   -9.162071e-02 -0.3567719349  0.173530521 1.0000000
32:1-37:0   -2.227441e-02 -0.2618905450  0.217341723 1.0000000
33:1-37:0   -6.253636e-02 -0.3140809049  0.189008178 1.0000000
34:1-37:0   -6.886891e-02 -0.3014406791  0.163702849 1.0000000
35:1-37:0   -3.588807e-02 -0.3100023770  0.238226241 1.0000000
36:1-37:0   -8.888182e-02 -0.3327632994  0.154999663 1.0000000
37:1-37:0   -5.529848e-02 -0.2894737086  0.178876739 1.0000000
38:1-37:0   -1.172848e-01 -0.3455577110  0.110988192 1.0000000
39:1-37:0   -5.251155e-02 -0.2771194561  0.172096360 1.0000000
40:1-37:0   -3.664269e-02 -0.2529023099  0.179616934 1.0000000
41:1-37:0   -3.292280e-02 -0.2404017454  0.174556142 1.0000000
42:1-37:0   -3.810813e-02 -0.2616113241  0.185395056 1.0000000
43:1-37:0   -4.063610e-02 -0.2676243165  0.186352109 1.0000000
44:1-37:0   -2.298182e-02 -0.3148335303  0.268869894 1.0000000
45:1-37:0   -3.044432e-02 -0.3045586270  0.243669991 1.0000000
46:1-37:0   -1.174532e-01 -0.4026779467  0.167771453 1.0000000
47:1-37:0    9.230682e-03 -0.2648836270  0.283344991 1.0000000
48:1-37:0    1.548485e-02 -0.2638693043  0.294839001 1.0000000
49:1-37:0   -3.749947e-02 -0.3069057620  0.231906832 1.0000000
50:1-37:0   -1.192233e-01 -0.3397078738  0.101261311 0.9999995
51:1-37:0   -6.463182e-02 -0.3387461270  0.209482491 1.0000000
52:1-37:0   -5.686982e-02 -0.3007512994  0.187011663 1.0000000
53:1-37:0   -9.389432e-02 -0.3401425917  0.152353955 1.0000000
54:1-37:0   -3.660550e-02 -0.2601086925  0.186897688 1.0000000
55:1-37:0   -2.986307e-02 -0.2609214833  0.201195347 1.0000000
56:1-37:0    4.061818e-02 -0.1798664104  0.261102774 1.0000000
57:1-37:0   -6.447904e-02 -0.2902471756  0.161289095 1.0000000
58:1-37:0   -2.731307e-02 -0.2421101123  0.187483976 1.0000000
59:1-37:0   -4.784643e-02 -0.2536262841  0.157933417 1.0000000
60:1-37:0   -4.723748e-02 -0.2426948039  0.148219847 1.0000000
61:1-37:0   -3.915047e-02 -0.2310658633  0.152764914 1.0000000
62:1-37:0   -3.999929e-02 -0.2359452448  0.155946657 1.0000000
63:1-37:0   -5.056789e-02 -0.2516840877  0.150548299 1.0000000
64:1-37:0   -2.798182e-02 -0.2427788623  0.186815226 1.0000000
65:1-37:0   -3.605909e-02 -0.2539030538  0.181784872 1.0000000
66:1-37:0   -2.471711e-02 -0.2529900639  0.203555839 1.0000000
67:1-37:0   -2.573566e-02 -0.2481857172  0.196714389 1.0000000
68:1-37:0   -6.943304e-02 -0.2899176299  0.151051555 1.0000000
69:1-37:0   -1.083982e-02 -0.2242824393  0.202602803 1.0000000
70:1-37:0   -1.565818e-02 -0.2261154444  0.194799081 1.0000000
71:1-37:0    2.315801e-03 -0.2172502755  0.221881877 1.0000000
72:1-37:0   -3.186182e-02 -0.2588500308  0.195126394 1.0000000
73:1-37:0   -1.404040e-03 -0.2184396742  0.215631593 1.0000000
74:1-37:0   -8.126004e-03 -0.2268126936  0.210560685 1.0000000
75:1-37:0   -6.955737e-02 -0.2865930075  0.147478260 1.0000000
76:1-37:0   -2.452309e-02 -0.2311272602  0.182081084 1.0000000
77:1-37:0   -1.914336e-02 -0.2313280676  0.193041354 1.0000000
78:1-37:0   -7.190152e-03 -0.2104247192  0.196044416 1.0000000
79:1-37:0   -5.459515e-02 -0.2530161615  0.143825859 1.0000000
80:1-37:0   -2.624985e-02 -0.2194917203  0.166992018 1.0000000
81:1-37:0   -5.097101e-02 -0.2456702358  0.143728221 1.0000000
82:1-37:0   -6.958182e-02 -0.2650391435  0.125875507 1.0000000
83:1-37:0   -2.840642e-03 -0.2156429044  0.209961621 1.0000000
84:1-37:0    1.654713e-02 -0.2069560609  0.240050319 1.0000000
85:1-37:0   -9.350791e-02 -0.3097675273  0.122751717 1.0000000
86:1-37:0   -2.403807e-02 -0.2388351123  0.190758976 1.0000000
87:1-37:0   -5.206025e-02 -0.2648625122  0.160742013 1.0000000
88:1-37:0   -5.969033e-02 -0.2752043428  0.155823685 1.0000000
89:1-37:0   -1.974304e-02 -0.2338501252  0.194364040 1.0000000
90:1-37:0   -1.595423e-02 -0.2248506033  0.192942139 1.0000000
91:1-37:0   -6.372154e-02 -0.2666300590  0.139186971 1.0000000
92:1-37:0   -2.524371e-03 -0.2180383854  0.212989643 1.0000000
93:1-37:0   -1.366089e-02 -0.2323475773  0.205025801 1.0000000
94:1-37:0    1.025818e-02 -0.1905840283  0.211100392 1.0000000
95:1-37:0    2.091169e-02 -0.1807726312  0.222596008 1.0000000
96:1-37:0    3.738693e-02 -0.1634552783  0.238229142 1.0000000
97:1-37:0    4.246753e-03 -0.2023574190  0.210850925 1.0000000
98:1-37:0   -6.988376e-03 -0.2144673192  0.200490568 1.0000000
99:1-37:0   -2.465563e-02 -0.2244637732  0.175152518 1.0000000
100:1-37:0  -9.895384e-02 -0.2821623684  0.084254688 0.9999996
39:0-38:0   -3.273899e-02 -0.2391093108  0.173631339 1.0000000
40:0-38:0   -7.018147e-03 -0.1982592586  0.184222964 1.0000000
41:0-38:0   -6.317730e-02 -0.2544184135  0.128063809 1.0000000
42:0-38:0   -4.402614e-02 -0.2464478799  0.158395604 1.0000000
43:0-38:0   -2.593462e-02 -0.2371613769  0.185292146 1.0000000
44:0-38:0    4.728942e-02 -0.2177980588  0.312376905 1.0000000
45:0-38:0   -2.565808e-02 -0.2737933380  0.222477184 1.0000000
46:0-38:0    2.897692e-02 -0.2814617484  0.339415595 1.0000000
47:0-38:0   -7.013217e-02 -0.3118083458  0.171544010 1.0000000
48:0-38:0   -7.171974e-02 -0.3422219829  0.198782496 1.0000000
49:0-38:0   -2.073974e-02 -0.3118957415  0.270416254 1.0000000
50:0-38:0    1.451823e-02 -0.1901789707  0.219215426 1.0000000
51:0-38:0   -4.082571e-02 -0.2926247208  0.210973304 1.0000000
52:0-38:0   -5.521382e-02 -0.2844486547  0.174021019 1.0000000
53:0-38:0   -5.091154e-02 -0.2822988625  0.180475786 1.0000000
54:0-38:0    1.779097e-03 -0.2029181012  0.206476295 1.0000000
55:0-38:0   -3.245569e-02 -0.2371528838  0.172241513 1.0000000
56:0-38:0   -2.305433e-02 -0.2262057210  0.180097067 1.0000000
57:0-38:0   -5.518039e-02 -0.2643362549  0.153975467 1.0000000
58:0-38:0   -1.620696e-03 -0.2098080651  0.206566673 1.0000000
59:0-38:0    5.373798e-03 -0.1886503716  0.199397968 1.0000000
60:0-38:0    3.631553e-03 -0.1786174193  0.185880525 1.0000000
61:0-38:0   -3.412093e-02 -0.2122827341  0.144040866 1.0000000
62:0-38:0   -2.891229e-02 -0.2121983649  0.154373780 1.0000000
63:0-38:0   -3.036650e-02 -0.2199139084  0.159180912 1.0000000
64:0-38:0   -1.743657e-02 -0.2119050824  0.177031944 1.0000000
65:0-38:0    1.663287e-03 -0.2047070380  0.208033611 1.0000000
66:0-38:0    4.170166e-03 -0.2093279160  0.217668249 1.0000000
67:0-38:0   -1.108899e-02 -0.2174593108  0.195281339 1.0000000
68:0-38:0   -3.353077e-03 -0.2193539274  0.212647774 1.0000000
69:0-38:0    2.986538e-03 -0.1974007623  0.203373839 1.0000000
70:0-38:0   -2.472308e-02 -0.2370586480  0.187612494 1.0000000
71:0-38:0   -6.253022e-02 -0.2649519615  0.139891522 1.0000000
72:0-38:0   -3.667933e-02 -0.2398307210  0.166472067 1.0000000
73:0-38:0   -3.468197e-02 -0.2401988388  0.170834907 1.0000000
74:0-38:0   -3.561995e-02 -0.2558941219  0.184654218 1.0000000
75:0-38:0   -9.760956e-03 -0.2285338950  0.209011984 1.0000000
76:0-38:0   -2.471873e-02 -0.2294159273  0.179978469 1.0000000
77:0-38:0   -1.331698e-03 -0.1982337360  0.195570341 1.0000000
78:0-38:0   -1.803515e-02 -0.2149371843  0.178866892 1.0000000
79:0-38:0   -2.564641e-02 -0.2113979001  0.160105080 1.0000000
80:0-38:0   -7.721077e-03 -0.1913790717  0.175936918 1.0000000
81:0-38:0   -2.230385e-02 -0.2031876381  0.158579946 1.0000000
82:0-38:0   -2.142169e-02 -0.2123064916  0.169463116 1.0000000
83:0-38:0   -2.549267e-03 -0.1970177809  0.191919246 1.0000000
84:0-38:0   -6.242881e-02 -0.2578264369  0.132968808 1.0000000
85:0-38:0    2.933375e-03 -0.2189277176  0.224794467 1.0000000
86:0-38:0   -4.122516e-02 -0.2443765544  0.161926234 1.0000000
87:0-38:0   -4.066593e-02 -0.2488533032  0.167521435 1.0000000
88:0-38:0    1.559615e-02 -0.1956306077  0.226822915 1.0000000
89:0-38:0    1.334156e-02 -0.1958143037  0.222497418 1.0000000
90:0-38:0   -2.359482e-02 -0.2282920142  0.181102382 1.0000000
91:0-38:0   -5.795987e-02 -0.2577160275  0.141796289 1.0000000
92:0-38:0    5.021938e-02 -0.1495367822  0.249975534 1.0000000
93:0-38:0    1.833063e-02 -0.1808158738  0.217477127 1.0000000
94:0-38:0    2.715334e-02 -0.1726028199  0.226909496 1.0000000
95:0-38:0    3.551995e-02 -0.1717397623  0.242779655 1.0000000
96:0-38:0    4.009980e-02 -0.1562850643  0.236484673 1.0000000
97:0-38:0    8.041469e-03 -0.1905157729  0.206598710 1.0000000
98:0-38:0   -1.294042e-02 -0.2153621656  0.189481318 1.0000000
99:0-38:0    2.893154e-02 -0.1646609862  0.222524063 1.0000000
100:0-38:0  -7.065933e-02 -0.2407919610  0.099473307 1.0000000
1:1-38:0    -8.268251e-02 -0.2541367090  0.088771687 1.0000000
2:1-38:0    -6.187129e-02 -0.2598586575  0.136116075 1.0000000
3:1-38:0    -1.755686e-02 -0.2310549430  0.195941222 1.0000000
4:1-38:0    -2.704875e-02 -0.2405468349  0.186449330 1.0000000
5:1-38:0     7.075192e-02 -0.1654067757  0.306910622 1.0000000
6:1-38:0    -2.993558e-02 -0.2660942757  0.206223122 1.0000000
7:1-38:0    -8.588462e-03 -0.2399757856  0.222798863 1.0000000
8:1-38:0    -5.407308e-02 -0.3098813887  0.201735235 1.0000000
9:1-38:0    -2.288808e-02 -0.2710233380  0.225247184 1.0000000
10:1-38:0   -1.528022e-02 -0.2918409694  0.261280530 1.0000000
11:1-38:0   -4.797692e-02 -0.2793642472  0.183410401 1.0000000
12:1-38:0   -4.006781e-02 -0.2918668261  0.211731199 1.0000000
13:1-38:0   -9.778360e-02 -0.3495826155  0.154015409 1.0000000
14:1-38:0   -4.783603e-03 -0.2565826155  0.247015409 1.0000000
15:1-38:0    6.648352e-03 -0.2699123979  0.283209101 1.0000000
16:1-38:0   -9.874451e-02 -0.3753052551  0.177816244 1.0000000
17:1-38:0   -6.224451e-02 -0.3070176953  0.182528684 1.0000000
18:1-38:0    1.754808e-05 -0.2202566219  0.220291718 1.0000000
19:1-38:0   -4.934072e-02 -0.2666912685  0.168009821 1.0000000
20:1-38:0   -4.822960e-02 -0.2529267968  0.156467599 1.0000000
21:1-38:0    3.706923e-03 -0.1980118694  0.205425716 1.0000000
22:1-38:0   -5.969308e-02 -0.2614118694  0.142025716 1.0000000
23:1-38:0   -2.793829e-02 -0.2667516922  0.210875104 1.0000000
24:1-38:0   -7.089744e-03 -0.2306311361  0.216451649 1.0000000
25:1-38:0   -9.662602e-02 -0.3568422196  0.163590183 1.0000000
26:1-38:0   -2.914231e-02 -0.3125327462  0.254248131 1.0000000
27:1-38:0   -2.251974e-02 -0.2930219829  0.247982496 1.0000000
28:1-38:0    6.329615e-02 -0.2200942846  0.346686592 1.0000000
29:1-38:0    4.114271e-02 -0.2106562997  0.292941725 1.0000000
30:1-38:0   -1.496474e-02 -0.3061207415  0.276191254 1.0000000
31:1-38:0   -6.891197e-02 -0.3247202776  0.186896346 1.0000000
32:1-38:0    4.343305e-04 -0.2288005066  0.229669168 1.0000000
33:1-38:0   -3.982762e-02 -0.2815038003  0.201848556 1.0000000
34:1-38:0   -4.616017e-02 -0.2680212659  0.175700919 1.0000000
35:1-38:0   -1.317933e-02 -0.2782668088  0.251908155 1.0000000
36:1-38:0   -6.617308e-02 -0.2998628191  0.167516665 1.0000000
37:1-38:0   -3.258974e-02 -0.2561311361  0.190951649 1.0000000
38:1-38:0   -9.457602e-02 -0.3119265626  0.122774526 1.0000000
39:1-38:0   -2.980281e-02 -0.2433008890  0.183695276 1.0000000
40:1-38:0   -1.393395e-02 -0.2186311446  0.190763252 1.0000000
41:1-38:0   -1.021406e-02 -0.2056116828  0.185183562 1.0000000
42:1-38:0   -1.539939e-02 -0.2277349638  0.196936178 1.0000000
43:1-38:0   -1.792736e-02 -0.2339282131  0.198073488 1.0000000
44:1-38:0   -2.730769e-04 -0.2836635154  0.283117362 1.0000000
45:1-38:0   -7.735577e-03 -0.2728230588  0.257351905 1.0000000
46:1-38:0   -9.474451e-02 -0.3713052551  0.181816244 1.0000000
47:1-38:0    3.193942e-02 -0.2331480588  0.297026905 1.0000000
48:1-38:0    3.819359e-02 -0.2323086495  0.308695829 1.0000000
49:1-38:0   -1.479072e-02 -0.2750069254  0.245425477 1.0000000
50:1-38:0   -9.651454e-02 -0.3056704013  0.112641321 1.0000000
51:1-38:0   -4.192308e-02 -0.3070105588  0.223164405 1.0000000
52:1-38:0   -3.416108e-02 -0.2678508191  0.199528665 1.0000000
53:1-38:0   -7.118558e-02 -0.3073442757  0.164973122 1.0000000
54:1-38:0   -1.389676e-02 -0.2262323322  0.198438810 1.0000000
55:1-38:0   -7.154327e-03 -0.2274284969  0.213119843 1.0000000
56:1-38:0    6.332692e-02 -0.1458289378  0.272482784 1.0000000
57:1-38:0   -4.177030e-02 -0.2564886487  0.172948050 1.0000000
58:1-38:0   -4.604327e-03 -0.2077557210  0.198547067 1.0000000
59:1-38:0   -2.513769e-02 -0.2187302170  0.168454832 1.0000000
60:1-38:0   -2.452874e-02 -0.2071110058  0.158053531 1.0000000
61:1-38:0   -1.644173e-02 -0.1952271779  0.162343711 1.0000000
62:1-38:0   -1.729055e-02 -0.2003958077  0.165814702 1.0000000
63:1-38:0   -2.785915e-02 -0.2164869399  0.160768634 1.0000000
64:1-38:0   -5.273077e-03 -0.2084244710  0.197878317 1.0000000
65:1-38:0   -1.335035e-02 -0.2197206744  0.193019975 1.0000000
66:1-38:0   -2.008371e-03 -0.2193589155  0.215342173 1.0000000
67:1-38:0   -3.026923e-03 -0.2142536846  0.208199838 1.0000000
68:1-38:0   -4.672430e-02 -0.2558801574  0.162431564 1.0000000
69:1-38:0    1.186892e-02 -0.1898498694  0.213587716 1.0000000
70:1-38:0    7.050559e-03 -0.1915066820  0.205607801 1.0000000
71:1-38:0    2.502454e-02 -0.1831628270  0.233211911 1.0000000
72:1-38:0   -9.153077e-03 -0.2251539274  0.206847774 1.0000000
73:1-38:0    2.130470e-02 -0.1842121721  0.226821574 1.0000000
74:1-38:0    1.458274e-02 -0.1926769717  0.221842446 1.0000000
75:1-38:0   -4.684863e-02 -0.2523655054  0.158668240 1.0000000
76:1-38:0   -1.814347e-03 -0.1962828602  0.192654167 1.0000000
77:1-38:0    3.565385e-03 -0.1968219162  0.203952685 1.0000000
78:1-38:0    1.551859e-02 -0.1753662139  0.206403393 1.0000000
79:1-38:0   -3.188641e-02 -0.2176379001  0.153865080 1.0000000
80:1-38:0   -3.541110e-03 -0.1837497078  0.176667488 1.0000000
81:1-38:0   -2.826227e-02 -0.2100327486  0.153508216 1.0000000
82:1-38:0   -4.687308e-02 -0.2294553455  0.135709192 1.0000000
83:1-38:0    1.986810e-02 -0.1811729951  0.220909194 1.0000000
84:1-38:0    3.925587e-02 -0.1730797006  0.251591441 1.0000000
85:1-38:0   -7.079916e-02 -0.2754963620  0.133898034 1.0000000
86:1-38:0   -1.329327e-03 -0.2044807210  0.201822067 1.0000000
87:1-38:0   -2.935151e-02 -0.2303926030  0.171689586 1.0000000
88:1-38:0   -3.698159e-02 -0.2408909031  0.166927728 1.0000000
89:1-38:0    2.965699e-03 -0.1994560432  0.205387440 1.0000000
90:1-38:0    6.754509e-03 -0.1901475291  0.203656548 1.0000000
91:1-38:0   -4.101280e-02 -0.2315504216  0.149524816 1.0000000
92:1-38:0    2.018437e-02 -0.1837249457  0.224093685 1.0000000
93:1-38:0    9.047853e-03 -0.1982118554  0.216307562 1.0000000
94:1-38:0    3.296692e-02 -0.1553687138  0.221302560 1.0000000
95:1-38:0    4.362043e-02 -0.1456129805  0.232853840 1.0000000
96:1-38:0    6.009567e-02 -0.1282399638  0.248431310 1.0000000
97:1-38:0    2.695549e-02 -0.1675130189  0.221424008 1.0000000
98:1-38:0    1.572037e-02 -0.1796772566  0.211117988 1.0000000
99:1-38:0   -1.946886e-03 -0.1891793990  0.185285626 1.0000000
100:1-38:0  -7.624510e-02 -0.2456501860  0.093159988 1.0000000
40:0-39:0    2.572084e-02 -0.1343472088  0.185788886 1.0000000
41:0-39:0   -3.043832e-02 -0.1905063637  0.129629731 1.0000000
42:0-39:0   -1.128715e-02 -0.1845591312  0.161984827 1.0000000
43:0-39:0    6.804371e-03 -0.1766768600  0.190285601 1.0000000
44:0-39:0    8.002841e-02 -0.1635285457  0.323585364 1.0000000
45:0-39:0    7.080909e-03 -0.2179073684  0.232069187 1.0000000
46:0-39:0    6.171591e-02 -0.2305524367  0.353984255 1.0000000
47:0-39:0   -3.739318e-02 -0.2552371447  0.180450781 1.0000000
48:0-39:0   -3.898076e-02 -0.2884202866  0.210458771 1.0000000
49:0-39:0    1.199924e-02 -0.2596999153  0.283698400 1.0000000
50:0-39:0    4.725721e-02 -0.1286676572  0.223182084 1.0000000
51:0-39:0   -8.086722e-03 -0.2371093410  0.220935896 1.0000000
52:0-39:0   -2.247483e-02 -0.2264288160  0.181479153 1.0000000
53:0-39:0   -1.817255e-02 -0.2245428772  0.188197772 1.0000000
54:0-39:0    3.451808e-02 -0.1414067877  0.210442954 1.0000000
55:0-39:0    2.833004e-04 -0.1756415703  0.176208171 1.0000000
56:0-39:0    9.684659e-03 -0.1644391650  0.183808483 1.0000000
57:0-39:0   -2.244141e-02 -0.2035347302  0.158651914 1.0000000
58:0-39:0    3.111829e-02 -0.1488555910  0.211092171 1.0000000
59:0-39:0    3.811278e-02 -0.1252701881  0.201495756 1.0000000
60:0-39:0    3.637054e-02 -0.1128383919  0.185579469 1.0000000
61:0-39:0   -1.381948e-03 -0.1455701729  0.142806277 1.0000000
62:0-39:0    3.826693e-03 -0.1466472296  0.154300616 1.0000000
63:0-39:0    2.372488e-03 -0.1556681333  0.160413109 1.0000000
64:0-39:0    1.530242e-02 -0.1486079851  0.179212819 1.0000000
65:0-39:0    3.440227e-02 -0.1434665782  0.212271124 1.0000000
66:0-39:0    3.690915e-02 -0.1491823530  0.223000658 1.0000000
67:0-39:0    2.165000e-02 -0.1562188509  0.199518851 1.0000000
68:0-39:0    2.938591e-02 -0.1595717174  0.218343536 1.0000000
69:0-39:0    3.572552e-02 -0.1351653398  0.206616389 1.0000000
70:0-39:0    8.015909e-03 -0.1767407198  0.192772538 1.0000000
71:0-39:0   -2.979123e-02 -0.2030632128  0.143480745 1.0000000
72:0-39:0   -3.940341e-03 -0.1780641650  0.170183483 1.0000000
73:0-39:0   -1.942980e-03 -0.1788209102  0.174934951 1.0000000
74:0-39:0   -2.880966e-03 -0.1967090525  0.190947121 1.0000000
75:0-39:0    2.297803e-02 -0.1691422865  0.215098347 1.0000000
76:0-39:0    8.020257e-03 -0.1679046138  0.183945128 1.0000000
77:0-39:0    3.140729e-02 -0.1353830887  0.198197666 1.0000000
78:0-39:0    1.470384e-02 -0.1520865370  0.181494217 1.0000000
79:0-39:0    7.092576e-03 -0.1463747926  0.160559944 1.0000000
80:0-39:0    2.501791e-02 -0.1259088157  0.175944634 1.0000000
81:0-39:0    1.043514e-02 -0.1371032056  0.157973485 1.0000000
82:0-39:0    1.131730e-02 -0.1483248814  0.170959477 1.0000000
83:0-39:0    3.018972e-02 -0.1337206835  0.194100121 1.0000000
84:0-39:0   -2.968983e-02 -0.1947014887  0.135321832 1.0000000
85:0-39:0    3.567236e-02 -0.1599572931  0.231302014 1.0000000
86:0-39:0   -8.486174e-03 -0.1826099983  0.165637650 1.0000000
87:0-39:0   -7.926948e-03 -0.1879008290  0.172046933 1.0000000
88:0-39:0    4.833514e-02 -0.1351460907  0.231816370 1.0000000
89:0-39:0    4.608054e-02 -0.1350127790  0.227173865 1.0000000
90:0-39:0    9.144170e-03 -0.1667807007  0.185069041 1.0000000
91:0-39:0   -2.522088e-02 -0.1953712283  0.144929462 1.0000000
92:0-39:0    8.295836e-02 -0.0871919830  0.253108707 1.0000000
93:0-39:0    5.106961e-02 -0.1183645806  0.220503806 1.0000000
94:0-39:0    5.989232e-02 -0.1102580208  0.230042669 1.0000000
95:0-39:0    6.825893e-02 -0.1106410510  0.247158916 1.0000000
96:0-39:0    7.283879e-02 -0.0933407326  0.239018313 1.0000000
97:0-39:0    4.078045e-02 -0.1279607536  0.209521663 1.0000000
98:0-39:0    1.979856e-02 -0.1534734169  0.193070541 1.0000000
99:0-39:0    6.167052e-02 -0.1011996165  0.224540665 1.0000000
100:0-39:0  -3.792034e-02 -0.1720610520  0.096220370 1.0000000
1:1-39:0    -4.994352e-02 -0.1857564816  0.085869432 1.0000000
2:1-39:0    -2.913231e-02 -0.1972025714  0.138937961 1.0000000
3:1-39:0     1.518213e-02 -0.1709093800  0.201273631 1.0000000
4:1-39:0     5.690233e-03 -0.1804012719  0.191781739 1.0000000
5:1-39:0     1.034909e-01 -0.1082153690  0.315197187 1.0000000
6:1-39:0     2.803409e-03 -0.2089028690  0.214509687 1.0000000
7:1-39:0     2.415052e-02 -0.1822198003  0.230520849 1.0000000
8:1-39:0    -2.133409e-02 -0.2547575463  0.212089365 1.0000000
9:1-39:0     9.850909e-03 -0.2151373684  0.234839187 1.0000000
10:1-39:0    1.745877e-02 -0.2385382365  0.273455769 1.0000000
11:1-39:0   -1.523794e-02 -0.2216082618  0.191132388 1.0000000
12:1-39:0   -7.328828e-03 -0.2363514462  0.221693791 1.0000000
13:1-39:0   -6.504462e-02 -0.2940672357  0.163978001 1.0000000
14:1-39:0    2.795538e-02 -0.2010672357  0.256978001 1.0000000
15:1-39:0    3.938734e-02 -0.2166096650  0.295384340 1.0000000
16:1-39:0   -6.600552e-02 -0.3220025222  0.189991483 1.0000000
17:1-39:0   -2.950552e-02 -0.2507803071  0.191769268 1.0000000
18:1-39:0    3.275653e-02 -0.1610715525  0.226584621 1.0000000
19:1-39:0   -1.660174e-02 -0.2071007573  0.173897281 1.0000000
20:1-39:0   -1.549061e-02 -0.1914154833  0.160434258 1.0000000
21:1-39:0    3.644591e-02 -0.1360043401  0.208896158 1.0000000
22:1-39:0   -2.695409e-02 -0.1994043401  0.145496158 1.0000000
23:1-39:0    4.800692e-03 -0.2098628967  0.219464280 1.0000000
24:1-39:0    2.564924e-02 -0.1718839734  0.223182458 1.0000000
25:1-39:0   -6.388703e-02 -0.3021328897  0.174358826 1.0000000
26:1-39:0    3.596678e-03 -0.2597638309  0.266957188 1.0000000
27:1-39:0    1.021924e-02 -0.2392202866  0.259658771 1.0000000
28:1-39:0    9.603514e-02 -0.1673253693  0.359395649 1.0000000
29:1-39:0    7.388170e-02 -0.1551409199  0.302904317 1.0000000
30:1-39:0    1.777424e-02 -0.2539249153  0.289473400 1.0000000
31:1-39:0   -3.617298e-02 -0.2695964352  0.197250476 1.0000000
32:1-39:0    3.317332e-02 -0.1707806678  0.237127301 1.0000000
33:1-39:0   -7.088636e-03 -0.2249325993  0.210755327 1.0000000
34:1-39:0   -1.342119e-02 -0.2090508415  0.182208466 1.0000000
35:1-39:0    1.955966e-02 -0.2239972957  0.263116614 1.0000000
36:1-39:0   -3.343409e-02 -0.2423826798  0.175514498 1.0000000
37:1-39:0    1.492424e-04 -0.1973839734  0.197682458 1.0000000
38:1-39:0   -6.183703e-02 -0.2523360514  0.128661987 1.0000000
39:1-39:0    2.936179e-03 -0.1831553260  0.189027685 1.0000000
40:1-39:0    1.880504e-02 -0.1571198311  0.194729910 1.0000000
41:1-39:0    2.252493e-02 -0.1424867346  0.187536586 1.0000000
42:1-39:0    1.733959e-02 -0.1674170356  0.202096222 1.0000000
43:1-39:0    1.481162e-02 -0.1741460031  0.203769250 1.0000000
44:1-39:0    3.246591e-02 -0.2308946001  0.295826418 1.0000000
45:1-39:0    2.500341e-02 -0.2185535457  0.268560364 1.0000000
46:1-39:0   -6.200552e-02 -0.3180025222  0.193991483 1.0000000
47:1-39:0    6.467841e-02 -0.1788785457  0.308235364 1.0000000
48:1-39:0    7.093258e-02 -0.1785069533  0.320372105 1.0000000
49:1-39:0    1.794826e-02 -0.2202975956  0.256194120 1.0000000
50:1-39:0   -6.377555e-02 -0.2448688765  0.117317768 1.0000000
51:1-39:0   -9.184091e-03 -0.2527410457  0.234372864 1.0000000
52:1-39:0   -1.422091e-03 -0.2103706798  0.207526498 1.0000000
53:1-39:0   -3.844659e-02 -0.2501528690  0.173259687 1.0000000
54:1-39:0    1.884222e-02 -0.1659144040  0.203598854 1.0000000
55:1-39:0    2.558466e-02 -0.1682434275  0.219412746 1.0000000
56:1-39:0    9.606591e-02 -0.0850274131  0.277159231 0.9999999
57:1-39:0   -9.031313e-03 -0.1965215444  0.178458918 1.0000000
58:1-39:0    2.813466e-02 -0.1459891650  0.202258483 1.0000000
59:1-39:0    7.601294e-03 -0.1552688472  0.170471435 1.0000000
60:1-39:0    8.210249e-03 -0.1414055993  0.157826097 1.0000000
61:1-39:0    1.629725e-02 -0.1286608528  0.161255358 1.0000000
62:1-39:0    1.544843e-02 -0.1348051910  0.165702058 1.0000000
63:1-39:0    4.879833e-03 -0.1520566484  0.161816315 1.0000000
64:1-39:0    2.746591e-02 -0.1466579150  0.201589733 1.0000000
65:1-39:0    1.938864e-02 -0.1584802145  0.197257487 1.0000000
66:1-39:0    3.073061e-02 -0.1597684044  0.221229634 1.0000000
67:1-39:0    2.971206e-02 -0.1537691676  0.213193294 1.0000000
68:1-39:0   -1.398531e-02 -0.1950786326  0.167108012 1.0000000
69:1-39:0    4.460791e-02 -0.1278423401  0.217058158 1.0000000
70:1-39:0    3.978955e-02 -0.1289516626  0.208530754 1.0000000
71:1-39:0    5.776353e-02 -0.1222103529  0.237737409 1.0000000
72:1-39:0    2.358591e-02 -0.1653717174  0.212543536 1.0000000
73:1-39:0    5.404369e-02 -0.1228342435  0.230921617 1.0000000
74:1-39:0    4.732172e-02 -0.1315782603  0.226221706 1.0000000
75:1-39:0   -1.410965e-02 -0.1909875768  0.162768284 1.0000000
76:1-39:0    3.092464e-02 -0.1329857628  0.194835041 1.0000000
77:1-39:0    3.630437e-02 -0.1345864937  0.207195235 1.0000000
78:1-39:0    4.825758e-02 -0.1113846036  0.207899755 1.0000000
79:1-39:0    8.525758e-04 -0.1526147926  0.154319944 1.0000000
80:1-39:0    2.919788e-02 -0.1175118917  0.175907644 1.0000000
81:1-39:0    4.476720e-03 -0.1441473881  0.153100828 1.0000000
82:1-39:0   -1.413409e-02 -0.1637499389  0.135481757 1.0000000
83:1-39:0    5.260709e-02 -0.1190499531  0.224264124 1.0000000
84:1-39:0    7.199486e-02 -0.1127617724  0.256751485 1.0000000
85:1-39:0   -3.806018e-02 -0.2139850485  0.137864693 1.0000000
86:1-39:0    3.140966e-02 -0.1427141650  0.205533483 1.0000000
87:1-39:0    3.387478e-03 -0.1682695610  0.175044516 1.0000000
88:1-39:0   -4.242602e-03 -0.1792501047  0.170764902 1.0000000
89:1-39:0    3.570468e-02 -0.1375672945  0.208976664 1.0000000
90:1-39:0    3.949350e-02 -0.1272968818  0.206283872 1.0000000
91:1-39:0   -8.273817e-03 -0.1675007032  0.150953069 1.0000000
92:1-39:0    5.292336e-02 -0.1220841473  0.227930859 1.0000000
93:1-39:0    4.178684e-02 -0.1371131440  0.220686823 1.0000000
94:1-39:0    6.570591e-02 -0.0908793051  0.222291123 1.0000000
95:1-39:0    7.635942e-02 -0.0813044695  0.234023301 1.0000000
96:1-39:0    9.283466e-02 -0.0637505551  0.249419873 0.9999249
97:1-39:0    5.969448e-02 -0.1042159216  0.223604883 1.0000000
98:1-39:0    4.845935e-02 -0.1165523084  0.213471012 1.0000000
99:1-39:0    3.079210e-02 -0.1244645620  0.186048761 1.0000000
100:1-39:0  -4.350611e-02 -0.1767228563  0.089710630 1.0000000
41:0-40:0   -5.615915e-02 -0.1961814086  0.083863099 1.0000000
42:0-40:0   -3.700799e-02 -0.1919519498  0.117935968 1.0000000
43:0-40:0   -1.891647e-02 -0.1851987992  0.147365863 1.0000000
44:0-40:0    5.430757e-02 -0.1765699770  0.285185118 1.0000000
45:0-40:0   -1.863993e-02 -0.2298369388  0.192557080 1.0000000
46:0-40:0    3.599507e-02 -0.2457942793  0.317784420 1.0000000
47:0-40:0   -6.311402e-02 -0.2666832811  0.140455240 1.0000000
48:0-40:0   -6.470160e-02 -0.3017765429  0.172373350 1.0000000
49:0-40:0   -1.372160e-02 -0.2741153058  0.246672113 1.0000000
50:0-40:0    2.153637e-02 -0.1363686974  0.179441447 1.0000000
51:0-40:0   -3.380756e-02 -0.2492972627  0.181682140 1.0000000
52:0-40:0   -4.819567e-02 -0.2368267373  0.140435397 1.0000000
53:0-40:0   -4.389339e-02 -0.2351345024  0.147347720 1.0000000
54:0-40:0    8.797244e-03 -0.1491078278  0.166702316 1.0000000
55:0-40:0   -2.543754e-02 -0.1833426104  0.132467534 1.0000000
56:0-40:0   -1.603618e-02 -0.1719321635  0.139859804 1.0000000
57:0-40:0   -4.816225e-02 -0.2118058932  0.115481400 1.0000000
58:0-40:0    5.397451e-03 -0.1570065188  0.167801422 1.0000000
59:0-40:0    1.239195e-02 -0.1314080800  0.156191971 1.0000000
60:0-40:0    1.064970e-02 -0.1168169884  0.138116389 1.0000000
61:0-40:0   -2.710279e-02 -0.1486539936  0.094448420 1.0000000
62:0-40:0   -2.189415e-02 -0.1508393010  0.107051010 1.0000000
63:0-40:0   -2.334835e-02 -0.1610483495  0.114351648 1.0000000
64:0-40:0   -1.041842e-02 -0.1548174231  0.133980580 1.0000000
65:0-40:0    8.681434e-03 -0.1513866134  0.168749482 1.0000000
66:0-40:0    1.118831e-02 -0.1579698964  0.180346524 1.0000000
67:0-40:0   -4.070839e-03 -0.1641388861  0.155997209 1.0000000
68:0-40:0    3.665070e-03 -0.1686411578  0.175971299 1.0000000
69:0-40:0    1.000469e-02 -0.1422718363  0.162281208 1.0000000
70:0-40:0   -1.770493e-02 -0.1853935208  0.149983662 1.0000000
71:0-40:0   -5.551207e-02 -0.2104560314  0.099431887 1.0000000
72:0-40:0   -2.966118e-02 -0.1855571635  0.126234804 1.0000000
73:0-40:0   -2.766382e-02 -0.1866300223  0.131302385 1.0000000
74:0-40:0   -2.860180e-02 -0.2062356382  0.149032029 1.0000000
75:0-40:0   -2.742808e-03 -0.1785115992  0.173025982 1.0000000
76:0-40:0   -1.770058e-02 -0.1756056539  0.140204490 1.0000000
77:0-40:0    5.686450e-03 -0.1419735706  0.153346470 1.0000000
78:0-40:0   -1.101700e-02 -0.1586770188  0.136643022 1.0000000
79:0-40:0   -1.862826e-02 -0.1510544116  0.113797886 1.0000000
80:0-40:0   -7.029296e-04 -0.1301762007  0.128770342 1.0000000
81:0-40:0   -1.528570e-02 -0.1407927307  0.110221333 1.0000000
82:0-40:0   -1.440354e-02 -0.1539387589  0.125131678 1.0000000
83:0-40:0    4.468880e-03 -0.1399301215  0.148867881 1.0000000
84:0-40:0   -5.541067e-02 -0.2010585292  0.090237195 1.0000000
85:0-40:0    9.951522e-03 -0.1696463987  0.189549443 1.0000000
86:0-40:0   -3.420701e-02 -0.1901029969  0.121688971 1.0000000
87:0-40:0   -3.364779e-02 -0.1960517569  0.128756183 1.0000000
88:0-40:0    2.261430e-02 -0.1436680300  0.188896632 1.0000000
89:0-40:0    2.035970e-02 -0.1432839419  0.184003351 1.0000000
90:0-40:0   -1.657667e-02 -0.1744817409  0.141328403 1.0000000
91:0-40:0   -5.094172e-02 -0.2023867338  0.100503290 1.0000000
92:0-40:0    5.723752e-02 -0.0942074885  0.208682535 1.0000000
93:0-40:0    2.534877e-02 -0.1252911860  0.175988734 1.0000000
94:0-40:0    3.417149e-02 -0.1172735262  0.185616497 1.0000000
95:0-40:0    4.253809e-02 -0.1186749819  0.203751169 1.0000000
96:0-40:0    4.711795e-02 -0.0998517239  0.194087627 1.0000000
97:0-40:0    1.505962e-02 -0.1348004756  0.164919707 1.0000000
98:0-40:0   -5.922277e-03 -0.1608662355  0.149021682 1.0000000
99:0-40:0    3.594969e-02 -0.1072674029  0.179166775 1.0000000
100:0-40:0  -6.364118e-02 -0.1730860610  0.045803702 0.9999712
1:1-40:0    -7.566436e-02 -0.1871525285  0.035823801 0.9868387
2:1-40:0    -5.485314e-02 -0.2039573560  0.094251068 1.0000000
3:1-40:0    -1.053871e-02 -0.1796969235  0.158619497 1.0000000
4:1-40:0    -2.003061e-02 -0.1891888154  0.149127605 1.0000000
5:1-40:0     7.777007e-02 -0.1192172385  0.274757379 1.0000000
6:1-40:0    -2.291743e-02 -0.2199047385  0.174069879 1.0000000
7:1-40:0    -1.570314e-03 -0.1928114254  0.189670797 1.0000000
8:1-40:0    -4.705493e-02 -0.2672161461  0.173106287 1.0000000
9:1-40:0    -1.586993e-02 -0.2270669388  0.195327080 1.0000000
10:1-40:0   -8.262072e-03 -0.2522270640  0.235702919 1.0000000
11:1-40:0   -4.095878e-02 -0.2321998870  0.150282336 1.0000000
12:1-40:0   -3.304967e-02 -0.2485393680  0.182440035 1.0000000
13:1-40:0   -9.076546e-02 -0.3062551575  0.124724246 1.0000000
14:1-40:0    2.234544e-03 -0.2132551575  0.217724246 1.0000000
15:1-40:0    1.366650e-02 -0.2302984925  0.257631491 1.0000000
16:1-40:0   -9.172636e-02 -0.3356913497  0.152238633 1.0000000
17:1-40:0   -5.522636e-02 -0.2624628977  0.152010181 1.0000000
18:1-40:0    7.035695e-03 -0.1705981382  0.184669529 1.0000000
19:1-40:0   -4.232258e-02 -0.2163177722  0.131672619 1.0000000
20:1-40:0   -4.121145e-02 -0.1991165235  0.116693621 1.0000000
21:1-40:0    1.072507e-02 -0.1432994086  0.164749549 1.0000000
22:1-40:0   -5.267493e-02 -0.2066994086  0.101349549 1.0000000
23:1-40:0   -2.092015e-02 -0.2210823509  0.179242057 1.0000000
24:1-40:0   -7.159624e-05 -0.1817411398  0.181597947 1.0000000
25:1-40:0   -8.960787e-02 -0.3148755790  0.135659838 1.0000000
26:1-40:0   -2.212416e-02 -0.2738049294  0.229556609 1.0000000
27:1-40:0   -1.550160e-02 -0.2525765429  0.221573350 1.0000000
28:1-40:0    7.031430e-02 -0.1813664678  0.321995070 1.0000000
29:1-40:0    4.816086e-02 -0.1673288417  0.263650561 1.0000000
30:1-40:0   -7.946596e-03 -0.2683403058  0.252447113 1.0000000
31:1-40:0   -6.189382e-02 -0.2820550349  0.158267398 1.0000000
32:1-40:0    7.452478e-03 -0.1811785891  0.196083545 1.0000000
33:1-40:0   -3.280948e-02 -0.2363787357  0.170759786 1.0000000
34:1-40:0   -3.914203e-02 -0.2187399471  0.140455894 1.0000000
35:1-40:0   -6.161180e-03 -0.2370387270  0.224716368 1.0000000
36:1-40:0   -5.915493e-02 -0.2531754556  0.134865596 1.0000000
37:1-40:0   -2.557160e-02 -0.2072411398  0.156097947 1.0000000
38:1-40:0   -8.755787e-02 -0.2615530663  0.086437325 1.0000000
39:1-40:0   -2.278466e-02 -0.1919428694  0.146373551 1.0000000
40:1-40:0   -6.915799e-03 -0.1648208713  0.150989273 1.0000000
41:1-40:0   -3.195913e-03 -0.1488437751  0.142451949 1.0000000
42:1-40:0   -8.381245e-03 -0.1760698366  0.159307346 1.0000000
43:1-40:0   -1.090922e-02 -0.1832154435  0.161397013 1.0000000
44:1-40:0    6.745070e-03 -0.2449356986  0.258425839 1.0000000
45:1-40:0   -7.174296e-04 -0.2315949770  0.230160118 1.0000000
46:1-40:0   -8.772636e-02 -0.3316913497  0.156238633 1.0000000
47:1-40:0    3.895757e-02 -0.1919199770  0.269835118 1.0000000
48:1-40:0    4.521174e-02 -0.1918632096  0.282286684 1.0000000
49:1-40:0   -7.772577e-03 -0.2330402849  0.217495132 1.0000000
50:1-40:0   -8.949639e-02 -0.2531400395  0.074147254 0.9999991
51:1-40:0   -3.490493e-02 -0.2657824770  0.195972618 1.0000000
52:1-40:0   -2.714293e-02 -0.2211634556  0.166877596 1.0000000
53:1-40:0   -6.416743e-02 -0.2611547385  0.132819879 1.0000000
54:1-40:0   -6.878614e-03 -0.1745672050  0.160809977 1.0000000
55:1-40:0   -1.361796e-04 -0.1777700132  0.177497654 1.0000000
56:1-40:0    7.034507e-02 -0.0932985761  0.233988717 1.0000000
57:1-40:0   -3.475215e-02 -0.2054479001  0.135943597 1.0000000
58:1-40:0    2.413820e-03 -0.1534821635  0.158309804 1.0000000
59:1-40:0   -1.811954e-02 -0.1613366337  0.125097544 1.0000000
60:1-40:0   -1.751059e-02 -0.1454533649  0.110432185 1.0000000
61:1-40:0   -9.423586e-03 -0.1318870664  0.113039894 1.0000000
62:1-40:0   -1.027241e-02 -0.1389604130  0.118415602 1.0000000
63:1-40:0   -2.084101e-02 -0.1572723470  0.115590336 1.0000000
64:1-40:0    1.745070e-03 -0.1541509135  0.157641054 1.0000000
65:1-40:0   -6.332202e-03 -0.1664002498  0.153735845 1.0000000
66:1-40:0    5.009776e-03 -0.1689854192  0.179004972 1.0000000
67:1-40:0    3.991224e-03 -0.1622911069  0.170273555 1.0000000
68:1-40:0   -3.970615e-02 -0.2033497956  0.123937497 1.0000000
69:1-40:0    1.888707e-02 -0.1351374086  0.172911549 1.0000000
70:1-40:0    1.406871e-02 -0.1357913847  0.163928798 1.0000000
71:1-40:0    3.204269e-02 -0.1303612807  0.194446660 1.0000000
72:1-40:0   -2.134930e-03 -0.1744411578  0.170171299 1.0000000
73:1-40:0    2.832285e-02 -0.1306433556  0.187289052 1.0000000
74:1-40:0    2.160088e-02 -0.1396121912  0.182813960 1.0000000
75:1-40:0   -3.983049e-02 -0.1987966889  0.119135719 1.0000000
76:1-40:0    5.203801e-03 -0.1391952008  0.149602802 1.0000000
77:1-40:0    1.058353e-02 -0.1416929902  0.162860054 1.0000000
78:1-40:0    2.253674e-02 -0.1169984811  0.162071955 1.0000000
79:1-40:0   -2.486826e-02 -0.1572944116  0.107557886 1.0000000
80:1-40:0    3.477038e-03 -0.1210549169  0.128008992 1.0000000
81:1-40:0   -2.124412e-02 -0.1480257309  0.105537493 1.0000000
82:1-40:0   -3.985493e-02 -0.1677977046  0.088087845 1.0000000
83:1-40:0    2.688625e-02 -0.1262496099  0.180022104 1.0000000
84:1-40:0    4.627402e-02 -0.1214145734  0.213962609 1.0000000
85:1-40:0   -6.378102e-02 -0.2216860887  0.094124056 1.0000000
86:1-40:0    5.688820e-03 -0.1502071635  0.161584804 1.0000000
87:1-40:0   -2.233336e-02 -0.1754692177  0.130802496 1.0000000
88:1-40:0   -2.996344e-02 -0.1868458097  0.126918929 1.0000000
89:1-40:0    9.983846e-03 -0.1449601130  0.164927805 1.0000000
90:1-40:0    1.377266e-02 -0.1338873637  0.161432677 1.0000000
91:1-40:0   -3.399466e-02 -0.1730545456  0.105065234 1.0000000
92:1-40:0    2.720252e-02 -0.1296798523  0.184084887 1.0000000
93:1-40:0    1.606600e-02 -0.1451470749  0.177279076 1.0000000
94:1-40:0    3.998507e-02 -0.0960420629  0.176012204 1.0000000
95:1-40:0    5.063858e-02 -0.0866288714  0.187906025 1.0000000
96:1-40:0    6.711382e-02 -0.0689133129  0.203140954 1.0000000
97:1-40:0    3.397364e-02 -0.1104253596  0.178372643 1.0000000
98:1-40:0    2.273851e-02 -0.1229093488  0.168386375 1.0000000
99:1-40:0    5.071261e-03 -0.1294243994  0.139566921 1.0000000
100:1-40:0  -6.922695e-02 -0.1775373962  0.039083493 0.9981715
42:0-41:0    1.915116e-02 -0.1357927948  0.174095123 1.0000000
43:0-41:0    3.724269e-02 -0.1290396443  0.203525018 1.0000000
44:0-41:0    1.104667e-01 -0.1204108221  0.341344273 1.0000000
45:0-41:0    3.751923e-02 -0.1736777838  0.248716235 1.0000000
46:0-41:0    9.215423e-02 -0.1896351244  0.373943575 1.0000000
47:0-41:0   -6.954866e-03 -0.2105241262  0.196614395 1.0000000
48:0-41:0   -8.542441e-03 -0.2456173880  0.228532505 1.0000000
49:0-41:0    4.243756e-02 -0.2179561509  0.302831268 1.0000000
50:0-41:0    7.769553e-02 -0.0802095425  0.235600602 1.0000000
51:0-41:0    2.235159e-02 -0.1931381078  0.237841295 1.0000000
52:0-41:0    7.963485e-03 -0.1806675823  0.196594552 1.0000000
53:0-41:0    1.226576e-02 -0.1789753474  0.203506875 1.0000000
54:0-41:0    6.495640e-02 -0.0929486729  0.222861471 1.0000000
55:0-41:0    3.072162e-02 -0.1271834555  0.188626689 1.0000000
56:0-41:0    4.012298e-02 -0.1157730086  0.196018959 1.0000000
57:0-41:0    7.996908e-03 -0.1556467382  0.171640555 1.0000000
58:0-41:0    6.155661e-02 -0.1008473639  0.223960576 1.0000000
59:0-41:0    6.855110e-02 -0.0752489250  0.212351126 1.0000000
60:0-41:0    6.680885e-02 -0.0606578335  0.194275543 0.9999999
61:0-41:0    2.905637e-02 -0.0924948387  0.150607575 1.0000000
62:0-41:0    3.426501e-02 -0.0946801461  0.163210165 1.0000000
63:0-41:0    3.281080e-02 -0.1048891946  0.170510803 1.0000000
64:0-41:0    4.574073e-02 -0.0986582681  0.190139735 1.0000000
65:0-41:0    6.484059e-02 -0.0952274585  0.224908636 1.0000000
66:0-41:0    6.734747e-02 -0.1018107415  0.236505679 1.0000000
67:0-41:0    5.208832e-02 -0.1079797312  0.212156364 1.0000000
68:0-41:0    5.982423e-02 -0.1124820029  0.232130454 1.0000000
69:0-41:0    6.616384e-02 -0.0861126814  0.218440363 1.0000000
70:0-41:0    3.845423e-02 -0.1292343658  0.206142817 1.0000000
71:0-41:0    6.470825e-04 -0.1542968765  0.155591041 1.0000000
72:0-41:0    2.649798e-02 -0.1293980086  0.182393959 1.0000000
73:0-41:0    2.849534e-02 -0.1304708673  0.187461540 1.0000000
74:0-41:0    2.755735e-02 -0.1500764833  0.205191184 1.0000000
75:0-41:0    5.341635e-02 -0.1223524443  0.229185137 1.0000000
76:0-41:0    3.845857e-02 -0.1194464990  0.196363645 1.0000000
77:0-41:0    6.184560e-02 -0.0858144156  0.209505625 1.0000000
78:0-41:0    4.514216e-02 -0.1025178639  0.192802177 1.0000000
79:0-41:0    3.753089e-02 -0.0948952567  0.169957041 1.0000000
80:0-41:0    5.545623e-02 -0.0740170458  0.184929497 1.0000000
81:0-41:0    4.087346e-02 -0.0846335758  0.166380488 1.0000000
82:0-41:0    4.175561e-02 -0.0977796040  0.181290832 1.0000000
83:0-41:0    6.062803e-02 -0.0837709665  0.205027036 1.0000000
84:0-41:0    7.484876e-04 -0.1448993742  0.146396350 1.0000000
85:0-41:0    6.611068e-02 -0.1134872438  0.245708598 1.0000000
86:0-41:0    2.195214e-02 -0.1339438419  0.177848126 1.0000000
87:0-41:0    2.251137e-02 -0.1398926020  0.184915338 1.0000000
88:0-41:0    7.877346e-02 -0.0875088751  0.245055787 1.0000000
89:0-41:0    7.651886e-02 -0.0871247870  0.240162506 1.0000000
90:0-41:0    3.958249e-02 -0.1183225859  0.197487558 1.0000000
91:0-41:0    5.217433e-03 -0.1462275788  0.156662445 1.0000000
92:0-41:0    1.133967e-01 -0.0380483336  0.264841690 0.8744863
93:0-41:0    8.150793e-02 -0.0691320311  0.232147889 0.9999995
94:0-41:0    9.033064e-02 -0.0611143713  0.241775652 0.9998999
95:0-41:0    9.869725e-02 -0.0625158269  0.259910324 0.9996748
96:0-41:0    1.032771e-01 -0.0436925690  0.250246782 0.9666744
97:0-41:0    7.121877e-02 -0.0786413206  0.221078862 1.0000000
98:0-41:0    5.023688e-02 -0.1047070806  0.205180837 1.0000000
99:0-41:0    9.210884e-02 -0.0511082480  0.235325929 0.9977043
100:0-41:0  -7.482025e-03 -0.1169269060  0.101962857 1.0000000
1:1-41:0    -1.950521e-02 -0.1309933735  0.091982956 1.0000000
2:1-41:0     1.306011e-03 -0.1477982011  0.150410223 1.0000000
3:1-41:0     4.562044e-02 -0.1235377685  0.214778652 1.0000000
4:1-41:0     3.612855e-02 -0.1330296604  0.205286760 1.0000000
5:1-41:0     1.339292e-01 -0.0630580836  0.330916534 0.9861455
6:1-41:0     3.324173e-02 -0.1637455836  0.230229034 1.0000000
7:1-41:0     5.458884e-02 -0.1366522705  0.245829952 1.0000000
8:1-41:0     9.104225e-03 -0.2110569911  0.229265442 1.0000000
9:1-41:0     4.028923e-02 -0.1709077838  0.251486235 1.0000000
10:1-41:0    4.789708e-02 -0.1960679090  0.291862074 1.0000000
11:1-41:0    1.520038e-02 -0.1760407320  0.206441490 1.0000000
12:1-41:0    2.310949e-02 -0.1923802130  0.238599190 1.0000000
13:1-41:0   -3.460630e-02 -0.2500960025  0.180883401 1.0000000
14:1-41:0    5.839370e-02 -0.1570960025  0.273883401 1.0000000
15:1-41:0    6.982565e-02 -0.1741393376  0.313790645 1.0000000
16:1-41:0   -3.556720e-02 -0.2795321947  0.208397788 1.0000000
17:1-41:0    9.327968e-04 -0.2063037427  0.208169336 1.0000000
18:1-41:0    6.319485e-02 -0.1144389833  0.240828684 1.0000000
19:1-41:0    1.383658e-02 -0.1601586172  0.187831774 1.0000000
20:1-41:0    1.494770e-02 -0.1429573686  0.172852776 1.0000000
21:1-41:0    6.688423e-02 -0.0871402536  0.220908704 1.0000000
22:1-41:0    3.484225e-03 -0.1505402536  0.157508704 1.0000000
23:1-41:0    3.523901e-02 -0.1649231959  0.235401212 1.0000000
24:1-41:0    5.608756e-02 -0.1255819848  0.237757102 1.0000000
25:1-41:0   -3.344872e-02 -0.2587164241  0.191818992 1.0000000
26:1-41:0    3.403499e-02 -0.2176457745  0.285715764 1.0000000
27:1-41:0    4.065756e-02 -0.1964173880  0.277732505 1.0000000
28:1-41:0    1.264735e-01 -0.1252073129  0.378154225 1.0000000
29:1-41:0    1.043200e-01 -0.1111696867  0.319809716 1.0000000
30:1-41:0    4.821256e-02 -0.2121811509  0.308606268 1.0000000
31:1-41:0   -5.734664e-03 -0.2258958800  0.214426553 1.0000000
32:1-41:0    6.361163e-02 -0.1250194342  0.252242700 1.0000000
33:1-41:0    2.334968e-02 -0.1802195807  0.226918941 1.0000000
34:1-41:0    1.701713e-02 -0.1625807922  0.196615049 1.0000000
35:1-41:0    4.999798e-02 -0.1808795721  0.280875523 1.0000000
36:1-41:0   -2.995775e-03 -0.1970163006  0.191024751 1.0000000
37:1-41:0    3.058756e-02 -0.1510819848  0.212257102 1.0000000
38:1-41:0   -3.139872e-02 -0.2053939114  0.142596480 1.0000000
39:1-41:0    3.337450e-02 -0.1357837145  0.202532706 1.0000000
40:1-41:0    4.924336e-02 -0.1086617164  0.207148428 1.0000000
41:1-41:0    5.296324e-02 -0.0926846201  0.198611104 1.0000000
42:1-41:0    4.777791e-02 -0.1199106816  0.215466501 1.0000000
43:1-41:0    4.524994e-02 -0.1270562886  0.217556168 1.0000000
44:1-41:0    6.290423e-02 -0.1887765437  0.314584994 1.0000000
45:1-41:0    5.544173e-02 -0.1754358221  0.286319273 1.0000000
46:1-41:0   -3.156720e-02 -0.2755321947  0.212397788 1.0000000
47:1-41:0    9.511673e-02 -0.1357608221  0.325994273 1.0000000
48:1-41:0    1.013709e-01 -0.1357040546  0.338445839 1.0000000
49:1-41:0    4.838658e-02 -0.1768811300  0.273654287 1.0000000
50:1-41:0   -3.333724e-02 -0.1969808846  0.130306408 1.0000000
51:1-41:0    2.125423e-02 -0.2096233221  0.252131773 1.0000000
52:1-41:0    2.901623e-02 -0.1650043006  0.223036751 1.0000000
53:1-41:0   -8.008275e-03 -0.2049955836  0.188979034 1.0000000
54:1-41:0    4.928054e-02 -0.1184080501  0.216969132 1.0000000
55:1-41:0    5.602298e-02 -0.1216108583  0.233656809 1.0000000
56:1-41:0    1.265042e-01 -0.0371394212  0.290147872 0.7919955
57:1-41:0    2.140700e-02 -0.1492887452  0.192102751 1.0000000
58:1-41:0    5.857298e-02 -0.0973230086  0.214468959 1.0000000
59:1-41:0    3.803961e-02 -0.1051774788  0.181256699 1.0000000
60:1-41:0    3.864856e-02 -0.0892942100  0.166591340 1.0000000
61:1-41:0    4.673557e-02 -0.0757279115  0.169199049 1.0000000
62:1-41:0    4.588675e-02 -0.0828012580  0.174574757 1.0000000
63:1-41:0    3.531815e-02 -0.1011131920  0.171749491 1.0000000
64:1-41:0    5.790423e-02 -0.0979917586  0.213800209 1.0000000
65:1-41:0    4.982695e-02 -0.1102410948  0.209895000 1.0000000
66:1-41:0    6.116893e-02 -0.1128262643  0.235164127 1.0000000
67:1-41:0    6.015038e-02 -0.1061319520  0.226432710 1.0000000
68:1-41:0    1.645301e-02 -0.1471906407  0.180096652 1.0000000
69:1-41:0    7.504623e-02 -0.0789782536  0.229070704 1.0000000
70:1-41:0    7.022786e-02 -0.0796322297  0.220087953 1.0000000
71:1-41:0    8.820184e-02 -0.0742021258  0.250605815 0.9999994
72:1-41:0    5.402423e-02 -0.1182820029  0.226330454 1.0000000
73:1-41:0    8.448200e-02 -0.0744842007  0.243448207 0.9999998
74:1-41:0    7.776004e-02 -0.0834530362  0.238973115 1.0000000
75:1-41:0    1.632867e-02 -0.1426375340  0.175294874 1.0000000
76:1-41:0    6.136296e-02 -0.0830360459  0.205761957 1.0000000
77:1-41:0    6.674269e-02 -0.0855338352  0.219019209 1.0000000
78:1-41:0    7.869589e-02 -0.0608393262  0.218231110 0.9999944
79:1-41:0    3.129089e-02 -0.1011352567  0.163717041 1.0000000
80:1-41:0    5.963619e-02 -0.0648957620  0.184168147 1.0000000
81:1-41:0    3.491504e-02 -0.0918665760  0.161696648 1.0000000
82:1-41:0    1.630423e-02 -0.1116385496  0.144247000 1.0000000
83:1-41:0    8.304540e-02 -0.0700904550  0.236181259 0.9999994
84:1-41:0    1.024332e-01 -0.0652554185  0.270121764 0.9997048
85:1-41:0   -7.621862e-03 -0.1655269338  0.150283211 1.0000000
86:1-41:0    6.184798e-02 -0.0940480086  0.217743959 1.0000000
87:1-41:0    3.382579e-02 -0.1193100628  0.186961651 1.0000000
88:1-41:0    2.619571e-02 -0.1306866548  0.183078084 1.0000000
89:1-41:0    6.614300e-02 -0.0888009581  0.221086960 1.0000000
90:1-41:0    6.993181e-02 -0.0777282087  0.217591832 1.0000000
91:1-41:0    2.216450e-02 -0.1168953906  0.161224389 1.0000000
92:1-41:0    8.336167e-02 -0.0735206973  0.240244042 0.9999998
93:1-41:0    7.222516e-02 -0.0889879200  0.233438231 1.0000000
94:1-41:0    9.614423e-02 -0.0398829079  0.232171359 0.9616484
95:1-41:0    1.067977e-01 -0.0304697165  0.244065180 0.7724470
96:1-41:0    1.232730e-01 -0.0127541579  0.259300109 0.2267358
97:1-41:0    9.013280e-02 -0.0542662046  0.234531798 0.9992689
98:1-41:0    7.889767e-02 -0.0667501939  0.224545530 0.9999995
99:1-41:0    6.123042e-02 -0.0732652445  0.195726076 1.0000000
100:1-41:0  -1.306780e-02 -0.1213782412  0.095242648 1.0000000
43:0-42:0    1.809152e-02 -0.1609370017  0.197120047 1.0000000
44:0-42:0    9.131556e-02 -0.1489048393  0.331535962 1.0000000
45:0-42:0    1.836806e-02 -0.2030039686  0.239740091 1.0000000
46:0-42:0    7.300306e-02 -0.2164906978  0.362496820 1.0000000
47:0-42:0   -2.610603e-02 -0.2402131122  0.188001053 1.0000000
48:0-42:0   -2.769361e-02 -0.2738763206  0.218489110 1.0000000
49:0-42:0    2.328639e-02 -0.2454258733  0.291998662 1.0000000
50:0-42:0    5.854437e-02 -0.1127314667  0.229820198 1.0000000
51:0-42:0    3.200430e-03 -0.2222706558  0.228671515 1.0000000
52:0-42:0   -1.118768e-02 -0.2111453708  0.188770012 1.0000000
53:0-42:0   -6.885400e-03 -0.2093071421  0.195536341 1.0000000
54:0-42:0    4.580524e-02 -0.1254705972  0.217081067 1.0000000
55:0-42:0    1.157045e-02 -0.1597053798  0.182846285 1.0000000
56:0-42:0    2.097181e-02 -0.1484535609  0.190397183 1.0000000
57:0-42:0   -1.115426e-02 -0.1877346680  0.165426156 1.0000000
58:0-42:0    4.240544e-02 -0.1330267340  0.217837618 1.0000000
59:0-42:0    4.939994e-02 -0.1089662414  0.207766114 1.0000000
60:0-42:0    4.765769e-02 -0.0960404496  0.191355831 1.0000000
61:0-42:0    9.905204e-03 -0.1285725732  0.148382981 1.0000000
62:0-42:0    1.511385e-02 -0.1298973682  0.160125059 1.0000000
63:0-42:0    1.365964e-02 -0.1391889404  0.166508221 1.0000000
64:0-42:0    2.658957e-02 -0.1323206902  0.185499828 1.0000000
65:0-42:0    4.568942e-02 -0.1275825542  0.218961404 1.0000000
66:0-42:0    4.819630e-02 -0.1335064719  0.229899081 1.0000000
67:0-42:0    3.293715e-02 -0.1403348269  0.206209131 1.0000000
68:0-42:0    4.067306e-02 -0.1439639752  0.225310098 1.0000000
69:0-42:0    4.701268e-02 -0.1190883111  0.213113664 1.0000000
70:0-42:0    1.930306e-02 -0.1610323555  0.199638478 1.0000000
71:0-42:0   -1.850408e-02 -0.1870538646  0.150045701 1.0000000
72:0-42:0    7.346811e-03 -0.1620785609  0.176772183 1.0000000
73:0-42:0    9.344172e-03 -0.1629104440  0.181598789 1.0000000
74:0-42:0    8.406186e-03 -0.1812123196  0.198024692 1.0000000
75:0-42:0    3.426518e-02 -0.1536072923  0.222137657 1.0000000
76:0-42:0    1.930741e-02 -0.1519684232  0.190583241 1.0000000
77:0-42:0    4.269444e-02 -0.1191847753  0.204573656 1.0000000
78:0-42:0    2.599099e-02 -0.1358882235  0.187870208 1.0000000
79:0-42:0    1.837973e-02 -0.1297353752  0.166494831 1.0000000
80:0-42:0    3.630506e-02 -0.1091759577  0.181786080 1.0000000
81:0-42:0    2.172229e-02 -0.1202404284  0.163685012 1.0000000
82:0-42:0    2.260445e-02 -0.1318995176  0.177108418 1.0000000
83:0-42:0    4.147687e-02 -0.1174333886  0.200387130 1.0000000
84:0-42:0   -1.840268e-02 -0.1784486030  0.141643250 1.0000000
85:0-42:0    4.695951e-02 -0.1445001749  0.238419201 1.0000000
86:0-42:0    2.800978e-03 -0.1666243942  0.172226350 1.0000000
87:0-42:0    3.360204e-03 -0.1720719721  0.178792380 1.0000000
88:0-42:0    5.962229e-02 -0.1194062325  0.238650816 1.0000000
89:0-42:0    5.736770e-02 -0.1192127168  0.233948108 1.0000000
90:0-42:0    2.043132e-02 -0.1508445102  0.191707154 1.0000000
91:0-42:0   -1.393373e-02 -0.1792727481  0.151405286 1.0000000
92:0-42:0    9.424551e-02 -0.0710935028  0.259584531 0.9999899
93:0-42:0    6.235676e-02 -0.1022451685  0.226958698 1.0000000
94:0-42:0    7.117948e-02 -0.0941595405  0.236518493 1.0000000
95:0-42:0    7.954608e-02 -0.0947842188  0.253876388 1.0000000
96:0-42:0    8.412594e-02 -0.0771238155  0.245375701 1.0000000
97:0-42:0    5.206761e-02 -0.1118209101  0.215956123 1.0000000
98:0-42:0    3.108571e-02 -0.1374640687  0.199635497 1.0000000
99:0-42:0    7.295768e-02 -0.0848793704  0.230794724 1.0000000
100:0-42:0  -2.663319e-02 -0.1546159258  0.101349548 1.0000000
1:1-42:0    -3.865637e-02 -0.1683907546  0.091078009 1.0000000
2:1-42:0    -1.784515e-02 -0.1810427787  0.145352473 1.0000000
3:1-42:0     2.646928e-02 -0.1552334990  0.208172054 1.0000000
4:1-42:0     1.697739e-02 -0.1647253909  0.198680162 1.0000000
5:1-42:0     1.147781e-01 -0.0930810227  0.322637145 0.9999983
6:1-42:0     1.409056e-02 -0.1937685227  0.221949645 1.0000000
7:1-42:0     3.543768e-02 -0.1669840652  0.237859418 1.0000000
8:1-42:0    -1.004694e-02 -0.2399868443  0.219892967 1.0000000
9:1-42:0     2.113806e-02 -0.2002339686  0.242510091 1.0000000
10:1-42:0    2.874592e-02 -0.2240787561  0.281570593 1.0000000
11:1-42:0   -3.950785e-03 -0.2063725267  0.198470957 1.0000000
12:1-42:0    3.958324e-03 -0.2215127611  0.229429410 1.0000000
13:1-42:0   -5.375747e-02 -0.2792285506  0.171713620 1.0000000
14:1-42:0    3.924253e-02 -0.1862285506  0.264713620 1.0000000
15:1-42:0    5.067449e-02 -0.2021501846  0.303499164 1.0000000
16:1-42:0   -5.471837e-02 -0.3075430418  0.198106307 1.0000000
17:1-42:0   -1.821837e-02 -0.2358152015  0.199378467 1.0000000
18:1-42:0    4.404369e-02 -0.1455748196  0.233662192 1.0000000
19:1-42:0   -5.314586e-03 -0.1915287823  0.180899611 1.0000000
20:1-42:0   -4.203461e-03 -0.1754792928  0.167072372 1.0000000
21:1-42:0    4.773306e-02 -0.1199718553  0.215437978 1.0000000
22:1-42:0   -1.566694e-02 -0.1833718553  0.152037978 1.0000000
23:1-42:0    1.608784e-02 -0.1947825116  0.226958199 1.0000000
24:1-42:0    3.693639e-02 -0.1564679021  0.230340691 1.0000000
25:1-42:0   -5.259988e-02 -0.2874337346  0.182233975 1.0000000
26:1-42:0    1.488383e-02 -0.2453941141  0.275161775 1.0000000
27:1-42:0    2.150639e-02 -0.2246763206  0.267689110 1.0000000
28:1-42:0    1.073223e-01 -0.1529556525  0.367600237 1.0000000
29:1-42:0    8.516885e-02 -0.1403022348  0.310639936 1.0000000
30:1-42:0    2.906139e-02 -0.2396508733  0.297773662 1.0000000
31:1-42:0   -2.488583e-02 -0.2548257332  0.205054078 1.0000000
32:1-42:0    4.446047e-02 -0.1554972227  0.244418160 1.0000000
33:1-42:0    4.198516e-03 -0.2099085668  0.218305598 1.0000000
34:1-42:0   -2.134036e-03 -0.1935937233  0.189325652 1.0000000
35:1-42:0    3.084681e-02 -0.2093735893  0.271067212 1.0000000
36:1-42:0   -2.214694e-02 -0.2271965996  0.182902722 1.0000000
37:1-42:0    1.143639e-02 -0.1819679021  0.204840691 1.0000000
38:1-42:0   -5.054988e-02 -0.2367640765  0.135664317 1.0000000
39:1-42:0    1.422333e-02 -0.1674794449  0.195926108 1.0000000
40:1-42:0    3.009219e-02 -0.1411836406  0.201368024 1.0000000
41:1-42:0    3.381208e-02 -0.1262338489  0.193858004 1.0000000
42:1-42:0    2.862675e-02 -0.1517086713  0.208962162 1.0000000
43:1-42:0    2.609878e-02 -0.1585382609  0.210735812 1.0000000
44:1-42:0    4.375306e-02 -0.2165248833  0.304031006 1.0000000
45:1-42:0    3.629056e-02 -0.2039298393  0.276510962 1.0000000
46:1-42:0   -5.071837e-02 -0.3035430418  0.202106307 1.0000000
47:1-42:0    7.596556e-02 -0.1642548393  0.316185962 1.0000000
48:1-42:0    8.221973e-02 -0.1639629873  0.328402443 1.0000000
49:1-42:0    2.923541e-02 -0.2055984405  0.264069269 1.0000000
50:1-42:0   -5.248840e-02 -0.2290688143  0.124092010 1.0000000
51:1-42:0    2.103061e-03 -0.2381173393  0.242323462 1.0000000
52:1-42:0    9.865061e-03 -0.1951845996  0.214914722 1.0000000
53:1-42:0   -2.715944e-02 -0.2350185227  0.180699645 1.0000000
54:1-42:0    3.012938e-02 -0.1502060397  0.210464794 1.0000000
55:1-42:0    3.687181e-02 -0.1527466946  0.226490317 1.0000000
56:1-42:0    1.073531e-01 -0.0692273509  0.283933473 0.9997604
57:1-42:0    2.255839e-03 -0.1808791861  0.185390864 1.0000000
58:1-42:0    3.942181e-02 -0.1300035609  0.208847183 1.0000000
59:1-42:0    1.888845e-02 -0.1389486012  0.176725493 1.0000000
60:1-42:0    1.949740e-02 -0.1246232173  0.163618019 1.0000000
61:1-42:0    2.758440e-02 -0.1116948217  0.166863631 1.0000000
62:1-42:0    2.673559e-02 -0.1180470178  0.171518189 1.0000000
63:1-42:0    1.616699e-02 -0.1355396719  0.167873642 1.0000000
64:1-42:0    3.875306e-02 -0.1306723109  0.208178433 1.0000000
65:1-42:0    3.067579e-02 -0.1425961906  0.203947768 1.0000000
66:1-42:0    4.201777e-02 -0.1441964294  0.228231964 1.0000000
67:1-42:0    4.099922e-02 -0.1380293094  0.220027740 1.0000000
68:1-42:0   -2.698158e-03 -0.1792785704  0.173882254 1.0000000
69:1-42:0    5.589506e-02 -0.1118098553  0.223599978 1.0000000
70:1-42:0    5.107670e-02 -0.1128118191  0.214965214 1.0000000
71:1-42:0    6.905068e-02 -0.1063814959  0.244482856 1.0000000
72:1-42:0    3.487306e-02 -0.1497639752  0.219510098 1.0000000
73:1-42:0    6.533084e-02 -0.1069237774  0.237585455 1.0000000
74:1-42:0    5.860888e-02 -0.1157214281  0.232939178 1.0000000
75:1-42:0   -2.822494e-03 -0.1750771107  0.169432122 1.0000000
76:1-42:0    4.221179e-02 -0.1166984679  0.201122051 1.0000000
77:1-42:0    4.759152e-02 -0.1185094649  0.213692510 1.0000000
78:1-42:0    5.954473e-02 -0.0949592398  0.214048696 1.0000000
79:1-42:0    1.213973e-02 -0.1359753752  0.160254831 1.0000000
80:1-42:0    4.048503e-02 -0.1006163770  0.181586434 1.0000000
81:1-42:0    1.576387e-02 -0.1273269247  0.158854669 1.0000000
82:1-42:0   -2.846939e-03 -0.1469675569  0.141273679 1.0000000
83:1-42:0    6.389424e-02 -0.1029949158  0.230783391 1.0000000
84:1-42:0    8.328201e-02 -0.0970534081  0.263617425 1.0000000
85:1-42:0   -2.677303e-02 -0.1980488580  0.144502807 1.0000000
86:1-42:0    4.269681e-02 -0.1267285609  0.212122183 1.0000000
87:1-42:0    1.467463e-02 -0.1522145236  0.181563783 1.0000000
88:1-42:0    7.044551e-03 -0.1632888776  0.177377979 1.0000000
89:1-42:0    4.699184e-02 -0.1215579462  0.215541620 1.0000000
90:1-42:0    5.078065e-02 -0.1110985684  0.212659863 1.0000000
91:1-42:0    3.013335e-03 -0.1510614905  0.157088161 1.0000000
92:1-42:0    6.421051e-02 -0.1061229202  0.234543936 1.0000000
93:1-42:0    5.307399e-02 -0.1212563118  0.227404295 1.0000000
94:1-42:0    7.699306e-02 -0.0743501907  0.228336313 1.0000000
95:1-42:0    8.764657e-02 -0.0648124473  0.240105583 0.9999841
96:1-42:0    1.041218e-01 -0.0472214407  0.255465063 0.9807208
97:1-42:0    7.098163e-02 -0.0879286267  0.229891892 1.0000000
98:1-42:0    5.974650e-02 -0.1002994226  0.219792430 1.0000000
99:1-42:0    4.207925e-02 -0.1078890168  0.192047520 1.0000000
100:1-42:0  -3.221896e-02 -0.1592329416  0.094795020 1.0000000
44:0-43:0    7.322404e-02 -0.1744612943  0.320909371 1.0000000
45:0-43:0    2.765385e-04 -0.2291744560  0.229727533 1.0000000
46:0-43:0    5.491154e-02 -0.2408059277  0.350629005 1.0000000
47:0-43:0   -4.419755e-02 -0.2666476054  0.178252500 1.0000000
48:0-43:0   -4.578513e-02 -0.2992572420  0.207686986 1.0000000
49:0-43:0    5.194872e-03 -0.2702111306  0.280600874 1.0000000
50:0-43:0    4.045284e-02 -0.1411444974  0.222050183 1.0000000
51:0-43:0   -1.489109e-02 -0.2482993056  0.218517119 1.0000000
52:0-43:0   -2.927920e-02 -0.2381458142  0.179587410 1.0000000
53:0-43:0   -2.497692e-02 -0.2362036846  0.186249838 1.0000000
54:0-43:0    2.771371e-02 -0.1538836278  0.209311053 1.0000000
55:0-43:0   -6.521070e-03 -0.1881184105  0.175076270 1.0000000
56:0-43:0    2.880288e-03 -0.1769728182  0.182733395 1.0000000
57:0-43:0   -2.924578e-02 -0.2158545276  0.157362970 1.0000000
58:0-43:0    2.431392e-02 -0.1612086714  0.209836510 1.0000000
59:0-43:0    3.130841e-02 -0.1381673354  0.200784162 1.0000000
60:0-43:0    2.956617e-02 -0.1262906214  0.185422958 1.0000000
61:0-43:0   -8.186319e-03 -0.1592435199  0.142870883 1.0000000
62:0-43:0   -2.977677e-03 -0.1600459278  0.154090573 1.0000000
63:0-43:0   -4.431883e-03 -0.1687634737  0.159899709 1.0000000
64:0-43:0    8.498046e-03 -0.1614862287  0.178482321 1.0000000
65:0-43:0    2.759790e-02 -0.1558833285  0.211079133 1.0000000
66:0-43:0    3.010478e-02 -0.1613582231  0.221567786 1.0000000
67:0-43:0    1.484563e-02 -0.1686356012  0.198326860 1.0000000
68:0-43:0    2.258154e-02 -0.1716683482  0.216831425 1.0000000
69:0-43:0    2.892115e-02 -0.1478038341  0.205646142 1.0000000
70:0-43:0    1.211538e-03 -0.1889542991  0.191377376 1.0000000
71:0-43:0   -3.659560e-02 -0.2156241289  0.142432920 1.0000000
72:0-43:0   -1.074471e-02 -0.1905978182  0.169108395 1.0000000
73:0-43:0   -8.747350e-03 -0.1912681331  0.173773432 1.0000000
74:0-43:0   -9.685337e-03 -0.2086761931  0.189305520 1.0000000
75:0-43:0    1.617366e-02 -0.1811541133  0.213501433 1.0000000
76:0-43:0    1.215886e-03 -0.1803814539  0.182813227 1.0000000
77:0-43:0    2.460292e-02 -0.1481601100  0.197365946 1.0000000
78:0-43:0    7.899469e-03 -0.1648635582  0.180662497 1.0000000
79:0-43:0    2.882051e-04 -0.1596501174  0.160226528 1.0000000
80:0-43:0    1.821354e-02 -0.1392885571  0.175715634 1.0000000
81:0-43:0    3.630769e-03 -0.1506274468  0.157888985 1.0000000
82:0-43:0    4.512927e-03 -0.1613594914  0.170385346 1.0000000
83:0-43:0    2.338535e-02 -0.1465989271  0.193369623 1.0000000
84:0-43:0   -3.649420e-02 -0.2075406310  0.134552233 1.0000000
85:0-43:0    2.886799e-02 -0.1718781065  0.229614087 1.0000000
86:0-43:0   -1.529054e-02 -0.1951436515  0.164562562 1.0000000
87:0-43:0   -1.473132e-02 -0.2002539095  0.170791272 1.0000000
88:0-43:0    4.153077e-02 -0.1473961898  0.230457728 1.0000000
89:0-43:0    3.927617e-02 -0.1473325764  0.225884922 1.0000000
90:0-43:0    2.339799e-03 -0.1792575409  0.183937140 1.0000000
91:0-43:0   -3.202525e-02 -0.2080342701  0.143983762 1.0000000
92:0-43:0    7.615399e-02 -0.0998550248  0.252163007 1.0000000
93:0-43:0    4.426524e-02 -0.1310515561  0.219582040 1.0000000
94:0-43:0    5.308795e-02 -0.1229210625  0.229096970 1.0000000
95:0-43:0    6.145456e-02 -0.1230264343  0.245935558 1.0000000
96:0-43:0    6.603442e-02 -0.1061389455  0.238207785 1.0000000
97:0-43:0    3.397608e-02 -0.1406710723  0.208623240 1.0000000
98:0-43:0    1.299419e-02 -0.1660343330  0.192022716 1.0000000
99:0-43:0    5.486615e-02 -0.1141152554  0.223847563 1.0000000
100:0-43:0  -4.472471e-02 -0.1862229950  0.096773572 1.0000000
1:1-43:0    -5.674790e-02 -0.1998324617  0.086336671 1.0000000
2:1-43:0    -3.593668e-02 -0.2099356650  0.138062313 1.0000000
3:1-43:0     8.377755e-03 -0.1830852501  0.199840759 1.0000000
4:1-43:0    -1.114137e-03 -0.1925771420  0.190348868 1.0000000
5:1-43:0     9.668654e-02 -0.1197564841  0.313129561 1.0000000
6:1-43:0    -4.000962e-03 -0.2204439841  0.212442061 1.0000000
7:1-43:0     1.734615e-02 -0.1938806077  0.228572915 1.0000000
8:1-43:0    -2.813846e-02 -0.2658663383  0.209589415 1.0000000
9:1-43:0     3.046538e-03 -0.2264044560  0.232497533 1.0000000
10:1-43:0    1.065440e-02 -0.2492734776  0.270582269 1.0000000
11:1-43:0   -2.204231e-02 -0.2332690692  0.189184454 1.0000000
12:1-43:0   -1.413320e-02 -0.2475414108  0.219275014 1.0000000
13:1-43:0   -7.184899e-02 -0.3052572003  0.161559225 1.0000000
14:1-43:0    2.115101e-02 -0.2122572003  0.254559225 1.0000000
15:1-43:0    3.258297e-02 -0.2273449061  0.292510840 1.0000000
16:1-43:0   -7.280989e-02 -0.3327377633  0.187117983 1.0000000
17:1-43:0   -3.630989e-02 -0.2621207966  0.189501016 1.0000000
18:1-43:0    2.595216e-02 -0.1730386931  0.224943020 1.0000000
19:1-43:0   -2.340611e-02 -0.2191557197  0.172343502 1.0000000
20:1-43:0   -2.229498e-02 -0.2038923235  0.159302357 1.0000000
21:1-43:0    2.964154e-02 -0.1485917982  0.207874875 1.0000000
22:1-43:0   -3.375846e-02 -0.2119917982  0.144474875 1.0000000
23:1-43:0   -2.003679e-03 -0.2213401557  0.217332798 1.0000000
24:1-43:0    1.884487e-02 -0.1837567205  0.221446464 1.0000000
25:1-43:0   -7.069140e-02 -0.3131560858  0.171773280 1.0000000
26:1-43:0   -3.207692e-03 -0.2703907600  0.263975375 1.0000000
27:1-43:0    3.414872e-03 -0.2500572420  0.256886986 1.0000000
28:1-43:0    8.923077e-02 -0.1779522985  0.356413837 1.0000000
29:1-43:0    6.707733e-02 -0.1663308845  0.300485540 1.0000000
30:1-43:0    1.096987e-02 -0.2644361306  0.286375874 1.0000000
31:1-43:0   -4.297735e-02 -0.2807052272  0.194750526 1.0000000
32:1-43:0    2.636895e-02 -0.1824976660  0.235235558 1.0000000
33:1-43:0   -1.389301e-02 -0.2363430599  0.208557046 1.0000000
34:1-43:0   -2.022556e-02 -0.2209716549  0.180520538 1.0000000
35:1-43:0    1.275529e-02 -0.2349300443  0.260440621 1.0000000
36:1-43:0   -4.023846e-02 -0.2539849157  0.173507993 1.0000000
37:1-43:0   -6.655128e-03 -0.2092567205  0.195946464 1.0000000
38:1-43:0   -6.864140e-02 -0.2643910138  0.127108208 1.0000000
39:1-43:0   -3.868191e-03 -0.1953311961  0.187594814 1.0000000
40:1-43:0    1.200067e-02 -0.1695966713  0.193598009 1.0000000
41:1-43:0    1.572055e-02 -0.1553258769  0.186766987 1.0000000
42:1-43:0    1.053522e-02 -0.1796306149  0.200701060 1.0000000
43:1-43:0    8.007253e-03 -0.1862426339  0.202257139 1.0000000
44:1-43:0    2.566154e-02 -0.2415215292  0.292844606 1.0000000
45:1-43:0    1.819904e-02 -0.2294862943  0.265884371 1.0000000
46:1-43:0   -6.880989e-02 -0.3287377633  0.191117983 1.0000000
47:1-43:0    5.787404e-02 -0.1898112943  0.305559371 1.0000000
48:1-43:0    6.412821e-02 -0.1893439087  0.317600319 1.0000000
49:1-43:0    1.114389e-02 -0.2313207917  0.253608574 1.0000000
50:1-43:0   -7.057992e-02 -0.2571886739  0.116028824 1.0000000
51:1-43:0   -1.598846e-02 -0.2636737943  0.231696871 1.0000000
52:1-43:0   -8.226462e-03 -0.2219729157  0.205519993 1.0000000
53:1-43:0   -4.525096e-02 -0.2616939841  0.171192061 1.0000000
54:1-43:0    1.203785e-02 -0.1781279833  0.202203692 1.0000000
55:1-43:0    1.878029e-02 -0.1802105681  0.217771145 1.0000000
56:1-43:0    8.926154e-02 -0.0973472105  0.275870287 1.0000000
57:1-43:0   -1.583568e-02 -0.2086584538  0.176987086 1.0000000
58:1-43:0    2.133029e-02 -0.1585228182  0.201183395 1.0000000
59:1-43:0    7.969231e-04 -0.1681844862  0.169778332 1.0000000
60:1-43:0    1.405878e-03 -0.1548405165  0.157652273 1.0000000
61:1-43:0    9.492882e-03 -0.1422993648  0.161285128 1.0000000
62:1-43:0    8.644063e-03 -0.1482131509  0.165501276 1.0000000
63:1-43:0   -1.924537e-03 -0.1651945381  0.161345463 1.0000000
64:1-43:0    2.066154e-02 -0.1591915682  0.200514645 1.0000000
65:1-43:0    1.258427e-02 -0.1708969648  0.196065496 1.0000000
66:1-43:0    2.392624e-02 -0.1718233667  0.219675855 1.0000000
67:1-43:0    2.290769e-02 -0.1660192667  0.211834651 1.0000000
68:1-43:0   -2.078968e-02 -0.2073984300  0.165819068 1.0000000
69:1-43:0    3.780354e-02 -0.1404297982  0.216036875 1.0000000
70:1-43:0    3.298517e-02 -0.1416619814  0.207632331 1.0000000
71:1-43:0    5.095916e-02 -0.1345634333  0.236481748 1.0000000
72:1-43:0    1.678154e-02 -0.1774683482  0.211031425 1.0000000
73:1-43:0    4.723932e-02 -0.1352814664  0.229760099 1.0000000
74:1-43:0    4.051735e-02 -0.1439636436  0.224998348 1.0000000
75:1-43:0   -2.091402e-02 -0.2034347998  0.161606766 1.0000000
76:1-43:0    2.412027e-02 -0.1458640064  0.194104544 1.0000000
77:1-43:0    2.950000e-02 -0.1472249879  0.206224988 1.0000000
78:1-43:0    4.145321e-02 -0.1244192136  0.207325624 1.0000000
79:1-43:0   -5.951795e-03 -0.1658901174  0.153986528 1.0000000
80:1-43:0    2.239351e-02 -0.1310724185  0.175859430 1.0000000
81:1-43:0   -2.327651e-03 -0.1576246544  0.152969353 1.0000000
82:1-43:0   -2.093846e-02 -0.1771848561  0.135307933 1.0000000
83:1-43:0    4.580271e-02 -0.1316632615  0.223268691 1.0000000
84:1-43:0    6.519049e-02 -0.1249753517  0.255356323 1.0000000
85:1-43:0   -4.486455e-02 -0.2264618887  0.136732792 1.0000000
86:1-43:0    2.460529e-02 -0.1552478182  0.204458395 1.0000000
87:1-43:0   -3.416893e-03 -0.1808828693  0.174049084 1.0000000
88:1-43:0   -1.104697e-02 -0.1917557435  0.169661799 1.0000000
89:1-43:0    2.890031e-02 -0.1501282105  0.207928838 1.0000000
90:1-43:0    3.268912e-02 -0.1400739031  0.205452152 1.0000000
91:1-43:0   -1.507819e-02 -0.1805509502  0.150394575 1.0000000
92:1-43:0    4.611899e-02 -0.1345897860  0.226827757 1.0000000
93:1-43:0    3.498247e-02 -0.1494985273  0.219463465 1.0000000
94:1-43:0    5.890154e-02 -0.1040308498  0.221833927 1.0000000
95:1-43:0    6.955504e-02 -0.0944142647  0.233524355 1.0000000
96:1-43:0    8.603029e-02 -0.0769020998  0.248962677 0.9999999
97:1-43:0    5.289011e-02 -0.1170941652  0.222874385 1.0000000
98:1-43:0    4.165498e-02 -0.1293914507  0.212701413 1.0000000
99:1-43:0    2.398773e-02 -0.1376682787  0.185643737 1.0000000
100:1-43:0  -5.031048e-02 -0.1909331509  0.090312184 1.0000000
45:0-44:0   -7.294750e-02 -0.3527731370  0.206878137 1.0000000
46:0-44:0   -1.831250e-02 -0.3546210608  0.317996061 1.0000000
47:0-44:0   -1.174216e-01 -0.3915358997  0.156692718 1.0000000
48:0-44:0   -1.190092e-01 -0.4188470241  0.180828691 1.0000000
49:0-44:0   -6.802917e-02 -0.3866246694  0.250566336 1.0000000
50:0-44:0   -3.277120e-02 -0.2749121096  0.209369718 1.0000000
51:0-44:0   -8.811513e-02 -0.3711946644  0.194964401 1.0000000
52:0-44:0   -1.025032e-01 -0.3657139735  0.160707492 1.0000000
53:0-44:0   -9.820096e-02 -0.3632884434  0.166886520 1.0000000
54:0-44:0   -4.551033e-02 -0.2876512401  0.196630588 1.0000000
55:0-44:0   -7.974511e-02 -0.3218860227  0.162395805 1.0000000
56:0-44:0   -7.034375e-02 -0.3111793126  0.170491813 1.0000000
57:0-44:0   -1.024698e-01 -0.3483914580  0.143451824 1.0000000
58:0-44:0   -4.891012e-02 -0.2940085889  0.196188351 1.0000000
59:0-44:0   -4.191562e-02 -0.2751036558  0.191272406 1.0000000
60:0-44:0   -4.365787e-02 -0.2671438142  0.179828073 1.0000000
61:0-44:0   -8.141036e-02 -0.3015759909  0.138755277 1.0000000
62:0-44:0   -7.620172e-02 -0.3005342002  0.148130769 1.0000000
63:0-44:0   -7.765592e-02 -0.3071324996  0.151820657 1.0000000
64:0-44:0   -6.472599e-02 -0.2982838693  0.168831885 1.0000000
65:0-44:0   -4.562614e-02 -0.2891830912  0.197930818 1.0000000
66:0-44:0   -4.311926e-02 -0.2927443966  0.206505883 1.0000000
67:0-44:0   -5.837841e-02 -0.3019353639  0.185178546 1.0000000
68:0-44:0   -5.064250e-02 -0.3024115344  0.201126534 1.0000000
69:0-44:0   -4.430288e-02 -0.2828114790  0.194205710 1.0000000
70:0-44:0   -7.201250e-02 -0.3206441030  0.176619103 1.0000000
71:0-44:0   -1.098196e-01 -0.3500400434  0.130400758 1.0000000
72:0-44:0   -8.396875e-02 -0.3248043126  0.156866813 1.0000000
73:0-44:0   -8.197139e-02 -0.3248056212  0.160862843 1.0000000
74:0-44:0   -8.290937e-02 -0.3383540642  0.172535314 1.0000000
75:0-44:0   -5.705038e-02 -0.3112016689  0.197100911 1.0000000
76:0-44:0   -7.200815e-02 -0.3141490662  0.170132762 1.0000000
77:0-44:0   -4.862112e-02 -0.2842090915  0.186966850 1.0000000
78:0-44:0   -6.532457e-02 -0.3009125398  0.170263402 1.0000000
79:0-44:0   -7.293583e-02 -0.2992870986  0.153415432 1.0000000
80:0-44:0   -5.501050e-02 -0.2796469582  0.169625958 1.0000000
81:0-44:0   -6.959327e-02 -0.2919673358  0.152780797 1.0000000
82:0-44:0   -6.871111e-02 -0.2992936073  0.161871385 1.0000000
83:0-44:0   -4.983869e-02 -0.2833965677  0.183719187 1.0000000
84:0-44:0   -1.097182e-01 -0.3440502886  0.124613813 1.0000000
85:0-44:0   -4.435605e-02 -0.3011704240  0.212458327 1.0000000
86:0-44:0   -8.851458e-02 -0.3293501460  0.152320979 1.0000000
87:0-44:0   -8.795536e-02 -0.3330538270  0.157143113 1.0000000
88:0-44:0   -3.169327e-02 -0.2793786020  0.215992064 1.0000000
89:0-44:0   -3.394787e-02 -0.2798695067  0.211973775 1.0000000
90:0-44:0   -7.088424e-02 -0.3130251531  0.171256675 1.0000000
91:0-44:0   -1.052493e-01 -0.3432278671  0.132729282 1.0000000
92:0-44:0    2.929953e-03 -0.2350486218  0.240908527 1.0000000
93:0-44:0   -2.895880e-02 -0.2664258635  0.208508271 1.0000000
94:0-44:0   -2.013608e-02 -0.2581146596  0.217842490 1.0000000
95:0-44:0   -1.176948e-02 -0.2560804796  0.232541526 1.0000000
96:0-44:0   -7.189619e-03 -0.2423455158  0.227966279 1.0000000
97:0-44:0   -3.924795e-02 -0.2762210699  0.197725161 1.0000000
98:0-44:0   -6.022985e-02 -0.3004502475  0.179990554 1.0000000
99:0-44:0   -1.835788e-02 -0.2511868882  0.214471119 1.0000000
100:0-44:0  -1.179487e-01 -0.3316691105  0.095771610 0.9999984
1:1-44:0    -1.299719e-01 -0.3447458182  0.084801950 0.9998050
2:1-44:0    -1.091607e-01 -0.3456565419  0.127335113 1.0000000
3:1-44:0    -6.484628e-02 -0.3144714237  0.184778856 1.0000000
4:1-44:0    -7.433818e-02 -0.3239633156  0.175286964 1.0000000
5:1-44:0     2.346250e-02 -0.2457998447  0.292724845 1.0000000
6:1-44:0    -7.722500e-02 -0.3464873447  0.192037345 1.0000000
7:1-44:0    -5.587788e-02 -0.3209653665  0.209209597 1.0000000
8:1-44:0    -1.013625e-01 -0.3880141556  0.185289156 1.0000000
9:1-44:0    -7.017750e-02 -0.3500031370  0.209648137 1.0000000
10:1-44:0   -6.256964e-02 -0.3678844435  0.242745158 1.0000000
11:1-44:0   -9.526635e-02 -0.3603538280  0.169821136 1.0000000
12:1-44:0   -8.735724e-02 -0.3704367696  0.195722296 1.0000000
13:1-44:0   -1.450730e-01 -0.4281525591  0.138006506 1.0000000
14:1-44:0   -5.207303e-02 -0.3351525591  0.231006506 1.0000000
15:1-44:0   -4.064107e-02 -0.3459558721  0.264673729 1.0000000
16:1-44:0   -1.460339e-01 -0.4513487292  0.159280872 1.0000000
17:1-44:0   -1.095339e-01 -0.3863826124  0.167314755 1.0000000
18:1-44:0   -4.727188e-02 -0.3027165642  0.208172814 1.0000000
19:1-44:0   -9.663015e-02 -0.3495580785  0.156297784 1.0000000
20:1-44:0   -9.551902e-02 -0.3376599357  0.146621892 1.0000000
21:1-44:0   -4.358250e-02 -0.2832108592  0.196045859 1.0000000
22:1-44:0   -1.069825e-01 -0.3466108592  0.132645859 1.0000000
23:1-44:0   -7.522772e-02 -0.3468213813  0.196365947 1.0000000
24:1-44:0   -5.437917e-02 -0.3126465348  0.203888201 1.0000000
25:1-44:0   -1.439154e-01 -0.4345075106  0.146676628 1.0000000
26:1-44:0   -7.643173e-02 -0.3879464494  0.235082988 1.0000000
27:1-44:0   -6.980917e-02 -0.3696470241  0.230028691 1.0000000
28:1-44:0    1.600673e-02 -0.2955079878  0.327521449 1.0000000
29:1-44:0   -6.146711e-03 -0.2892262433  0.276932822 1.0000000
30:1-44:0   -6.225417e-02 -0.3808496694  0.256341336 1.0000000
31:1-44:0   -1.162014e-01 -0.4028530445  0.170450267 1.0000000
32:1-44:0   -4.685509e-02 -0.3100658253  0.216355640 1.0000000
33:1-44:0   -8.711705e-02 -0.3612313543  0.186997263 1.0000000
34:1-44:0   -9.344960e-02 -0.3502639724  0.163364779 1.0000000
35:1-44:0   -6.046875e-02 -0.3554308702  0.234493370 1.0000000
36:1-44:0   -1.134625e-01 -0.3805620599  0.153637060 1.0000000
37:1-44:0   -7.987917e-02 -0.3381465348  0.178388201 1.0000000
38:1-44:0   -1.418654e-01 -0.3947933726  0.111062490 0.9999959
39:1-44:0   -7.709223e-02 -0.3267173696  0.172532910 1.0000000
40:1-44:0   -6.122337e-02 -0.3033642836  0.180917544 1.0000000
41:1-44:0   -5.750348e-02 -0.2918355345  0.176828567 1.0000000
42:1-44:0   -6.268882e-02 -0.3113204188  0.185942787 1.0000000
43:1-44:0   -6.521679e-02 -0.3169858202  0.186552249 1.0000000
44:1-44:0   -4.756250e-02 -0.3590772186  0.263952219 1.0000000
45:1-44:0   -5.502500e-02 -0.3499871202  0.239937120 1.0000000
46:1-44:0   -1.420339e-01 -0.4473487292  0.163280872 1.0000000
47:1-44:0   -1.535000e-02 -0.3103121202  0.279612120 1.0000000
48:1-44:0   -9.095833e-03 -0.3089336908  0.290742024 1.0000000
49:1-44:0   -6.208015e-02 -0.3526722165  0.228511922 1.0000000
50:1-44:0   -1.438040e-01 -0.3897256043  0.102117677 0.9999618
51:1-44:0   -8.921250e-02 -0.3841746202  0.205749620 1.0000000
52:1-44:0   -8.145050e-02 -0.3485500599  0.185649060 1.0000000
53:1-44:0   -1.184750e-01 -0.3877373447  0.150787345 1.0000000
54:1-44:0   -6.118618e-02 -0.3098177872  0.187445419 1.0000000
55:1-44:0   -5.444375e-02 -0.3098884392  0.201000939 1.0000000
56:1-44:0    1.603750e-02 -0.2298841409  0.261959141 1.0000000
57:1-44:0   -8.905972e-02 -0.3397293233  0.161609879 1.0000000
58:1-44:0   -5.189375e-02 -0.2927293126  0.188941813 1.0000000
59:1-44:0   -7.242712e-02 -0.3052561190  0.160401888 1.0000000
60:1-44:0   -7.181816e-02 -0.2955759850  0.151939664 1.0000000
61:1-44:0   -6.373116e-02 -0.2844017582  0.156939445 1.0000000
62:1-44:0   -6.457998e-02 -0.2887647516  0.159604800 1.0000000
63:1-44:0   -7.514858e-02 -0.3038661340  0.153568982 1.0000000
64:1-44:0   -5.256250e-02 -0.2933980626  0.188273063 1.0000000
65:1-44:0   -6.063977e-02 -0.3041967275  0.182917182 1.0000000
66:1-44:0   -4.929779e-02 -0.3022257255  0.203630137 1.0000000
67:1-44:0   -5.031635e-02 -0.2980016790  0.197368987 1.0000000
68:1-44:0   -9.401372e-02 -0.3399353604  0.151907921 1.0000000
69:1-44:0   -3.542050e-02 -0.2750488592  0.204207859 1.0000000
70:1-44:0   -4.023886e-02 -0.2772119790  0.196734252 1.0000000
71:1-44:0   -2.226488e-02 -0.2673633509  0.222833589 1.0000000
72:1-44:0   -5.644250e-02 -0.3082115344  0.195326534 1.0000000
73:1-44:0   -2.598472e-02 -0.2688189545  0.216849510 1.0000000
74:1-44:0   -3.270669e-02 -0.2770176889  0.211604317 1.0000000
75:1-44:0   -9.413806e-02 -0.3369722878  0.148696177 1.0000000
76:1-44:0   -4.910377e-02 -0.2826616471  0.184454107 1.0000000
77:1-44:0   -4.372404e-02 -0.2822326329  0.194784556 1.0000000
78:1-44:0   -3.177083e-02 -0.2623533295  0.198811663 1.0000000
79:1-44:0   -7.917583e-02 -0.3055270986  0.147175432 1.0000000
80:1-44:0   -5.083053e-02 -0.2726557300  0.170994664 1.0000000
81:1-44:0   -7.555169e-02 -0.2986476049  0.147544227 1.0000000
82:1-44:0   -9.416250e-02 -0.3179203246  0.129595325 1.0000000
83:1-44:0   -2.742132e-02 -0.2664794776  0.211636831 1.0000000
84:1-44:0   -8.033553e-03 -0.2566651557  0.240598050 1.0000000
85:1-44:0   -1.180886e-01 -0.3602295009  0.124052327 1.0000000
86:1-44:0   -4.861875e-02 -0.2894543126  0.192216813 1.0000000
87:1-44:0   -7.664093e-02 -0.3156990855  0.162417223 1.0000000
88:1-44:0   -8.427101e-02 -0.3257462439  0.157204223 1.0000000
89:1-44:0   -4.432372e-02 -0.2845441250  0.195896676 1.0000000
90:1-44:0   -4.053491e-02 -0.2761228846  0.195053057 1.0000000
91:1-44:0   -8.830223e-02 -0.3185973919  0.141992940 1.0000000
92:1-44:0   -2.710505e-02 -0.2685802864  0.214370180 1.0000000
93:1-44:0   -3.824157e-02 -0.2825525727  0.206069433 1.0000000
94:1-44:0   -1.432250e-02 -0.2427991758  0.214154176 1.0000000
95:1-44:0   -3.668994e-03 -0.2328862764  0.225548289 1.0000000
96:1-44:0    1.280625e-02 -0.2156704258  0.241282926 1.0000000
97:1-44:0   -2.033393e-02 -0.2538918058  0.213223949 1.0000000
98:1-44:0   -3.156906e-02 -0.2659011083  0.202762994 1.0000000
99:1-44:0   -4.923631e-02 -0.2768045258  0.178331907 1.0000000
100:1-44:0  -1.235345e-01 -0.3366761717  0.089607127 0.9999757
46:0-45:0    5.463500e-02 -0.2684798137  0.377749814 1.0000000
47:0-45:0   -4.447409e-02 -0.3022305439  0.213282362 1.0000000
48:0-45:0   -4.606167e-02 -0.3310221473  0.238898814 1.0000000
49:0-45:0    4.918333e-03 -0.2997172345  0.309553901 1.0000000
50:0-45:0    4.017630e-02 -0.1832782928  0.263630902 1.0000000
51:0-45:0   -1.516763e-02 -0.2824385740  0.252103311 1.0000000
52:0-45:0   -2.955574e-02 -0.2756850250  0.216573544 1.0000000
53:0-45:0   -2.525346e-02 -0.2733887227  0.222881800 1.0000000
54:0-45:0    2.743717e-02 -0.1960174233  0.250891771 1.0000000
55:0-45:0   -6.797609e-03 -0.2302522059  0.216656988 1.0000000
56:0-45:0    2.603750e-03 -0.2194356677  0.224643168 1.0000000
57:0-45:0   -2.952232e-02 -0.2570683305  0.198023696 1.0000000
58:0-45:0    2.403738e-02 -0.2026187346  0.250693496 1.0000000
59:0-45:0    3.103187e-02 -0.1826884855  0.244752235 1.0000000
60:0-45:0    2.928963e-02 -0.1738007489  0.232380008 1.0000000
61:0-45:0   -8.462857e-03 -0.2078936498  0.190967936 1.0000000
62:0-45:0   -3.254216e-03 -0.2072757792  0.200767348 1.0000000
63:0-45:0   -4.708421e-03 -0.2143729981  0.204956156 1.0000000
64:0-45:0    8.221508e-03 -0.2059023272  0.222345343 1.0000000
65:0-45:0    2.732136e-02 -0.1976669138  0.252309641 1.0000000
66:0-45:0    2.982824e-02 -0.2017153708  0.261371857 1.0000000
67:0-45:0    1.456909e-02 -0.2104191866  0.239557368 1.0000000
68:0-45:0    2.230500e-02 -0.2115483332  0.256158333 1.0000000
69:0-45:0    2.864462e-02 -0.1908686744  0.248157905 1.0000000
70:0-45:0    9.350000e-04 -0.2295371432  0.231407143 1.0000000
71:0-45:0   -3.687214e-02 -0.2582441727  0.184499887 1.0000000
72:0-45:0   -1.102125e-02 -0.2330606677  0.211018168 1.0000000
73:0-45:0   -9.023889e-03 -0.2332295961  0.215181818 1.0000000
74:0-45:0   -9.961875e-03 -0.2477679389  0.227844189 1.0000000
75:0-45:0    1.589712e-02 -0.2205190648  0.252313307 1.0000000
76:0-45:0    9.393478e-04 -0.2225152493  0.224393945 1.0000000
77:0-45:0    2.432638e-02 -0.1920099948  0.240662753 1.0000000
78:0-45:0    7.622931e-03 -0.2087134431  0.223959305 1.0000000
79:0-45:0    1.166667e-05 -0.2062275877  0.206250921 1.0000000
80:0-45:0    1.793700e-02 -0.1864187514  0.222292751 1.0000000
81:0-45:0    3.354231e-03 -0.1985119631  0.205220425 1.0000000
82:0-45:0    4.236389e-03 -0.2066380342  0.215110812 1.0000000
83:0-45:0    2.310881e-02 -0.1910150256  0.237232645 1.0000000
84:0-45:0   -3.677074e-02 -0.2517387466  0.178197271 1.0000000
85:0-45:0    2.859145e-02 -0.2106852884  0.267868192 1.0000000
86:0-45:0   -1.556708e-02 -0.2376065010  0.206472334 1.0000000
87:0-45:0   -1.500786e-02 -0.2416639727  0.211648258 1.0000000
88:0-45:0    4.125423e-02 -0.1881967637  0.270705225 1.0000000
89:0-45:0    3.899963e-02 -0.1885463793  0.266545648 1.0000000
90:0-45:0    2.063261e-03 -0.2213913363  0.225517858 1.0000000
91:0-45:0   -3.230179e-02 -0.2512390820  0.186635497 1.0000000
92:0-45:0    7.587745e-02 -0.1430598367  0.294814742 1.0000000
93:0-45:0    4.398870e-02 -0.1743924831  0.262369891 1.0000000
94:0-45:0    5.281142e-02 -0.1661258745  0.271748705 1.0000000
95:0-45:0    6.117802e-02 -0.1646263188  0.286982365 1.0000000
96:0-45:0    6.575788e-02 -0.1501078888  0.281623652 1.0000000
97:0-45:0    3.369955e-02 -0.1841444175  0.251543508 1.0000000
98:0-45:0    1.271765e-02 -0.2086543768  0.234089683 1.0000000
99:0-45:0    5.458962e-02 -0.1587389567  0.267918188 1.0000000
100:0-45:0  -4.500125e-02 -0.2372930263  0.147290526 1.0000000
1:1-45:0    -5.702443e-02 -0.2504864615  0.136437594 1.0000000
2:1-45:0    -3.621321e-02 -0.2535378822  0.181111454 1.0000000
3:1-45:0     8.101216e-03 -0.2234423979  0.239644830 1.0000000
4:1-45:0    -1.390676e-03 -0.2329342898  0.230152938 1.0000000
5:1-45:0     9.641000e-02 -0.1561804690  0.349000469 1.0000000
6:1-45:0    -4.277500e-03 -0.2568679690  0.248312969 1.0000000
7:1-45:0     1.706962e-02 -0.2310656457  0.265204876 1.0000000
8:1-45:0    -2.841500e-02 -0.2994664830  0.242636483 1.0000000
9:1-45:0     2.770000e-03 -0.2610521406  0.266592141 1.0000000
10:1-45:0    1.037786e-02 -0.2803399825  0.301095697 1.0000000
11:1-45:0   -2.231885e-02 -0.2704541073  0.225816415 1.0000000
12:1-45:0   -1.440974e-02 -0.2816806793  0.252861206 1.0000000
13:1-45:0   -7.212553e-02 -0.3393964687  0.195145416 1.0000000
14:1-45:0    2.087447e-02 -0.2463964687  0.288145416 1.0000000
15:1-45:0    3.230643e-02 -0.2584114110  0.323024268 1.0000000
16:1-45:0   -7.308643e-02 -0.3638042682  0.217631411 1.0000000
17:1-45:0   -3.658643e-02 -0.2972489086  0.224076051 1.0000000
18:1-45:0    2.567562e-02 -0.2121304389  0.263481689 1.0000000
19:1-45:0   -2.368265e-02 -0.2587832069  0.211417913 1.0000000
20:1-45:0   -2.257152e-02 -0.2460261189  0.200883075 1.0000000
21:1-45:0    2.936500e-02 -0.1913644392  0.250094439 1.0000000
22:1-45:0   -3.403500e-02 -0.2547644392  0.186694439 1.0000000
23:1-45:0   -2.280217e-03 -0.2573544283  0.252793993 1.0000000
24:1-45:0    1.856833e-02 -0.2222672293  0.259403896 1.0000000
25:1-45:0   -7.096794e-02 -0.3461832852  0.204247403 1.0000000
26:1-45:0   -3.484231e-03 -0.3007066301  0.293738169 1.0000000
27:1-45:0    3.138333e-03 -0.2818221473  0.288098814 1.0000000
28:1-45:0    8.895423e-02 -0.2082681686  0.386176630 1.0000000
29:1-45:0    6.680079e-02 -0.2004701529  0.334071732 1.0000000
30:1-45:0    1.069333e-02 -0.2939422345  0.315328901 1.0000000
31:1-45:0   -4.325389e-02 -0.3143053719  0.227797594 1.0000000
32:1-45:0    2.609241e-02 -0.2200368769  0.272221692 1.0000000
33:1-45:0   -1.416955e-02 -0.2719259984  0.243586908 1.0000000
34:1-45:0   -2.050210e-02 -0.2597788368  0.218774643 1.0000000
35:1-45:0    1.247875e-02 -0.2673468870  0.292304387 1.0000000
36:1-45:0   -4.051500e-02 -0.2907986584  0.209768658 1.0000000
37:1-45:0   -6.931667e-03 -0.2477672293  0.233903896 1.0000000
38:1-45:0   -6.891794e-02 -0.3040185010  0.166182619 1.0000000
39:1-45:0   -4.144730e-03 -0.2356883438  0.227398884 1.0000000
40:1-45:0    1.172413e-02 -0.2117304667  0.235178728 1.0000000
41:1-45:0    1.544402e-02 -0.1995239925  0.230412025 1.0000000
42:1-45:0    1.025868e-02 -0.2202134590  0.240730827 1.0000000
43:1-45:0    7.730714e-03 -0.2261226190  0.241584048 1.0000000
44:1-45:0    2.538500e-02 -0.2718373994  0.322607399 1.0000000
45:1-45:0    1.792250e-02 -0.2619031370  0.297748137 1.0000000
46:1-45:0   -6.908643e-02 -0.3598042682  0.221631411 1.0000000
47:1-45:0    5.759750e-02 -0.2222281370  0.337423137 1.0000000
48:1-45:0    6.385167e-02 -0.2211088140  0.348812147 1.0000000
49:1-45:0    1.086735e-02 -0.2643479910  0.286082697 1.0000000
50:1-45:0   -7.085646e-02 -0.2984024768  0.156689550 1.0000000
51:1-45:0   -1.626500e-02 -0.2960906370  0.263560637 1.0000000
52:1-45:0   -8.503000e-03 -0.2587866584  0.241780658 1.0000000
53:1-45:0   -4.552750e-02 -0.2981179690  0.207062969 1.0000000
54:1-45:0    1.176132e-02 -0.2187108274  0.242233459 1.0000000
55:1-45:0    1.850375e-02 -0.2193023139  0.256309814 1.0000000
56:1-45:0    8.898500e-02 -0.1385610134  0.316531013 1.0000000
57:1-45:0   -1.611222e-02 -0.2487814803  0.216557036 1.0000000
58:1-45:0    2.105375e-02 -0.2009856677  0.243093168 1.0000000
59:1-45:0    5.203846e-04 -0.2128081875  0.213848957 1.0000000
60:1-45:0    1.129340e-03 -0.2022601853  0.204518865 1.0000000
61:1-45:0    9.216343e-03 -0.1907717792  0.209204466 1.0000000
62:1-45:0    8.367524e-03 -0.1954916146  0.212226663 1.0000000
63:1-45:0   -2.201076e-03 -0.2110346367  0.206632485 1.0000000
64:1-45:0    2.038500e-02 -0.2016544177  0.242424418 1.0000000
65:1-45:0    1.230773e-02 -0.2126805502  0.237296005 1.0000000
66:1-45:0    2.364971e-02 -0.2114508540  0.258750266 1.0000000
67:1-45:0    2.263115e-02 -0.2068198406  0.252082148 1.0000000
68:1-45:0   -2.106622e-02 -0.2486122329  0.206479794 1.0000000
69:1-45:0    3.752700e-02 -0.1832024392  0.258256439 1.0000000
70:1-45:0    3.270864e-02 -0.1851353266  0.250552599 1.0000000
71:1-45:0    5.068262e-02 -0.1759734965  0.277338735 1.0000000
72:1-45:0    1.650500e-02 -0.2173483332  0.250358333 1.0000000
73:1-45:0    4.696278e-02 -0.1772429294  0.271168485 1.0000000
74:1-45:0    4.024081e-02 -0.1855635281  0.266045156 1.0000000
75:1-45:0   -2.119056e-02 -0.2453962627  0.203015152 1.0000000
76:1-45:0    2.384373e-02 -0.1902801050  0.237967565 1.0000000
77:1-45:0    2.922346e-02 -0.1902898282  0.248736751 1.0000000
78:1-45:0    4.117667e-02 -0.1696977564  0.252051090 1.0000000
79:1-45:0   -6.228333e-03 -0.2124675877  0.200010921 1.0000000
80:1-45:0    2.211697e-02 -0.1791444372  0.223378372 1.0000000
81:1-45:0   -2.604189e-03 -0.2052652914  0.200056913 1.0000000
82:1-45:0   -2.121500e-02 -0.2246045249  0.182174525 1.0000000
83:1-45:0    4.552618e-02 -0.1745841046  0.265636457 1.0000000
84:1-45:0    6.491395e-02 -0.1655581958  0.295386091 1.0000000
85:1-45:0   -4.514109e-02 -0.2685956841  0.178313510 1.0000000
86:1-45:0    2.432875e-02 -0.1977106677  0.246368168 1.0000000
87:1-45:0   -3.693431e-03 -0.2238037124  0.216416850 1.0000000
88:1-45:0   -1.132351e-02 -0.2340565864  0.211409565 1.0000000
89:1-45:0    2.862378e-02 -0.1927482543  0.249995805 1.0000000
90:1-45:0    3.241259e-02 -0.1839237879  0.248748960 1.0000000
91:1-45:0   -1.535473e-02 -0.2259149269  0.195205475 1.0000000
92:1-45:0    4.584245e-02 -0.1768906289  0.268575523 1.0000000
93:1-45:0    3.470593e-02 -0.1910984119  0.260510272 1.0000000
94:1-45:0    5.862500e-02 -0.1499447154  0.267194715 1.0000000
95:1-45:0    6.927851e-02 -0.1401022413  0.278659254 1.0000000
96:1-45:0    8.575375e-02 -0.1228159654  0.294323465 1.0000000
97:1-45:0    5.261357e-02 -0.1615102637  0.266737407 1.0000000
98:1-45:0    4.137844e-02 -0.1735895663  0.256346452 1.0000000
99:1-45:0    2.371119e-02 -0.1838629597  0.231285341 1.0000000
100:1-45:0  -5.058702e-02 -0.2422353917  0.141061347 1.0000000
47:0-46:0   -9.910909e-02 -0.4172905643  0.219072382 1.0000000
48:0-46:0   -1.006967e-01 -0.4412895856  0.239896252 1.0000000
49:0-46:0   -4.971667e-02 -0.4069335337  0.307500200 1.0000000
50:0-46:0   -1.445870e-02 -0.3055480598  0.276630669 1.0000000
51:0-46:0   -6.980263e-02 -0.3957394623  0.256134199 1.0000000
52:0-46:0   -8.419074e-02 -0.3930283769  0.224646895 1.0000000
53:0-46:0   -7.988846e-02 -0.3903271330  0.230550210 1.0000000
54:0-46:0   -2.719783e-02 -0.3182871902  0.263891538 1.0000000
55:0-46:0   -6.143261e-02 -0.3525219729  0.229656755 1.0000000
56:0-46:0   -5.203125e-02 -0.3420356705  0.237973171 1.0000000
57:0-46:0   -8.415732e-02 -0.3783991380  0.210084504 1.0000000
58:0-46:0   -3.059762e-02 -0.3241517974  0.262956559 1.0000000
59:0-46:0   -2.360313e-02 -0.3072886083  0.260082358 1.0000000
60:0-46:0   -2.534537e-02 -0.3011111456  0.250420405 1.0000000
61:0-46:0   -6.309786e-02 -0.3361797167  0.209984002 1.0000000
62:0-46:0   -5.788922e-02 -0.3343414888  0.218563057 1.0000000
63:0-46:0   -5.934342e-02 -0.3399860689  0.221299227 1.0000000
64:0-46:0   -4.641349e-02 -0.3304030653  0.237576081 1.0000000
65:0-46:0   -2.731364e-02 -0.3195819821  0.264954709 1.0000000
66:0-46:0   -2.480676e-02 -0.3221508439  0.272537330 1.0000000
67:0-46:0   -4.006591e-02 -0.3323342548  0.252202437 1.0000000
68:0-46:0   -3.233000e-02 -0.3314761890  0.266816189 1.0000000
69:0-46:0   -2.599038e-02 -0.3140652799  0.262084511 1.0000000
70:0-46:0   -5.370000e-02 -0.3502104884  0.242810488 1.0000000
71:0-46:0   -9.150714e-02 -0.3810009019  0.197986616 1.0000000
72:0-46:0   -6.565625e-02 -0.3556606705  0.224348171 1.0000000
73:0-46:0   -6.365889e-02 -0.3553252395  0.228007462 1.0000000
74:0-46:0   -6.459688e-02 -0.3668431073  0.237649357 1.0000000
75:0-46:0   -3.873788e-02 -0.3398917829  0.262416025 1.0000000
76:0-46:0   -5.369565e-02 -0.3447850163  0.237393712 1.0000000
77:0-46:0   -3.030862e-02 -0.3159701122  0.255352871 1.0000000
78:0-46:0   -4.701207e-02 -0.3326735604  0.238649423 1.0000000
79:0-46:0   -5.462333e-02 -0.3327162872  0.223469620 1.0000000
80:0-46:0   -3.669800e-02 -0.3133969954  0.240000995 1.0000000
81:0-46:0   -5.128077e-02 -0.3261462294  0.223584691 1.0000000
82:0-46:0   -5.039861e-02 -0.3319462683  0.231149046 1.0000000
83:0-46:0   -3.152619e-02 -0.3155157637  0.252463383 1.0000000
84:0-46:0   -9.140574e-02 -0.3760323454  0.193220870 1.0000000
85:0-46:0   -2.604355e-02 -0.3294482604  0.277361164 1.0000000
86:0-46:0   -7.020208e-02 -0.3602065039  0.219802337 1.0000000
87:0-46:0   -6.964286e-02 -0.3631970355  0.223911321 1.0000000
88:0-46:0   -1.338077e-02 -0.3090982354  0.282336697 1.0000000
89:0-46:0   -1.563537e-02 -0.3098771867  0.278606455 1.0000000
90:0-46:0   -5.257174e-02 -0.3436611033  0.238517625 1.0000000
91:0-46:0   -8.693679e-02 -0.3745730170  0.200699432 1.0000000
92:0-46:0    2.124245e-02 -0.2663937718  0.308878677 1.0000000
93:0-46:0   -1.064630e-02 -0.2978594640  0.276566871 1.0000000
94:0-46:0   -1.823585e-03 -0.2894598095  0.285812640 1.0000000
95:0-46:0    6.543023e-03 -0.2863539925  0.299440039 1.0000000
96:0-46:0    1.112288e-02 -0.2741823792  0.296428142 1.0000000
97:0-46:0   -2.093545e-02 -0.3077403588  0.265869450 1.0000000
98:0-46:0   -4.191735e-02 -0.3314111060  0.247576412 1.0000000
99:0-46:0   -4.538462e-05 -0.2834358231  0.283345054 1.0000000
100:0-46:0  -9.963625e-02 -0.3675489003  0.168276400 1.0000000
1:1-46:0    -1.116594e-01 -0.3804132563  0.157094388 1.0000000
2:1-46:0    -9.084821e-02 -0.3772588848  0.195562456 1.0000000
3:1-46:0    -4.653378e-02 -0.3438778709  0.250810303 1.0000000
4:1-46:0    -5.602568e-02 -0.3533697628  0.241318411 1.0000000
5:1-46:0     4.177500e-02 -0.2722361558  0.355786156 1.0000000
6:1-46:0    -5.891250e-02 -0.3729236558  0.255098656 1.0000000
7:1-46:0    -3.756538e-02 -0.3480040561  0.272873287 1.0000000
8:1-46:0    -8.305000e-02 -0.4120940204  0.245994020 1.0000000
9:1-46:0    -5.186500e-02 -0.3749798137  0.271249814 1.0000000
10:1-46:0   -4.425714e-02 -0.3896814084  0.301167123 1.0000000
11:1-46:0   -7.695385e-02 -0.3873925176  0.233484825 1.0000000
12:1-46:0   -6.904474e-02 -0.3949815675  0.256892094 1.0000000
13:1-46:0   -1.267605e-01 -0.4526973570  0.199176304 1.0000000
14:1-46:0   -3.376053e-02 -0.3596973570  0.292176304 1.0000000
15:1-46:0   -2.232857e-02 -0.3677528369  0.323095694 1.0000000
16:1-46:0   -1.277214e-01 -0.4731456941  0.217702837 1.0000000
17:1-46:0   -9.122143e-02 -0.4117615812  0.229318724 1.0000000
18:1-46:0   -2.895938e-02 -0.3312056073  0.273286857 1.0000000
19:1-46:0   -7.831765e-02 -0.3784398458  0.221804552 1.0000000
20:1-46:0   -7.720652e-02 -0.3682958859  0.213882842 1.0000000
21:1-46:0   -2.527000e-02 -0.3142726752  0.263732675 1.0000000
22:1-46:0   -8.867000e-02 -0.3776726752  0.200332675 1.0000000
23:1-46:0   -5.691522e-02 -0.3729277393  0.259097304 1.0000000
24:1-46:0   -3.606667e-02 -0.3407022345  0.268568901 1.0000000
25:1-46:0   -1.256029e-01 -0.4580853415  0.206879459 1.0000000
26:1-46:0   -5.811923e-02 -0.4090354823  0.292797021 1.0000000
27:1-46:0   -5.149667e-02 -0.3920895856  0.289096252 1.0000000
28:1-46:0    3.431923e-02 -0.3165970208  0.385235482 1.0000000
29:1-46:0    1.216579e-02 -0.3137710412  0.338102620 1.0000000
30:1-46:0   -4.394167e-02 -0.4011585337  0.313275200 1.0000000
31:1-46:0   -9.788889e-02 -0.4269329093  0.231155131 1.0000000
32:1-46:0   -2.854259e-02 -0.3373802288  0.280295044 1.0000000
33:1-46:0   -6.880455e-02 -0.3869860188  0.249376928 1.0000000
34:1-46:0   -7.513710e-02 -0.3785418087  0.228267615 1.0000000
35:1-46:0   -4.215625e-02 -0.3784648108  0.294152311 1.0000000
36:1-46:0   -9.515000e-02 -0.4073085665  0.217008566 1.0000000
37:1-46:0   -6.156667e-02 -0.3662022345  0.243068901 1.0000000
38:1-46:0   -1.235529e-01 -0.4236751399  0.176569258 1.0000000
39:1-46:0   -5.877973e-02 -0.3561238169  0.238564357 1.0000000
40:1-46:0   -4.291087e-02 -0.3340002337  0.248178495 1.0000000
41:1-46:0   -3.919098e-02 -0.3238175913  0.245435624 1.0000000
42:1-46:0   -4.437632e-02 -0.3408868042  0.252134173 1.0000000
43:1-46:0   -4.690429e-02 -0.3460504747  0.252241903 1.0000000
44:1-46:0   -2.925000e-02 -0.3801662516  0.321666252 1.0000000
45:1-46:0   -3.671250e-02 -0.3730210608  0.299596061 1.0000000
46:1-46:0   -1.237214e-01 -0.4691456941  0.221702837 1.0000000
47:1-46:0    2.962500e-03 -0.3333460608  0.339271061 1.0000000
48:1-46:0    9.216667e-03 -0.3313762523  0.349809586 1.0000000
49:1-46:0   -4.376765e-02 -0.3762500473  0.288714753 1.0000000
50:1-46:0   -1.254915e-01 -0.4197332843  0.168750357 1.0000000
51:1-46:0   -7.090000e-02 -0.4072085608  0.265408561 1.0000000
52:1-46:0   -6.313800e-02 -0.3752965665  0.249020566 1.0000000
53:1-46:0   -1.001625e-01 -0.4141736558  0.213848656 1.0000000
54:1-46:0   -4.287368e-02 -0.3393841726  0.253636804 1.0000000
55:1-46:0   -3.613125e-02 -0.3383774823  0.266114982 1.0000000
56:1-46:0    3.435000e-02 -0.2598918209  0.328591821 1.0000000
57:1-46:0   -7.074722e-02 -0.3689686913  0.227474247 1.0000000
58:1-46:0   -3.358125e-02 -0.3235856705  0.256423171 1.0000000
59:1-46:0   -5.411462e-02 -0.3375050539  0.229275823 1.0000000
60:1-46:0   -5.350566e-02 -0.3294918191  0.222480498 1.0000000
61:1-46:0   -4.541866e-02 -0.3189077974  0.228070484 1.0000000
62:1-46:0   -4.626748e-02 -0.3225999013  0.230064950 1.0000000
63:1-46:0   -5.683608e-02 -0.3368584269  0.223186275 1.0000000
64:1-46:0   -3.425000e-02 -0.3242544205  0.255754421 1.0000000
65:1-46:0   -4.232727e-02 -0.3345956185  0.249941073 1.0000000
66:1-46:0   -3.098529e-02 -0.3311074929  0.269136905 1.0000000
67:1-46:0   -3.200385e-02 -0.3277213123  0.263713620 1.0000000
68:1-46:0   -7.570122e-02 -0.3699430404  0.218540601 1.0000000
69:1-46:0   -1.710800e-02 -0.3061106752  0.271894675 1.0000000
70:1-46:0   -2.192636e-02 -0.3087312679  0.264878541 1.0000000
71:1-46:0   -3.952381e-03 -0.2975065593  0.289601797 1.0000000
72:1-46:0   -3.813000e-02 -0.3372761890  0.261016189 1.0000000
73:1-46:0   -7.672222e-03 -0.2993385728  0.283994128 1.0000000
74:1-46:0   -1.439419e-02 -0.3072912018  0.278502830 1.0000000
75:1-46:0   -7.582556e-02 -0.3674919061  0.215840795 1.0000000
76:1-46:0   -3.079127e-02 -0.3147808431  0.253198303 1.0000000
77:1-46:0   -2.541154e-02 -0.3134864338  0.262663357 1.0000000
78:1-46:0   -1.345833e-02 -0.2950059905  0.268089324 1.0000000
79:1-46:0   -6.086333e-02 -0.3389562872  0.217229620 1.0000000
80:1-46:0   -3.251803e-02 -0.3069396315  0.241903566 1.0000000
81:1-46:0   -5.723919e-02 -0.3326889728  0.218210594 1.0000000
82:1-46:0   -7.585000e-02 -0.3518361587  0.200136159 1.0000000
83:1-46:0   -9.108824e-03 -0.2976388856  0.279421239 1.0000000
84:1-46:0    1.027895e-02 -0.2862315410  0.306789436 1.0000000
85:1-46:0   -9.977609e-02 -0.3908654511  0.191313277 1.0000000
86:1-46:0   -3.030625e-02 -0.3203106705  0.259698171 1.0000000
87:1-46:0   -5.832843e-02 -0.3468584935  0.230201631 1.0000000
88:1-46:0   -6.595851e-02 -0.3564943672  0.224577346 1.0000000
89:1-46:0   -2.601122e-02 -0.3155049836  0.263482535 1.0000000
90:1-46:0   -2.222241e-02 -0.3078839053  0.263439078 1.0000000
91:1-46:0   -6.998973e-02 -0.3513021131  0.211322661 1.0000000
92:1-46:0   -8.792553e-03 -0.2993284098  0.281743303 1.0000000
93:1-46:0   -1.992907e-02 -0.3128260855  0.272967946 1.0000000
94:1-46:0    3.990000e-03 -0.2758356370  0.283815637 1.0000000
95:1-46:0    1.464351e-02 -0.2657871596  0.295074173 1.0000000
96:1-46:0    3.111875e-02 -0.2487068870  0.310944387 1.0000000
97:1-46:0   -2.021429e-03 -0.2860110018  0.281968145 1.0000000
98:1-46:0   -1.325656e-02 -0.2978831650  0.271370050 1.0000000
99:1-46:0   -3.092381e-02 -0.3100081852  0.248160566 1.0000000
100:1-46:0  -1.052220e-01 -0.3726732485  0.162229204 1.0000000
48:0-47:0   -1.587576e-03 -0.2809417286  0.277766577 1.0000000
49:0-47:0    4.939242e-02 -0.2500054654  0.348790314 1.0000000
50:0-47:0    8.465040e-02 -0.1316092269  0.300910017 1.0000000
51:0-47:0    2.930646e-02 -0.2319788710  0.290591790 1.0000000
52:0-47:0    1.491835e-02 -0.2246977841  0.254534484 1.0000000
53:0-47:0    1.922063e-02 -0.2224555486  0.260896807 1.0000000
54:0-47:0    7.191126e-02 -0.1443483573  0.288170887 1.0000000
55:0-47:0    3.767648e-02 -0.1785831400  0.253936104 1.0000000
56:0-47:0    4.707784e-02 -0.1677192032  0.261874885 1.0000000
57:0-47:0    1.495177e-02 -0.2055328184  0.235436366 1.0000000
58:0-47:0    6.851147e-02 -0.1510546045  0.288077548 1.0000000
59:0-47:0    7.550597e-02 -0.1306800173  0.281691949 1.0000000
60:0-47:0    7.376372e-02 -0.1213822992  0.268909740 1.0000000
61:0-47:0    3.601123e-02 -0.1553233116  0.227345779 1.0000000
62:0-47:0    4.121988e-02 -0.1548950542  0.237334805 1.0000000
63:0-47:0    3.976567e-02 -0.1622132945  0.241744634 1.0000000
64:0-47:0    5.269560e-02 -0.1539085734  0.259299771 1.0000000
65:0-47:0    7.179545e-02 -0.1460485084  0.289639417 1.0000000
66:0-47:0    7.430233e-02 -0.1503055740  0.298910242 1.0000000
67:0-47:0    5.904318e-02 -0.1588007811  0.276887145 1.0000000
68:0-47:0    6.677909e-02 -0.1602091217  0.293767304 1.0000000
69:0-47:0    7.311871e-02 -0.1390660047  0.285303417 1.0000000
70:0-47:0    4.540909e-02 -0.1780940992  0.268912281 1.0000000
71:0-47:0    7.601948e-03 -0.2065051345  0.221709031 1.0000000
72:0-47:0    3.345284e-02 -0.1813442032  0.248249885 1.0000000
73:0-47:0    3.545020e-02 -0.1815854317  0.252485836 1.0000000
74:0-47:0    3.451222e-02 -0.1965461992  0.265570631 1.0000000
75:0-47:0    6.037121e-02 -0.1692564870  0.289998911 1.0000000
76:0-47:0    4.541344e-02 -0.1708461834  0.261673061 1.0000000
77:0-47:0    6.880047e-02 -0.1400959011  0.277696842 1.0000000
78:0-47:0    5.209702e-02 -0.1567993494  0.260993393 1.0000000
79:0-47:0    4.448576e-02 -0.1539352524  0.242906768 1.0000000
80:0-47:0    6.241109e-02 -0.1340514763  0.258873658 1.0000000
81:0-47:0    4.782832e-02 -0.1460433561  0.241699999 1.0000000
82:0-47:0    4.871048e-02 -0.1545240879  0.251945047 1.0000000
83:0-47:0    6.758290e-02 -0.1390212718  0.274187073 1.0000000
84:0-47:0    7.703353e-03 -0.1997755904  0.215182297 1.0000000
85:0-47:0    7.306554e-02 -0.1595062217  0.305637307 1.0000000
86:0-47:0    2.890701e-02 -0.1858900366  0.243704052 1.0000000
87:0-47:0    2.946623e-02 -0.1900998426  0.249032310 1.0000000
88:0-47:0    8.572832e-02 -0.1367217312  0.308178375 1.0000000
89:0-47:0    8.347373e-02 -0.1370108672  0.303958317 1.0000000
90:0-47:0    4.653735e-02 -0.1697222704  0.262796974 1.0000000
91:0-47:0    1.217230e-02 -0.1994164629  0.223761060 1.0000000
92:0-47:0    1.203515e-01 -0.0912372177  0.331940305 0.9999910
93:0-47:0    8.846279e-02 -0.1225504987  0.299476088 1.0000000
94:0-47:0    9.728551e-02 -0.1143032554  0.308874267 1.0000000
95:0-47:0    1.056521e-01 -0.1130345752  0.324338804 1.0000000
96:0-47:0    1.102320e-01 -0.0981769957  0.318640940 0.9999999
97:0-47:0    7.817364e-02 -0.1322836262  0.288630899 1.0000000
98:0-47:0    5.719174e-02 -0.1569153386  0.271298827 1.0000000
99:0-47:0    9.906371e-02 -0.1067161442  0.304843557 1.0000000
100:0-47:0  -5.271591e-04 -0.1844086275  0.183354309 1.0000000
1:1-47:0    -1.255034e-02 -0.1976552411  0.172554555 1.0000000
2:1-47:0     8.260877e-03 -0.2016588186  0.218180572 1.0000000
3:1-47:0     5.257531e-02 -0.1720326010  0.277183215 1.0000000
4:1-47:0     4.308342e-02 -0.1815244929  0.267691323 1.0000000
5:1-47:0     1.408841e-01 -0.1053641827  0.387132364 0.9999877
6:1-47:0     4.019659e-02 -0.2060516827  0.286444864 1.0000000
7:1-47:0     6.154371e-02 -0.1801324717  0.303219884 1.0000000
8:1-47:0     1.605909e-02 -0.2490921369  0.281210319 1.0000000
9:1-47:0     4.724409e-02 -0.2105123621  0.305000544 1.0000000
10:1-47:0    5.485195e-02 -0.2303727519  0.340076648 1.0000000
11:1-47:0    2.215524e-02 -0.2195209332  0.263831423 1.0000000
12:1-47:0    3.006435e-02 -0.2312209763  0.291349684 1.0000000
13:1-47:0   -2.765144e-02 -0.2889367657  0.233633895 1.0000000
14:1-47:0    6.534856e-02 -0.1959367657  0.326633895 1.0000000
15:1-47:0    7.678052e-02 -0.2084441805  0.362005219 1.0000000
16:1-47:0   -2.861234e-02 -0.3138370376  0.256612362 1.0000000
17:1-47:0    7.887662e-03 -0.2466338410  0.262409166 1.0000000
18:1-47:0    7.014972e-02 -0.1609086992  0.301208131 1.0000000
19:1-47:0    2.079144e-02 -0.2074815078  0.249064395 1.0000000
20:1-47:0    2.190257e-02 -0.1943570530  0.238162191 1.0000000
21:1-47:0    7.383909e-02 -0.1396035302  0.287281712 1.0000000
22:1-47:0    1.043909e-02 -0.2030035302  0.223881712 1.0000000
23:1-47:0    4.219387e-02 -0.2066014645  0.290989212 1.0000000
24:1-47:0    6.304242e-02 -0.1711327995  0.297217648 1.0000000
25:1-47:0   -2.649385e-02 -0.2959001471  0.242912447 1.0000000
26:1-47:0    4.098986e-02 -0.2508618520  0.332841572 1.0000000
27:1-47:0    4.761242e-02 -0.2317417286  0.326966577 1.0000000
28:1-47:0    1.334283e-01 -0.1584233904  0.425280034 1.0000000
29:1-47:0    1.112749e-01 -0.1500104499  0.372560211 1.0000000
30:1-47:0    5.516742e-02 -0.2442304654  0.354565314 1.0000000
31:1-47:0    1.220202e-03 -0.2639310258  0.266371430 1.0000000
32:1-47:0    7.056650e-02 -0.1690496359  0.310182633 1.0000000
33:1-47:0    3.030455e-02 -0.2212399958  0.281849087 1.0000000
34:1-47:0    2.397199e-02 -0.2085997701  0.256543758 1.0000000
35:1-47:0    5.695284e-02 -0.2171614679  0.331067150 1.0000000
36:1-47:0    3.959091e-03 -0.2399223903  0.247840572 1.0000000
37:1-47:0    3.754242e-02 -0.1966327995  0.271717648 1.0000000
38:1-47:0   -2.444385e-02 -0.2527168019  0.203829101 1.0000000
39:1-47:0    4.032936e-02 -0.1842785470  0.264937269 1.0000000
40:1-47:0    5.619822e-02 -0.1600614008  0.272457844 1.0000000
41:1-47:0    5.991811e-02 -0.1475608363  0.267397051 1.0000000
42:1-47:0    5.473278e-02 -0.1687704150  0.278235965 1.0000000
43:1-47:0    5.220481e-02 -0.1747834074  0.279193018 1.0000000
44:1-47:0    6.985909e-02 -0.2219926212  0.361710803 1.0000000
45:1-47:0    6.239659e-02 -0.2117177179  0.336510900 1.0000000
46:1-47:0   -2.461234e-02 -0.3098370376  0.260612362 1.0000000
47:1-47:0    1.020716e-01 -0.1720427179  0.376185900 1.0000000
48:1-47:0    1.083258e-01 -0.1710283953  0.387679910 1.0000000
49:1-47:0    5.534144e-02 -0.2140648529  0.324747741 1.0000000
50:1-47:0   -2.638237e-02 -0.2468669647  0.194102220 1.0000000
51:1-47:0    2.820909e-02 -0.2459052179  0.302323400 1.0000000
52:1-47:0    3.597109e-02 -0.2079103903  0.279852572 1.0000000
53:1-47:0   -1.053409e-03 -0.2473016827  0.245194864 1.0000000
54:1-47:0    5.623541e-02 -0.1672677834  0.279738597 1.0000000
55:1-47:0    6.297784e-02 -0.1680805742  0.294036256 1.0000000
56:1-47:0    1.334591e-01 -0.0870255013  0.353943683 0.9998029
57:1-47:0    2.836187e-02 -0.1974062665  0.254130004 1.0000000
58:1-47:0    6.552784e-02 -0.1492692032  0.280324885 1.0000000
59:1-47:0    4.499448e-02 -0.1607853750  0.250774326 1.0000000
60:1-47:0    4.560343e-02 -0.1498538948  0.241060756 1.0000000
61:1-47:0    5.369043e-02 -0.1382249543  0.245605823 1.0000000
62:1-47:0    5.284162e-02 -0.1431043357  0.248787566 1.0000000
63:1-47:0    4.227301e-02 -0.1588431786  0.243389208 1.0000000
64:1-47:0    6.485909e-02 -0.1499379532  0.279656135 1.0000000
65:1-47:0    5.678182e-02 -0.1610621447  0.274625781 1.0000000
66:1-47:0    6.812380e-02 -0.1601491548  0.296396748 1.0000000
67:1-47:0    6.710524e-02 -0.1553448082  0.289555298 1.0000000
68:1-47:0    2.340787e-02 -0.1970767208  0.243892464 1.0000000
69:1-47:0    8.200109e-02 -0.1314415302  0.295443712 1.0000000
70:1-47:0    7.718273e-02 -0.1332745353  0.287639990 1.0000000
71:1-47:0    9.515671e-02 -0.1244093664  0.314722786 1.0000000
72:1-47:0    6.097909e-02 -0.1660091217  0.287967304 1.0000000
73:1-47:0    9.143687e-02 -0.1255987651  0.308472502 1.0000000
74:1-47:0    8.471490e-02 -0.1339717845  0.303401594 1.0000000
75:1-47:0    2.328354e-02 -0.1937520984  0.240319169 1.0000000
76:1-47:0    6.831782e-02 -0.1382863511  0.274921993 1.0000000
77:1-47:0    7.369755e-02 -0.1384871585  0.285882263 1.0000000
78:1-47:0    8.565076e-02 -0.1175838101  0.288885325 1.0000000
79:1-47:0    3.824576e-02 -0.1601752524  0.236666768 1.0000000
80:1-47:0    6.659106e-02 -0.1266508113  0.259832927 1.0000000
81:1-47:0    4.186990e-02 -0.1528293267  0.236569130 1.0000000
82:1-47:0    2.325909e-02 -0.1721982344  0.218716416 1.0000000
83:1-47:0    9.000027e-02 -0.1228019953  0.302802530 1.0000000
84:1-47:0    1.093880e-01 -0.1141151518  0.332891228 1.0000000
85:1-47:0   -6.669960e-04 -0.2169266182  0.215592626 1.0000000
86:1-47:0    6.880284e-02 -0.1459942032  0.283599885 1.0000000
87:1-47:0    4.078066e-02 -0.1720216031  0.253582922 1.0000000
88:1-47:0    3.315058e-02 -0.1823634337  0.248664594 1.0000000
89:1-47:0    7.309787e-02 -0.1410092161  0.287204949 1.0000000
90:1-47:0    7.688668e-02 -0.1320096942  0.285783048 1.0000000
91:1-47:0    2.911936e-02 -0.1737891499  0.232027880 1.0000000
92:1-47:0    9.031654e-02 -0.1251974763  0.305830552 1.0000000
93:1-47:0    7.918002e-02 -0.1395066682  0.297866710 1.0000000
94:1-47:0    1.030991e-01 -0.0977431192  0.303941301 1.0000000
95:1-47:0    1.137526e-01 -0.0879317221  0.315436917 0.9999944
96:1-47:0    1.302278e-01 -0.0706143692  0.331070051 0.9969315
97:1-47:0    9.708766e-02 -0.1095165099  0.303691835 1.0000000
98:1-47:0    8.585253e-02 -0.1216264101  0.293331477 1.0000000
99:1-47:0    6.818528e-02 -0.1316228641  0.267993427 1.0000000
100:1-47:0  -6.112931e-03 -0.1893214593  0.177095597 1.0000000
49:0-48:0    5.098000e-02 -0.2721348137  0.374094814 1.0000000
50:0-48:0    8.623797e-02 -0.1618191003  0.334295042 1.0000000
51:0-48:0    3.089404e-02 -0.2572623639  0.319050434 1.0000000
52:0-48:0    1.650593e-02 -0.2521573917  0.285169244 1.0000000
53:0-48:0    2.080821e-02 -0.2496940341  0.291310444 1.0000000
54:0-48:0    7.349884e-02 -0.1745582308  0.321555912 1.0000000
55:0-48:0    3.926406e-02 -0.2087930134  0.287321129 1.0000000
56:0-48:0    4.866542e-02 -0.1981175986  0.295448432 1.0000000
57:0-48:0    1.653935e-02 -0.2352096164  0.268288316 1.0000000
58:0-48:0    7.009905e-02 -0.1808458634  0.321043959 1.0000000
59:0-48:0    7.709354e-02 -0.1622320652  0.316419149 1.0000000
60:0-48:0    7.535130e-02 -0.1545314031  0.305233996 1.0000000
61:0-48:0    3.759881e-02 -0.1890573060  0.264254925 1.0000000
62:0-48:0    4.280745e-02 -0.1878983184  0.273513220 1.0000000
63:0-48:0    4.135325e-02 -0.1943575698  0.277064061 1.0000000
64:0-48:0    5.428317e-02 -0.1854028084  0.293969158 1.0000000
65:0-48:0    7.338303e-02 -0.1760564987  0.322822559 1.0000000
66:0-48:0    7.588991e-02 -0.1794780577  0.331257877 1.0000000
67:0-48:0    6.063076e-02 -0.1888087715  0.310070287 1.0000000
68:0-48:0    6.836667e-02 -0.1890973796  0.325830713 1.0000000
69:0-48:0    7.470628e-02 -0.1698063721  0.319218936 1.0000000
70:0-48:0    4.699667e-02 -0.2074001935  0.301393527 1.0000000
71:0-48:0    9.189524e-03 -0.2369931914  0.255372239 1.0000000
72:0-48:0    3.504042e-02 -0.2117425986  0.281823432 1.0000000
73:0-48:0    3.703778e-02 -0.2116961217  0.285771677 1.0000000
74:0-48:0    3.609979e-02 -0.2249597373  0.297159321 1.0000000
75:0-48:0    6.195879e-02 -0.1978352972  0.321752873 1.0000000
76:0-48:0    4.700101e-02 -0.2010560568  0.295058086 1.0000000
77:0-48:0    7.038805e-02 -0.1712765572  0.312052649 1.0000000
78:0-48:0    5.368460e-02 -0.1879800055  0.295349201 1.0000000
79:0-48:0    4.607333e-02 -0.1865959248  0.278742591 1.0000000
80:0-48:0    6.399867e-02 -0.1670026900  0.295000023 1.0000000
81:0-48:0    4.941590e-02 -0.1793860123  0.278217807 1.0000000
82:0-48:0    5.029806e-02 -0.1864895623  0.287085673 1.0000000
83:0-48:0    6.917048e-02 -0.1705155068  0.308856459 1.0000000
84:0-48:0    9.290929e-03 -0.2311494971  0.249731355 1.0000000
85:0-48:0    7.465312e-02 -0.1877467902  0.337053027 1.0000000
86:0-48:0    3.049458e-02 -0.2162884320  0.277277599 1.0000000
87:0-48:0    3.105381e-02 -0.2198911015  0.281998721 1.0000000
88:0-48:0    8.731590e-02 -0.1661562164  0.340788011 1.0000000
89:0-48:0    8.506130e-02 -0.1666876652  0.336810267 1.0000000
90:0-48:0    4.812493e-02 -0.1999321438  0.296181999 1.0000000
91:0-48:0    1.375987e-02 -0.2302358028  0.257755551 1.0000000
92:0-48:0    1.219391e-01 -0.1220565575  0.365934797 1.0000000
93:0-48:0    9.005037e-02 -0.1534464395  0.333547180 1.0000000
94:0-48:0    9.887308e-02 -0.1451225953  0.342868759 1.0000000
95:0-48:0    1.072397e-01 -0.1429361573  0.357415537 1.0000000
96:0-48:0    1.118195e-01 -0.1294238651  0.353062961 1.0000000
97:0-48:0    7.976121e-02 -0.1632539023  0.322776327 1.0000000
98:0-48:0    5.877932e-02 -0.1874033954  0.304962035 1.0000000
99:0-48:0    1.006513e-01 -0.1383245187  0.339627083 1.0000000
100:0-48:0   1.060417e-03 -0.2193403113  0.221461145 1.0000000
1:1-48:0    -1.096277e-02 -0.2323852362  0.210459702 1.0000000
2:1-48:0     9.848452e-03 -0.2327012640  0.252398169 1.0000000
3:1-48:0     5.416288e-02 -0.2012050847  0.309530850 1.0000000
4:1-48:0     4.467099e-02 -0.2106969766  0.300038959 1.0000000
5:1-48:0     1.424717e-01 -0.1321231233  0.417066457 1.0000000
6:1-48:0     4.178417e-02 -0.2328106233  0.316378957 1.0000000
7:1-48:0     6.313128e-02 -0.2073709572  0.333633521 1.0000000
8:1-48:0     1.764667e-02 -0.2740196839  0.309313017 1.0000000
9:1-48:0     4.883167e-02 -0.2361288140  0.333792147 1.0000000
10:1-48:0    5.643952e-02 -0.2535882426  0.366467290 1.0000000
11:1-48:0    2.374282e-02 -0.2467594188  0.294245060 1.0000000
12:1-48:0    3.165193e-02 -0.2565044692  0.319808329 1.0000000
13:1-48:0   -2.606386e-02 -0.3142202587  0.262092539 1.0000000
14:1-48:0    6.693614e-02 -0.2212202587  0.355092539 1.0000000
15:1-48:0    7.836810e-02 -0.2316596711  0.388395862 1.0000000
16:1-48:0   -2.702476e-02 -0.3370525283  0.283003004 1.0000000
17:1-48:0    9.475238e-03 -0.2725624937  0.291512970 1.0000000
18:1-48:0    7.173729e-02 -0.1893222373  0.332796821 1.0000000
19:1-48:0    2.237902e-02 -0.2362184028  0.280976442 1.0000000
20:1-48:0    2.349014e-02 -0.2245669264  0.271547216 1.0000000
21:1-48:0    7.542667e-02 -0.1701783800  0.321031713 1.0000000
22:1-48:0    1.202667e-02 -0.2335783800  0.257631713 1.0000000
23:1-48:0    4.378145e-02 -0.2330997648  0.320662663 1.0000000
24:1-48:0    6.463000e-02 -0.1991921406  0.328452141 1.0000000
25:1-48:0   -2.490627e-02 -0.3204461859  0.270633637 1.0000000
26:1-48:0    4.257744e-02 -0.2735578331  0.358712705 1.0000000
27:1-48:0    4.920000e-02 -0.2554355678  0.353835568 1.0000000
28:1-48:0    1.350159e-01 -0.1811193716  0.451151166 1.0000000
29:1-48:0    1.128625e-01 -0.1752939429  0.401018855 1.0000000
30:1-48:0    5.675500e-02 -0.2663598137  0.379869814 1.0000000
31:1-48:0    2.807778e-03 -0.2888585728  0.294474128 1.0000000
32:1-48:0    7.215407e-02 -0.1965092435  0.340817392 1.0000000
33:1-48:0    3.189212e-02 -0.2474620316  0.311246274 1.0000000
34:1-48:0    2.555957e-02 -0.2368403386  0.287959478 1.0000000
35:1-48:0    5.854042e-02 -0.2412974408  0.358378274 1.0000000
36:1-48:0    5.546667e-03 -0.2669276685  0.278021002 1.0000000
37:1-48:0    3.913000e-02 -0.2246921406  0.302952141 1.0000000
38:1-48:0   -2.285627e-02 -0.2814536970  0.235741148 1.0000000
39:1-48:0    4.191694e-02 -0.2134510306  0.297284905 1.0000000
40:1-48:0    5.778580e-02 -0.1902712742  0.305842868 1.0000000
41:1-48:0    6.150568e-02 -0.1789347430  0.301946109 1.0000000
42:1-48:0    5.632035e-02 -0.1980765092  0.310717211 1.0000000
43:1-48:0    5.379238e-02 -0.2036716653  0.311256427 1.0000000
44:1-48:0    7.144667e-02 -0.2446886024  0.387581936 1.0000000
45:1-48:0    6.398417e-02 -0.2358536908  0.363822024 1.0000000
46:1-48:0   -2.302476e-02 -0.3330525283  0.287003004 1.0000000
47:1-48:0    1.036592e-01 -0.1961786908  0.403497024 1.0000000
48:1-48:0    1.099133e-01 -0.1947222345  0.414548901 1.0000000
49:1-48:0    5.692902e-02 -0.2386108918  0.352468931 1.0000000
50:1-48:0   -2.479480e-02 -0.2765437627  0.226954169 1.0000000
51:1-48:0    2.979667e-02 -0.2700411908  0.329634524 1.0000000
52:1-48:0    3.755867e-02 -0.2349156685  0.310033002 1.0000000
53:1-48:0    5.341667e-04 -0.2740606233  0.275128957 1.0000000
54:1-48:0    5.782298e-02 -0.1965738777  0.312219843 1.0000000
55:1-48:0    6.456542e-02 -0.1964941123  0.325624946 1.0000000
56:1-48:0    1.350467e-01 -0.1167022993  0.386795633 0.9999997
57:1-48:0    2.994944e-02 -0.2264395907  0.286338480 1.0000000
58:1-48:0    6.711542e-02 -0.1796675986  0.313898432 1.0000000
59:1-48:0    4.658205e-02 -0.1923937494  0.285557852 1.0000000
60:1-48:0    4.719101e-02 -0.1829560174  0.277338030 1.0000000
61:1-48:0    5.527801e-02 -0.1718686448  0.282424665 1.0000000
62:1-48:0    5.442919e-02 -0.1761329528  0.284991335 1.0000000
63:1-48:0    4.386059e-02 -0.1911113433  0.278832525 1.0000000
64:1-48:0    6.644667e-02 -0.1803363486  0.313229682 1.0000000
65:1-48:0    5.836939e-02 -0.1910701351  0.307808923 1.0000000
66:1-48:0    6.971137e-02 -0.1888860499  0.328308795 1.0000000
67:1-48:0    6.869282e-02 -0.1847792933  0.322164934 1.0000000
68:1-48:0    2.499545e-02 -0.2267535188  0.276744413 1.0000000
69:1-48:0    8.358867e-02 -0.1620163800  0.329193713 1.0000000
70:1-48:0    7.877030e-02 -0.1642448114  0.321785417 1.0000000
71:1-48:0    9.674429e-02 -0.1542006253  0.347689197 1.0000000
72:1-48:0    6.256667e-02 -0.1948973796  0.320030713 1.0000000
73:1-48:0    9.302444e-02 -0.1557094551  0.341758344 1.0000000
74:1-48:0    8.630248e-02 -0.1638733666  0.336478328 1.0000000
75:1-48:0    2.487111e-02 -0.2238627884  0.273605011 1.0000000
76:1-48:0    6.990540e-02 -0.1697805861  0.309591380 1.0000000
77:1-48:0    7.528513e-02 -0.1692275259  0.319797782 1.0000000
78:1-48:0    8.723833e-02 -0.1495492845  0.324025951 1.0000000
79:1-48:0    3.983333e-02 -0.1928359248  0.272502591 1.0000000
80:1-48:0    6.817863e-02 -0.1600898627  0.296447130 1.0000000
81:1-48:0    4.345748e-02 -0.1860460650  0.272961020 1.0000000
82:1-48:0    2.484667e-02 -0.2053003570  0.254993690 1.0000000
83:1-48:0    9.158784e-02 -0.1534609060  0.336636592 1.0000000
84:1-48:0    1.109756e-01 -0.1434212461  0.365372474 1.0000000
85:1-48:0    9.205797e-04 -0.2471364916  0.248977651 1.0000000
86:1-48:0    7.039042e-02 -0.1763925986  0.317173432 1.0000000
87:1-48:0    4.236824e-02 -0.2026805138  0.287416984 1.0000000
88:1-48:0    3.473816e-02 -0.2126691532  0.282145465 1.0000000
89:1-48:0    7.468544e-02 -0.1714972730  0.320868157 1.0000000
90:1-48:0    7.847425e-02 -0.1631903503  0.320138856 1.0000000
91:1-48:0    3.070694e-02 -0.2058008855  0.267214767 1.0000000
92:1-48:0    9.190411e-02 -0.1555031958  0.339311423 1.0000000
93:1-48:0    8.076760e-02 -0.1694082504  0.330943444 1.0000000
94:1-48:0    1.046867e-01 -0.1300508033  0.339424137 1.0000000
95:1-48:0    1.153402e-01 -0.1201182121  0.350798558 1.0000000
96:1-48:0    1.318154e-01 -0.1029220533  0.366552887 0.9999956
97:1-48:0    9.867524e-02 -0.1410107449  0.338361221 1.0000000
98:1-48:0    8.744011e-02 -0.1530003168  0.327880535 1.0000000
99:1-48:0    6.977286e-02 -0.1640804761  0.303626190 1.0000000
100:1-48:0  -4.525355e-03 -0.2243649588  0.215314248 1.0000000
50:0-49:0    3.525797e-02 -0.2351725455  0.305688488 1.0000000
51:0-49:0   -2.008596e-02 -0.3277131158  0.287541186 1.0000000
52:0-49:0   -3.447407e-02 -0.3239223974  0.254974249 1.0000000
53:0-49:0   -3.017179e-02 -0.3213277927  0.260984203 1.0000000
54:0-49:0    2.251884e-02 -0.2479116760  0.292949357 1.0000000
55:0-49:0   -1.171594e-02 -0.2821464586  0.258714575 1.0000000
56:0-49:0   -2.314583e-03 -0.2715769280  0.266947761 1.0000000
57:0-49:0   -3.444065e-02 -0.3082615691  0.239380268 1.0000000
58:0-49:0    1.911905e-02 -0.2539628119  0.292200907 1.0000000
59:0-49:0    2.611354e-02 -0.2363309282  0.288558012 1.0000000
60:0-49:0    2.437130e-02 -0.2294916769  0.278234269 1.0000000
61:0-49:0   -1.338119e-02 -0.2643261015  0.237563721 1.0000000
62:0-49:0   -8.172549e-03 -0.2627810832  0.246435985 1.0000000
63:0-49:0   -9.626754e-03 -0.2687791076  0.249525599 1.0000000
64:0-49:0    3.303175e-03 -0.2594699672  0.266076316 1.0000000
65:0-49:0    2.240303e-02 -0.2492961274  0.294102188 1.0000000
66:0-49:0    2.490991e-02 -0.2522419483  0.302061768 1.0000000
67:0-49:0    9.650758e-03 -0.2620484001  0.281349915 1.0000000
68:0-49:0    1.738667e-02 -0.2616977090  0.296471042 1.0000000
69:0-49:0    2.372628e-02 -0.2434567856  0.290909350 1.0000000
70:0-49:0   -3.983333e-03 -0.2802406700  0.272274003 1.0000000
71:0-49:0   -4.179048e-02 -0.3105027440  0.226921792 1.0000000
72:0-49:0   -1.593958e-02 -0.2852019280  0.253322761 1.0000000
73:0-49:0   -1.394222e-02 -0.2849937052  0.257109261 1.0000000
74:0-49:0   -1.488021e-02 -0.2972849379  0.267524521 1.0000000
75:0-49:0    1.097879e-02 -0.2702565590  0.292214135 1.0000000
76:0-49:0   -3.978986e-03 -0.2744095021  0.266451531 1.0000000
77:0-49:0    1.940805e-02 -0.2451711181  0.283987210 1.0000000
78:0-49:0    2.704598e-03 -0.2618745664  0.267283762 1.0000000
79:0-49:0   -4.906667e-03 -0.2612957018  0.251482368 1.0000000
80:0-49:0    1.301867e-02 -0.2418577356  0.267895069 1.0000000
81:0-49:0   -1.564103e-03 -0.2544487947  0.251320590 1.0000000
82:0-49:0   -6.819444e-04 -0.2608140832  0.259450194 1.0000000
83:0-49:0    1.819048e-02 -0.2445826657  0.280963618 1.0000000
84:0-49:0   -4.168907e-02 -0.3051505524  0.221772410 1.0000000
85:0-49:0    2.367312e-02 -0.2599711406  0.307317377 1.0000000
86:0-49:0   -2.048542e-02 -0.2897477614  0.248776928 1.0000000
87:0-49:0   -1.992619e-02 -0.2930080500  0.253155669 1.0000000
88:0-49:0    3.633590e-02 -0.2390701049  0.311741900 1.0000000
89:0-49:0    3.408130e-02 -0.2397396179  0.307902219 1.0000000
90:0-49:0   -2.855072e-03 -0.2732855890  0.267575444 1.0000000
91:0-49:0   -3.722013e-02 -0.3039301632  0.229489912 1.0000000
92:0-49:0    7.095912e-02 -0.1957509179  0.337669157 1.0000000
93:0-49:0    3.907037e-02 -0.2271833621  0.305324103 1.0000000
94:0-49:0    4.789308e-02 -0.2188169556  0.314603119 1.0000000
95:0-49:0    5.625969e-02 -0.2161156177  0.328634998 1.0000000
96:0-49:0    6.083955e-02 -0.2033549599  0.325034056 1.0000000
97:0-49:0    2.878121e-02 -0.2370320672  0.294594491 1.0000000
98:0-49:0    7.799320e-03 -0.2609129481  0.276511588 1.0000000
99:0-49:0    4.967128e-02 -0.2124542355  0.311796800 1.0000000
100:0-49:0  -4.991958e-02 -0.2952292540  0.195390087 1.0000000
1:1-49:0    -6.194277e-02 -0.3081708392  0.184285305 1.0000000
2:1-49:0    -4.113155e-02 -0.3065194120  0.224256317 1.0000000
3:1-49:0     3.182883e-03 -0.2739689753  0.280334741 1.0000000
4:1-49:0    -6.309009e-03 -0.2834608672  0.270842849 1.0000000
5:1-49:0     9.149167e-02 -0.2034704535  0.386453787 1.0000000
6:1-49:0    -9.195833e-03 -0.3041579535  0.285766287 1.0000000
7:1-49:0     1.215128e-02 -0.2790047158  0.303307280 1.0000000
8:1-49:0    -3.333333e-02 -0.3442507077  0.277584041 1.0000000
9:1-49:0    -2.148333e-03 -0.3067839011  0.302487234 1.0000000
10:1-49:0    5.459524e-03 -0.3227440252  0.333663073 1.0000000
11:1-49:0   -2.723718e-02 -0.3183931774  0.263918818 1.0000000
12:1-49:0   -1.932807e-02 -0.3269552210  0.288299081 1.0000000
13:1-49:0   -7.704386e-02 -0.3846710105  0.230583291 1.0000000
14:1-49:0    1.595614e-02 -0.2916710105  0.323583291 1.0000000
15:1-49:0    2.738810e-02 -0.3008154537  0.355591644 1.0000000
16:1-49:0   -7.800476e-02 -0.4062083109  0.250198787 1.0000000
17:1-49:0   -4.150476e-02 -0.3434081169  0.260398593 1.0000000
18:1-49:0    2.075729e-02 -0.2616474379  0.303162021 1.0000000
19:1-49:0   -2.860098e-02 -0.3087312725  0.251529312 1.0000000
20:1-49:0   -2.748986e-02 -0.2979203716  0.242940661 1.0000000
21:1-49:0    2.444667e-02 -0.2437364659  0.292629799 1.0000000
22:1-49:0   -3.895333e-02 -0.3071364659  0.229229799 1.0000000
23:1-49:0   -7.198551e-03 -0.3042903890  0.289893288 1.0000000
24:1-49:0    1.365000e-02 -0.2713104806  0.298610481 1.0000000
25:1-49:0   -7.588627e-02 -0.3904402331  0.238667684 1.0000000
26:1-49:0   -8.402564e-03 -0.3423813987  0.325576271 1.0000000
27:1-49:0   -1.780000e-03 -0.3248948137  0.321334814 1.0000000
28:1-49:0    8.403590e-02 -0.2499429372  0.418014732 1.0000000
29:1-49:0    6.188246e-02 -0.2457446947  0.369509607 1.0000000
30:1-49:0    5.775000e-03 -0.3348179190  0.346367919 1.0000000
31:1-49:0   -4.817222e-02 -0.3590895966  0.262745152 1.0000000
32:1-49:0    2.117407e-02 -0.2682742493  0.310622397 1.0000000
33:1-49:0   -1.908788e-02 -0.3184857685  0.280310011 1.0000000
34:1-49:0   -2.542043e-02 -0.3090646890  0.258223829 1.0000000
35:1-49:0    7.560417e-03 -0.3110350861  0.326155919 1.0000000
36:1-49:0   -4.543333e-02 -0.3384224406  0.247555774 1.0000000
37:1-49:0   -1.185000e-02 -0.2968104806  0.273110481 1.0000000
38:1-49:0   -7.383627e-02 -0.3539665666  0.206294018 1.0000000
39:1-49:0   -9.063063e-03 -0.2862149213  0.268088795 1.0000000
40:1-49:0    6.805797e-03 -0.2636247195  0.277236314 1.0000000
41:1-49:0    1.052568e-02 -0.2529357983  0.273987164 1.0000000
42:1-49:0    5.340351e-03 -0.2709169858  0.281597688 1.0000000
43:1-49:0    2.812381e-03 -0.2762719947  0.281896757 1.0000000
44:1-49:0    2.046667e-02 -0.3135121679  0.354445501 1.0000000
45:1-49:0    1.300417e-02 -0.3055913361  0.331599669 1.0000000
46:1-49:0   -7.400476e-02 -0.4022083109  0.254198787 1.0000000
47:1-49:0    5.267917e-02 -0.2659163361  0.371274669 1.0000000
48:1-49:0    5.893333e-02 -0.2641814803  0.382048147 1.0000000
49:1-49:0    5.949020e-03 -0.3086049390  0.320502978 1.0000000
50:1-49:0   -7.577480e-02 -0.3495957154  0.198046122 1.0000000
51:1-49:0   -2.118333e-02 -0.3397788361  0.297412169 1.0000000
52:1-49:0   -1.342133e-02 -0.3064104406  0.279567774 1.0000000
53:1-49:0   -5.044583e-02 -0.3454079535  0.244516287 1.0000000
54:1-49:0    6.842982e-03 -0.2694143543  0.283100319 1.0000000
55:1-49:0    1.358542e-02 -0.2688193129  0.295990146 1.0000000
56:1-49:0    8.406667e-02 -0.1897542520  0.357887585 1.0000000
57:1-49:0   -2.103056e-02 -0.2991235094  0.257062398 1.0000000
58:1-49:0    1.613542e-02 -0.2531269280  0.285397761 1.0000000
59:1-49:0   -4.397949e-03 -0.2665234663  0.257727569 1.0000000
60:1-49:0   -3.788994e-03 -0.2578913474  0.250313360 1.0000000
61:1-49:0    4.298010e-03 -0.2470900495  0.255686069 1.0000000
62:1-49:0    3.449191e-03 -0.2510292085  0.257927590 1.0000000
63:1-49:0   -7.119409e-03 -0.2655998987  0.251361080 1.0000000
64:1-49:0    1.546667e-02 -0.2537956780  0.284729011 1.0000000
65:1-49:0    7.389394e-03 -0.2643097637  0.279088552 1.0000000
66:1-49:0    1.873137e-02 -0.2613989195  0.298861665 1.0000000
67:1-49:0    1.771282e-02 -0.2576931819  0.293118823 1.0000000
68:1-49:0   -2.598455e-02 -0.2998054715  0.247836366 1.0000000
69:1-49:0    3.260867e-02 -0.2355744659  0.300791799 1.0000000
70:1-49:0    2.779030e-02 -0.2380229763  0.293603582 1.0000000
71:1-49:0    4.576429e-02 -0.2273175738  0.318846145 1.0000000
72:1-49:0    1.158667e-02 -0.2674977090  0.290671042 1.0000000
73:1-49:0    4.204444e-02 -0.2290070385  0.313095927 1.0000000
74:1-49:0    3.532248e-02 -0.2370528270  0.307697788 1.0000000
75:1-49:0   -2.610889e-02 -0.2971603719  0.244942594 1.0000000
76:1-49:0    1.892540e-02 -0.2438477450  0.281698539 1.0000000
77:1-49:0    2.430513e-02 -0.2428779395  0.291488196 1.0000000
78:1-49:0    3.625833e-02 -0.2238738054  0.296390472 1.0000000
79:1-49:0   -1.114667e-02 -0.2675357018  0.245242368 1.0000000
80:1-49:0    1.719863e-02 -0.2352035456  0.269600813 1.0000000
81:1-49:0   -7.522523e-03 -0.2610422055  0.245997160 1.0000000
82:1-49:0   -2.613333e-02 -0.2802356870  0.227969020 1.0000000
83:1-49:0    4.060784e-02 -0.2270659193  0.308281606 1.0000000
84:1-49:0    5.999561e-02 -0.2162617227  0.336252951 1.0000000
85:1-49:0   -5.005942e-02 -0.3204899368  0.220371096 1.0000000
86:1-49:0    1.941042e-02 -0.2498519280  0.288672761 1.0000000
87:1-49:0   -8.611765e-03 -0.2762855272  0.259061998 1.0000000
88:1-49:0   -1.624184e-02 -0.2860764791  0.253592791 1.0000000
89:1-49:0    2.370544e-02 -0.2450068257  0.292417710 1.0000000
90:1-49:0    2.749425e-02 -0.2370849112  0.292073417 1.0000000
91:1-49:0   -2.027306e-02 -0.2801505410  0.239604422 1.0000000
92:1-49:0    4.092411e-02 -0.2289105217  0.310758749 1.0000000
93:1-49:0    2.978760e-02 -0.2425877107  0.302162905 1.0000000
94:1-49:0    5.370667e-02 -0.2045607015  0.311974035 1.0000000
95:1-49:0    6.436017e-02 -0.1945626046  0.323282951 1.0000000
96:1-49:0    8.083542e-02 -0.1774319515  0.339102785 1.0000000
97:1-49:0    4.769524e-02 -0.2150779038  0.310468380 1.0000000
98:1-49:0    3.646011e-02 -0.2270013720  0.299921591 1.0000000
99:1-49:0    1.879286e-02 -0.2386711891  0.276256903 1.0000000
100:1-49:0  -5.550536e-02 -0.3003110026  0.189300292 1.0000000
51:0-50:0   -5.534394e-02 -0.2828600711  0.172172199 1.0000000
52:0-50:0   -6.973205e-02 -0.2719929155  0.132528825 1.0000000
53:0-50:0   -6.542977e-02 -0.2701269640  0.139267432 1.0000000
54:0-50:0   -1.273913e-02 -0.1866982984  0.161220038 1.0000000
55:0-50:0   -4.697391e-02 -0.2209330810  0.126985255 1.0000000
56:0-50:0   -3.757255e-02 -0.2097101101  0.134565001 1.0000000
57:0-50:0   -6.969862e-02 -0.2488829493  0.109485706 1.0000000
58:0-50:0   -1.613892e-02 -0.1941918083  0.161913962 1.0000000
59:0-50:0   -9.144429e-03 -0.1704088941  0.152120035 1.0000000
60:0-50:0   -1.088667e-02 -0.1577728108  0.135999461 1.0000000
61:0-50:0   -4.863916e-02 -0.1904223629  0.093144040 1.0000000
62:0-50:0   -4.343052e-02 -0.1916014804  0.104740440 1.0000000
63:0-50:0   -4.488473e-02 -0.2007342361  0.110964785 1.0000000
64:0-50:0   -3.195480e-02 -0.1937535971  0.129844004 1.0000000
65:0-50:0   -1.285494e-02 -0.1887798114  0.163069930 1.0000000
66:0-50:0   -1.034806e-02 -0.1945823694  0.173886247 1.0000000
67:0-50:0   -2.560721e-02 -0.2015320841  0.150317657 1.0000000
68:0-50:0   -1.787130e-02 -0.2050001813  0.169257573 1.0000000
69:0-50:0   -1.153169e-02 -0.1803982620  0.157334884 1.0000000
70:0-50:0   -3.924130e-02 -0.2221271811  0.143644572 1.0000000
71:0-50:0   -7.704845e-02 -0.2483242795  0.094227385 1.0000000
72:0-50:0   -5.119755e-02 -0.2233351101  0.120940001 1.0000000
73:0-50:0   -4.920019e-02 -0.2241231313  0.125722745 1.0000000
74:0-50:0   -5.013818e-02 -0.2421839008  0.141907542 1.0000000
75:0-50:0   -2.427918e-02 -0.2146011423  0.166042776 1.0000000
76:0-50:0   -3.923696e-02 -0.2131961245  0.134722211 1.0000000
77:0-50:0   -1.584993e-02 -0.1805656253  0.148865775 1.0000000
78:0-50:0   -3.255337e-02 -0.1972690735  0.132162327 1.0000000
79:0-50:0   -4.016464e-02 -0.1913746412  0.111045366 1.0000000
80:0-50:0   -2.223930e-02 -0.1708700826  0.126391474 1.0000000
81:0-50:0   -3.682207e-02 -0.1820109002  0.108366753 1.0000000
82:0-50:0   -3.593992e-02 -0.1934132701  0.121533439 1.0000000
83:0-50:0   -1.706749e-02 -0.1788662955  0.144731306 1.0000000
84:0-50:0   -7.694704e-02 -0.2398613753  0.085967291 1.0000000
85:0-50:0   -1.158485e-02 -0.2054487056  0.182279000 1.0000000
86:0-50:0   -5.574339e-02 -0.2278809435  0.116394168 1.0000000
87:0-50:0   -5.518416e-02 -0.2332370464  0.122868723 1.0000000
88:0-50:0    1.077926e-03 -0.1805194138  0.182675267 1.0000000
89:0-50:0   -1.176670e-03 -0.1803609980  0.178007658 1.0000000
90:0-50:0   -3.811304e-02 -0.2120722114  0.135846124 1.0000000
91:0-50:0   -7.247810e-02 -0.2405952342  0.095639041 1.0000000
92:0-50:0    3.570115e-02 -0.1324159889  0.203818286 1.0000000
93:0-50:0    3.812399e-03 -0.1635798881  0.171204687 1.0000000
94:0-50:0    1.263511e-02 -0.1554820266  0.180752248 1.0000000
95:0-50:0    2.100172e-02 -0.1559656115  0.197969049 1.0000000
96:0-50:0    2.558158e-02 -0.1385155463  0.189678700 1.0000000
97:0-50:0   -6.476759e-03 -0.1731675724  0.160214055 1.0000000
98:0-50:0   -2.745865e-02 -0.1987344836  0.143817181 1.0000000
99:0-50:0    1.441331e-02 -0.1463315639  0.175158186 1.0000000
100:0-50:0  -8.517755e-02 -0.2167296823  0.046374574 0.9970818
1:1-50:0    -9.720074e-02 -0.2304576001  0.036056124 0.9232701
2:1-50:0    -7.638952e-02 -0.2424011037  0.089622066 1.0000000
3:1-50:0    -3.207509e-02 -0.2163093964  0.152159220 1.0000000
4:1-50:0    -4.156698e-02 -0.2258012883  0.142667328 1.0000000
5:1-50:0     5.623370e-02 -0.1538419578  0.266309349 1.0000000
6:1-50:0    -4.445380e-02 -0.2545294578  0.165621849 1.0000000
7:1-50:0    -2.310669e-02 -0.2278038871  0.181590509 1.0000000
8:1-50:0    -6.859130e-02 -0.3005368616  0.163354253 1.0000000
9:1-50:0    -3.740630e-02 -0.2608609015  0.186048293 1.0000000
10:1-50:0   -2.979845e-02 -0.2844485943  0.224851700 1.0000000
11:1-50:0   -6.249515e-02 -0.2671923487  0.142202048 1.0000000
12:1-50:0   -5.458604e-02 -0.2821021764  0.172930094 1.0000000
13:1-50:0   -1.123018e-01 -0.3398179659  0.115214305 1.0000000
14:1-50:0   -1.930183e-02 -0.2468179659  0.208214305 1.0000000
15:1-50:0   -7.869876e-03 -0.2625200228  0.246780271 1.0000000
16:1-50:0   -1.132627e-01 -0.3679128800  0.141387414 1.0000000
17:1-50:0   -7.676273e-02 -0.2964779204  0.142952455 1.0000000
18:1-50:0   -1.450068e-02 -0.2065464008  0.177545042 1.0000000
19:1-50:0   -6.385895e-02 -0.2525441611  0.124826258 1.0000000
20:1-50:0   -6.274783e-02 -0.2367069940  0.111211342 1.0000000
21:1-50:0   -1.081130e-02 -0.1812557834  0.159633175 1.0000000
22:1-50:0   -7.421130e-02 -0.2446557834  0.096233175 1.0000000
23:1-50:0   -4.245652e-02 -0.2555121205  0.170599077 1.0000000
24:1-50:0   -2.160797e-02 -0.2173925551  0.174176613 1.0000000
25:1-50:0   -1.111442e-01 -0.3479423044  0.125653813 1.0000000
26:1-50:0   -4.366054e-02 -0.3057120373  0.218390967 1.0000000
27:1-50:0   -3.703797e-02 -0.2850950423  0.211019100 1.0000000
28:1-50:0    4.877793e-02 -0.2132735758  0.310829429 1.0000000
29:1-50:0    2.662449e-02 -0.2008916501  0.254140620 1.0000000
30:1-50:0   -2.948297e-02 -0.2999134876  0.240947546 1.0000000
31:1-50:0   -8.343019e-02 -0.3153757505  0.148515364 1.0000000
32:1-50:0   -1.408390e-02 -0.2163447674  0.188176974 1.0000000
33:1-50:0   -5.434585e-02 -0.2706054720  0.161913772 1.0000000
34:1-50:0   -6.067840e-02 -0.2545422540  0.133185452 1.0000000
35:1-50:0   -2.769755e-02 -0.2698384683  0.214443360 1.0000000
36:1-50:0   -8.069130e-02 -0.2879875774  0.126604969 1.0000000
37:1-50:0   -4.710797e-02 -0.2428925551  0.148676613 1.0000000
38:1-50:0   -1.090942e-01 -0.2977794553  0.079590964 0.9999786
39:1-50:0   -4.432103e-02 -0.2285553424  0.139913274 1.0000000
40:1-50:0   -2.845217e-02 -0.2024113419  0.145506994 1.0000000
41:1-50:0   -2.473229e-02 -0.1876466212  0.138182045 1.0000000
42:1-50:0   -2.991762e-02 -0.2128034969  0.152968257 1.0000000
43:1-50:0   -3.244559e-02 -0.2195744670  0.154683287 1.0000000
44:1-50:0   -1.479130e-02 -0.2768428065  0.247260198 1.0000000
45:1-50:0   -2.225380e-02 -0.2643947183  0.219887110 1.0000000
46:1-50:0   -1.092627e-01 -0.3639128800  0.145387414 1.0000000
47:1-50:0    1.742120e-02 -0.2247197183  0.259562110 1.0000000
48:1-50:0    2.367536e-02 -0.2243817090  0.271732434 1.0000000
49:1-50:0   -2.930895e-02 -0.2661070103  0.207489107 1.0000000
50:1-50:0   -1.110328e-01 -0.2902170956  0.068151560 0.9994576
51:1-50:0   -5.644130e-02 -0.2985822183  0.185699610 1.0000000
52:1-50:0   -4.867930e-02 -0.2559755774  0.158616969 1.0000000
53:1-50:0   -8.570380e-02 -0.2957794578  0.124371849 1.0000000
54:1-50:0   -2.841499e-02 -0.2113008653  0.154470888 1.0000000
55:1-50:0   -2.167255e-02 -0.2137182758  0.170373167 1.0000000
56:1-50:0    4.880870e-02 -0.1303756322  0.227993023 1.0000000
57:1-50:0   -5.628853e-02 -0.2419355540  0.129358501 1.0000000
58:1-50:0   -1.912255e-02 -0.1912601101  0.153015001 1.0000000
59:1-50:0   -3.965592e-02 -0.2004007946  0.121088955 1.0000000
60:1-50:0   -3.904696e-02 -0.1863464351  0.108252506 1.0000000
61:1-50:0   -3.095996e-02 -0.1735260309  0.111606109 1.0000000
62:1-50:0   -3.180878e-02 -0.1797560126  0.116138452 1.0000000
63:1-50:0   -4.237738e-02 -0.1971071164  0.112352356 1.0000000
64:1-50:0   -1.979130e-02 -0.1919288601  0.152346251 1.0000000
65:1-50:0   -2.786858e-02 -0.2037934477  0.148056294 1.0000000
66:1-50:0   -1.652660e-02 -0.2052118082  0.172158611 1.0000000
67:1-50:0   -1.754515e-02 -0.1991424907  0.164052190 1.0000000
68:1-50:0   -6.124252e-02 -0.2404268517  0.117941804 1.0000000
69:1-50:0   -2.649304e-03 -0.1730937834  0.167795175 1.0000000
70:1-50:0   -7.467668e-03 -0.1741584815  0.159223146 1.0000000
71:1-50:0    1.050631e-02 -0.1675465702  0.188559200 1.0000000
72:1-50:0   -2.367130e-02 -0.2108001813  0.163457573 1.0000000
73:1-50:0    6.786473e-03 -0.1681364646  0.181709411 1.0000000
74:1-50:0    6.450961e-05 -0.1769028208  0.177031840 1.0000000
75:1-50:0   -6.136686e-02 -0.2362897979  0.113556078 1.0000000
76:1-50:0   -1.633257e-02 -0.1781313749  0.145466227 1.0000000
77:1-50:0   -1.095284e-02 -0.1798194159  0.157913730 1.0000000
78:1-50:0    1.000362e-03 -0.1564729923  0.158473717 1.0000000
79:1-50:0   -4.640464e-02 -0.1976146412  0.104805366 1.0000000
80:1-50:0   -1.805934e-02 -0.1624061002  0.126287426 1.0000000
81:1-50:0   -4.278049e-02 -0.1890725216  0.103511535 1.0000000
82:1-50:0   -6.139130e-02 -0.2086907747  0.085908166 1.0000000
83:1-50:0    5.349872e-03 -0.1642920181  0.174991762 1.0000000
84:1-50:0    2.473764e-02 -0.1581482337  0.207623520 1.0000000
85:1-50:0   -8.531739e-02 -0.2592765593  0.088641777 1.0000000
86:1-50:0   -1.584755e-02 -0.1879851101  0.156290001 1.0000000
87:1-50:0   -4.386974e-02 -0.2135116260  0.125772155 1.0000000
88:1-50:0   -5.149981e-02 -0.2245311941  0.121531564 1.0000000
89:1-50:0   -1.155253e-02 -0.1828283611  0.159723303 1.0000000
90:1-50:0   -7.763718e-03 -0.1724794184  0.156951982 1.0000000
91:1-50:0   -5.553103e-02 -0.2125833570  0.101521296 1.0000000
92:1-50:0    5.666142e-03 -0.1673652367  0.178697522 1.0000000
93:1-50:0   -5.470374e-03 -0.1824377045  0.171496956 1.0000000
94:1-50:0    1.844870e-02 -0.1359247518  0.172822143 1.0000000
95:1-50:0    2.910220e-02 -0.1263652628  0.184569667 1.0000000
96:1-50:0    4.557745e-02 -0.1087960018  0.199950893 1.0000000
97:1-50:0    1.243727e-02 -0.1493615336  0.174236068 1.0000000
98:1-50:0    1.202138e-03 -0.1617121950  0.164116472 1.0000000
99:1-50:0   -1.646511e-02 -0.1694908076  0.136560580 1.0000000
100:1-50:0  -9.076333e-02 -0.2213731756  0.039846523 0.9748435
52:0-51:0   -1.438811e-02 -0.2642105649  0.235434347 1.0000000
53:0-51:0   -1.008583e-02 -0.2618848423  0.241713182 1.0000000
54:0-51:0    4.260481e-02 -0.1849113297  0.270120941 1.0000000
55:0-51:0    8.370023e-03 -0.2191461123  0.235886158 1.0000000
56:0-51:0    1.777138e-02 -0.2083549941  0.243897757 1.0000000
57:0-51:0   -1.435469e-02 -0.2458904776  0.217181107 1.0000000
58:0-51:0    3.920501e-02 -0.1914562749  0.269866300 1.0000000
59:0-51:0    4.619951e-02 -0.1717638556  0.264162869 1.0000000
60:0-51:0    4.445726e-02 -0.1630935437  0.252008066 1.0000000
61:0-51:0    6.704774e-03 -0.1972664879  0.210676037 1.0000000
62:0-51:0    1.191342e-02 -0.1965486506  0.220375482 1.0000000
63:0-51:0    1.045921e-02 -0.2035288023  0.224447223 1.0000000
64:0-51:0    2.338914e-02 -0.1949698575  0.241748137 1.0000000
65:0-51:0    4.248900e-02 -0.1865336233  0.271511614 1.0000000
66:0-51:0    4.499587e-02 -0.1904697915  0.280461541 1.0000000
67:0-51:0    2.973672e-02 -0.1992858960  0.258759341 1.0000000
68:0-51:0    3.747263e-02 -0.2002646525  0.275209916 1.0000000
69:0-51:0    4.381225e-02 -0.1798341685  0.267458662 1.0000000
70:0-51:0    1.610263e-02 -0.2183094918  0.250514755 1.0000000
71:0-51:0   -2.170451e-02 -0.2471755968  0.203766574 1.0000000
72:0-51:0    4.146382e-03 -0.2219799941  0.230272757 1.0000000
73:0-51:0    6.143743e-03 -0.2221101377  0.234397623 1.0000000
74:0-51:0    5.205757e-03 -0.2364207296  0.246832243 1.0000000
75:0-51:0    3.106475e-02 -0.2091939574  0.271323463 1.0000000
76:0-51:0    1.610698e-02 -0.2114091558  0.243623115 1.0000000
77:0-51:0    3.949401e-02 -0.1810350384  0.260023060 1.0000000
78:0-51:0    2.279056e-02 -0.1977384866  0.243319612 1.0000000
79:0-51:0    1.517930e-02 -0.1954537116  0.225812308 1.0000000
80:0-51:0    3.310463e-02 -0.1756845154  0.241893779 1.0000000
81:0-51:0    1.852186e-02 -0.1878312210  0.224874946 1.0000000
82:0-51:0    1.940402e-02 -0.1957695306  0.234577572 1.0000000
83:0-51:0    3.827644e-02 -0.1800825559  0.256635438 1.0000000
84:0-51:0   -2.160311e-02 -0.2407899662  0.197583754 1.0000000
85:0-51:0    4.375908e-02 -0.1993149654  0.286833132 1.0000000
86:0-51:0   -3.994518e-04 -0.2265258274  0.225726924 1.0000000
87:0-51:0    1.597744e-04 -0.2305015130  0.230821062 1.0000000
88:0-51:0    5.642186e-02 -0.1769863501  0.289830075 1.0000000
89:0-51:0    5.416727e-02 -0.1773685263  0.285703058 1.0000000
90:0-51:0    1.723089e-02 -0.2102852428  0.244747028 1.0000000
91:0-51:0   -1.713416e-02 -0.2402152483  0.205946927 1.0000000
92:0-51:0    9.104508e-02 -0.1320360030  0.314126172 1.0000000
93:0-51:0    5.915634e-02 -0.1633790047  0.281691675 1.0000000
94:0-51:0    6.797905e-02 -0.1551020407  0.291060134 1.0000000
95:0-51:0    7.634565e-02 -0.1534787035  0.306170013 1.0000000
96:0-51:0    8.092551e-02 -0.1391418984  0.300992924 1.0000000
97:0-51:0    4.886718e-02 -0.1731409917  0.270875346 1.0000000
98:0-51:0    2.788528e-02 -0.1975858008  0.253356370 1.0000000
99:0-51:0    6.975725e-02 -0.1478219673  0.287336461 1.0000000
100:0-51:0  -2.983362e-02 -0.2268304763  0.167163239 1.0000000
1:1-51:0    -4.185680e-02 -0.2399961243  0.156282520 1.0000000
2:1-51:0    -2.104558e-02 -0.2425442194  0.200453054 1.0000000
3:1-51:0     2.326885e-02 -0.2121968185  0.258734514 1.0000000
4:1-51:0     1.377696e-02 -0.2216887104  0.249242622 1.0000000
5:1-51:0     1.115776e-01 -0.1446128831  0.367768146 1.0000000
6:1-51:0     1.089013e-02 -0.2453003831  0.267080646 1.0000000
7:1-51:0     3.223725e-02 -0.2195617653  0.284036259 1.0000000
8:1-51:0    -1.324737e-02 -0.2876568092  0.261162072 1.0000000
9:1-51:0     1.793763e-02 -0.2493333108  0.285208574 1.0000000
10:1-51:0    2.554549e-02 -0.2683056591  0.319396637 1.0000000
11:1-51:0   -7.151215e-03 -0.2589502269  0.244647798 1.0000000
12:1-51:0    7.578947e-04 -0.2699179103  0.271433700 1.0000000
13:1-51:0   -5.695789e-02 -0.3276336998  0.213717910 1.0000000
14:1-51:0    3.604211e-02 -0.2346336998  0.306717910 1.0000000
15:1-51:0    4.747406e-02 -0.2463770876  0.341325208 1.0000000
16:1-51:0   -5.791880e-02 -0.3517699448  0.235932351 1.0000000
17:1-51:0   -2.141880e-02 -0.2855713349  0.242733741 1.0000000
18:1-51:0    4.084326e-02 -0.2007832296  0.282469743 1.0000000
19:1-51:0   -8.515015e-03 -0.2474792556  0.230449225 1.0000000
20:1-51:0   -7.403890e-03 -0.2349200254  0.220112245 1.0000000
21:1-51:0    4.453263e-02 -0.1803075786  0.269372842 1.0000000
22:1-51:0   -1.886737e-02 -0.2437075786  0.205972842 1.0000000
23:1-51:0    1.288741e-02 -0.2457522731  0.271527101 1.0000000
24:1-51:0    3.373596e-02 -0.2108727083  0.278344638 1.0000000
25:1-51:0   -5.580031e-02 -0.3343234152  0.222722796 1.0000000
26:1-51:0    1.168340e-02 -0.2886044435  0.311971245 1.0000000
27:1-51:0    1.830596e-02 -0.2698504341  0.306462364 1.0000000
28:1-51:0    1.041219e-01 -0.1961659820  0.404409707 1.0000000
29:1-51:0    8.196842e-02 -0.1887073840  0.352644226 1.0000000
30:1-51:0    2.586096e-02 -0.2817661859  0.333488116 1.0000000
31:1-51:0   -2.808626e-02 -0.3024956981  0.246323183 1.0000000
32:1-51:0    4.126004e-02 -0.2085624167  0.291082495 1.0000000
33:1-51:0    9.980861e-04 -0.2602872442  0.262283416 1.0000000
34:1-51:0   -5.334465e-03 -0.2484085138  0.237739583 1.0000000
35:1-51:0    2.764638e-02 -0.2554331512  0.310725914 1.0000000
36:1-51:0   -2.534737e-02 -0.2792637808  0.228569044 1.0000000
37:1-51:0    8.235965e-03 -0.2363727083  0.252844638 1.0000000
38:1-51:0   -5.375031e-02 -0.2927145497  0.185213930 1.0000000
39:1-51:0    1.102290e-02 -0.2244427645  0.246488568 1.0000000
40:1-51:0    2.689176e-02 -0.2006243732  0.254407897 1.0000000
41:1-51:0    3.061165e-02 -0.1885752121  0.249798508 1.0000000
42:1-51:0    2.542632e-02 -0.2089858076  0.259838439 1.0000000
43:1-51:0    2.289835e-02 -0.2148389382  0.260635630 1.0000000
44:1-51:0    4.055263e-02 -0.2597352128  0.340840476 1.0000000
45:1-51:0    3.309013e-02 -0.2499894012  0.316169664 1.0000000
46:1-51:0   -5.391880e-02 -0.3477699448  0.239932351 1.0000000
47:1-51:0    7.276513e-02 -0.2103144012  0.355844664 1.0000000
48:1-51:0    7.901930e-02 -0.2091371008  0.367175697 1.0000000
49:1-51:0    2.603498e-02 -0.2524881211  0.304558090 1.0000000
50:1-51:0   -5.568883e-02 -0.2872246239  0.175846960 1.0000000
51:1-51:0   -1.097368e-03 -0.2841769012  0.281982164 1.0000000
52:1-51:0    6.664632e-03 -0.2472517808  0.260581044 1.0000000
53:1-51:0   -3.035987e-02 -0.2865503831  0.225830646 1.0000000
54:1-51:0    2.692895e-02 -0.2074831760  0.261341071 1.0000000
55:1-51:0    3.367138e-02 -0.2079551046  0.275297868 1.0000000
56:1-51:0    1.041526e-01 -0.1273831605  0.335688424 1.0000000
57:1-51:0   -9.445906e-04 -0.2375172401  0.235628059 1.0000000
58:1-51:0    3.622138e-02 -0.1899049941  0.262347757 1.0000000
59:1-51:0    1.568802e-02 -0.2018911980  0.233267230 1.0000000
60:1-51:0    1.629697e-02 -0.1915465604  0.224140503 1.0000000
61:1-51:0    2.438397e-02 -0.1801322443  0.228900194 1.0000000
62:1-51:0    2.353516e-02 -0.1847679485  0.231838260 1.0000000
63:1-51:0    1.296656e-02 -0.2002072957  0.226140407 1.0000000
64:1-51:0    3.555263e-02 -0.1905737441  0.261679007 1.0000000
65:1-51:0    2.747536e-02 -0.2015472596  0.256497977 1.0000000
66:1-51:0    3.881734e-02 -0.2001469026  0.277781578 1.0000000
67:1-51:0    3.779879e-02 -0.1956094270  0.271206998 1.0000000
68:1-51:0   -5.898588e-03 -0.2374343800  0.225637204 1.0000000
69:1-51:0    5.269463e-02 -0.1721455786  0.277534842 1.0000000
70:1-51:0    4.787627e-02 -0.1741319008  0.269884437 1.0000000
71:1-51:0    6.585025e-02 -0.1648110368  0.296511538 1.0000000
72:1-51:0    3.167263e-02 -0.2060646525  0.269409916 1.0000000
73:1-51:0    6.213041e-02 -0.1661234710  0.290384290 1.0000000
74:1-51:0    5.540845e-02 -0.1744159128  0.285232804 1.0000000
75:1-51:0   -6.022924e-03 -0.2342768044  0.222230956 1.0000000
76:1-51:0    3.901136e-02 -0.1793476353  0.257370359 1.0000000
77:1-51:0    4.439109e-02 -0.1792553224  0.268037509 1.0000000
78:1-51:0    5.634430e-02 -0.1588292529  0.271517849 1.0000000
79:1-51:0    8.939298e-03 -0.2016937116  0.219572308 1.0000000
80:1-51:0    3.728460e-02 -0.1684768837  0.243046081 1.0000000
81:1-51:0    1.256344e-02 -0.1945673307  0.219694215 1.0000000
82:1-51:0   -6.047368e-03 -0.2138909000  0.201796163 1.0000000
83:1-51:0    6.069381e-02 -0.1635385950  0.284926211 1.0000000
84:1-51:0    8.008158e-02 -0.1543305444  0.314493702 1.0000000
85:1-51:0   -2.997346e-02 -0.2574895906  0.197542680 1.0000000
86:1-51:0    3.949638e-02 -0.1866299941  0.265622757 1.0000000
87:1-51:0    1.147420e-02 -0.2127582029  0.235706603 1.0000000
88:1-51:0    3.844121e-03 -0.2229634138  0.230651656 1.0000000
89:1-51:0    4.379141e-02 -0.1816796784  0.269262493 1.0000000
90:1-51:0    4.758022e-02 -0.1729488315  0.268109267 1.0000000
91:1-51:0   -1.870944e-04 -0.2150527105  0.214678522 1.0000000
92:1-51:0    6.101008e-02 -0.1657974564  0.287817613 1.0000000
93:1-51:0    4.987356e-02 -0.1799507965  0.279697920 1.0000000
94:1-51:0    7.379263e-02 -0.1391227529  0.286708016 1.0000000
95:1-51:0    8.444614e-02 -0.1292637876  0.298156064 1.0000000
96:1-51:0    1.009214e-01 -0.1119940029  0.313836766 1.0000000
97:1-51:0    6.778120e-02 -0.1505777940  0.286140200 1.0000000
98:1-51:0    5.654607e-02 -0.1626407859  0.275732934 1.0000000
99:1-51:0    3.887882e-02 -0.1730614115  0.250819056 1.0000000
100:1-51:0  -3.541939e-02 -0.2317882586  0.160949477 1.0000000
53:0-52:0    4.302279e-03 -0.2249325579  0.233537116 1.0000000
54:0-52:0    5.699291e-02 -0.1452679558  0.259253785 1.0000000
55:0-52:0    2.275813e-02 -0.1795027384  0.225019002 1.0000000
56:0-52:0    3.215949e-02 -0.1685368114  0.232855793 1.0000000
57:0-52:0    3.342367e-05 -0.2067386512  0.206805499 1.0000000
58:0-52:0    5.359312e-02 -0.1521992432  0.259385487 1.0000000
59:0-52:0    6.058762e-02 -0.1308644545  0.252039686 1.0000000
60:0-52:0    5.884537e-02 -0.1206628594  0.238353600 1.0000000
61:0-52:0    2.109288e-02 -0.1542643056  0.196450073 1.0000000
62:0-52:0    2.630153e-02 -0.1542595480  0.206862598 1.0000000
63:0-52:0    2.484732e-02 -0.1620663973  0.211761037 1.0000000
64:0-52:0    3.777725e-02 -0.1541251211  0.229679618 1.0000000
65:0-52:0    5.687710e-02 -0.1470768799  0.260831089 1.0000000
66:0-52:0    5.938398e-02 -0.1517793366  0.270547305 1.0000000
67:0-52:0    4.412483e-02 -0.1598291527  0.248078816 1.0000000
68:0-52:0    5.186074e-02 -0.1618326943  0.265554176 1.0000000
69:0-52:0    5.820036e-02 -0.1396975648  0.256098277 1.0000000
70:0-52:0    3.049074e-02 -0.1794971435  0.240478625 1.0000000
71:0-52:0   -7.316402e-03 -0.2072740934  0.192641289 1.0000000
72:0-52:0    1.853449e-02 -0.1821618114  0.219230793 1.0000000
73:0-52:0    2.053185e-02 -0.1825585267  0.223622230 1.0000000
74:0-52:0    1.959387e-02 -0.1984181219  0.237605853 1.0000000
75:0-52:0    4.545286e-02 -0.1710422090  0.261947933 1.0000000
76:0-52:0    3.049509e-02 -0.1717657819  0.232755959 1.0000000
77:0-52:0    5.388212e-02 -0.1404859059  0.248250146 1.0000000
78:0-52:0    3.717867e-02 -0.1571893541  0.231546698 1.0000000
79:0-52:0    2.956741e-02 -0.1534957859  0.212630601 1.0000000
80:0-52:0    4.749274e-02 -0.1334458561  0.228431338 1.0000000
81:0-52:0    3.290997e-02 -0.1452120736  0.211032017 1.0000000
82:0-52:0    3.379213e-02 -0.1544776901  0.222061949 1.0000000
83:0-52:0    5.266455e-02 -0.1392378195  0.244566920 1.0000000
84:0-52:0   -7.214997e-03 -0.2000588394  0.185628845 1.0000000
85:0-52:0    5.814719e-02 -0.1614680645  0.277762449 1.0000000
86:0-52:0    1.398866e-02 -0.1867076448  0.214684960 1.0000000
87:0-52:0    1.454788e-02 -0.1912444813  0.220340248 1.0000000
88:0-52:0    7.080997e-02 -0.1380566404  0.279676583 1.0000000
89:0-52:0    6.855537e-02 -0.1382167000  0.275327450 1.0000000
90:0-52:0    3.161900e-02 -0.1706418688  0.233879872 1.0000000
91:0-52:0   -2.746052e-03 -0.2000048652  0.194512762 1.0000000
92:0-52:0    1.054332e-01 -0.0918256199  0.302692007 0.9999998
93:0-52:0    7.354444e-02 -0.1230969690  0.270185858 1.0000000
94:0-52:0    8.236716e-02 -0.1148916576  0.279625969 1.0000000
95:0-52:0    9.073376e-02 -0.1141200952  0.295587623 1.0000000
96:0-52:0    9.531362e-02 -0.0985304737  0.289157718 1.0000000
97:0-52:0    6.325529e-02 -0.1327893386  0.259299911 1.0000000
98:0-52:0    4.227339e-02 -0.1576842975  0.242231085 1.0000000
99:0-52:0    8.414536e-02 -0.1068692569  0.275159969 1.0000000
100:0-52:0  -1.544551e-02 -0.1826389002  0.151747882 1.0000000
1:1-52:0    -2.746869e-02 -0.1960066973  0.141069311 1.0000000
2:1-52:0    -6.657474e-03 -0.2021248979  0.188809951 1.0000000
3:1-52:0     3.765696e-02 -0.1735063636  0.248820278 1.0000000
4:1-52:0     2.816507e-02 -0.1829982555  0.239328386 1.0000000
5:1-52:0     1.259657e-01 -0.1080843560  0.360015837 0.9999997
6:1-52:0     2.527824e-02 -0.2087718560  0.259328337 1.0000000
7:1-52:0     4.662536e-02 -0.1826094809  0.275860193 1.0000000
8:1-52:0     1.140741e-03 -0.2527222324  0.255003714 1.0000000
9:1-52:0     3.232574e-02 -0.2138035436  0.278455025 1.0000000
10:1-52:0    3.993360e-02 -0.2348287813  0.314695977 1.0000000
11:1-52:0    7.236895e-03 -0.2219979425  0.236471732 1.0000000
12:1-52:0    1.514600e-02 -0.2346764518  0.264968460 1.0000000
13:1-52:0   -4.256979e-02 -0.2923922413  0.207252670 1.0000000
14:1-52:0    5.043021e-02 -0.1993922413  0.300252670 1.0000000
15:1-52:0    6.186217e-02 -0.2129002098  0.336624548 1.0000000
16:1-52:0   -4.353069e-02 -0.3182930670  0.231231691 1.0000000
17:1-52:0   -7.030688e-03 -0.2497701185  0.235708743 1.0000000
18:1-52:0    5.523137e-02 -0.1627806219  0.273243353 1.0000000
19:1-52:0    5.873094e-03 -0.2091845171  0.220930704 1.0000000
20:1-52:0    6.984219e-03 -0.1952766514  0.209245089 1.0000000
21:1-52:0    5.892074e-02 -0.1403253082  0.258166790 1.0000000
22:1-52:0   -4.479259e-03 -0.2037253082  0.194766790 1.0000000
23:1-52:0    2.727552e-02 -0.2094529198  0.264003966 1.0000000
24:1-52:0    4.812407e-02 -0.1731885350  0.269436683 1.0000000
25:1-52:0   -4.141220e-02 -0.2997162621  0.216891861 1.0000000
26:1-52:0    2.607151e-02 -0.2555641721  0.307707192 1.0000000
27:1-52:0    3.269407e-02 -0.2359692435  0.301357392 1.0000000
28:1-52:0    1.185100e-01 -0.1631257105  0.400145654 1.0000000
29:1-52:0    9.635653e-02 -0.1534659255  0.346178986 1.0000000
30:1-52:0    4.024907e-02 -0.2491992493  0.329697397 1.0000000
31:1-52:0   -1.369815e-02 -0.2675611213  0.240164825 1.0000000
32:1-52:0    5.564815e-02 -0.1714137978  0.282710094 1.0000000
33:1-52:0    1.538620e-02 -0.2242299389  0.255002330 1.0000000
34:1-52:0    9.053644e-03 -0.2105616129  0.228668901 1.0000000
35:1-52:0    4.203449e-02 -0.2211762420  0.305245223 1.0000000
36:1-52:0   -1.095926e-02 -0.2425179179  0.220599399 1.0000000
37:1-52:0    2.262407e-02 -0.1986885350  0.243936683 1.0000000
38:1-52:0   -3.936220e-02 -0.2544198113  0.175695410 1.0000000
39:1-52:0    2.541101e-02 -0.1857523095  0.236574332 1.0000000
40:1-52:0    4.127987e-02 -0.1609809993  0.243540742 1.0000000
41:1-52:0    4.499976e-02 -0.1478440853  0.237843600 1.0000000
42:1-52:0    3.981442e-02 -0.1701734593  0.249802309 1.0000000
43:1-52:0    3.728646e-02 -0.1764069800  0.250979890 1.0000000
44:1-52:0    5.494074e-02 -0.2266949413  0.336576423 1.0000000
45:1-52:0    4.747824e-02 -0.2157324920  0.310688973 1.0000000
46:1-52:0   -3.953069e-02 -0.3142930670  0.235231691 1.0000000
47:1-52:0    8.715324e-02 -0.1760574920  0.350363973 1.0000000
48:1-52:0    9.340741e-02 -0.1752559102  0.362070725 1.0000000
49:1-52:0    4.042309e-02 -0.2178809680  0.298727155 1.0000000
50:1-52:0   -4.130072e-02 -0.2480727975  0.165471352 1.0000000
51:1-52:0    1.329074e-02 -0.2499199920  0.276501473 1.0000000
52:1-52:0    2.105274e-02 -0.2105059179  0.252611399 1.0000000
53:1-52:0   -1.597176e-02 -0.2500218560  0.218078337 1.0000000
54:1-52:0    4.131706e-02 -0.1686708277  0.251304941 1.0000000
55:1-52:0    4.805949e-02 -0.1699524969  0.266071478 1.0000000
56:1-52:0    1.185407e-01 -0.0882313341  0.325312816 0.9999863
57:1-52:0    1.344352e-02 -0.1989534833  0.225840520 1.0000000
58:1-52:0    5.060949e-02 -0.1500868114  0.251305793 1.0000000
59:1-52:0    3.007613e-02 -0.1609384877  0.221090738 1.0000000
60:1-52:0    3.068508e-02 -0.1491615253  0.210531686 1.0000000
61:1-52:0    3.877208e-02 -0.1372186880  0.214762856 1.0000000
62:1-52:0    3.792327e-02 -0.1424542591  0.218300789 1.0000000
63:1-52:0    2.735466e-02 -0.1586264064  0.213335736 1.0000000
64:1-52:0    4.994074e-02 -0.1507555614  0.250637043 1.0000000
65:1-52:0    4.186347e-02 -0.1620905163  0.245817452 1.0000000
66:1-52:0    5.320545e-02 -0.1618521642  0.268263057 1.0000000
67:1-52:0    5.218689e-02 -0.1566797173  0.261053506 1.0000000
68:1-52:0    8.489521e-03 -0.1982825536  0.215261596 1.0000000
69:1-52:0    6.708274e-02 -0.1321633082  0.266328790 1.0000000
70:1-52:0    6.226438e-02 -0.1337802477  0.258309002 1.0000000
71:1-52:0    8.023836e-02 -0.1255540051  0.286030725 1.0000000
72:1-52:0    4.606074e-02 -0.1676326943  0.259754176 1.0000000
73:1-52:0    7.651852e-02 -0.1265718600  0.279608897 1.0000000
74:1-52:0    6.979655e-02 -0.1350573045  0.274650414 1.0000000
75:1-52:0    8.365185e-03 -0.1947251933  0.211455564 1.0000000
76:1-52:0    5.339947e-02 -0.1385028988  0.245301841 1.0000000
77:1-52:0    5.877920e-02 -0.1391187186  0.256677123 1.0000000
78:1-52:0    7.073241e-02 -0.1175374123  0.259002227 1.0000000
79:1-52:0    2.332741e-02 -0.1597357859  0.206390601 1.0000000
80:1-52:0    5.167271e-02 -0.1257636345  0.229109050 1.0000000
81:1-52:0    2.695155e-02 -0.1520708635  0.205973967 1.0000000
82:1-52:0    8.340741e-03 -0.1715058649  0.188187346 1.0000000
83:1-52:0    7.508192e-02 -0.1234779945  0.273641829 1.0000000
84:1-52:0    9.446969e-02 -0.1155181961  0.304457572 1.0000000
85:1-52:0   -1.558535e-02 -0.2178462167  0.186675524 1.0000000
86:1-52:0    5.388449e-02 -0.1468118114  0.254580793 1.0000000
87:1-52:0    2.586231e-02 -0.1726976023  0.224422221 1.0000000
88:1-52:0    1.823223e-02 -0.1832312300  0.219695690 1.0000000
89:1-52:0    5.817952e-02 -0.1417781751  0.258137208 1.0000000
90:1-52:0    6.196833e-02 -0.1323996990  0.256336353 1.0000000
91:1-52:0    1.420101e-02 -0.1737167889  0.202118818 1.0000000
92:1-52:0    7.539819e-02 -0.1260652726  0.276861648 1.0000000
93:1-52:0    6.426167e-02 -0.1405921882  0.269115530 1.0000000
94:1-52:0    8.818074e-02 -0.0975040160  0.273865497 1.0000000
95:1-52:0    9.883425e-02 -0.0877610374  0.285429532 0.9999999
96:1-52:0    1.153095e-01 -0.0703752660  0.300994247 0.9994070
97:1-52:0    8.216931e-02 -0.1097330576  0.274071682 1.0000000
98:1-52:0    7.093418e-02 -0.1219096591  0.263778026 1.0000000
99:1-52:0    5.326693e-02 -0.1312988580  0.237832720 1.0000000
100:1-52:0  -2.103128e-02 -0.1874842786  0.145421716 1.0000000
54:0-53:0    5.269064e-02 -0.1520065627  0.257387834 1.0000000
55:0-53:0    1.845585e-02 -0.1862413453  0.223153051 1.0000000
56:0-53:0    2.785721e-02 -0.1752941826  0.231008606 1.0000000
57:0-53:0   -4.268856e-03 -0.2134247165  0.204887005 1.0000000
58:0-53:0    4.929084e-02 -0.1588965266  0.257478212 1.0000000
59:0-53:0    5.628534e-02 -0.1377388331  0.250309506 1.0000000
60:0-53:0    5.454309e-02 -0.1277058808  0.236792063 1.0000000
61:0-53:0    1.679060e-02 -0.1613711957  0.194952404 1.0000000
62:0-53:0    2.199925e-02 -0.1612868265  0.205285318 1.0000000
63:0-53:0    2.054504e-02 -0.1690023700  0.210092451 1.0000000
64:0-53:0    3.347497e-02 -0.1609935440  0.227943483 1.0000000
65:0-53:0    5.257483e-02 -0.1537954996  0.258945150 1.0000000
66:0-53:0    5.508170e-02 -0.1584163776  0.268579787 1.0000000
67:0-53:0    3.982255e-02 -0.1665477723  0.246192877 1.0000000
68:0-53:0    4.755846e-02 -0.1684423889  0.263559312 1.0000000
69:0-53:0    5.389808e-02 -0.1464892238  0.254285378 1.0000000
70:0-53:0    2.618846e-02 -0.1861471095  0.238524033 1.0000000
71:0-53:0   -1.161868e-02 -0.2140404231  0.190803060 1.0000000
72:0-53:0    1.423221e-02 -0.1889191826  0.217383606 1.0000000
73:0-53:0    1.622957e-02 -0.1892873003  0.221746446 1.0000000
74:0-53:0    1.529159e-02 -0.2049825834  0.235565757 1.0000000
75:0-53:0    4.115058e-02 -0.1776223565  0.259923522 1.0000000
76:0-53:0    2.619281e-02 -0.1785043888  0.230890008 1.0000000
77:0-53:0    4.957984e-02 -0.1473221975  0.246481879 1.0000000
78:0-53:0    3.287639e-02 -0.1640256458  0.229778431 1.0000000
79:0-53:0    2.526513e-02 -0.1604863616  0.211016618 1.0000000
80:0-53:0    4.319046e-02 -0.1404675333  0.226848456 1.0000000
81:0-53:0    2.860769e-02 -0.1522760996  0.209491484 1.0000000
82:0-53:0    2.948985e-02 -0.1613949532  0.220374654 1.0000000
83:0-53:0    4.836227e-02 -0.1461062424  0.242830785 1.0000000
84:0-53:0   -1.151728e-02 -0.2069148984  0.183880346 1.0000000
85:0-53:0    5.384491e-02 -0.1680161791  0.275706005 1.0000000
86:0-53:0    9.686378e-03 -0.1934650159  0.212837772 1.0000000
87:0-53:0    1.024560e-02 -0.1979417647  0.218432973 1.0000000
88:0-53:0    6.650769e-02 -0.1447190692  0.277734454 1.0000000
89:0-53:0    6.425310e-02 -0.1449027652  0.273408957 1.0000000
90:0-53:0    2.731672e-02 -0.1773804757  0.232013921 1.0000000
91:0-53:0   -7.048331e-03 -0.2068044890  0.192707827 1.0000000
92:0-53:0    1.011309e-01 -0.0986252437  0.300887072 1.0000000
93:0-53:0    6.924217e-02 -0.1299043354  0.268388666 1.0000000
94:0-53:0    7.806488e-02 -0.1216912815  0.277821035 1.0000000
95:0-53:0    8.643148e-02 -0.1208282239  0.293691193 1.0000000
96:0-53:0    9.101134e-02 -0.1053735259  0.287396212 1.0000000
97:0-53:0    5.895301e-02 -0.1396042344  0.257510248 1.0000000
98:0-53:0    3.797111e-02 -0.1644506272  0.240392856 1.0000000
99:0-53:0    7.984308e-02 -0.1137494478  0.273435602 1.0000000
100:0-53:0  -1.974779e-02 -0.1898804225  0.150384846 1.0000000
1:1-53:0    -3.177097e-02 -0.2032251705  0.139683226 1.0000000
2:1-53:0    -1.095975e-02 -0.2089471190  0.187027614 1.0000000
3:1-53:0     3.335468e-02 -0.1801434046  0.246852760 1.0000000
4:1-53:0     2.386279e-02 -0.1896352965  0.237360868 1.0000000
5:1-53:0     1.216635e-01 -0.1144952372  0.357822160 1.0000000
6:1-53:0     2.097596e-02 -0.2151827372  0.257134660 1.0000000
7:1-53:0     4.232308e-02 -0.1890642472  0.273710401 1.0000000
8:1-53:0    -3.161538e-03 -0.2589698502  0.252646773 1.0000000
9:1-53:0     2.802346e-02 -0.2201117996  0.276158723 1.0000000
10:1-53:0    3.563132e-02 -0.2409294309  0.312192068 1.0000000
11:1-53:0    2.934615e-03 -0.2284527087  0.234321939 1.0000000
12:1-53:0    1.084372e-02 -0.2409552876  0.262642737 1.0000000
13:1-53:0   -4.687206e-02 -0.2986710771  0.204926948 1.0000000
14:1-53:0    4.612794e-02 -0.2056710771  0.297926948 1.0000000
15:1-53:0    5.755989e-02 -0.2190008595  0.334120640 1.0000000
16:1-53:0   -4.783297e-02 -0.3243937166  0.228727783 1.0000000
17:1-53:0   -1.133297e-02 -0.2561061568  0.233440223 1.0000000
18:1-53:0    5.092909e-02 -0.1693450834  0.271203257 1.0000000
19:1-53:0    1.570814e-03 -0.2157797300  0.218921359 1.0000000
20:1-53:0    2.681940e-03 -0.2020152584  0.207379138 1.0000000
21:1-53:0    5.461846e-02 -0.1471003310  0.256337254 1.0000000
22:1-53:0   -8.781538e-03 -0.2105003310  0.192937254 1.0000000
23:1-53:0    2.297324e-02 -0.2158401537  0.261786642 1.0000000
24:1-53:0    4.382179e-02 -0.1797195976  0.267363187 1.0000000
25:1-53:0   -4.571448e-02 -0.3059306811  0.214501722 1.0000000
26:1-53:0    2.176923e-02 -0.2616212077  0.305159669 1.0000000
27:1-53:0    2.839179e-02 -0.2421104444  0.298894034 1.0000000
28:1-53:0    1.142077e-01 -0.1691827462  0.397598131 1.0000000
29:1-53:0    9.205425e-02 -0.1597447613  0.343853263 1.0000000
30:1-53:0    3.594679e-02 -0.2552092030  0.327102793 1.0000000
31:1-53:0   -1.800043e-02 -0.2738087391  0.237807884 1.0000000
32:1-53:0    5.134587e-02 -0.1778889681  0.280580706 1.0000000
33:1-53:0    1.108392e-02 -0.2305922619  0.252760094 1.0000000
34:1-53:0    4.751365e-03 -0.2171097275  0.226612457 1.0000000
35:1-53:0    3.773221e-02 -0.2273552703  0.302819693 1.0000000
36:1-53:0   -1.526154e-02 -0.2489512807  0.218428204 1.0000000
37:1-53:0    1.832179e-02 -0.2052195976  0.241863187 1.0000000
38:1-53:0   -4.366448e-02 -0.2610150241  0.173686065 1.0000000
39:1-53:0    2.110873e-02 -0.1923893505  0.234606814 1.0000000
40:1-53:0    3.697759e-02 -0.1677196062  0.241674790 1.0000000
41:1-53:0    4.069748e-02 -0.1547001443  0.236095100 1.0000000
42:1-53:0    3.551215e-02 -0.1768234253  0.247847717 1.0000000
43:1-53:0    3.298418e-02 -0.1830166747  0.248985026 1.0000000
44:1-53:0    5.063846e-02 -0.2327519769  0.334028900 1.0000000
45:1-53:0    4.317596e-02 -0.2219115203  0.308263443 1.0000000
46:1-53:0   -4.383297e-02 -0.3203937166  0.232727783 1.0000000
47:1-53:0    8.285096e-02 -0.1822365203  0.347938443 1.0000000
48:1-53:0    8.910513e-02 -0.1813971111  0.359607367 1.0000000
49:1-53:0    3.612081e-02 -0.2240953870  0.296337016 1.0000000
50:1-53:0   -4.560300e-02 -0.2547588628  0.163552859 1.0000000
51:1-53:0    8.988462e-03 -0.2560990203  0.274075943 1.0000000
52:1-53:0    1.675046e-02 -0.2169392807  0.250440204 1.0000000
53:1-53:0   -2.027404e-02 -0.2564327372  0.215884660 1.0000000
54:1-53:0    3.701478e-02 -0.1753207937  0.249350348 1.0000000
55:1-53:0    4.375721e-02 -0.1765169584  0.264031382 1.0000000
56:1-53:0    1.142385e-01 -0.0949173994  0.323394322 0.9999991
57:1-53:0    9.141239e-03 -0.2055771102  0.223859589 1.0000000
58:1-53:0    4.630721e-02 -0.1568441826  0.249458606 1.0000000
59:1-53:0    2.577385e-02 -0.1678186786  0.219366371 1.0000000
60:1-53:0    2.638280e-02 -0.1561994674  0.208965070 1.0000000
61:1-53:0    3.446980e-02 -0.1443156394  0.213255249 1.0000000
62:1-53:0    3.362099e-02 -0.1494842693  0.216726241 1.0000000
63:1-53:0    2.305239e-02 -0.1655754015  0.211680173 1.0000000
64:1-53:0    4.563846e-02 -0.1575129326  0.248789856 1.0000000
65:1-53:0    3.756119e-02 -0.1688091359  0.243931514 1.0000000
66:1-53:0    4.890317e-02 -0.1684473771  0.266253712 1.0000000
67:1-53:0    4.788462e-02 -0.1633421461  0.259111377 1.0000000
68:1-53:0    4.187242e-03 -0.2049686189  0.213343103 1.0000000
69:1-53:0    6.278046e-02 -0.1389383310  0.264499254 1.0000000
70:1-53:0    5.796210e-02 -0.1405951435  0.256519339 1.0000000
71:1-53:0    7.593608e-02 -0.1322512885  0.284123450 1.0000000
72:1-53:0    4.175846e-02 -0.1742423889  0.257759312 1.0000000
73:1-53:0    7.221624e-02 -0.1333006336  0.277733112 1.0000000
74:1-53:0    6.549428e-02 -0.1417654332  0.272753984 1.0000000
75:1-53:0    4.062906e-03 -0.2014539670  0.209579779 1.0000000
76:1-53:0    4.909719e-02 -0.1453713218  0.243565705 1.0000000
77:1-53:0    5.447692e-02 -0.1459103777  0.254864224 1.0000000
78:1-53:0    6.643013e-02 -0.1244546754  0.257314932 1.0000000
79:1-53:0    1.902513e-02 -0.1667263616  0.204776618 1.0000000
80:1-53:0    4.737043e-02 -0.1328381693  0.227579027 1.0000000
81:1-53:0    2.264927e-02 -0.1591212101  0.204419755 1.0000000
82:1-53:0    4.038462e-03 -0.1785438070  0.186620730 1.0000000
83:1-53:0    7.077964e-02 -0.1302614567  0.271820733 1.0000000
84:1-53:0    9.016741e-02 -0.1221681621  0.302502980 1.0000000
85:1-53:0   -1.988763e-02 -0.2245848236  0.184809573 1.0000000
86:1-53:0    4.958221e-02 -0.1535691826  0.252733606 1.0000000
87:1-53:0    2.156003e-02 -0.1794810645  0.222601125 1.0000000
88:1-53:0    1.392995e-02 -0.1899793647  0.217839266 1.0000000
89:1-53:0    5.387724e-02 -0.1485445047  0.256298979 1.0000000
90:1-53:0    5.766605e-02 -0.1392359906  0.254568086 1.0000000
91:1-53:0    9.898736e-03 -0.1806388831  0.200436354 1.0000000
92:1-53:0    7.109591e-02 -0.1328134072  0.275005224 1.0000000
93:1-53:0    5.995939e-02 -0.1473003169  0.267219100 1.0000000
94:1-53:0    8.387846e-02 -0.1044571753  0.272214098 1.0000000
95:1-53:0    9.453197e-02 -0.0947014420  0.283765378 1.0000000
96:1-53:0    1.110072e-01 -0.0773284253  0.299342848 0.9999434
97:1-53:0    7.786703e-02 -0.1166014805  0.272335546 1.0000000
98:1-53:0    6.663190e-02 -0.1287657181  0.262029526 1.0000000
99:1-53:0    4.896465e-02 -0.1382678606  0.236197165 1.0000000
100:1-53:0  -2.533356e-02 -0.1947386476  0.144071526 1.0000000
55:0-54:0   -3.423478e-02 -0.2081939506  0.139724385 1.0000000
56:0-54:0   -2.483342e-02 -0.1969709797  0.147304132 1.0000000
57:0-54:0   -5.695949e-02 -0.2361438188  0.122224837 1.0000000
58:0-54:0   -3.399793e-03 -0.1814526779  0.174653092 1.0000000
59:0-54:0    3.594701e-03 -0.1576697637  0.164859166 1.0000000
60:0-54:0    1.852456e-03 -0.1450336804  0.148738592 1.0000000
61:0-54:0   -3.590003e-02 -0.1776832324  0.105883170 1.0000000
62:0-54:0   -3.069139e-02 -0.1788623500  0.117479571 1.0000000
63:0-54:0   -3.214559e-02 -0.1879951057  0.123703916 1.0000000
64:0-54:0   -1.921567e-02 -0.1810144667  0.142583135 1.0000000
65:0-54:0   -1.158103e-04 -0.1760406809  0.175809060 1.0000000
66:0-54:0    2.391069e-03 -0.1818432390  0.186625378 1.0000000
67:0-54:0   -1.286808e-02 -0.1887929537  0.163056788 1.0000000
68:0-54:0   -5.132174e-03 -0.1922610509  0.181996703 1.0000000
69:0-54:0    1.207441e-03 -0.1676591316  0.170074015 1.0000000
70:0-54:0   -2.650217e-02 -0.2093880507  0.156383703 1.0000000
71:0-54:0   -6.430932e-02 -0.2355851491  0.106966516 1.0000000
72:0-54:0   -3.845842e-02 -0.2105959797  0.133679132 1.0000000
73:0-54:0   -3.646106e-02 -0.2113840008  0.138461875 1.0000000
74:0-54:0   -3.739905e-02 -0.2294447704  0.154646673 1.0000000
75:0-54:0   -1.154005e-02 -0.2018620119  0.178781906 1.0000000
76:0-54:0   -2.649783e-02 -0.2004569940  0.147461342 1.0000000
77:0-54:0   -3.110795e-03 -0.1678264948  0.161604906 1.0000000
78:0-54:0   -1.981424e-02 -0.1845299431  0.144901457 1.0000000
79:0-54:0   -2.742551e-02 -0.1786355107  0.123784496 1.0000000
80:0-54:0   -9.500174e-03 -0.1581309522  0.139130604 1.0000000
81:0-54:0   -2.408294e-02 -0.1692717697  0.121105883 1.0000000
82:0-54:0   -2.320079e-02 -0.1806741397  0.134272570 1.0000000
83:0-54:0   -4.328364e-03 -0.1661271651  0.157470436 1.0000000
84:0-54:0   -6.420791e-02 -0.2271222448  0.098706422 1.0000000
85:0-54:0    1.154278e-03 -0.1927095751  0.195018131 1.0000000
86:0-54:0   -4.300426e-02 -0.2151418130  0.129133299 1.0000000
87:0-54:0   -4.244503e-02 -0.2204979160  0.135607854 1.0000000
88:0-54:0    1.381706e-02 -0.1677802834  0.195414397 1.0000000
89:0-54:0    1.156246e-02 -0.1676218676  0.190746788 1.0000000
90:0-54:0   -2.537391e-02 -0.1993330810  0.148585255 1.0000000
91:0-54:0   -5.973897e-02 -0.2278561038  0.108378171 1.0000000
92:0-54:0    4.844028e-02 -0.1196768585  0.216557416 1.0000000
93:0-54:0    1.655153e-02 -0.1508407576  0.183943817 1.0000000
94:0-54:0    2.537424e-02 -0.1427428962  0.193491379 1.0000000
95:0-54:0    3.374085e-02 -0.1432264811  0.210708180 1.0000000
96:0-54:0    3.832071e-02 -0.1257764158  0.202417831 1.0000000
97:0-54:0    6.262372e-03 -0.1604284420  0.172953185 1.0000000
98:0-54:0   -1.471952e-02 -0.1859953531  0.156556311 1.0000000
99:0-54:0    2.715244e-02 -0.1335924334  0.187897316 1.0000000
100:0-54:0  -7.243842e-02 -0.2039905519  0.059113704 0.9999986
1:1-54:0    -8.446161e-02 -0.2177184697  0.048795254 0.9986653
2:1-54:0    -6.365039e-02 -0.2296619733  0.102361197 1.0000000
3:1-54:0    -1.933596e-02 -0.2035702660  0.164898351 1.0000000
4:1-54:0    -2.882785e-02 -0.2130621579  0.155406459 1.0000000
5:1-54:0     6.897283e-02 -0.1411028274  0.279048480 1.0000000
6:1-54:0    -3.171467e-02 -0.2417903274  0.178360980 1.0000000
7:1-54:0    -1.036756e-02 -0.2150647567  0.194329640 1.0000000
8:1-54:0    -5.585217e-02 -0.2877977312  0.176093383 1.0000000
9:1-54:0    -2.466717e-02 -0.2481217711  0.198787423 1.0000000
10:1-54:0   -1.705932e-02 -0.2717094638  0.237590830 1.0000000
11:1-54:0   -4.975602e-02 -0.2544532182  0.154941178 1.0000000
12:1-54:0   -4.184691e-02 -0.2693630460  0.185669224 1.0000000
13:1-54:0   -9.956270e-02 -0.3270788354  0.127953435 1.0000000
14:1-54:0   -6.562700e-03 -0.2340788354  0.220953435 1.0000000
15:1-54:0    4.869255e-03 -0.2497808924  0.259519402 1.0000000
16:1-54:0   -1.005236e-01 -0.3551737495  0.154126545 1.0000000
17:1-54:0   -6.402360e-02 -0.2837387900  0.155691585 1.0000000
18:1-54:0   -1.761549e-03 -0.1938072704  0.190284173 1.0000000
19:1-54:0   -5.111982e-02 -0.2398050307  0.137565389 1.0000000
20:1-54:0   -5.000870e-02 -0.2239678636  0.123950472 1.0000000
21:1-54:0    1.927826e-03 -0.1685166529  0.172372305 1.0000000
22:1-54:0   -6.147217e-02 -0.2319166529  0.108972305 1.0000000
23:1-54:0   -2.971739e-02 -0.2427729901  0.183338207 1.0000000
24:1-54:0   -8.868841e-03 -0.2046534246  0.186915743 1.0000000
25:1-54:0   -9.840512e-02 -0.3352031740  0.138392944 1.0000000
26:1-54:0   -3.092140e-02 -0.2929729069  0.231130098 1.0000000
27:1-54:0   -2.429884e-02 -0.2723559119  0.223758231 1.0000000
28:1-54:0    6.151706e-02 -0.2005344453  0.323568559 1.0000000
29:1-54:0    3.936362e-02 -0.1881525196  0.266879751 1.0000000
30:1-54:0   -1.674384e-02 -0.2871743571  0.253686676 1.0000000
31:1-54:0   -7.069106e-02 -0.3026366201  0.161254494 1.0000000
32:1-54:0   -1.344767e-03 -0.2036056370  0.200916104 1.0000000
33:1-54:0   -4.160672e-02 -0.2578663415  0.174652903 1.0000000
34:1-54:0   -4.793927e-02 -0.2418031235  0.145924582 1.0000000
35:1-54:0   -1.495842e-02 -0.2570993379  0.227182490 1.0000000
36:1-54:0   -6.795217e-02 -0.2752484469  0.139344099 1.0000000
37:1-54:0   -3.436884e-02 -0.2301534246  0.161415743 1.0000000
38:1-54:0   -9.635512e-02 -0.2850403248  0.092330095 1.0000000
39:1-54:0   -3.158190e-02 -0.2158162119  0.152652405 1.0000000
40:1-54:0   -1.571304e-02 -0.1896722114  0.158246124 1.0000000
41:1-54:0   -1.199316e-02 -0.1749074907  0.150921176 1.0000000
42:1-54:0   -1.717849e-02 -0.2000643665  0.165707387 1.0000000
43:1-54:0   -1.970646e-02 -0.2068353366  0.167422417 1.0000000
44:1-54:0   -2.052174e-03 -0.2641036761  0.259999328 1.0000000
45:1-54:0   -9.514674e-03 -0.2516555879  0.232626240 1.0000000
46:1-54:0   -9.652360e-02 -0.3511737495  0.158126545 1.0000000
47:1-54:0    3.016033e-02 -0.2119805879  0.272301240 1.0000000
48:1-54:0    3.641449e-02 -0.2116425786  0.284471564 1.0000000
49:1-54:0   -1.656982e-02 -0.2533678798  0.220228238 1.0000000
50:1-54:0   -9.829364e-02 -0.2774779652  0.080890691 0.9999989
51:1-54:0   -4.370217e-02 -0.2858430879  0.198438740 1.0000000
52:1-54:0   -3.594017e-02 -0.2432364469  0.171356099 1.0000000
53:1-54:0   -7.296467e-02 -0.2830403274  0.137110980 1.0000000
54:1-54:0   -1.567586e-02 -0.1985617349  0.167210019 1.0000000
55:1-54:0   -8.933424e-03 -0.2009791454  0.183112298 1.0000000
56:1-54:0    6.154783e-02 -0.1176365018  0.240732154 1.0000000
57:1-54:0   -4.354940e-02 -0.2291964236  0.142097631 1.0000000
58:1-54:0   -6.383424e-03 -0.1785209797  0.165754132 1.0000000
59:1-54:0   -2.691679e-02 -0.1876616642  0.133828086 1.0000000
60:1-54:0   -2.630783e-02 -0.1736073047  0.120991636 1.0000000
61:1-54:0   -1.822083e-02 -0.1607869004  0.124345239 1.0000000
62:1-54:0   -1.906965e-02 -0.1670168822  0.128877583 1.0000000
63:1-54:0   -2.963825e-02 -0.1843679860  0.125091486 1.0000000
64:1-54:0   -7.052174e-03 -0.1791897297  0.165085382 1.0000000
65:1-54:0   -1.512945e-02 -0.1910543173  0.160795424 1.0000000
66:1-54:0   -3.787468e-03 -0.1924726778  0.184897742 1.0000000
67:1-54:0   -4.806020e-03 -0.1864033603  0.176791320 1.0000000
68:1-54:0   -4.850339e-02 -0.2276877213  0.130680934 1.0000000
69:1-54:0    1.008983e-02 -0.1603546529  0.180534305 1.0000000
70:1-54:0    5.271462e-03 -0.1614193511  0.171962276 1.0000000
71:1-54:0    2.324545e-02 -0.1548074398  0.201298330 1.0000000
72:1-54:0   -1.093217e-02 -0.1980610509  0.176196703 1.0000000
73:1-54:0    1.952560e-02 -0.1553973342  0.194448542 1.0000000
74:1-54:0    1.280364e-02 -0.1641636904  0.189770970 1.0000000
75:1-54:0   -4.862773e-02 -0.2235506675  0.126295209 1.0000000
76:1-54:0   -3.593444e-03 -0.1653922445  0.158205357 1.0000000
77:1-54:0    1.786288e-03 -0.1670802854  0.170652861 1.0000000
78:1-54:0    1.373949e-02 -0.1437338619  0.171212847 1.0000000
79:1-54:0   -3.366551e-02 -0.1848755107  0.117544496 1.0000000
80:1-54:0   -5.320207e-03 -0.1496669698  0.139026556 1.0000000
81:1-54:0   -3.004136e-02 -0.1763333912  0.116250665 1.0000000
82:1-54:0   -4.865217e-02 -0.1959516443  0.098647296 1.0000000
83:1-54:0    1.808900e-02 -0.1515528877  0.187730893 1.0000000
84:1-54:0    3.747677e-02 -0.1454091033  0.220362650 1.0000000
85:1-54:0   -7.257826e-02 -0.2465374288  0.101380907 1.0000000
86:1-54:0   -3.108424e-03 -0.1752459797  0.169029132 1.0000000
87:1-54:0   -3.113061e-02 -0.2007724956  0.138511285 1.0000000
88:1-54:0   -3.876068e-02 -0.2117920637  0.134270695 1.0000000
89:1-54:0    1.186602e-03 -0.1700892307  0.172462434 1.0000000
90:1-54:0    4.975412e-03 -0.1597402879  0.169691113 1.0000000
91:1-54:0   -4.279190e-02 -0.1998442266  0.114260427 1.0000000
92:1-54:0    1.840527e-02 -0.1546261062  0.191436652 1.0000000
93:1-54:0    7.268756e-03 -0.1696985741  0.184236087 1.0000000
94:1-54:0    3.118783e-02 -0.1231856214  0.185561274 1.0000000
95:1-54:0    4.184133e-02 -0.1136261324  0.197308798 1.0000000
96:1-54:0    5.831658e-02 -0.0960568714  0.212690024 1.0000000
97:1-54:0    2.517640e-02 -0.1366224032  0.186975198 1.0000000
98:1-54:0    1.394127e-02 -0.1489730645  0.176855602 1.0000000
99:1-54:0   -3.725983e-03 -0.1567516772  0.149299710 1.0000000
100:1-54:0  -7.802420e-02 -0.2086340451  0.052585653 0.9998923
56:0-55:0    9.401359e-03 -0.1627361971  0.181538914 1.0000000
57:0-55:0   -2.272471e-02 -0.2019090362  0.156459619 1.0000000
58:0-55:0    3.083499e-02 -0.1472178953  0.208887875 1.0000000
59:0-55:0    3.782948e-02 -0.1234349811  0.199093948 1.0000000
60:0-55:0    3.608724e-02 -0.1107988978  0.182973374 1.0000000
61:0-55:0   -1.665248e-03 -0.1434484498  0.140117953 1.0000000
62:0-55:0    3.543393e-03 -0.1446275674  0.151714353 1.0000000
63:0-55:0    2.089188e-03 -0.1537603231  0.157938698 1.0000000
64:0-55:0    1.501912e-02 -0.1467796841  0.176817917 1.0000000
65:0-55:0    3.411897e-02 -0.1418058983  0.210043843 1.0000000
66:0-55:0    3.662585e-02 -0.1476084563  0.220860160 1.0000000
67:0-55:0    2.136670e-02 -0.1545581711  0.197291570 1.0000000
68:0-55:0    2.910261e-02 -0.1580262683  0.216231486 1.0000000
69:0-55:0    3.544222e-02 -0.1334243490  0.204308797 1.0000000
70:0-55:0    7.732609e-03 -0.1751532681  0.190618485 1.0000000
71:0-55:0   -3.007453e-02 -0.2013503664  0.141201298 1.0000000
72:0-55:0   -4.223641e-03 -0.1763611971  0.167913914 1.0000000
73:0-55:0   -2.226280e-03 -0.1771492182  0.172696658 1.0000000
74:0-55:0   -3.164266e-03 -0.1952099878  0.188881455 1.0000000
75:0-55:0    2.269473e-02 -0.1676272293  0.213016689 1.0000000
76:0-55:0    7.736957e-03 -0.1662222114  0.181696124 1.0000000
77:0-55:0    3.112399e-02 -0.1335917122  0.195839688 1.0000000
78:0-55:0    1.442054e-02 -0.1502951605  0.179136240 1.0000000
79:0-55:0    6.809275e-03 -0.1444007281  0.158019279 1.0000000
80:0-55:0    2.473461e-02 -0.1238961696  0.173365387 1.0000000
81:0-55:0    1.015184e-02 -0.1350369871  0.155340666 1.0000000
82:0-55:0    1.103400e-02 -0.1464393571  0.168507352 1.0000000
83:0-55:0    2.990642e-02 -0.1318923825  0.191705219 1.0000000
84:0-55:0   -2.997313e-02 -0.1928874622  0.132941204 1.0000000
85:0-55:0    3.538906e-02 -0.1584747925  0.229252913 1.0000000
86:0-55:0   -8.769475e-03 -0.1809070304  0.163368081 1.0000000
87:0-55:0   -8.210248e-03 -0.1862631334  0.169842636 1.0000000
88:0-55:0    4.805184e-02 -0.1335455008  0.229649180 1.0000000
89:0-55:0    4.579724e-02 -0.1333870850  0.224981571 1.0000000
90:0-55:0    8.860870e-03 -0.1650982984  0.182820038 1.0000000
91:0-55:0   -2.550418e-02 -0.1936213211  0.142612954 1.0000000
92:0-55:0    8.267506e-02 -0.0854420759  0.250792199 1.0000000
93:0-55:0    5.078631e-02 -0.1166059750  0.218178600 1.0000000
94:0-55:0    5.960902e-02 -0.1085081136  0.227726161 1.0000000
95:0-55:0    6.797563e-02 -0.1089916984  0.244942962 1.0000000
96:0-55:0    7.255549e-02 -0.0915416332  0.236652613 1.0000000
97:0-55:0    4.049715e-02 -0.1261936594  0.207187968 1.0000000
98:0-55:0    1.951526e-02 -0.1517605705  0.190791094 1.0000000
99:0-55:0    6.138722e-02 -0.0993576508  0.222132099 1.0000000
100:0-55:0  -3.820364e-02 -0.1697557693  0.093348487 1.0000000
1:1-55:0    -5.022683e-02 -0.1834836871  0.083030037 1.0000000
2:1-55:0    -2.941561e-02 -0.1954271907  0.136595980 1.0000000
3:1-55:0     1.489882e-02 -0.1693354834  0.199133133 1.0000000
4:1-55:0     5.406933e-03 -0.1788273753  0.189641241 1.0000000
5:1-55:0     1.032076e-01 -0.1068680448  0.313283262 1.0000000
6:1-55:0     2.520109e-03 -0.2075555448  0.212595762 1.0000000
7:1-55:0     2.386722e-02 -0.1808299741  0.228564422 1.0000000
8:1-55:0    -2.161739e-02 -0.2535629486  0.210328166 1.0000000
9:1-55:0     9.567609e-03 -0.2138869885  0.233022206 1.0000000
10:1-55:0    1.717547e-02 -0.2374746812  0.271825613 1.0000000
11:1-55:0   -1.552124e-02 -0.2202184356  0.189175961 1.0000000
12:1-55:0   -7.612128e-03 -0.2351282634  0.219904007 1.0000000
13:1-55:0   -6.532792e-02 -0.2928440528  0.162188218 1.0000000
14:1-55:0    2.767208e-02 -0.1998440528  0.255188218 1.0000000
15:1-55:0    3.910404e-02 -0.2155461098  0.293754184 1.0000000
16:1-55:0   -6.628882e-02 -0.3209389669  0.188361327 1.0000000
17:1-55:0   -2.978882e-02 -0.2495040074  0.189926368 1.0000000
18:1-55:0    3.247323e-02 -0.1595724878  0.224518955 1.0000000
19:1-55:0   -1.688504e-02 -0.2055702481  0.171800171 1.0000000
20:1-55:0   -1.577391e-02 -0.1897330810  0.158185255 1.0000000
21:1-55:0    3.616261e-02 -0.1342818703  0.206607088 1.0000000
22:1-55:0   -2.723739e-02 -0.1976818703  0.143207088 1.0000000
23:1-55:0    4.517391e-03 -0.2085382075  0.217572990 1.0000000
24:1-55:0    2.536594e-02 -0.1704186420  0.221150526 1.0000000
25:1-55:0   -6.417033e-02 -0.3009683914  0.172627726 1.0000000
26:1-55:0    3.313378e-03 -0.2587381243  0.265364880 1.0000000
27:1-55:0    9.935942e-03 -0.2381211293  0.257993013 1.0000000
28:1-55:0    9.575184e-02 -0.1662996627  0.357803342 1.0000000
29:1-55:0    7.359840e-02 -0.1539177370  0.301114533 1.0000000
30:1-55:0    1.749094e-02 -0.2529395745  0.287921459 1.0000000
31:1-55:0   -3.645628e-02 -0.2684018375  0.195489277 1.0000000
32:1-55:0    3.289002e-02 -0.1693708543  0.235150887 1.0000000
33:1-55:0   -7.371937e-03 -0.2236315589  0.208887685 1.0000000
34:1-55:0   -1.370449e-02 -0.2075683409  0.180159365 1.0000000
35:1-55:0    1.927636e-02 -0.2228645553  0.261417273 1.0000000
36:1-55:0   -3.371739e-02 -0.2410136643  0.173578882 1.0000000
37:1-55:0   -1.340580e-04 -0.1959186420  0.195650526 1.0000000
38:1-55:0   -6.212033e-02 -0.2508055422  0.126564877 1.0000000
39:1-55:0    2.652879e-03 -0.1815814293  0.186887187 1.0000000
40:1-55:0    1.852174e-02 -0.1554374288  0.192480907 1.0000000
41:1-55:0    2.224163e-02 -0.1406727081  0.185155958 1.0000000
42:1-55:0    1.705629e-02 -0.1658295839  0.199942170 1.0000000
43:1-55:0    1.452832e-02 -0.1726005540  0.201657200 1.0000000
44:1-55:0    3.218261e-02 -0.2298688935  0.294234111 1.0000000
45:1-55:0    2.472011e-02 -0.2174208053  0.266861023 1.0000000
46:1-55:0   -6.228882e-02 -0.3169389669  0.192361327 1.0000000
47:1-55:0    6.439511e-02 -0.1777458053  0.306536023 1.0000000
48:1-55:0    7.064928e-02 -0.1774077960  0.318706347 1.0000000
49:1-55:0    1.766496e-02 -0.2191330972  0.254463021 1.0000000
50:1-55:0   -6.405885e-02 -0.2432431826  0.115125473 1.0000000
51:1-55:0   -9.467391e-03 -0.2516083053  0.232673523 1.0000000
52:1-55:0   -1.705391e-03 -0.2090016643  0.205590882 1.0000000
53:1-55:0   -3.872989e-02 -0.2488055448  0.171345762 1.0000000
54:1-55:0    1.855892e-02 -0.1643269523  0.201444801 1.0000000
55:1-55:0    2.530136e-02 -0.1667443628  0.217347080 1.0000000
56:1-55:0    9.578261e-02 -0.0834017191  0.274966937 0.9999998
57:1-55:0   -9.314614e-03 -0.1949616410  0.176332414 1.0000000
58:1-55:0    2.785136e-02 -0.1442861971  0.199988914 1.0000000
59:1-55:0    7.317993e-03 -0.1534268816  0.168062868 1.0000000
60:1-55:0    7.926948e-03 -0.1393725221  0.155226419 1.0000000
61:1-55:0    1.601395e-02 -0.1265521178  0.158580022 1.0000000
62:1-55:0    1.516513e-02 -0.1327820996  0.163112366 1.0000000
63:1-55:0    4.596533e-03 -0.1501332033  0.159326269 1.0000000
64:1-55:0    2.718261e-02 -0.1449549471  0.199320164 1.0000000
65:1-55:0    1.910534e-02 -0.1568195347  0.195030207 1.0000000
66:1-55:0    3.044731e-02 -0.1582378952  0.219132524 1.0000000
67:1-55:0    2.942876e-02 -0.1521685777  0.211026103 1.0000000
68:1-55:0   -1.426861e-02 -0.1934529387  0.164915717 1.0000000
69:1-55:0    4.432461e-02 -0.1261198703  0.214769088 1.0000000
70:1-55:0    3.950625e-02 -0.1271845684  0.206197059 1.0000000
71:1-55:0    5.748023e-02 -0.1205726572  0.235533113 1.0000000
72:1-55:0    2.330261e-02 -0.1638262683  0.210431486 1.0000000
73:1-55:0    5.376039e-02 -0.1211625516  0.228683325 1.0000000
74:1-55:0    4.703842e-02 -0.1299289077  0.224005753 1.0000000
75:1-55:0   -1.439295e-02 -0.1893158849  0.160529991 1.0000000
76:1-55:0    3.064134e-02 -0.1311574619  0.192440140 1.0000000
77:1-55:0    3.602107e-02 -0.1328455028  0.204887643 1.0000000
78:1-55:0    4.797428e-02 -0.1094990793  0.205447630 1.0000000
79:1-55:0    5.692754e-04 -0.1506407281  0.151779279 1.0000000
80:1-55:0    2.891458e-02 -0.1154321872  0.173261339 1.0000000
81:1-55:0    4.193420e-03 -0.1420986086  0.150485448 1.0000000
82:1-55:0   -1.441739e-02 -0.1617168617  0.132882079 1.0000000
83:1-55:0    5.232379e-02 -0.1173181051  0.221965675 1.0000000
84:1-55:0    7.171156e-02 -0.1111743207  0.254597433 1.0000000
85:1-55:0   -3.834348e-02 -0.2123026462  0.135615690 1.0000000
86:1-55:0    3.112636e-02 -0.1410111971  0.203263914 1.0000000
87:1-55:0    3.104177e-03 -0.1665377129  0.172746068 1.0000000
88:1-55:0   -4.525902e-03 -0.1775572811  0.168505477 1.0000000
89:1-55:0    3.542138e-02 -0.1358544481  0.206697216 1.0000000
90:1-55:0    3.921019e-02 -0.1255055053  0.203925895 1.0000000
91:1-55:0   -8.557117e-03 -0.1656094440  0.148495209 1.0000000
92:1-55:0    5.264006e-02 -0.1203913236  0.225671435 1.0000000
93:1-55:0    4.150354e-02 -0.1354637915  0.218470869 1.0000000
94:1-55:0    6.542261e-02 -0.0889508388  0.219796056 1.0000000
95:1-55:0    7.607612e-02 -0.0793913498  0.231543580 1.0000000
96:1-55:0    9.255136e-02 -0.0618220888  0.246924806 0.9998727
97:1-55:0    5.941118e-02 -0.1023876206  0.221209981 1.0000000
98:1-55:0    4.817605e-02 -0.1147382819  0.211090385 1.0000000
99:1-55:0    3.050880e-02 -0.1225168946  0.183534493 1.0000000
100:1-55:0  -4.378941e-02 -0.1743992625  0.086820436 1.0000000
57:0-56:0   -3.212607e-02 -0.2095424399  0.145290306 1.0000000
58:0-56:0    2.143363e-02 -0.1548399514  0.197707213 1.0000000
59:0-56:0    2.842812e-02 -0.1308696264  0.187725876 1.0000000
60:0-56:0    2.668588e-02 -0.1180382820  0.171410041 1.0000000
61:0-56:0   -1.106661e-02 -0.1506087950  0.128475581 1.0000000
62:0-56:0   -5.857966e-03 -0.1518859750  0.140170044 1.0000000
63:0-56:0   -7.312171e-03 -0.1611257465  0.146501404 1.0000000
64:0-56:0    5.617758e-03 -0.1542209042  0.165456420 1.0000000
65:0-56:0    2.471761e-02 -0.1494062105  0.198841438 1.0000000
66:0-56:0    2.722449e-02 -0.1552907838  0.209739770 1.0000000
67:0-56:0    1.196534e-02 -0.1621584832  0.186089165 1.0000000
68:0-56:0    1.970125e-02 -0.1657354308  0.205137931 1.0000000
69:0-56:0    2.604087e-02 -0.1409485519  0.193030283 1.0000000
70:0-56:0   -1.668750e-03 -0.1828228002  0.179485300 1.0000000
71:0-56:0   -3.947589e-02 -0.2089012650  0.129949479 1.0000000
72:0-56:0   -1.362500e-02 -0.1839214595  0.156671459 1.0000000
73:0-56:0   -1.162764e-02 -0.1847391066  0.161483829 1.0000000
74:0-56:0   -1.256563e-02 -0.2029628549  0.177831605 1.0000000
75:0-56:0    1.329337e-02 -0.1753650347  0.201951777 1.0000000
76:0-56:0   -1.664402e-03 -0.1738019580  0.170473154 1.0000000
77:0-56:0    2.172263e-02 -0.1410680581  0.184513317 1.0000000
78:0-56:0    5.019181e-03 -0.1577715063  0.167809868 1.0000000
79:0-56:0   -2.592083e-03 -0.1517028179  0.146518651 1.0000000
80:0-56:0    1.533325e-02 -0.1311613036  0.161827804 1.0000000
81:0-56:0    7.504808e-04 -0.1422507128  0.143751674 1.0000000
82:0-56:0    1.632639e-03 -0.1538260483  0.157091326 1.0000000
83:0-56:0    2.050506e-02 -0.1393336026  0.180343722 1.0000000
84:0-56:0   -3.937449e-02 -0.2003422670  0.121593292 1.0000000
85:0-56:0    2.598770e-02 -0.1662432518  0.218218655 1.0000000
86:0-56:0   -1.817083e-02 -0.1884672928  0.152125626 1.0000000
87:0-56:0   -1.761161e-02 -0.1938851895  0.158661975 1.0000000
88:0-56:0    3.865048e-02 -0.1412026259  0.218503587 1.0000000
89:0-56:0    3.639588e-02 -0.1410204887  0.213812257 1.0000000
90:0-56:0   -5.404891e-04 -0.1726780449  0.171597067 1.0000000
91:0-56:0   -3.490554e-02 -0.2011370614  0.131325976 1.0000000
92:0-56:0    7.327370e-02 -0.0929578161  0.239505222 1.0000000
93:0-56:0    4.138495e-02 -0.1241134568  0.206883364 1.0000000
94:0-56:0    5.020767e-02 -0.1160238538  0.216439184 1.0000000
95:0-56:0    5.857427e-02 -0.1166027287  0.233751275 1.0000000
96:0-56:0    6.315413e-02 -0.0990106363  0.225318899 1.0000000
97:0-56:0    3.109580e-02 -0.1336930795  0.195884670 1.0000000
98:0-56:0    1.011390e-02 -0.1593114691  0.179539275 1.0000000
99:0-56:0    5.198587e-02 -0.1067858601  0.210757591 1.0000000
100:0-56:0  -4.760500e-02 -0.1767386841  0.081528684 1.0000000
1:1-56:0    -5.962818e-02 -0.1904981088  0.071241741 1.0000000
2:1-56:0    -3.881696e-02 -0.2029187388  0.125284810 1.0000000
3:1-56:0     5.497466e-03 -0.1770178108  0.188012743 1.0000000
4:1-56:0    -3.994426e-03 -0.1865097027  0.178520851 1.0000000
5:1-56:0     9.380625e-02 -0.1147634654  0.302375965 1.0000000
6:1-56:0    -6.881250e-03 -0.2154509654  0.201688465 1.0000000
7:1-56:0     1.446587e-02 -0.1886855287  0.217617259 1.0000000
8:1-56:0    -3.101875e-02 -0.2616012462  0.199563746 1.0000000
9:1-56:0     1.662500e-04 -0.2218731677  0.222205668 1.0000000
10:1-56:0    7.774107e-03 -0.2456351338  0.261183348 1.0000000
11:1-56:0   -2.492260e-02 -0.2280739903  0.178228798 1.0000000
12:1-56:0   -1.701349e-02 -0.2431398625  0.209112889 1.0000000
13:1-56:0   -7.472928e-02 -0.3008556520  0.151397099 1.0000000
14:1-56:0    1.827072e-02 -0.2078556520  0.244397099 1.0000000
15:1-56:0    2.970268e-02 -0.2237065624  0.283111920 1.0000000
16:1-56:0   -7.569018e-02 -0.3290994195  0.177719062 1.0000000
17:1-56:0   -3.919018e-02 -0.2574659436  0.179085586 1.0000000
18:1-56:0    2.307187e-02 -0.1673253549  0.213469105 1.0000000
19:1-56:0   -2.628640e-02 -0.2132934942  0.160720700 1.0000000
20:1-56:0   -2.517527e-02 -0.1973128275  0.146962284 1.0000000
21:1-56:0    2.676125e-02 -0.1418236438  0.195346144 1.0000000
22:1-56:0   -3.663875e-02 -0.2052236438  0.131946144 1.0000000
23:1-56:0   -4.883967e-03 -0.2164548401  0.206686905 1.0000000
24:1-56:0    1.596458e-02 -0.1782032548  0.210132421 1.0000000
25:1-56:0   -7.357169e-02 -0.3090347810  0.161891399 1.0000000
26:1-56:0   -6.087981e-03 -0.2669337893  0.254757828 1.0000000
27:1-56:0    5.345833e-04 -0.2462484320  0.247317599 1.0000000
28:1-56:0    8.635048e-02 -0.1744953277  0.347196289 1.0000000
29:1-56:0    6.419704e-02 -0.1619293362  0.290323415 1.0000000
30:1-56:0    8.089583e-03 -0.2611727614  0.277351928 1.0000000
31:1-56:0   -4.585764e-02 -0.2764401351  0.184724857 1.0000000
32:1-56:0    2.348866e-02 -0.1772076448  0.224184960 1.0000000
33:1-56:0   -1.677330e-02 -0.2315703396  0.198023749 1.0000000
34:1-56:0   -2.310585e-02 -0.2153368001  0.169125107 1.0000000
35:1-56:0    9.875000e-03 -0.2309605626  0.250710563 1.0000000
36:1-56:0   -4.311875e-02 -0.2488887449  0.162651245 1.0000000
37:1-56:0   -9.535417e-03 -0.2037032548  0.184632421 1.0000000
38:1-56:0   -7.152169e-02 -0.2585287883  0.115485406 1.0000000
39:1-56:0   -6.748480e-03 -0.1892637567  0.175766797 1.0000000
40:1-56:0    9.120380e-03 -0.1630171754  0.181257936 1.0000000
41:1-56:0    1.284027e-02 -0.1481275129  0.173808046 1.0000000
42:1-56:0    7.654934e-03 -0.1734991160  0.188808984 1.0000000
43:1-56:0    5.126964e-03 -0.1803097165  0.190563645 1.0000000
44:1-56:0    2.278125e-02 -0.2380645585  0.283627058 1.0000000
45:1-56:0    1.531875e-02 -0.2255168126  0.256154313 1.0000000
46:1-56:0   -7.169018e-02 -0.3250994195  0.181719062 1.0000000
47:1-56:0    5.499375e-02 -0.1858418126  0.295829313 1.0000000
48:1-56:0    6.124792e-02 -0.1855350986  0.308030932 1.0000000
49:1-56:0    8.263603e-03 -0.2271994869  0.243726693 1.0000000
50:1-56:0   -7.346021e-02 -0.2508765862  0.103956159 1.0000000
51:1-56:0   -1.886875e-02 -0.2597043126  0.221966813 1.0000000
52:1-56:0   -1.110675e-02 -0.2168767449  0.194663245 1.0000000
53:1-56:0   -4.813125e-02 -0.2567009654  0.160438465 1.0000000
54:1-56:0    9.157566e-03 -0.1719964844  0.190311616 1.0000000
55:1-56:0    1.590000e-02 -0.1744972299  0.206297230 1.0000000
56:1-56:0    8.638125e-02 -0.0910351228  0.263797623 1.0000000
57:1-56:0   -1.871597e-02 -0.2026571715  0.165225227 1.0000000
58:1-56:0    1.845000e-02 -0.1518464595  0.188746459 1.0000000
59:1-56:0   -2.083365e-03 -0.1608550908  0.156688360 1.0000000
60:1-56:0   -1.474410e-03 -0.1466180632  0.143669242 1.0000000
61:1-56:0    6.612593e-03 -0.1337249650  0.146950152 1.0000000
62:1-56:0    5.763774e-03 -0.1400372189  0.151564767 1.0000000
63:1-56:0   -4.804826e-03 -0.1574836956  0.147874044 1.0000000
64:1-56:0    1.778125e-02 -0.1525152095  0.188077709 1.0000000
65:1-56:0    9.703977e-03 -0.1644198468  0.183827801 1.0000000
66:1-56:0    2.104596e-02 -0.1659611412  0.208053053 1.0000000
67:1-56:0    2.002740e-02 -0.1598257028  0.199880510 1.0000000
68:1-56:0   -2.366997e-02 -0.2010863423  0.153746403 1.0000000
69:1-56:0    3.492325e-02 -0.1336616438  0.203508144 1.0000000
70:1-56:0    3.010489e-02 -0.1346839886  0.194893761 1.0000000
71:1-56:0    4.807887e-02 -0.1281947133  0.224352451 1.0000000
72:1-56:0    1.390125e-02 -0.1715354308  0.199337931 1.0000000
73:1-56:0    4.435903e-02 -0.1287524399  0.217470495 1.0000000
74:1-56:0    3.763706e-02 -0.1375399380  0.212814066 1.0000000
75:1-56:0   -2.379431e-02 -0.1969057733  0.149317162 1.0000000
76:1-56:0    2.123998e-02 -0.1385986820  0.181078642 1.0000000
77:1-56:0    2.661971e-02 -0.1403697058  0.193609129 1.0000000
78:1-56:0    3.857292e-02 -0.1168857705  0.194031604 1.0000000
79:1-56:0   -8.832083e-03 -0.1579428179  0.140278651 1.0000000
80:1-56:0    1.951322e-02 -0.1226329541  0.161659389 1.0000000
81:1-56:0   -5.207939e-03 -0.1493290809  0.138913203 1.0000000
82:1-56:0   -2.381875e-02 -0.1689624029  0.121324903 1.0000000
83:1-56:0    4.292243e-02 -0.1248509830  0.210695836 1.0000000
84:1-56:0    6.231020e-02 -0.1188438529  0.243464248 1.0000000
85:1-56:0   -4.774484e-02 -0.2198823928  0.124392719 1.0000000
86:1-56:0    2.172500e-02 -0.1485714595  0.192021459 1.0000000
87:1-56:0   -6.297181e-03 -0.1740705909  0.161476228 1.0000000
88:1-56:0   -1.392726e-02 -0.1851271560  0.157272635 1.0000000
89:1-56:0    2.602003e-02 -0.1434053466  0.195445398 1.0000000
90:1-56:0    2.980884e-02 -0.1329818512  0.192599524 1.0000000
91:1-56:0   -1.795848e-02 -0.1729906640  0.137073712 1.0000000
92:1-56:0    4.323870e-02 -0.1279611985  0.214438592 1.0000000
93:1-56:0    3.210218e-02 -0.1430748218  0.207279182 1.0000000
94:1-56:0    5.602125e-02 -0.0962965339  0.208339034 1.0000000
95:1-56:0    6.667476e-02 -0.0867517036  0.220101217 1.0000000
96:1-56:0    8.315000e-02 -0.0691677839  0.235467784 0.9999992
97:1-56:0    5.000982e-02 -0.1098288407  0.209848484 1.0000000
98:1-56:0    3.877469e-02 -0.1221930867  0.199742472 1.0000000
99:1-56:0    2.110744e-02 -0.1298442370  0.172059118 1.0000000
100:1-56:0  -5.319077e-02 -0.1813643992  0.074982855 1.0000000
58:0-57:0    5.355970e-02 -0.1296015999  0.236720996 1.0000000
59:0-57:0    6.055419e-02 -0.1063333714  0.227441756 1.0000000
60:0-57:0    5.881195e-02 -0.0942265066  0.211850400 1.0000000
61:0-57:0    2.105946e-02 -0.1270881267  0.169207047 1.0000000
62:0-57:0    2.626810e-02 -0.1280039464  0.180540149 1.0000000
63:0-57:0    2.481390e-02 -0.1368471729  0.186474965 1.0000000
64:0-57:0    3.774383e-02 -0.1296601270  0.205147777 1.0000000
65:0-57:0    5.684368e-02 -0.1242496415  0.237937003 1.0000000
66:0-57:0    5.935056e-02 -0.1298253144  0.248526435 1.0000000
67:0-57:0    4.409141e-02 -0.1370019142  0.225184730 1.0000000
68:0-57:0    5.182732e-02 -0.1401686407  0.243823275 1.0000000
69:0-57:0    5.816693e-02 -0.1160775817  0.232411447 1.0000000
70:0-57:0    3.045732e-02 -0.1574055988  0.218320233 1.0000000
71:0-57:0   -7.349826e-03 -0.1839302379  0.169230586 1.0000000
72:0-57:0    1.850107e-02 -0.1589153057  0.195917440 1.0000000
73:0-57:0    2.049843e-02 -0.1596217136  0.200618570 1.0000000
74:0-57:0    1.956044e-02 -0.1772307934  0.216351678 1.0000000
75:0-57:0    4.541944e-02 -0.1496899653  0.240528842 1.0000000
76:0-57:0    3.046166e-02 -0.1487226629  0.209645993 1.0000000
77:0-57:0    5.384870e-02 -0.1163761347  0.224073527 1.0000000
78:0-57:0    3.714525e-02 -0.1330795830  0.207370079 1.0000000
79:0-57:0    2.953398e-02 -0.1276591980  0.186727165 1.0000000
80:0-57:0    4.745932e-02 -0.1072544169  0.202173051 1.0000000
81:0-57:0    3.287655e-02 -0.1185335793  0.184286675 1.0000000
82:0-57:0    3.375871e-02 -0.1294684016  0.196985814 1.0000000
83:0-57:0    5.263113e-02 -0.1147728254  0.220035079 1.0000000
84:0-57:0   -7.248421e-03 -0.1757307972  0.161233956 1.0000000
85:0-57:0    5.811377e-02 -0.1404521515  0.256679689 1.0000000
86:0-57:0    1.395523e-02 -0.1634611391  0.191371607 1.0000000
87:0-57:0    1.451446e-02 -0.1686468380  0.197675758 1.0000000
88:0-57:0    7.077655e-02 -0.1158322012  0.257385297 1.0000000
89:0-57:0    6.852195e-02 -0.1157394245  0.252783327 1.0000000
90:0-57:0    3.158558e-02 -0.1475987499  0.210769906 1.0000000
91:0-57:0   -2.779475e-03 -0.1762977831  0.170738832 1.0000000
92:0-57:0    1.053998e-01 -0.0681185378  0.278918078 0.9997695
93:0-57:0    7.351102e-02 -0.0993050928  0.246327134 1.0000000
94:0-57:0    8.233373e-02 -0.0911845755  0.255852040 1.0000000
95:0-57:0    9.070034e-02 -0.0914058574  0.272806538 1.0000000
96:0-57:0    9.528020e-02 -0.0743461471  0.264906544 0.9999955
97:0-57:0    6.322186e-02 -0.1089148812  0.235358606 1.0000000
98:0-57:0    4.223997e-02 -0.1343404420  0.218820382 1.0000000
99:0-57:0    8.411193e-02 -0.0822736019  0.250497467 1.0000000
100:0-57:0  -1.547893e-02 -0.1538667705  0.122908905 1.0000000
1:1-57:0    -2.750212e-02 -0.1675114825  0.112507249 1.0000000
2:1-57:0    -6.690897e-03 -0.1781699852  0.164788191 1.0000000
3:1-57:0     3.762353e-02 -0.1515523414  0.226799408 1.0000000
4:1-57:0     2.813164e-02 -0.1610442333  0.217307516 1.0000000
5:1-57:0     1.259323e-01 -0.0884901897  0.340354824 0.9999526
6:1-57:0     2.524482e-02 -0.1891776897  0.239667324 1.0000000
7:1-57:0     4.659193e-02 -0.1625639285  0.255747793 1.0000000
8:1-57:0     1.107317e-03 -0.2347824300  0.236997064 1.0000000
9:1-57:0     3.229232e-02 -0.1952536963  0.259838330 1.0000000
10:1-57:0    3.990017e-02 -0.2183476305  0.298147979 1.0000000
11:1-57:0    7.203471e-03 -0.2019523900  0.216359332 1.0000000
12:1-57:0    1.511258e-02 -0.2164232118  0.246648372 1.0000000
13:1-57:0   -4.260321e-02 -0.2741390013  0.188932583 1.0000000
14:1-57:0    5.039679e-02 -0.1811390013  0.281932583 1.0000000
15:1-57:0    6.182875e-02 -0.1964190590  0.320076550 1.0000000
16:1-57:0   -4.356411e-02 -0.3018119162  0.214683693 1.0000000
17:1-57:0   -7.064111e-03 -0.2309390651  0.216810842 1.0000000
18:1-57:0    5.519794e-02 -0.1415932934  0.251989178 1.0000000
19:1-57:0    5.839670e-03 -0.1876734810  0.199352821 1.0000000
20:1-57:0    6.950795e-03 -0.1722335325  0.186135123 1.0000000
21:1-57:0    5.888732e-02 -0.1168868325  0.234661467 1.0000000
22:1-57:0   -4.512683e-03 -0.1802868325  0.171261467 1.0000000
23:1-57:0    2.724210e-02 -0.1901007617  0.244584961 1.0000000
24:1-57:0    4.809065e-02 -0.1523509485  0.248532249 1.0000000
25:1-57:0   -4.144562e-02 -0.2821083589  0.199217111 1.0000000
26:1-57:0    2.603809e-02 -0.2395108189  0.291586991 1.0000000
27:1-57:0    3.266065e-02 -0.2190883156  0.284409616 1.0000000
28:1-57:0    1.184765e-01 -0.1470723573  0.384025453 1.0000000
29:1-57:0    9.632311e-02 -0.1352126855  0.327858899 1.0000000
30:1-57:0    4.021565e-02 -0.2336052683  0.314036569 1.0000000
31:1-57:0   -1.373157e-02 -0.2496213189  0.222158175 1.0000000
32:1-57:0    5.561472e-02 -0.1511573504  0.262386799 1.0000000
33:1-57:0    1.535277e-02 -0.2051318206  0.235837364 1.0000000
34:1-57:0    9.020220e-03 -0.1895456999  0.207586140 1.0000000
35:1-57:0    4.200107e-02 -0.2039205738  0.287922708 1.0000000
36:1-57:0   -1.099268e-02 -0.2226928861  0.200707520 1.0000000
37:1-57:0    2.259065e-02 -0.1778509485  0.223032249 1.0000000
38:1-57:0   -3.939562e-02 -0.2329087751  0.154117527 1.0000000
39:1-57:0    2.537759e-02 -0.1637982874  0.214553462 1.0000000
40:1-57:0    4.124645e-02 -0.1379378803  0.220430775 1.0000000
41:1-57:0    4.496633e-02 -0.1235160431  0.213448710 1.0000000
42:1-57:0    3.978100e-02 -0.1480819146  0.227643917 1.0000000
43:1-57:0    3.725303e-02 -0.1547429265  0.229248989 1.0000000
44:1-57:0    5.490732e-02 -0.2106415881  0.320456222 1.0000000
45:1-57:0    4.744482e-02 -0.1984768238  0.293366458 1.0000000
46:1-57:0   -3.956411e-02 -0.2978119162  0.218683693 1.0000000
47:1-57:0    8.711982e-02 -0.1588018238  0.333041458 1.0000000
48:1-57:0    9.337398e-02 -0.1583749822  0.345122950 1.0000000
49:1-57:0    4.038967e-02 -0.2002730648  0.281052405 1.0000000
50:1-57:0   -4.133415e-02 -0.2255955220  0.142927229 1.0000000
51:1-57:0    1.325732e-02 -0.2326643238  0.259178958 1.0000000
52:1-57:0    2.101932e-02 -0.1906808861  0.232719520 1.0000000
53:1-57:0   -1.600518e-02 -0.2304276897  0.198417324 1.0000000
54:1-57:0    4.128363e-02 -0.1465792830  0.229146549 1.0000000
55:1-57:0    4.802607e-02 -0.1487651684  0.244817303 1.0000000
56:1-57:0    1.185073e-01 -0.0657540586  0.302768693 0.9977035
57:1-57:0    1.341009e-02 -0.1771418666  0.203962056 1.0000000
58:1-57:0    5.057607e-02 -0.1268403057  0.227992440 1.0000000
59:1-57:0    3.004270e-02 -0.1363428326  0.196428236 1.0000000
60:1-57:0    3.065166e-02 -0.1227835583  0.184086872 1.0000000
61:1-57:0    3.873866e-02 -0.1101583359  0.187635657 1.0000000
62:1-57:0    3.788984e-02 -0.1161673391  0.191947022 1.0000000
63:1-57:0    2.732124e-02 -0.1332605837  0.187903066 1.0000000
64:1-57:0    4.990732e-02 -0.1275090557  0.227323690 1.0000000
65:1-57:0    4.183004e-02 -0.1392632779  0.222923367 1.0000000
66:1-57:0    5.317202e-02 -0.1403411280  0.246685174 1.0000000
67:1-57:0    5.215347e-02 -0.1344552781  0.238762220 1.0000000
68:1-57:0    8.456098e-03 -0.1758052781  0.192717473 1.0000000
69:1-57:0    6.704932e-02 -0.1087248325  0.242823467 1.0000000
70:1-57:0    6.223095e-02 -0.1099057903  0.234367697 1.0000000
71:1-57:0    8.020494e-02 -0.1029563618  0.263366234 1.0000000
72:1-57:0    4.602732e-02 -0.1459686407  0.238023275 1.0000000
73:1-57:0    7.648509e-02 -0.1036350469  0.256605237 1.0000000
74:1-57:0    6.976313e-02 -0.1123430667  0.251869329 1.0000000
75:1-57:0    8.331762e-03 -0.1717883803  0.188451903 1.0000000
76:1-57:0    5.336605e-02 -0.1140379047  0.220769999 1.0000000
77:1-57:0    5.874578e-02 -0.1154987356  0.232990293 1.0000000
78:1-57:0    7.069898e-02 -0.0925281239  0.233926091 1.0000000
79:1-57:0    2.329398e-02 -0.1338991980  0.180487165 1.0000000
80:1-57:0    5.163928e-02 -0.0989635684  0.202242137 1.0000000
81:1-57:0    2.691813e-02 -0.1255501925  0.179386448 1.0000000
82:1-57:0    8.307317e-03 -0.1451278979  0.161742532 1.0000000
83:1-57:0    7.504849e-02 -0.0999475126  0.250044500 1.0000000
84:1-57:0    9.443626e-02 -0.0934266514  0.282299180 1.0000000
85:1-57:0   -1.561877e-02 -0.1948030977  0.163565558 1.0000000
86:1-57:0    5.385107e-02 -0.1235653057  0.231267440 1.0000000
87:1-57:0    2.582889e-02 -0.1491671204  0.200824892 1.0000000
88:1-57:0    1.819881e-02 -0.1600849264  0.196482539 1.0000000
89:1-57:0    5.814609e-02 -0.1184343196  0.234726505 1.0000000
90:1-57:0    6.193490e-02 -0.1082899278  0.232159734 1.0000000
91:1-57:0    1.416759e-02 -0.1486533675  0.176988550 1.0000000
92:1-57:0    7.536476e-02 -0.1029189689  0.253648497 1.0000000
93:1-57:0    6.422825e-02 -0.1178779504  0.246334445 1.0000000
94:1-57:0    8.814732e-02 -0.0720912317  0.248385866 0.9999987
95:1-57:0    9.880082e-02 -0.0624919658  0.260093613 0.9996669
96:1-57:0    1.152761e-01 -0.0449624817  0.275514616 0.9426123
97:1-57:0    8.213589e-02 -0.0852680635  0.249539840 1.0000000
98:1-57:0    7.090076e-02 -0.0975816168  0.239383136 1.0000000
99:1-57:0    5.323351e-02 -0.1057070291  0.212174044 1.0000000
100:1-57:0  -2.106471e-02 -0.1585571191  0.116427709 1.0000000
59:0-58:0    6.994494e-03 -0.1586776681  0.172666656 1.0000000
60:0-58:0    5.252249e-03 -0.1464598955  0.156964393 1.0000000
61:0-58:0   -3.250024e-02 -0.1792773273  0.114276851 1.0000000
62:0-58:0   -2.729160e-02 -0.1802480323  0.125664839 1.0000000
63:0-58:0   -2.874580e-02 -0.1891518733  0.131660269 1.0000000
64:0-58:0   -1.581587e-02 -0.1820082002  0.150376454 1.0000000
65:0-58:0    3.283983e-03 -0.1766898983  0.183257864 1.0000000
66:0-58:0    5.790862e-03 -0.1823136780  0.193895403 1.0000000
67:0-58:0   -9.468290e-03 -0.1894421710  0.170505591 1.0000000
68:0-58:0   -1.732381e-03 -0.1926728280  0.189208066 1.0000000
69:0-58:0    4.607234e-03 -0.1684735479  0.177688017 1.0000000
70:0-58:0   -2.310238e-02 -0.2098864318  0.163681670 1.0000000
71:0-58:0   -6.090952e-02 -0.2363417000  0.114522652 1.0000000
72:0-58:0   -3.505863e-02 -0.2113322133  0.141214951 1.0000000
73:0-58:0   -3.306127e-02 -0.2120558842  0.145933345 1.0000000
74:0-58:0   -3.399926e-02 -0.2297608376  0.161762326 1.0000000
75:0-58:0   -8.140260e-03 -0.2022110867  0.185930567 1.0000000
76:0-58:0   -2.309803e-02 -0.2011509181  0.154954852 1.0000000
77:0-58:0    2.889984e-04 -0.1687444292  0.169322426 1.0000000
78:0-58:0   -1.641445e-02 -0.1854478774  0.152618978 1.0000000
79:0-58:0   -2.402571e-02 -0.1799279364  0.131876508 1.0000000
80:0-58:0   -6.100381e-03 -0.1595022909  0.147301529 1.0000000
81:0-58:0   -2.068315e-02 -0.1707525777  0.129386277 1.0000000
82:0-58:0   -1.980099e-02 -0.1817852356  0.142183251 1.0000000
83:0-58:0   -9.285714e-04 -0.1671208987  0.165263756 1.0000000
84:0-58:0   -6.080812e-02 -0.2280866818  0.106470444 1.0000000
85:0-58:0    4.554071e-03 -0.1929914460  0.202099587 1.0000000
86:0-58:0   -3.960446e-02 -0.2158780466  0.136669118 1.0000000
87:0-58:0   -3.904524e-02 -0.2210998111  0.143009335 1.0000000
88:0-58:0    1.721685e-02 -0.1683057410  0.202739441 1.0000000
89:0-58:0    1.496225e-02 -0.1681990447  0.198123551 1.0000000
90:0-58:0   -2.197412e-02 -0.2000270050  0.156078765 1.0000000
91:0-58:0   -5.633917e-02 -0.2286888459  0.116010499 1.0000000
92:0-58:0    5.184007e-02 -0.1205096006  0.224189744 1.0000000
93:0-58:0    1.995132e-02 -0.1516913748  0.191594020 1.0000000
94:0-58:0    2.877403e-02 -0.1435756383  0.201123707 1.0000000
95:0-58:0    3.714064e-02 -0.1438523790  0.218133664 1.0000000
96:0-58:0    4.172050e-02 -0.1267102082  0.210151209 1.0000000
97:0-58:0    9.662165e-03 -0.1612965002  0.180620829 1.0000000
98:0-58:0   -1.131973e-02 -0.1867519041  0.164112448 1.0000000
99:0-58:0    3.055223e-02 -0.1346142044  0.195718673 1.0000000
100:0-58:0  -6.903863e-02 -0.2059583158  0.067881054 1.0000000
1:1-58:0    -8.106181e-02 -0.2196202103  0.057496581 0.9999609
2:1-58:0    -6.025060e-02 -0.2305470547  0.110045864 1.0000000
3:1-58:0    -1.593616e-02 -0.2040407050  0.172168376 1.0000000
4:1-58:0    -2.542806e-02 -0.2135325969  0.162676484 1.0000000
5:1-58:0     7.237262e-02 -0.1411052906  0.285850529 1.0000000
6:1-58:0    -2.831488e-02 -0.2417927906  0.185163029 1.0000000
7:1-58:0    -6.967766e-03 -0.2151551347  0.201219604 1.0000000
8:1-58:0    -5.245238e-02 -0.2874838241  0.182579062 1.0000000
9:1-58:0    -2.126738e-02 -0.2479234965  0.205388735 1.0000000
10:1-58:0   -1.365952e-02 -0.2711235701  0.243804522 1.0000000
11:1-58:0   -4.635623e-02 -0.2545435962  0.161831142 1.0000000
12:1-58:0   -3.844712e-02 -0.2691084052  0.192214170 1.0000000
13:1-58:0   -9.616291e-02 -0.3268241947  0.134498380 1.0000000
14:1-58:0   -3.162907e-03 -0.2338241947  0.227498380 1.0000000
15:1-58:0    8.269048e-03 -0.2491949986  0.265733094 1.0000000
16:1-58:0   -9.712381e-02 -0.3545878558  0.160340237 1.0000000
17:1-58:0   -6.062381e-02 -0.2835942141  0.162346595 1.0000000
18:1-58:0    1.638244e-03 -0.1941233376  0.197399826 1.0000000
19:1-58:0   -4.772003e-02 -0.2401859889  0.144745933 1.0000000
20:1-58:0   -4.660890e-02 -0.2246617876  0.131443982 1.0000000
21:1-58:0    5.327619e-03 -0.1692929930  0.179948231 1.0000000
22:1-58:0   -5.807238e-02 -0.2326929930  0.116548231 1.0000000
23:1-58:0   -2.631760e-02 -0.2427286098  0.190093413 1.0000000
24:1-58:0   -5.469048e-03 -0.2048998403  0.193961745 1.0000000
25:1-58:0   -9.500532e-02 -0.3348268358  0.144816192 1.0000000
26:1-58:0   -2.752161e-02 -0.2923083703  0.237265147 1.0000000
27:1-58:0   -2.089905e-02 -0.2718439586  0.230045863 1.0000000
28:1-58:0    6.491685e-02 -0.1998699088  0.329703608 1.0000000
29:1-58:0    4.276341e-02 -0.1878978789  0.273424696 1.0000000
30:1-58:0   -1.334405e-02 -0.2864259071  0.259737812 1.0000000
31:1-58:0   -6.729127e-02 -0.3023227130  0.167740173 1.0000000
32:1-58:0    2.055026e-03 -0.2037373384  0.207847391 1.0000000
33:1-58:0   -3.820693e-02 -0.2577730028  0.181359150 1.0000000
34:1-58:0   -4.453948e-02 -0.2420849944  0.153006039 1.0000000
35:1-58:0   -1.155863e-02 -0.2566571009  0.233539839 1.0000000
36:1-58:0   -6.455238e-02 -0.2752957854  0.146191024 1.0000000
37:1-58:0   -3.096905e-02 -0.2303998403  0.168461745 1.0000000
38:1-58:0   -9.295532e-02 -0.2854212830  0.099510639 1.0000000
39:1-58:0   -2.818211e-02 -0.2162866509  0.159922430 1.0000000
40:1-58:0   -1.231325e-02 -0.1903661355  0.165739634 1.0000000
41:1-58:0   -8.593365e-03 -0.1758719277  0.158685199 1.0000000
42:1-58:0   -1.377870e-02 -0.2005627476  0.173005354 1.0000000
43:1-58:0   -1.630667e-02 -0.2072471137  0.174633780 1.0000000
44:1-58:0    1.347619e-03 -0.2634391395  0.266134378 1.0000000
45:1-58:0   -6.114881e-03 -0.2512133509  0.238983589 1.0000000
46:1-58:0   -9.312381e-02 -0.3505878558  0.164340237 1.0000000
47:1-58:0    3.356012e-02 -0.2115383509  0.278658589 1.0000000
48:1-58:0    3.981429e-02 -0.2111306253  0.290759197 1.0000000
49:1-58:0   -1.317003e-02 -0.2529915417  0.226651486 1.0000000
50:1-58:0   -9.489384e-02 -0.2780551423  0.088267454 1.0000000
51:1-58:0   -4.030238e-02 -0.2854008509  0.204796089 1.0000000
52:1-58:0   -3.254038e-02 -0.2432837854  0.178203024 1.0000000
53:1-58:0   -6.956488e-02 -0.2830427906  0.143913029 1.0000000
54:1-58:0   -1.227607e-02 -0.1990601160  0.174507986 1.0000000
55:1-58:0   -5.533631e-03 -0.2012952126  0.190227951 1.0000000
56:1-58:0    6.494762e-02 -0.1182136789  0.248108917 1.0000000
57:1-58:0   -4.014960e-02 -0.2296380105  0.149338804 1.0000000
58:1-58:0   -2.983631e-03 -0.1792572133  0.173289951 1.0000000
59:1-58:0   -2.351700e-02 -0.1886834352  0.141649443 1.0000000
60:1-58:0   -2.290804e-02 -0.1750204067  0.129204324 1.0000000
61:1-58:0   -1.482104e-02 -0.1623544982  0.132712423 1.0000000
62:1-58:0   -1.566986e-02 -0.1684095743  0.137069861 1.0000000
63:1-58:0   -2.623846e-02 -0.1855567828  0.133079869 1.0000000
64:1-58:0   -3.652381e-03 -0.1799259633  0.172621201 1.0000000
65:1-58:0   -1.172965e-02 -0.1917035347  0.168244227 1.0000000
66:1-58:0   -3.876751e-04 -0.1928536359  0.192078286 1.0000000
67:1-58:0   -1.406227e-03 -0.1869288179  0.184116364 1.0000000
68:1-58:0   -4.510360e-02 -0.2282648984  0.138057697 1.0000000
69:1-58:0    1.348962e-02 -0.1611309930  0.188110231 1.0000000
70:1-58:0    8.671255e-03 -0.1622874093  0.179629920 1.0000000
71:1-58:0    2.664524e-02 -0.1554093349  0.208699811 1.0000000
72:1-58:0   -7.532381e-03 -0.1984728280  0.183408066 1.0000000
73:1-58:0    2.292540e-02 -0.1560692175  0.201920011 1.0000000
74:1-58:0    1.620343e-02 -0.1647895883  0.197196454 1.0000000
75:1-58:0   -4.522794e-02 -0.2242225509  0.133766678 1.0000000
76:1-58:0   -1.936508e-04 -0.1663859780  0.165998676 1.0000000
77:1-58:0    5.186081e-03 -0.1678947018  0.178266863 1.0000000
78:1-58:0    1.713929e-02 -0.1448449578  0.179123529 1.0000000
79:1-58:0   -3.026571e-02 -0.1861679364  0.125636508 1.0000000
80:1-58:0   -1.920414e-03 -0.1511753156  0.147334488 1.0000000
81:1-58:0   -2.664157e-02 -0.1777785782  0.124495438 1.0000000
82:1-58:0   -4.525238e-02 -0.1973647463  0.106859984 1.0000000
83:1-58:0    2.148880e-02 -0.1523485096  0.195326101 1.0000000
84:1-58:0    4.087657e-02 -0.1459074844  0.227660617 1.0000000
85:1-58:0   -6.917847e-02 -0.2472313529  0.108874417 1.0000000
86:1-58:0    2.913690e-04 -0.1759822133  0.176564951 1.0000000
87:1-58:0   -2.773081e-02 -0.2015681175  0.146106493 1.0000000
88:1-58:0   -3.536089e-02 -0.2125074295  0.141785646 1.0000000
89:1-58:0    4.586395e-03 -0.1708457816  0.180018571 1.0000000
90:1-58:0    8.375205e-03 -0.1606582223  0.177408633 1.0000000
91:1-58:0   -3.939211e-02 -0.2009670773  0.122182863 1.0000000
92:1-58:0    2.180507e-02 -0.1553414720  0.198951604 1.0000000
93:1-58:0    1.066855e-02 -0.1703244720  0.191661571 1.0000000
94:1-58:0    3.458762e-02 -0.1243847025  0.193559941 1.0000000
95:1-58:0    4.524113e-02 -0.1147937781  0.205276029 1.0000000
96:1-58:0    6.171637e-02 -0.0972559525  0.220688691 1.0000000
97:1-58:0    2.857619e-02 -0.1376161368  0.194768518 1.0000000
98:1-58:0    1.734106e-02 -0.1499375015  0.184619625 1.0000000
99:1-58:0   -3.261905e-04 -0.1579900756  0.157337695 1.0000000
100:1-58:0  -7.462440e-02 -0.2106389994  0.061390193 0.9999989
60:0-59:0   -1.742245e-03 -0.1333476117  0.129863121 1.0000000
61:0-59:0   -3.949473e-02 -0.1653792494  0.086389785 1.0000000
62:0-59:0   -3.428609e-02 -0.1673239386  0.098751757 1.0000000
63:0-59:0   -3.574030e-02 -0.1772800625  0.105799470 1.0000000
64:0-59:0   -2.281037e-02 -0.1708755128  0.125254779 1.0000000
65:0-59:0   -3.710511e-03 -0.1670934836  0.159672461 1.0000000
66:0-59:0   -1.203632e-03 -0.1735019656  0.171094702 1.0000000
67:0-59:0   -1.646278e-02 -0.1798457563  0.146920188 1.0000000
68:0-59:0   -8.726875e-03 -0.1841168749  0.166663125 1.0000000
69:0-59:0   -2.387260e-03 -0.1581446189  0.153370100 1.0000000
70:0-59:0   -3.009688e-02 -0.2009526019  0.140758852 1.0000000
71:0-59:0   -6.790402e-02 -0.2262701955  0.090462160 1.0000000
72:0-59:0   -4.205313e-02 -0.2013508764  0.117244626 1.0000000
73:0-59:0   -4.005576e-02 -0.2023593983  0.122247870 1.0000000
74:0-59:0   -4.099375e-02 -0.2216204220  0.139632922 1.0000000
75:0-59:0   -1.513475e-02 -0.1939276049  0.163658097 1.0000000
76:0-59:0   -3.009253e-02 -0.1913569920  0.131171938 1.0000000
77:0-59:0   -6.705496e-03 -0.1579526358  0.144541644 1.0000000
78:0-59:0   -2.340894e-02 -0.1746560840  0.127838196 1.0000000
79:0-59:0   -3.102021e-02 -0.1674346527  0.105394236 1.0000000
80:0-59:0   -1.309488e-02 -0.1466446550  0.120454905 1.0000000
81:0-59:0   -2.767764e-02 -0.1573858970  0.102030609 1.0000000
82:0-59:0   -2.679549e-02 -0.1701213139  0.116530342 1.0000000
83:0-59:0   -7.923065e-03 -0.1559882113  0.140142080 1.0000000
84:0-59:0   -6.780261e-02 -0.2170859522  0.081480727 1.0000000
85:0-59:0   -2.440423e-03 -0.1849989864  0.180118140 1.0000000
86:0-59:0   -4.659896e-02 -0.2058967097  0.112698793 1.0000000
87:0-59:0   -4.603973e-02 -0.2117118943  0.119632430 1.0000000
88:0-59:0    1.022236e-02 -0.1592533931  0.179698105 1.0000000
89:0-59:0    7.967759e-03 -0.1589198043  0.174855323 1.0000000
90:0-59:0   -2.896861e-02 -0.1902330789  0.132295851 1.0000000
91:0-59:0   -6.333367e-02 -0.2182781974  0.091610863 1.0000000
92:0-59:0    4.484558e-02 -0.1100989521  0.199790108 1.0000000
93:0-59:0    1.295683e-02 -0.1412009261  0.167114584 1.0000000
94:0-59:0    2.177954e-02 -0.1331649899  0.176724070 1.0000000
95:0-59:0    3.014615e-02 -0.1343587803  0.194651077 1.0000000
96:0-59:0    3.472601e-02 -0.1158472361  0.185299249 1.0000000
97:0-59:0    2.667670e-03 -0.1507281013  0.156063442 1.0000000
98:0-59:0   -1.831422e-02 -0.1766803995  0.140051956 1.0000000
99:0-59:0    2.355774e-02 -0.1233549898  0.170470471 1.0000000
100:0-59:0  -7.603313e-02 -0.1902714629  0.038205213 0.9926934
1:1-59:0    -8.805631e-02 -0.2042536700  0.028141052 0.8463909
2:1-59:0    -6.724509e-02 -0.2199024896  0.085412311 1.0000000
3:1-59:0    -2.293066e-02 -0.1952289926  0.149367675 1.0000000
4:1-59:0    -3.242255e-02 -0.2047208845  0.139875783 1.0000000
5:1-59:0     6.537813e-02 -0.1343121744  0.265068424 1.0000000
6:1-59:0    -3.530937e-02 -0.2349996744  0.164380924 1.0000000
7:1-59:0    -1.396226e-02 -0.2079864293  0.180061910 1.0000000
8:1-59:0    -5.944688e-02 -0.2820298416  0.163136092 1.0000000
9:1-59:0    -2.826188e-02 -0.2419822355  0.185458485 1.0000000
10:1-59:0   -2.065402e-02 -0.2668066796  0.225498644 1.0000000
11:1-59:0   -5.335072e-02 -0.2473748908  0.140673449 1.0000000
12:1-59:0   -4.544161e-02 -0.2634049740  0.172521750 1.0000000
13:1-59:0   -1.031574e-01 -0.3211207635  0.114805961 1.0000000
14:1-59:0   -1.015740e-02 -0.2281207635  0.207805961 1.0000000
15:1-59:0    1.274554e-03 -0.2448781082  0.247427215 1.0000000
16:1-59:0   -1.041183e-01 -0.3502709653  0.142034358 1.0000000
17:1-59:0   -6.761830e-02 -0.2774258323  0.142189225 1.0000000
18:1-59:0   -5.356250e-03 -0.1859829220  0.175270422 1.0000000
19:1-59:0   -5.471452e-02 -0.2317640740  0.122335030 1.0000000
20:1-59:0   -5.360340e-02 -0.2148678615  0.107661068 1.0000000
21:1-59:0   -1.666875e-03 -0.1591335569  0.155799807 1.0000000
22:1-59:0   -6.506687e-02 -0.2225335569  0.092399807 1.0000000
23:1-59:0   -3.331209e-02 -0.2361349798  0.169510795 1.0000000
24:1-59:0   -1.246354e-02 -0.1970605049  0.172133422 1.0000000
25:1-59:0   -1.019998e-01 -0.3296349544  0.125635322 1.0000000
26:1-59:0   -3.451611e-02 -0.2883180468  0.219285835 1.0000000
27:1-59:0   -2.789354e-02 -0.2672191486  0.211432065 1.0000000
28:1-59:0    5.792236e-02 -0.1958795853  0.311724297 1.0000000
29:1-59:0    3.576891e-02 -0.1821944477  0.253732277 1.0000000
30:1-59:0   -2.033854e-02 -0.2827830115  0.242105928 1.0000000
31:1-59:0   -7.428576e-02 -0.2968687305  0.148297203 1.0000000
32:1-59:0   -4.939468e-03 -0.1963915378  0.186512603 1.0000000
33:1-59:0   -4.520142e-02 -0.2513874036  0.160984563 1.0000000
34:1-59:0   -5.153397e-02 -0.2340925348  0.131024591 1.0000000
35:1-59:0   -1.855312e-02 -0.2517411558  0.214634906 1.0000000
36:1-59:0   -7.154687e-02 -0.2683111510  0.125217401 1.0000000
37:1-59:0   -3.796354e-02 -0.2225605049  0.146633422 1.0000000
38:1-59:0   -9.994982e-02 -0.2769993682  0.077099736 0.9999941
39:1-59:0   -3.517660e-02 -0.2074749385  0.137121729 1.0000000
40:1-59:0   -1.930774e-02 -0.1805722093  0.141956720 1.0000000
41:1-59:0   -1.558786e-02 -0.1648711981  0.133695481 1.0000000
42:1-59:0   -2.077319e-02 -0.1916289177  0.150082536 1.0000000
43:1-59:0   -2.330116e-02 -0.1986911606  0.152088839 1.0000000
44:1-59:0   -5.646875e-03 -0.2594488161  0.248155066 1.0000000
45:1-59:0   -1.310937e-02 -0.2462974058  0.220078656 1.0000000
46:1-59:0   -1.001183e-01 -0.3462709653  0.146034358 1.0000000
47:1-59:0    2.656563e-02 -0.2066224058  0.259753656 1.0000000
48:1-59:0    3.281979e-02 -0.2065058152  0.272145399 1.0000000
49:1-59:0   -2.016452e-02 -0.2477996603  0.207470616 1.0000000
50:1-59:0   -1.018883e-01 -0.2687759018  0.064999225 0.9997117
51:1-59:0   -4.729688e-02 -0.2804849058  0.185891156 1.0000000
52:1-59:0   -3.953487e-02 -0.2362991510  0.157229401 1.0000000
53:1-59:0   -7.655938e-02 -0.2762496744  0.123130924 1.0000000
54:1-59:0   -1.927056e-02 -0.1901262861  0.151585168 1.0000000
55:1-59:0   -1.252813e-02 -0.1931547970  0.168098547 1.0000000
56:1-59:0    5.795313e-02 -0.1089344384  0.224840688 1.0000000
57:1-59:0   -4.714410e-02 -0.2209521934  0.126663999 1.0000000
58:1-59:0   -9.978125e-03 -0.1692758764  0.149319626 1.0000000
59:1-59:0   -3.051149e-02 -0.1774242206  0.116401240 1.0000000
60:1-59:0   -2.990254e-02 -0.1619690696  0.102163999 1.0000000
61:1-59:0   -2.181553e-02 -0.1485811412  0.104950078 1.0000000
62:1-59:0   -2.266435e-02 -0.1554529764  0.110124275 1.0000000
63:1-59:0   -3.323295e-02 -0.1735387837  0.107072882 1.0000000
64:1-59:0   -1.064688e-02 -0.1699446264  0.148650876 1.0000000
65:1-59:0   -1.872415e-02 -0.1821071199  0.144658824 1.0000000
66:1-59:0   -7.382169e-03 -0.1844317211  0.169667383 1.0000000
67:1-59:0   -8.400721e-03 -0.1778764700  0.161075028 1.0000000
68:1-59:0   -5.209809e-02 -0.2189856579  0.114789469 1.0000000
69:1-59:0    6.495125e-03 -0.1509715569  0.163961807 1.0000000
70:1-59:0    1.676761e-03 -0.1517190104  0.155072533 1.0000000
71:1-59:0    1.965074e-02 -0.1460214181  0.185322906 1.0000000
72:1-59:0   -1.452687e-02 -0.1899168749  0.160863125 1.0000000
73:1-59:0    1.593090e-02 -0.1463727316  0.178234537 1.0000000
74:1-59:0    9.208939e-03 -0.1552959896  0.173713867 1.0000000
75:1-59:0   -5.222243e-02 -0.2145260649  0.110081204 1.0000000
76:1-59:0   -7.188145e-03 -0.1552532906  0.140877001 1.0000000
77:1-59:0   -1.808413e-03 -0.1575657728  0.153948946 1.0000000
78:1-59:0    1.014479e-02 -0.1331810361  0.153470619 1.0000000
79:1-59:0   -3.726021e-02 -0.1736746527  0.099154236 1.0000000
80:1-59:0   -8.914908e-03 -0.1376799011  0.119850086 1.0000000
81:1-59:0   -3.363606e-02 -0.1645780092  0.097305881 1.0000000
82:1-59:0   -5.224688e-02 -0.1843134092  0.079819659 1.0000000
83:1-59:0    1.449430e-02 -0.1421032924  0.171091895 1.0000000
84:1-59:0    3.388207e-02 -0.1369736545  0.204737799 1.0000000
85:1-59:0   -7.617296e-02 -0.2374374267  0.085091503 1.0000000
86:1-59:0   -6.703125e-03 -0.1660008764  0.152594626 1.0000000
87:1-59:0   -3.472531e-02 -0.1913229003  0.121872288 1.0000000
88:1-59:0   -4.235539e-02 -0.2026185868  0.117907816 1.0000000
89:1-59:0   -2.408099e-03 -0.1607742771  0.155958078 1.0000000
90:1-59:0    1.380711e-03 -0.1498664289  0.152627851 1.0000000
91:1-59:0   -4.638660e-02 -0.1892497131  0.096476511 1.0000000
92:1-59:0    1.481057e-02 -0.1454526293  0.175073773 1.0000000
93:1-59:0    3.674055e-03 -0.1608308733  0.168178984 1.0000000
94:1-59:0    2.759312e-02 -0.1123196935  0.167505943 1.0000000
95:1-59:0    3.824663e-02 -0.1028723543  0.179365617 1.0000000
96:1-59:0    5.472188e-02 -0.0851909435  0.194634693 1.0000000
97:1-59:0    2.158170e-02 -0.1264834494  0.169646842 1.0000000
98:1-59:0    1.034657e-02 -0.1389367719  0.159629907 1.0000000
99:1-59:0   -7.320685e-03 -0.1457450264  0.131103657 1.0000000
100:1-59:0  -8.161890e-02 -0.1947708665  0.031533072 0.9392101
61:0-60:0   -3.775249e-02 -0.1445992043  0.069094231 1.0000000
62:0-60:0   -3.254385e-02 -0.1477322924  0.082644602 1.0000000
63:0-60:0   -3.399805e-02 -0.1589092785  0.090913177 1.0000000
64:0-60:0   -2.106812e-02 -0.1533277027  0.111191459 1.0000000
65:0-60:0   -1.968266e-03 -0.1511771966  0.147240665 1.0000000
66:0-60:0    5.386136e-04 -0.1583828299  0.159460057 1.0000000
67:0-60:0   -1.472054e-02 -0.1639294693  0.134488392 1.0000000
68:0-60:0   -6.984630e-03 -0.1692528072  0.155283548 1.0000000
69:0-60:0   -6.450142e-04 -0.1414628553  0.140172827 1.0000000
70:0-60:0   -2.835463e-02 -0.1857108776  0.129001618 1.0000000
71:0-60:0   -6.616177e-02 -0.2098599130  0.077536368 1.0000000
72:0-60:0   -4.031088e-02 -0.1850350413  0.104413282 1.0000000
73:0-60:0   -3.831352e-02 -0.1863397970  0.109712760 1.0000000
74:0-60:0   -3.925150e-02 -0.2071660781  0.128663069 1.0000000
75:0-60:0   -1.339251e-02 -0.1793328380  0.152547821 1.0000000
76:0-60:0   -2.835028e-02 -0.1752364179  0.118535854 1.0000000
77:0-60:0   -4.963250e-03 -0.1407756458  0.130849145 1.0000000
78:0-60:0   -2.166670e-02 -0.1574790940  0.114145697 1.0000000
79:0-60:0   -2.927796e-02 -0.1483502520  0.089794326 1.0000000
80:0-60:0   -1.135263e-02 -0.1271319590  0.104426700 1.0000000
81:0-60:0   -2.593540e-02 -0.1372616771  0.085390879 1.0000000
82:0-60:0   -2.505324e-02 -0.1519847273  0.101878246 1.0000000
83:0-60:0   -6.180820e-03 -0.1384404011  0.126078761 1.0000000
84:0-60:0   -6.606037e-02 -0.1996823147  0.067561580 1.0000000
85:0-60:0   -6.981780e-04 -0.1706891728  0.169292817 1.0000000
86:0-60:0   -4.485671e-02 -0.1895808746  0.099867449 1.0000000
87:0-60:0   -4.429749e-02 -0.1960096310  0.107414657 1.0000000
88:0-60:0    1.196460e-02 -0.1438921883  0.167821391 1.0000000
89:0-60:0    9.710005e-03 -0.1433284488  0.162748458 1.0000000
90:0-60:0   -2.722637e-02 -0.1741125048  0.119659767 1.0000000
91:0-60:0   -6.159142e-02 -0.2015096723  0.078326828 1.0000000
92:0-60:0    4.658782e-02 -0.0933304270  0.186506073 1.0000000
93:0-60:0    1.469907e-02 -0.1243474028  0.153745551 1.0000000
94:0-60:0    2.352179e-02 -0.1163964647  0.163440036 1.0000000
95:0-60:0    3.188839e-02 -0.1185482405  0.182325028 1.0000000
96:0-60:0    3.646825e-02 -0.0985932555  0.171529759 1.0000000
97:0-60:0    4.409916e-03 -0.1337912859  0.142611118 1.0000000
98:0-60:0   -1.657198e-02 -0.1602701171  0.127126164 1.0000000
99:0-60:0    2.529999e-02 -0.1056681770  0.156268149 1.0000000
100:0-60:0  -7.429088e-02 -0.1671332580  0.018551499 0.6771650
1:1-60:0    -8.631406e-02 -0.1815565755  0.008928448 0.2266815
2:1-60:0    -6.550284e-02 -0.2028840335  0.071878346 1.0000000
3:1-60:0    -2.118841e-02 -0.1801098569  0.137733030 1.0000000
4:1-60:0    -3.068031e-02 -0.1896017488  0.128241138 1.0000000
5:1-60:0     6.712037e-02 -0.1211494494  0.255390190 1.0000000
6:1-60:0    -3.356713e-02 -0.2218369494  0.154702690 1.0000000
7:1-60:0    -1.222001e-02 -0.1944689862  0.170028958 1.0000000
8:1-60:0    -5.770463e-02 -0.2701016315  0.154692372 1.0000000
9:1-60:0    -2.651963e-02 -0.2296100082  0.176570749 1.0000000
10:1-60:0   -1.891177e-02 -0.2558937175  0.218070172 1.0000000
11:1-60:0   -5.160848e-02 -0.2338574478  0.130640496 1.0000000
12:1-60:0   -4.369937e-02 -0.2512501714  0.163851438 1.0000000
13:1-60:0   -1.014152e-01 -0.3089659609  0.106135649 1.0000000
14:1-60:0   -8.415156e-03 -0.2159659609  0.199135649 1.0000000
15:1-60:0    3.016799e-03 -0.2339651460  0.239998744 1.0000000
16:1-60:0   -1.023761e-01 -0.3393580032  0.134605887 1.0000000
17:1-60:0   -6.587606e-02 -0.2648446700  0.133092554 1.0000000
18:1-60:0   -3.614005e-03 -0.1715285781  0.164300569 1.0000000
19:1-60:0   -5.297228e-02 -0.2170327937  0.111088240 1.0000000
20:1-60:0   -5.186115e-02 -0.1987472874  0.095024985 1.0000000
21:1-60:0    7.537037e-05 -0.1426308498  0.142781591 1.0000000
22:1-60:0   -6.332463e-02 -0.2060308498  0.079381591 1.0000000
23:1-60:0   -3.156985e-02 -0.2231590770  0.160019383 1.0000000
24:1-60:0   -1.072130e-02 -0.1828995417  0.161456949 1.0000000
25:1-60:0   -1.002576e-01 -0.3179432744  0.117428133 1.0000000
26:1-60:0   -3.277386e-02 -0.2776916725  0.212143952 1.0000000
27:1-60:0   -2.615130e-02 -0.2560339957  0.203731403 1.0000000
28:1-60:0    5.966460e-02 -0.1852532109  0.304582413 1.0000000
29:1-60:0    3.751116e-02 -0.1700396451  0.245061965 1.0000000
30:1-60:0   -1.859630e-02 -0.2724592695  0.235266677 1.0000000
31:1-60:0   -7.254352e-02 -0.2849405204  0.139853483 1.0000000
32:1-60:0   -3.197222e-03 -0.1827054520  0.176311008 1.0000000
33:1-60:0   -4.345918e-02 -0.2386051949  0.151686845 1.0000000
34:1-60:0   -4.979173e-02 -0.2197827211  0.120199268 1.0000000
35:1-60:0   -1.681088e-02 -0.2402968234  0.206675064 1.0000000
36:1-60:0   -6.980463e-02 -0.2549680430  0.115358784 1.0000000
37:1-60:0   -3.622130e-02 -0.2083995417  0.135956949 1.0000000
38:1-60:0   -9.820757e-02 -0.2622680878  0.065852946 0.9998815
39:1-60:0   -3.343436e-02 -0.1923558029  0.125487084 1.0000000
40:1-60:0   -1.756550e-02 -0.1644516353  0.129320637 1.0000000
41:1-60:0   -1.384561e-02 -0.1474675606  0.119776334 1.0000000
42:1-60:0   -1.903095e-02 -0.1763871934  0.138325303 1.0000000
43:1-60:0   -2.155892e-02 -0.1838270929  0.140709262 1.0000000
44:1-60:0   -3.904630e-03 -0.2488224417  0.241013182 1.0000000
45:1-60:0   -1.136713e-02 -0.2348530734  0.212118814 1.0000000
46:1-60:0   -9.837606e-02 -0.3353580032  0.138605887 1.0000000
47:1-60:0    2.830787e-02 -0.1951780734  0.251793814 1.0000000
48:1-60:0    3.456204e-02 -0.1953206624  0.264444736 1.0000000
49:1-60:0   -1.842228e-02 -0.2361079803  0.199263427 1.0000000
50:1-60:0   -1.001461e-01 -0.2531845464  0.052892360 0.9957938
51:1-60:0   -4.555463e-02 -0.2690405734  0.177931314 1.0000000
52:1-60:0   -3.779263e-02 -0.2229560430  0.147370784 1.0000000
53:1-60:0   -7.481713e-02 -0.2630869494  0.113452690 1.0000000
54:1-60:0   -1.752831e-02 -0.1748845618  0.139827934 1.0000000
55:1-60:0   -1.078588e-02 -0.1787004531  0.157128694 1.0000000
56:1-60:0    5.969537e-02 -0.0933430830  0.212733824 1.0000000
57:1-60:0   -4.540185e-02 -0.2059588936  0.115155190 1.0000000
58:1-60:0   -8.235880e-03 -0.1529600413  0.136488282 1.0000000
59:1-60:0   -2.876925e-02 -0.1597374078  0.102198918 1.0000000
60:1-60:0   -2.816029e-02 -0.1422255293  0.085904949 1.0000000
61:1-60:0   -2.007329e-02 -0.1279566915  0.087810119 1.0000000
62:1-60:0   -2.092211e-02 -0.1358226209  0.093978410 1.0000000
63:1-60:0   -3.149071e-02 -0.1550019848  0.092020574 1.0000000
64:1-60:0   -8.904630e-03 -0.1536287913  0.135819532 1.0000000
65:1-60:0   -1.698190e-02 -0.1661908330  0.132227028 1.0000000
66:1-60:0   -5.639924e-03 -0.1697004407  0.158420593 1.0000000
67:1-60:0   -6.658476e-03 -0.1625152653  0.149198314 1.0000000
68:1-60:0   -5.035585e-02 -0.2033943025  0.102682604 1.0000000
69:1-60:0    8.237370e-03 -0.1344688498  0.150943591 1.0000000
70:1-60:0    3.419007e-03 -0.1347821950  0.141620208 1.0000000
71:1-60:0    2.139299e-02 -0.1303191548  0.173105134 1.0000000
72:1-60:0   -1.278463e-02 -0.1750528072  0.149483548 1.0000000
73:1-60:0    1.767315e-02 -0.1303531303  0.165699427 1.0000000
74:1-60:0    1.095118e-02 -0.1394854498  0.161387818 1.0000000
75:1-60:0   -5.048019e-02 -0.1985064636  0.097546093 1.0000000
76:1-60:0   -5.445899e-03 -0.1377054805  0.126813682 1.0000000
77:1-60:0   -6.616809e-05 -0.1408840091  0.140751673 1.0000000
78:1-60:0    1.188704e-02 -0.1150444495  0.138818524 1.0000000
79:1-60:0   -3.551796e-02 -0.1545902520  0.083554326 1.0000000
80:1-60:0   -7.172662e-03 -0.1173984891  0.103053164 1.0000000
81:1-60:0   -3.189382e-02 -0.1446550814  0.080867444 1.0000000
82:1-60:0   -5.050463e-02 -0.1645698690  0.063560610 1.0000000
83:1-60:0    1.623655e-02 -0.1255101138  0.157983207 1.0000000
84:1-60:0    3.562432e-02 -0.1217319302  0.192980566 1.0000000
85:1-60:0   -7.443072e-02 -0.2213168527  0.072455419 1.0000000
86:1-60:0   -4.960880e-03 -0.1496850413  0.139763282 1.0000000
87:1-60:0   -3.298306e-02 -0.1747297216  0.108763600 1.0000000
88:1-60:0   -4.061314e-02 -0.1863992954  0.105173015 1.0000000
89:1-60:0   -6.658541e-04 -0.1443639946  0.143032286 1.0000000
90:1-60:0    3.122957e-03 -0.1326894389  0.138935352 1.0000000
91:1-60:0   -4.464436e-02 -0.1710531297  0.081764418 1.0000000
92:1-60:0    1.655282e-02 -0.1292333379  0.162338972 1.0000000
93:1-60:0    5.416301e-03 -0.1450203335  0.155852935 1.0000000
94:1-60:0    2.933537e-02 -0.0937292718  0.152400013 1.0000000
95:1-60:0    3.998888e-02 -0.0844453528  0.164423107 1.0000000
96:1-60:0    5.646412e-02 -0.0666005218  0.179528763 1.0000000
97:1-60:0    2.332394e-02 -0.1089356392  0.155583523 1.0000000
98:1-60:0    1.208881e-02 -0.1215331344  0.145710760 1.0000000
99:1-60:0   -5.578439e-03 -0.1269481545  0.115791276 1.0000000
100:1-60:0  -7.987665e-02 -0.1713789880  0.011625684 0.3459673
62:0-61:0    5.208641e-03 -0.1033976087  0.113814892 1.0000000
63:0-61:0    3.754436e-03 -0.1151142060  0.122623078 1.0000000
64:0-61:0    1.668437e-02 -0.1098839405  0.143252671 1.0000000
65:0-61:0    3.578422e-02 -0.1084040041  0.179972446 1.0000000
66:0-61:0    3.829110e-02 -0.1159261633  0.192508364 1.0000000
67:0-61:0    2.303195e-02 -0.1211562768  0.167220173 1.0000000
68:0-61:0    3.076786e-02 -0.1268960280  0.188431742 1.0000000
69:0-61:0    3.710747e-02 -0.0983790713  0.172594016 1.0000000
70:0-61:0    9.397857e-03 -0.1432059698  0.162001684 1.0000000
71:0-61:0   -2.840929e-02 -0.1668870630  0.110068492 1.0000000
72:0-61:0   -2.558393e-03 -0.1421005807  0.136983795 1.0000000
73:0-61:0   -5.610317e-04 -0.1435250773  0.142403014 1.0000000
74:0-61:0   -1.499018e-03 -0.1649684132  0.161970377 1.0000000
75:0-61:0    2.435998e-02 -0.1370808226  0.185800779 1.0000000
76:0-61:0    9.402205e-03 -0.1323809964  0.151185406 1.0000000
77:0-61:0    3.278924e-02 -0.0974871849  0.163065658 1.0000000
78:0-61:0    1.608579e-02 -0.1141906332  0.146362210 1.0000000
79:0-61:0    8.474524e-03 -0.1042425966  0.121191644 1.0000000
80:0-61:0    2.639986e-02 -0.0828328867  0.135632601 1.0000000
81:0-61:0    1.181709e-02 -0.0926840099  0.116318186 1.0000000
82:0-61:0    1.269925e-02 -0.1082905945  0.133689087 1.0000000
83:0-61:0    3.157167e-02 -0.0949966389  0.158139972 1.0000000
84:0-61:0   -2.830788e-02 -0.1562991461  0.099683385 1.0000000
85:0-61:0    3.705431e-02 -0.1285472538  0.202655871 1.0000000
86:0-61:0   -7.104226e-03 -0.1466464140  0.132437962 1.0000000
87:0-61:0   -6.545000e-03 -0.1533220892  0.140232089 1.0000000
88:0-61:0    4.971709e-02 -0.1013401133  0.200774289 1.0000000
89:0-61:0    4.746249e-02 -0.1006850953  0.195610078 1.0000000
90:0-61:0    1.052612e-02 -0.1312570834  0.152309319 1.0000000
91:0-61:0   -2.383894e-02 -0.1583902488  0.110712378 1.0000000
92:0-61:0    8.434031e-02 -0.0502110035  0.218891623 0.9991344
93:0-61:0    5.245156e-02 -0.0811929750  0.186096097 1.0000000
94:0-61:0    6.127427e-02 -0.0732770412  0.195825586 1.0000000
95:0-61:0    6.964088e-02 -0.0758174301  0.215099191 1.0000000
96:0-61:0    7.422074e-02 -0.0552726974  0.203714174 0.9999864
97:0-61:0    4.216240e-02 -0.0906024700  0.174927275 1.0000000
98:0-61:0    2.118051e-02 -0.1172972671  0.159658287 1.0000000
99:0-61:0    6.305247e-02 -0.0621657325  0.188270678 1.0000000
100:0-61:0  -3.653839e-02 -0.1210762332  0.047999447 1.0000000
1:1-61:0    -4.856158e-02 -0.1357285161  0.038605362 0.9999972
2:1-61:0    -2.775036e-02 -0.1596614274  0.104160713 1.0000000
3:1-61:0     1.656407e-02 -0.1376531903  0.170781337 1.0000000
4:1-61:0     7.072181e-03 -0.1471450822  0.161289445 1.0000000
5:1-61:0     1.048729e-01 -0.0794433501  0.289189064 0.9999909
6:1-61:0     4.185357e-03 -0.1801308501  0.188501564 1.0000000
7:1-61:0     2.553247e-02 -0.1526293275  0.203694273 1.0000000
8:1-61:0    -1.995214e-02 -0.2288526589  0.188948373 1.0000000
9:1-61:0     1.123286e-02 -0.1881979355  0.210663650 1.0000000
10:1-61:0    1.884071e-02 -0.2150126190  0.252694048 1.0000000
11:1-61:0   -1.385599e-02 -0.1920177891  0.164305811 1.0000000
12:1-61:0   -5.946880e-03 -0.2099181420  0.198024383 1.0000000
13:1-61:0   -6.366267e-02 -0.2676339315  0.140308593 1.0000000
14:1-61:0    2.933733e-02 -0.1746339315  0.233308593 1.0000000
15:1-61:0    4.076929e-02 -0.1930840475  0.274622619 1.0000000
16:1-61:0   -6.462357e-02 -0.2984769047  0.169229762 1.0000000
17:1-61:0   -2.812357e-02 -0.2233553508  0.167108208 1.0000000
18:1-61:0    3.413848e-02 -0.1293309132  0.197607877 1.0000000
19:1-61:0   -1.521979e-02 -0.1747277598  0.144288180 1.0000000
20:1-61:0   -1.410866e-02 -0.1558918660  0.127674537 1.0000000
21:1-61:0    3.782786e-02 -0.0996203313  0.175276046 1.0000000
22:1-61:0   -2.557214e-02 -0.1630203313  0.111876046 1.0000000
23:1-61:0    6.182640e-03 -0.1815229069  0.193888186 1.0000000
24:1-61:0    2.703119e-02 -0.1408148325  0.194877213 1.0000000
25:1-61:0   -6.250508e-02 -0.2767806187  0.151770451 1.0000000
26:1-61:0    4.978626e-03 -0.2369132376  0.246870490 1.0000000
27:1-61:0    1.160119e-02 -0.2150549251  0.238257306 1.0000000
28:1-61:0    9.741709e-02 -0.1444747761  0.339308952 1.0000000
29:1-61:0    7.526365e-02 -0.1287076157  0.279234909 1.0000000
30:1-61:0    1.915619e-02 -0.2317887205  0.270101101 1.0000000
31:1-61:0   -3.479103e-02 -0.2436915478  0.174109484 1.0000000
32:1-61:0    3.455526e-02 -0.1408019246  0.209912454 1.0000000
33:1-61:0   -5.706688e-03 -0.1970412337  0.185627857 1.0000000
34:1-61:0   -1.203924e-02 -0.1776408022  0.153562323 1.0000000
35:1-61:0    2.094161e-02 -0.1992240266  0.241107241 1.0000000
36:1-61:0   -3.205214e-02 -0.2131941559  0.149089870 1.0000000
37:1-61:0    1.531190e-03 -0.1663148325  0.169377213 1.0000000
38:1-61:0   -6.045508e-02 -0.2199630539  0.099052886 1.0000000
39:1-61:0    4.318127e-03 -0.1498991363  0.158535391 1.0000000
40:1-61:0    2.018699e-02 -0.1215962138  0.161970189 1.0000000
41:1-61:0    2.390687e-02 -0.1040843920  0.151898139 1.0000000
42:1-61:0    1.872154e-02 -0.1338822856  0.171325368 1.0000000
43:1-61:0    1.619357e-02 -0.1414703137  0.173857457 1.0000000
44:1-61:0    3.384786e-02 -0.2080440069  0.275739721 1.0000000
45:1-61:0    2.638536e-02 -0.1937802766  0.246550991 1.0000000
46:1-61:0   -6.062357e-02 -0.2944769047  0.173229762 1.0000000
47:1-61:0    6.606036e-02 -0.1541052766  0.286225991 1.0000000
48:1-61:0    7.231452e-02 -0.1543415917  0.298970639 1.0000000
49:1-61:0    1.933021e-02 -0.1949453246  0.233605745 1.0000000
50:1-61:0   -6.239361e-02 -0.2105411929  0.085753980 1.0000000
51:1-61:0   -7.802143e-03 -0.2279677766  0.212363491 1.0000000
52:1-61:0   -4.014286e-05 -0.1811821559  0.181101870 1.0000000
53:1-61:0   -3.706464e-02 -0.2213808501  0.147251564 1.0000000
54:1-61:0    2.022417e-02 -0.1323796540  0.172828000 1.0000000
55:1-61:0    2.696661e-02 -0.1365027882  0.190436002 1.0000000
56:1-61:0    9.744786e-02 -0.0506997295  0.245595444 0.9950016
57:1-61:0   -7.649365e-03 -0.1635515872  0.148252857 1.0000000
58:1-61:0    2.951661e-02 -0.1100255807  0.169058795 1.0000000
59:1-61:0    8.983242e-03 -0.1162349633  0.134201447 1.0000000
60:1-61:0    9.592197e-03 -0.0978220390  0.117006433 1.0000000
61:1-61:0    1.767920e-02 -0.0831462345  0.118504635 1.0000000
62:1-61:0    1.683038e-02 -0.0914704390  0.125131202 1.0000000
63:1-61:0    6.261781e-03 -0.1111348768  0.123658439 1.0000000
64:1-61:0    2.884786e-02 -0.1106943307  0.168390045 1.0000000
65:1-61:0    2.077058e-02 -0.1234176405  0.164958809 1.0000000
66:1-61:0    3.211256e-02 -0.1273954068  0.191620533 1.0000000
67:1-61:0    3.109401e-02 -0.1199631903  0.182151212 1.0000000
68:1-61:0   -1.260336e-02 -0.1607509490  0.135544224 1.0000000
69:1-61:0    4.598986e-02 -0.0914583313  0.183438046 1.0000000
70:1-61:0    4.117149e-02 -0.0915933790  0.173936366 1.0000000
71:1-61:0    5.914548e-02 -0.0876316130  0.205922565 1.0000000
72:1-61:0    2.496786e-02 -0.1326960280  0.182631742 1.0000000
73:1-61:0    5.542563e-02 -0.0875384107  0.198389680 1.0000000
74:1-61:0    4.870367e-02 -0.0967546394  0.194161982 1.0000000
75:1-61:0   -1.272770e-02 -0.1556917440  0.130236347 1.0000000
76:1-61:0    3.230659e-02 -0.0942617183  0.158874893 1.0000000
77:1-61:0    3.768632e-02 -0.0978002252  0.173172863 1.0000000
78:1-61:0    4.963952e-02 -0.0713503167  0.170629364 1.0000000
79:1-61:0    2.234524e-03 -0.1104825966  0.114951644 1.0000000
80:1-61:0    3.057982e-02 -0.0727481587  0.133907807 1.0000000
81:1-61:0    5.858668e-03 -0.1001698262  0.111887162 1.0000000
82:1-61:0   -1.275214e-02 -0.1201663786  0.094662093 1.0000000
83:1-61:0    5.398903e-02 -0.0824626245  0.190440692 1.0000000
84:1-61:0    7.337680e-02 -0.0792270224  0.225980631 1.0000000
85:1-61:0   -3.667823e-02 -0.1784614312  0.105104972 1.0000000
86:1-61:0    3.279161e-02 -0.1067505807  0.172333795 1.0000000
87:1-61:0    4.769426e-03 -0.1316822324  0.141221084 1.0000000
88:1-61:0   -2.860653e-03 -0.1435039691  0.137782662 1.0000000
89:1-61:0    3.708663e-02 -0.1013911446  0.175564410 1.0000000
90:1-61:0    4.087544e-02 -0.0894009781  0.171151865 1.0000000
91:1-61:0   -6.891869e-03 -0.1273332130  0.113549475 1.0000000
92:1-61:0    5.430530e-02 -0.0863380117  0.194948620 1.0000000
93:1-61:0    4.316879e-02 -0.1022895232  0.188627098 1.0000000
94:1-61:0    6.708786e-02 -0.0498388095  0.184014524 0.9999857
95:1-61:0    7.774136e-02 -0.0406259323  0.196108660 0.9952461
96:1-61:0    9.421661e-02 -0.0227100595  0.211143274 0.6515150
97:1-61:0    6.107643e-02 -0.0654918770  0.187644734 1.0000000
98:1-61:0    4.984130e-02 -0.0781499657  0.177832565 1.0000000
99:1-61:0    3.217405e-02 -0.0829673742  0.147315469 1.0000000
100:1-61:0  -4.212417e-02 -0.1251880967  0.040939767 1.0000000
63:0-62:0   -1.454205e-03 -0.1278737900  0.124965379 1.0000000
64:0-62:0    1.147572e-02 -0.1222093290  0.145160776 1.0000000
65:0-62:0    3.057558e-02 -0.1198983437  0.181049502 1.0000000
66:0-62:0    3.308246e-02 -0.1270272588  0.193192177 1.0000000
67:0-62:0    1.782331e-02 -0.1326506164  0.168297230 1.0000000
68:0-62:0    2.555922e-02 -0.1378729047  0.188991336 1.0000000
69:0-62:0    3.189883e-02 -0.1102586903  0.174056352 1.0000000
70:0-62:0    4.189216e-03 -0.1543670371  0.162745468 1.0000000
71:0-62:0   -3.361793e-02 -0.1786291409  0.111393287 1.0000000
72:0-62:0   -7.767034e-03 -0.1537950436  0.138260975 1.0000000
73:0-62:0   -5.769673e-03 -0.1550709647  0.143531618 1.0000000
74:0-62:0   -6.707659e-03 -0.1757473012  0.162331983 1.0000000
75:0-62:0    1.915134e-02 -0.1479273557  0.186230029 1.0000000
76:0-62:0    4.193564e-03 -0.1439773969  0.152364524 1.0000000
77:0-62:0    2.758059e-02 -0.1096203645  0.164781554 1.0000000
78:0-62:0    1.087715e-02 -0.1263238127  0.148078106 1.0000000
79:0-62:0    3.265882e-03 -0.1173877812  0.123919546 1.0000000
80:0-62:0    2.119122e-02 -0.0962138508  0.138596282 1.0000000
81:0-62:0    6.608446e-03 -0.1064076442  0.119624537 1.0000000
82:0-62:0    7.490605e-03 -0.1209255113  0.135906720 1.0000000
83:0-62:0    2.636303e-02 -0.1073220274  0.160048078 1.0000000
84:0-62:0   -3.351652e-02 -0.1685495600  0.101516516 1.0000000
85:0-62:0    3.184567e-02 -0.1392567430  0.202948078 1.0000000
86:0-62:0   -1.231287e-02 -0.1583408769  0.133715142 1.0000000
87:0-62:0   -1.175364e-02 -0.1647100771  0.141202794 1.0000000
88:0-62:0    4.450845e-02 -0.1125598042  0.201576697 1.0000000
89:0-62:0    4.225385e-02 -0.1120181979  0.196525898 1.0000000
90:0-62:0    5.317477e-03 -0.1428534838  0.153488437 1.0000000
91:0-62:0   -2.904758e-02 -0.1703140387  0.112218885 1.0000000
92:0-62:0    7.913167e-02 -0.0621347934  0.220398130 0.9999962
93:0-62:0    4.724292e-02 -0.0931601406  0.187645979 1.0000000
94:0-62:0    5.606563e-02 -0.0852008311  0.197332093 1.0000000
95:0-62:0    6.443224e-02 -0.0872591498  0.216123628 1.0000000
96:0-62:0    6.901210e-02 -0.0674456153  0.205469809 1.0000000
97:0-62:0    3.695376e-02 -0.1026122400  0.176519762 1.0000000
98:0-62:0    1.597187e-02 -0.1290393450  0.160983082 1.0000000
99:0-62:0    5.784383e-02 -0.0745637072  0.190251369 1.0000000
100:0-62:0  -4.174703e-02 -0.1366090591  0.053114990 1.0000000
1:1-62:0    -5.377022e-02 -0.1509825251  0.043442089 0.9999982
2:1-62:0    -3.295900e-02 -0.1717130536  0.105795056 1.0000000
3:1-62:0     1.135543e-02 -0.1487542859  0.171465150 1.0000000
4:1-62:0     1.863540e-03 -0.1582461778  0.161973258 1.0000000
5:1-62:0     9.966422e-02 -0.0896097169  0.288938148 0.9999999
6:1-62:0    -1.023284e-03 -0.1902972169  0.188250648 1.0000000
7:1-62:0     2.032383e-02 -0.1629622413  0.203609903 1.0000000
8:1-62:0    -2.516078e-02 -0.2384483435  0.188126775 1.0000000
9:1-62:0     6.024216e-03 -0.1979973478  0.210045779 1.0000000
10:1-62:0    1.363207e-02 -0.2241483695  0.251412515 1.0000000
11:1-62:0   -1.906463e-02 -0.2023507028  0.164221442 1.0000000
12:1-62:0   -1.115552e-02 -0.2196175876  0.197306545 1.0000000
13:1-62:0   -6.887131e-02 -0.2773333771  0.139590756 1.0000000
14:1-62:0    2.412869e-02 -0.1843333771  0.232590756 1.0000000
15:1-62:0    3.556064e-02 -0.2022197981  0.273341087 1.0000000
16:1-62:0   -6.983221e-02 -0.3076126553  0.167948229 1.0000000
17:1-62:0   -3.333221e-02 -0.2332512090  0.166586783 1.0000000
18:1-62:0    2.892984e-02 -0.1401098012  0.197969483 1.0000000
19:1-62:0   -2.042843e-02 -0.1856402643  0.144783402 1.0000000
20:1-62:0   -1.931731e-02 -0.1674882664  0.128853654 1.0000000
21:1-62:0    3.261922e-02 -0.1114091212  0.176647553 1.0000000
22:1-62:0   -3.078078e-02 -0.1748091212  0.113247553 1.0000000
23:1-62:0    9.739983e-04 -0.1916020375  0.193550034 1.0000000
24:1-62:0    2.182255e-02 -0.1514530832  0.195098181 1.0000000
25:1-62:0   -6.771373e-02 -0.2862684373  0.150840986 1.0000000
26:1-62:0   -2.300151e-04 -0.2459205342  0.245460504 1.0000000
27:1-62:0    6.392549e-03 -0.2243132203  0.237098318 1.0000000
28:1-62:0    9.220845e-02 -0.1534820727  0.337898966 1.0000000
29:1-62:0    7.005501e-02 -0.1384070613  0.278517072 1.0000000
30:1-62:0    1.394755e-02 -0.2406609851  0.268556083 1.0000000
31:1-62:0   -3.999967e-02 -0.2532872324  0.173287886 1.0000000
32:1-62:0    2.934662e-02 -0.1512144499  0.209907696 1.0000000
33:1-62:0   -1.091533e-02 -0.2070302592  0.185199600 1.0000000
34:1-62:0   -1.724788e-02 -0.1883502914  0.153854529 1.0000000
35:1-62:0    1.573297e-02 -0.2085995188  0.240065450 1.0000000
36:1-62:0   -3.726078e-02 -0.2234450645  0.148923496 1.0000000
37:1-62:0   -3.677451e-03 -0.1769530832  0.169598181 1.0000000
38:1-62:0   -6.566373e-02 -0.2308755585  0.099548107 1.0000000
39:1-62:0   -8.905140e-04 -0.1610002318  0.159219204 1.0000000
40:1-62:0    1.497835e-02 -0.1331926142  0.163149306 1.0000000
41:1-62:0    1.869823e-02 -0.1163348059  0.153731270 1.0000000
42:1-62:0    1.351290e-02 -0.1450433529  0.172069153 1.0000000
43:1-62:0    1.098493e-02 -0.1524471904  0.174417050 1.0000000
44:1-62:0    2.863922e-02 -0.2170513034  0.274329735 1.0000000
45:1-62:0    2.117672e-02 -0.2031557688  0.245509200 1.0000000
46:1-62:0   -6.583221e-02 -0.3036126553  0.171948229 1.0000000
47:1-62:0    6.085172e-02 -0.1634807688  0.285184200 1.0000000
48:1-62:0    6.710588e-02 -0.1635998870  0.297811652 1.0000000
49:1-62:0    1.412157e-02 -0.2044331432  0.232676280 1.0000000
50:1-62:0   -6.760225e-02 -0.2218742955  0.086669800 1.0000000
51:1-62:0   -1.301078e-02 -0.2373432688  0.211321700 1.0000000
52:1-62:0   -5.248784e-03 -0.1914330645  0.180935496 1.0000000
53:1-62:0   -4.227328e-02 -0.2315472169  0.147000648 1.0000000
54:1-62:0    1.501553e-02 -0.1435407213  0.173571784 1.0000000
55:1-62:0    2.175797e-02 -0.1472816762  0.190797608 1.0000000
56:1-62:0    9.223922e-02 -0.0620328321  0.246511263 0.9998879
57:1-62:0   -1.285801e-02 -0.1745913061  0.148875293 1.0000000
58:1-62:0    2.430797e-02 -0.1217200436  0.170335975 1.0000000
59:1-62:0    3.774600e-03 -0.1286329380  0.136182139 1.0000000
60:1-62:0    4.383555e-03 -0.1113315057  0.120098616 1.0000000
61:1-62:0    1.247056e-02 -0.0971557410  0.122096859 1.0000000
62:1-62:0    1.162174e-02 -0.1049167730  0.128160253 1.0000000
63:1-62:0    1.053140e-03 -0.1239833854  0.126089665 1.0000000
64:1-62:0    2.363922e-02 -0.1223887936  0.169667225 1.0000000
65:1-62:0    1.556194e-02 -0.1349119800  0.166035866 1.0000000
66:1-62:0    2.690392e-02 -0.1383079114  0.192115755 1.0000000
67:1-62:0    2.588537e-02 -0.1311828811  0.182953620 1.0000000
68:1-62:0   -1.781200e-02 -0.1720840516  0.136460044 1.0000000
69:1-62:0    4.078122e-02 -0.1032471212  0.184809553 1.0000000
70:1-62:0    3.596285e-02 -0.1036031491  0.175528853 1.0000000
71:1-62:0    5.393683e-02 -0.0990196009  0.206893270 1.0000000
72:1-62:0    1.975922e-02 -0.1436729047  0.183191336 1.0000000
73:1-62:0    5.021699e-02 -0.0990842980  0.199518285 1.0000000
74:1-62:0    4.349503e-02 -0.1081963591  0.195186418 1.0000000
75:1-62:0   -1.793634e-02 -0.1672376313  0.131364952 1.0000000
76:1-62:0    2.709795e-02 -0.1065871068  0.160782998 1.0000000
77:1-62:0    3.247768e-02 -0.1096798441  0.174635199 1.0000000
78:1-62:0    4.443088e-02 -0.0839852335  0.172846998 1.0000000
79:1-62:0   -2.974118e-03 -0.1236277812  0.117679546 1.0000000
80:1-62:0    2.537118e-02 -0.0865610707  0.137303436 1.0000000
81:1-62:0    6.500265e-04 -0.1137798598  0.115079913 1.0000000
82:1-62:0   -1.796078e-02 -0.1336758453  0.097754277 1.0000000
83:1-62:0    4.878039e-02 -0.0942972522  0.191858037 1.0000000
84:1-62:0    6.816816e-02 -0.0903880897  0.226724416 1.0000000
85:1-62:0   -4.188687e-02 -0.1900578316  0.106284089 1.0000000
86:1-62:0    2.758297e-02 -0.1184450436  0.173610975 1.0000000
87:1-62:0   -4.392157e-04 -0.1435168600  0.142638429 1.0000000
88:1-62:0   -8.069295e-03 -0.1551498835  0.139011294 1.0000000
89:1-62:0    3.187799e-02 -0.1131332225  0.176889205 1.0000000
90:1-62:0    3.566680e-02 -0.1015341576  0.172867761 1.0000000
91:1-62:0   -1.210051e-02 -0.1399999813  0.115798961 1.0000000
92:1-62:0    4.909666e-02 -0.0979839261  0.196177251 1.0000000
93:1-62:0    3.796015e-02 -0.1137312428  0.189651535 1.0000000
94:1-62:0    6.187922e-02 -0.0627161401  0.186474571 1.0000000
95:1-62:0    7.253272e-02 -0.0534155769  0.198481021 0.9999826
96:1-62:0    8.900797e-02 -0.0355873901  0.213603321 0.9508794
97:1-62:0    5.586779e-02 -0.0778172655  0.189552840 1.0000000
98:1-62:0    4.463266e-02 -0.0904003797  0.179665696 1.0000000
99:1-62:0    2.696541e-02 -0.0959561311  0.149886943 1.0000000
100:1-62:0  -4.733281e-02 -0.1408837234  0.046218110 1.0000000
64:0-63:0    1.292993e-02 -0.1292183379  0.155078196 1.0000000
65:0-63:0    3.202978e-02 -0.1260108366  0.190070406 1.0000000
66:0-63:0    3.453666e-02 -0.1327043541  0.201777683 1.0000000
67:0-63:0    1.927751e-02 -0.1387631094  0.177318133 1.0000000
68:0-63:0    2.701342e-02 -0.1434110328  0.197437875 1.0000000
69:0-63:0    3.335304e-02 -0.1167908857  0.183496959 1.0000000
70:0-63:0    5.643421e-03 -0.1601109810  0.171397823 1.0000000
71:0-63:0   -3.216372e-02 -0.1850123024  0.120684859 1.0000000
72:0-63:0   -6.312829e-03 -0.1601264044  0.147500746 1.0000000
73:0-63:0   -4.315468e-03 -0.1612400106  0.152609075 1.0000000
74:0-63:0   -5.253454e-03 -0.1810625465  0.170555639 1.0000000
75:0-63:0    2.060554e-02 -0.1533189414  0.194530026 1.0000000
76:0-63:0    5.647769e-03 -0.1502017418  0.161497280 1.0000000
77:0-63:0    2.903480e-02 -0.1164249527  0.174494553 1.0000000
78:0-63:0    1.233135e-02 -0.1331284010  0.157791105 1.0000000
79:0-63:0    4.720088e-03 -0.1252481508  0.134688326 1.0000000
80:0-63:0    2.264542e-02 -0.1043127851  0.149603627 1.0000000
81:0-63:0    8.062652e-03 -0.1148481827  0.130973486 1.0000000
82:0-63:0    8.944810e-03 -0.1282599105  0.146149530 1.0000000
83:0-63:0    2.781723e-02 -0.1143310363  0.169965497 1.0000000
84:0-63:0   -3.206232e-02 -0.1754790446  0.111354411 1.0000000
85:0-63:0    3.329987e-02 -0.1444934661  0.211093211 1.0000000
86:0-63:0   -1.085866e-02 -0.1646722377  0.142954913 1.0000000
87:0-63:0   -1.029944e-02 -0.1707055074  0.150106635 1.0000000
88:0-63:0    4.596265e-02 -0.1183689393  0.210294243 1.0000000
89:0-63:0    4.370806e-02 -0.1179530138  0.205369124 1.0000000
90:0-63:0    6.771682e-03 -0.1490778288  0.162621193 1.0000000
91:0-63:0   -2.759337e-02 -0.1768939064  0.121707164 1.0000000
92:0-63:0    8.058587e-02 -0.0687146611  0.229886409 0.9999996
93:0-63:0    4.869712e-02 -0.0997867321  0.197180982 1.0000000
94:0-63:0    5.751984e-02 -0.0917806989  0.206820371 1.0000000
95:0-63:0    6.588644e-02 -0.0933137878  0.225086676 1.0000000
96:0-63:0    7.046630e-02 -0.0742926135  0.215225218 1.0000000
97:0-63:0    3.840797e-02 -0.1092846372  0.186100570 1.0000000
98:0-63:0    1.742607e-02 -0.1354225065  0.170274655 1.0000000
99:0-63:0    5.929804e-02 -0.0816494456  0.200245518 1.0000000
100:0-63:0  -4.029283e-02 -0.1467505212  0.066164863 1.0000000
1:1-63:0    -5.231601e-02 -0.1608732287  0.056241203 1.0000000
2:1-63:0    -3.150479e-02 -0.1784303671  0.115420781 1.0000000
3:1-63:0     1.280964e-02 -0.1544313811  0.180050656 1.0000000
4:1-63:0     3.317745e-03 -0.1639232730  0.170558764 1.0000000
5:1-63:0     1.011184e-01 -0.0942250151  0.296461857 1.0000000
6:1-63:0     4.309211e-04 -0.1949125151  0.195774357 1.0000000
7:1-63:0     2.177804e-02 -0.1677693740  0.211325447 1.0000000
8:1-63:0    -2.370658e-02 -0.2423981870  0.194985029 1.0000000
9:1-63:0     7.478421e-03 -0.2021861560  0.217142998 1.0000000
10:1-63:0    1.508628e-02 -0.2275533213  0.257725878 1.0000000
11:1-63:0   -1.761043e-02 -0.2071578355  0.171936985 1.0000000
12:1-63:0   -9.701316e-03 -0.2236893287  0.204286697 1.0000000
13:1-63:0   -6.741711e-02 -0.2814051181  0.146570908 1.0000000
14:1-63:0    2.558289e-02 -0.1884051181  0.239570908 1.0000000
15:1-63:0    3.701485e-02 -0.2056247499  0.279654449 1.0000000
16:1-63:0   -6.837801e-02 -0.3110176071  0.174261592 1.0000000
17:1-63:0   -3.187801e-02 -0.2375526085  0.173796593 1.0000000
18:1-63:0    3.038405e-02 -0.1454250465  0.206193139 1.0000000
19:1-63:0   -1.897423e-02 -0.1911061122  0.153157660 1.0000000
20:1-63:0   -1.786310e-02 -0.1737126114  0.137986410 1.0000000
21:1-63:0    3.407342e-02 -0.1178429978  0.185989840 1.0000000
22:1-63:0   -2.932658e-02 -0.1812429978  0.122589840 1.0000000
23:1-63:0    2.428204e-03 -0.1961164161  0.200972823 1.0000000
24:1-63:0    2.327675e-02 -0.1566089905  0.203162499 1.0000000
25:1-63:0   -6.625952e-02 -0.2900911501  0.157572110 1.0000000
26:1-63:0    1.224190e-03 -0.2491720311  0.251620412 1.0000000
27:1-63:0    7.846754e-03 -0.2278640610  0.243557570 1.0000000
28:1-63:0    9.366265e-02 -0.1567335695  0.344058873 1.0000000
29:1-63:0    7.150921e-02 -0.1424788023  0.285497223 1.0000000
30:1-63:0    1.540175e-02 -0.2437505988  0.274554108 1.0000000
31:1-63:0   -3.854547e-02 -0.2572370758  0.180146140 1.0000000
32:1-63:0    3.080083e-02 -0.1561128885  0.217714545 1.0000000
33:1-63:0   -9.461124e-03 -0.2114400888  0.192517840 1.0000000
34:1-63:0   -1.579368e-02 -0.1935870145  0.161999663 1.0000000
35:1-63:0    1.718717e-02 -0.2122894075  0.246663750 1.0000000
36:1-63:0   -3.580658e-02 -0.2281578791  0.156544721 1.0000000
37:1-63:0   -2.223246e-03 -0.1821089905  0.177662499 1.0000000
38:1-63:0   -6.420952e-02 -0.2363414063  0.107922366 1.0000000
39:1-63:0    5.636913e-04 -0.1666773270  0.167804710 1.0000000
40:1-63:0    1.643255e-02 -0.1394169592  0.172282062 1.0000000
41:1-63:0    2.015244e-02 -0.1232642905  0.163569165 1.0000000
42:1-63:0    1.496711e-02 -0.1507872968  0.180721507 1.0000000
43:1-63:0    1.243914e-02 -0.1579853185  0.182863589 1.0000000
44:1-63:0    3.009342e-02 -0.2203028003  0.280489642 1.0000000
45:1-63:0    2.263092e-02 -0.2068456575  0.252107500 1.0000000
46:1-63:0   -6.437801e-02 -0.3070176071  0.178261592 1.0000000
47:1-63:0    6.230592e-02 -0.1671706575  0.291782500 1.0000000
48:1-63:0    6.856009e-02 -0.1671507277  0.304270903 1.0000000
49:1-63:0    1.557577e-02 -0.2082558559  0.239407404 1.0000000
50:1-63:0   -6.614804e-02 -0.2278091113  0.095513027 1.0000000
51:1-63:0   -1.155658e-02 -0.2410331575  0.217920000 1.0000000
52:1-63:0   -3.794579e-03 -0.1961458791  0.188556721 1.0000000
53:1-63:0   -4.081908e-02 -0.2361625151  0.154524357 1.0000000
54:1-63:0    1.646974e-02 -0.1492846652  0.182224139 1.0000000
55:1-63:0    2.321217e-02 -0.1525969215  0.199021264 1.0000000
56:1-63:0    9.369342e-02 -0.0679676479  0.255354490 0.9999757
57:1-63:0   -1.140380e-02 -0.1801998221  0.157392220 1.0000000
58:1-63:0    2.576217e-02 -0.1280514044  0.179575746 1.0000000
59:1-63:0    5.228806e-03 -0.1357186763  0.146176288 1.0000000
60:1-63:0    5.837761e-03 -0.1195592562  0.131234778 1.0000000
61:1-63:0    1.392476e-02 -0.1058765801  0.133726109 1.0000000
62:1-63:0    1.307595e-02 -0.1130813434  0.139233234 1.0000000
63:1-63:0    2.507345e-03 -0.1315395463  0.136554237 1.0000000
64:1-63:0    2.509342e-02 -0.1287201544  0.178906996 1.0000000
65:1-63:0    1.701615e-02 -0.1410244730  0.175056770 1.0000000
66:1-63:0    2.835813e-02 -0.1437737593  0.200490013 1.0000000
67:1-63:0    2.733957e-02 -0.1369920162  0.191671166 1.0000000
68:1-63:0   -1.635780e-02 -0.1780188674  0.145303270 1.0000000
69:1-63:0    4.223542e-02 -0.1096809978  0.194151840 1.0000000
70:1-63:0    3.741706e-02 -0.1102755463  0.185109661 1.0000000
71:1-63:0    5.539104e-02 -0.1050150312  0.215797111 1.0000000
72:1-63:0    2.121342e-02 -0.1492110328  0.191637875 1.0000000
73:1-63:0    5.167120e-02 -0.1052533439  0.208595742 1.0000000
74:1-63:0    4.494924e-02 -0.1142509971  0.204149467 1.0000000
75:1-63:0   -1.648213e-02 -0.1734066773  0.140442408 1.0000000
76:1-63:0    2.855215e-02 -0.1135961157  0.170700418 1.0000000
77:1-63:0    3.393188e-02 -0.1162120396  0.184075805 1.0000000
78:1-63:0    4.588509e-02 -0.0913196327  0.183089808 1.0000000
79:1-63:0   -1.519912e-03 -0.1314881508  0.128448326 1.0000000
80:1-63:0    2.682539e-02 -0.0950896062  0.148740383 1.0000000
81:1-63:0    2.104232e-03 -0.1221078262  0.126316290 1.0000000
82:1-63:0   -1.650658e-02 -0.1419035958  0.108890438 1.0000000
83:1-63:0    5.023460e-02 -0.1007807951  0.201249990 1.0000000
84:1-63:0    6.962237e-02 -0.0961320336  0.235376770 1.0000000
85:1-63:0   -4.043267e-02 -0.1962821766  0.115416845 1.0000000
86:1-63:0    2.903717e-02 -0.1247764044  0.182850746 1.0000000
87:1-63:0    1.014990e-03 -0.1500004029  0.152030382 1.0000000
88:1-63:0   -6.615090e-03 -0.1614283191  0.148198140 1.0000000
89:1-63:0    3.333220e-02 -0.1195163841  0.186180777 1.0000000
90:1-63:0    3.712101e-02 -0.1083387458  0.182580760 1.0000000
91:1-63:0   -1.064630e-02 -0.1473675951  0.126074985 1.0000000
92:1-63:0    5.055087e-02 -0.1042623616  0.205364097 1.0000000
93:1-63:0    3.941435e-02 -0.1197858808  0.198614583 1.0000000
94:1-63:0    6.333342e-02 -0.0703020502  0.196968892 1.0000000
95:1-63:0    7.398693e-02 -0.0609108506  0.208884706 0.9999989
96:1-63:0    9.046217e-02 -0.0431733002  0.224097642 0.9877869
97:1-63:0    5.732199e-02 -0.0848262744  0.199470259 1.0000000
98:1-63:0    4.608686e-02 -0.0973298642  0.189503592 1.0000000
99:1-63:0    2.841961e-02 -0.1036566574  0.160495880 1.0000000
100:1-63:0  -4.587860e-02 -0.1511696765  0.059412474 1.0000000
65:0-64:0    1.909986e-02 -0.1448105464  0.183010258 1.0000000
66:0-64:0    2.160674e-02 -0.1511918183  0.194405289 1.0000000
67:0-64:0    6.347583e-03 -0.1575628191  0.170257985 1.0000000
68:0-64:0    1.408349e-02 -0.1617979350  0.189964919 1.0000000
69:0-64:0    2.042311e-02 -0.1358874146  0.176733629 1.0000000
70:0-64:0   -7.286508e-03 -0.1786466658  0.164073650 1.0000000
71:0-64:0   -4.509365e-02 -0.2040039101  0.113816609 1.0000000
72:0-64:0   -1.924276e-02 -0.1790814201  0.140595904 1.0000000
73:0-64:0   -1.724540e-02 -0.1800799572  0.145589164 1.0000000
74:0-64:0   -1.818338e-02 -0.1992872728  0.162920507 1.0000000
75:0-64:0    7.675613e-03 -0.1715993374  0.186950564 1.0000000
76:0-64:0   -7.282160e-03 -0.1690809608  0.154516641 1.0000000
77:0-64:0    1.610487e-02 -0.1357118658  0.167921609 1.0000000
78:0-64:0   -5.985769e-04 -0.1524153141  0.151218160 1.0000000
79:0-64:0   -8.209841e-03 -0.1452555451  0.128835863 1.0000000
80:0-64:0    9.715492e-03 -0.1244790236  0.143910008 1.0000000
81:0-64:0   -4.867277e-03 -0.1352392648  0.125504710 1.0000000
82:0-64:0   -3.985119e-03 -0.1479118963  0.139941658 1.0000000
83:0-64:0    1.488730e-02 -0.1337596348  0.163534238 1.0000000
84:0-64:0   -4.499225e-02 -0.1948526466  0.104868155 1.0000000
85:0-64:0    2.036994e-02 -0.1626608003  0.203400688 1.0000000
86:0-64:0   -2.378859e-02 -0.1836272534  0.136050071 1.0000000
87:0-64:0   -2.322937e-02 -0.1894216923  0.142962962 1.0000000
88:0-64:0    3.303272e-02 -0.1369515522  0.203016998 1.0000000
89:0-64:0    3.077813e-02 -0.1366258258  0.198182078 1.0000000
90:0-64:0   -6.158247e-03 -0.1679570478  0.155640554 1.0000000
91:0-64:0   -4.052330e-02 -0.1960238846  0.114977284 1.0000000
92:0-64:0    6.765594e-02 -0.0878446393  0.223156529 1.0000000
93:0-64:0    3.576720e-02 -0.1189494410  0.190483832 1.0000000
94:0-64:0    4.458991e-02 -0.1109106770  0.200090491 1.0000000
95:0-64:0    5.295652e-02 -0.1120722574  0.217985288 1.0000000
96:0-64:0    5.753637e-02 -0.0936090058  0.208681753 1.0000000
97:0-64:0    2.547804e-02 -0.1284793822  0.179435457 1.0000000
98:0-64:0    4.496145e-03 -0.1544141142  0.163406404 1.0000000
99:0-64:0    4.636811e-02 -0.1011309590  0.193867174 1.0000000
100:0-64:0  -5.322276e-02 -0.1682141583  0.061768642 1.0000000
1:1-64:0    -6.524594e-02 -0.1821837502  0.051691866 0.9999969
2:1-64:0    -4.443472e-02 -0.1976564772  0.108787033 1.0000000
3:1-64:0    -1.202917e-04 -0.1729188454  0.172678262 1.0000000
4:1-64:0    -9.612184e-03 -0.1824107373  0.163186370 1.0000000
5:1-64:0     8.818849e-02 -0.1119335706  0.288310555 1.0000000
6:1-64:0    -1.249901e-02 -0.2126210706  0.187623055 1.0000000
7:1-64:0     8.848107e-03 -0.1856204060  0.203316621 1.0000000
8:1-64:0    -3.663651e-02 -0.2596069126  0.186333897 1.0000000
9:1-64:0    -5.451508e-03 -0.2195753431  0.208672327 1.0000000
10:1-64:0    2.156349e-03 -0.2443467080  0.248659406 1.0000000
11:1-64:0   -3.054035e-02 -0.2250088675  0.163928159 1.0000000
12:1-64:0   -2.263124e-02 -0.2409902418  0.195727752 1.0000000
13:1-64:0   -8.034703e-02 -0.2987060313  0.138011963 1.0000000
14:1-64:0    1.265297e-02 -0.2057060313  0.231011963 1.0000000
15:1-64:0    2.408492e-02 -0.2224181365  0.270587978 1.0000000
16:1-64:0   -8.130794e-02 -0.3278109937  0.165195121 1.0000000
17:1-64:0   -4.480794e-02 -0.2550264500  0.165410577 1.0000000
18:1-64:0    1.745412e-02 -0.1636497728  0.198558007 1.0000000
19:1-64:0   -3.190415e-02 -0.2094405405  0.145632230 1.0000000
20:1-64:0   -3.079303e-02 -0.1925918304  0.131005771 1.0000000
21:1-64:0    2.114349e-02 -0.1368703688  0.179157353 1.0000000
22:1-64:0   -4.225651e-02 -0.2002703688  0.115757353 1.0000000
23:1-64:0   -1.050173e-02 -0.2137497216  0.192746271 1.0000000
24:1-64:0    1.034683e-02 -0.1747171180  0.195410769 1.0000000
25:1-64:0   -7.918945e-02 -0.3072034410  0.148824543 1.0000000
26:1-64:0   -1.170574e-02 -0.2658475290  0.242436052 1.0000000
27:1-64:0   -5.083175e-03 -0.2447691576  0.234602808 1.0000000
28:1-64:0    8.073272e-02 -0.1734090675  0.334874513 1.0000000
29:1-64:0    5.857928e-02 -0.1597797155  0.276938279 1.0000000
30:1-64:0    2.471825e-03 -0.2603013165  0.265244967 1.0000000
31:1-64:0   -5.147540e-02 -0.2744458014  0.171495008 1.0000000
32:1-64:0    1.787090e-02 -0.1740314703  0.209773269 1.0000000
33:1-64:0   -2.239105e-02 -0.2289952256  0.184213119 1.0000000
34:1-64:0   -2.872360e-02 -0.2117543487  0.154307139 1.0000000
35:1-64:0    4.257242e-03 -0.2293006352  0.237815119 1.0000000
36:1-64:0   -4.873651e-02 -0.2459389537  0.148465938 1.0000000
37:1-64:0   -1.515317e-02 -0.2002171180  0.169910769 1.0000000
38:1-64:0   -7.713945e-02 -0.2546758346  0.100396936 1.0000000
39:1-64:0   -1.236624e-02 -0.1851647913  0.160432316 1.0000000
40:1-64:0    3.502622e-03 -0.1582961782  0.165301423 1.0000000
41:1-64:0    7.222508e-03 -0.1426378925  0.157082909 1.0000000
42:1-64:0    2.037176e-03 -0.1693229816  0.173397334 1.0000000
43:1-64:0   -4.907937e-04 -0.1763722207  0.175390633 1.0000000
44:1-64:0    1.716349e-02 -0.2369782983  0.271305282 1.0000000
45:1-64:0    9.700992e-03 -0.2238568852  0.243258869 1.0000000
46:1-64:0   -7.730794e-02 -0.3238109937  0.169195121 1.0000000
47:1-64:0    4.937599e-02 -0.1841818852  0.282933869 1.0000000
48:1-64:0    5.563016e-02 -0.1840558242  0.295316142 1.0000000
49:1-64:0    2.645845e-03 -0.2253681469  0.230659837 1.0000000
50:1-64:0   -7.907797e-02 -0.2464819233  0.088325981 1.0000000
51:1-64:0   -2.448651e-02 -0.2580443852  0.209071369 1.0000000
52:1-64:0   -1.672451e-02 -0.2139269537  0.180477938 1.0000000
53:1-64:0   -5.374901e-02 -0.2538710706  0.146373055 1.0000000
54:1-64:0    3.539808e-03 -0.1678203500  0.174899966 1.0000000
55:1-64:0    1.028224e-02 -0.1708216478  0.191386132 1.0000000
56:1-64:0    8.076349e-02 -0.0866404599  0.248167444 1.0000000
57:1-64:0   -2.433373e-02 -0.1986377135  0.149970253 1.0000000
58:1-64:0    1.283224e-02 -0.1470064201  0.172670904 1.0000000
59:1-64:0   -7.701123e-03 -0.1552001898  0.139797943 1.0000000
60:1-64:0   -7.092168e-03 -0.1398106439  0.125626307 1.0000000
61:1-64:0    9.948353e-04 -0.1264498352  0.128439506 1.0000000
62:1-64:0    1.460163e-04 -0.1332910228  0.133583055 1.0000000
63:1-64:0   -1.042258e-02 -0.1513422455  0.130497078 1.0000000
64:1-64:0    1.216349e-02 -0.1476751701  0.172002154 1.0000000
65:1-64:0    4.086219e-03 -0.1598241828  0.167996621 1.0000000
66:1-64:0    1.542820e-02 -0.1621081875  0.192964583 1.0000000
67:1-64:0    1.440965e-02 -0.1555746292  0.184393921 1.0000000
68:1-64:0   -2.928773e-02 -0.1966916794  0.138116225 1.0000000
69:1-64:0    2.930549e-02 -0.1287083688  0.187319353 1.0000000
70:1-64:0    2.448713e-02 -0.1294702913  0.178444548 1.0000000
71:1-64:0    4.246111e-02 -0.1237312161  0.208653438 1.0000000
72:1-64:0    8.283492e-03 -0.1675979350  0.184164919 1.0000000
73:1-64:0    3.874127e-02 -0.1240932905  0.201575830 1.0000000
74:1-64:0    3.201931e-02 -0.1330094667  0.197048079 1.0000000
75:1-64:0   -2.941206e-02 -0.1922466238  0.133422497 1.0000000
76:1-64:0    1.562222e-02 -0.1330247142  0.164269159 1.0000000
77:1-64:0    2.100195e-02 -0.1353085684  0.177312476 1.0000000
78:1-64:0    3.295516e-02 -0.1109716186  0.176881936 1.0000000
79:1-64:0   -1.444984e-02 -0.1514955451  0.122595863 1.0000000
80:1-64:0    1.389546e-02 -0.1155381060  0.143329025 1.0000000
81:1-64:0   -1.082570e-02 -0.1424251549  0.120773761 1.0000000
82:1-64:0   -2.943651e-02 -0.1621549835  0.103281968 1.0000000
83:1-64:0    3.730467e-02 -0.1198431305  0.194452468 1.0000000
84:1-64:0    5.669244e-02 -0.1146677185  0.228052597 1.0000000
85:1-64:0   -5.336259e-02 -0.2151613956  0.108436206 1.0000000
86:1-64:0    1.610724e-02 -0.1437314201  0.175945904 1.0000000
87:1-64:0   -1.191494e-02 -0.1690627383  0.145232860 1.0000000
88:1-64:0   -1.954502e-02 -0.1803458829  0.141255846 1.0000000
89:1-64:0    2.040227e-02 -0.1385079918  0.179312527 1.0000000
90:1-64:0    2.419108e-02 -0.1276256589  0.176007815 1.0000000
91:1-64:0   -2.357623e-02 -0.1670422338  0.119889766 1.0000000
92:1-64:0    3.762094e-02 -0.1231799254  0.198421803 1.0000000
93:1-64:0    2.648442e-02 -0.1385443504  0.191513195 1.0000000
94:1-64:0    5.040349e-02 -0.0901248719  0.190931856 1.0000000
95:1-64:0    6.105700e-02 -0.0806722943  0.202786291 1.0000000
96:1-64:0    7.753224e-02 -0.0629961219  0.218060606 0.9999984
97:1-64:0    4.439206e-02 -0.1042548729  0.193039000 1.0000000
98:1-64:0    3.315693e-02 -0.1167034662  0.183017336 1.0000000
99:1-64:0    1.548968e-02 -0.1235567944  0.154536159 1.0000000
100:1-64:0  -5.880853e-02 -0.1727207440  0.055103684 1.0000000
66:0-65:0    2.506880e-03 -0.1835846257  0.188598385 1.0000000
67:0-65:0   -1.275227e-02 -0.1906211236  0.165116578 1.0000000
68:0-65:0   -5.016364e-03 -0.1939739901  0.183941263 1.0000000
69:0-65:0    1.323252e-03 -0.1695676125  0.172214116 1.0000000
70:0-65:0   -2.638636e-02 -0.2111429925  0.158370265 1.0000000
71:0-65:0   -6.419351e-02 -0.2374654856  0.109078473 1.0000000
72:0-65:0   -3.834261e-02 -0.2124664377  0.135781210 1.0000000
73:0-65:0   -3.634525e-02 -0.2132231829  0.140532678 1.0000000
74:0-65:0   -3.728324e-02 -0.2311113252  0.156544848 1.0000000
75:0-65:0   -1.142424e-02 -0.2035445593  0.180696074 1.0000000
76:0-65:0   -2.638202e-02 -0.2023068865  0.149542855 1.0000000
77:0-65:0   -2.994984e-03 -0.1697853614  0.163795393 1.0000000
78:0-65:0   -1.969843e-02 -0.1864888097  0.147091945 1.0000000
79:0-65:0   -2.730970e-02 -0.1807770654  0.126157671 1.0000000
80:0-65:0   -9.384364e-03 -0.1603110884  0.141542361 1.0000000
81:0-65:0   -2.396713e-02 -0.1715054783  0.123571213 1.0000000
82:0-65:0   -2.308497e-02 -0.1827271541  0.136557205 1.0000000
83:0-65:0   -4.212554e-03 -0.1681229562  0.159697848 1.0000000
84:0-65:0   -6.409210e-02 -0.2291037615  0.100919559 1.0000000
85:0-65:0    1.270088e-03 -0.1943595658  0.196899742 1.0000000
86:0-65:0   -4.288845e-02 -0.2170122711  0.131235377 1.0000000
87:0-65:0   -4.232922e-02 -0.2223031018  0.137644660 1.0000000
88:0-65:0    1.393287e-02 -0.1695483635  0.197414098 1.0000000
89:0-65:0    1.167827e-02 -0.1694150517  0.192771593 1.0000000
90:0-65:0   -2.525810e-02 -0.2011829734  0.150666768 1.0000000
91:0-65:0   -5.962316e-02 -0.2297735010  0.110527189 1.0000000
92:0-65:0    4.855609e-02 -0.1215942558  0.218706434 1.0000000
93:0-65:0    1.666734e-02 -0.1527668533  0.186101533 1.0000000
94:0-65:0    2.549005e-02 -0.1446602935  0.195640396 1.0000000
95:0-65:0    3.385666e-02 -0.1450433237  0.212756643 1.0000000
96:0-65:0    3.843652e-02 -0.1277430053  0.204616041 1.0000000
97:0-65:0    6.378182e-03 -0.1623630263  0.175119390 1.0000000
98:0-65:0   -1.460371e-02 -0.1878756896  0.158668268 1.0000000
99:0-65:0    2.726825e-02 -0.1356018892  0.190138393 1.0000000
100:0-65:0  -7.232261e-02 -0.2064633247  0.061818097 0.9999996
1:1-65:0    -8.434580e-02 -0.2201587544  0.051467159 0.9994051
2:1-65:0    -6.353458e-02 -0.2316048442  0.104535688 1.0000000
3:1-65:0    -1.922015e-02 -0.2053116527  0.166871358 1.0000000
4:1-65:0    -2.871204e-02 -0.2148035446  0.157379466 1.0000000
5:1-65:0     6.908864e-02 -0.1426176417  0.280794914 1.0000000
6:1-65:0    -3.159886e-02 -0.2433051417  0.180107414 1.0000000
7:1-65:0    -1.025175e-02 -0.2166220730  0.196118576 1.0000000
8:1-65:0    -5.573636e-02 -0.2891598191  0.177687092 1.0000000
9:1-65:0    -2.455136e-02 -0.2495396411  0.200436914 1.0000000
10:1-65:0   -1.694351e-02 -0.2729405092  0.239053496 1.0000000
11:1-65:0   -4.964021e-02 -0.2560105345  0.156730115 1.0000000
12:1-65:0   -4.173110e-02 -0.2707537190  0.187291518 1.0000000
13:1-65:0   -9.944689e-02 -0.3284695084  0.129575729 1.0000000
14:1-65:0   -6.446890e-03 -0.2354695084  0.222575729 1.0000000
15:1-65:0    4.985065e-03 -0.2510119378  0.260982068 1.0000000
16:1-65:0   -1.004078e-01 -0.3564047949  0.155589211 1.0000000
17:1-65:0   -6.390779e-02 -0.2851825798  0.157366995 1.0000000
18:1-65:0   -1.645739e-03 -0.1954738252  0.192182348 1.0000000
19:1-65:0   -5.100401e-02 -0.2415030301  0.139495009 1.0000000
20:1-65:0   -4.989289e-02 -0.2258177560  0.126031985 1.0000000
21:1-65:0    2.043636e-03 -0.1704066128  0.174493886 1.0000000
22:1-65:0   -6.135636e-02 -0.2338066128  0.111093886 1.0000000
23:1-65:0   -2.960158e-02 -0.2442651694  0.185062007 1.0000000
24:1-65:0   -8.753030e-03 -0.2062862461  0.188780186 1.0000000
25:1-65:0   -9.828930e-02 -0.3365351625  0.139956553 1.0000000
26:1-65:0   -3.080559e-02 -0.2941661036  0.232554915 1.0000000
27:1-65:0   -2.418303e-02 -0.2736225593  0.225256499 1.0000000
28:1-65:0    6.163287e-02 -0.2017276421  0.324993376 1.0000000
29:1-65:0    3.947943e-02 -0.1895431927  0.268502044 1.0000000
30:1-65:0   -1.662803e-02 -0.2883271880  0.255071127 1.0000000
31:1-65:0   -7.057525e-02 -0.3039987080  0.162848203 1.0000000
32:1-65:0   -1.228956e-03 -0.2051829405  0.202725028 1.0000000
33:1-65:0   -4.149091e-02 -0.2593348720  0.176353054 1.0000000
34:1-65:0   -4.782346e-02 -0.2434531142  0.147806193 1.0000000
35:1-65:0   -1.484261e-02 -0.2583995684  0.228714341 1.0000000
36:1-65:0   -6.783636e-02 -0.2767849526  0.141112225 1.0000000
37:1-65:0   -3.425303e-02 -0.2317862461  0.163280186 1.0000000
38:1-65:0   -9.623930e-02 -0.2867383242  0.094259715 1.0000000
39:1-65:0   -3.146609e-02 -0.2175575987  0.154625412 1.0000000
40:1-65:0   -1.559723e-02 -0.1915221039  0.160327637 1.0000000
41:1-65:0   -1.187735e-02 -0.1768890074  0.153134313 1.0000000
42:1-65:0   -1.706268e-02 -0.2018193083  0.167693949 1.0000000
43:1-65:0   -1.959065e-02 -0.2085482758  0.169366977 1.0000000
44:1-65:0   -1.936364e-03 -0.2652968728  0.261424146 1.0000000
45:1-65:0   -9.398864e-03 -0.2529558184  0.234158091 1.0000000
46:1-65:0   -9.640779e-02 -0.3524047949  0.159589211 1.0000000
47:1-65:0    3.027614e-02 -0.2132808184  0.273833091 1.0000000
48:1-65:0    3.653030e-02 -0.2129092260  0.285969832 1.0000000
49:1-65:0   -1.645401e-02 -0.2546998684  0.221791847 1.0000000
50:1-65:0   -9.817783e-02 -0.2792711493  0.082915495 0.9999994
51:1-65:0   -4.358636e-02 -0.2871433184  0.199970591 1.0000000
52:1-65:0   -3.582436e-02 -0.2447729526  0.173124225 1.0000000
53:1-65:0   -7.284886e-02 -0.2845551417  0.138857414 1.0000000
54:1-65:0   -1.556005e-02 -0.2003166767  0.169196581 1.0000000
55:1-65:0   -8.817614e-03 -0.2026457002  0.185010473 1.0000000
56:1-65:0    6.166364e-02 -0.1194296858  0.242756959 1.0000000
57:1-65:0   -4.343359e-02 -0.2309238171  0.144056645 1.0000000
58:1-65:0   -6.267614e-03 -0.1803914377  0.167856210 1.0000000
59:1-65:0   -2.680098e-02 -0.1896711200  0.136069162 1.0000000
60:1-65:0   -2.619202e-02 -0.1758078720  0.123423824 1.0000000
61:1-65:0   -1.810502e-02 -0.1630631255  0.126853085 1.0000000
62:1-65:0   -1.895384e-02 -0.1692074637  0.131299785 1.0000000
63:1-65:0   -2.952244e-02 -0.1864589211  0.127414042 1.0000000
64:1-65:0   -6.936364e-03 -0.1810601877  0.167187460 1.0000000
65:1-65:0   -1.501364e-02 -0.1928824873  0.162855215 1.0000000
66:1-65:0   -3.671658e-03 -0.1941706771  0.186827362 1.0000000
67:1-65:0   -4.690210e-03 -0.1881714404  0.178791021 1.0000000
68:1-65:0   -4.838758e-02 -0.2294809054  0.132705739 1.0000000
69:1-65:0    1.020564e-02 -0.1622446128  0.182655886 1.0000000
70:1-65:0    5.387273e-03 -0.1633539354  0.174128481 1.0000000
71:1-65:0    2.336126e-02 -0.1566126256  0.203335136 1.0000000
72:1-65:0   -1.081636e-02 -0.1997739901  0.178141263 1.0000000
73:1-65:0    1.964141e-02 -0.1572365162  0.196519345 1.0000000
74:1-65:0    1.291945e-02 -0.1659805330  0.191819434 1.0000000
75:1-65:0   -4.851192e-02 -0.2253898496  0.128366011 1.0000000
76:1-65:0   -3.477633e-03 -0.1673880356  0.160432769 1.0000000
77:1-65:0    1.902098e-03 -0.1689887664  0.172792962 1.0000000
78:1-65:0    1.385530e-02 -0.1457868763  0.173497482 1.0000000
79:1-65:0   -3.354970e-02 -0.1870170654  0.119917671 1.0000000
80:1-65:0   -5.204396e-03 -0.1519141644  0.141505372 1.0000000
81:1-65:0   -2.992555e-02 -0.1785496609  0.118698555 1.0000000
82:1-65:0   -4.853636e-02 -0.1981522116  0.101079484 1.0000000
83:1-65:0    1.820481e-02 -0.1534522259  0.189861852 1.0000000
84:1-65:0    3.759258e-02 -0.1471640452  0.222349213 1.0000000
85:1-65:0   -7.246245e-02 -0.2483873213  0.103462420 1.0000000
86:1-65:0   -2.992614e-03 -0.1771164377  0.171131210 1.0000000
87:1-65:0   -3.101480e-02 -0.2026718337  0.140642244 1.0000000
88:1-65:0   -3.864487e-02 -0.2136523774  0.136362629 1.0000000
89:1-65:0    1.302412e-03 -0.1719695672  0.174574391 1.0000000
90:1-65:0    5.091223e-03 -0.1616991546  0.171881600 1.0000000
91:1-65:0   -4.267609e-02 -0.2019029759  0.116550797 1.0000000
92:1-65:0    1.852108e-02 -0.1564864200  0.193528586 1.0000000
93:1-65:0    7.384567e-03 -0.1715154167  0.186284550 1.0000000
94:1-65:0    3.130364e-02 -0.1252815778  0.187888851 1.0000000
95:1-65:0    4.195714e-02 -0.1157067423  0.199621028 1.0000000
96:1-65:0    5.843239e-02 -0.0981528278  0.215017601 1.0000000
97:1-65:0    2.529221e-02 -0.1386181943  0.189202610 1.0000000
98:1-65:0    1.405708e-02 -0.1509545811  0.179068739 1.0000000
99:1-65:0   -3.610173e-03 -0.1588668347  0.151646488 1.0000000
100:1-65:0  -7.790839e-02 -0.2111251290  0.055308357 0.9999616
67:0-66:0   -1.525915e-02 -0.2013506576  0.170832353 1.0000000
68:0-66:0   -7.523243e-03 -0.2042405654  0.189194079 1.0000000
69:0-66:0   -1.183628e-03 -0.1806172025  0.178249947 1.0000000
70:0-66:0   -2.889324e-02 -0.2215788217  0.163792335 1.0000000
71:0-66:0   -6.670039e-02 -0.2484031625  0.115002390 1.0000000
72:0-66:0   -4.084949e-02 -0.2233647703  0.141665784 1.0000000
73:0-66:0   -3.885213e-02 -0.2239967310  0.146292467 1.0000000
74:0-66:0   -3.979012e-02 -0.2411903352  0.161610099 1.0000000
75:0-66:0   -1.393112e-02 -0.2136883156  0.185826072 1.0000000
76:0-66:0   -2.888890e-02 -0.2131232037  0.155345413 1.0000000
77:0-66:0   -5.501864e-03 -0.1810346248  0.170030897 1.0000000
78:0-66:0   -2.220531e-02 -0.1977380731  0.153327449 1.0000000
79:0-66:0   -2.981658e-02 -0.1927427973  0.133109644 1.0000000
80:0-66:0   -1.189124e-02 -0.1724265866  0.148644100 1.0000000
81:0-66:0   -2.647401e-02 -0.1838280197  0.130879995 1.0000000
82:0-66:0   -2.559185e-02 -0.1943471377  0.143163429 1.0000000
83:0-66:0   -6.719434e-03 -0.1795179874  0.166079120 1.0000000
84:0-66:0   -6.659898e-02 -0.2404424974  0.107244535 1.0000000
85:0-66:0   -1.236792e-03 -0.2043714309  0.201897848 1.0000000
86:0-66:0   -4.539533e-02 -0.2279106036  0.137119950 1.0000000
87:0-66:0   -4.483610e-02 -0.2329406406  0.143268440 1.0000000
88:0-66:0    1.142599e-02 -0.1800370173  0.202888992 1.0000000
89:0-66:0    9.171391e-03 -0.1800044838  0.198347266 1.0000000
90:0-66:0   -2.776498e-02 -0.2119992907  0.156469326 1.0000000
91:0-66:0   -6.213004e-02 -0.2408584893  0.116598418 1.0000000
92:0-66:0    4.604921e-02 -0.1326792440  0.224777663 1.0000000
93:0-66:0    1.416046e-02 -0.1638863483  0.192207269 1.0000000
94:0-66:0    2.298317e-02 -0.1557452817  0.201711625 1.0000000
95:0-66:0    3.134978e-02 -0.1557275416  0.218427102 1.0000000
96:0-66:0    3.592964e-02 -0.1390227957  0.210882072 1.0000000
97:0-66:0    3.871302e-03 -0.1735161707  0.181258775 1.0000000
98:0-66:0   -1.711059e-02 -0.1988133666  0.164592186 1.0000000
99:0-66:0    2.476137e-02 -0.1470507434  0.196573488 1.0000000
100:0-66:0  -7.482949e-02 -0.2196965033  0.070037517 1.0000000
1:1-66:0    -8.685268e-02 -0.2332694777  0.059564123 0.9999229
2:1-66:0    -6.604146e-02 -0.2427908129  0.110707898 1.0000000
3:1-66:0    -2.172703e-02 -0.2156929224  0.172238868 1.0000000
4:1-66:0    -3.121892e-02 -0.2251848143  0.162746976 1.0000000
5:1-66:0     6.658176e-02 -0.1520784097  0.285241923 1.0000000
6:1-66:0    -3.410574e-02 -0.2527659097  0.184554423 1.0000000
7:1-66:0    -1.275863e-02 -0.2262567102  0.200739454 1.0000000
8:1-66:0    -5.824324e-02 -0.2979915066  0.181505020 1.0000000
9:1-66:0    -2.705824e-02 -0.2586018573  0.204485371 1.0000000
10:1-66:0   -1.945039e-02 -0.2812273630  0.242326591 1.0000000
11:1-66:0   -5.214709e-02 -0.2656451717  0.161350993 1.0000000
12:1-66:0   -4.423798e-02 -0.2797036464  0.191227686 1.0000000
13:1-66:0   -1.019538e-01 -0.3374194359  0.133511897 1.0000000
14:1-66:0   -8.953770e-03 -0.2444194359  0.226511897 1.0000000
15:1-66:0    2.478185e-03 -0.2592987916  0.264255162 1.0000000
16:1-66:0   -1.029147e-01 -0.3646916487  0.158862305 1.0000000
17:1-66:0   -6.641467e-02 -0.2943516189  0.161522275 1.0000000
18:1-66:0   -4.152618e-03 -0.2055528352  0.197247599 1.0000000
19:1-66:0   -5.351089e-02 -0.2517092672  0.144687487 1.0000000
20:1-66:0   -5.239976e-02 -0.2366340733  0.131834543 1.0000000
21:1-66:0   -4.632432e-04 -0.1813825862  0.180456100 1.0000000
22:1-66:0   -6.386324e-02 -0.2447825862  0.117056100 1.0000000
23:1-66:0   -3.210846e-02 -0.2536331238  0.189416203 1.0000000
24:1-66:0   -1.125991e-02 -0.2162284235  0.193708604 1.0000000
25:1-66:0   -1.007962e-01 -0.3452421067  0.143649738 1.0000000
26:1-66:0   -3.331247e-02 -0.3022947746  0.235669827 1.0000000
27:1-66:0   -2.668991e-02 -0.2820578775  0.228678058 1.0000000
28:1-66:0    5.912599e-02 -0.2098563131  0.328108288 1.0000000
29:1-66:0    3.697255e-02 -0.1984931201  0.272438213 1.0000000
30:1-66:0   -1.913491e-02 -0.2962867681  0.258016948 1.0000000
31:1-66:0   -7.308213e-02 -0.3128303955  0.166666131 1.0000000
32:1-66:0   -3.735836e-03 -0.2148991564  0.207427485 1.0000000
33:1-66:0   -4.399779e-02 -0.2686056969  0.180610119 1.0000000
34:1-66:0   -5.033034e-02 -0.2534649793  0.152804299 1.0000000
35:1-66:0   -1.734949e-02 -0.2669746331  0.232275647 1.0000000
36:1-66:0   -7.034324e-02 -0.2863345232  0.145648037 1.0000000
37:1-66:0   -3.675991e-02 -0.2417284235  0.168208604 1.0000000
38:1-66:0   -9.874618e-02 -0.2969445613  0.099452192 1.0000000
39:1-66:0   -3.397297e-02 -0.2279388684  0.159992922 1.0000000
40:1-66:0   -1.810411e-02 -0.2023384211  0.166130195 1.0000000
41:1-66:0   -1.438423e-02 -0.1882277433  0.159459290 1.0000000
42:1-66:0   -1.956956e-02 -0.2122551375  0.173116019 1.0000000
43:1-66:0   -2.209753e-02 -0.2188148511  0.174619793 1.0000000
44:1-66:0   -4.443243e-03 -0.2734255438  0.264539057 1.0000000
45:1-66:0   -1.190574e-02 -0.2615308831  0.237719397 1.0000000
46:1-66:0   -9.891467e-02 -0.3606916487  0.162862305 1.0000000
47:1-66:0    2.776926e-02 -0.2218558831  0.277394397 1.0000000
48:1-66:0    3.402342e-02 -0.2213445442  0.289391391 1.0000000
49:1-66:0   -1.896089e-02 -0.2634068126  0.225485032 1.0000000
50:1-66:0   -1.006847e-01 -0.2898605814  0.088491168 0.9999998
51:1-66:0   -4.609324e-02 -0.2957183831  0.203531897 1.0000000
52:1-66:0   -3.833124e-02 -0.2543225232  0.177660037 1.0000000
53:1-66:0   -7.535574e-02 -0.2940159097  0.143304423 1.0000000
54:1-66:0   -1.806693e-02 -0.2107525059  0.174618651 1.0000000
55:1-66:0   -1.132449e-02 -0.2127247102  0.190075724 1.0000000
56:1-66:0    5.915676e-02 -0.1300191180  0.248332631 1.0000000
57:1-66:0   -4.594047e-02 -0.2412487014  0.149367770 1.0000000
58:1-66:0   -8.774493e-03 -0.1912897703  0.173740784 1.0000000
59:1-66:0   -2.930786e-02 -0.2011199741  0.142504257 1.0000000
60:1-66:0   -2.869890e-02 -0.1880024573  0.130604650 1.0000000
61:1-66:0   -2.061190e-02 -0.1755492179  0.134325418 1.0000000
62:1-66:0   -2.146072e-02 -0.1813634139  0.138441976 1.0000000
63:1-66:0   -3.202932e-02 -0.1982273320  0.134168694 1.0000000
64:1-66:0   -9.443243e-03 -0.1919585203  0.173072034 1.0000000
65:1-66:0   -1.752052e-02 -0.2036120213  0.168570989 1.0000000
66:1-66:0   -6.178537e-03 -0.2043769143  0.192019840 1.0000000
67:1-66:0   -7.197089e-03 -0.1986600942  0.184265915 1.0000000
68:1-66:0   -5.089446e-02 -0.2400703375  0.138281412 1.0000000
69:1-66:0    7.698757e-03 -0.1732205862  0.188618100 1.0000000
70:1-66:0    2.880393e-03 -0.1745070798  0.180267866 1.0000000
71:1-66:0    2.085438e-02 -0.1672501645  0.208958916 1.0000000
72:1-66:0   -1.332324e-02 -0.2100405654  0.183394079 1.0000000
73:1-66:0    1.713453e-02 -0.1680100643  0.202279133 1.0000000
74:1-66:0    1.041257e-02 -0.1766647509  0.197489892 1.0000000
75:1-66:0   -5.101880e-02 -0.2361633976  0.134125800 1.0000000
76:1-66:0   -5.984513e-03 -0.1787830667  0.166814041 1.0000000
77:1-66:0   -6.047817e-04 -0.1800383564  0.178828793 1.0000000
78:1-66:0    1.134842e-02 -0.1574068599  0.180103707 1.0000000
79:1-66:0   -3.605658e-02 -0.1989827973  0.126869644 1.0000000
80:1-66:0   -7.711276e-03 -0.1642886570  0.148866105 1.0000000
81:1-66:0   -3.243243e-02 -0.1908049228  0.125940058 1.0000000
82:1-66:0   -5.104324e-02 -0.2103467969  0.108260310 1.0000000
83:1-66:0    1.569793e-02 -0.1644654903  0.195861357 1.0000000
84:1-66:0    3.508570e-02 -0.1575998743  0.227771283 1.0000000
85:1-66:0   -7.496933e-02 -0.2592036385  0.109264978 1.0000000
86:1-66:0   -5.499493e-03 -0.1880147703  0.177015784 1.0000000
87:1-66:0   -3.352167e-02 -0.2136850981  0.146641749 1.0000000
88:1-66:0   -4.115175e-02 -0.2245102726  0.142206765 1.0000000
89:1-66:0   -1.204468e-03 -0.1829072441  0.180498309 1.0000000
90:1-66:0    2.584343e-03 -0.1729484179  0.178117104 1.0000000
91:1-66:0   -4.518297e-02 -0.2135454399  0.123179501 1.0000000
92:1-66:0    1.601420e-02 -0.1673443152  0.199372722 1.0000000
93:1-66:0    4.877687e-03 -0.1821996346  0.191955009 1.0000000
94:1-66:0    2.879676e-02 -0.1370696037  0.194663117 1.0000000
95:1-66:0    3.945026e-02 -0.1274347897  0.206335316 1.0000000
96:1-66:0    5.592551e-02 -0.1099408537  0.221791867 1.0000000
97:1-66:0    2.278533e-02 -0.1500132255  0.195583882 1.0000000
98:1-66:0    1.155020e-02 -0.1622933170  0.185393716 1.0000000
99:1-66:0   -6.117053e-03 -0.1707297837  0.158495678 1.0000000
100:1-66:0  -8.041527e-02 -0.2244271431  0.063596612 0.9999968
68:0-67:0    7.735909e-03 -0.1812217174  0.196693536 1.0000000
69:0-67:0    1.407552e-02 -0.1568153398  0.184966389 1.0000000
70:0-67:0   -1.363409e-02 -0.1983907198  0.171122538 1.0000000
71:0-67:0   -5.144123e-02 -0.2247132128  0.121830745 1.0000000
72:0-67:0   -2.559034e-02 -0.1997141650  0.148533483 1.0000000
73:0-67:0   -2.359298e-02 -0.2004709102  0.153284951 1.0000000
74:0-67:0   -2.453097e-02 -0.2183590525  0.169297121 1.0000000
75:0-67:0    1.328030e-03 -0.1907922865  0.193448347 1.0000000
76:0-67:0   -1.362974e-02 -0.1895546138  0.162295128 1.0000000
77:0-67:0    9.757288e-03 -0.1570330887  0.176547666 1.0000000
78:0-67:0   -6.946160e-03 -0.1737365370  0.159844217 1.0000000
79:0-67:0   -1.455742e-02 -0.1680247926  0.138909944 1.0000000
80:0-67:0    3.367909e-03 -0.1475588157  0.154294634 1.0000000
81:0-67:0   -1.121486e-02 -0.1587532056  0.136323485 1.0000000
82:0-67:0   -1.033270e-02 -0.1699748814  0.149309477 1.0000000
83:0-67:0    8.539719e-03 -0.1553706835  0.172450121 1.0000000
84:0-67:0   -5.133983e-02 -0.2163514887  0.113671832 1.0000000
85:0-67:0    1.402236e-02 -0.1816072931  0.209652014 1.0000000
86:0-67:0   -3.013617e-02 -0.2042599983  0.143987650 1.0000000
87:0-67:0   -2.957695e-02 -0.2095508290  0.150396933 1.0000000
88:0-67:0    2.668514e-02 -0.1567960907  0.210166370 1.0000000
89:0-67:0    2.443054e-02 -0.1566627790  0.205523865 1.0000000
90:0-67:0   -1.250583e-02 -0.1884307007  0.163419041 1.0000000
91:0-67:0   -4.687088e-02 -0.2170212283  0.123279462 1.0000000
92:0-67:0    6.130836e-02 -0.1088419830  0.231458707 1.0000000
93:0-67:0    2.941961e-02 -0.1400145806  0.198853806 1.0000000
94:0-67:0    3.824232e-02 -0.1319080208  0.208392669 1.0000000
95:0-67:0    4.660893e-02 -0.1322910510  0.225508916 1.0000000
96:0-67:0    5.118879e-02 -0.1149907326  0.217368313 1.0000000
97:0-67:0    1.913045e-02 -0.1496107536  0.187871663 1.0000000
98:0-67:0   -1.851438e-03 -0.1751234169  0.171420541 1.0000000
99:0-67:0    4.002052e-02 -0.1228496165  0.202890665 1.0000000
100:0-67:0  -5.957034e-02 -0.1937110520  0.074570370 1.0000000
1:1-67:0    -7.159352e-02 -0.2074064816  0.064219432 0.9999999
2:1-67:0    -5.078231e-02 -0.2188525714  0.117287961 1.0000000
3:1-67:0    -6.467875e-03 -0.1925593800  0.179623631 1.0000000
4:1-67:0    -1.595977e-02 -0.2020512719  0.170131739 1.0000000
5:1-67:0     8.184091e-02 -0.1298653690  0.293547187 1.0000000
6:1-67:0    -1.884659e-02 -0.2305528690  0.192859687 1.0000000
7:1-67:0     2.500524e-03 -0.2038698003  0.208870849 1.0000000
8:1-67:0    -4.298409e-02 -0.2764075463  0.190439365 1.0000000
9:1-67:0    -1.179909e-02 -0.2367873684  0.213189187 1.0000000
10:1-67:0   -4.191234e-03 -0.2601882365  0.251805769 1.0000000
11:1-67:0   -3.688794e-02 -0.2432582618  0.169482388 1.0000000
12:1-67:0   -2.897883e-02 -0.2580014462  0.200043791 1.0000000
13:1-67:0   -8.669462e-02 -0.3157172357  0.142328001 1.0000000
14:1-67:0    6.305383e-03 -0.2227172357  0.235328001 1.0000000
15:1-67:0    1.773734e-02 -0.2382596650  0.273734340 1.0000000
16:1-67:0   -8.765552e-02 -0.3436525222  0.168341483 1.0000000
17:1-67:0   -5.115552e-02 -0.2724303071  0.170119268 1.0000000
18:1-67:0    1.110653e-02 -0.1827215525  0.204934621 1.0000000
19:1-67:0   -3.825174e-02 -0.2287507573  0.152247281 1.0000000
20:1-67:0   -3.714061e-02 -0.2130654833  0.138784258 1.0000000
21:1-67:0    1.479591e-02 -0.1576543401  0.187246158 1.0000000
22:1-67:0   -4.860409e-02 -0.2210543401  0.123846158 1.0000000
23:1-67:0   -1.684931e-02 -0.2315128967  0.197814280 1.0000000
24:1-67:0    3.999242e-03 -0.1935339734  0.201532458 1.0000000
25:1-67:0   -8.553703e-02 -0.3237828897  0.152708826 1.0000000
26:1-67:0   -1.805332e-02 -0.2814138309  0.245307188 1.0000000
27:1-67:0   -1.143076e-02 -0.2608702866  0.238008771 1.0000000
28:1-67:0    7.438514e-02 -0.1889753693  0.337745649 1.0000000
29:1-67:0    5.223170e-02 -0.1767909199  0.281254317 1.0000000
30:1-67:0   -3.875758e-03 -0.2755749153  0.267823400 1.0000000
31:1-67:0   -5.782298e-02 -0.2912464352  0.175600476 1.0000000
32:1-67:0    1.152332e-02 -0.1924306678  0.215477301 1.0000000
33:1-67:0   -2.873864e-02 -0.2465825993  0.189105327 1.0000000
34:1-67:0   -3.507119e-02 -0.2307008415  0.160558466 1.0000000
35:1-67:0   -2.090341e-03 -0.2456472957  0.241466614 1.0000000
36:1-67:0   -5.508409e-02 -0.2640326798  0.153864498 1.0000000
37:1-67:0   -2.150076e-02 -0.2190339734  0.176032458 1.0000000
38:1-67:0   -8.348703e-02 -0.2739860514  0.107011987 1.0000000
39:1-67:0   -1.871382e-02 -0.2048053260  0.167377685 1.0000000
40:1-67:0   -2.844960e-03 -0.1787698311  0.173079910 1.0000000
41:1-67:0    8.749255e-04 -0.1641367346  0.165886586 1.0000000
42:1-67:0   -4.310407e-03 -0.1890670356  0.180446222 1.0000000
43:1-67:0   -6.838377e-03 -0.1957960031  0.182119250 1.0000000
44:1-67:0    1.081591e-02 -0.2525446001  0.274176418 1.0000000
45:1-67:0    3.353409e-03 -0.2402035457  0.246910364 1.0000000
46:1-67:0   -8.365552e-02 -0.3396525222  0.172341483 1.0000000
47:1-67:0    4.302841e-02 -0.2005285457  0.286585364 1.0000000
48:1-67:0    4.928258e-02 -0.2001569533  0.298722105 1.0000000
49:1-67:0   -3.701738e-03 -0.2419475956  0.234544120 1.0000000
50:1-67:0   -8.542555e-02 -0.2665188765  0.095667768 1.0000000
51:1-67:0   -3.083409e-02 -0.2743910457  0.212722864 1.0000000
52:1-67:0   -2.307209e-02 -0.2320206798  0.185876498 1.0000000
53:1-67:0   -6.009659e-02 -0.2718028690  0.151609687 1.0000000
54:1-67:0   -2.807775e-03 -0.1875644040  0.181948854 1.0000000
55:1-67:0    3.934659e-03 -0.1898934275  0.197762746 1.0000000
56:1-67:0    7.441591e-02 -0.1066774131  0.255509231 1.0000000
57:1-67:0   -3.068131e-02 -0.2181715444  0.156808918 1.0000000
58:1-67:0    6.484659e-03 -0.1676391650  0.180608483 1.0000000
59:1-67:0   -1.404871e-02 -0.1769188472  0.148821435 1.0000000
60:1-67:0   -1.343975e-02 -0.1630555993  0.136176097 1.0000000
61:1-67:0   -5.352748e-03 -0.1503108528  0.139605358 1.0000000
62:1-67:0   -6.201567e-03 -0.1564551910  0.144052058 1.0000000
63:1-67:0   -1.677017e-02 -0.1737066484  0.140166315 1.0000000
64:1-67:0    5.815909e-03 -0.1683079150  0.179939733 1.0000000
65:1-67:0   -2.261364e-03 -0.1801302145  0.175607487 1.0000000
66:1-67:0    9.080615e-03 -0.1814184044  0.199579634 1.0000000
67:1-67:0    8.062063e-03 -0.1754191676  0.191543294 1.0000000
68:1-67:0   -3.563531e-02 -0.2167286326  0.145458012 1.0000000
69:1-67:0    2.295791e-02 -0.1494923401  0.195408158 1.0000000
70:1-67:0    1.813955e-02 -0.1506016626  0.186880754 1.0000000
71:1-67:0    3.611353e-02 -0.1438603529  0.216087409 1.0000000
72:1-67:0    1.935909e-03 -0.1870217174  0.190893536 1.0000000
73:1-67:0    3.239369e-02 -0.1444842435  0.209271617 1.0000000
74:1-67:0    2.567172e-02 -0.1532282603  0.204571706 1.0000000
75:1-67:0   -3.575965e-02 -0.2126375768  0.141118284 1.0000000
76:1-67:0    9.274639e-03 -0.1546357628  0.173185041 1.0000000
77:1-67:0    1.465437e-02 -0.1562364937  0.185545235 1.0000000
78:1-67:0    2.660758e-02 -0.1330346036  0.186249755 1.0000000
79:1-67:0   -2.079742e-02 -0.1742647926  0.132669944 1.0000000
80:1-67:0    7.547876e-03 -0.1391618917  0.154257644 1.0000000
81:1-67:0   -1.717328e-02 -0.1657973881  0.131450828 1.0000000
82:1-67:0   -3.578409e-02 -0.1853999389  0.113831757 1.0000000
83:1-67:0    3.095709e-02 -0.1406999531  0.202614124 1.0000000
84:1-67:0    5.034486e-02 -0.1344117724  0.235101485 1.0000000
85:1-67:0   -5.971018e-02 -0.2356350485  0.116214693 1.0000000
86:1-67:0    9.759659e-03 -0.1643641650  0.183883483 1.0000000
87:1-67:0   -1.826252e-02 -0.1899195610  0.153394516 1.0000000
88:1-67:0   -2.589260e-02 -0.2009001047  0.149114902 1.0000000
89:1-67:0    1.405468e-02 -0.1592172945  0.187326664 1.0000000
90:1-67:0    1.784350e-02 -0.1489468818  0.184633872 1.0000000
91:1-67:0   -2.992382e-02 -0.1891507032  0.129303069 1.0000000
92:1-67:0    3.127336e-02 -0.1437341473  0.206280859 1.0000000
93:1-67:0    2.013684e-02 -0.1587631440  0.199036823 1.0000000
94:1-67:0    4.405591e-02 -0.1125293051  0.200641123 1.0000000
95:1-67:0    5.470942e-02 -0.1029544695  0.212373301 1.0000000
96:1-67:0    7.118466e-02 -0.0854005551  0.227769873 1.0000000
97:1-67:0    3.804448e-02 -0.1258659216  0.201954883 1.0000000
98:1-67:0    2.680935e-02 -0.1382023084  0.191821012 1.0000000
99:1-67:0    9.142100e-03 -0.1461145620  0.164398761 1.0000000
100:1-67:0  -6.515611e-02 -0.1983728563  0.068060630 1.0000000
69:0-68:0    6.339615e-03 -0.1760647266  0.188743957 1.0000000
70:0-68:0   -2.137000e-02 -0.2168250291  0.174085029 1.0000000
71:0-68:0   -5.917714e-02 -0.2438141792  0.125459894 1.0000000
72:0-68:0   -3.332625e-02 -0.2187629308  0.152110431 1.0000000
73:0-68:0   -3.132889e-02 -0.2193540434  0.156696266 1.0000000
74:0-68:0   -3.226688e-02 -0.2363182990  0.171784549 1.0000000
75:0-68:0   -6.407879e-03 -0.2088377990  0.196022041 1.0000000
76:0-68:0   -2.136565e-02 -0.2084945291  0.165763225 1.0000000
77:0-68:0    2.021379e-03 -0.1765470568  0.180589815 1.0000000
78:0-68:0   -1.468207e-02 -0.1932505051  0.163886367 1.0000000
79:0-68:0   -2.229333e-02 -0.1884856606  0.143898994 1.0000000
80:0-68:0   -4.368000e-03 -0.1682171157  0.159481116 1.0000000
81:0-68:0   -1.895077e-02 -0.1796841505  0.141782612 1.0000000
82:0-68:0   -1.806861e-02 -0.1899792911  0.153842069 1.0000000
83:0-68:0    8.038095e-04 -0.1750776175  0.176685237 1.0000000
84:0-68:0   -5.907574e-02 -0.2359839185  0.117832443 1.0000000
85:0-68:0    6.286452e-03 -0.1994770483  0.212049952 1.0000000
86:0-68:0   -3.787208e-02 -0.2233087641  0.147564597 1.0000000
87:0-68:0   -3.731286e-02 -0.2282533042  0.153627590 1.0000000
88:0-68:0    1.894923e-02 -0.1753006558  0.213199117 1.0000000
89:0-68:0    1.669463e-02 -0.1753013237  0.208690592 1.0000000
90:0-68:0   -2.024174e-02 -0.2073706161  0.166887138 1.0000000
91:0-68:0   -5.460679e-02 -0.2363175416  0.127103957 1.0000000
92:0-68:0    5.357245e-02 -0.1281382963  0.235283202 1.0000000
93:0-68:0    2.168370e-02 -0.1593566298  0.202724037 1.0000000
94:0-68:0    3.050642e-02 -0.1512043341  0.212217164 1.0000000
95:0-68:0    3.887302e-02 -0.1510555436  0.228801590 1.0000000
96:0-68:0    4.345288e-02 -0.1345451252  0.221450888 1.0000000
97:0-68:0    1.139455e-02 -0.1689973939  0.191786485 1.0000000
98:0-68:0   -9.587347e-03 -0.1942243833  0.175049689 1.0000000
99:0-68:0    3.228462e-02 -0.1426277606  0.207196991 1.0000000
100:0-68:0  -6.730625e-02 -0.2158370106  0.081224511 1.0000000
1:1-68:0    -7.932943e-02 -0.2293721469  0.070713279 0.9999999
2:1-68:0    -5.851821e-02 -0.2382827015  0.121246273 1.0000000
3:1-68:0    -1.420378e-02 -0.2109211059  0.182513538 1.0000000
4:1-68:0    -2.369568e-02 -0.2204129978  0.173021646 1.0000000
5:1-68:0     7.410500e-02 -0.1469995107  0.295209511 1.0000000
6:1-68:0    -2.658250e-02 -0.2476870107  0.194522011 1.0000000
7:1-68:0    -5.235385e-03 -0.2212362351  0.210765466 1.0000000
8:1-68:0    -5.072000e-02 -0.2926996810  0.191259681 1.0000000
9:1-68:0    -1.953500e-02 -0.2533883332  0.214318333 1.0000000
10:1-68:0   -1.192714e-02 -0.2757492835  0.251894998 1.0000000
11:1-68:0   -4.462385e-02 -0.2606246966  0.171377004 1.0000000
12:1-68:0   -3.671474e-02 -0.2744520210  0.201022547 1.0000000
13:1-68:0   -9.443053e-02 -0.3321678104  0.143306758 1.0000000
14:1-68:0   -1.430526e-03 -0.2391678104  0.236306758 1.0000000
15:1-68:0    1.000143e-02 -0.2538207120  0.273823569 1.0000000
16:1-68:0   -9.539143e-02 -0.3592135692  0.168430712 1.0000000
17:1-68:0   -5.889143e-02 -0.2891742722  0.171391415 1.0000000
18:1-68:0    3.370625e-03 -0.2006807990  0.207422049 1.0000000
19:1-68:0   -4.598765e-02 -0.2468794907  0.154904197 1.0000000
20:1-68:0   -4.487652e-02 -0.2320053987  0.142252355 1.0000000
21:1-68:0    7.060000e-03 -0.1768061059  0.190926106 1.0000000
22:1-68:0   -5.634000e-02 -0.2402061059  0.127526106 1.0000000
23:1-68:0   -2.458522e-02 -0.2485229602  0.199352525 1.0000000
24:1-68:0   -3.736667e-03 -0.2113108168  0.203837484 1.0000000
25:1-68:0   -9.327294e-02 -0.3399077829  0.153361901 1.0000000
26:1-68:0   -2.578923e-02 -0.2967623185  0.245183857 1.0000000
27:1-68:0   -1.916667e-02 -0.2766307129  0.238297380 1.0000000
28:1-68:0    6.664923e-02 -0.2043238570  0.337622319 1.0000000
29:1-68:0    4.449579e-02 -0.1932414946  0.282233074 1.0000000
30:1-68:0   -1.161167e-02 -0.2906960424  0.267472709 1.0000000
31:1-68:0   -6.555889e-02 -0.3075385699  0.176420792 1.0000000
32:1-68:0    3.787407e-03 -0.2099060277  0.217480842 1.0000000
33:1-68:0   -3.647455e-02 -0.2634627580  0.190513667 1.0000000
34:1-68:0   -4.280710e-02 -0.2485705967  0.162956403 1.0000000
35:1-68:0   -9.826250e-03 -0.2615952844  0.241942784 1.0000000
36:1-68:0   -6.282000e-02 -0.2812854876  0.155645488 1.0000000
37:1-68:0   -2.923667e-02 -0.2368108168  0.178337484 1.0000000
38:1-68:0   -9.122294e-02 -0.2921147848  0.109668902 1.0000000
39:1-68:0   -2.644973e-02 -0.2231670519  0.170267592 1.0000000
40:1-68:0   -1.058087e-02 -0.1977097465  0.176548007 1.0000000
41:1-68:0   -6.860984e-03 -0.1837691644  0.170047197 1.0000000
42:1-68:0   -1.204632e-02 -0.2075013449  0.183408713 1.0000000
43:1-68:0   -1.457429e-02 -0.2140050784  0.184856507 1.0000000
44:1-68:0    3.080000e-03 -0.2678930877  0.274053088 1.0000000
45:1-68:0   -4.382500e-03 -0.2561515344  0.247386534 1.0000000
46:1-68:0   -9.139143e-02 -0.3552135692  0.172430712 1.0000000
47:1-68:0    3.529250e-02 -0.2164765344  0.287061534 1.0000000
48:1-68:0    4.154667e-02 -0.2159173796  0.299010713 1.0000000
49:1-68:0   -1.143765e-02 -0.2580724888  0.235197195 1.0000000
50:1-68:0   -9.316146e-02 -0.2851574212  0.098834494 1.0000000
51:1-68:0   -3.857000e-02 -0.2903390344  0.213199034 1.0000000
52:1-68:0   -3.080800e-02 -0.2492734876  0.187657488 1.0000000
53:1-68:0   -6.783250e-02 -0.2889370107  0.153272011 1.0000000
54:1-68:0   -1.054368e-02 -0.2059987133  0.184911345 1.0000000
55:1-68:0   -3.801250e-03 -0.2078526740  0.200250174 1.0000000
56:1-68:0    6.668000e-02 -0.1253159578  0.258675958 1.0000000
57:1-68:0   -3.841722e-02 -0.2364582363  0.159623792 1.0000000
58:1-68:0   -1.251250e-03 -0.1866879308  0.184185431 1.0000000
59:1-68:0   -2.178462e-02 -0.1966969914  0.153127761 1.0000000
60:1-68:0   -2.117566e-02 -0.1838180855  0.141466765 1.0000000
61:1-68:0   -1.308866e-02 -0.1714569261  0.145279613 1.0000000
62:1-68:0   -1.393748e-02 -0.1771667871  0.149291836 1.0000000
63:1-68:0   -2.450608e-02 -0.1939071259  0.144894974 1.0000000
64:1-68:0   -1.920000e-03 -0.1873566808  0.183516681 1.0000000
65:1-68:0   -9.997273e-03 -0.1989548992  0.178960354 1.0000000
66:1-68:0    1.344706e-03 -0.1995471378  0.202236550 1.0000000
67:1-68:0    3.261538e-04 -0.1939237328  0.194576040 1.0000000
68:1-68:0   -4.337122e-02 -0.2353671773  0.148624738 1.0000000
69:1-68:0    1.522200e-02 -0.1686441059  0.199088106 1.0000000
70:1-68:0    1.040364e-02 -0.1699883030  0.190795576 1.0000000
71:1-68:0    2.837762e-02 -0.1625628280  0.219318066 1.0000000
72:1-68:0   -5.800000e-03 -0.2052307927  0.193630793 1.0000000
73:1-68:0    2.465778e-02 -0.1633673767  0.212682932 1.0000000
74:1-68:0    1.793581e-02 -0.1719927529  0.207864381 1.0000000
75:1-68:0   -4.349556e-02 -0.2315207101  0.144529599 1.0000000
76:1-68:0    1.538730e-03 -0.1743426969  0.177420157 1.0000000
77:1-68:0    6.918462e-03 -0.1754858804  0.189322804 1.0000000
78:1-68:0    1.887167e-02 -0.1530390134  0.190782347 1.0000000
79:1-68:0   -2.853333e-02 -0.1947256606  0.137658994 1.0000000
80:1-68:0   -1.880328e-04 -0.1601611946  0.159785129 1.0000000
81:1-68:0   -2.490919e-02 -0.1866397737  0.136821395 1.0000000
82:1-68:0   -4.352000e-02 -0.2061624251  0.119122425 1.0000000
83:1-68:0    2.322118e-02 -0.1599011745  0.206343527 1.0000000
84:1-68:0    4.260895e-02 -0.1528460817  0.238063976 1.0000000
85:1-68:0   -6.744609e-02 -0.2545749639  0.119682790 1.0000000
86:1-68:0    2.023750e-03 -0.1834129308  0.187460431 1.0000000
87:1-68:0   -2.599843e-02 -0.2091207823  0.157123920 1.0000000
88:1-68:0   -3.362851e-02 -0.2198952082  0.152638187 1.0000000
89:1-68:0    6.318776e-03 -0.1783182609  0.190955812 1.0000000
90:1-68:0    1.010759e-02 -0.1684608499  0.188676022 1.0000000
91:1-68:0   -3.765973e-02 -0.2091848198  0.133865368 1.0000000
92:1-68:0    2.353745e-02 -0.1627292508  0.209804144 1.0000000
93:1-68:0    1.240093e-02 -0.1775276366  0.202329497 1.0000000
94:1-68:0    3.632000e-02 -0.1327556806  0.205395681 1.0000000
95:1-68:0    4.697351e-02 -0.1231016450  0.217048658 1.0000000
96:1-68:0    6.344875e-02 -0.1056269306  0.232524431 1.0000000
97:1-68:0    3.030857e-02 -0.1455728556  0.206189998 1.0000000
98:1-68:0    1.907344e-02 -0.1578347382  0.195981623 1.0000000
99:1-68:0    1.406190e-03 -0.1664398325  0.169252213 1.0000000
100:1-68:0  -7.289202e-02 -0.2205888642  0.074804820 1.0000000
70:0-69:0   -2.770962e-02 -0.2057584045  0.150339174 1.0000000
71:0-69:0   -6.551676e-02 -0.2316177459  0.100584229 1.0000000
72:0-69:0   -3.966587e-02 -0.2066552827  0.127323552 1.0000000
73:0-69:0   -3.766850e-02 -0.2075277449  0.132190736 1.0000000
74:0-69:0   -3.860649e-02 -0.2260516464  0.148838666 1.0000000
75:0-69:0   -1.274749e-02 -0.1984261831  0.172931195 1.0000000
76:0-69:0   -2.770527e-02 -0.1965718406  0.141161305 1.0000000
77:0-69:0   -4.318236e-03 -0.1636461661  0.155009694 1.0000000
78:0-69:0   -2.102168e-02 -0.1803496143  0.138306246 1.0000000
79:0-69:0   -2.863295e-02 -0.1739553232  0.116689426 1.0000000
80:0-69:0   -1.070762e-02 -0.1533443415  0.131929111 1.0000000
81:0-69:0   -2.529038e-02 -0.1643368615  0.113756092 1.0000000
82:0-69:0   -2.440823e-02 -0.1762370275  0.127420574 1.0000000
83:0-69:0   -5.535806e-03 -0.1618463279  0.150774716 1.0000000
84:0-69:0   -6.541535e-02 -0.2228802932  0.092049587 1.0000000
85:0-69:0   -5.316377e-05 -0.1893606407  0.189254313 1.0000000
86:0-69:0   -4.421170e-02 -0.2112011160  0.122777719 1.0000000
87:0-69:0   -4.365247e-02 -0.2167332549  0.129428310 1.0000000
88:0-69:0    1.260962e-02 -0.1641153725  0.189334603 1.0000000
89:0-69:0    1.035502e-02 -0.1638894954  0.184599533 1.0000000
90:0-69:0   -2.658135e-02 -0.1954479276  0.142285219 1.0000000
91:0-69:0   -6.094641e-02 -0.2237883535  0.101895538 1.0000000
92:0-69:0    4.723284e-02 -0.1156091082  0.210074783 1.0000000
93:0-69:0    1.534409e-02 -0.1467494195  0.177437596 1.0000000
94:0-69:0    2.416680e-02 -0.1386751459  0.187008745 1.0000000
95:0-69:0    3.253341e-02 -0.1394304354  0.204497251 1.0000000
96:0-69:0    3.711327e-02 -0.1215750866  0.195801619 1.0000000
97:0-69:0    5.054930e-03 -0.1563140716  0.166423932 1.0000000
98:0-69:0   -1.592696e-02 -0.1820279500  0.150174025 1.0000000
99:0-69:0    2.594500e-02 -0.1292743357  0.181164336 1.0000000
100:0-69:0  -7.364587e-02 -0.1983859541  0.051094223 0.9999386
1:1-69:0    -8.566905e-02 -0.2122056788  0.040867580 0.9877355
2:1-69:0    -6.485783e-02 -0.2255251063  0.095809447 1.0000000
3:1-69:0    -2.054340e-02 -0.1999769739  0.158890176 1.0000000
4:1-69:0    -3.003529e-02 -0.2094688657  0.149398284 1.0000000
5:1-69:0     6.776538e-02 -0.1381129959  0.273643765 1.0000000
6:1-69:0    -3.292212e-02 -0.2388004959  0.172956265 1.0000000
7:1-69:0    -1.157500e-02 -0.2119623008  0.188812301 1.0000000
8:1-69:0    -5.705962e-02 -0.2852105937  0.171091363 1.0000000
9:1-69:0    -2.587462e-02 -0.2453879051  0.193638674 1.0000000
10:1-69:0   -1.826676e-02 -0.2694655337  0.232932017 1.0000000
11:1-69:0   -5.096346e-02 -0.2513507623  0.149423839 1.0000000
12:1-69:0   -4.305435e-02 -0.2667007677  0.180592063 1.0000000
13:1-69:0   -1.007701e-01 -0.3244165572  0.122876274 1.0000000
14:1-69:0   -7.770142e-03 -0.2314165572  0.215876274 1.0000000
15:1-69:0    3.661813e-03 -0.2475369622  0.254860589 1.0000000
16:1-69:0   -1.017310e-01 -0.3529298194  0.149467731 1.0000000
17:1-69:0   -6.523104e-02 -0.2809366095  0.150474522 1.0000000
18:1-69:0   -2.968990e-03 -0.1904141464  0.184476166 1.0000000
19:1-69:0   -5.232726e-02 -0.2363279031  0.131673378 1.0000000
20:1-69:0   -5.121614e-02 -0.2200827102  0.117650436 1.0000000
21:1-69:0    7.203846e-04 -0.1645232168  0.165963986 1.0000000
22:1-69:0   -6.267962e-02 -0.2279232168  0.102563986 1.0000000
23:1-69:0   -3.092483e-02 -0.2398430358  0.177993370 1.0000000
24:1-69:0   -1.007628e-02 -0.2013502498  0.181197686 1.0000000
25:1-69:0   -9.961256e-02 -0.3326950485  0.133469935 1.0000000
26:1-69:0   -3.212885e-02 -0.2908277390  0.226570047 1.0000000
27:1-69:0   -2.550628e-02 -0.2700189362  0.219006372 1.0000000
28:1-69:0    6.030962e-02 -0.1983892775  0.319008508 1.0000000
29:1-69:0    3.815617e-02 -0.1854902414  0.261802590 1.0000000
30:1-69:0   -1.795128e-02 -0.2851343497  0.249231786 1.0000000
31:1-69:0   -7.189850e-02 -0.3000494826  0.156252474 1.0000000
32:1-69:0   -2.552208e-03 -0.2004501289  0.195345713 1.0000000
33:1-69:0   -4.281416e-02 -0.2549988718  0.169370550 1.0000000
34:1-69:0   -4.914671e-02 -0.2384541891  0.140160765 1.0000000
35:1-69:0   -1.616587e-02 -0.2546744598  0.222342729 1.0000000
36:1-69:0   -6.915962e-02 -0.2722011682  0.133881937 1.0000000
37:1-69:0   -3.557628e-02 -0.2268502498  0.155697686 1.0000000
38:1-69:0   -9.756256e-02 -0.2815631972  0.086438084 0.9999999
39:1-69:0   -3.278935e-02 -0.2122229198  0.146644230 1.0000000
40:1-69:0   -1.692048e-02 -0.1857870580  0.151946088 1.0000000
41:1-69:0   -1.320060e-02 -0.1706655391  0.144264341 1.0000000
42:1-69:0   -1.838593e-02 -0.1964347203  0.159662858 1.0000000
43:1-69:0   -2.091390e-02 -0.2033182431  0.161490441 1.0000000
44:1-69:0   -3.259615e-03 -0.2619585083  0.255439278 1.0000000
45:1-69:0   -1.072212e-02 -0.2492307098  0.227786479 1.0000000
46:1-69:0   -9.773104e-02 -0.3489298194  0.153467731 1.0000000
47:1-69:0    2.895288e-02 -0.2095557098  0.267461479 1.0000000
48:1-69:0    3.520705e-02 -0.2093056028  0.279719705 1.0000000
49:1-69:0   -1.777726e-02 -0.2508597544  0.215305230 1.0000000
50:1-69:0   -9.950108e-02 -0.2737455930  0.074743435 0.9999889
51:1-69:0   -4.490962e-02 -0.2834182098  0.193598979 1.0000000
52:1-69:0   -3.714762e-02 -0.2401891682  0.165893937 1.0000000
53:1-69:0   -7.417212e-02 -0.2800504959  0.131706265 1.0000000
54:1-69:0   -1.688330e-02 -0.1949320887  0.161165489 1.0000000
55:1-69:0   -1.014087e-02 -0.1975860214  0.177304291 1.0000000
56:1-69:0    6.034038e-02 -0.1139041296  0.234584899 1.0000000
57:1-69:0   -4.475684e-02 -0.2256406295  0.136126954 1.0000000
58:1-69:0   -7.590865e-03 -0.1745802827  0.159398552 1.0000000
59:1-69:0   -2.812423e-02 -0.1833435665  0.127095105 1.0000000
60:1-69:0   -2.751528e-02 -0.1687642097  0.113733658 1.0000000
61:1-69:0   -1.942827e-02 -0.1557338539  0.116877310 1.0000000
62:1-69:0   -2.027709e-02 -0.1622014054  0.121647223 1.0000000
63:1-69:0   -3.084569e-02 -0.1798269607  0.118135578 1.0000000
64:1-69:0   -8.259615e-03 -0.1752490327  0.158729802 1.0000000
65:1-69:0   -1.633689e-02 -0.1872277524  0.154553976 1.0000000
66:1-69:0   -4.994910e-03 -0.1889955501  0.179005731 1.0000000
67:1-69:0   -6.013462e-03 -0.1827384494  0.170711526 1.0000000
68:1-69:0   -4.971083e-02 -0.2239553491  0.124533679 1.0000000
69:1-69:0    8.882385e-03 -0.1563612168  0.174125986 1.0000000
70:1-69:0    4.064021e-03 -0.1573049806  0.165433023 1.0000000
71:1-69:0    2.203800e-02 -0.1510427787  0.195118786 1.0000000
72:1-69:0   -1.213962e-02 -0.1945439574  0.170264727 1.0000000
73:1-69:0    1.831816e-02 -0.1515410782  0.188177403 1.0000000
74:1-69:0    1.159620e-02 -0.1603676447  0.183560042 1.0000000
75:1-69:0   -4.983517e-02 -0.2196944116  0.120024070 1.0000000
76:1-69:0   -4.800885e-03 -0.1611114072  0.151509637 1.0000000
77:1-69:0    5.788462e-04 -0.1630366998  0.164194392 1.0000000
78:1-69:0    1.253205e-02 -0.1392967497  0.164360852 1.0000000
79:1-69:0   -3.487295e-02 -0.1801953232  0.110449426 1.0000000
80:1-69:0   -6.527648e-03 -0.1446946319  0.131639336 1.0000000
81:1-69:0   -3.124880e-02 -0.1714468248  0.108949216 1.0000000
82:1-69:0   -4.985962e-02 -0.1911085494  0.091389319 1.0000000
83:1-69:0    1.688156e-02 -0.1475340656  0.181297188 1.0000000
84:1-69:0    3.626933e-02 -0.1417794571  0.214318121 1.0000000
85:1-69:0   -7.378570e-02 -0.2426522754  0.095080871 1.0000000
86:1-69:0   -4.315865e-03 -0.1713052827  0.162673552 1.0000000
87:1-69:0   -3.233805e-02 -0.1967536735  0.132077580 1.0000000
88:1-69:0   -3.996813e-02 -0.2078787735  0.127942521 1.0000000
89:1-69:0   -2.083987e-05 -0.1661218275  0.166080148 1.0000000
90:1-69:0    3.767971e-03 -0.1555599592  0.163095901 1.0000000
91:1-69:0   -4.399934e-02 -0.1953914174  0.107392735 1.0000000
92:1-69:0    1.719783e-02 -0.1507128161  0.185108479 1.0000000
93:1-69:0    6.061315e-03 -0.1659025285  0.178025158 1.0000000
94:1-69:0    2.998038e-02 -0.1186308151  0.178591584 1.0000000
95:1-69:0    4.063389e-02 -0.1091134295  0.190381212 1.0000000
96:1-69:0    5.710913e-02 -0.0915020651  0.205720334 1.0000000
97:1-69:0    2.396896e-02 -0.1323415660  0.180279478 1.0000000
98:1-69:0    1.273383e-02 -0.1447311128  0.170198767 1.0000000
99:1-69:0   -4.933425e-03 -0.1521441254  0.142277276 1.0000000
100:1-69:0  -7.923164e-02 -0.2029775872  0.044514312 0.9980491
71:0-70:0   -3.780714e-02 -0.2181425596  0.142528274 1.0000000
72:0-70:0   -1.195625e-02 -0.1931103002  0.169197800 1.0000000
73:0-70:0   -9.958889e-03 -0.1937617345  0.173843957 1.0000000
74:0-70:0   -1.089688e-02 -0.2110643323  0.189270582 1.0000000
75:0-70:0    1.496212e-02 -0.1835521099  0.213476352 1.0000000
76:0-70:0    4.347826e-06 -0.1828815289  0.182890225 1.0000000
77:0-70:0    2.339138e-02 -0.1507255748  0.197508333 1.0000000
78:0-70:0    6.687931e-03 -0.1674290231  0.180804885 1.0000000
79:0-70:0   -9.233333e-04 -0.1623232000  0.160476533 1.0000000
80:0-70:0    1.700200e-02 -0.1419840373  0.175988037 1.0000000
81:0-70:0    2.419231e-03 -0.1533538323  0.158192294 1.0000000
82:0-70:0    3.301389e-03 -0.1639807358  0.170583514 1.0000000
83:0-70:0    2.217381e-02 -0.1491863484  0.193533967 1.0000000
84:0-70:0   -3.770574e-02 -0.2101195764  0.134708101 1.0000000
85:0-70:0    2.765645e-02 -0.1742560176  0.229568921 1.0000000
86:0-70:0   -1.650208e-02 -0.1976561336  0.164651967 1.0000000
87:0-70:0   -1.594286e-02 -0.2027269080  0.170841194 1.0000000
88:0-70:0    4.031923e-02 -0.1498466068  0.230485068 1.0000000
89:0-70:0    3.806463e-02 -0.1497982817  0.225927550 1.0000000
90:0-70:0    1.128261e-03 -0.1817576159  0.184014138 1.0000000
91:0-70:0   -3.323679e-02 -0.2105749544  0.144101370 1.0000000
92:0-70:0    7.494245e-02 -0.1023957091  0.252280615 1.0000000
93:0-70:0    4.305370e-02 -0.1335974488  0.219704856 1.0000000
94:0-70:0    5.187642e-02 -0.1254617469  0.229214577 1.0000000
95:0-70:0    6.024302e-02 -0.1255065066  0.245992553 1.0000000
96:0-70:0    6.482288e-02 -0.1087090110  0.238354774 1.0000000
97:0-70:0    3.276455e-02 -0.1432220424  0.208751133 1.0000000
98:0-70:0    1.178265e-02 -0.1685527637  0.192118070 1.0000000
99:0-70:0    5.365462e-02 -0.1167107761  0.224020007 1.0000000
100:0-70:0  -4.593625e-02 -0.1890844745  0.097211974 1.0000000
1:1-70:0    -5.795943e-02 -0.2026758568  0.086756989 1.0000000
2:1-70:0    -3.714821e-02 -0.2124915865  0.138195158 1.0000000
3:1-70:0     7.166216e-03 -0.1855193623  0.199851795 1.0000000
4:1-70:0    -2.325676e-03 -0.1950112541  0.190359903 1.0000000
5:1-70:0     9.547500e-02 -0.1220502444  0.313000244 1.0000000
6:1-70:0    -5.212500e-03 -0.2227377444  0.212312744 1.0000000
7:1-70:0     1.613462e-02 -0.1962009557  0.228470186 1.0000000
8:1-70:0    -2.935000e-02 -0.2680636220  0.209363622 1.0000000
9:1-70:0     1.835000e-03 -0.2286371432  0.232307143 1.0000000
10:1-70:0    9.442857e-03 -0.2513868751  0.270272589 1.0000000
11:1-70:0   -2.325385e-02 -0.2355894172  0.189081725 1.0000000
12:1-70:0   -1.534474e-02 -0.2497568602  0.219067387 1.0000000
13:1-70:0   -7.306053e-02 -0.3074726497  0.161351597 1.0000000
14:1-70:0    1.993947e-02 -0.2144726497  0.254351597 1.0000000
15:1-70:0    3.137143e-02 -0.2294583036  0.292201161 1.0000000
16:1-70:0   -7.402143e-02 -0.3348511608  0.186808304 1.0000000
17:1-70:0   -3.752143e-02 -0.2643698701  0.189327013 1.0000000
18:1-70:0    2.474062e-02 -0.1754268323  0.224908082 1.0000000
19:1-70:0   -2.461765e-02 -0.2215632237  0.172327930 1.0000000
20:1-70:0   -2.350652e-02 -0.2063923985  0.159379355 1.0000000
21:1-70:0    2.843000e-02 -0.1511160170  0.207976017 1.0000000
22:1-70:0   -3.497000e-02 -0.2145160170  0.144576017 1.0000000
23:1-70:0   -3.215217e-03 -0.2236197091  0.217189274 1.0000000
24:1-70:0    1.763333e-02 -0.1861240105  0.221390677 1.0000000
25:1-70:0   -7.190294e-02 -0.3153341891  0.171528307 1.0000000
26:1-70:0   -4.419231e-03 -0.2724797493  0.263641288 1.0000000
27:1-70:0    2.203333e-03 -0.2521935268  0.256600193 1.0000000
28:1-70:0    8.801923e-02 -0.1800412878  0.356079749 1.0000000
29:1-70:0    6.586579e-02 -0.1685463339  0.300277913 1.0000000
30:1-70:0    9.758333e-03 -0.2664990034  0.286015670 1.0000000
31:1-70:0   -4.418889e-02 -0.2829025109  0.194524733 1.0000000
32:1-70:0    2.515741e-02 -0.1848304768  0.235145292 1.0000000
33:1-70:0   -1.510455e-02 -0.2386077356  0.208398645 1.0000000
34:1-70:0   -2.143710e-02 -0.2233495660  0.180475372 1.0000000
35:1-70:0    1.154375e-02 -0.2370878530  0.260175353 1.0000000
36:1-70:0   -4.145000e-02 -0.2562922598  0.173392260 1.0000000
37:1-70:0   -7.866667e-03 -0.2116240105  0.195890677 1.0000000
38:1-70:0   -6.985294e-02 -0.2667985179  0.127092636 1.0000000
39:1-70:0   -5.079730e-03 -0.1977653082  0.187605849 1.0000000
40:1-70:0    1.078913e-02 -0.1720967463  0.193675007 1.0000000
41:1-70:0    1.450902e-02 -0.1579048223  0.186922855 1.0000000
42:1-70:0    9.323684e-03 -0.1820730130  0.200720381 1.0000000
43:1-70:0    6.795714e-03 -0.1886593148  0.202250743 1.0000000
44:1-70:0    2.445000e-02 -0.2436105186  0.292510519 1.0000000
45:1-70:0    1.698750e-02 -0.2316441030  0.265619103 1.0000000
46:1-70:0   -7.002143e-02 -0.3308511608  0.190808304 1.0000000
47:1-70:0    5.666250e-02 -0.1919691030  0.305294103 1.0000000
48:1-70:0    6.291667e-02 -0.1914801935  0.317313527 1.0000000
49:1-70:0    9.932353e-03 -0.2334988950  0.253363601 1.0000000
50:1-70:0   -7.179146e-02 -0.2596543792  0.116071452 1.0000000
51:1-70:0   -1.720000e-02 -0.2658316030  0.231431603 1.0000000
52:1-70:0   -9.438000e-03 -0.2242802598  0.205404260 1.0000000
53:1-70:0   -4.646250e-02 -0.2639877444  0.171062744 1.0000000
54:1-70:0    1.082632e-02 -0.1805703815  0.202223013 1.0000000
55:1-70:0    1.756875e-02 -0.1825987073  0.217736207 1.0000000
56:1-70:0    8.805000e-02 -0.0998129158  0.275912916 1.0000000
57:1-70:0   -1.704722e-02 -0.2110839986  0.176989554 1.0000000
58:1-70:0    2.011875e-02 -0.1610353002  0.201272800 1.0000000
59:1-70:0   -4.146154e-04 -0.1707800069  0.169950776 1.0000000
60:1-70:0    1.943396e-04 -0.1575478100  0.157936489 1.0000000
61:1-70:0    8.281343e-03 -0.1450501149  0.161612801 1.0000000
62:1-70:0    7.432524e-03 -0.1509146747  0.165779723 1.0000000
63:1-70:0   -3.136076e-03 -0.1678380584  0.161565907 1.0000000
64:1-70:0    1.945000e-02 -0.1617040502  0.200604050 1.0000000
65:1-70:0    1.137273e-02 -0.1733839016  0.196129356 1.0000000
66:1-70:0    2.271471e-02 -0.1742308708  0.219660283 1.0000000
67:1-70:0    2.169615e-02 -0.1684696837  0.211861991 1.0000000
68:1-70:0   -2.200122e-02 -0.2098641353  0.165861696 1.0000000
69:1-70:0    3.659200e-02 -0.1429540170  0.216138017 1.0000000
70:1-70:0    3.177364e-02 -0.1442129515  0.207760224 1.0000000
71:1-70:0    4.974762e-02 -0.1370364318  0.236531670 1.0000000
72:1-70:0    1.557000e-02 -0.1798850291  0.211025029 1.0000000
73:1-70:0    4.602778e-02 -0.1377750678  0.229830623 1.0000000
74:1-70:0    3.930581e-02 -0.1464437159  0.225055344 1.0000000
75:1-70:0   -2.212556e-02 -0.2059284012  0.161677290 1.0000000
76:1-70:0    2.290873e-02 -0.1484514277  0.194268888 1.0000000
77:1-70:0    2.828846e-02 -0.1497603276  0.206337251 1.0000000
78:1-70:0    4.024167e-02 -0.1270404580  0.207523791 1.0000000
79:1-70:0   -7.163333e-03 -0.1685632000  0.154236533 1.0000000
80:1-70:0    2.118197e-02 -0.1338065479  0.176170482 1.0000000
81:1-70:0   -3.539189e-03 -0.1603410045  0.153262626 1.0000000
82:1-70:0   -2.215000e-02 -0.1798921496  0.135592150 1.0000000
83:1-70:0    4.459118e-02 -0.1341931146  0.223375468 1.0000000
84:1-70:0    6.397895e-02 -0.1274177499  0.255375645 1.0000000
85:1-70:0   -4.607609e-02 -0.2289619637  0.136809790 1.0000000
86:1-70:0    2.339375e-02 -0.1577603002  0.204547800 1.0000000
87:1-70:0   -4.628431e-03 -0.1834127225  0.174155860 1.0000000
88:1-70:0   -1.225851e-02 -0.1942621094  0.169745088 1.0000000
89:1-70:0    2.768878e-02 -0.1526466412  0.208024192 1.0000000
90:1-70:0    3.147759e-02 -0.1426393679  0.205594540 1.0000000
91:1-70:0   -1.628973e-02 -0.1831755706  0.150596118 1.0000000
92:1-70:0    4.490745e-02 -0.1370961519  0.226911046 1.0000000
93:1-70:0    3.377093e-02 -0.1519785996  0.219520460 1.0000000
94:1-70:0    5.769000e-02 -0.1066773115  0.222057312 1.0000000
95:1-70:0    6.834351e-02 -0.0970517306  0.233738744 1.0000000
96:1-70:0    8.481875e-02 -0.0795485615  0.249186062 1.0000000
97:1-70:0    5.167857e-02 -0.1196815865  0.223038729 1.0000000
98:1-70:0    4.044344e-02 -0.1319703961  0.212857281 1.0000000
99:1-70:0    2.277619e-02 -0.1403259700  0.185878351 1.0000000
100:1-70:0  -5.152202e-02 -0.1938047846  0.090760740 1.0000000
72:0-71:0    2.585089e-02 -0.1435744793  0.195276265 1.0000000
73:0-71:0    2.784825e-02 -0.1444063624  0.200102870 1.0000000
74:0-71:0    2.691027e-02 -0.1627082380  0.216528774 1.0000000
75:0-71:0    5.276926e-02 -0.1351032106  0.240641739 1.0000000
76:0-71:0    3.781149e-02 -0.1334643416  0.209087323 1.0000000
77:0-71:0    6.119852e-02 -0.1006806936  0.223077738 1.0000000
78:0-71:0    4.449507e-02 -0.1173841419  0.206374290 1.0000000
79:0-71:0    3.688381e-02 -0.1112312936  0.184998913 1.0000000
80:0-71:0    5.480914e-02 -0.0906718760  0.200290162 1.0000000
81:0-71:0    4.022637e-02 -0.1017363467  0.182189094 1.0000000
82:0-71:0    4.110853e-02 -0.1133954360  0.195612499 1.0000000
83:0-71:0    5.998095e-02 -0.0989293069  0.218891212 1.0000000
84:0-71:0    1.014052e-04 -0.1599445213  0.160147332 1.0000000
85:0-71:0    6.546359e-02 -0.1259960933  0.256923282 1.0000000
86:0-71:0    2.130506e-02 -0.1481203126  0.190730432 1.0000000
87:0-71:0    2.186429e-02 -0.1535678905  0.197296462 1.0000000
88:0-71:0    7.812637e-02 -0.1009021509  0.257154898 1.0000000
89:0-71:0    7.587178e-02 -0.1007086351  0.252452189 1.0000000
90:0-71:0    3.893540e-02 -0.1323404286  0.210211236 1.0000000
91:0-71:0    4.570350e-03 -0.1607686664  0.169909367 1.0000000
92:0-71:0    1.127496e-01 -0.0525894212  0.278088613 0.9849104
93:0-71:0    8.086085e-02 -0.0837410869  0.245462780 1.0000000
94:0-71:0    8.968356e-02 -0.0756554589  0.255022575 0.9999994
95:0-71:0    9.805017e-02 -0.0762801372  0.272380469 0.9999952
96:0-71:0    1.026300e-01 -0.0586197339  0.263879782 0.9984375
97:0-71:0    7.057169e-02 -0.0933168284  0.234460205 1.0000000
98:0-71:0    4.958980e-02 -0.1189599870  0.218139579 1.0000000
99:0-71:0    9.146176e-02 -0.0663752888  0.249298805 0.9999759
100:0-71:0  -8.129107e-03 -0.1361118442  0.119853630 1.0000000
1:1-71:0    -2.015229e-02 -0.1498866729  0.109582091 1.0000000
2:1-71:0     6.589286e-04 -0.1625386970  0.163856554 1.0000000
3:1-71:0     4.497336e-02 -0.1367294173  0.226676135 1.0000000
4:1-71:0     3.548147e-02 -0.1462213092  0.217184244 1.0000000
5:1-71:0     1.332821e-01 -0.0745769411  0.341141227 0.9979416
6:1-71:0     3.259464e-02 -0.1752644411  0.240453727 1.0000000
7:1-71:0     5.394176e-02 -0.1484799835  0.256363500 1.0000000
8:1-71:0     8.457143e-03 -0.2214827627  0.238397048 1.0000000
9:1-71:0     3.964214e-02 -0.1817298870  0.261014173 1.0000000
10:1-71:0    4.725000e-02 -0.2055746744  0.300074674 1.0000000
11:1-71:0    1.455330e-02 -0.1878684451  0.216975038 1.0000000
12:1-71:0    2.246241e-02 -0.2030086795  0.247933491 1.0000000
13:1-71:0   -3.525338e-02 -0.2607244689  0.190217702 1.0000000
14:1-71:0    5.774662e-02 -0.1677244689  0.283217702 1.0000000
15:1-71:0    6.917857e-02 -0.1836461030  0.322003246 1.0000000
16:1-71:0   -3.621429e-02 -0.2890389601  0.216610389 1.0000000
17:1-71:0    2.857143e-04 -0.2173111198  0.217882548 1.0000000
18:1-71:0    6.254777e-02 -0.1270707380  0.252166274 1.0000000
19:1-71:0    1.318950e-02 -0.1730247007  0.199403692 1.0000000
20:1-71:0    1.430062e-02 -0.1569752112  0.185576453 1.0000000
21:1-71:0    6.623714e-02 -0.1014677737  0.233942059 1.0000000
22:1-71:0    2.837143e-03 -0.1648677737  0.170542059 1.0000000
23:1-71:0    3.459193e-02 -0.1762784299  0.245462281 1.0000000
24:1-71:0    5.544048e-02 -0.1379638204  0.248844773 1.0000000
25:1-71:0   -3.409580e-02 -0.2689296530  0.200738056 1.0000000
26:1-71:0    3.338791e-02 -0.2268900325  0.293665857 1.0000000
27:1-71:0    4.001048e-02 -0.2061722390  0.286193191 1.0000000
28:1-71:0    1.258264e-01 -0.1344515709  0.386104318 1.0000000
29:1-71:0    1.036729e-01 -0.1217981532  0.329144018 1.0000000
30:1-71:0    4.756548e-02 -0.2211467917  0.316277744 1.0000000
31:1-71:0   -6.381746e-03 -0.2363216516  0.223558159 1.0000000
32:1-71:0    6.296455e-02 -0.1369931411  0.262922242 1.0000000
33:1-71:0    2.270260e-02 -0.1914044851  0.236809680 1.0000000
34:1-71:0    1.637005e-02 -0.1750896417  0.207829734 1.0000000
35:1-71:0    4.935089e-02 -0.1908695077  0.289571293 1.0000000
36:1-71:0   -3.642857e-03 -0.2086925180  0.201406804 1.0000000
37:1-71:0    2.994048e-02 -0.1634638204  0.223344773 1.0000000
38:1-71:0   -3.204580e-02 -0.2182599948  0.154168398 1.0000000
39:1-71:0    3.272741e-02 -0.1489753633  0.214430190 1.0000000
40:1-71:0    4.859627e-02 -0.1226795590  0.219872106 1.0000000
41:1-71:0    5.231616e-02 -0.1077297672  0.212362086 1.0000000
42:1-71:0    4.713083e-02 -0.1332045897  0.227466244 1.0000000
43:1-71:0    4.460286e-02 -0.1400341792  0.229239894 1.0000000
44:1-71:0    6.225714e-02 -0.1980208017  0.322535087 1.0000000
45:1-71:0    5.479464e-02 -0.1854257577  0.295015043 1.0000000
46:1-71:0   -3.221429e-02 -0.2850389601  0.220610389 1.0000000
47:1-71:0    9.446964e-02 -0.1457507577  0.334690043 1.0000000
48:1-71:0    1.007238e-01 -0.1454589056  0.346906525 1.0000000
49:1-71:0    4.773950e-02 -0.1870943589  0.282573350 1.0000000
50:1-71:0   -3.398432e-02 -0.2105647327  0.142596092 1.0000000
51:1-71:0    2.060714e-02 -0.2196132577  0.260827543 1.0000000
52:1-71:0    2.836914e-02 -0.1766805180  0.233418804 1.0000000
53:1-71:0   -8.655357e-03 -0.2165144411  0.199203727 1.0000000
54:1-71:0    4.863346e-02 -0.1317019581  0.228968875 1.0000000
55:1-71:0    5.537589e-02 -0.1342426130  0.244994399 1.0000000
56:1-71:0    1.258571e-01 -0.0507232693  0.302437555 0.9533632
57:1-71:0    2.075992e-02 -0.1623751044  0.203894946 1.0000000
58:1-71:0    5.792589e-02 -0.1114994793  0.227351265 1.0000000
59:1-71:0    3.739253e-02 -0.1204445196  0.195229575 1.0000000
60:1-71:0    3.800148e-02 -0.1061191357  0.182122101 1.0000000
61:1-71:0    4.608849e-02 -0.0931907401  0.185367712 1.0000000
62:1-71:0    4.523967e-02 -0.0995429362  0.190022270 1.0000000
63:1-71:0    3.467107e-02 -0.1170355903  0.186377724 1.0000000
64:1-71:0    5.725714e-02 -0.1121682293  0.226682515 1.0000000
65:1-71:0    4.917987e-02 -0.1240921089  0.222451849 1.0000000
66:1-71:0    6.052185e-02 -0.1256923478  0.246736045 1.0000000
67:1-71:0    5.950330e-02 -0.1195252278  0.238531821 1.0000000
68:1-71:0    1.580592e-02 -0.1607744888  0.192386335 1.0000000
69:1-71:0    7.439914e-02 -0.0933057737  0.242104059 1.0000000
70:1-71:0    6.958078e-02 -0.0943077375  0.233469296 1.0000000
71:1-71:0    8.755476e-02 -0.0878774143  0.262986938 1.0000000
72:1-71:0    5.337714e-02 -0.1312598935  0.238014179 1.0000000
73:1-71:0    8.383492e-02 -0.0884196957  0.256089537 1.0000000
74:1-71:0    7.711296e-02 -0.0972173465  0.251443260 1.0000000
75:1-71:0    1.568159e-02 -0.1565730291  0.187936204 1.0000000
76:1-71:0    6.071587e-02 -0.0981943863  0.219626132 1.0000000
77:1-71:0    6.609560e-02 -0.1000053833  0.232196592 1.0000000
78:1-71:0    7.804881e-02 -0.0764551582  0.232552777 1.0000000
79:1-71:0    3.064381e-02 -0.1174712936  0.178758913 1.0000000
80:1-71:0    5.898911e-02 -0.0821122954  0.200090516 1.0000000
81:1-71:0    3.426795e-02 -0.1088228430  0.177358750 1.0000000
82:1-71:0    1.565714e-02 -0.1284634753  0.159777761 1.0000000
83:1-71:0    8.239832e-02 -0.0844908341  0.249287473 1.0000000
84:1-71:0    1.017861e-01 -0.0785493265  0.282121507 0.9999941
85:1-71:0   -8.268944e-03 -0.1795447764  0.163006888 1.0000000
86:1-71:0    6.120089e-02 -0.1082244793  0.230626265 1.0000000
87:1-71:0    3.317871e-02 -0.1337104420  0.200067865 1.0000000
88:1-71:0    2.554863e-02 -0.1447847960  0.195882060 1.0000000
89:1-71:0    6.549592e-02 -0.1030538646  0.234045701 1.0000000
90:1-71:0    6.928473e-02 -0.0925944867  0.231163945 1.0000000
91:1-71:0    2.151742e-02 -0.1325574089  0.175592243 1.0000000
92:1-71:0    8.271459e-02 -0.0876188385  0.253048018 1.0000000
93:1-71:0    7.157807e-02 -0.1027522302  0.245908376 1.0000000
94:1-71:0    9.549714e-02 -0.0558461091  0.246840395 0.9988766
95:1-71:0    1.061506e-01 -0.0463083657  0.258609664 0.9735646
96:1-71:0    1.226259e-01 -0.0287173591  0.273969145 0.6306941
97:1-71:0    8.948571e-02 -0.0694245450  0.248395974 0.9999948
98:1-71:0    7.825059e-02 -0.0817953410  0.238296512 1.0000000
99:1-71:0    6.058333e-02 -0.0893849352  0.210551602 1.0000000
100:1-71:0  -1.371488e-02 -0.1407288600  0.113299101 1.0000000
73:0-72:0    1.997361e-03 -0.1711141066  0.175108829 1.0000000
74:0-72:0    1.059375e-03 -0.1893378549  0.191456605 1.0000000
75:0-72:0    2.691837e-02 -0.1617400347  0.215576777 1.0000000
76:0-72:0    1.196060e-02 -0.1601769580  0.184098154 1.0000000
77:0-72:0    3.534763e-02 -0.1274430581  0.198138317 1.0000000
78:0-72:0    1.864418e-02 -0.1441465063  0.181434868 1.0000000
79:0-72:0    1.103292e-02 -0.1380778179  0.160143651 1.0000000
80:0-72:0    2.895825e-02 -0.1175363036  0.175452804 1.0000000
81:0-72:0    1.437548e-02 -0.1286257128  0.157376674 1.0000000
82:0-72:0    1.525764e-02 -0.1402010483  0.170716326 1.0000000
83:0-72:0    3.413006e-02 -0.1257086026  0.193968722 1.0000000
84:0-72:0   -2.574949e-02 -0.1867172670  0.135218292 1.0000000
85:0-72:0    3.961270e-02 -0.1526182518  0.231843655 1.0000000
86:0-72:0   -4.545833e-03 -0.1748422928  0.165750626 1.0000000
87:0-72:0   -3.986607e-03 -0.1802601895  0.172286975 1.0000000
88:0-72:0    5.227548e-02 -0.1275776259  0.232128587 1.0000000
89:0-72:0    5.002088e-02 -0.1273954887  0.227437257 1.0000000
90:0-72:0    1.308451e-02 -0.1590530449  0.185222067 1.0000000
91:0-72:0   -2.128054e-02 -0.1875120614  0.144950976 1.0000000
92:0-72:0    8.689870e-02 -0.0793328161  0.253130222 0.9999999
93:0-72:0    5.500995e-02 -0.1104884568  0.220508364 1.0000000
94:0-72:0    6.383267e-02 -0.1023988538  0.230064184 1.0000000
95:0-72:0    7.219927e-02 -0.1029777287  0.247376275 1.0000000
96:0-72:0    7.677913e-02 -0.0853856363  0.238943899 1.0000000
97:0-72:0    4.472080e-02 -0.1200680795  0.209509670 1.0000000
98:0-72:0    2.373890e-02 -0.1456864691  0.193164275 1.0000000
99:0-72:0    6.561087e-02 -0.0931608601  0.224382591 1.0000000
100:0-72:0  -3.398000e-02 -0.1631136841  0.095153684 1.0000000
1:1-72:0    -4.600318e-02 -0.1768731088  0.084866741 1.0000000
2:1-72:0    -2.519196e-02 -0.1892937388  0.138909810 1.0000000
3:1-72:0     1.912247e-02 -0.1633928108  0.201637743 1.0000000
4:1-72:0     9.630574e-03 -0.1728847027  0.192145851 1.0000000
5:1-72:0     1.074313e-01 -0.1011384654  0.316000965 1.0000000
6:1-72:0     6.743750e-03 -0.2018259654  0.215313465 1.0000000
7:1-72:0     2.809087e-02 -0.1750605287  0.231242259 1.0000000
8:1-72:0    -1.739375e-02 -0.2479762462  0.213188746 1.0000000
9:1-72:0     1.379125e-02 -0.2082481677  0.235830668 1.0000000
10:1-72:0    2.139911e-02 -0.2320101338  0.274808348 1.0000000
11:1-72:0   -1.129760e-02 -0.2144489903  0.191853798 1.0000000
12:1-72:0   -3.388487e-03 -0.2295148625  0.222737889 1.0000000
13:1-72:0   -6.110428e-02 -0.2872306520  0.165022099 1.0000000
14:1-72:0    3.189572e-02 -0.1942306520  0.258022099 1.0000000
15:1-72:0    4.332768e-02 -0.2100815624  0.296736920 1.0000000
16:1-72:0   -6.206518e-02 -0.3154744195  0.191344062 1.0000000
17:1-72:0   -2.556518e-02 -0.2438409436  0.192710586 1.0000000
18:1-72:0    3.669687e-02 -0.1537003549  0.227094105 1.0000000
19:1-72:0   -1.266140e-02 -0.1996684942  0.174345700 1.0000000
20:1-72:0   -1.155027e-02 -0.1836878275  0.160587284 1.0000000
21:1-72:0    4.038625e-02 -0.1281986438  0.208971144 1.0000000
22:1-72:0   -2.301375e-02 -0.1915986438  0.145571144 1.0000000
23:1-72:0    8.741033e-03 -0.2028298401  0.220311905 1.0000000
24:1-72:0    2.958958e-02 -0.1645782548  0.223757421 1.0000000
25:1-72:0   -5.994669e-02 -0.2954097810  0.175516399 1.0000000
26:1-72:0    7.537019e-03 -0.2533087893  0.268382828 1.0000000
27:1-72:0    1.415958e-02 -0.2326234320  0.260942599 1.0000000
28:1-72:0    9.997548e-02 -0.1608703277  0.360821289 1.0000000
29:1-72:0    7.782204e-02 -0.1483043362  0.303948415 1.0000000
30:1-72:0    2.171458e-02 -0.2475477614  0.290976928 1.0000000
31:1-72:0   -3.223264e-02 -0.2628151351  0.198349857 1.0000000
32:1-72:0    3.711366e-02 -0.1635826448  0.237809960 1.0000000
33:1-72:0   -3.148295e-03 -0.2179453396  0.211648749 1.0000000
34:1-72:0   -9.480847e-03 -0.2017118001  0.182750107 1.0000000
35:1-72:0    2.350000e-02 -0.2173355626  0.264335563 1.0000000
36:1-72:0   -2.949375e-02 -0.2352637449  0.176276245 1.0000000
37:1-72:0    4.089583e-03 -0.1900782548  0.198257421 1.0000000
38:1-72:0   -5.789669e-02 -0.2449037883  0.129110406 1.0000000
39:1-72:0    6.876520e-03 -0.1756387567  0.189391797 1.0000000
40:1-72:0    2.274538e-02 -0.1493921754  0.194882936 1.0000000
41:1-72:0    2.646527e-02 -0.1345025129  0.187433046 1.0000000
42:1-72:0    2.127993e-02 -0.1598741160  0.202433984 1.0000000
43:1-72:0    1.875196e-02 -0.1666847165  0.204188645 1.0000000
44:1-72:0    3.640625e-02 -0.2244395585  0.297252058 1.0000000
45:1-72:0    2.894375e-02 -0.2118918126  0.269779313 1.0000000
46:1-72:0   -5.806518e-02 -0.3114744195  0.195344062 1.0000000
47:1-72:0    6.861875e-02 -0.1722168126  0.309454313 1.0000000
48:1-72:0    7.487292e-02 -0.1719100986  0.321655932 1.0000000
49:1-72:0    2.188860e-02 -0.2135744869  0.257351693 1.0000000
50:1-72:0   -5.983521e-02 -0.2372515862  0.117581159 1.0000000
51:1-72:0   -5.243750e-03 -0.2460793126  0.235591813 1.0000000
52:1-72:0    2.518250e-03 -0.2032517449  0.208288245 1.0000000
53:1-72:0   -3.450625e-02 -0.2430759654  0.174063465 1.0000000
54:1-72:0    2.278257e-02 -0.1583714844  0.203936616 1.0000000
55:1-72:0    2.952500e-02 -0.1608722299  0.219922230 1.0000000
56:1-72:0    1.000063e-01 -0.0774101228  0.277422623 0.9999945
57:1-72:0   -5.090972e-03 -0.1890321715  0.178850227 1.0000000
58:1-72:0    3.207500e-02 -0.1382214595  0.202371459 1.0000000
59:1-72:0    1.154163e-02 -0.1472300908  0.170313360 1.0000000
60:1-72:0    1.215059e-02 -0.1329930632  0.157294242 1.0000000
61:1-72:0    2.023759e-02 -0.1200999650  0.160575152 1.0000000
62:1-72:0    1.938877e-02 -0.1264122189  0.165189767 1.0000000
63:1-72:0    8.820174e-03 -0.1438586956  0.161499044 1.0000000
64:1-72:0    3.140625e-02 -0.1388902095  0.201702709 1.0000000
65:1-72:0    2.332898e-02 -0.1507948468  0.197452801 1.0000000
66:1-72:0    3.467096e-02 -0.1523361412  0.221678053 1.0000000
67:1-72:0    3.365240e-02 -0.1462007028  0.213505510 1.0000000
68:1-72:0   -1.004497e-02 -0.1874613423  0.167371403 1.0000000
69:1-72:0    4.854825e-02 -0.1200366438  0.217133144 1.0000000
70:1-72:0    4.372989e-02 -0.1210589886  0.208518761 1.0000000
71:1-72:0    6.170387e-02 -0.1145697133  0.237977451 1.0000000
72:1-72:0    2.752625e-02 -0.1579104308  0.212962931 1.0000000
73:1-72:0    5.798403e-02 -0.1151274399  0.231095495 1.0000000
74:1-72:0    5.126206e-02 -0.1239149380  0.226439066 1.0000000
75:1-72:0   -1.016931e-02 -0.1832807733  0.162942162 1.0000000
76:1-72:0    3.486498e-02 -0.1249736820  0.194703642 1.0000000
77:1-72:0    4.024471e-02 -0.1267447058  0.207234129 1.0000000
78:1-72:0    5.219792e-02 -0.1032607705  0.207656604 1.0000000
79:1-72:0    4.792917e-03 -0.1443178179  0.153903651 1.0000000
80:1-72:0    3.313822e-02 -0.1090079541  0.175284389 1.0000000
81:1-72:0    8.417061e-03 -0.1357040809  0.152538203 1.0000000
82:1-72:0   -1.019375e-02 -0.1553374029  0.134949903 1.0000000
83:1-72:0    5.654743e-02 -0.1112259830  0.224320836 1.0000000
84:1-72:0    7.593520e-02 -0.1052188529  0.257089248 1.0000000
85:1-72:0   -3.411984e-02 -0.2062573928  0.138017719 1.0000000
86:1-72:0    3.535000e-02 -0.1349464595  0.205646459 1.0000000
87:1-72:0    7.327819e-03 -0.1604455909  0.175101228 1.0000000
88:1-72:0   -3.022606e-04 -0.1715021560  0.170897635 1.0000000
89:1-72:0    3.964503e-02 -0.1297803466  0.209070398 1.0000000
90:1-72:0    4.343384e-02 -0.1193568512  0.206224524 1.0000000
91:1-72:0   -4.333476e-03 -0.1593656640  0.150698712 1.0000000
92:1-72:0    5.686370e-02 -0.1143361985  0.228063592 1.0000000
93:1-72:0    4.572718e-02 -0.1294498218  0.220904182 1.0000000
94:1-72:0    6.964625e-02 -0.0826715339  0.221964034 1.0000000
95:1-72:0    8.029976e-02 -0.0731267036  0.233726217 0.9999999
96:1-72:0    9.677500e-02 -0.0555427839  0.249092784 0.9985377
97:1-72:0    6.363482e-02 -0.0962038407  0.223473484 1.0000000
98:1-72:0    5.239969e-02 -0.1085680867  0.213367472 1.0000000
99:1-72:0    3.473244e-02 -0.1162192370  0.185684118 1.0000000
100:1-72:0  -3.956577e-02 -0.1677393992  0.088607855 1.0000000
74:0-73:0   -9.379861e-04 -0.1938571435  0.191981171 1.0000000
75:0-73:0    2.492101e-02 -0.1662822594  0.216124280 1.0000000
76:0-73:0    9.963237e-03 -0.1649597013  0.184886175 1.0000000
77:0-73:0    3.335027e-02 -0.1323829633  0.199083500 1.0000000
78:0-73:0    1.664682e-02 -0.1490864116  0.182380051 1.0000000
79:0-73:0    9.035556e-03 -0.1432822283  0.161353339 1.0000000
80:0-73:0    2.696089e-02 -0.1227967499  0.176718528 1.0000000
81:0-73:0    1.237812e-02 -0.1339640735  0.158720313 1.0000000
82:0-73:0    1.326028e-02 -0.1452770981  0.171797654 1.0000000
83:0-73:0    3.213270e-02 -0.1307018619  0.194967259 1.0000000
84:0-73:0   -2.774685e-02 -0.1916898941  0.136196196 1.0000000
85:0-73:0    3.761534e-02 -0.1571137934  0.232344474 1.0000000
86:0-73:0   -6.543194e-03 -0.1796546621  0.166568273 1.0000000
87:0-73:0   -5.983968e-03 -0.1849785826  0.173010646 1.0000000
88:0-73:0    5.027812e-02 -0.1322426630  0.232798902 1.0000000
89:0-73:0    4.802352e-02 -0.1320966188  0.228143665 1.0000000
90:0-73:0    1.108715e-02 -0.1638357883  0.186010088 1.0000000
91:0-73:0   -2.327790e-02 -0.1923921076  0.145836301 1.0000000
92:0-73:0    8.490134e-02 -0.0842128623  0.254015546 1.0000000
93:0-73:0    5.301259e-02 -0.1153810534  0.221406239 1.0000000
94:0-73:0    6.183530e-02 -0.1072789001  0.230949508 1.0000000
95:0-73:0    7.020191e-02 -0.1077128938  0.248116718 1.0000000
96:0-73:0    7.478177e-02 -0.0903366963  0.239900237 1.0000000
97:0-73:0    4.272343e-02 -0.1249729265  0.210419795 1.0000000
98:0-73:0    2.174154e-02 -0.1505130744  0.193996158 1.0000000
99:0-73:0    6.361350e-02 -0.0981738776  0.225400886 1.0000000
100:0-73:0  -3.597736e-02 -0.1688013217  0.096846599 1.0000000
1:1-73:0    -4.800055e-02 -0.1825131220  0.086512032 1.0000000
2:1-73:0    -2.718933e-02 -0.1942105472  0.139831896 1.0000000
3:1-73:0     1.712511e-02 -0.1680194937  0.202269704 1.0000000
4:1-73:0     7.633213e-03 -0.1775113856  0.192777812 1.0000000
5:1-73:0     1.054339e-01 -0.1054405342  0.316308312 1.0000000
6:1-73:0     4.746389e-03 -0.2061280342  0.215620812 1.0000000
7:1-73:0     2.609350e-02 -0.1794233687  0.231610377 1.0000000
8:1-73:0    -1.939111e-02 -0.2520603692  0.213278147 1.0000000
9:1-73:0     1.179389e-02 -0.2124118183  0.235999596 1.0000000
10:1-73:0    1.940175e-02 -0.2359077515  0.274711244 1.0000000
11:1-73:0   -1.329496e-02 -0.2188118302  0.192221916 1.0000000
12:1-73:0   -5.385848e-03 -0.2336397283  0.222868032 1.0000000
13:1-73:0   -6.310164e-02 -0.2913555178  0.165152243 1.0000000
14:1-73:0    2.989836e-02 -0.1983555178  0.258152243 1.0000000
15:1-73:0    4.133032e-02 -0.2139791801  0.296639815 1.0000000
16:1-73:0   -6.406254e-02 -0.3193720372  0.191246958 1.0000000
17:1-73:0   -2.756254e-02 -0.2480415767  0.192916497 1.0000000
18:1-73:0    3.469951e-02 -0.1582196435  0.227618671 1.0000000
19:1-73:0   -1.465876e-02 -0.2042328875  0.174915371 1.0000000
20:1-73:0   -1.354763e-02 -0.1884705709  0.161375305 1.0000000
21:1-73:0    3.838889e-02 -0.1330391210  0.209816899 1.0000000
22:1-73:0   -2.501111e-02 -0.1964391210  0.146416899 1.0000000
23:1-73:0    6.743671e-03 -0.2070995662  0.220586909 1.0000000
24:1-73:0    2.759222e-02 -0.1690491912  0.224233636 1.0000000
25:1-73:0   -6.194405e-02 -0.2994510265  0.175562922 1.0000000
26:1-73:0    5.539658e-03 -0.2571526180  0.268231934 1.0000000
27:1-73:0    1.216222e-02 -0.2365716773  0.260896122 1.0000000
28:1-73:0    9.797812e-02 -0.1647141565  0.360670396 1.0000000
29:1-73:0    7.582468e-02 -0.1524292020  0.304078559 1.0000000
30:1-73:0    1.971722e-02 -0.2513342607  0.290768705 1.0000000
31:1-73:0   -3.423000e-02 -0.2668992581  0.198439258 1.0000000
32:1-73:0    3.511630e-02 -0.1679740822  0.238206675 1.0000000
33:1-73:0   -5.145657e-03 -0.2221812903  0.211889977 1.0000000
34:1-73:0   -1.147821e-02 -0.2062073417  0.183250926 1.0000000
35:1-73:0    2.150264e-02 -0.2213315934  0.264336871 1.0000000
36:1-73:0   -3.149111e-02 -0.2395968221  0.176614600 1.0000000
37:1-73:0    2.092222e-03 -0.1945491912  0.198733636 1.0000000
38:1-73:0   -5.989405e-02 -0.2494681816  0.129680077 1.0000000
39:1-73:0    4.879159e-03 -0.1802654397  0.190023758 1.0000000
40:1-73:0    2.074802e-02 -0.1541749187  0.195670957 1.0000000
41:1-73:0    2.446791e-02 -0.1394751400  0.188410951 1.0000000
42:1-73:0    1.928257e-02 -0.1645202725  0.203085419 1.0000000
43:1-73:0    1.675460e-02 -0.1712705513  0.204779758 1.0000000
44:1-73:0    3.440889e-02 -0.2282833872  0.297101165 1.0000000
45:1-73:0    2.694639e-02 -0.2158878434  0.269780621 1.0000000
46:1-73:0   -6.006254e-02 -0.3153720372  0.195246958 1.0000000
47:1-73:0    6.662139e-02 -0.1762128434  0.309455621 1.0000000
48:1-73:0    7.287556e-02 -0.1758583440  0.321609455 1.0000000
49:1-73:0    1.989124e-02 -0.2176157324  0.257398216 1.0000000
50:1-73:0   -6.183257e-02 -0.2419527163  0.118287567 1.0000000
51:1-73:0   -7.241111e-03 -0.2500753434  0.235593121 1.0000000
52:1-73:0    5.208889e-04 -0.2075848221  0.208626600 1.0000000
53:1-73:0   -3.650361e-02 -0.2473780342  0.174370812 1.0000000
54:1-73:0    2.078520e-02 -0.1630176409  0.204588050 1.0000000
55:1-73:0    2.752764e-02 -0.1653915185  0.220446796 1.0000000
56:1-73:0    9.800889e-02 -0.0821112529  0.278129031 0.9999993
57:1-73:0   -7.088333e-03 -0.1936387580  0.179462091 1.0000000
58:1-73:0    3.007764e-02 -0.1430338288  0.203189107 1.0000000
59:1-73:0    9.544274e-03 -0.1522431084  0.171331655 1.0000000
60:1-73:0    1.015323e-02 -0.1382832094  0.158589666 1.0000000
61:1-73:0    1.824023e-02 -0.1255002506  0.161980715 1.0000000
62:1-73:0    1.739141e-02 -0.1316878468  0.166470673 1.0000000
63:1-73:0    6.822813e-03 -0.1489896813  0.162635307 1.0000000
64:1-73:0    2.940889e-02 -0.1437025788  0.202520357 1.0000000
65:1-73:0    2.133162e-02 -0.1555463142  0.198209547 1.0000000
66:1-73:0    3.267359e-02 -0.1569005346  0.222247724 1.0000000
67:1-73:0    3.165504e-02 -0.1508657399  0.214175825 1.0000000
68:1-73:0   -1.204233e-02 -0.1921624724  0.168077811 1.0000000
69:1-73:0    4.655089e-02 -0.1248771210  0.217978899 1.0000000
70:1-73:0    4.173253e-02 -0.1259638356  0.209428886 1.0000000
71:1-73:0    5.970651e-02 -0.1192881064  0.238701122 1.0000000
72:1-73:0    2.552889e-02 -0.1624962656  0.213554043 1.0000000
73:1-73:0    5.598667e-02 -0.1198947604  0.231868094 1.0000000
74:1-73:0    4.926470e-02 -0.1286501031  0.227179509 1.0000000
75:1-73:0   -1.216667e-02 -0.1880480937  0.163714760 1.0000000
76:1-73:0    3.286762e-02 -0.1299669413  0.195702179 1.0000000
77:1-73:0    3.824735e-02 -0.1316118902  0.208106591 1.0000000
78:1-73:0    5.020056e-02 -0.1083368204  0.208737931 1.0000000
79:1-73:0    2.795556e-03 -0.1495222283  0.155113339 1.0000000
80:1-73:0    3.114086e-02 -0.1143659484  0.176647661 1.0000000
81:1-73:0    6.419700e-03 -0.1410170651  0.153856465 1.0000000
82:1-73:0   -1.219111e-02 -0.1606275490  0.136245327 1.0000000
83:1-73:0    5.455007e-02 -0.1160799820  0.225180113 1.0000000
84:1-73:0    7.393784e-02 -0.1098650094  0.257740682 1.0000000
85:1-73:0   -3.611720e-02 -0.2110401361  0.138805740 1.0000000
86:1-73:0    3.335264e-02 -0.1397588288  0.206464107 1.0000000
87:1-73:0    5.330458e-03 -0.1652995899  0.175960505 1.0000000
88:1-73:0   -2.299622e-03 -0.1762999099  0.171700666 1.0000000
89:1-73:0    3.764766e-02 -0.1346069520  0.209902281 1.0000000
90:1-73:0    4.143648e-02 -0.1242967564  0.207169707 1.0000000
91:1-73:0   -6.330837e-03 -0.1644500183  0.151788344 1.0000000
92:1-73:0    5.486634e-02 -0.1191339525  0.228866624 1.0000000
93:1-73:0    4.372982e-02 -0.1341849868  0.221644625 1.0000000
94:1-73:0    6.764889e-02 -0.0878097983  0.223107576 1.0000000
95:1-73:0    7.830240e-02 -0.0782427253  0.234847516 1.0000000
96:1-73:0    9.477764e-02 -0.0606810483  0.250236326 0.9997289
97:1-73:0    6.163746e-02 -0.1011971000  0.224472021 1.0000000
98:1-73:0    5.040233e-02 -0.1135407138  0.214345377 1.0000000
99:1-73:0    3.273508e-02 -0.1213853446  0.186855503 1.0000000
100:1-73:0  -4.156313e-02 -0.1734539018  0.090327635 1.0000000
75:0-74:0    2.585900e-02 -0.1811246147  0.232842607 1.0000000
76:0-74:0    1.090122e-02 -0.1811444987  0.202946944 1.0000000
77:0-74:0    3.428825e-02 -0.1494262768  0.218002785 1.0000000
78:0-74:0    1.758481e-02 -0.1661297250  0.201299337 1.0000000
79:0-74:0    9.973542e-03 -0.1617361907  0.181683274 1.0000000
80:0-74:0    2.789888e-02 -0.1415439628  0.197341713 1.0000000
81:0-74:0    1.331611e-02 -0.1531157493  0.179747961 1.0000000
82:0-74:0    1.419826e-02 -0.1630519109  0.191448439 1.0000000
83:0-74:0    3.307068e-02 -0.1480332054  0.214174574 1.0000000
84:0-74:0   -2.680886e-02 -0.2089100626  0.155292337 1.0000000
85:0-74:0    3.855333e-02 -0.1716916744  0.248798328 1.0000000
86:0-74:0   -5.605208e-03 -0.1960024382  0.184792022 1.0000000
87:0-74:0   -5.045982e-03 -0.2008075638  0.190715600 1.0000000
88:0-74:0    5.121611e-02 -0.1477747508  0.250206962 1.0000000
89:0-74:0    4.896151e-02 -0.1478297264  0.245752745 1.0000000
90:0-74:0    1.202514e-02 -0.1800205856  0.204070857 1.0000000
91:0-74:0   -2.233992e-02 -0.2091102012  0.164430366 1.0000000
92:0-74:0    8.583933e-02 -0.1009309560  0.272609612 1.0000000
93:0-74:0    5.395058e-02 -0.1321675153  0.240068673 1.0000000
94:0-74:0    6.277329e-02 -0.1239969937  0.249543574 1.0000000
95:0-74:0    7.113990e-02 -0.1236348513  0.265914648 1.0000000
96:0-74:0    7.571976e-02 -0.1074403727  0.258879885 1.0000000
97:0-74:0    4.366142e-02 -0.1418260302  0.229148871 1.0000000
98:0-74:0    2.267953e-02 -0.1669389778  0.212298034 1.0000000
99:0-74:0    6.455149e-02 -0.1156114410  0.244714422 1.0000000
100:0-74:0  -3.503937e-02 -0.1897188158  0.119640066 1.0000000
1:1-74:0    -4.706256e-02 -0.2031944207  0.109069303 1.0000000
2:1-74:0    -2.625134e-02 -0.2111286322  0.158625954 1.0000000
3:1-74:0     1.806309e-02 -0.1833371257  0.219463308 1.0000000
4:1-74:0     8.571199e-03 -0.1928290176  0.209971416 1.0000000
5:1-74:0     1.063719e-01 -0.1189091655  0.331652915 1.0000000
6:1-74:0     5.684375e-03 -0.2195966655  0.230965415 1.0000000
7:1-74:0     2.703149e-02 -0.1932426796  0.247305660 1.0000000
8:1-74:0    -1.845312e-02 -0.2642548918  0.227348642 1.0000000
9:1-74:0     1.273188e-02 -0.2250741889  0.250537939 1.0000000
10:1-74:0    2.033973e-02 -0.2469923917  0.287671856 1.0000000
11:1-74:0   -1.235697e-02 -0.2326311411  0.207917199 1.0000000
12:1-74:0   -4.447862e-03 -0.2460743480  0.237178624 1.0000000
13:1-74:0   -6.216365e-02 -0.3037901375  0.179462835 1.0000000
14:1-74:0    3.083635e-02 -0.2107901375  0.272462835 1.0000000
15:1-74:0    4.226830e-02 -0.2250638202  0.309600427 1.0000000
16:1-74:0   -6.312455e-02 -0.3304566774  0.204207570 1.0000000
17:1-74:0   -2.662455e-02 -0.2609203722  0.207671265 1.0000000
18:1-74:0    3.563750e-02 -0.1729322154  0.244207215 1.0000000
19:1-74:0   -1.372077e-02 -0.2192003949  0.191758851 1.0000000
20:1-74:0   -1.260965e-02 -0.2046553682  0.179436075 1.0000000
21:1-74:0    3.932687e-02 -0.1495410351  0.228194785 1.0000000
22:1-74:0   -2.407312e-02 -0.2129410351  0.164794785 1.0000000
23:1-74:0    7.681658e-03 -0.2203807356  0.235744051 1.0000000
24:1-74:0    2.853021e-02 -0.1834871739  0.240547591 1.0000000
25:1-74:0   -6.100607e-02 -0.3113919438  0.189379811 1.0000000
26:1-74:0    6.477644e-03 -0.2679139679  0.280869256 1.0000000
27:1-74:0    1.310021e-02 -0.2479593206  0.274159737 1.0000000
28:1-74:0    9.891611e-02 -0.1754755064  0.373307718 1.0000000
29:1-74:0    7.676266e-02 -0.1648638217  0.318389151 1.0000000
30:1-74:0    2.065521e-02 -0.2617495213  0.303059938 1.0000000
31:1-74:0   -3.329201e-02 -0.2790937807  0.212509753 1.0000000
32:1-74:0    3.605428e-02 -0.1819577052  0.254066270 1.0000000
33:1-74:0   -4.207670e-03 -0.2352660856  0.226850745 1.0000000
34:1-74:0   -1.054022e-02 -0.2207852228  0.199704779 1.0000000
35:1-74:0    2.244063e-02 -0.2330040642  0.277885314 1.0000000
36:1-74:0   -3.055312e-02 -0.2532446422  0.192138392 1.0000000
37:1-74:0    3.030208e-03 -0.2089871739  0.215047591 1.0000000
38:1-74:0   -5.895607e-02 -0.2644356890  0.146523557 1.0000000
39:1-74:0    5.817145e-03 -0.1955830716  0.207217362 1.0000000
40:1-74:0    2.168601e-02 -0.1703597161  0.213731727 1.0000000
41:1-74:0    2.540589e-02 -0.1566953085  0.207507091 1.0000000
42:1-74:0    2.022056e-02 -0.1799468980  0.220388016 1.0000000
43:1-74:0    1.769259e-02 -0.1863588347  0.221744013 1.0000000
44:1-74:0    3.534687e-02 -0.2390447372  0.309738487 1.0000000
45:1-74:0    2.788438e-02 -0.2275603142  0.283329064 1.0000000
46:1-74:0   -5.912455e-02 -0.3264566774  0.208207570 1.0000000
47:1-74:0    6.755938e-02 -0.1878853142  0.323004064 1.0000000
48:1-74:0    7.381354e-02 -0.1872459873  0.334873071 1.0000000
49:1-74:0    2.082923e-02 -0.2295566497  0.271215106 1.0000000
50:1-74:0   -6.089459e-02 -0.2576858239  0.135896647 1.0000000
51:1-74:0   -6.303125e-03 -0.2617478142  0.249141564 1.0000000
52:1-74:0    1.458875e-03 -0.2212326422  0.224150392 1.0000000
53:1-74:0   -3.556562e-02 -0.2608466655  0.189715415 1.0000000
54:1-74:0    2.172319e-02 -0.1784442665  0.221890648 1.0000000
55:1-74:0    2.846563e-02 -0.1801040904  0.237035340 1.0000000
56:1-74:0    9.894688e-02 -0.0978443605  0.295738111 1.0000000
57:1-74:0   -6.150347e-03 -0.2088436767  0.196542982 1.0000000
58:1-74:0    3.101562e-02 -0.1593816049  0.221412855 1.0000000
59:1-74:0    1.048226e-02 -0.1696806717  0.190645191 1.0000000
60:1-74:0    1.109121e-02 -0.1571850493  0.179367479 1.0000000
61:1-74:0    1.917822e-02 -0.1449706510  0.183327088 1.0000000
62:1-74:0    1.832940e-02 -0.1505141693  0.187172968 1.0000000
63:1-74:0    7.760799e-03 -0.1670564148  0.182578013 1.0000000
64:1-74:0    3.034688e-02 -0.1600503549  0.220744105 1.0000000
65:1-74:0    2.226960e-02 -0.1715584843  0.216097689 1.0000000
66:1-74:0    3.361158e-02 -0.1718680419  0.239091204 1.0000000
67:1-74:0    3.259303e-02 -0.1663978277  0.231583885 1.0000000
68:1-74:0   -1.110434e-02 -0.2078955800  0.185686891 1.0000000
69:1-74:0    4.748888e-02 -0.1413790351  0.236356785 1.0000000
70:1-74:0    4.267051e-02 -0.1428169392  0.228157962 1.0000000
71:1-74:0    6.064449e-02 -0.1351170876  0.256406076 1.0000000
72:1-74:0    2.646688e-02 -0.1775845490  0.230518299 1.0000000
73:1-74:0    5.692465e-02 -0.1359945046  0.249843810 1.0000000
74:1-74:0    5.020269e-02 -0.1445720606  0.244977438 1.0000000
75:1-74:0   -1.122868e-02 -0.2041478379  0.181690477 1.0000000
76:1-74:0    3.380561e-02 -0.1472982847  0.214909495 1.0000000
77:1-74:0    3.918534e-02 -0.1482598195  0.226630493 1.0000000
78:1-74:0    5.113854e-02 -0.1261116331  0.228388716 1.0000000
79:1-74:0    3.733542e-03 -0.1679761907  0.175443274 1.0000000
80:1-74:0    3.207884e-02 -0.1336189400  0.197776624 1.0000000
81:1-74:0    7.357686e-03 -0.1600374292  0.174752801 1.0000000
82:1-74:0   -1.125312e-02 -0.1795293889  0.157023139 1.0000000
83:1-74:0    5.548805e-02 -0.1326558774  0.243631980 1.0000000
84:1-74:0    7.487582e-02 -0.1252916349  0.275043280 1.0000000
85:1-74:0   -3.517921e-02 -0.2272249334  0.156866510 1.0000000
86:1-74:0    3.429063e-02 -0.1561066049  0.224687855 1.0000000
87:1-74:0    6.268444e-03 -0.1818754852  0.194412372 1.0000000
88:1-74:0   -1.361636e-03 -0.1925673499  0.189844079 1.0000000
89:1-74:0    3.858565e-02 -0.1510328553  0.228204156 1.0000000
90:1-74:0    4.237446e-02 -0.1413400699  0.226088992 1.0000000
91:1-74:0   -5.392851e-03 -0.1822690799  0.171483378 1.0000000
92:1-74:0    5.580432e-02 -0.1354013925  0.247010036 1.0000000
93:1-74:0    4.466781e-02 -0.1501069443  0.239442555 1.0000000
94:1-74:0    6.858688e-02 -0.1059150686  0.243088819 1.0000000
95:1-74:0    7.924038e-02 -0.0962301280  0.254710891 1.0000000
96:1-74:0    9.571563e-02 -0.0787863186  0.270217569 0.9999989
97:1-74:0    6.257545e-02 -0.1185284435  0.243679336 1.0000000
98:1-74:0    5.134032e-02 -0.1307608823  0.233441518 1.0000000
99:1-74:0    3.367307e-02 -0.1396377246  0.206983856 1.0000000
100:1-74:0  -4.062515e-02 -0.1945039946  0.113253700 1.0000000
76:0-75:0   -1.495777e-02 -0.2052797326  0.175364186 1.0000000
77:0-75:0    8.429258e-03 -0.1734825830  0.190341099 1.0000000
78:0-75:0   -8.274190e-03 -0.1901860312  0.173637651 1.0000000
79:0-75:0   -1.588545e-02 -0.1856650799  0.153894171 1.0000000
80:0-75:0    2.039879e-03 -0.1654467304  0.169526488 1.0000000
81:0-75:0   -1.254289e-02 -0.1769827013  0.151896920 1.0000000
82:0-75:0   -1.166073e-02 -0.1870417845  0.163720320 1.0000000
83:0-75:0    7.211688e-03 -0.1720632623  0.186486639 1.0000000
84:0-75:0   -5.266786e-02 -0.2329502374  0.127614520 1.0000000
85:0-75:0    1.269433e-02 -0.1959773003  0.221365961 1.0000000
86:0-75:0   -3.146420e-02 -0.2201226105  0.157194201 1.0000000
87:0-75:0   -3.090498e-02 -0.2249758053  0.163165849 1.0000000
88:0-75:0    2.535711e-02 -0.1719706634  0.222684883 1.0000000
89:0-75:0    2.310251e-02 -0.1720068907  0.218211917 1.0000000
90:0-75:0   -1.383386e-02 -0.2041558195  0.176488099 1.0000000
91:0-75:0   -4.819891e-02 -0.2331962864  0.136798459 1.0000000
92:0-75:0    5.998033e-02 -0.1250170411  0.244977704 1.0000000
93:0-75:0    2.809158e-02 -0.1562473280  0.212430493 1.0000000
94:0-75:0    3.691429e-02 -0.1480830788  0.221911667 1.0000000
95:0-75:0    4.528090e-02 -0.1477944513  0.238356255 1.0000000
96:0-75:0    4.986076e-02 -0.1314911681  0.231212688 1.0000000
97:0-75:0    1.780242e-02 -0.1658997351  0.201504584 1.0000000
98:0-75:0   -3.179468e-03 -0.1910519428  0.184693007 1.0000000
99:0-75:0    3.869249e-02 -0.1396318475  0.217016836 1.0000000
100:0-75:0  -6.089837e-02 -0.2134323621  0.091635620 1.0000000
1:1-75:0    -7.292156e-02 -0.2269282019  0.081085092 1.0000000
2:1-75:0    -5.211034e-02 -0.2351963874  0.130975716 1.0000000
3:1-75:0    -7.795905e-03 -0.2075530985  0.191961289 1.0000000
4:1-75:0    -1.728780e-02 -0.2170449904  0.182469397 1.0000000
5:1-75:0     8.051288e-02 -0.1433005171  0.304326275 1.0000000
6:1-75:0    -2.017462e-02 -0.2439880171  0.203638775 1.0000000
7:1-75:0     1.172494e-03 -0.2176004451  0.219945433 1.0000000
8:1-75:0    -4.431212e-02 -0.2887694745  0.200145232 1.0000000
9:1-75:0    -1.312712e-02 -0.2495433072  0.223289065 1.0000000
10:1-75:0   -5.519264e-03 -0.2716157755  0.260577247 1.0000000
11:1-75:0   -3.821597e-02 -0.2569889066  0.180556972 1.0000000
12:1-75:0   -3.030686e-02 -0.2705655682  0.209951852 1.0000000
13:1-75:0   -8.802265e-02 -0.3282813577  0.152236063 1.0000000
14:1-75:0    4.977352e-03 -0.2352813577  0.245236063 1.0000000
15:1-75:0    1.640931e-02 -0.2496872041  0.282505819 1.0000000
16:1-75:0   -8.898355e-02 -0.3550800613  0.177112962 1.0000000
17:1-75:0   -5.248355e-02 -0.2853685421  0.180401443 1.0000000
18:1-75:0    9.778504e-03 -0.1972051071  0.216762115 1.0000000
19:1-75:0   -3.957977e-02 -0.2434492471  0.164289711 1.0000000
20:1-75:0   -3.846864e-02 -0.2287906021  0.151853316 1.0000000
21:1-75:0    1.346788e-02 -0.1736469962  0.200582754 1.0000000
22:1-75:0   -4.993212e-02 -0.2370469962  0.137182754 1.0000000
23:1-75:0   -1.817734e-02 -0.2447901013  0.208435424 1.0000000
24:1-75:0    2.671212e-03 -0.2077860505  0.213128475 1.0000000
25:1-75:0   -8.686506e-02 -0.3359312719  0.162201147 1.0000000
26:1-75:0   -1.938135e-02 -0.2925692833  0.253806579 1.0000000
27:1-75:0   -1.275879e-02 -0.2725528730  0.247035297 1.0000000
28:1-75:0    7.305711e-02 -0.2001308218  0.346245041 1.0000000
29:1-75:0    5.090367e-02 -0.1893550419  0.291162378 1.0000000
30:1-75:0   -5.203788e-03 -0.2864391347  0.276031559 1.0000000
31:1-75:0   -5.915101e-02 -0.3036083634  0.185306343 1.0000000
32:1-75:0    1.019529e-02 -0.2062997847  0.226690357 1.0000000
33:1-75:0   -3.006667e-02 -0.2596943658  0.199561032 1.0000000
34:1-75:0   -3.639922e-02 -0.2450708487  0.172272413 1.0000000
35:1-75:0   -3.418371e-03 -0.2575696613  0.250732919 1.0000000
36:1-75:0   -5.641212e-02 -0.2776188138  0.164794571 1.0000000
37:1-75:0   -2.282879e-02 -0.2332860505  0.187628475 1.0000000
38:1-75:0   -8.481506e-02 -0.2886845412  0.119054416 1.0000000
39:1-75:0   -2.004185e-02 -0.2197990445  0.179715343 1.0000000
40:1-75:0   -4.172991e-03 -0.1944949499  0.186148968 1.0000000
41:1-75:0   -4.531048e-04 -0.1807354833  0.179829274 1.0000000
42:1-75:0   -5.638437e-03 -0.2041526681  0.192875794 1.0000000
43:1-75:0   -8.166407e-03 -0.2105963272  0.194263513 1.0000000
44:1-75:0    9.487879e-03 -0.2637000525  0.282675810 1.0000000
45:1-75:0    2.025379e-03 -0.2521259113  0.256176669 1.0000000
46:1-75:0   -8.498355e-02 -0.3510800613  0.181112962 1.0000000
47:1-75:0    4.170038e-02 -0.2124509113  0.295851669 1.0000000
48:1-75:0    4.795455e-02 -0.2118395397  0.307748631 1.0000000
49:1-75:0   -5.029768e-03 -0.2540959778  0.244036441 1.0000000
50:1-75:0   -8.675358e-02 -0.2818629882  0.108355819 1.0000000
51:1-75:0   -3.216212e-02 -0.2863134113  0.221989169 1.0000000
52:1-75:0   -2.440012e-02 -0.2456068138  0.196806571 1.0000000
53:1-75:0   -6.142462e-02 -0.2852380171  0.162388775 1.0000000
54:1-75:0   -4.135805e-03 -0.2026500365  0.194378426 1.0000000
55:1-75:0    2.606629e-03 -0.2043769821  0.209590240 1.0000000
56:1-75:0    7.308788e-02 -0.1220215248  0.268197282 1.0000000
57:1-75:0   -3.200934e-02 -0.2330702169  0.169051530 1.0000000
58:1-75:0    5.156629e-03 -0.1835017772  0.193815035 1.0000000
59:1-75:0   -1.537674e-02 -0.1937010783  0.162947605 1.0000000
60:1-75:0   -1.476778e-02 -0.1810740953  0.151538532 1.0000000
61:1-75:0   -6.680778e-03 -0.1688095548  0.155447999 1.0000000
62:1-75:0   -7.529597e-03 -0.1744099123  0.159350718 1.0000000
63:1-75:0   -1.809820e-02 -0.1910199924  0.154823598 1.0000000
64:1-75:0    4.487879e-03 -0.1841705272  0.193146285 1.0000000
65:1-75:0   -3.589394e-03 -0.1957097108  0.188530923 1.0000000
66:1-75:0    7.752585e-03 -0.1961168942  0.211622063 1.0000000
67:1-75:0    6.734033e-03 -0.1905937404  0.204061806 1.0000000
68:1-75:0   -3.696334e-02 -0.2320727443  0.158146063 1.0000000
69:1-75:0    2.162988e-02 -0.1654849962  0.208744754 1.0000000
70:1-75:0    1.681152e-02 -0.1668906441  0.200513674 1.0000000
71:1-75:0    3.478550e-02 -0.1592853291  0.228856325 1.0000000
72:1-75:0    6.078788e-04 -0.2018220415  0.203037799 1.0000000
73:1-75:0    3.106566e-02 -0.1601376130  0.222268926 1.0000000
74:1-75:0    2.434369e-02 -0.1687316606  0.217419046 1.0000000
75:1-75:0   -3.708768e-02 -0.2282909463  0.154115593 1.0000000
76:1-75:0    7.946609e-03 -0.1713283417  0.187221560 1.0000000
77:1-75:0    1.332634e-02 -0.1723523486  0.199005029 1.0000000
78:1-75:0    2.527955e-02 -0.1501015067  0.200660598 1.0000000
79:1-75:0   -2.212545e-02 -0.1919050799  0.147654171 1.0000000
80:1-75:0    6.219846e-03 -0.1574769592  0.169916651 1.0000000
81:1-75:0   -1.850131e-02 -0.1839159818  0.146913361 1.0000000
82:1-75:0   -3.711212e-02 -0.2034184350  0.129194193 1.0000000
83:1-75:0    2.962906e-02 -0.1567550293  0.216013140 1.0000000
84:1-75:0    4.901683e-02 -0.1494974049  0.247531057 1.0000000
85:1-75:0   -6.103821e-02 -0.2513601673  0.129283751 1.0000000
86:1-75:0    8.431629e-03 -0.1802267772  0.197090035 1.0000000
87:1-75:0   -1.959055e-02 -0.2059746371  0.166793532 1.0000000
88:1-75:0   -2.722063e-02 -0.2166949419  0.162253678 1.0000000
89:1-75:0    1.272665e-02 -0.1751458204  0.200599129 1.0000000
90:1-75:0    1.651546e-02 -0.1653963761  0.198427306 1.0000000
91:1-75:0   -3.125185e-02 -0.2062549596  0.143751265 1.0000000
92:1-75:0    2.994533e-02 -0.1595289845  0.219419636 1.0000000
93:1-75:0    1.880881e-02 -0.1742665443  0.211884162 1.0000000
94:1-75:0    4.272788e-02 -0.1298751841  0.215330942 1.0000000
95:1-75:0    5.338139e-02 -0.1202008393  0.226963610 1.0000000
96:1-75:0    6.985663e-02 -0.1027464341  0.242459692 1.0000000
97:1-75:0    3.671645e-02 -0.1425585004  0.215991401 1.0000000
98:1-75:0    2.548132e-02 -0.1548010571  0.205763700 1.0000000
99:1-75:0    7.814069e-03 -0.1635846442  0.179212783 1.0000000
100:1-75:0  -6.648414e-02 -0.2182062205  0.085237934 1.0000000
77:0-76:0    2.338703e-02 -0.1413286687  0.188102732 1.0000000
78:0-76:0    6.683583e-03 -0.1580321170  0.171399283 1.0000000
79:0-76:0   -9.276812e-04 -0.1521376846  0.150282322 1.0000000
80:0-76:0    1.699765e-02 -0.1316331261  0.165628430 1.0000000
81:0-76:0    2.414883e-03 -0.1427739436  0.147603710 1.0000000
82:0-76:0    3.297041e-03 -0.1541763136  0.160770396 1.0000000
83:0-76:0    2.216946e-02 -0.1396293390  0.183968262 1.0000000
84:0-76:0   -3.771009e-02 -0.2006244188  0.125204248 1.0000000
85:0-76:0    2.765210e-02 -0.1662117490  0.221515957 1.0000000
86:0-76:0   -1.650643e-02 -0.1886439870  0.155631125 1.0000000
87:0-76:0   -1.594720e-02 -0.1940000899  0.162105680 1.0000000
88:0-76:0    4.031488e-02 -0.1412824573  0.221912223 1.0000000
89:0-76:0    3.806029e-02 -0.1411240415  0.217244614 1.0000000
90:0-76:0    1.123913e-03 -0.1728352549  0.175083081 1.0000000
91:0-76:0   -3.324114e-02 -0.2013582777  0.134875997 1.0000000
92:0-76:0    7.493811e-02 -0.0931790324  0.243055242 1.0000000
93:0-76:0    4.304936e-02 -0.1243429315  0.210441643 1.0000000
94:0-76:0    5.187207e-02 -0.1162450701  0.219989205 1.0000000
95:0-76:0    6.023868e-02 -0.1167286550  0.237206006 1.0000000
96:0-76:0    6.481853e-02 -0.0992785897  0.228915657 1.0000000
97:0-76:0    3.276020e-02 -0.1339306159  0.199451011 1.0000000
98:0-76:0    1.177831e-02 -0.1594975271  0.183054138 1.0000000
99:0-76:0    5.365027e-02 -0.1070946073  0.214395142 1.0000000
100:0-76:0  -4.594060e-02 -0.1774927258  0.085611530 1.0000000
1:1-76:0    -5.796378e-02 -0.1912206436  0.075293080 1.0000000
2:1-76:0    -3.715256e-02 -0.2031641472  0.128859023 1.0000000
3:1-76:0     7.161868e-03 -0.1770724399  0.191396177 1.0000000
4:1-76:0    -2.330024e-03 -0.1865643318  0.181904285 1.0000000
5:1-76:0     9.547065e-02 -0.1146050013  0.305546306 1.0000000
6:1-76:0    -5.216848e-03 -0.2152925013  0.204858806 1.0000000
7:1-76:0     1.613027e-02 -0.1885669306  0.220827466 1.0000000
8:1-76:0    -2.935435e-02 -0.2612999051  0.202591209 1.0000000
9:1-76:0     1.830652e-03 -0.2216239450  0.225285249 1.0000000
10:1-76:0    9.438509e-03 -0.2452116377  0.264088656 1.0000000
11:1-76:0   -2.325819e-02 -0.2279553921  0.181439004 1.0000000
12:1-76:0   -1.534908e-02 -0.2428652199  0.212167051 1.0000000
13:1-76:0   -7.306487e-02 -0.3005810093  0.154451261 1.0000000
14:1-76:0    1.993513e-02 -0.2075810093  0.247451261 1.0000000
15:1-76:0    3.136708e-02 -0.2232830663  0.286017228 1.0000000
16:1-76:0   -7.402578e-02 -0.3286759235  0.180624371 1.0000000
17:1-76:0   -3.752578e-02 -0.2572409639  0.182189411 1.0000000
18:1-76:0    2.473628e-02 -0.1673094443  0.216781999 1.0000000
19:1-76:0   -2.462199e-02 -0.2133072046  0.164063215 1.0000000
20:1-76:0   -2.351087e-02 -0.1974700375  0.150448298 1.0000000
21:1-76:0    2.842565e-02 -0.1420188269  0.198870131 1.0000000
22:1-76:0   -3.497435e-02 -0.2054188269  0.135470131 1.0000000
23:1-76:0   -3.219565e-03 -0.2162751640  0.209836034 1.0000000
24:1-76:0    1.762899e-02 -0.1781555985  0.213413570 1.0000000
25:1-76:0   -7.190729e-02 -0.3087053479  0.164890770 1.0000000
26:1-76:0   -4.423579e-03 -0.2664750808  0.257627924 1.0000000
27:1-76:0    2.198986e-03 -0.2458580858  0.250256057 1.0000000
28:1-76:0    8.801488e-02 -0.1740366193  0.350066385 1.0000000
29:1-76:0    6.586144e-02 -0.1616546936  0.293377577 1.0000000
30:1-76:0    9.753986e-03 -0.2606765310  0.280184502 1.0000000
31:1-76:0   -4.419324e-02 -0.2761387940  0.187752321 1.0000000
32:1-76:0    2.515306e-02 -0.1771078109  0.227413930 1.0000000
33:1-76:0   -1.510889e-02 -0.2313685155  0.201150729 1.0000000
34:1-76:0   -2.144144e-02 -0.2153052974  0.172422408 1.0000000
35:1-76:0    1.153940e-02 -0.2306015118  0.253680316 1.0000000
36:1-76:0   -4.145435e-02 -0.2487506208  0.165841925 1.0000000
37:1-76:0   -7.871014e-03 -0.2036555985  0.187913570 1.0000000
38:1-76:0   -6.985729e-02 -0.2585424987  0.118827921 1.0000000
39:1-76:0   -5.084078e-03 -0.1893183858  0.179150231 1.0000000
40:1-76:0    1.078478e-02 -0.1631743854  0.184743951 1.0000000
41:1-76:0    1.450467e-02 -0.1484096647  0.177419002 1.0000000
42:1-76:0    9.319336e-03 -0.1735665404  0.192205213 1.0000000
43:1-76:0    6.791366e-03 -0.1803375105  0.193920243 1.0000000
44:1-76:0    2.444565e-02 -0.2376058500  0.286497154 1.0000000
45:1-76:0    1.698315e-02 -0.2251577618  0.259124066 1.0000000
46:1-76:0   -7.002578e-02 -0.3246759235  0.184624371 1.0000000
47:1-76:0    5.665815e-02 -0.1854827618  0.298799066 1.0000000
48:1-76:0    6.291232e-02 -0.1851447525  0.310969390 1.0000000
49:1-76:0    9.928005e-03 -0.2268700538  0.246726064 1.0000000
50:1-76:0   -7.179581e-02 -0.2509801391  0.107388517 1.0000000
51:1-76:0   -1.720435e-02 -0.2593452618  0.224936566 1.0000000
52:1-76:0   -9.442348e-03 -0.2167386208  0.197853925 1.0000000
53:1-76:0   -4.646685e-02 -0.2565425013  0.163608806 1.0000000
54:1-76:0    1.082197e-02 -0.1720639088  0.193707845 1.0000000
55:1-76:0    1.756440e-02 -0.1744813193  0.209610124 1.0000000
56:1-76:0    8.804565e-02 -0.0911386757  0.267229980 1.0000000
57:1-76:0   -1.705157e-02 -0.2026985975  0.168595457 1.0000000
58:1-76:0    2.011440e-02 -0.1520231536  0.192251958 1.0000000
59:1-76:0   -4.189632e-04 -0.1611638381  0.160325912 1.0000000
60:1-76:0    1.899918e-04 -0.1471094786  0.147489462 1.0000000
61:1-76:0    8.276995e-03 -0.1342890743  0.150843065 1.0000000
62:1-76:0    7.428176e-03 -0.1405190561  0.155375409 1.0000000
63:1-76:0   -3.140424e-03 -0.1578701599  0.151589312 1.0000000
64:1-76:0    1.944565e-02 -0.1526919036  0.191583208 1.0000000
65:1-76:0    1.136838e-02 -0.1645564912  0.187293250 1.0000000
66:1-76:0    2.271036e-02 -0.1659748517  0.211395568 1.0000000
67:1-76:0    2.169181e-02 -0.1599055342  0.203289146 1.0000000
68:1-76:0   -2.200557e-02 -0.2011898952  0.157178761 1.0000000
69:1-76:0    3.658765e-02 -0.1338568269  0.207032131 1.0000000
70:1-76:0    3.176929e-02 -0.1349215250  0.198460102 1.0000000
71:1-76:0    4.974327e-02 -0.1283096137  0.227796156 1.0000000
72:1-76:0    1.556565e-02 -0.1715632248  0.202694529 1.0000000
73:1-76:0    4.602343e-02 -0.1288995081  0.220946368 1.0000000
74:1-76:0    3.930147e-02 -0.1376658643  0.216268797 1.0000000
75:1-76:0   -2.212990e-02 -0.1970528414  0.152793035 1.0000000
76:1-76:0    2.290438e-02 -0.1388944184  0.184703183 1.0000000
77:1-76:0    2.828411e-02 -0.1405824593  0.197150687 1.0000000
78:1-76:0    4.023732e-02 -0.1172360358  0.197710674 1.0000000
79:1-76:0   -7.167681e-03 -0.1583776846  0.144042322 1.0000000
80:1-76:0    2.117762e-02 -0.1231691437  0.165524382 1.0000000
81:1-76:0   -3.543537e-03 -0.1498355651  0.142748491 1.0000000
82:1-76:0   -2.215435e-02 -0.1694538182  0.125145123 1.0000000
83:1-76:0    4.458683e-02 -0.1250550616  0.214228719 1.0000000
84:1-76:0    6.397460e-02 -0.1189112772  0.246860476 1.0000000
85:1-76:0   -4.608043e-02 -0.2200396027  0.127878733 1.0000000
86:1-76:0    2.338940e-02 -0.1487481536  0.195526958 1.0000000
87:1-76:0   -4.632779e-03 -0.1742746695  0.165009111 1.0000000
88:1-76:0   -1.226286e-02 -0.1852942376  0.160768521 1.0000000
89:1-76:0    2.768443e-02 -0.1435914046  0.198960260 1.0000000
90:1-76:0    3.147324e-02 -0.1332424618  0.196188939 1.0000000
91:1-76:0   -1.629407e-02 -0.1733464005  0.140758253 1.0000000
92:1-76:0    4.490310e-02 -0.1281282801  0.217934478 1.0000000
93:1-76:0    3.376658e-02 -0.1432007480  0.210733913 1.0000000
94:1-76:0    5.768565e-02 -0.0966877953  0.212059100 1.0000000
95:1-76:0    6.833916e-02 -0.0871283063  0.223806624 1.0000000
96:1-76:0    8.481440e-02 -0.0695590453  0.239187850 0.9999988
97:1-76:0    5.167422e-02 -0.1101245771  0.213473024 1.0000000
98:1-76:0    4.043909e-02 -0.1224752384  0.203353428 1.0000000
99:1-76:0    2.277184e-02 -0.1302538511  0.175797536 1.0000000
100:1-76:0  -5.152637e-02 -0.1821362191  0.079083479 1.0000000
78:0-77:0   -1.670345e-02 -0.1716251436  0.138218247 1.0000000
79:0-77:0   -2.431471e-02 -0.1647922373  0.116162812 1.0000000
80:0-77:0   -6.389379e-03 -0.1440867941  0.131308035 1.0000000
81:0-77:0   -2.097215e-02 -0.1549470161  0.113002719 1.0000000
82:0-77:0   -2.008999e-02 -0.1672882486  0.127108268 1.0000000
83:0-77:0   -1.217570e-03 -0.1530343070  0.150599167 1.0000000
84:0-77:0   -6.109712e-02 -0.2141021815  0.091907947 1.0000000
85:0-77:0    4.265072e-03 -0.1813492138  0.189879358 1.0000000
86:0-77:0   -3.989346e-02 -0.2026841500  0.122897225 1.0000000
87:0-77:0   -3.933424e-02 -0.2083676640  0.129699191 1.0000000
88:0-77:0    1.692785e-02 -0.1558351763  0.189690879 1.0000000
89:0-77:0    1.467325e-02 -0.1555515763  0.184898086 1.0000000
90:0-77:0   -2.226312e-02 -0.1869788187  0.142452582 1.0000000
91:0-77:0   -5.662817e-02 -0.2151615804  0.101905237 1.0000000
92:0-77:0    5.155107e-02 -0.1069823351  0.210084482 1.0000000
93:0-77:0    1.966232e-02 -0.1381022080  0.177426857 1.0000000
94:0-77:0    2.848504e-02 -0.1300483729  0.187018444 1.0000000
95:0-77:0    3.685164e-02 -0.1310379204  0.204741208 1.0000000
96:0-77:0    4.143150e-02 -0.1128323487  0.195695353 1.0000000
97:0-77:0    9.373166e-03 -0.1476468870  0.166393219 1.0000000
98:0-77:0   -1.160873e-02 -0.1734879420  0.150270490 1.0000000
99:0-77:0    3.026324e-02 -0.1204297783  0.180956250 1.0000000
100:0-77:0  -6.932763e-02 -0.1883882531  0.049732995 0.9999692
1:1-77:0    -8.135081e-02 -0.2022923736  0.039590747 0.9898832
2:1-77:0    -6.053959e-02 -0.2168383977  0.095759211 1.0000000
3:1-77:0    -1.622516e-02 -0.1917579239  0.159307598 1.0000000
4:1-77:0    -2.571705e-02 -0.2012498158  0.149815706 1.0000000
5:1-77:0     7.208362e-02 -0.1304040331  0.274571275 1.0000000
6:1-77:0    -2.860388e-02 -0.2310915331  0.173883775 1.0000000
7:1-77:0    -7.256764e-03 -0.2041588023  0.189645274 1.0000000
8:1-77:0    -5.274138e-02 -0.2778373840  0.172354625 1.0000000
9:1-77:0    -2.155638e-02 -0.2378927534  0.194779995 1.0000000
10:1-77:0   -1.394852e-02 -0.2623759103  0.234478866 1.0000000
11:1-77:0   -4.664523e-02 -0.2435472638  0.150256813 1.0000000
12:1-77:0   -3.873612e-02 -0.2592651654  0.181792933 1.0000000
13:1-77:0   -9.645191e-02 -0.3169809549  0.124077144 1.0000000
14:1-77:0   -3.451906e-03 -0.2239809549  0.217077144 1.0000000
15:1-77:0    7.980049e-03 -0.2404473389  0.256407437 1.0000000
16:1-77:0   -9.741281e-02 -0.3458401960  0.151014580 1.0000000
17:1-77:0   -6.091281e-02 -0.2733845316  0.151558916 1.0000000
18:1-77:0    1.349246e-03 -0.1823652854  0.185063777 1.0000000
19:1-77:0   -4.800903e-02 -0.2282077449  0.132189692 1.0000000
20:1-77:0   -4.689790e-02 -0.2116136013  0.117817799 1.0000000
21:1-77:0    5.038621e-03 -0.1559607278  0.166037969 1.0000000
22:1-77:0   -5.836138e-02 -0.2193607278  0.102637969 1.0000000
23:1-77:0   -2.660660e-02 -0.2321842170  0.178971024 1.0000000
24:1-77:0   -5.758046e-03 -0.1933775362  0.181861444 1.0000000
25:1-77:0   -9.529432e-02 -0.3253873244  0.134798683 1.0000000
26:1-77:0   -2.781061e-02 -0.2838193201  0.228198100 1.0000000
27:1-77:0   -2.118805e-02 -0.2628526491  0.220476557 1.0000000
28:1-77:0    6.462785e-02 -0.1913808585  0.320636561 1.0000000
29:1-77:0    4.247441e-02 -0.1780546391  0.263003459 1.0000000
30:1-77:0   -1.363305e-02 -0.2782122101  0.250946118 1.0000000
31:1-77:0   -6.758027e-02 -0.2926762729  0.157515736 1.0000000
32:1-77:0    1.766028e-03 -0.1926019978  0.196134054 1.0000000
33:1-77:0   -3.849592e-02 -0.2473922961  0.170400447 1.0000000
34:1-77:0   -4.482848e-02 -0.2304427622  0.140785810 1.0000000
35:1-77:0   -1.184763e-02 -0.2474356002  0.223740342 1.0000000
36:1-77:0   -6.484138e-02 -0.2644440210  0.134761262 1.0000000
37:1-77:0   -3.125805e-02 -0.2188775362  0.156361444 1.0000000
38:1-77:0   -9.324432e-02 -0.2734430390  0.086954398 1.0000000
39:1-77:0   -2.847111e-02 -0.2040038699  0.147061652 1.0000000
40:1-77:0   -1.260225e-02 -0.1773179491  0.152113451 1.0000000
41:1-77:0   -8.882363e-03 -0.1618874274  0.144122702 1.0000000
42:1-77:0   -1.406770e-02 -0.1881846492  0.160049259 1.0000000
43:1-77:0   -1.659567e-02 -0.1951641011  0.161972771 1.0000000
44:1-77:0    1.058621e-03 -0.2549500893  0.257067331 1.0000000
45:1-77:0   -6.403879e-03 -0.2419918502  0.229184092 1.0000000
46:1-77:0   -9.341281e-02 -0.3418401960  0.155014580 1.0000000
47:1-77:0    3.327112e-02 -0.2023168502  0.268859092 1.0000000
48:1-77:0    3.952529e-02 -0.2021393158  0.281189891 1.0000000
49:1-77:0   -1.345903e-02 -0.2435520303  0.216633978 1.0000000
50:1-77:0   -9.518284e-02 -0.2654076738  0.075041988 0.9999965
51:1-77:0   -4.059138e-02 -0.2761793502  0.194996592 1.0000000
52:1-77:0   -3.282938e-02 -0.2324320210  0.166773262 1.0000000
53:1-77:0   -6.985388e-02 -0.2723415331  0.132633775 1.0000000
54:1-77:0   -1.256506e-02 -0.1866820176  0.161551891 1.0000000
55:1-77:0   -5.822629e-03 -0.1895371604  0.177891902 1.0000000
56:1-77:0    6.465862e-02 -0.1055662104  0.234883452 1.0000000
57:1-77:0   -4.043860e-02 -0.2174535404  0.136576337 1.0000000
58:1-77:0   -3.272629e-03 -0.1660633167  0.159518058 1.0000000
59:1-77:0   -2.380599e-02 -0.1744990091  0.126887020 1.0000000
60:1-77:0   -2.319704e-02 -0.1594563651  0.113062286 1.0000000
61:1-77:0   -1.511004e-02 -0.1462380423  0.116017970 1.0000000
62:1-77:0   -1.595886e-02 -0.1529181680  0.121000458 1.0000000
63:1-77:0   -2.652746e-02 -0.1707868086  0.117731898 1.0000000
64:1-77:0   -3.941379e-03 -0.1667320667  0.158849308 1.0000000
65:1-77:0   -1.201865e-02 -0.1788090292  0.154771725 1.0000000
66:1-77:0   -6.766734e-04 -0.1808753919  0.179522045 1.0000000
67:1-77:0   -1.695225e-03 -0.1744582532  0.171067802 1.0000000
68:1-77:0   -4.539260e-02 -0.2156174299  0.124832232 1.0000000
69:1-77:0    1.320062e-02 -0.1477987278  0.174199969 1.0000000
70:1-77:0    8.382257e-03 -0.1486377961  0.165402310 1.0000000
71:1-77:0    2.635624e-02 -0.1426771878  0.195389667 1.0000000
72:1-77:0   -7.821379e-03 -0.1863898154  0.170747057 1.0000000
73:1-77:0    2.263640e-02 -0.1430968331  0.188369630 1.0000000
74:1-77:0    1.591443e-02 -0.1519751297  0.183803999 1.0000000
75:1-77:0   -4.551693e-02 -0.2112501664  0.120216297 1.0000000
76:1-77:0   -4.826492e-04 -0.1522993863  0.151334088 1.0000000
77:1-77:0    4.897082e-03 -0.1544308478  0.164225012 1.0000000
78:1-77:0    1.685029e-02 -0.1303479708  0.164048546 1.0000000
79:1-77:0   -3.055471e-02 -0.1710322373  0.109922812 1.0000000
80:1-77:0   -2.209412e-03 -0.1352712691  0.130852445 1.0000000
81:1-77:0   -2.693057e-02 -0.1621001926  0.108239056 1.0000000
82:1-77:0   -4.554138e-02 -0.1818007047  0.090717946 1.0000000
83:1-77:0    2.119980e-02 -0.1389496353  0.181349230 1.0000000
84:1-77:0    4.058757e-02 -0.1335293860  0.214704522 1.0000000
85:1-77:0   -6.946747e-02 -0.2341831665  0.095248234 1.0000000
86:1-77:0    2.370690e-06 -0.1627883167  0.162793058 1.0000000
87:1-77:0   -2.801981e-02 -0.1881692431  0.132129622 1.0000000
88:1-77:0   -3.564989e-02 -0.1993854326  0.128085653 1.0000000
89:1-77:0    4.297396e-03 -0.1575818196  0.166176612 1.0000000
90:1-77:0    8.086207e-03 -0.1468354884  0.163007902 1.0000000
91:1-77:0   -3.968111e-02 -0.1864288586  0.107066648 1.0000000
92:1-77:0    2.151607e-02 -0.1422194752  0.185251610 1.0000000
93:1-77:0    1.037955e-02 -0.1575100134  0.178269115 1.0000000
94:1-77:0    3.429862e-02 -0.1095785181  0.178175760 1.0000000
95:1-77:0    4.495213e-02 -0.1000982173  0.190002472 1.0000000
96:1-77:0    6.142737e-02 -0.0824497681  0.205304510 1.0000000
97:1-77:0    2.828719e-02 -0.1235295451  0.180103929 1.0000000
98:1-77:0    1.705206e-02 -0.1359530012  0.170057128 1.0000000
99:1-77:0   -6.151888e-04 -0.1430452865  0.141814909 1.0000000
100:1-77:0  -7.491340e-02 -0.1929320545  0.043105252 0.9985883
79:0-78:0   -7.611264e-03 -0.1480887890  0.132866260 1.0000000
80:0-78:0    1.031407e-02 -0.1273833458  0.148011484 1.0000000
81:0-78:0   -4.268700e-03 -0.1382435679  0.129706167 1.0000000
82:0-78:0   -3.386542e-03 -0.1505848003  0.143811716 1.0000000
83:0-78:0    1.548588e-02 -0.1363308587  0.167302616 1.0000000
84:0-78:0   -4.439367e-02 -0.1973987332  0.108611396 1.0000000
85:0-78:0    2.096852e-02 -0.1646457656  0.206582807 1.0000000
86:0-78:0   -2.319001e-02 -0.1859807017  0.139600673 1.0000000
87:0-78:0   -2.263079e-02 -0.1916642157  0.146402639 1.0000000
88:0-78:0    3.363130e-02 -0.1391317280  0.206394327 1.0000000
89:0-78:0    3.137670e-02 -0.1388481280  0.201601534 1.0000000
90:0-78:0   -5.559670e-03 -0.1702753704  0.159156030 1.0000000
91:0-78:0   -3.992472e-02 -0.1984581322  0.118608685 1.0000000
92:0-78:0    6.825452e-02 -0.0902788869  0.226787930 1.0000000
93:0-78:0    3.636577e-02 -0.1213987597  0.194130305 1.0000000
94:0-78:0    4.518848e-02 -0.1133449246  0.203721893 1.0000000
95:0-78:0    5.355509e-02 -0.1143344721  0.221444657 1.0000000
96:0-78:0    5.813495e-02 -0.0961289004  0.212398801 1.0000000
97:0-78:0    2.607661e-02 -0.1309434387  0.183096668 1.0000000
98:0-78:0    5.094722e-03 -0.1567844938  0.166973938 1.0000000
99:0-78:0    4.696668e-02 -0.1037263300  0.197659699 1.0000000
100:0-78:0  -5.262418e-02 -0.1716848049  0.066436443 1.0000000
1:1-78:0    -6.464736e-02 -0.1855889253  0.056294195 0.9999998
2:1-78:0    -4.383615e-02 -0.2001349495  0.112462659 1.0000000
3:1-78:0     4.782852e-04 -0.1750544757  0.176011046 1.0000000
4:1-78:0    -9.013607e-03 -0.1845463676  0.166519154 1.0000000
5:1-78:0     8.878707e-02 -0.1137005849  0.291274723 1.0000000
6:1-78:0    -1.190043e-02 -0.2143880849  0.190587223 1.0000000
7:1-78:0     9.446684e-03 -0.1874553540  0.206348723 1.0000000
8:1-78:0    -3.603793e-02 -0.2611339357  0.189058074 1.0000000
9:1-78:0    -4.852931e-03 -0.2211893052  0.211483443 1.0000000
10:1-78:0    2.754926e-03 -0.2456724620  0.251182314 1.0000000
11:1-78:0   -2.994178e-02 -0.2268438156  0.166960261 1.0000000
12:1-78:0   -2.203267e-02 -0.2425617171  0.198496381 1.0000000
13:1-78:0   -7.974846e-02 -0.3002775066  0.140780592 1.0000000
14:1-78:0    1.325154e-02 -0.2072775066  0.233780592 1.0000000
15:1-78:0    2.468350e-02 -0.2237438906  0.273110886 1.0000000
16:1-78:0   -8.070936e-02 -0.3291367477  0.167718029 1.0000000
17:1-78:0   -4.420936e-02 -0.2566810834  0.168262364 1.0000000
18:1-78:0    1.805269e-02 -0.1656618371  0.201767225 1.0000000
19:1-78:0   -3.130558e-02 -0.2115042966  0.148893140 1.0000000
20:1-78:0   -3.019445e-02 -0.1949101530  0.134521247 1.0000000
21:1-78:0    2.174207e-02 -0.1392572795  0.182741417 1.0000000
22:1-78:0   -4.165793e-02 -0.2026572795  0.119341417 1.0000000
23:1-78:0   -9.903148e-03 -0.2154807687  0.195674472 1.0000000
24:1-78:0    1.094540e-02 -0.1766740880  0.198564893 1.0000000
25:1-78:0   -7.859087e-02 -0.3086838762  0.151502132 1.0000000
26:1-78:0   -1.110716e-02 -0.2671158718  0.244901548 1.0000000
27:1-78:0   -4.484598e-03 -0.2461492009  0.237180005 1.0000000
28:1-78:0    8.133130e-02 -0.1746774102  0.337340010 1.0000000
29:1-78:0    5.917786e-02 -0.1613511908  0.279706908 1.0000000
30:1-78:0    3.070402e-03 -0.2615087618  0.267649566 1.0000000
31:1-78:0   -5.087682e-02 -0.2759728246  0.174219185 1.0000000
32:1-78:0    1.846948e-02 -0.1758985495  0.212837502 1.0000000
33:1-78:0   -2.179248e-02 -0.2306888478  0.187103895 1.0000000
34:1-78:0   -2.812503e-02 -0.2137393139  0.157489258 1.0000000
35:1-78:0    4.855819e-03 -0.2307321519  0.240443790 1.0000000
36:1-78:0   -4.813793e-02 -0.2477405728  0.151464711 1.0000000
37:1-78:0   -1.455460e-02 -0.2021740880  0.173064893 1.0000000
38:1-78:0   -7.654087e-02 -0.2567395907  0.103657846 1.0000000
39:1-78:0   -1.176766e-02 -0.1873004216  0.163765100 1.0000000
40:1-78:0    4.101199e-03 -0.1606145008  0.168816900 1.0000000
41:1-78:0    7.821085e-03 -0.1451839791  0.160826150 1.0000000
42:1-78:0    2.635753e-03 -0.1714812009  0.176752707 1.0000000
43:1-78:0    1.077833e-04 -0.1784606529  0.178676219 1.0000000
44:1-78:0    1.776207e-02 -0.2382466410  0.273770779 1.0000000
45:1-78:0    1.029957e-02 -0.2252884019  0.245887540 1.0000000
46:1-78:0   -7.670936e-02 -0.3251367477  0.171718029 1.0000000
47:1-78:0    4.997457e-02 -0.1856134019  0.285562540 1.0000000
48:1-78:0    5.622874e-02 -0.1854358675  0.297893339 1.0000000
49:1-78:0    3.244422e-03 -0.2268485820  0.233337426 1.0000000
50:1-78:0   -7.847939e-02 -0.2487042256  0.091745437 1.0000000
51:1-78:0   -2.388793e-02 -0.2594759019  0.211700040 1.0000000
52:1-78:0   -1.612593e-02 -0.2157285728  0.183476711 1.0000000
53:1-78:0   -5.315043e-02 -0.2556380849  0.149337223 1.0000000
54:1-78:0    4.138385e-03 -0.1699785693  0.178255339 1.0000000
55:1-78:0    1.088082e-02 -0.1728337121  0.194595350 1.0000000
56:1-78:0    8.136207e-02 -0.0888627621  0.251586900 1.0000000
57:1-78:0   -2.373515e-02 -0.2007500921  0.153279786 1.0000000
58:1-78:0    1.343082e-02 -0.1493598684  0.176221506 1.0000000
59:1-78:0   -7.102546e-03 -0.1577955608  0.143590468 1.0000000
60:1-78:0   -6.493591e-03 -0.1427529168  0.129765734 1.0000000
61:1-78:0    1.593412e-03 -0.1295345941  0.132721419 1.0000000
62:1-78:0    7.445932e-04 -0.1362147197  0.137703906 1.0000000
63:1-78:0   -9.824007e-03 -0.1540833603  0.134435346 1.0000000
64:1-78:0    1.276207e-02 -0.1500286184  0.175552756 1.0000000
65:1-78:0    4.684796e-03 -0.1621055809  0.171475173 1.0000000
66:1-78:0    1.602677e-02 -0.1641719437  0.196225493 1.0000000
67:1-78:0    1.500822e-02 -0.1577548049  0.187771251 1.0000000
68:1-78:0   -2.868915e-02 -0.1989139817  0.141535681 1.0000000
69:1-78:0    2.990407e-02 -0.1310952795  0.190903417 1.0000000
70:1-78:0    2.508571e-02 -0.1319343478  0.182105758 1.0000000
71:1-78:0    4.305969e-02 -0.1259737395  0.212093116 1.0000000
72:1-78:0    8.882069e-03 -0.1696863671  0.187450505 1.0000000
73:1-78:0    3.933985e-02 -0.1263933848  0.205073078 1.0000000
74:1-78:0    3.261788e-02 -0.1352716814  0.200507447 1.0000000
75:1-78:0   -2.881349e-02 -0.1945467181  0.136919745 1.0000000
76:1-78:0    1.622080e-02 -0.1355959381  0.168037536 1.0000000
77:1-78:0    2.160053e-02 -0.1377273995  0.180928460 1.0000000
78:1-78:0    3.355374e-02 -0.1136445225  0.180751994 1.0000000
79:1-78:0   -1.385126e-02 -0.1543287890  0.126626260 1.0000000
80:1-78:0    1.449404e-02 -0.1185678209  0.147555893 1.0000000
81:1-78:0   -1.022712e-02 -0.1453967443  0.124942504 1.0000000
82:1-78:0   -2.883793e-02 -0.1650972564  0.107421394 1.0000000
83:1-78:0    3.790325e-02 -0.1222461870  0.198052678 1.0000000
84:1-78:0    5.729102e-02 -0.1168259378  0.231407970 1.0000000
85:1-78:0   -5.276402e-02 -0.2174797182  0.111951682 1.0000000
86:1-78:0    1.670582e-02 -0.1460848684  0.179496506 1.0000000
87:1-78:0   -1.131636e-02 -0.1714657949  0.148833070 1.0000000
88:1-78:0   -1.894644e-02 -0.1826819844  0.144789101 1.0000000
89:1-78:0    2.100084e-02 -0.1408783713  0.182880060 1.0000000
90:1-78:0    2.478966e-02 -0.1301320401  0.179711350 1.0000000
91:1-78:0   -2.297766e-02 -0.1697254103  0.123770096 1.0000000
92:1-78:0    3.821952e-02 -0.1255160269  0.201955058 1.0000000
93:1-78:0    2.708300e-02 -0.1408065651  0.194972564 1.0000000
94:1-78:0    5.100207e-02 -0.0928750698  0.194879208 1.0000000
95:1-78:0    6.165558e-02 -0.0833947691  0.206705920 1.0000000
96:1-78:0    7.813082e-02 -0.0657463198  0.222007958 0.9999994
97:1-78:0    4.499064e-02 -0.1068260968  0.196807378 1.0000000
98:1-78:0    3.375551e-02 -0.1192495529  0.186760576 1.0000000
99:1-78:0    1.608826e-02 -0.1263418383  0.158518357 1.0000000
100:1-78:0  -5.820995e-02 -0.1762286062  0.059808700 1.0000000
80:0-79:0    1.792533e-02 -0.1032925749  0.139143242 1.0000000
81:0-79:0    3.342564e-03 -0.1136295198  0.120314648 1.0000000
82:0-79:0    4.224722e-03 -0.1276863481  0.136135793 1.0000000
83:0-79:0    2.309714e-02 -0.1139485610  0.160142847 1.0000000
84:0-79:0   -3.678240e-02 -0.1751433563  0.101578548 1.0000000
85:0-79:0    2.857978e-02 -0.1451610176  0.202320588 1.0000000
86:0-79:0   -1.557875e-02 -0.1646894845  0.133531985 1.0000000
87:0-79:0   -1.501952e-02 -0.1709217460  0.140882698 1.0000000
88:0-79:0    4.124256e-02 -0.1186957584  0.201180887 1.0000000
89:0-79:0    3.898797e-02 -0.1182052142  0.196181149 1.0000000
90:0-79:0    2.051594e-03 -0.1491584093  0.153261598 1.0000000
91:0-79:0   -3.231346e-02 -0.1767642982  0.112137380 1.0000000
92:0-79:0    7.586579e-02 -0.0685850530  0.220316625 0.9999999
93:0-79:0    4.397704e-02 -0.0996295468  0.187583621 1.0000000
94:0-79:0    5.279975e-02 -0.0916510907  0.197250588 1.0000000
95:0-79:0    6.116636e-02 -0.0934949154  0.215827629 1.0000000
96:0-79:0    6.574621e-02 -0.0740054898  0.205497919 1.0000000
97:0-79:0    3.368788e-02 -0.1091004273  0.176476185 1.0000000
98:0-79:0    1.270599e-02 -0.1354091167  0.160821089 1.0000000
99:0-79:0    5.457795e-02 -0.0812218593  0.190377757 1.0000000
100:0-79:0  -4.501292e-02 -0.1445550455  0.054529212 1.0000000
1:1-79:0    -5.703610e-02 -0.1588205015  0.044748300 0.9999961
2:1-79:0    -3.622488e-02 -0.1782196676  0.105769906 1.0000000
3:1-79:0     8.089550e-03 -0.1548366711  0.171015770 1.0000000
4:1-79:0    -1.402342e-03 -0.1643285630  0.161523878 1.0000000
5:1-79:0     9.639833e-02 -0.0952640083  0.288060675 1.0000000
6:1-79:0    -4.289167e-03 -0.1959515083  0.187373175 1.0000000
7:1-79:0     1.705795e-02 -0.1686935411  0.202809439 1.0000000
8:1-79:0    -2.842667e-02 -0.2438365424  0.186983209 1.0000000
9:1-79:0     2.758333e-03 -0.2034809210  0.208997588 1.0000000
10:1-79:0    1.036619e-02 -0.2293197925  0.250052173 1.0000000
11:1-79:0   -2.233051e-02 -0.2080820026  0.163420977 1.0000000
12:1-79:0   -1.442140e-02 -0.2250544133  0.196211606 1.0000000
13:1-79:0   -7.213719e-02 -0.2827702028  0.138495817 1.0000000
14:1-79:0    2.086281e-02 -0.1897702028  0.231495817 1.0000000
15:1-79:0    3.229476e-02 -0.2073912211  0.271980745 1.0000000
16:1-79:0   -7.309810e-02 -0.3127840782  0.166587888 1.0000000
17:1-79:0   -3.659810e-02 -0.2387797874  0.165583597 1.0000000
18:1-79:0    2.566396e-02 -0.1460457740  0.197373691 1.0000000
19:1-79:0   -2.369431e-02 -0.1916371058  0.144248478 1.0000000
20:1-79:0   -2.258319e-02 -0.1737931919  0.128626815 1.0000000
21:1-79:0    2.935333e-02 -0.1177996261  0.176506293 1.0000000
22:1-79:0   -3.404667e-02 -0.1811996261  0.113106293 1.0000000
23:1-79:0   -2.291884e-03 -0.1972158724  0.192632104 1.0000000
24:1-79:0    1.855667e-02 -0.1573247604  0.194438094 1.0000000
25:1-79:0   -7.097961e-02 -0.2916059746  0.149646759 1.0000000
26:1-79:0   -3.495897e-03 -0.2510310724  0.244039278 1.0000000
27:1-79:0    3.126667e-03 -0.2295425915  0.235795925 1.0000000
28:1-79:0    8.894256e-02 -0.1585926109  0.336477739 1.0000000
29:1-79:0    6.678912e-02 -0.1438438870  0.277422133 1.0000000
30:1-79:0    1.068167e-02 -0.2457073684  0.267070702 1.0000000
31:1-79:0   -4.326556e-02 -0.2586754313  0.172144320 1.0000000
32:1-79:0    2.608074e-02 -0.1569824526  0.209143934 1.0000000
33:1-79:0   -1.418121e-02 -0.2126022221  0.184239798 1.0000000
34:1-79:0   -2.051376e-02 -0.1942545660  0.153227039 1.0000000
35:1-79:0    1.246708e-02 -0.2138841819  0.238818349 1.0000000
36:1-79:0   -4.052667e-02 -0.2291384845  0.148085151 1.0000000
37:1-79:0   -6.943333e-03 -0.1828247604  0.168938094 1.0000000
38:1-79:0   -6.892961e-02 -0.2368723999  0.099013184 1.0000000
39:1-79:0   -4.156396e-03 -0.1670826171  0.158769824 1.0000000
40:1-79:0    1.171246e-02 -0.1394975397  0.162922467 1.0000000
41:1-79:0    1.543235e-02 -0.1229286022  0.153793302 1.0000000
42:1-79:0    1.024702e-02 -0.1511528491  0.171646884 1.0000000
43:1-79:0    7.719048e-03 -0.1584732796  0.173911375 1.0000000
44:1-79:0    2.537333e-02 -0.2221618416  0.272908508 1.0000000
45:1-79:0    1.791083e-02 -0.2084404319  0.244262099 1.0000000
46:1-79:0   -6.909810e-02 -0.3087840782  0.170587888 1.0000000
47:1-79:0    5.758583e-02 -0.1687654319  0.283937099 1.0000000
48:1-79:0    6.384000e-02 -0.1688292581  0.296509258 1.0000000
49:1-79:0    1.085569e-02 -0.2097706805  0.231482053 1.0000000
50:1-79:0   -7.086813e-02 -0.2280613118  0.086325052 1.0000000
51:1-79:0   -1.627667e-02 -0.2426279319  0.210074599 1.0000000
52:1-79:0   -8.514667e-03 -0.1971264845  0.180097151 1.0000000
53:1-79:0   -4.553917e-02 -0.2372015083  0.146123175 1.0000000
54:1-79:0    1.174965e-02 -0.1496502175  0.173149516 1.0000000
55:1-79:0    1.849208e-02 -0.1532176490  0.190201816 1.0000000
56:1-79:0    8.897333e-02 -0.0682198484  0.246166515 0.9999931
57:1-79:0   -1.612389e-02 -0.1806458991  0.148398121 1.0000000
58:1-79:0    2.104208e-02 -0.1280686512  0.170152818 1.0000000
59:1-79:0    5.087179e-04 -0.1352910900  0.136308526 1.0000000
60:1-79:0    1.117673e-03 -0.1184641275  0.120699473 1.0000000
61:1-79:0    9.204677e-03 -0.1044956193  0.122904973 1.0000000
62:1-79:0    8.355858e-03 -0.1120229472  0.128734662 1.0000000
63:1-79:0   -2.212743e-03 -0.1308360852  0.126410600 1.0000000
64:1-79:0    2.037333e-02 -0.1287374012  0.169484068 1.0000000
65:1-79:0    1.229606e-02 -0.1411713078  0.165763429 1.0000000
66:1-79:0    2.363804e-02 -0.1443047529  0.191580831 1.0000000
67:1-79:0    2.261949e-02 -0.1373188353  0.182557810 1.0000000
68:1-79:0   -2.107789e-02 -0.1782710679  0.136115296 1.0000000
69:1-79:0    3.751533e-02 -0.1096376261  0.184668293 1.0000000
70:1-79:0    3.269697e-02 -0.1100913364  0.175485276 1.0000000
71:1-79:0    5.067095e-02 -0.1052312698  0.206573175 1.0000000
72:1-79:0    1.649333e-02 -0.1496989939  0.182685661 1.0000000
73:1-79:0    4.695111e-02 -0.1053666728  0.199268895 1.0000000
74:1-79:0    4.022915e-02 -0.1144321247  0.194890419 1.0000000
75:1-79:0   -2.120222e-02 -0.1735200061  0.131115562 1.0000000
76:1-79:0    2.383206e-02 -0.1132136404  0.160877767 1.0000000
77:1-79:0    2.921179e-02 -0.1161105796  0.174534169 1.0000000
78:1-79:0    4.116500e-02 -0.0907460703  0.173076070 1.0000000
79:1-79:0   -6.240000e-03 -0.1306069498  0.118126950 1.0000000
80:1-79:0    2.210530e-02 -0.0938199385  0.138030540 1.0000000
81:1-79:0   -2.615856e-03 -0.1209544824  0.115722771 1.0000000
82:1-79:0   -2.122667e-02 -0.1408084672  0.098355134 1.0000000
83:1-79:0    4.551451e-02 -0.1007080739  0.191737093 1.0000000
84:1-79:0    6.490228e-02 -0.0964975860  0.226302147 1.0000000
85:1-79:0   -4.515275e-02 -0.1963627571  0.106057250 1.0000000
86:1-79:0    2.431708e-02 -0.1247936512  0.173427818 1.0000000
87:1-79:0   -3.705098e-03 -0.1499276817  0.142517486 1.0000000
88:1-79:0   -1.133518e-02 -0.1614768810  0.138806526 1.0000000
89:1-79:0    2.861211e-02 -0.1195029942  0.176727212 1.0000000
90:1-79:0    3.240092e-02 -0.1080766051  0.172878444 1.0000000
91:1-79:0   -1.536639e-02 -0.1467745596  0.116041774 1.0000000
92:1-79:0    4.583078e-02 -0.1043109236  0.195972484 1.0000000
93:1-79:0    3.469426e-02 -0.1199670085  0.189355536 1.0000000
94:1-79:0    5.861333e-02 -0.0695811842  0.186807851 1.0000000
95:1-79:0    6.926684e-02 -0.0602430274  0.198776707 0.9999998
96:1-79:0    8.574208e-02 -0.0424524342  0.213936601 0.9914860
97:1-79:0    5.260190e-02 -0.0844437991  0.189647609 1.0000000
98:1-79:0    4.136678e-02 -0.0969941759  0.179727728 1.0000000
99:1-79:0    2.369952e-02 -0.1028687818  0.150267829 1.0000000
100:1-79:0  -5.059869e-02 -0.1488921561  0.047694778 1.0000000
81:0-80:0   -1.458277e-02 -0.1282010402  0.099035502 1.0000000
82:0-80:0   -1.370061e-02 -0.1426470091  0.115245787 1.0000000
83:0-80:0    5.171810e-03 -0.1290227062  0.139366325 1.0000000
84:0-80:0   -5.470774e-02 -0.1902451720  0.080829697 1.0000000
85:0-80:0    1.065445e-02 -0.1608463051  0.182155208 1.0000000
86:0-80:0   -3.350408e-02 -0.1799986370  0.112990470 1.0000000
87:0-80:0   -3.294486e-02 -0.1863467671  0.120457053 1.0000000
88:0-80:0    2.331723e-02 -0.1341848648  0.180819326 1.0000000
89:0-80:0    2.106263e-02 -0.1336510998  0.175776368 1.0000000
90:0-80:0   -1.587374e-02 -0.1645045174  0.132757039 1.0000000
91:0-80:0   -5.023879e-02 -0.1919874715  0.091509887 1.0000000
92:0-80:0    5.794045e-02 -0.0838082262  0.199689132 1.0000000
93:0-80:0    2.605170e-02 -0.1148365286  0.166939936 1.0000000
94:0-80:0    3.487442e-02 -0.1068742640  0.176623094 1.0000000
95:0-80:0    4.324102e-02 -0.1088995438  0.195381590 1.0000000
96:0-80:0    4.782088e-02 -0.0891359804  0.184777743 1.0000000
97:0-80:0    1.576255e-02 -0.1242915278  0.155816619 1.0000000
98:0-80:0   -5.219347e-03 -0.1507003658  0.140261672 1.0000000
99:0-80:0    3.665262e-02 -0.0962692825  0.169574513 1.0000000
100:0-80:0  -6.293825e-02 -0.1585169008  0.032640401 0.9948176
1:1-80:0    -7.496143e-02 -0.1728731664  0.022950298 0.8196510
2:1-80:0    -5.415021e-02 -0.1933951873  0.085094759 1.0000000
3:1-80:0    -9.835784e-03 -0.1703711272  0.150699560 1.0000000
4:1-80:0    -1.932768e-02 -0.1798630191  0.141207668 1.0000000
5:1-80:0     7.847300e-02 -0.1111611116  0.268107112 1.0000000
6:1-80:0    -2.221450e-02 -0.2118486116  0.167419612 1.0000000
7:1-80:0    -8.673846e-04 -0.1845253794  0.182790610 1.0000000
8:1-80:0    -4.635200e-02 -0.2599592510  0.167255251 1.0000000
9:1-80:0    -1.516700e-02 -0.2195227514  0.189188751 1.0000000
10:1-80:0   -7.559143e-03 -0.2456263887  0.230508103 1.0000000
11:1-80:0   -4.025585e-02 -0.2239138410  0.143402149 1.0000000
12:1-80:0   -3.234674e-02 -0.2411358838  0.176442410 1.0000000
13:1-80:0   -9.006253e-02 -0.2988516733  0.118726621 1.0000000
14:1-80:0    2.937474e-03 -0.2058516733  0.211726621 1.0000000
15:1-80:0    1.436943e-02 -0.2236978172  0.252436674 1.0000000
16:1-80:0   -9.102343e-02 -0.3290906744  0.147043817 1.0000000
17:1-80:0   -5.452343e-02 -0.2547834589  0.145736602 1.0000000
18:1-80:0    7.738625e-03 -0.1617042128  0.177181463 1.0000000
19:1-80:0   -4.161965e-02 -0.2072439946  0.124004700 1.0000000
20:1-80:0   -4.050852e-02 -0.1891393000  0.108122257 1.0000000
21:1-80:0    1.142800e-02 -0.1330733376  0.155929338 1.0000000
22:1-80:0   -5.197200e-02 -0.1964733376  0.092529338 1.0000000
23:1-80:0   -2.021722e-02 -0.2131472677  0.172712833 1.0000000
24:1-80:0    6.313333e-04 -0.1730376607  0.174300327 1.0000000
25:1-80:0   -8.890494e-02 -0.3077716513  0.129961769 1.0000000
26:1-80:0   -2.142123e-02 -0.2673893302  0.224546869 1.0000000
27:1-80:0   -1.479867e-02 -0.2458000233  0.216202690 1.0000000
28:1-80:0    7.101723e-02 -0.1749508687  0.316985330 1.0000000
29:1-80:0    4.886379e-02 -0.1599253575  0.257652936 1.0000000
30:1-80:0   -7.243667e-03 -0.2621200689  0.247632736 1.0000000
31:1-80:0   -6.119089e-02 -0.2747981399  0.152416362 1.0000000
32:1-80:0    8.155407e-03 -0.1727831895  0.189094004 1.0000000
33:1-80:0   -3.210655e-02 -0.2285691127  0.164356022 1.0000000
34:1-80:0   -3.843910e-02 -0.2099398535  0.133061660 1.0000000
35:1-80:0   -5.458250e-03 -0.2300947082  0.219178208 1.0000000
36:1-80:0   -5.845200e-02 -0.2450024246  0.128098425 1.0000000
37:1-80:0   -2.486867e-02 -0.1985376607  0.148800327 1.0000000
38:1-80:0   -8.685494e-02 -0.2524792887  0.078769406 0.9999999
39:1-80:0   -2.208173e-02 -0.1826170731  0.138453614 1.0000000
40:1-80:0   -6.212870e-03 -0.1548436478  0.142417909 1.0000000
41:1-80:0   -2.492984e-03 -0.1380304179  0.133044451 1.0000000
42:1-80:0   -7.678316e-03 -0.1666643531  0.151307721 1.0000000
43:1-80:0   -1.020629e-02 -0.1740554014  0.153642830 1.0000000
44:1-80:0    7.448000e-03 -0.2385200994  0.253416099 1.0000000
45:1-80:0   -1.450000e-05 -0.2246509582  0.224621958 1.0000000
46:1-80:0   -8.702343e-02 -0.3250906744  0.151043817 1.0000000
47:1-80:0    3.966050e-02 -0.1849759582  0.264296958 1.0000000
48:1-80:0    4.591467e-02 -0.1850866900  0.276916023 1.0000000
49:1-80:0   -7.069647e-03 -0.2259363572  0.211797063 1.0000000
50:1-80:0   -8.879346e-02 -0.2435071974  0.065920271 0.9999854
51:1-80:0   -3.420200e-02 -0.2588384582  0.190434458 1.0000000
52:1-80:0   -2.644000e-02 -0.2129904246  0.160110425 1.0000000
53:1-80:0   -6.346450e-02 -0.2530986116  0.126169612 1.0000000
54:1-80:0   -6.175684e-03 -0.1651617215  0.152810353 1.0000000
55:1-80:0    5.667500e-04 -0.1688760878  0.170009588 1.0000000
56:1-80:0    7.104800e-02 -0.0836657339  0.225761734 1.0000000
57:1-80:0   -3.404922e-02 -0.1962038858  0.128105441 1.0000000
58:1-80:0    3.116750e-03 -0.1433778036  0.149611304 1.0000000
59:1-80:0   -1.741662e-02 -0.1503385133  0.115505282 1.0000000
60:1-80:0   -1.680766e-02 -0.1331109282  0.099495607 1.0000000
61:1-80:0   -8.720657e-03 -0.1189676539  0.101526340 1.0000000
62:1-80:0   -9.569476e-03 -0.1266920600  0.107553109 1.0000000
63:1-80:0   -2.013808e-02 -0.1457191548  0.105443003 1.0000000
64:1-80:0    2.448000e-03 -0.1440465536  0.148942554 1.0000000
65:1-80:0   -5.629273e-03 -0.1565559975  0.145297452 1.0000000
66:1-80:0    5.712706e-03 -0.1599116417  0.171337053 1.0000000
67:1-80:0    4.694154e-03 -0.1528079417  0.162196249 1.0000000
68:1-80:0   -3.900322e-02 -0.1937169535  0.115710514 1.0000000
69:1-80:0    1.959000e-02 -0.1249113376  0.164091338 1.0000000
70:1-80:0    1.477164e-02 -0.1252824369  0.154825710 1.0000000
71:1-80:0    3.274562e-02 -0.1206562909  0.186147529 1.0000000
72:1-80:0   -1.432000e-03 -0.1652811157  0.162417116 1.0000000
73:1-80:0    2.902578e-02 -0.1207318610  0.178783417 1.0000000
74:1-80:0    2.230381e-02 -0.1298367531  0.174444381 1.0000000
75:1-80:0   -3.912756e-02 -0.1888851944  0.110630083 1.0000000
76:1-80:0    5.906730e-03 -0.1282877855  0.140101246 1.0000000
77:1-80:0    1.128646e-02 -0.1313502645  0.153923188 1.0000000
78:1-80:0    2.323967e-02 -0.1057067313  0.152186065 1.0000000
79:1-80:0   -2.416533e-02 -0.1453832416  0.097052575 1.0000000
80:1-80:0    4.179967e-03 -0.1083602662  0.116720201 1.0000000
81:1-80:0   -2.054119e-02 -0.1355658544  0.094483476 1.0000000
82:1-80:0   -3.915200e-02 -0.1554552678  0.077151268 1.0000000
83:1-80:0    2.758918e-02 -0.1159646011  0.171142954 1.0000000
84:1-80:0    4.697695e-02 -0.1120090899  0.205962985 1.0000000
85:1-80:0   -6.307809e-02 -0.2117088652  0.085552691 1.0000000
86:1-80:0    6.391750e-03 -0.1401028036  0.152886304 1.0000000
87:1-80:0   -2.163043e-02 -0.1651842090  0.121923346 1.0000000
88:1-80:0   -2.926051e-02 -0.1768043153  0.118283294 1.0000000
89:1-80:0    1.068678e-02 -0.1347942434  0.156167794 1.0000000
90:1-80:0    1.447559e-02 -0.1232218285  0.152173001 1.0000000
91:1-80:0   -3.329173e-02 -0.1617236124  0.095140160 1.0000000
92:1-80:0    2.790545e-02 -0.1196383578  0.175449251 1.0000000
93:1-80:0    1.676893e-02 -0.1353716369  0.168909497 1.0000000
94:1-80:0    4.068800e-02 -0.0844538292  0.165829829 1.0000000
95:1-80:0    5.134151e-02 -0.0751474211  0.177830434 1.0000000
96:1-80:0    6.781675e-02 -0.0573250792  0.192958579 0.9999995
97:1-80:0    3.467657e-02 -0.0995179443  0.168871087 1.0000000
98:1-80:0    2.344144e-02 -0.1120959917  0.158978877 1.0000000
99:1-80:0    5.774190e-03 -0.1177012284  0.129249609 1.0000000
100:1-80:0  -6.852402e-02 -0.1628015317  0.025753487 0.9286471
82:0-81:0    8.821581e-04 -0.1240812792  0.125845595 1.0000000
83:0-81:0    1.975458e-02 -0.1106174089  0.150126566 1.0000000
84:0-81:0   -4.012497e-02 -0.1718788421  0.091628905 1.0000000
85:0-81:0    2.523722e-02 -0.1432893251  0.193763767 1.0000000
86:0-81:0   -1.892131e-02 -0.1619225077  0.124079879 1.0000000
87:0-81:0   -1.836209e-02 -0.1684315155  0.131707340 1.0000000
88:0-81:0    3.790000e-02 -0.1163582161  0.192158216 1.0000000
89:0-81:0    3.564540e-02 -0.1157647237  0.187055530 1.0000000
90:0-81:0   -1.290970e-03 -0.1464797965  0.143897857 1.0000000
91:0-81:0   -3.565602e-02 -0.1737913740  0.102479328 1.0000000
92:0-81:0    7.252322e-02 -0.0656121287  0.210658573 0.9999999
93:0-81:0    4.063447e-02 -0.0966177807  0.177886727 1.0000000
94:0-81:0    4.945718e-02 -0.0886781664  0.187592535 1.0000000
95:0-81:0    5.782379e-02 -0.0909560424  0.206603627 1.0000000
96:0-81:0    6.240365e-02 -0.0708099715  0.195617273 1.0000000
97:0-81:0    3.034531e-02 -0.1060505451  0.166741174 1.0000000
98:0-81:0    9.363422e-03 -0.1325992981  0.151326143 1.0000000
99:0-81:0    5.123538e-02 -0.0778262985  0.180297068 1.0000000
100:0-81:0  -4.835548e-02 -0.1384885247  0.041777563 0.9999997
1:1-81:0    -6.037866e-02 -0.1529820905  0.032224761 0.9962822
2:1-81:0    -3.956745e-02 -0.1751323728  0.095997483 1.0000000
3:1-81:0     4.746985e-03 -0.1526070218  0.162100993 1.0000000
4:1-81:0    -4.744906e-03 -0.1620989137  0.152609101 1.0000000
5:1-81:0     9.305577e-02 -0.0938928425  0.280004381 1.0000000
6:1-81:0    -7.631731e-03 -0.1945803425  0.179316881 1.0000000
7:1-81:0     1.371538e-02 -0.1671684073  0.194599177 1.0000000
8:1-81:0    -3.176923e-02 -0.2429959923  0.179457531 1.0000000
9:1-81:0    -5.842308e-04 -0.2024504247  0.201281963 1.0000000
10:1-81:0    7.023626e-03 -0.2289100521  0.242957305 1.0000000
11:1-81:0   -2.567308e-02 -0.2065568688  0.155210715 1.0000000
12:1-81:0   -1.776397e-02 -0.2241170510  0.188589116 1.0000000
13:1-81:0   -7.547976e-02 -0.2818328405  0.130873326 1.0000000
14:1-81:0    1.752024e-02 -0.1888328405  0.223873326 1.0000000
15:1-81:0    2.895220e-02 -0.2069814807  0.264885876 1.0000000
16:1-81:0   -7.644066e-02 -0.3123743378  0.159493019 1.0000000
17:1-81:0   -3.994066e-02 -0.2376595681  0.157778249 1.0000000
18:1-81:0    2.232139e-02 -0.1441104609  0.188753249 1.0000000
19:1-81:0   -2.703688e-02 -0.1895795234  0.135505768 1.0000000
20:1-81:0   -2.592575e-02 -0.1711145791  0.119263074 1.0000000
21:1-81:0    2.601077e-02 -0.1149478193  0.166969358 1.0000000
22:1-81:0   -3.738923e-02 -0.1783478193  0.103569358 1.0000000
23:1-81:0   -5.634448e-03 -0.1959255184  0.184656622 1.0000000
24:1-81:0    1.521410e-02 -0.1555184561  0.185946661 1.0000000
25:1-81:0   -7.432217e-02 -0.2908662181  0.142221874 1.0000000
26:1-81:0   -6.838462e-03 -0.2507421168  0.237065194 1.0000000
27:1-81:0   -2.158974e-04 -0.2290178071  0.228586012 1.0000000
28:1-81:0    8.560000e-02 -0.1583036553  0.329503655 1.0000000
29:1-81:0    6.344656e-02 -0.1429065247  0.269799642 1.0000000
30:1-81:0    7.339103e-03 -0.2455455896  0.260223795 1.0000000
31:1-81:0   -4.660812e-02 -0.2578348812  0.164618642 1.0000000
32:1-81:0    2.273818e-02 -0.1553838685  0.200860222 1.0000000
33:1-81:0   -1.752378e-02 -0.2113954540  0.176347902 1.0000000
34:1-81:0   -2.385633e-02 -0.1923828735  0.144670218 1.0000000
35:1-81:0    9.124519e-03 -0.2132495473  0.231498586 1.0000000
36:1-81:0   -4.386923e-02 -0.2276891101  0.139950649 1.0000000
37:1-81:0   -1.028590e-02 -0.1810184561  0.160446661 1.0000000
38:1-81:0   -7.227217e-02 -0.2348148175  0.090270474 1.0000000
39:1-81:0   -7.498960e-03 -0.1648529677  0.149855047 1.0000000
40:1-81:0    8.369900e-03 -0.1368189269  0.153558726 1.0000000
41:1-81:0    1.208979e-02 -0.1196640880  0.143843659 1.0000000
42:1-81:0    6.904453e-03 -0.1488686096  0.162677516 1.0000000
43:1-81:0    4.376484e-03 -0.1563568977  0.165109865 1.0000000
44:1-81:0    2.203077e-02 -0.2218728860  0.265934424 1.0000000
45:1-81:0    1.456827e-02 -0.2078057973  0.236942336 1.0000000
46:1-81:0   -7.244066e-02 -0.3083743378  0.163493019 1.0000000
47:1-81:0    5.424327e-02 -0.1681307973  0.276617336 1.0000000
48:1-81:0    6.049744e-02 -0.1683044738  0.289299346 1.0000000
49:1-81:0    7.513122e-03 -0.2090309240  0.224057168 1.0000000
50:1-81:0   -7.421069e-02 -0.2256208213  0.077199433 1.0000000
51:1-81:0   -1.961923e-02 -0.2419932973  0.202754836 1.0000000
52:1-81:0   -1.185723e-02 -0.1956771101  0.171962649 1.0000000
53:1-81:0   -4.888173e-02 -0.2358303425  0.138066881 1.0000000
54:1-81:0    8.407085e-03 -0.1473659780  0.164180148 1.0000000
55:1-81:0    1.514952e-02 -0.1512823359  0.181581374 1.0000000
56:1-81:0    8.563077e-02 -0.0657793579  0.237040896 0.9999934
57:1-81:0   -1.946645e-02 -0.1784721826  0.139539277 1.0000000
58:1-81:0    1.769952e-02 -0.1253016743  0.160700713 1.0000000
59:1-81:0   -2.833846e-03 -0.1318955293  0.126227837 1.0000000
60:1-81:0   -2.224891e-03 -0.1140959652  0.109646183 1.0000000
61:1-81:0    5.862113e-03 -0.0996987112  0.111422936 1.0000000
62:1-81:0    5.013294e-03 -0.1077093168  0.117735904 1.0000000
63:1-81:0   -5.555307e-03 -0.1270431435  0.115932530 1.0000000
64:1-81:0    1.703077e-02 -0.1259704243  0.160031963 1.0000000
65:1-81:0    8.953497e-03 -0.1385848489  0.156491842 1.0000000
66:1-81:0    2.029548e-02 -0.1422471704  0.182838121 1.0000000
67:1-81:0    1.927692e-02 -0.1349812930  0.173535139 1.0000000
68:1-81:0   -2.442045e-02 -0.1758305774  0.126989677 1.0000000
69:1-81:0    3.417277e-02 -0.1067858193  0.175131358 1.0000000
70:1-81:0    2.935441e-02 -0.1070414541  0.165750265 1.0000000
71:1-81:0    4.732839e-02 -0.1027410393  0.197397816 1.0000000
72:1-81:0    1.315077e-02 -0.1475826120  0.173884150 1.0000000
73:1-81:0    4.360855e-02 -0.1027336461  0.189950740 1.0000000
74:1-81:0    3.688658e-02 -0.1118932517  0.185666418 1.0000000
75:1-81:0   -2.454479e-02 -0.1708869795  0.121797407 1.0000000
76:1-81:0    2.048950e-02 -0.1098824882  0.150861487 1.0000000
77:1-81:0    2.586923e-02 -0.1131772461  0.164915708 1.0000000
78:1-81:0    3.782244e-02 -0.0871410015  0.162785873 1.0000000
79:1-81:0   -9.582564e-03 -0.1265546480  0.107389520 1.0000000
80:1-81:0    1.876274e-02 -0.0891909169  0.126716390 1.0000000
81:1-81:0   -5.958420e-03 -0.1164996373  0.104582797 1.0000000
82:1-81:0   -2.456923e-02 -0.1364403049  0.087301843 1.0000000
83:1-81:0    4.217195e-02 -0.0978151043  0.182158996 1.0000000
84:1-81:0    6.155972e-02 -0.0942133464  0.217332780 1.0000000
85:1-81:0   -4.849532e-02 -0.1936841443  0.096693509 1.0000000
86:1-81:0    2.097452e-02 -0.1220266743  0.163975713 1.0000000
87:1-81:0   -7.047662e-03 -0.1470347122  0.132939388 1.0000000
88:1-81:0   -1.467774e-02 -0.1587536291  0.129398146 1.0000000
89:1-81:0    2.526954e-02 -0.1166931756  0.167232265 1.0000000
90:1-81:0    2.905836e-02 -0.1049165121  0.163033223 1.0000000
91:1-81:0   -1.870896e-02 -0.1431414146  0.105723501 1.0000000
92:1-81:0    4.248822e-02 -0.1015876716  0.186564104 1.0000000
93:1-81:0    3.135170e-02 -0.1174281354  0.180131534 1.0000000
94:1-81:0    5.527077e-02 -0.0657629638  0.176304502 1.0000000
95:1-81:0    6.592428e-02 -0.0565017669  0.188350318 0.9999996
96:1-81:0    8.239952e-02 -0.0386342138  0.203433252 0.9856054
97:1-81:0    4.925934e-02 -0.0811126470  0.179631328 1.0000000
98:1-81:0    3.802421e-02 -0.0937296618  0.169778085 1.0000000
99:1-81:0    2.035696e-02 -0.0989529988  0.139666918 1.0000000
100:1-81:0  -5.394125e-02 -0.1426933567  0.034810851 0.9997636
83:0-82:0    1.887242e-02 -0.1250543567  0.162799198 1.0000000
84:0-82:0   -4.100713e-02 -0.1861868266  0.104172573 1.0000000
85:0-82:0    2.435506e-02 -0.1548634038  0.203573529 1.0000000
86:0-82:0   -1.980347e-02 -0.1752621594  0.135655215 1.0000000
87:0-82:0   -1.924425e-02 -0.1812284896  0.142739997 1.0000000
88:0-82:0    3.701784e-02 -0.1288545768  0.202890261 1.0000000
89:0-82:0    3.476325e-02 -0.1284638623  0.197990353 1.0000000
90:0-82:0   -2.173128e-03 -0.1596464827  0.155300227 1.0000000
91:0-82:0   -3.653818e-02 -0.1875330064  0.114456644 1.0000000
92:0-82:0    7.164106e-02 -0.0793537611  0.222635889 1.0000000
93:0-82:0    3.975231e-02 -0.1104350455  0.189939675 1.0000000
94:0-82:0    4.857503e-02 -0.1024197989  0.199569851 1.0000000
95:0-82:0    5.694163e-02 -0.1038486058  0.217731875 1.0000000
96:0-82:0    6.152149e-02 -0.0849842452  0.208027230 1.0000000
97:0-82:0    2.946316e-02 -0.1199419726  0.178868286 1.0000000
98:0-82:0    8.481264e-03 -0.1460227035  0.162985232 1.0000000
99:0-82:0    5.035323e-02 -0.0923877281  0.193094181 1.0000000
100:0-82:0  -4.923764e-02 -0.1580587199  0.059583442 1.0000000
1:1-82:0    -6.126082e-02 -0.1721366838  0.049615038 0.9999983
2:1-82:0    -4.044960e-02 -0.1890965396  0.108197333 1.0000000
3:1-82:0     3.864827e-03 -0.1648904560  0.172620111 1.0000000
4:1-82:0    -5.627065e-03 -0.1743823479  0.163128219 1.0000000
5:1-82:0     9.217361e-02 -0.1044678023  0.288815025 1.0000000
6:1-82:0    -8.513889e-03 -0.2051553023  0.188127525 1.0000000
7:1-82:0     1.283323e-02 -0.1780515771  0.203718030 1.0000000
8:1-82:0    -3.265139e-02 -0.2525031727  0.187200395 1.0000000
9:1-82:0    -1.466389e-03 -0.2123408120  0.209408034 1.0000000
10:1-82:0    6.141468e-03 -0.2375443186  0.249827255 1.0000000
11:1-82:0   -2.655524e-02 -0.2174400386  0.164329569 1.0000000
12:1-82:0   -1.864613e-02 -0.2338196768  0.196527425 1.0000000
13:1-82:0   -7.636192e-02 -0.2915354663  0.138811636 1.0000000
14:1-82:0    1.663808e-02 -0.1985354663  0.231811636 1.0000000
15:1-82:0    2.807004e-02 -0.2156157472  0.271755827 1.0000000
16:1-82:0   -7.732282e-02 -0.3210086043  0.166362969 1.0000000
17:1-82:0   -4.082282e-02 -0.2477305963  0.166084961 1.0000000
18:1-82:0    2.143924e-02 -0.1558109387  0.198689411 1.0000000
19:1-82:0   -2.791904e-02 -0.2015225316  0.145684460 1.0000000
20:1-82:0   -2.680791e-02 -0.1842812653  0.130665444 1.0000000
21:1-82:0    2.512861e-02 -0.1284532425  0.178710465 1.0000000
22:1-82:0   -3.827139e-02 -0.1918532425  0.115310465 1.0000000
23:1-82:0   -6.516606e-03 -0.2063384106  0.193305198 1.0000000
24:1-82:0    1.433194e-02 -0.1669624809  0.195626370 1.0000000
25:1-82:0   -7.520433e-02 -0.3001696296  0.149760969 1.0000000
26:1-82:0   -7.720620e-03 -0.2591307529  0.243689514 1.0000000
27:1-82:0   -1.098056e-03 -0.2378856734  0.235689562 1.0000000
28:1-82:0    8.471784e-02 -0.1666922914  0.336127975 1.0000000
29:1-82:0    6.256440e-02 -0.1526091505  0.277737952 1.0000000
30:1-82:0    6.456944e-03 -0.2536751943  0.266589083 1.0000000
31:1-82:0   -4.749028e-02 -0.2673420616  0.172361506 1.0000000
32:1-82:0    2.185602e-02 -0.1664138012  0.210125838 1.0000000
33:1-82:0   -1.840593e-02 -0.2216405020  0.184828633 1.0000000
34:1-82:0   -2.473849e-02 -0.2039569522  0.154479981 1.0000000
35:1-82:0    8.242361e-03 -0.2223401351  0.238824857 1.0000000
36:1-82:0   -4.475139e-02 -0.2384207208  0.148917943 1.0000000
37:1-82:0   -1.116806e-02 -0.1924624809  0.170126370 1.0000000
38:1-82:0   -7.315433e-02 -0.2467578257  0.100449166 1.0000000
39:1-82:0   -8.381119e-03 -0.1771364020  0.160374165 1.0000000
40:1-82:0    7.487742e-03 -0.1499856131  0.164961096 1.0000000
41:1-82:0    1.120763e-02 -0.1339720725  0.156387327 1.0000000
42:1-82:0    6.022295e-03 -0.1612598293  0.173304420 1.0000000
43:1-82:0    3.494325e-03 -0.1684163546  0.175405005 1.0000000
44:1-82:0    2.114861e-02 -0.2302615222  0.272558744 1.0000000
45:1-82:0    1.368611e-02 -0.2168963851  0.244268607 1.0000000
46:1-82:0   -7.332282e-02 -0.3170086043  0.170362969 1.0000000
47:1-82:0    5.336111e-02 -0.1772213851  0.283943607 1.0000000
48:1-82:0    5.961528e-02 -0.1771723400  0.296402896 1.0000000
49:1-82:0    6.630964e-03 -0.2183343355  0.231596264 1.0000000
50:1-82:0   -7.509285e-02 -0.2383199599  0.088134255 1.0000000
51:1-82:0   -2.050139e-02 -0.2510838851  0.210081107 1.0000000
52:1-82:0   -1.273939e-02 -0.2064087208  0.180929943 1.0000000
53:1-82:0   -4.976389e-02 -0.2464053023  0.146877525 1.0000000
54:1-82:0    7.524927e-03 -0.1597571978  0.174807052 1.0000000
55:1-82:0    1.426736e-02 -0.1629828137  0.191517536 1.0000000
56:1-82:0    8.474861e-02 -0.0784784965  0.247975719 1.0000000
57:1-82:0   -2.034861e-02 -0.1906450706  0.149947848 1.0000000
58:1-82:0    1.681736e-02 -0.1386413261  0.172276048 1.0000000
59:1-82:0   -3.716004e-03 -0.1464569589  0.139024950 1.0000000
60:1-82:0   -3.107049e-03 -0.1305166222  0.124302524 1.0000000
61:1-82:0    4.979954e-03 -0.1169263603  0.126886269 1.0000000
62:1-82:0    4.131135e-03 -0.1240267709  0.132289042 1.0000000
63:1-82:0   -6.437465e-03 -0.1423689054  0.129493976 1.0000000
64:1-82:0    1.614861e-02 -0.1393100761  0.171607298 1.0000000
65:1-82:0    8.071338e-03 -0.1515708410  0.167713518 1.0000000
66:1-82:0    1.941332e-02 -0.1541901786  0.193016813 1.0000000
67:1-82:0    1.839476e-02 -0.1474776537  0.184267184 1.0000000
68:1-82:0   -2.530261e-02 -0.1885297160  0.137924499 1.0000000
69:1-82:0    3.329061e-02 -0.1202912425  0.186872465 1.0000000
70:1-82:0    2.847225e-02 -0.1209328817  0.177877377 1.0000000
71:1-82:0    4.644623e-02 -0.1155380134  0.208430474 1.0000000
72:1-82:0    1.226861e-02 -0.1596420689  0.184179291 1.0000000
73:1-82:0    4.272639e-02 -0.1158109870  0.201263765 1.0000000
74:1-82:0    3.600443e-02 -0.1247858151  0.196794665 1.0000000
75:1-82:0   -2.542694e-02 -0.1839643204  0.133110431 1.0000000
76:1-82:0    1.960734e-02 -0.1243194360  0.163534119 1.0000000
77:1-82:0    2.498707e-02 -0.1268417283  0.176815874 1.0000000
78:1-82:0    3.694028e-02 -0.1021061991  0.175986755 1.0000000
79:1-82:0   -1.046472e-02 -0.1423757925  0.121446348 1.0000000
80:1-82:0    1.788058e-02 -0.1061035067  0.141864663 1.0000000
81:1-82:0   -6.840578e-03 -0.1330840841  0.119402928 1.0000000
82:1-82:0   -2.545139e-02 -0.1528609619  0.101958184 1.0000000
83:1-82:0    4.128979e-02 -0.1114008678  0.193980443 1.0000000
84:1-82:0    6.067756e-02 -0.1066045662  0.227959683 1.0000000
85:1-82:0   -4.937748e-02 -0.2068508305  0.108095879 1.0000000
86:1-82:0    2.009236e-02 -0.1353663261  0.175551048 1.0000000
87:1-82:0   -7.929820e-03 -0.1606204757  0.144760835 1.0000000
88:1-82:0   -1.555990e-02 -0.1720077294  0.140887930 1.0000000
89:1-82:0    2.438739e-02 -0.1301165811  0.178891354 1.0000000
90:1-82:0    2.817620e-02 -0.1190220609  0.175374455 1.0000000
91:1-82:0   -1.959111e-02 -0.1581605871  0.118978357 1.0000000
92:1-82:0    4.160606e-02 -0.1148417719  0.198053888 1.0000000
93:1-82:0    3.046954e-02 -0.1303206988  0.191259782 1.0000000
94:1-82:0    5.438861e-02 -0.0811371304  0.189914353 1.0000000
95:1-82:0    6.504212e-02 -0.0717284859  0.201812721 1.0000000
96:1-82:0    8.151736e-02 -0.0540083804  0.217043103 0.9998520
97:1-82:0    4.837718e-02 -0.0955495948  0.192303960 1.0000000
98:1-82:0    3.714205e-02 -0.1080376462  0.182321754 1.0000000
99:1-82:0    1.947480e-02 -0.1145137362  0.153463339 1.0000000
100:1-82:0  -5.482341e-02 -0.1625034834  0.052856661 1.0000000
84:0-83:0   -5.987955e-02 -0.2097399482  0.089980854 1.0000000
85:0-83:0    5.482642e-03 -0.1775481019  0.188513386 1.0000000
86:0-83:0   -3.867589e-02 -0.1985145550  0.121162769 1.0000000
87:0-83:0   -3.811667e-02 -0.2043089939  0.128075661 1.0000000
88:0-83:0    1.814542e-02 -0.1518388538  0.188129696 1.0000000
89:0-83:0    1.589082e-02 -0.1515131274  0.183294777 1.0000000
90:0-83:0   -2.104555e-02 -0.1828443494  0.140753252 1.0000000
91:0-83:0   -5.541060e-02 -0.2109111861  0.100089982 1.0000000
92:0-83:0    5.276864e-02 -0.1027319409  0.208269227 1.0000000
93:0-83:0    2.087989e-02 -0.1338367425  0.175596531 1.0000000
94:0-83:0    2.970261e-02 -0.1257979786  0.185203190 1.0000000
95:0-83:0    3.806921e-02 -0.1269595590  0.203097986 1.0000000
96:0-83:0    4.264907e-02 -0.1084963074  0.193794451 1.0000000
97:0-83:0    1.059074e-02 -0.1433666838  0.164548156 1.0000000
98:0-83:0   -1.039116e-02 -0.1693014158  0.148519103 1.0000000
99:0-83:0    3.148081e-02 -0.1160182606  0.178979872 1.0000000
100:0-83:0  -6.811006e-02 -0.1831014599  0.046881341 0.9999282
1:1-83:0    -8.013324e-02 -0.1970710518  0.036804565 0.9827050
2:1-83:0    -5.932202e-02 -0.2125437787  0.093899731 1.0000000
3:1-83:0    -1.500759e-02 -0.1878061470  0.157790960 1.0000000
4:1-83:0    -2.449949e-02 -0.1972980388  0.148299068 1.0000000
5:1-83:0     7.330119e-02 -0.1268208722  0.273423253 1.0000000
6:1-83:0    -2.738631e-02 -0.2275083722  0.172735753 1.0000000
7:1-83:0    -6.039194e-03 -0.2005077076  0.188429319 1.0000000
8:1-83:0    -5.152381e-02 -0.2744942141  0.171446595 1.0000000
9:1-83:0    -2.033881e-02 -0.2344626447  0.193785026 1.0000000
10:1-83:0   -1.273095e-02 -0.2592340095  0.233772105 1.0000000
11:1-83:0   -4.542766e-02 -0.2398961691  0.149040858 1.0000000
12:1-83:0   -3.751855e-02 -0.2558775434  0.180840451 1.0000000
13:1-83:0   -9.523434e-02 -0.3135933328  0.123124661 1.0000000
14:1-83:0   -2.234336e-03 -0.2205933328  0.216124661 1.0000000
15:1-83:0    9.197619e-03 -0.2373054381  0.255700676 1.0000000
16:1-83:0   -9.619524e-02 -0.3426982953  0.150307819 1.0000000
17:1-83:0   -5.969524e-02 -0.2699137516  0.150523275 1.0000000
18:1-83:0    2.566815e-03 -0.1785370744  0.183670705 1.0000000
19:1-83:0   -4.679146e-02 -0.2243278421  0.130744929 1.0000000
20:1-83:0   -4.568033e-02 -0.2074791320  0.116118469 1.0000000
21:1-83:0    6.256190e-03 -0.1517576704  0.164270051 1.0000000
22:1-83:0   -5.714381e-02 -0.2151576704  0.100870051 1.0000000
23:1-83:0   -2.538903e-02 -0.2286370231  0.177858969 1.0000000
24:1-83:0   -4.540476e-03 -0.1896044196  0.180523467 1.0000000
25:1-83:0   -9.407675e-02 -0.3220907426  0.133937241 1.0000000
26:1-83:0   -2.659304e-02 -0.2807348306  0.227548750 1.0000000
27:1-83:0   -1.997048e-02 -0.2596564592  0.219715507 1.0000000
28:1-83:0    6.584542e-02 -0.1882963691  0.319987212 1.0000000
29:1-83:0    4.369198e-02 -0.1746670171  0.262050977 1.0000000
30:1-83:0   -1.241548e-02 -0.2751886180  0.250357666 1.0000000
31:1-83:0   -6.636270e-02 -0.2893331030  0.156607706 1.0000000
32:1-83:0    2.983598e-03 -0.1889187718  0.194885968 1.0000000
33:1-83:0   -3.727835e-02 -0.2438825272  0.169325817 1.0000000
34:1-83:0   -4.361091e-02 -0.2266416502  0.139419838 1.0000000
35:1-83:0   -1.063006e-02 -0.2441879368  0.222927818 1.0000000
36:1-83:0   -6.362381e-02 -0.2608262552  0.133578636 1.0000000
37:1-83:0   -3.004048e-02 -0.2151044196  0.155023467 1.0000000
38:1-83:0   -9.202675e-02 -0.2695631362  0.085509635 1.0000000
39:1-83:0   -2.725354e-02 -0.2000520929  0.145545014 1.0000000
40:1-83:0   -1.138468e-02 -0.1731834798  0.150414122 1.0000000
41:1-83:0   -7.664793e-03 -0.1575251941  0.142195608 1.0000000
42:1-83:0   -1.285013e-02 -0.1842102832  0.158510033 1.0000000
43:1-83:0   -1.537810e-02 -0.1912595223  0.160503332 1.0000000
44:1-83:0    2.276190e-03 -0.2518655999  0.256417981 1.0000000
45:1-83:0   -5.186310e-03 -0.2387441868  0.228371568 1.0000000
46:1-83:0   -9.219524e-02 -0.3386982953  0.154307819 1.0000000
47:1-83:0    3.448869e-02 -0.1990691868  0.268046568 1.0000000
48:1-83:0    4.074286e-02 -0.1989431258  0.280428840 1.0000000
49:1-83:0   -1.224146e-02 -0.2402554484  0.215772535 1.0000000
50:1-83:0   -9.396527e-02 -0.2613692249  0.073438679 0.9999957
51:1-83:0   -3.937381e-02 -0.2729316868  0.194184068 1.0000000
52:1-83:0   -3.161181e-02 -0.2288142552  0.165590636 1.0000000
53:1-83:0   -6.863631e-02 -0.2687583722  0.131485753 1.0000000
54:1-83:0   -1.134749e-02 -0.1827076516  0.160012664 1.0000000
55:1-83:0   -4.605060e-03 -0.1857089494  0.176498830 1.0000000
56:1-83:0    6.587619e-02 -0.1015277615  0.233280142 1.0000000
57:1-83:0   -3.922103e-02 -0.2135250150  0.135082952 1.0000000
58:1-83:0   -2.055060e-03 -0.1618937216  0.157783603 1.0000000
59:1-83:0   -2.258842e-02 -0.1700874914  0.124910642 1.0000000
60:1-83:0   -2.197947e-02 -0.1546979455  0.110739006 1.0000000
61:1-83:0   -1.389247e-02 -0.1413371368  0.113552204 1.0000000
62:1-83:0   -1.474129e-02 -0.1481783244  0.118695754 1.0000000
63:1-83:0   -2.530989e-02 -0.1662295471  0.115609776 1.0000000
64:1-83:0   -2.723810e-03 -0.1625624716  0.157114853 1.0000000
65:1-83:0   -1.080108e-02 -0.1747114843  0.153109320 1.0000000
66:1-83:0    5.408964e-04 -0.1769954891  0.178077282 1.0000000
67:1-83:0   -4.776557e-04 -0.1704619307  0.169506619 1.0000000
68:1-83:0   -4.417503e-02 -0.2115789810  0.123228923 1.0000000
69:1-83:0    1.441819e-02 -0.1435956704  0.172432051 1.0000000
70:1-83:0    9.599827e-03 -0.1443575929  0.163557247 1.0000000
71:1-83:0    2.757381e-02 -0.1386185177  0.193766137 1.0000000
72:1-83:0   -6.603810e-03 -0.1824852366  0.169277618 1.0000000
73:1-83:0    2.385397e-02 -0.1389805921  0.186688529 1.0000000
74:1-83:0    1.713200e-02 -0.1478967683  0.182160777 1.0000000
75:1-83:0   -4.429937e-02 -0.2071339254  0.118535195 1.0000000
76:1-83:0    7.349206e-04 -0.1479120158  0.149381857 1.0000000
77:1-83:0    6.114652e-03 -0.1501958700  0.162425174 1.0000000
78:1-83:0    1.806786e-02 -0.1258589202  0.161994634 1.0000000
79:1-83:0   -2.933714e-02 -0.1663828467  0.107708561 1.0000000
80:1-83:0   -9.918423e-04 -0.1304254075  0.128441723 1.0000000
81:1-83:0   -2.571300e-02 -0.1573124565  0.105886459 1.0000000
82:1-83:0   -4.432381e-02 -0.1770422851  0.088394666 1.0000000
83:1-83:0    2.241737e-02 -0.1347304320  0.179565166 1.0000000
84:1-83:0    4.180514e-02 -0.1295550200  0.213165296 1.0000000
85:1-83:0   -6.824990e-02 -0.2300486972  0.093548904 1.0000000
86:1-83:0    1.219940e-03 -0.1586187216  0.161058603 1.0000000
87:1-83:0   -2.680224e-02 -0.1839500399  0.130345558 1.0000000
88:1-83:0   -3.443232e-02 -0.1952331844  0.126368544 1.0000000
89:1-83:0    5.514966e-03 -0.1533952933  0.164425225 1.0000000
90:1-83:0    9.303777e-03 -0.1425129605  0.161120514 1.0000000
91:1-83:0   -3.846354e-02 -0.1819295353  0.105002464 1.0000000
92:1-83:0    2.273364e-02 -0.1380672270  0.183534502 1.0000000
93:1-83:0    1.159712e-02 -0.1534316520  0.176625893 1.0000000
94:1-83:0    3.551619e-02 -0.1050121735  0.176044554 1.0000000
95:1-83:0    4.616970e-02 -0.0955595959  0.187898990 1.0000000
96:1-83:0    6.264494e-02 -0.0778834235  0.203173304 1.0000000
97:1-83:0    2.950476e-02 -0.1191421745  0.178151698 1.0000000
98:1-83:0    1.826963e-02 -0.1315907678  0.168130034 1.0000000
99:1-83:0    6.023810e-04 -0.1384440960  0.139648858 1.0000000
100:1-83:0  -7.369583e-02 -0.1876080456  0.040216382 0.9971647
85:0-84:0    6.536219e-02 -0.1186554220  0.249379801 1.0000000
86:0-84:0    2.120365e-02 -0.1397641249  0.182171434 1.0000000
87:0-84:0    2.176288e-02 -0.1455156826  0.189041444 1.0000000
88:0-84:0    7.802497e-02 -0.0930214633  0.249071400 1.0000000
89:0-84:0    7.577037e-02 -0.0927120047  0.244252748 1.0000000
90:0-84:0    3.883400e-02 -0.1240803347  0.201748332 1.0000000
91:0-84:0    4.468945e-03 -0.1521920254  0.161129916 1.0000000
92:0-84:0    1.126482e-01 -0.0440127802  0.269309161 0.9432107
93:0-84:0    8.075944e-02 -0.0751234176  0.236642300 1.0000000
94:0-84:0    8.958215e-02 -0.0670788179  0.246243123 0.9999880
95:0-84:0    9.794876e-02 -0.0681738561  0.264071378 0.9999425
96:0-84:0    1.025286e-01 -0.0498103245  0.254867563 0.9897084
97:0-84:0    7.047028e-02 -0.0846590666  0.225599633 1.0000000
98:0-84:0    4.948839e-02 -0.1105575357  0.209534317 1.0000000
99:0-84:0    9.136035e-02 -0.0573615440  0.240082250 0.9996236
100:0-84:0  -8.230512e-03 -0.1247862939  0.108325269 1.0000000
1:1-84:0    -2.025370e-02 -0.1387301879  0.098222795 1.0000000
2:1-84:0     5.575234e-04 -0.1538417455  0.154956792 1.0000000
3:1-84:0     4.487195e-02 -0.1289715625  0.218715470 1.0000000
4:1-84:0     3.538006e-02 -0.1384634544  0.209223578 1.0000000
5:1-84:0     1.331807e-01 -0.0678443056  0.334205781 0.9936876
6:1-84:0     3.249324e-02 -0.1685318056  0.233518281 1.0000000
7:1-84:0     5.384035e-02 -0.1415572692  0.249237975 1.0000000
8:1-84:0     8.355738e-03 -0.2154254711  0.232136946 1.0000000
9:1-84:0     3.954074e-02 -0.1754272712  0.254508747 1.0000000
10:1-84:0    4.714859e-02 -0.2000881040  0.294385294 1.0000000
11:1-84:0    1.445189e-02 -0.1809457307  0.209849514 1.0000000
12:1-84:0    2.236100e-02 -0.1968258592  0.241547861 1.0000000
13:1-84:0   -3.535479e-02 -0.2545416487  0.183832071 1.0000000
14:1-84:0    5.764521e-02 -0.1615416487  0.276832071 1.0000000
15:1-84:0    6.907717e-02 -0.1781595326  0.316313865 1.0000000
16:1-84:0   -3.631569e-02 -0.2835523897  0.210921008 1.0000000
17:1-84:0    1.843091e-04 -0.2108939974  0.211262616 1.0000000
18:1-84:0    6.244636e-02 -0.1196548372  0.244547563 1.0000000
19:1-84:0    1.308809e-02 -0.1654655322  0.191641713 1.0000000
20:1-84:0    1.419922e-02 -0.1487151173  0.177113549 1.0000000
21:1-84:0    6.613574e-02 -0.0930201867  0.225291662 1.0000000
22:1-84:0    2.735738e-03 -0.1564201867  0.161891662 1.0000000
23:1-84:0    3.449052e-02 -0.1696466297  0.238627670 1.0000000
24:1-84:0    5.533907e-02 -0.1307009548  0.241379097 1.0000000
25:1-84:0   -3.419720e-02 -0.2630041276  0.194609721 1.0000000
26:1-84:0    3.328651e-02 -0.2215669366  0.288139950 1.0000000
27:1-84:0    3.990907e-02 -0.2005313550  0.280349497 1.0000000
28:1-84:0    1.257250e-01 -0.1291284750  0.380578412 1.0000000
29:1-84:0    1.035715e-01 -0.1156153329  0.322758387 1.0000000
30:1-84:0    4.746407e-02 -0.2159974103  0.310925552 1.0000000
31:1-84:0   -6.483151e-03 -0.2302643599  0.217298058 1.0000000
32:1-84:0    6.286315e-02 -0.1299806973  0.255706988 1.0000000
33:1-84:0    2.260119e-02 -0.1848777513  0.230080136 1.0000000
34:1-84:0    1.626864e-02 -0.1677489704  0.200286252 1.0000000
35:1-84:0    4.924949e-02 -0.1850825632  0.283581539 1.0000000
36:1-84:0   -3.744262e-03 -0.2018629960  0.194374471 1.0000000
37:1-84:0    2.983907e-02 -0.1562009548  0.215879097 1.0000000
38:1-84:0   -3.214720e-02 -0.2107008263  0.146406419 1.0000000
39:1-84:0    3.262601e-02 -0.1412175084  0.206469524 1.0000000
40:1-84:0    4.849487e-02 -0.1144194651  0.211409201 1.0000000
41:1-84:0    5.221475e-02 -0.0988493642  0.203278872 1.0000000
42:1-84:0    4.702942e-02 -0.1253844168  0.219443261 1.0000000
43:1-84:0    4.450145e-02 -0.1324067288  0.221409633 1.0000000
44:1-84:0    6.215574e-02 -0.1926977058  0.317009181 1.0000000
45:1-84:0    5.469324e-02 -0.1796388132  0.289025289 1.0000000
46:1-84:0   -3.231569e-02 -0.2795523897  0.214921008 1.0000000
47:1-84:0    9.436824e-02 -0.1399638132  0.328700289 1.0000000
48:1-84:0    1.006224e-01 -0.1398180217  0.341062830 1.0000000
49:1-84:0    4.763809e-02 -0.1811688335  0.276445015 1.0000000
50:1-84:0   -3.408573e-02 -0.2025681022  0.134396651 1.0000000
51:1-84:0    2.050574e-02 -0.2138263132  0.254837789 1.0000000
52:1-84:0    2.826774e-02 -0.1698509960  0.226386471 1.0000000
53:1-84:0   -8.756762e-03 -0.2097818056  0.192268281 1.0000000
54:1-84:0    4.853205e-02 -0.1238817852  0.220945892 1.0000000
55:1-84:0    5.527449e-02 -0.1268267122  0.237375688 1.0000000
56:1-84:0    1.257557e-01 -0.0427266388  0.294238114 0.8812691
57:1-84:0    2.065852e-02 -0.1546814590  0.195998490 1.0000000
58:1-84:0    5.782449e-02 -0.1031432916  0.218792267 1.0000000
59:1-84:0    3.729112e-02 -0.1114307747  0.186013019 1.0000000
60:1-84:0    3.790008e-02 -0.0961761019  0.171976257 1.0000000
61:1-84:0    4.598708e-02 -0.0828708722  0.174845034 1.0000000
62:1-84:0    4.513826e-02 -0.0896492429  0.179925767 1.0000000
63:1-84:0    3.456966e-02 -0.1076294208  0.176768744 1.0000000
64:1-84:0    5.715574e-02 -0.1038120416  0.218123517 1.0000000
65:1-84:0    4.907846e-02 -0.1159331951  0.214090125 1.0000000
66:1-84:0    6.042044e-02 -0.1181331792  0.238974066 1.0000000
67:1-84:0    5.940189e-02 -0.1116445402  0.230448323 1.0000000
68:1-84:0    1.570452e-02 -0.1527778583  0.184186895 1.0000000
69:1-84:0    7.429774e-02 -0.0848581867  0.233453662 1.0000000
70:1-84:0    6.947937e-02 -0.0856499757  0.224608724 1.0000000
71:1-84:0    8.745336e-02 -0.0798252064  0.254731920 0.9999999
72:1-84:0    5.327574e-02 -0.1236324431  0.230183919 1.0000000
73:1-84:0    8.373352e-02 -0.0802095298  0.247676561 1.0000000
74:1-84:0    7.701155e-02 -0.0891110654  0.243134169 1.0000000
75:1-84:0    1.558018e-02 -0.1483628632  0.179523227 1.0000000
76:1-84:0    6.061447e-02 -0.0892459331  0.210474869 1.0000000
77:1-84:0    6.599420e-02 -0.0914707408  0.223459139 1.0000000
78:1-84:0    7.794740e-02 -0.0672322956  0.223127104 0.9999997
79:1-84:0    3.054240e-02 -0.1078185475  0.168903356 1.0000000
80:1-84:0    5.888770e-02 -0.0719376591  0.189713069 1.0000000
81:1-84:0    3.416655e-02 -0.0988020393  0.167135136 1.0000000
82:1-84:0    1.555574e-02 -0.1185204415  0.149631917 1.0000000
83:1-84:0    8.229691e-02 -0.0759991969  0.240593025 1.0000000
84:1-84:0    1.016847e-01 -0.0707291536  0.274098524 0.9999417
85:1-84:0   -8.370349e-03 -0.1712846825  0.154543984 1.0000000
86:1-84:0    6.109949e-02 -0.0998682916  0.222067267 1.0000000
87:1-84:0    3.307731e-02 -0.1252188048  0.191373417 1.0000000
88:1-84:0    2.544723e-02 -0.1364760449  0.187370499 1.0000000
89:1-84:0    6.539451e-02 -0.0946514133  0.225440440 1.0000000
90:1-84:0    6.918332e-02 -0.0838217406  0.222188388 1.0000000
91:1-84:0    2.141601e-02 -0.1233069000  0.166138923 1.0000000
92:1-84:0    8.261318e-02 -0.0793100875  0.244536457 1.0000000
93:1-84:0    7.147667e-02 -0.0946459491  0.237599285 1.0000000
94:1-84:0    9.539574e-02 -0.0464155776  0.237207053 0.9898609
95:1-84:0    1.060492e-01 -0.0369522261  0.249050715 0.8943655
96:1-84:0    1.225245e-01 -0.0192868276  0.264335803 0.3830633
97:1-84:0    8.938431e-02 -0.0604760918  0.239244710 0.9999000
98:1-84:0    7.814918e-02 -0.0729149379  0.229213299 1.0000000
99:1-84:0    6.048193e-02 -0.0798610474  0.200824904 1.0000000
100:1-84:0  -1.381628e-02 -0.1293074985  0.101674930 1.0000000
86:0-85:0   -4.415853e-02 -0.2363894883  0.148072418 1.0000000
87:0-85:0   -4.359931e-02 -0.2411448254  0.153946208 1.0000000
88:0-85:0    1.266278e-02 -0.1880833174  0.213408876 1.0000000
89:0-85:0    1.040818e-02 -0.1881577377  0.208974103 1.0000000
90:0-85:0   -2.652819e-02 -0.2203920436  0.167335662 1.0000000
91:0-85:0   -6.089324e-02 -0.2495325115  0.127746023 1.0000000
92:0-85:0    4.728600e-02 -0.1413532662  0.235925269 1.0000000
93:0-85:0    1.539725e-02 -0.1725963095  0.203390814 1.0000000
94:0-85:0    2.421996e-02 -0.1644193039  0.212859231 1.0000000
95:0-85:0    3.258657e-02 -0.1639810690  0.229154212 1.0000000
96:0-85:0    3.716643e-02 -0.1478991456  0.222232005 1.0000000
97:0-85:0    5.108094e-03 -0.1822611369  0.192477325 1.0000000
98:0-85:0   -1.587380e-02 -0.2073334863  0.175585889 1.0000000
99:0-85:0    2.599816e-02 -0.1561015785  0.208097906 1.0000000
100:0-85:0  -7.359270e-02 -0.2305237810  0.083338378 1.0000000
1:1-85:0    -8.561589e-02 -0.2439787365  0.072746965 0.9999995
2:1-85:0    -6.480467e-02 -0.2515698867  0.121960555 1.0000000
3:1-85:0    -2.049024e-02 -0.2236248747  0.182644404 1.0000000
4:1-85:0    -2.998213e-02 -0.2331167665  0.173152512 1.0000000
5:1-85:0     6.781855e-02 -0.1590143890  0.294651486 1.0000000
6:1-85:0    -3.286895e-02 -0.2597018890  0.193963986 1.0000000
7:1-85:0    -1.152184e-02 -0.2333829285  0.210339256 1.0000000
8:1-85:0    -5.700645e-02 -0.3042313348  0.190218432 1.0000000
9:1-85:0    -2.582145e-02 -0.2650981916  0.213455288 1.0000000
10:1-85:0   -1.821359e-02 -0.2868548026  0.250427614 1.0000000
11:1-85:0   -5.091030e-02 -0.2727713900  0.170950794 1.0000000
12:1-85:0   -4.300119e-02 -0.2860752370  0.200072860 1.0000000
13:1-85:0   -1.007170e-01 -0.3437910265  0.142357071 1.0000000
14:1-85:0   -7.716978e-03 -0.2507910265  0.235357071 1.0000000
15:1-85:0    3.714977e-03 -0.2649262312  0.272356185 1.0000000
16:1-85:0   -1.016779e-01 -0.3703190883  0.166963328 1.0000000
17:1-85:0   -6.517788e-02 -0.3009662703  0.170610510 1.0000000
18:1-85:0   -2.915827e-03 -0.2131608277  0.207329174 1.0000000
19:1-85:0   -5.227410e-02 -0.2594539956  0.154905798 1.0000000
20:1-85:0   -5.116297e-02 -0.2450268262  0.142700879 1.0000000
21:1-85:0    7.735484e-04 -0.1899427901  0.191489887 1.0000000
22:1-85:0   -6.262645e-02 -0.2533427901  0.128089887 1.0000000
23:1-85:0   -3.087167e-02 -0.2604671600  0.198723822 1.0000000
24:1-85:0   -1.002312e-02 -0.2236887558  0.203642519 1.0000000
25:1-85:0   -9.955939e-02 -0.3513424780  0.152223692 1.0000000
26:1-85:0   -3.207568e-02 -0.3077428569  0.243591492 1.0000000
27:1-85:0   -2.545312e-02 -0.2878530267  0.236946790 1.0000000
28:1-85:0    6.036278e-02 -0.2153043954  0.336029954 1.0000000
29:1-85:0    3.820934e-02 -0.2048647107  0.281283386 1.0000000
30:1-85:0   -1.789812e-02 -0.3015423772  0.265746141 1.0000000
31:1-85:0   -7.184534e-02 -0.3190702237  0.175379543 1.0000000
32:1-85:0   -2.499044e-03 -0.2221143010  0.217116213 1.0000000
33:1-85:0   -4.276100e-02 -0.2753327613  0.189810767 1.0000000
34:1-85:0   -4.909355e-02 -0.2610005911  0.162813494 1.0000000
35:1-85:0   -1.611270e-02 -0.2729270773  0.240701674 1.0000000
36:1-85:0   -6.910645e-02 -0.2933677861  0.155154883 1.0000000
37:1-85:0   -3.552312e-02 -0.2491887558  0.178142519 1.0000000
38:1-85:0   -9.750939e-02 -0.3046892897  0.109670504 1.0000000
39:1-85:0   -3.273618e-02 -0.2358708206  0.170398458 1.0000000
40:1-85:0   -1.686732e-02 -0.2107311740  0.176996532 1.0000000
41:1-85:0   -1.314744e-02 -0.1971650466  0.170870176 1.0000000
42:1-85:0   -1.833277e-02 -0.2202452367  0.183579702 1.0000000
43:1-85:0   -2.086074e-02 -0.2266242373  0.184902763 1.0000000
44:1-85:0   -3.206452e-03 -0.2788736262  0.272460723 1.0000000
45:1-85:0   -1.066895e-02 -0.2674833273  0.246145424 1.0000000
46:1-85:0   -9.767788e-02 -0.3663190883  0.170963328 1.0000000
47:1-85:0    2.900605e-02 -0.2278083273  0.285820424 1.0000000
48:1-85:0    3.526022e-02 -0.2271396934  0.297660124 1.0000000
49:1-85:0   -1.772410e-02 -0.2695071839  0.234058987 1.0000000
50:1-85:0   -9.944792e-02 -0.2980138352  0.099118005 1.0000000
51:1-85:0   -4.485645e-02 -0.3016708273  0.211957924 1.0000000
52:1-85:0   -3.709445e-02 -0.2613557861  0.187166883 1.0000000
53:1-85:0   -7.411895e-02 -0.3009518890  0.152713986 1.0000000
54:1-85:0   -1.683014e-02 -0.2187426051  0.185082333 1.0000000
55:1-85:0   -1.008770e-02 -0.2203327027  0.200157299 1.0000000
56:1-85:0    6.039355e-02 -0.1381723718  0.258959469 1.0000000
57:1-85:0   -4.470367e-02 -0.2491204543  0.159713107 1.0000000
58:1-85:0   -7.537702e-03 -0.1997686550  0.184693252 1.0000000
59:1-85:0   -2.807107e-02 -0.2101708092  0.154028675 1.0000000
60:1-85:0   -2.746211e-02 -0.1978103884  0.142886164 1.0000000
61:1-85:0   -1.937511e-02 -0.1856474319  0.146897215 1.0000000
62:1-85:0   -2.022393e-02 -0.1911326309  0.150684776 1.0000000
63:1-85:0   -3.079253e-02 -0.2076051192  0.146020064 1.0000000
64:1-85:0   -8.206452e-03 -0.2004374050  0.184024502 1.0000000
65:1-85:0   -1.628372e-02 -0.2119133781  0.179345929 1.0000000
66:1-85:0   -4.941746e-03 -0.2121216427  0.202238151 1.0000000
67:1-85:0   -5.960298e-03 -0.2067063943  0.194785799 1.0000000
68:1-85:0   -4.965767e-02 -0.2482235913  0.148908249 1.0000000
69:1-85:0    8.935548e-03 -0.1817807901  0.199651887 1.0000000
70:1-85:0    4.117185e-03 -0.1832520460  0.191486415 1.0000000
71:1-85:0    2.209117e-02 -0.1754543492  0.219636684 1.0000000
72:1-85:0   -1.208645e-02 -0.2178499516  0.193677048 1.0000000
73:1-85:0    1.837133e-02 -0.1763578077  0.213100460 1.0000000
74:1-85:0    1.164936e-02 -0.1849182783  0.208217003 1.0000000
75:1-85:0   -4.978201e-02 -0.2445111410  0.144947127 1.0000000
76:1-85:0   -4.747721e-03 -0.1877784654  0.178283022 1.0000000
77:1-85:0    6.320099e-04 -0.1886754670  0.189939487 1.0000000
78:1-85:0    1.258522e-02 -0.1666332515  0.191803682 1.0000000
79:1-85:0   -3.481978e-02 -0.2085605875  0.138921018 1.0000000
80:1-85:0   -6.474484e-03 -0.1742761213  0.161327152 1.0000000
81:1-85:0   -3.119564e-02 -0.2006735414  0.138282260 1.0000000
82:1-85:0   -4.980645e-02 -0.2201547281  0.120541825 1.0000000
83:1-85:0    1.693472e-02 -0.1730646758  0.206934126 1.0000000
84:1-85:0    3.632250e-02 -0.1655899735  0.238234965 1.0000000
85:1-85:0   -7.373254e-02 -0.2675963914  0.120131314 1.0000000
86:1-85:0   -4.262702e-03 -0.1964936550  0.187968252 1.0000000
87:1-85:0   -3.228488e-02 -0.2222842837  0.157714518 1.0000000
88:1-85:0   -3.991496e-02 -0.2329467199  0.153116795 1.0000000
89:1-85:0    3.232390e-05 -0.1914273639  0.191492012 1.0000000
90:1-85:0    3.821135e-03 -0.1817931515  0.189435421 1.0000000
91:1-85:0   -4.394618e-02 -0.2227948137  0.134902458 1.0000000
92:1-85:0    1.725100e-02 -0.1757807625  0.210282753 1.0000000
93:1-85:0    6.114479e-03 -0.1904531620  0.202682119 1.0000000
94:1-85:0    3.003355e-02 -0.1464673372  0.206534434 1.0000000
95:1-85:0    4.068705e-02 -0.1367714867  0.218145596 1.0000000
96:1-85:0    5.716230e-02 -0.1193385872  0.233663184 1.0000000
97:1-85:0    2.402212e-02 -0.1590086241  0.207052864 1.0000000
98:1-85:0    1.278699e-02 -0.1712306203  0.196804602 1.0000000
99:1-85:0   -4.880261e-03 -0.1802035747  0.170443052 1.0000000
100:1-85:0  -7.917847e-02 -0.2353205053  0.076963558 1.0000000
87:0-86:0    5.592262e-04 -0.1757143562  0.176832809 1.0000000
88:0-86:0    5.682131e-02 -0.1230317925  0.236674421 1.0000000
89:0-86:0    5.456672e-02 -0.1228496553  0.231983090 1.0000000
90:0-86:0    1.763034e-02 -0.1545072116  0.189767900 1.0000000
91:0-86:0   -1.673471e-02 -0.1829662280  0.149496810 1.0000000
92:0-86:0    9.144454e-02 -0.0747869828  0.257676055 0.9999987
93:0-86:0    5.955579e-02 -0.1059426235  0.225054198 1.0000000
94:0-86:0    6.837850e-02 -0.0978530205  0.234610017 1.0000000
95:0-86:0    7.674511e-02 -0.0984318954  0.251922109 1.0000000
96:0-86:0    8.132496e-02 -0.0808398030  0.243489732 1.0000000
97:0-86:0    4.926663e-02 -0.1155222462  0.214055504 1.0000000
98:0-86:0    2.828474e-02 -0.1411406357  0.197710109 1.0000000
99:0-86:0    7.015670e-02 -0.0886150267  0.228928424 1.0000000
100:0-86:0  -2.943417e-02 -0.1585678507  0.099699517 1.0000000
1:1-86:0    -4.145735e-02 -0.1723272754  0.089412574 1.0000000
2:1-86:0    -2.064613e-02 -0.1847479054  0.143455644 1.0000000
3:1-86:0     2.366830e-02 -0.1588469775  0.206183577 1.0000000
4:1-86:0     1.417641e-02 -0.1683388694  0.196691685 1.0000000
5:1-86:0     1.119771e-01 -0.0965926320  0.320546799 0.9999997
6:1-86:0     1.128958e-02 -0.1972801320  0.219859299 1.0000000
7:1-86:0     3.263670e-02 -0.1705146954  0.235788093 1.0000000
8:1-86:0    -1.284792e-02 -0.2434304128  0.217734580 1.0000000
9:1-86:0     1.833708e-02 -0.2037023343  0.240376501 1.0000000
10:1-86:0    2.594494e-02 -0.2274643005  0.279354181 1.0000000
11:1-86:0   -6.751763e-03 -0.2099031569  0.196399631 1.0000000
12:1-86:0    1.157346e-03 -0.2249690292  0.227283722 1.0000000
13:1-86:0   -5.655844e-02 -0.2826848187  0.169567933 1.0000000
14:1-86:0    3.644156e-02 -0.1896848187  0.262567933 1.0000000
15:1-86:0    4.787351e-02 -0.2055357290  0.301282753 1.0000000
16:1-86:0   -5.751935e-02 -0.3109285862  0.195889896 1.0000000
17:1-86:0   -2.101935e-02 -0.2392951103  0.197256420 1.0000000
18:1-86:0    4.124271e-02 -0.1491545215  0.231639938 1.0000000
19:1-86:0   -8.115564e-03 -0.1951226608  0.178891533 1.0000000
20:1-86:0   -7.004438e-03 -0.1791419942  0.165133117 1.0000000
21:1-86:0    4.493208e-02 -0.1236528105  0.213516977 1.0000000
22:1-86:0   -1.846792e-02 -0.1870528105  0.150116977 1.0000000
23:1-86:0    1.328687e-02 -0.1982840068  0.224857739 1.0000000
24:1-86:0    3.413542e-02 -0.1600324214  0.228303255 1.0000000
25:1-86:0   -5.540086e-02 -0.2908639477  0.180062232 1.0000000
26:1-86:0    1.208285e-02 -0.2487629559  0.272928661 1.0000000
27:1-86:0    1.870542e-02 -0.2280775986  0.265488432 1.0000000
28:1-86:0    1.045213e-01 -0.1563244944  0.365367123 1.0000000
29:1-86:0    8.236787e-02 -0.1437585029  0.308494248 1.0000000
30:1-86:0    2.626042e-02 -0.2430019280  0.295522761 1.0000000
31:1-86:0   -2.768681e-02 -0.2582693017  0.202895691 1.0000000
32:1-86:0    4.165949e-02 -0.1590368114  0.242355793 1.0000000
33:1-86:0    1.397538e-03 -0.2133995063  0.216194582 1.0000000
34:1-86:0   -4.935013e-03 -0.1971659668  0.187295940 1.0000000
35:1-86:0    2.804583e-02 -0.2127897293  0.268881396 1.0000000
36:1-86:0   -2.494792e-02 -0.2307179116  0.180822078 1.0000000
37:1-86:0    8.635417e-03 -0.1855324214  0.202803255 1.0000000
38:1-86:0   -5.335086e-02 -0.2403579550  0.133656239 1.0000000
39:1-86:0    1.142235e-02 -0.1710929234  0.193937631 1.0000000
40:1-86:0    2.729121e-02 -0.1448463420  0.199428770 1.0000000
41:1-86:0    3.101110e-02 -0.1299566796  0.191978879 1.0000000
42:1-86:0    2.582577e-02 -0.1553282827  0.206979818 1.0000000
43:1-86:0    2.329780e-02 -0.1621388832  0.208734478 1.0000000
44:1-86:0    4.095208e-02 -0.2198937251  0.301797892 1.0000000
45:1-86:0    3.348958e-02 -0.2073459793  0.274325146 1.0000000
46:1-86:0   -5.351935e-02 -0.3069285862  0.199889896 1.0000000
47:1-86:0    7.316458e-02 -0.1676709793  0.314000146 1.0000000
48:1-86:0    7.941875e-02 -0.1673642653  0.326201765 1.0000000
49:1-86:0    2.643444e-02 -0.2090286536  0.261897526 1.0000000
50:1-86:0   -5.528938e-02 -0.2327057529  0.122126993 1.0000000
51:1-86:0   -6.979167e-04 -0.2415334793  0.240137646 1.0000000
52:1-86:0    7.064083e-03 -0.1987059116  0.212834078 1.0000000
53:1-86:0   -2.996042e-02 -0.2385301320  0.178609299 1.0000000
54:1-86:0    2.732840e-02 -0.1538256511  0.208482449 1.0000000
55:1-86:0    3.407083e-02 -0.1563263965  0.224468063 1.0000000
56:1-86:0    1.045521e-01 -0.0728642895  0.281968456 0.9999439
57:1-86:0   -5.451389e-04 -0.1844863382  0.183396060 1.0000000
58:1-86:0    3.662083e-02 -0.1336756261  0.206917293 1.0000000
59:1-86:0    1.608747e-02 -0.1426842575  0.174859193 1.0000000
60:1-86:0    1.669642e-02 -0.1284472299  0.161840076 1.0000000
61:1-86:0    2.478343e-02 -0.1155541316  0.165120985 1.0000000
62:1-86:0    2.393461e-02 -0.1218663856  0.169735601 1.0000000
63:1-86:0    1.336601e-02 -0.1393128622  0.166044877 1.0000000
64:1-86:0    3.595208e-02 -0.1343443761  0.206248543 1.0000000
65:1-86:0    2.787481e-02 -0.1462490135  0.201998635 1.0000000
66:1-86:0    3.921679e-02 -0.1477903079  0.226223886 1.0000000
67:1-86:0    3.819824e-02 -0.1416548695  0.218051344 1.0000000
68:1-86:0   -5.499136e-03 -0.1829155090  0.171917237 1.0000000
69:1-86:0    5.309408e-02 -0.1154908105  0.221678977 1.0000000
70:1-86:0    4.827572e-02 -0.1165131552  0.213064595 1.0000000
71:1-86:0    6.624970e-02 -0.1100238800  0.242523285 1.0000000
72:1-86:0    3.207208e-02 -0.1533645975  0.217508764 1.0000000
73:1-86:0    6.252986e-02 -0.1105816066  0.235641329 1.0000000
74:1-86:0    5.580790e-02 -0.1193691047  0.230984899 1.0000000
75:1-86:0   -5.623472e-03 -0.1787349399  0.167487995 1.0000000
76:1-86:0    3.941081e-02 -0.1204278486  0.199249476 1.0000000
77:1-86:0    4.479054e-02 -0.1221988724  0.211779962 1.0000000
78:1-86:0    5.674375e-02 -0.0987149372  0.212202437 1.0000000
79:1-86:0    9.338750e-03 -0.1397719845  0.158449485 1.0000000
80:1-86:0    3.768405e-02 -0.1044621207  0.179830222 1.0000000
81:1-86:0    1.296289e-02 -0.1311582476  0.157084036 1.0000000
82:1-86:0   -5.647917e-03 -0.1507915695  0.139495736 1.0000000
83:1-86:0    6.109326e-02 -0.1066801497  0.228866669 1.0000000
84:1-86:0    8.048103e-02 -0.1006730195  0.261635081 1.0000000
85:1-86:0   -2.957400e-02 -0.2017115594  0.142563552 1.0000000
86:1-86:0    3.989583e-02 -0.1304006261  0.210192293 1.0000000
87:1-86:0    1.187365e-02 -0.1558997575  0.179647061 1.0000000
88:1-86:0    4.243573e-03 -0.1669563226  0.175443468 1.0000000
89:1-86:0    4.419086e-02 -0.1252345133  0.213616231 1.0000000
90:1-86:0    4.797967e-02 -0.1148110178  0.210770357 1.0000000
91:1-86:0    2.123573e-04 -0.1548198306  0.155244545 1.0000000
92:1-86:0    6.140953e-02 -0.1097903652  0.232609425 1.0000000
93:1-86:0    5.027301e-02 -0.1249039884  0.225450016 1.0000000
94:1-86:0    7.419208e-02 -0.0781257006  0.226509867 1.0000000
95:1-86:0    8.484559e-02 -0.0685808703  0.238272050 0.9999982
96:1-86:0    1.013208e-01 -0.0509969506  0.253638617 0.9928209
97:1-86:0    6.818065e-02 -0.0916580074  0.228019317 1.0000000
98:1-86:0    5.694553e-02 -0.1040222533  0.217913305 1.0000000
99:1-86:0    3.927827e-02 -0.1116734037  0.190229951 1.0000000
100:1-86:0  -3.501994e-02 -0.1631935659  0.093153688 1.0000000
88:0-87:0    5.626209e-02 -0.1292605029  0.241784679 1.0000000
89:0-87:0    5.400749e-02 -0.1291538067  0.237168789 1.0000000
90:0-87:0    1.707112e-02 -0.1609817669  0.195124003 1.0000000
91:0-87:0   -1.729394e-02 -0.1896436078  0.155055737 1.0000000
92:0-87:0    9.088531e-02 -0.0814643625  0.263234982 0.9999999
93:0-87:0    5.899656e-02 -0.1126461367  0.230639258 1.0000000
94:0-87:0    6.781927e-02 -0.1045304002  0.240168945 1.0000000
95:0-87:0    7.618588e-02 -0.1048071409  0.257178902 1.0000000
96:0-87:0    8.076574e-02 -0.0876649701  0.249196447 1.0000000
97:0-87:0    4.870740e-02 -0.1222512621  0.219666067 1.0000000
98:0-87:0    2.772551e-02 -0.1477066660  0.203157686 1.0000000
99:0-87:0    6.959747e-02 -0.0955689663  0.234763911 1.0000000
100:0-87:0  -2.999339e-02 -0.1669130777  0.106926292 1.0000000
1:1-87:0    -4.201658e-02 -0.1805749722  0.096541819 1.0000000
2:1-87:0    -2.120536e-02 -0.1915018166  0.149091102 1.0000000
3:1-87:0     2.310907e-02 -0.1649954669  0.211213614 1.0000000
4:1-87:0     1.361718e-02 -0.1744873588  0.201721722 1.0000000
5:1-87:0     1.114179e-01 -0.1020600525  0.324895767 1.0000000
6:1-87:0     1.073036e-02 -0.2027475525  0.224208267 1.0000000
7:1-87:0     3.207747e-02 -0.1761098966  0.240264842 1.0000000
8:1-87:0    -1.340714e-02 -0.2484385860  0.221624300 1.0000000
9:1-87:0     1.777786e-02 -0.2088782584  0.244433973 1.0000000
10:1-87:0    2.538571e-02 -0.2320783320  0.282849761 1.0000000
11:1-87:0   -7.310989e-03 -0.2154983581  0.200876380 1.0000000
12:1-87:0    5.981203e-04 -0.2300631671  0.231259408 1.0000000
13:1-87:0   -5.711767e-02 -0.2877789566  0.173543618 1.0000000
14:1-87:0    3.588233e-02 -0.1947789566  0.266543618 1.0000000
15:1-87:0    4.731429e-02 -0.2101497605  0.304778332 1.0000000
16:1-87:0   -5.807857e-02 -0.3155426177  0.199385475 1.0000000
17:1-87:0   -2.157857e-02 -0.2445489760  0.201391833 1.0000000
18:1-87:0    4.068348e-02 -0.1550780995  0.236445064 1.0000000
19:1-87:0   -8.674790e-03 -0.2011407508  0.183791171 1.0000000
20:1-87:0   -7.563665e-03 -0.1856165495  0.170489220 1.0000000
21:1-87:0    4.437286e-02 -0.1302477549  0.218993469 1.0000000
22:1-87:0   -1.902714e-02 -0.1936477549  0.155593469 1.0000000
23:1-87:0    1.272764e-02 -0.2036833717  0.229138651 1.0000000
24:1-87:0    3.357619e-02 -0.1658546022  0.233006983 1.0000000
25:1-87:0   -5.596008e-02 -0.2957815977  0.183861430 1.0000000
26:1-87:0    1.152363e-02 -0.2532631322  0.276310385 1.0000000
27:1-87:0    1.814619e-02 -0.2327987205  0.269091101 1.0000000
28:1-87:0    1.039621e-01 -0.1608246707  0.368748847 1.0000000
29:1-87:0    8.180865e-02 -0.1488526408  0.312469934 1.0000000
30:1-87:0    2.570119e-02 -0.2473806691  0.298783050 1.0000000
31:1-87:0   -2.824603e-02 -0.2632774749  0.206785411 1.0000000
32:1-87:0    4.110026e-02 -0.1646921003  0.246892629 1.0000000
33:1-87:0    8.383117e-04 -0.2187277647  0.220404388 1.0000000
34:1-87:0   -5.494240e-03 -0.2030397563  0.192051277 1.0000000
35:1-87:0    2.748661e-02 -0.2176118628  0.272585077 1.0000000
36:1-87:0   -2.550714e-02 -0.2362505473  0.185236262 1.0000000
37:1-87:0    8.076190e-03 -0.1913546022  0.207506983 1.0000000
38:1-87:0   -5.391008e-02 -0.2463760449  0.138555877 1.0000000
39:1-87:0    1.086313e-02 -0.1772414129  0.198967668 1.0000000
40:1-87:0    2.673199e-02 -0.1513208974  0.204784873 1.0000000
41:1-87:0    3.045187e-02 -0.1368266896  0.197730437 1.0000000
42:1-87:0    2.526654e-02 -0.1615175095  0.212050592 1.0000000
43:1-87:0    2.273857e-02 -0.1682018756  0.213679018 1.0000000
44:1-87:0    4.039286e-02 -0.2243939014  0.305179616 1.0000000
45:1-87:0    3.293036e-02 -0.2121681128  0.278028827 1.0000000
46:1-87:0   -5.407857e-02 -0.3115426177  0.203385475 1.0000000
47:1-87:0    7.260536e-02 -0.1724931128  0.317703827 1.0000000
48:1-87:0    7.885952e-02 -0.1720853872  0.329804435 1.0000000
49:1-87:0    2.587521e-02 -0.2139463036  0.265696724 1.0000000
50:1-87:0   -5.584861e-02 -0.2390099042  0.127312692 1.0000000
51:1-87:0   -1.257143e-03 -0.2463556128  0.243841327 1.0000000
52:1-87:0    6.504857e-03 -0.2042385473  0.217248262 1.0000000
53:1-87:0   -3.051964e-02 -0.2439975525  0.182958267 1.0000000
54:1-87:0    2.676917e-02 -0.1600148779  0.213553224 1.0000000
55:1-87:0    3.351161e-02 -0.1622499745  0.229273189 1.0000000
56:1-87:0    1.039929e-01 -0.0791684408  0.287154155 0.9999919
57:1-87:0   -1.104365e-03 -0.1905927724  0.188384042 1.0000000
58:1-87:0    3.606161e-02 -0.1402119752  0.212335189 1.0000000
59:1-87:0    1.552824e-02 -0.1496381971  0.180694681 1.0000000
60:1-87:0    1.613720e-02 -0.1359751686  0.168249562 1.0000000
61:1-87:0    2.422420e-02 -0.1233092601  0.171757661 1.0000000
62:1-87:0    2.337538e-02 -0.1293643362  0.176115099 1.0000000
63:1-87:0    1.280678e-02 -0.1465115447  0.172125107 1.0000000
64:1-87:0    3.539286e-02 -0.1408807252  0.211666439 1.0000000
65:1-87:0    2.731558e-02 -0.1526582966  0.207289465 1.0000000
66:1-87:0    3.865756e-02 -0.1538083978  0.231123524 1.0000000
67:1-87:0    3.763901e-02 -0.1478835798  0.223161602 1.0000000
68:1-87:0   -6.058362e-03 -0.1892196603  0.177102936 1.0000000
69:1-87:0    5.253486e-02 -0.1220857549  0.227155469 1.0000000
70:1-87:0    4.771649e-02 -0.1232421712  0.218675158 1.0000000
71:1-87:0    6.569048e-02 -0.1163640968  0.247745049 1.0000000
72:1-87:0    3.151286e-02 -0.1594275899  0.222453304 1.0000000
73:1-87:0    6.197063e-02 -0.1170239794  0.240965249 1.0000000
74:1-87:0    5.524867e-02 -0.1257443502  0.236241692 1.0000000
75:1-87:0   -6.182698e-03 -0.1851773128  0.172811916 1.0000000
76:1-87:0    3.885159e-02 -0.1273407399  0.205043915 1.0000000
77:1-87:0    4.423132e-02 -0.1288494637  0.217312101 1.0000000
78:1-87:0    5.618452e-02 -0.1057997197  0.218168767 1.0000000
79:1-87:0    8.779524e-03 -0.1471226984  0.164681746 1.0000000
80:1-87:0    3.712482e-02 -0.1121300775  0.186379726 1.0000000
81:1-87:0    1.240367e-02 -0.1387333401  0.163540676 1.0000000
82:1-87:0   -6.207143e-03 -0.1583195082  0.145905222 1.0000000
83:1-87:0    6.053403e-02 -0.1133032715  0.234371339 1.0000000
84:1-87:0    7.992180e-02 -0.1068622463  0.266705855 1.0000000
85:1-87:0   -3.013323e-02 -0.2081861148  0.147919655 1.0000000
86:1-87:0    3.933661e-02 -0.1369369752  0.215610189 1.0000000
87:1-87:0    1.131443e-02 -0.1625228794  0.185151731 1.0000000
88:1-87:0    3.684347e-03 -0.1734621914  0.180830884 1.0000000
89:1-87:0    4.363163e-02 -0.1318005435  0.219063809 1.0000000
90:1-87:0    4.742044e-02 -0.1216129842  0.216453871 1.0000000
91:1-87:0   -3.468689e-04 -0.1619218392  0.161228101 1.0000000
92:1-87:0    6.085030e-02 -0.1162962339  0.237996842 1.0000000
93:1-87:0    4.971379e-02 -0.1312792339  0.230706809 1.0000000
94:1-87:0    7.363286e-02 -0.0853394644  0.232605179 1.0000000
95:1-87:0    8.428636e-02 -0.0757485400  0.244321267 0.9999999
96:1-87:0    1.007616e-01 -0.0582107144  0.259733929 0.9986649
97:1-87:0    6.762143e-02 -0.0985708987  0.233813756 1.0000000
98:1-87:0    5.638630e-02 -0.1108922634  0.223664863 1.0000000
99:1-87:0    3.871905e-02 -0.1189448375  0.196382933 1.0000000
100:1-87:0  -3.557917e-02 -0.1715937613  0.100435431 1.0000000
89:0-88:0   -2.254597e-03 -0.1888633456  0.184354152 1.0000000
90:0-88:0   -3.919097e-02 -0.2207883101  0.142406370 1.0000000
91:0-88:0   -7.355602e-02 -0.2495650393  0.102452993 1.0000000
92:0-88:0    3.462322e-02 -0.1413857940  0.210632238 1.0000000
93:0-88:0    2.734473e-03 -0.1725823253  0.178051271 1.0000000
94:0-88:0    1.155718e-02 -0.1644518318  0.187566200 1.0000000
95:0-88:0    1.992379e-02 -0.1645572035  0.204404788 1.0000000
96:0-88:0    2.450365e-02 -0.1476697147  0.196677016 1.0000000
97:0-88:0   -7.554685e-03 -0.1822018415  0.167092471 1.0000000
98:0-88:0   -2.853658e-02 -0.2075651022  0.150491947 1.0000000
99:0-88:0    1.333538e-02 -0.1556460246  0.182316794 1.0000000
100:0-88:0  -8.625548e-02 -0.2277537642  0.055242803 0.9997304
1:1-88:0    -9.827866e-02 -0.2413632309  0.044805901 0.9815638
2:1-88:0    -7.746745e-02 -0.2514664343  0.096531544 1.0000000
3:1-88:0    -3.315301e-02 -0.2246160193  0.158309990 1.0000000
4:1-88:0    -4.264491e-02 -0.2341079112  0.148818098 1.0000000
5:1-88:0     5.515577e-02 -0.1612872534  0.271598792 1.0000000
6:1-88:0    -4.553173e-02 -0.2619747534  0.170911292 1.0000000
7:1-88:0    -2.418462e-02 -0.2354113769  0.187042146 1.0000000
8:1-88:0    -6.966923e-02 -0.3073971075  0.168058646 1.0000000
9:1-88:0    -3.848423e-02 -0.2679352252  0.190966764 1.0000000
10:1-88:0   -3.087637e-02 -0.2908042468  0.229051500 1.0000000
11:1-88:0   -6.357308e-02 -0.2747998385  0.147653685 1.0000000
12:1-88:0   -5.566397e-02 -0.2890721801  0.177744245 1.0000000
13:1-88:0   -1.133798e-01 -0.3467879695  0.120028455 1.0000000
14:1-88:0   -2.037976e-02 -0.2537879695  0.213028455 1.0000000
15:1-88:0   -8.947802e-03 -0.2688756754  0.250980071 1.0000000
16:1-88:0   -1.143407e-01 -0.3742685325  0.145587214 1.0000000
17:1-88:0   -7.784066e-02 -0.3036515658  0.147970247 1.0000000
18:1-88:0   -1.557861e-02 -0.2145694623  0.183412251 1.0000000
19:1-88:0   -6.493688e-02 -0.2606864889  0.130812733 1.0000000
20:1-88:0   -6.382575e-02 -0.2454230927  0.117771588 1.0000000
21:1-88:0   -1.188923e-02 -0.1901225674  0.166344106 1.0000000
22:1-88:0   -7.528923e-02 -0.2535225674  0.102944106 1.0000000
23:1-88:0   -4.353445e-02 -0.2628709249  0.175802029 1.0000000
24:1-88:0   -2.268590e-02 -0.2252874897  0.179915695 1.0000000
25:1-88:0   -1.122222e-01 -0.3546868550  0.130242511 1.0000000
26:1-88:0   -4.473846e-02 -0.3119215292  0.222444606 1.0000000
27:1-88:0   -3.811590e-02 -0.2915880113  0.215356216 1.0000000
28:1-88:0    4.770000e-02 -0.2194830677  0.314883068 1.0000000
29:1-88:0    2.554656e-02 -0.2078616537  0.258954771 1.0000000
30:1-88:0   -3.056090e-02 -0.3059668998  0.244845105 1.0000000
31:1-88:0   -8.450812e-02 -0.3222359964  0.153219757 1.0000000
32:1-88:0   -1.516182e-02 -0.2240284353  0.193704789 1.0000000
33:1-88:0   -5.542378e-02 -0.2778738291  0.167026277 1.0000000
34:1-88:0   -6.175633e-02 -0.2625024241  0.138989769 1.0000000
35:1-88:0   -2.877548e-02 -0.2764608136  0.218909852 1.0000000
36:1-88:0   -8.176923e-02 -0.2955156849  0.131977223 1.0000000
37:1-88:0   -4.818590e-02 -0.2507874897  0.154415695 1.0000000
38:1-88:0   -1.101722e-01 -0.3059217830  0.085577439 0.9999950
39:1-88:0   -4.539896e-02 -0.2368619653  0.146064044 1.0000000
40:1-88:0   -2.953010e-02 -0.2111274406  0.152067240 1.0000000
41:1-88:0   -2.581021e-02 -0.1968566462  0.145236217 1.0000000
42:1-88:0   -3.099555e-02 -0.2211613841  0.159170291 1.0000000
43:1-88:0   -3.352352e-02 -0.2277734031  0.160726370 1.0000000
44:1-88:0   -1.586923e-02 -0.2830522985  0.251313837 1.0000000
45:1-88:0   -2.333173e-02 -0.2710170636  0.224353602 1.0000000
46:1-88:0   -1.103407e-01 -0.3702685325  0.149587214 1.0000000
47:1-88:0    1.634327e-02 -0.2313420636  0.264028602 1.0000000
48:1-88:0    2.259744e-02 -0.2308746779  0.276069550 1.0000000
49:1-88:0   -3.038688e-02 -0.2728515609  0.212077805 1.0000000
50:1-88:0   -1.121107e-01 -0.2987194432  0.074498055 0.9998599
51:1-88:0   -5.751923e-02 -0.3052045636  0.190166102 1.0000000
52:1-88:0   -4.975723e-02 -0.2635036849  0.163989223 1.0000000
53:1-88:0   -8.678173e-02 -0.3032247534  0.129661292 1.0000000
54:1-88:0   -2.949291e-02 -0.2196587525  0.160672923 1.0000000
55:1-88:0   -2.275048e-02 -0.2217413373  0.176240376 1.0000000
56:1-88:0    4.773077e-02 -0.1388779798  0.234339518 1.0000000
57:1-88:0   -5.736645e-02 -0.2501892231  0.135456317 1.0000000
58:1-88:0   -2.020048e-02 -0.2000535874  0.159652626 1.0000000
59:1-88:0   -4.073385e-02 -0.2097152554  0.128247563 1.0000000
60:1-88:0   -4.012489e-02 -0.1963712858  0.116121503 1.0000000
61:1-88:0   -3.203789e-02 -0.1838301340  0.119754359 1.0000000
62:1-88:0   -3.288671e-02 -0.1897439202  0.123970507 1.0000000
63:1-88:0   -4.345531e-02 -0.2067253073  0.119814694 1.0000000
64:1-88:0   -2.086923e-02 -0.2007223374  0.158983876 1.0000000
65:1-88:0   -2.894650e-02 -0.2124277341  0.154534727 1.0000000
66:1-88:0   -1.760452e-02 -0.2133541359  0.178145086 1.0000000
67:1-88:0   -1.862308e-02 -0.2075500359  0.170303882 1.0000000
68:1-88:0   -6.232045e-02 -0.2489291993  0.124288299 1.0000000
69:1-88:0   -3.727231e-03 -0.1819605674  0.174506106 1.0000000
70:1-88:0   -8.545594e-03 -0.1831927506  0.166101562 1.0000000
71:1-88:0    9.428388e-03 -0.1760942025  0.194950979 1.0000000
72:1-88:0   -2.474923e-02 -0.2189991174  0.169500656 1.0000000
73:1-88:0    5.708547e-03 -0.1768122357  0.188229330 1.0000000
74:1-88:0   -1.013417e-03 -0.1854944128  0.183467579 1.0000000
75:1-88:0   -6.244479e-02 -0.2449655690  0.120075996 1.0000000
76:1-88:0   -1.741050e-02 -0.1873947757  0.152573774 1.0000000
77:1-88:0   -1.203077e-02 -0.1887557571  0.164694219 1.0000000
78:1-88:0   -7.756410e-05 -0.1659499828  0.165794855 1.0000000
79:1-88:0   -4.748256e-02 -0.2074208866  0.112455758 1.0000000
80:1-88:0   -1.913726e-02 -0.1726031877  0.134328661 1.0000000
81:1-88:0   -4.385842e-02 -0.1991554236  0.111438584 1.0000000
82:1-88:0   -6.246923e-02 -0.2187156254  0.093777164 1.0000000
83:1-88:0    4.271946e-03 -0.1731940307  0.181737922 1.0000000
84:1-88:0    2.365972e-02 -0.1665061210  0.213825554 1.0000000
85:1-88:0   -8.639532e-02 -0.2679926579  0.095202022 1.0000000
86:1-88:0   -1.692548e-02 -0.1967785874  0.162927626 1.0000000
87:1-88:0   -4.494766e-02 -0.2224136386  0.132518314 1.0000000
88:1-88:0   -5.257774e-02 -0.2332865127  0.128131030 1.0000000
89:1-88:0   -1.263046e-02 -0.1916589798  0.166398069 1.0000000
90:1-88:0   -8.841645e-03 -0.1816046723  0.163921383 1.0000000
91:1-88:0   -5.660896e-02 -0.2220817194  0.108863806 1.0000000
92:1-88:0    4.588216e-03 -0.1761205552  0.185296987 1.0000000
93:1-88:0   -6.548301e-03 -0.1910292965  0.177932695 1.0000000
94:1-88:0    1.737077e-02 -0.1455616190  0.180303158 1.0000000
95:1-88:0    2.802428e-02 -0.1359450340  0.191993585 1.0000000
96:1-88:0    4.449952e-02 -0.1184328690  0.207431908 1.0000000
97:1-88:0    1.135934e-02 -0.1586249344  0.181343616 1.0000000
98:1-88:0    1.242119e-04 -0.1709222199  0.171170644 1.0000000
99:1-88:0   -1.754304e-02 -0.1791990479  0.144112967 1.0000000
100:1-88:0  -9.184125e-02 -0.2324639201  0.048781414 0.9960639
90:0-89:0   -3.693637e-02 -0.2161207011  0.142247955 1.0000000
91:0-89:0   -7.130143e-02 -0.2448197343  0.102216881 1.0000000
92:0-89:0    3.687782e-02 -0.1366404890  0.210396126 1.0000000
93:0-89:0    4.989070e-03 -0.1678270440  0.177805183 1.0000000
94:0-89:0    1.381178e-02 -0.1597065268  0.187330089 1.0000000
95:0-89:0    2.217839e-02 -0.1599278086  0.204284587 1.0000000
96:0-89:0    2.675825e-02 -0.1428680983  0.196384593 1.0000000
97:0-89:0   -5.300089e-03 -0.1774368324  0.166836655 1.0000000
98:0-89:0   -2.628198e-02 -0.2028623932  0.150298431 1.0000000
99:0-89:0    1.558998e-02 -0.1507955531  0.181975516 1.0000000
100:0-89:0  -8.400088e-02 -0.2223887217  0.054386953 0.9997767
1:1-89:0    -9.602407e-02 -0.2360334337  0.043985297 0.9822988
2:1-89:0    -7.521285e-02 -0.2466919364  0.096266240 1.0000000
3:1-89:0    -3.089842e-02 -0.2200742926  0.158277457 1.0000000
4:1-89:0    -4.039031e-02 -0.2295661845  0.148785565 1.0000000
5:1-89:0     5.741037e-02 -0.1570121409  0.271832873 1.0000000
6:1-89:0    -4.327713e-02 -0.2576996409  0.171145373 1.0000000
7:1-89:0    -2.193002e-02 -0.2310858797  0.187225842 1.0000000
8:1-89:0    -6.741463e-02 -0.3033043812  0.168475113 1.0000000
9:1-89:0    -3.622963e-02 -0.2637756476  0.191316379 1.0000000
10:1-89:0   -2.862178e-02 -0.2868695817  0.229626028 1.0000000
11:1-89:0   -6.131848e-02 -0.2704743412  0.147837381 1.0000000
12:1-89:0   -5.340937e-02 -0.2849451631  0.178126421 1.0000000
13:1-89:0   -1.111252e-01 -0.3426609525  0.120410632 1.0000000
14:1-89:0   -1.812516e-02 -0.2496609525  0.213410632 1.0000000
15:1-89:0   -6.693206e-03 -0.2649410103  0.251554599 1.0000000
16:1-89:0   -1.120861e-01 -0.3703338674  0.146161742 1.0000000
17:1-89:0   -7.558606e-02 -0.2994610163  0.148288891 1.0000000
18:1-89:0   -1.332401e-02 -0.2101152446  0.183467226 1.0000000
19:1-89:0   -6.268228e-02 -0.2561954322  0.130830870 1.0000000
20:1-89:0   -6.157116e-02 -0.2407554837  0.117613172 1.0000000
21:1-89:0   -9.634634e-03 -0.1854087837  0.166139515 1.0000000
22:1-89:0   -7.303463e-02 -0.2488087837  0.102739515 1.0000000
23:1-89:0   -4.127985e-02 -0.2586227129  0.176063010 1.0000000
24:1-89:0   -2.043130e-02 -0.2208728997  0.180010298 1.0000000
25:1-89:0   -1.099676e-01 -0.3506303101  0.130695159 1.0000000
26:1-89:0   -4.248386e-02 -0.3080327701  0.223065040 1.0000000
27:1-89:0   -3.586130e-02 -0.2876102668  0.215887665 1.0000000
28:1-89:0    4.995460e-02 -0.2155943085  0.315503502 1.0000000
29:1-89:0    2.780116e-02 -0.2037346367  0.259336947 1.0000000
30:1-89:0   -2.830630e-02 -0.3021272195  0.245514618 1.0000000
31:1-89:0   -8.225352e-02 -0.3181432701  0.153636224 1.0000000
32:1-89:0   -1.290723e-02 -0.2196793016  0.193864848 1.0000000
33:1-89:0   -5.316918e-02 -0.2736537718  0.167315413 1.0000000
34:1-89:0   -5.950173e-02 -0.2580676511  0.139064189 1.0000000
35:1-89:0   -2.652088e-02 -0.2724425250  0.219400757 1.0000000
36:1-89:0   -7.951463e-02 -0.2912148373  0.132185569 1.0000000
37:1-89:0   -4.593130e-02 -0.2463728997  0.154510298 1.0000000
38:1-89:0   -1.079176e-01 -0.3014307263  0.085595576 0.9999970
39:1-89:0   -4.314436e-02 -0.2323202386  0.146031511 1.0000000
40:1-89:0   -2.727550e-02 -0.2064598316  0.151908824 1.0000000
41:1-89:0   -2.355562e-02 -0.1920379943  0.144926759 1.0000000
42:1-89:0   -2.874095e-02 -0.2166038658  0.159121966 1.0000000
43:1-89:0   -3.126892e-02 -0.2232648777  0.160727038 1.0000000
44:1-89:0   -1.361463e-02 -0.2791635393  0.251934271 1.0000000
45:1-89:0   -2.107713e-02 -0.2669987750  0.224844507 1.0000000
46:1-89:0   -1.080861e-01 -0.3663338674  0.150161742 1.0000000
47:1-89:0    1.859787e-02 -0.2273237750  0.264519507 1.0000000
48:1-89:0    2.485203e-02 -0.2268969334  0.276600998 1.0000000
49:1-89:0   -2.813228e-02 -0.2687950160  0.212530454 1.0000000
50:1-89:0   -1.098561e-01 -0.2941174732  0.074405278 0.9999019
51:1-89:0   -5.526463e-02 -0.3011862750  0.190657007 1.0000000
52:1-89:0   -4.750263e-02 -0.2592028373  0.164197569 1.0000000
53:1-89:0   -8.452713e-02 -0.2989496409  0.129895373 1.0000000
54:1-89:0   -2.723832e-02 -0.2151012342  0.160624597 1.0000000
55:1-89:0   -2.049588e-02 -0.2172871196  0.176295351 1.0000000
56:1-89:0    4.998537e-02 -0.1342760098  0.234246742 1.0000000
57:1-89:0   -5.511186e-02 -0.2456638179  0.135440105 1.0000000
58:1-89:0   -1.794588e-02 -0.1953622570  0.159470489 1.0000000
59:1-89:0   -3.847925e-02 -0.2048647839  0.127906285 1.0000000
60:1-89:0   -3.787029e-02 -0.1913055095  0.115564920 1.0000000
61:1-89:0   -2.978329e-02 -0.1786802871  0.119113705 1.0000000
62:1-89:0   -3.063211e-02 -0.1846892903  0.123425071 1.0000000
63:1-89:0   -4.120071e-02 -0.2017825349  0.119381115 1.0000000
64:1-89:0   -1.861463e-02 -0.1960310070  0.158801739 1.0000000
65:1-89:0   -2.669191e-02 -0.2077852291  0.154401415 1.0000000
66:1-89:0   -1.534993e-02 -0.2088630792  0.178163223 1.0000000
67:1-89:0   -1.636848e-02 -0.2029772293  0.170240269 1.0000000
68:1-89:0   -6.006585e-02 -0.2443272293  0.124195522 1.0000000
69:1-89:0   -1.472634e-03 -0.1772467837  0.174301515 1.0000000
70:1-89:0   -6.290998e-03 -0.1784277415  0.165845746 1.0000000
71:1-89:0    1.168298e-02 -0.1714783130  0.194844283 1.0000000
72:1-89:0   -2.249463e-02 -0.2144905920  0.169501324 1.0000000
73:1-89:0    7.963144e-03 -0.1721569982  0.188083285 1.0000000
74:1-89:0    1.241180e-03 -0.1808650179  0.183347378 1.0000000
75:1-89:0   -6.019019e-02 -0.2403103315  0.119929952 1.0000000
76:1-89:0   -1.515590e-02 -0.1825598560  0.152248048 1.0000000
77:1-89:0   -9.776173e-03 -0.1840206868  0.164468342 1.0000000
78:1-89:0    2.177033e-03 -0.1610500751  0.165404140 1.0000000
79:1-89:0   -4.522797e-02 -0.2024211492  0.111965214 1.0000000
80:1-89:0   -1.688267e-02 -0.1674855196  0.133720186 1.0000000
81:1-89:0   -4.160382e-02 -0.1940721437  0.110864497 1.0000000
82:1-89:0   -6.021463e-02 -0.2136498491  0.093220581 1.0000000
83:1-89:0    6.526542e-03 -0.1684694638  0.181522548 1.0000000
84:1-89:0    2.591431e-02 -0.1619486026  0.213777229 1.0000000
85:1-89:0   -8.414072e-02 -0.2633250489  0.095043607 1.0000000
86:1-89:0   -1.467088e-02 -0.1920872570  0.162745489 1.0000000
87:1-89:0   -4.269307e-02 -0.2176890716  0.132302941 1.0000000
88:1-89:0   -5.032314e-02 -0.2286068776  0.127960588 1.0000000
89:1-89:0   -1.037586e-02 -0.1869562708  0.166204554 1.0000000
90:1-89:0   -6.587048e-03 -0.1768118790  0.163637783 1.0000000
91:1-89:0   -5.435436e-02 -0.2171753187  0.108466598 1.0000000
92:1-89:0    6.842813e-03 -0.1714409201  0.185126545 1.0000000
93:1-89:0   -4.293704e-03 -0.1863999017  0.177812494 1.0000000
94:1-89:0    1.962537e-02 -0.1406131829  0.179863915 1.0000000
95:1-89:0    3.027887e-02 -0.1310139170  0.191571662 1.0000000
96:1-89:0    4.675412e-02 -0.1134844329  0.206992665 1.0000000
97:1-89:0    1.361394e-02 -0.1537900147  0.181017889 1.0000000
98:1-89:0    2.378808e-03 -0.1661035680  0.170861185 1.0000000
99:1-89:0   -1.528844e-02 -0.1742289803  0.143652093 1.0000000
100:1-89:0  -8.958666e-02 -0.2270790703  0.047905758 0.9963669
91:0-90:0   -3.436505e-02 -0.2024821907  0.133752084 1.0000000
92:0-90:0    7.381419e-02 -0.0943029454  0.241931329 1.0000000
93:0-90:0    4.192544e-02 -0.1254668446  0.209317730 1.0000000
94:0-90:0    5.074815e-02 -0.1173689832  0.218865292 1.0000000
95:0-90:0    5.911476e-02 -0.1178525680  0.236082093 1.0000000
96:0-90:0    6.369462e-02 -0.1004025028  0.227791744 1.0000000
97:0-90:0    3.163628e-02 -0.1350545289  0.198327098 1.0000000
98:0-90:0    1.065439e-02 -0.1606214401  0.181930224 1.0000000
99:0-90:0    5.252635e-02 -0.1082185204  0.213271229 1.0000000
100:0-90:0  -4.706451e-02 -0.1786166388  0.084487617 1.0000000
1:1-90:0    -5.908769e-02 -0.1923445567  0.074169167 1.0000000
2:1-90:0    -3.827648e-02 -0.2042880603  0.127735110 1.0000000
3:1-90:0     6.037955e-03 -0.1781963529  0.190272264 1.0000000
4:1-90:0    -3.453937e-03 -0.1876882448  0.180780372 1.0000000
5:1-90:0     9.434674e-02 -0.1157289143  0.304422393 1.0000000
6:1-90:0    -6.340761e-03 -0.2164164143  0.203734893 1.0000000
7:1-90:0     1.500635e-02 -0.1896908436  0.219703553 1.0000000
8:1-90:0    -3.047826e-02 -0.2624238181  0.201467296 1.0000000
9:1-90:0     7.067391e-04 -0.2227478580  0.224161336 1.0000000
10:1-90:0    8.314596e-03 -0.2463355508  0.262964743 1.0000000
11:1-90:0   -2.438211e-02 -0.2290793052  0.180315091 1.0000000
12:1-90:0   -1.647300e-02 -0.2439891329  0.211043137 1.0000000
13:1-90:0   -7.418879e-02 -0.3017049224  0.153327348 1.0000000
14:1-90:0    1.881121e-02 -0.2087049224  0.246327348 1.0000000
15:1-90:0    3.024317e-02 -0.2244069794  0.284893315 1.0000000
16:1-90:0   -7.514969e-02 -0.3297998365  0.179500458 1.0000000
17:1-90:0   -3.864969e-02 -0.2583648769  0.181065498 1.0000000
18:1-90:0    2.361236e-02 -0.1684333574  0.215658086 1.0000000
19:1-90:0   -2.574591e-02 -0.2144311177  0.162939302 1.0000000
20:1-90:0   -2.463478e-02 -0.1985939506  0.149324385 1.0000000
21:1-90:0    2.730174e-02 -0.1431427399  0.197746218 1.0000000
22:1-90:0   -3.609826e-02 -0.2065427399  0.134346218 1.0000000
23:1-90:0   -4.343478e-03 -0.2173990771  0.208712121 1.0000000
24:1-90:0    1.650507e-02 -0.1792795116  0.212289657 1.0000000
25:1-90:0   -7.303120e-02 -0.3098292609  0.163766857 1.0000000
26:1-90:0   -5.547492e-03 -0.2675989938  0.256504011 1.0000000
27:1-90:0    1.075072e-03 -0.2469819989  0.249132144 1.0000000
28:1-90:0    8.689097e-02 -0.1751605323  0.348942472 1.0000000
29:1-90:0    6.473753e-02 -0.1627786066  0.292253664 1.0000000
30:1-90:0    8.630072e-03 -0.2618004441  0.279060589 1.0000000
31:1-90:0   -4.531715e-02 -0.2772627070  0.186628408 1.0000000
32:1-90:0    2.402915e-02 -0.1782317239  0.226290017 1.0000000
33:1-90:0   -1.623281e-02 -0.2324924285  0.200026816 1.0000000
34:1-90:0   -2.256536e-02 -0.2164292105  0.171298495 1.0000000
35:1-90:0    1.041549e-02 -0.2317254249  0.252556403 1.0000000
36:1-90:0   -4.257826e-02 -0.2498745339  0.164718012 1.0000000
37:1-90:0   -8.994928e-03 -0.2047795116  0.186789657 1.0000000
38:1-90:0   -7.098120e-02 -0.2596664118  0.117704008 1.0000000
39:1-90:0   -6.207991e-03 -0.1904422989  0.178026318 1.0000000
40:1-90:0    9.660870e-03 -0.1642982984  0.183620038 1.0000000
41:1-90:0    1.338076e-02 -0.1495335777  0.176295089 1.0000000
42:1-90:0    8.195423e-03 -0.1746904534  0.191081300 1.0000000
43:1-90:0    5.667453e-03 -0.1814614235  0.192796330 1.0000000
44:1-90:0    2.332174e-02 -0.2387297631  0.285373241 1.0000000
45:1-90:0    1.585924e-02 -0.2262816749  0.258000153 1.0000000
46:1-90:0   -7.114969e-02 -0.3257998365  0.183500458 1.0000000
47:1-90:0    5.553424e-02 -0.1866066749  0.297675153 1.0000000
48:1-90:0    6.178841e-02 -0.1862686655  0.309845477 1.0000000
49:1-90:0    8.804092e-03 -0.2279939668  0.245602151 1.0000000
50:1-90:0   -7.291972e-02 -0.2521040521  0.106264604 1.0000000
51:1-90:0   -1.832826e-02 -0.2604691749  0.223812653 1.0000000
52:1-90:0   -1.056626e-02 -0.2178625339  0.196730012 1.0000000
53:1-90:0   -4.759076e-02 -0.2576664143  0.162484893 1.0000000
54:1-90:0    9.698055e-03 -0.1731878218  0.192583932 1.0000000
55:1-90:0    1.644049e-02 -0.1756052324  0.208486211 1.0000000
56:1-90:0    8.692174e-02 -0.0922625887  0.266106067 1.0000000
57:1-90:0   -1.817548e-02 -0.2038225105  0.167471544 1.0000000
58:1-90:0    1.899049e-02 -0.1531470667  0.191128045 1.0000000
59:1-90:0   -1.542876e-03 -0.1622877512  0.159201999 1.0000000
60:1-90:0   -9.339212e-04 -0.1482333916  0.146365549 1.0000000
61:1-90:0    7.153082e-03 -0.1354129874  0.149719152 1.0000000
62:1-90:0    6.304263e-03 -0.1416429691  0.154251496 1.0000000
63:1-90:0   -4.264337e-03 -0.1589940729  0.150465399 1.0000000
64:1-90:0    1.832174e-02 -0.1538158167  0.190459295 1.0000000
65:1-90:0    1.024447e-02 -0.1656804043  0.186169337 1.0000000
66:1-90:0    2.158645e-02 -0.1670987647  0.210271655 1.0000000
67:1-90:0    2.056789e-02 -0.1610294472  0.202165233 1.0000000
68:1-90:0   -2.312948e-02 -0.2023138082  0.156054847 1.0000000
69:1-90:0    3.546374e-02 -0.1349807399  0.205908218 1.0000000
70:1-90:0    3.064538e-02 -0.1360454380  0.197336189 1.0000000
71:1-90:0    4.861936e-02 -0.1294335268  0.226672243 1.0000000
72:1-90:0    1.444174e-02 -0.1726871378  0.201570616 1.0000000
73:1-90:0    4.489952e-02 -0.1300234211  0.219822455 1.0000000
74:1-90:0    3.817755e-02 -0.1387897773  0.215144883 1.0000000
75:1-90:0   -2.325382e-02 -0.1981767545  0.151669122 1.0000000
76:1-90:0    2.178047e-02 -0.1400183314  0.183579270 1.0000000
77:1-90:0    2.716020e-02 -0.1417063724  0.196026774 1.0000000
78:1-90:0    3.911341e-02 -0.1183599489  0.196586760 1.0000000
79:1-90:0   -8.291594e-03 -0.1595015977  0.142918409 1.0000000
80:1-90:0    2.005371e-02 -0.1242930567  0.164400469 1.0000000
81:1-90:0   -4.667450e-03 -0.1509594782  0.141624578 1.0000000
82:1-90:0   -2.327826e-02 -0.1705777312  0.124021209 1.0000000
83:1-90:0    4.346292e-02 -0.1261789747  0.213104806 1.0000000
84:1-90:0    6.285069e-02 -0.1200351903  0.245736563 1.0000000
85:1-90:0   -4.720435e-02 -0.2211635158  0.126754820 1.0000000
86:1-90:0    2.226549e-02 -0.1498720667  0.194403045 1.0000000
87:1-90:0   -5.756692e-03 -0.1753985825  0.163885198 1.0000000
88:1-90:0   -1.338677e-02 -0.1864181506  0.159644608 1.0000000
89:1-90:0    2.656051e-02 -0.1447153176  0.197836347 1.0000000
90:1-90:0    3.034933e-02 -0.1343663749  0.195065026 1.0000000
91:1-90:0   -1.741799e-02 -0.1744703135  0.139634340 1.0000000
92:1-90:0    4.377919e-02 -0.1292521932  0.216810565 1.0000000
93:1-90:0    3.264267e-02 -0.1443246610  0.209610000 1.0000000
94:1-90:0    5.656174e-02 -0.0978117084  0.210935187 1.0000000
95:1-90:0    6.721525e-02 -0.0882522193  0.222682711 1.0000000
96:1-90:0    8.369049e-02 -0.0706829584  0.238063937 0.9999994
97:1-90:0    5.055031e-02 -0.1112484902  0.212349111 1.0000000
98:1-90:0    3.931518e-02 -0.1235991515  0.202229515 1.0000000
99:1-90:0    2.164793e-02 -0.1313777641  0.174673623 1.0000000
100:1-90:0  -5.265028e-02 -0.1832601321  0.077959566 1.0000000
92:0-91:0    1.081792e-01 -0.0538854074  0.270243898 0.9919970
93:0-91:0    7.629050e-02 -0.0850221123  0.237603105 1.0000000
94:0-91:0    8.511321e-02 -0.0769514451  0.247177860 0.9999999
95:0-91:0    9.347982e-02 -0.0777481487  0.264707780 0.9999992
96:0-91:0    9.805967e-02 -0.0598309391  0.255950287 0.9994044
97:0-91:0    6.600134e-02 -0.0945832413  0.226585917 1.0000000
98:0-91:0    4.501945e-02 -0.1203195713  0.210358462 1.0000000
99:0-91:0    8.689141e-02 -0.0675122663  0.241295082 0.9999950
100:0-91:0  -1.269946e-02 -0.1364231098  0.111024195 1.0000000
1:1-91:0    -2.472264e-02 -0.1502573817  0.100812099 1.0000000
2:1-91:0    -3.911422e-03 -0.1637908331  0.155967989 1.0000000
3:1-91:0     4.040301e-02 -0.1383254449  0.219131462 1.0000000
4:1-91:0     3.091112e-02 -0.1478173368  0.209639570 1.0000000
5:1-91:0     1.287118e-01 -0.0765523299  0.333975915 0.9991218
6:1-91:0     2.802429e-02 -0.1772398299  0.233288415 1.0000000
7:1-91:0     4.937141e-02 -0.1503847503  0.249127566 1.0000000
8:1-91:0     3.886792e-03 -0.2237100470  0.231483632 1.0000000
9:1-91:0     3.507179e-02 -0.1838654971  0.254009082 1.0000000
10:1-91:0    4.267965e-02 -0.2080159370  0.293375236 1.0000000
11:1-91:0    9.982946e-03 -0.1897732118  0.209739104 1.0000000
12:1-91:0    1.789206e-02 -0.2051890318  0.240973143 1.0000000
13:1-91:0   -3.982373e-02 -0.2629048212  0.183257354 1.0000000
14:1-91:0    5.317627e-02 -0.1699048212  0.276257354 1.0000000
15:1-91:0    6.460822e-02 -0.1860873656  0.315303808 1.0000000
16:1-91:0   -4.078464e-02 -0.2914802228  0.209910951 1.0000000
17:1-91:0   -4.284636e-03 -0.2194040062  0.210834734 1.0000000
18:1-91:0    5.797742e-02 -0.1287928663  0.244747701 1.0000000
19:1-91:0    8.619145e-03 -0.1746939424  0.191932233 1.0000000
20:1-91:0    9.730271e-03 -0.1583868667  0.177847408 1.0000000
21:1-91:0    6.166679e-02 -0.1028108662  0.226144451 1.0000000
22:1-91:0   -1.733208e-03 -0.1662108662  0.162744451 1.0000000
23:1-91:0    3.002158e-02 -0.1782913337  0.238334484 1.0000000
24:1-91:0    5.087013e-02 -0.1397425262  0.241482778 1.0000000
25:1-91:0   -3.866615e-02 -0.2712062538  0.193873956 1.0000000
26:1-91:0    2.881756e-02 -0.2293927587  0.287027882 1.0000000
27:1-91:0    3.544013e-02 -0.2085555512  0.279435803 1.0000000
28:1-91:0    1.212560e-01 -0.1369542972  0.379466344 1.0000000
29:1-91:0    9.910258e-02 -0.1239785055  0.322183669 1.0000000
30:1-91:0    4.299513e-02 -0.2237149116  0.309705163 1.0000000
31:1-91:0   -1.095210e-02 -0.2385489358  0.216644743 1.0000000
32:1-91:0    5.839420e-02 -0.1388646136  0.255653013 1.0000000
33:1-91:0    1.813225e-02 -0.1934565144  0.229721008 1.0000000
34:1-91:0    1.179970e-02 -0.1768395717  0.200438963 1.0000000
35:1-91:0    4.478054e-02 -0.1931980322  0.282759117 1.0000000
36:1-91:0   -8.213208e-03 -0.2106318939  0.194205479 1.0000000
37:1-91:0    2.537013e-02 -0.1652425262  0.215982778 1.0000000
38:1-91:0   -3.661615e-02 -0.2199292365  0.146696939 1.0000000
39:1-91:0    2.815706e-02 -0.1505713908  0.206885516 1.0000000
40:1-91:0    4.402592e-02 -0.1240912145  0.212143060 1.0000000
41:1-91:0    4.774581e-02 -0.1089151618  0.204406780 1.0000000
42:1-91:0    4.256048e-02 -0.1347776853  0.219898639 1.0000000
43:1-91:0    4.003251e-02 -0.1416782424  0.221743256 1.0000000
44:1-91:0    5.768679e-02 -0.2005235280  0.315897113 1.0000000
45:1-91:0    5.022429e-02 -0.1877542822  0.288202867 1.0000000
46:1-91:0   -3.678464e-02 -0.2874802228  0.213910951 1.0000000
47:1-91:0    8.989929e-02 -0.1480792822  0.327877867 1.0000000
48:1-91:0    9.615346e-02 -0.1478422179  0.340149136 1.0000000
49:1-91:0    4.316915e-02 -0.1893709596  0.275709250 1.0000000
50:1-91:0   -3.855467e-02 -0.2120729787  0.134963637 1.0000000
51:1-91:0    1.603679e-02 -0.2219417822  0.254015367 1.0000000
52:1-91:0    2.379879e-02 -0.1786198939  0.226217479 1.0000000
53:1-91:0   -1.322571e-02 -0.2184898299  0.192038415 1.0000000
54:1-91:0    4.406311e-02 -0.1332750537  0.221401270 1.0000000
55:1-91:0    5.080554e-02 -0.1359647413  0.237575826 1.0000000
56:1-91:0    1.212868e-01 -0.0522315153  0.294805100 0.9708000
57:1-91:0    1.618957e-02 -0.1639947758  0.196373916 1.0000000
58:1-91:0    5.335554e-02 -0.1128759765  0.219587061 1.0000000
59:1-91:0    3.282218e-02 -0.1215814970  0.187225851 1.0000000
60:1-91:0    3.343113e-02 -0.1069209742  0.173783238 1.0000000
61:1-91:0    4.151814e-02 -0.0938578740  0.176894146 1.0000000
62:1-91:0    4.066932e-02 -0.1003624647  0.181701098 1.0000000
63:1-91:0    3.010072e-02 -0.1180305462  0.178231979 1.0000000
64:1-91:0    5.268679e-02 -0.1135447265  0.218918311 1.0000000
65:1-91:0    4.460952e-02 -0.1255408252  0.214759865 1.0000000
66:1-91:0    5.595150e-02 -0.1273615894  0.239264586 1.0000000
67:1-91:0    5.493295e-02 -0.1210760698  0.230941962 1.0000000
68:1-91:0    1.123557e-02 -0.1622827348  0.184753881 1.0000000
69:1-91:0    6.982879e-02 -0.0946488662  0.234306451 1.0000000
70:1-91:0    6.501043e-02 -0.0955741504  0.225595008 1.0000000
71:1-91:0    8.298441e-02 -0.0893652610  0.255334084 1.0000000
72:1-91:0    4.880679e-02 -0.1329039567  0.230517542 1.0000000
73:1-91:0    7.926457e-02 -0.0898496338  0.248378774 1.0000000
74:1-91:0    7.254261e-02 -0.0986853580  0.243770571 1.0000000
75:1-91:0    1.111124e-02 -0.1580029672  0.180225441 1.0000000
76:1-91:0    5.614552e-02 -0.0993550616  0.211646107 1.0000000
77:1-91:0    6.152525e-02 -0.1013166917  0.224367200 1.0000000
78:1-91:0    7.347846e-02 -0.0775163659  0.224473284 1.0000000
79:1-91:0    2.607346e-02 -0.1183773800  0.170524298 1.0000000
80:1-91:0    5.441876e-02 -0.0828312596  0.191668779 1.0000000
81:1-91:0    2.969760e-02 -0.1095968232  0.168992030 1.0000000
82:1-91:0    1.108679e-02 -0.1292653138  0.151438899 1.0000000
83:1-91:0    7.782797e-02 -0.0858178398  0.241473778 1.0000000
84:1-91:0    9.721574e-02 -0.0801224221  0.274553902 0.9999989
85:1-91:0   -1.283929e-02 -0.1809564319  0.155277843 1.0000000
86:1-91:0    5.663054e-02 -0.1096009765  0.222862061 1.0000000
87:1-91:0    2.860836e-02 -0.1350374476  0.192254170 1.0000000
88:1-91:0    2.097828e-02 -0.1461786442  0.188135208 1.0000000
89:1-91:0    6.092557e-02 -0.1044134489  0.226264585 1.0000000
90:1-91:0    6.471438e-02 -0.0938190300  0.223247787 1.0000000
91:1-91:0    1.694707e-02 -0.1336086145  0.167502747 1.0000000
92:1-91:0    7.814424e-02 -0.0890126868  0.245301165 1.0000000
93:1-91:0    6.700772e-02 -0.1042202417  0.238235687 1.0000000
94:1-91:0    9.092679e-02 -0.0568322718  0.238685857 0.9995946
95:1-91:0    1.015803e-01 -0.0473213882  0.250481986 0.9847424
96:1-91:0    1.180555e-01 -0.0297035218  0.265814607 0.6826478
97:1-91:0    8.491536e-02 -0.0705852203  0.240415948 0.9999991
98:1-91:0    7.368024e-02 -0.0829807356  0.230341206 1.0000000
99:1-91:0    5.601298e-02 -0.0903374278  0.202363394 1.0000000
100:1-91:0  -1.828523e-02 -0.1410065092  0.104436050 1.0000000
93:0-92:0   -3.188875e-02 -0.1932013576  0.129423859 1.0000000
94:0-92:0   -2.306604e-02 -0.1851306904  0.138998615 1.0000000
95:0-92:0   -1.469943e-02 -0.1859273940  0.156528535 1.0000000
96:0-92:0   -1.011957e-02 -0.1680101843  0.147771041 1.0000000
97:0-92:0   -4.217791e-02 -0.2027624866  0.118406672 1.0000000
98:0-92:0   -6.315980e-02 -0.2284988166  0.102179217 1.0000000
99:0-92:0   -2.128784e-02 -0.1756915115  0.133115837 1.0000000
100:0-92:0  -1.208787e-01 -0.2446023551  0.002844949 0.0753325
1:1-92:0    -1.329019e-01 -0.2584366270 -0.007367147 0.0159208
2:1-92:0    -1.120907e-01 -0.2719700784  0.047788744 0.9685146
3:1-92:0    -6.777624e-02 -0.2465046902  0.110952217 1.0000000
4:1-92:0    -7.726813e-02 -0.2559965821  0.101460325 1.0000000
5:1-92:0     2.053255e-02 -0.1847315752  0.225796670 1.0000000
6:1-92:0    -8.015495e-02 -0.2854190752  0.125109170 1.0000000
7:1-92:0    -5.880784e-02 -0.2585639955  0.140948321 1.0000000
8:1-92:0    -1.042925e-01 -0.3318892922  0.123304387 1.0000000
9:1-92:0    -7.310745e-02 -0.2920447424  0.145829837 1.0000000
10:1-92:0   -6.549960e-02 -0.3161951823  0.185195991 1.0000000
11:1-92:0   -9.819630e-02 -0.2979524571  0.101559859 1.0000000
12:1-92:0   -9.028719e-02 -0.3133682770  0.132793898 1.0000000
13:1-92:0   -1.480030e-01 -0.3710840665  0.075078108 0.9933944
14:1-92:0   -5.500298e-02 -0.2780840665  0.168078108 1.0000000
15:1-92:0   -4.357102e-02 -0.2942666109  0.207124562 1.0000000
16:1-92:0   -1.489639e-01 -0.3996594680  0.101731705 0.9999164
17:1-92:0   -1.124639e-01 -0.3275832515  0.102655489 0.9999999
18:1-92:0   -5.020183e-02 -0.2369721116  0.136568456 1.0000000
19:1-92:0   -9.956010e-02 -0.2828731876  0.083752988 0.9999994
20:1-92:0   -9.844897e-02 -0.2665661120  0.069668163 0.9999590
21:1-92:0   -4.651245e-02 -0.2109901115  0.117965206 1.0000000
22:1-92:0   -1.099125e-01 -0.2743901115  0.054565206 0.9917155
23:1-92:0   -7.815767e-02 -0.2864705789  0.130155239 1.0000000
24:1-92:0   -5.730912e-02 -0.2479217715  0.133303533 1.0000000
25:1-92:0   -1.468454e-01 -0.3793854991  0.085694711 0.9988424
26:1-92:0   -7.936168e-02 -0.3375720040  0.178848637 1.0000000
27:1-92:0   -7.273912e-02 -0.3167347965  0.171256558 1.0000000
28:1-92:0    1.307678e-02 -0.2451335425  0.271287098 1.0000000
29:1-92:0   -9.076663e-03 -0.2321577507  0.214004424 1.0000000
30:1-92:0   -6.518412e-02 -0.3318941569  0.201525918 1.0000000
31:1-92:0   -1.191313e-01 -0.3467281811  0.108465498 0.9999999
32:1-92:0   -4.978505e-02 -0.2470438589  0.147473768 1.0000000
33:1-92:0   -9.004700e-02 -0.3016357597  0.121541763 1.0000000
34:1-92:0   -9.637955e-02 -0.2850188170  0.092259718 1.0000000
35:1-92:0   -6.339870e-02 -0.3013772775  0.174579872 1.0000000
36:1-92:0   -1.163925e-01 -0.3188111392  0.086026233 0.9999839
37:1-92:0   -8.280912e-02 -0.2734217715  0.107803533 1.0000000
38:1-92:0   -1.447954e-01 -0.3281084818  0.038517694 0.7229481
39:1-92:0   -8.002218e-02 -0.2587506361  0.098706271 1.0000000
40:1-92:0   -6.415332e-02 -0.2322704598  0.103963815 1.0000000
41:1-92:0   -6.043344e-02 -0.2170944071  0.096227534 1.0000000
42:1-92:0   -6.561877e-02 -0.2429569306  0.111719393 1.0000000
43:1-92:0   -6.814674e-02 -0.2498574877  0.113564011 1.0000000
44:1-92:0   -5.049245e-02 -0.3087027732  0.207717868 1.0000000
45:1-92:0   -5.795495e-02 -0.2959335275  0.180023622 1.0000000
46:1-92:0   -1.449639e-01 -0.3956594680  0.105731705 0.9999784
47:1-92:0   -1.827995e-02 -0.2562585275  0.219698622 1.0000000
48:1-92:0   -1.202579e-02 -0.2560214632  0.231969891 1.0000000
49:1-92:0   -6.501010e-02 -0.2975502049  0.167530005 1.0000000
50:1-92:0   -1.467339e-01 -0.3202522240  0.026784391 0.4643706
51:1-92:0   -9.214245e-02 -0.3301210275  0.145836122 1.0000000
52:1-92:0   -8.438045e-02 -0.2867991392  0.118038233 1.0000000
53:1-92:0   -1.214050e-01 -0.3266690752  0.083859170 0.9999330
54:1-92:0   -6.411614e-02 -0.2414542990  0.113222025 1.0000000
55:1-92:0   -5.737370e-02 -0.2441439866  0.129396581 1.0000000
56:1-92:0    1.310755e-02 -0.1604107605  0.186625855 1.0000000
57:1-92:0   -9.198968e-02 -0.2721740211  0.088194671 1.0000000
58:1-92:0   -5.482370e-02 -0.2210552217  0.111407816 1.0000000
59:1-92:0   -7.535707e-02 -0.2297607423  0.079046606 1.0000000
60:1-92:0   -7.474811e-02 -0.2151002195  0.065603993 0.9999998
61:1-92:0   -6.666111e-02 -0.2020371193  0.068714900 1.0000000
62:1-92:0   -6.750993e-02 -0.2085417100  0.073521853 1.0000000
63:1-92:0   -7.807853e-02 -0.2262097915  0.070052734 0.9999999
64:1-92:0   -5.549245e-02 -0.2217239717  0.110739066 1.0000000
65:1-92:0   -6.356973e-02 -0.2337200705  0.106580619 1.0000000
66:1-92:0   -5.222775e-02 -0.2355408347  0.131085341 1.0000000
67:1-92:0   -5.324630e-02 -0.2292553151  0.122762717 1.0000000
68:1-92:0   -9.694367e-02 -0.2704619801  0.076574635 0.9999967
69:1-92:0   -3.835045e-02 -0.2028281115  0.126127206 1.0000000
70:1-92:0   -4.316882e-02 -0.2037533957  0.117415763 1.0000000
71:1-92:0   -2.519483e-02 -0.1975445063  0.147154839 1.0000000
72:1-92:0   -5.937245e-02 -0.2410832020  0.122338296 1.0000000
73:1-92:0   -2.891468e-02 -0.1980288791  0.140199529 1.0000000
74:1-92:0   -3.563664e-02 -0.2068646033  0.135591326 1.0000000
75:1-92:0   -9.706801e-02 -0.2661822125  0.072046196 0.9999854
76:1-92:0   -5.203372e-02 -0.2075343068  0.103466861 1.0000000
77:1-92:0   -4.665399e-02 -0.2094959369  0.116187954 1.0000000
78:1-92:0   -3.470079e-02 -0.1856956112  0.116294039 1.0000000
79:1-92:0   -8.210579e-02 -0.2265566253  0.062345053 0.9999913
80:1-92:0   -5.376049e-02 -0.1910105049  0.083489534 1.0000000
81:1-92:0   -7.848164e-02 -0.2177760685  0.060812784 0.9999947
82:1-92:0   -9.709245e-02 -0.2374445591  0.043259653 0.9776584
83:1-92:0   -3.035128e-02 -0.1939970850  0.133294532 1.0000000
84:1-92:0   -1.096351e-02 -0.1883016674  0.166374656 1.0000000
85:1-92:0   -1.210185e-01 -0.2891356772  0.047098598 0.9418377
86:1-92:0   -5.154870e-02 -0.2177802217  0.114682816 1.0000000
87:1-92:0   -7.957088e-02 -0.2432166929  0.084074924 1.0000000
88:1-92:0   -8.720096e-02 -0.2543578895  0.079955963 1.0000000
89:1-92:0   -4.725368e-02 -0.2125926942  0.118085340 1.0000000
90:1-92:0   -4.346487e-02 -0.2019982753  0.115068542 1.0000000
91:1-92:0   -9.123218e-02 -0.2417878598  0.059323502 0.9997929
92:1-92:0   -3.003501e-02 -0.1971919321  0.137121920 1.0000000
93:1-92:0   -4.117152e-02 -0.2123994870  0.130056442 1.0000000
94:1-92:0   -1.725245e-02 -0.1650115170  0.130506611 1.0000000
95:1-92:0   -6.598946e-03 -0.1555006335  0.142302741 1.0000000
96:1-92:0    9.876297e-03 -0.1378827670  0.157635361 1.0000000
97:1-92:0   -2.326388e-02 -0.1787644656  0.132236703 1.0000000
98:1-92:0   -3.449901e-02 -0.1911599809  0.122161960 1.0000000
99:1-92:0   -5.216626e-02 -0.1985166731  0.094184148 1.0000000
100:1-92:0  -1.264645e-01 -0.2491857545 -0.003743195 0.0280492
94:0-93:0    8.822711e-03 -0.1524898971  0.170135320 1.0000000
95:0-93:0    1.718932e-02 -0.1533270192  0.187705658 1.0000000
96:0-93:0    2.176918e-02 -0.1353494133  0.178887769 1.0000000
97:0-93:0   -1.028916e-02 -0.1701147290  0.149536413 1.0000000
98:0-93:0   -3.127105e-02 -0.1958729841  0.133330883 1.0000000
99:0-93:0    1.060091e-02 -0.1430132172  0.164215041 1.0000000
100:0-93:0  -8.898995e-02 -0.2117268599  0.033746952 0.9322007
1:1-93:0    -1.010131e-01 -0.2255754795  0.023549204 0.6274448
2:1-93:0    -8.020192e-02 -0.2393189572  0.078915121 1.0000000
3:1-93:0    -3.588749e-02 -0.2139342963  0.142159321 1.0000000
4:1-93:0    -4.537938e-02 -0.2234261882  0.132667429 1.0000000
5:1-93:0     5.242130e-02 -0.1522495759  0.257092169 1.0000000
6:1-93:0    -4.826620e-02 -0.2529370759  0.156404669 1.0000000
7:1-93:0    -2.691909e-02 -0.2260655889  0.172227412 1.0000000
8:1-93:0    -7.240370e-02 -0.2994656497  0.154658242 1.0000000
9:1-93:0    -4.121870e-02 -0.2595998905  0.177162483 1.0000000
10:1-93:0   -3.361085e-02 -0.2838209246  0.216599232 1.0000000
11:1-93:0   -6.630755e-02 -0.2654540505  0.132838951 1.0000000
12:1-93:0   -5.839844e-02 -0.2809337805  0.164136899 1.0000000
13:1-93:0   -1.161142e-01 -0.3386495700  0.106421110 1.0000000
14:1-93:0   -2.311423e-02 -0.2456495700  0.199421110 1.0000000
15:1-93:0   -1.168228e-02 -0.2618923532  0.238527803 1.0000000
16:1-93:0   -1.170751e-01 -0.3672852103  0.133134946 1.0000000
17:1-93:0   -8.057513e-02 -0.2951285042  0.133978240 1.0000000
18:1-93:0   -1.831308e-02 -0.2044311727  0.167805015 1.0000000
19:1-93:0   -6.767135e-02 -0.2503199044  0.114977203 1.0000000
20:1-93:0   -6.656023e-02 -0.2339525129  0.100832062 1.0000000
21:1-93:0   -1.462370e-02 -0.1783604015  0.149112994 1.0000000
22:1-93:0   -7.802370e-02 -0.2417604015  0.085712994 1.0000000
23:1-93:0   -4.626892e-02 -0.2539972869  0.161459445 1.0000000
24:1-93:0   -2.542037e-02 -0.2153940241  0.164553283 1.0000000
25:1-93:0   -1.149566e-01 -0.3469732530  0.117059963 1.0000000
26:1-93:0   -4.747293e-02 -0.3052119024  0.210266033 1.0000000
27:1-93:0   -4.085037e-02 -0.2843471802  0.202646439 1.0000000
28:1-93:0    4.496553e-02 -0.2127734408  0.302704495 1.0000000
29:1-93:0    2.281209e-02 -0.1997232542  0.245347426 1.0000000
30:1-93:0   -3.329537e-02 -0.2995491028  0.232958362 1.0000000
31:1-93:0   -8.724259e-02 -0.3143045386  0.139819353 1.0000000
32:1-93:0   -1.789630e-02 -0.2145377097  0.178745117 1.0000000
33:1-93:0   -5.815825e-02 -0.2691715425  0.152855044 1.0000000
34:1-93:0   -6.449080e-02 -0.2524843621  0.123502761 1.0000000
35:1-93:0   -3.150995e-02 -0.2689770209  0.205957113 1.0000000
36:1-93:0   -8.450370e-02 -0.2863207758  0.117313368 1.0000000
37:1-93:0   -5.092037e-02 -0.2408940241  0.139053283 1.0000000
38:1-93:0   -1.129066e-01 -0.2955551985  0.069741909 0.9995094
39:1-93:0   -4.813343e-02 -0.2261802422  0.129913375 1.0000000
40:1-93:0   -3.226457e-02 -0.1996568607  0.135127714 1.0000000
41:1-93:0   -2.854469e-02 -0.1844275463  0.127338172 1.0000000
42:1-93:0   -3.373002e-02 -0.2103811720  0.142921133 1.0000000
43:1-93:0   -3.625799e-02 -0.2172983229  0.144782344 1.0000000
44:1-93:0   -1.860370e-02 -0.2763426716  0.239135264 1.0000000
45:1-93:0   -2.606620e-02 -0.2635332709  0.211400863 1.0000000
46:1-93:0   -1.130751e-01 -0.3632852103  0.137134946 1.0000000
47:1-93:0    1.360880e-02 -0.2238582709  0.251075863 1.0000000
48:1-93:0    1.986296e-02 -0.2236338469  0.263359773 1.0000000
49:1-93:0   -3.312135e-02 -0.2651379589  0.198895257 1.0000000
50:1-93:0   -1.148452e-01 -0.2876612807  0.057970946 0.9930368
51:1-93:0   -6.025370e-02 -0.2977207709  0.177213363 1.0000000
52:1-93:0   -5.249170e-02 -0.2543087758  0.149325368 1.0000000
53:1-93:0   -8.951620e-02 -0.2941870759  0.115154669 1.0000000
54:1-93:0   -3.222739e-02 -0.2088785404  0.144423765 1.0000000
55:1-93:0   -2.548495e-02 -0.2116030477  0.160633140 1.0000000
56:1-93:0    4.499630e-02 -0.1278198173  0.217812410 1.0000000
57:1-93:0   -6.010093e-02 -0.2396091557  0.119407304 1.0000000
58:1-93:0   -2.293495e-02 -0.1884333642  0.142563457 1.0000000
59:1-93:0   -4.346832e-02 -0.1970824479  0.110145810 1.0000000
60:1-93:0   -4.285936e-02 -0.1823424087  0.096623681 1.0000000
61:1-93:0   -3.477236e-02 -0.1692471537  0.099702433 1.0000000
62:1-93:0   -3.562118e-02 -0.1757881134  0.104545755 1.0000000
63:1-93:0   -4.618978e-02 -0.1934978819  0.101118323 1.0000000
64:1-93:0   -2.360370e-02 -0.1891021142  0.141894707 1.0000000
65:1-93:0   -3.168098e-02 -0.2011151698  0.137753217 1.0000000
66:1-93:0   -2.033900e-02 -0.2029875514  0.162309556 1.0000000
67:1-93:0   -2.135755e-02 -0.1966743481  0.153959248 1.0000000
68:1-93:0   -6.505492e-02 -0.2378710368  0.107761190 1.0000000
69:1-93:0   -6.461704e-03 -0.1701984015  0.157274994 1.0000000
70:1-93:0   -1.128007e-02 -0.1711056381  0.148545503 1.0000000
71:1-93:0    6.693915e-03 -0.1649487822  0.178336613 1.0000000
72:1-93:0   -2.748370e-02 -0.2085240372  0.153556630 1.0000000
73:1-93:0    2.974074e-03 -0.1654195719  0.171367720 1.0000000
74:1-93:0   -3.747890e-03 -0.1742642285  0.166768449 1.0000000
75:1-93:0   -6.517926e-02 -0.2335729053  0.103214387 1.0000000
76:1-93:0   -2.014497e-02 -0.1748616103  0.134571663 1.0000000
77:1-93:0   -1.476524e-02 -0.1768587499  0.147328266 1.0000000
78:1-93:0   -2.812037e-03 -0.1529993974  0.147375323 1.0000000
79:1-93:0   -5.021704e-02 -0.1938236209  0.093389547 1.0000000
80:1-93:0   -2.187174e-02 -0.1582329252  0.114489452 1.0000000
81:1-93:0   -4.659289e-02 -0.1850116173  0.091825831 1.0000000
82:1-93:0   -6.520370e-02 -0.2046867483  0.074279341 1.0000000
83:1-93:0    1.537473e-03 -0.1613635914  0.164438537 1.0000000
84:1-93:0    2.092524e-02 -0.1557259089  0.197576396 1.0000000
85:1-93:0   -8.912979e-02 -0.2565220781  0.078262497 0.9999998
86:1-93:0   -1.965995e-02 -0.1851583642  0.145838457 1.0000000
87:1-93:0   -4.768214e-02 -0.2105831992  0.115218929 1.0000000
88:1-93:0   -5.531221e-02 -0.2217401084  0.111115680 1.0000000
89:1-93:0   -1.536493e-02 -0.1799668616  0.149237005 1.0000000
90:1-93:0   -1.157612e-02 -0.1693406498  0.146188415 1.0000000
91:1-93:0   -5.934343e-02 -0.2090892780  0.090402419 1.0000000
92:1-93:0    1.853743e-03 -0.1645741510  0.168281637 1.0000000
93:1-93:0   -9.282773e-03 -0.1797991123  0.161233565 1.0000000
94:1-93:0    1.463630e-02 -0.1322975223  0.161570115 1.0000000
95:1-93:0    2.528980e-02 -0.1227930066  0.173372612 1.0000000
96:1-93:0    4.176505e-02 -0.1051687723  0.188698865 1.0000000
97:1-93:0    8.624868e-03 -0.1460917690  0.163341504 1.0000000
98:1-93:0   -2.610261e-03 -0.1584931201  0.153272598 1.0000000
99:1-93:0   -2.027751e-02 -0.1657946899  0.125239663 1.0000000
100:1-93:0  -9.457573e-02 -0.2163021340  0.027150682 0.7767282
95:0-94:0    8.366608e-03 -0.1628613562  0.179594573 1.0000000
96:0-94:0    1.294647e-02 -0.1449441466  0.170837079 1.0000000
97:0-94:0   -1.911187e-02 -0.1796964488  0.141472710 1.0000000
98:0-94:0   -4.009376e-02 -0.2054327789  0.125245255 1.0000000
99:0-94:0    1.778200e-03 -0.1526254738  0.156181874 1.0000000
100:0-94:0  -9.781267e-02 -0.2215363174  0.025910987 0.7199382
1:1-94:0    -1.098358e-01 -0.2353705892  0.015698891 0.3379557
2:1-94:0    -8.902463e-02 -0.2489040407  0.070854782 0.9999973
3:1-94:0    -4.471020e-02 -0.2234386524  0.134018255 1.0000000
4:1-94:0    -5.420209e-02 -0.2329305443  0.124526363 1.0000000
5:1-94:0     4.359858e-02 -0.1616655375  0.248862707 1.0000000
6:1-94:0    -5.708892e-02 -0.2623530375  0.148175207 1.0000000
7:1-94:0    -3.574180e-02 -0.2354979578  0.164014358 1.0000000
8:1-94:0    -8.122642e-02 -0.3088232545  0.146370424 1.0000000
9:1-94:0    -5.004142e-02 -0.2689787047  0.168895874 1.0000000
10:1-94:0   -4.243356e-02 -0.2931291446  0.208262029 1.0000000
11:1-94:0   -7.513026e-02 -0.2748864193  0.124625897 1.0000000
12:1-94:0   -6.722115e-02 -0.2903022393  0.155859935 1.0000000
13:1-94:0   -1.249369e-01 -0.3480180288  0.098144146 0.9999962
14:1-94:0   -3.193694e-02 -0.2550180288  0.191144146 1.0000000
15:1-94:0   -2.050499e-02 -0.2712005732  0.230190600 1.0000000
16:1-94:0   -1.258978e-01 -0.3765934303  0.124797743 1.0000000
17:1-94:0   -8.939784e-02 -0.3045172137  0.125721526 1.0000000
18:1-94:0   -2.713579e-02 -0.2139060739  0.159634494 1.0000000
19:1-94:0   -7.649406e-02 -0.2598071499  0.106819026 1.0000000
20:1-94:0   -7.538294e-02 -0.2435000742  0.092734201 1.0000000
21:1-94:0   -2.344642e-02 -0.1879240738  0.141031244 1.0000000
22:1-94:0   -8.684642e-02 -0.2513240738  0.077631244 0.9999999
23:1-94:0   -5.509163e-02 -0.2634045412  0.153221276 1.0000000
24:1-94:0   -3.424308e-02 -0.2248557338  0.156369570 1.0000000
25:1-94:0   -1.237794e-01 -0.3563194613  0.108760749 0.9999998
26:1-94:0   -5.629565e-02 -0.3145059663  0.201914675 1.0000000
27:1-94:0   -4.967308e-02 -0.2936687588  0.194322595 1.0000000
28:1-94:0    3.614282e-02 -0.2220675047  0.294353136 1.0000000
29:1-94:0    1.398937e-02 -0.2090917130  0.237070462 1.0000000
30:1-94:0   -4.211808e-02 -0.3088281192  0.224591956 1.0000000
31:1-94:0   -9.606530e-02 -0.3236621434  0.131531535 1.0000000
32:1-94:0   -2.671901e-02 -0.2239778211  0.170539806 1.0000000
33:1-94:0   -6.698096e-02 -0.2785697219  0.144607801 1.0000000
34:1-94:0   -7.331351e-02 -0.2619527793  0.115325756 1.0000000
35:1-94:0   -4.033267e-02 -0.2783112397  0.197645910 1.0000000
36:1-94:0   -9.332642e-02 -0.2957451014  0.109092271 1.0000000
37:1-94:0   -5.974308e-02 -0.2503557338  0.130869570 1.0000000
38:1-94:0   -1.217294e-01 -0.3050424440  0.061583731 0.9932009
39:1-94:0   -5.695614e-02 -0.2356845984  0.121772309 1.0000000
40:1-94:0   -4.108728e-02 -0.2092044220  0.127029853 1.0000000
41:1-94:0   -3.736740e-02 -0.1940283694  0.119293572 1.0000000
42:1-94:0   -4.255273e-02 -0.2198908928  0.134785431 1.0000000
43:1-94:0   -4.508070e-02 -0.2267914500  0.136630048 1.0000000
44:1-94:0   -2.742642e-02 -0.2856367355  0.230783905 1.0000000
45:1-94:0   -3.488892e-02 -0.2728674897  0.203089660 1.0000000
46:1-94:0   -1.218978e-01 -0.3725934303  0.128797743 1.0000000
47:1-94:0    4.786085e-03 -0.2331924897  0.242764660 1.0000000
48:1-94:0    1.104025e-02 -0.2329554254  0.255035929 1.0000000
49:1-94:0   -4.194406e-02 -0.2744841672  0.190596043 1.0000000
50:1-94:0   -1.236679e-01 -0.2971861862  0.049850429 0.9534215
51:1-94:0   -6.907642e-02 -0.3070549897  0.168902160 1.0000000
52:1-94:0   -6.131442e-02 -0.2637331014  0.141104271 1.0000000
53:1-94:0   -9.833892e-02 -0.3036030375  0.106925207 1.0000000
54:1-94:0   -4.105010e-02 -0.2183882613  0.136288063 1.0000000
55:1-94:0   -3.430767e-02 -0.2210779489  0.152462619 1.0000000
56:1-94:0    3.617358e-02 -0.1373447228  0.209691893 1.0000000
57:1-94:0   -6.892364e-02 -0.2491079834  0.111260709 1.0000000
58:1-94:0   -3.175767e-02 -0.1979891840  0.134473854 1.0000000
59:1-94:0   -5.229103e-02 -0.2066947046  0.102112644 1.0000000
60:1-94:0   -5.168208e-02 -0.1920341818  0.088670031 1.0000000
61:1-94:0   -4.359507e-02 -0.1789710816  0.091780938 1.0000000
62:1-94:0   -4.444389e-02 -0.1854756723  0.096587891 1.0000000
63:1-94:0   -5.501249e-02 -0.2031437538  0.093118772 1.0000000
64:1-94:0   -3.242642e-02 -0.1986579340  0.133805104 1.0000000
65:1-94:0   -4.050369e-02 -0.2106540328  0.129646657 1.0000000
66:1-94:0   -2.916171e-02 -0.2124747970  0.154151379 1.0000000
67:1-94:0   -3.018026e-02 -0.2061892773  0.145828755 1.0000000
68:1-94:0   -7.387763e-02 -0.2473959423  0.099640673 1.0000000
69:1-94:0   -1.528442e-02 -0.1797620738  0.149193244 1.0000000
70:1-94:0   -2.010278e-02 -0.1806873579  0.140481800 1.0000000
71:1-94:0   -2.128796e-03 -0.1744784685  0.170220876 1.0000000
72:1-94:0   -3.630642e-02 -0.2180171643  0.145404334 1.0000000
73:1-94:0   -5.848637e-03 -0.1749628414  0.163265567 1.0000000
74:1-94:0   -1.257060e-02 -0.1837985655  0.158657363 1.0000000
75:1-94:0   -7.400197e-02 -0.2431161747  0.095112233 1.0000000
76:1-94:0   -2.896768e-02 -0.1844682691  0.126532899 1.0000000
77:1-94:0   -2.358795e-02 -0.1864298992  0.139253992 1.0000000
78:1-94:0   -1.163475e-02 -0.1626295735  0.139360077 1.0000000
79:1-94:0   -5.903975e-02 -0.2034905875  0.085411091 1.0000000
80:1-94:0   -3.069445e-02 -0.1679444671  0.106555571 1.0000000
81:1-94:0   -5.541560e-02 -0.1947100308  0.083878822 1.0000000
82:1-94:0   -7.402642e-02 -0.2143785214  0.066325691 0.9999999
83:1-94:0   -7.285239e-03 -0.1709310473  0.156360570 1.0000000
84:1-94:0    1.210253e-02 -0.1652356297  0.189440694 1.0000000
85:1-94:0   -9.795250e-02 -0.2660696394  0.070164635 0.9999682
86:1-94:0   -2.848267e-02 -0.1947141840  0.137748854 1.0000000
87:1-94:0   -5.650485e-02 -0.2201506552  0.107140962 1.0000000
88:1-94:0   -6.413493e-02 -0.2312918518  0.103022000 1.0000000
89:1-94:0   -2.418764e-02 -0.1895266564  0.141151377 1.0000000
90:1-94:0   -2.039883e-02 -0.1789322376  0.138134580 1.0000000
91:1-94:0   -6.816614e-02 -0.2187218221  0.082389540 1.0000000
92:1-94:0   -6.968968e-03 -0.1741258943  0.160187958 1.0000000
93:1-94:0   -1.810548e-02 -0.1893334493  0.153122480 1.0000000
94:1-94:0    5.813585e-03 -0.1419454793  0.153572649 1.0000000
95:1-94:0    1.646709e-02 -0.1324345957  0.165368779 1.0000000
96:1-94:0    3.294233e-02 -0.1148167293  0.180701399 1.0000000
97:1-94:0   -1.978437e-04 -0.1556984278  0.155302741 1.0000000
98:1-94:0   -1.143297e-02 -0.1680939432  0.145227998 1.0000000
99:1-94:0   -2.910022e-02 -0.1754506353  0.117250186 1.0000000
100:1-94:0  -1.033984e-01 -0.2261197168  0.019322842 0.4786091
96:0-95:0    4.579858e-03 -0.1627028660  0.171862582 1.0000000
97:0-95:0   -2.747848e-02 -0.1973062471  0.142349291 1.0000000
98:0-95:0   -4.846037e-02 -0.2227906735  0.125869933 1.0000000
99:0-95:0   -6.588408e-03 -0.1705840137  0.157407198 1.0000000
100:0-95:0  -1.061793e-01 -0.2416842779  0.029325731 0.7497338
1:1-95:0    -1.182025e-01 -0.2553630752  0.018958161 0.3925291
2:1-95:0    -9.739124e-02 -0.2665523746  0.071769900 0.9999828
3:1-95:0    -5.307681e-02 -0.2401541286  0.134000515 1.0000000
4:1-95:0    -6.256870e-02 -0.2496460205  0.124508623 1.0000000
5:1-95:0     3.523198e-02 -0.1773413614  0.247805315 1.0000000
6:1-95:0    -6.545552e-02 -0.2780288614  0.147117815 1.0000000
7:1-95:0    -4.410841e-02 -0.2513681166  0.163151301 1.0000000
8:1-95:0    -8.959302e-02 -0.3238031542  0.144617108 1.0000000
9:1-95:0    -5.840802e-02 -0.2842123653  0.167396319 1.0000000
10:1-95:0   -5.080017e-02 -0.3075146793  0.205914347 1.0000000
11:1-95:0   -8.349687e-02 -0.2907565781  0.123762839 1.0000000
12:1-95:0   -7.558776e-02 -0.3054121184  0.154236598 1.0000000
13:1-95:0   -1.333035e-01 -0.3631279079  0.096520809 0.9999747
14:1-95:0   -4.030355e-02 -0.2701279079  0.189520809 1.0000000
15:1-95:0   -2.887159e-02 -0.2855861079  0.227842919 1.0000000
16:1-95:0   -1.342645e-01 -0.3909789651  0.122450061 0.9999999
17:1-95:0   -9.776445e-02 -0.3198689487  0.124340045 1.0000000
18:1-95:0   -3.550240e-02 -0.2302771478  0.159272351 1.0000000
19:1-95:0   -8.486067e-02 -0.2763228135  0.106601473 1.0000000
20:1-95:0   -8.374954e-02 -0.2607168754  0.093217785 1.0000000
21:1-95:0   -3.181302e-02 -0.2053266087  0.141700562 1.0000000
22:1-95:0   -9.521302e-02 -0.2687266087  0.078300562 0.9999988
23:1-95:0   -6.345824e-02 -0.2789769918  0.152060510 1.0000000
24:1-95:0   -4.260969e-02 -0.2410718960  0.155852516 1.0000000
25:1-95:0   -1.321460e-01 -0.3711626262  0.106870697 0.9999982
26:1-95:0   -6.466225e-02 -0.3287202661  0.199395758 1.0000000
27:1-95:0   -5.803969e-02 -0.3082155372  0.192136157 1.0000000
28:1-95:0    2.777621e-02 -0.2362818045  0.291834220 1.0000000
29:1-95:0    5.622766e-03 -0.2242015921  0.235447125 1.0000000
30:1-95:0   -5.048469e-02 -0.3228599975  0.221890618 1.0000000
31:1-95:0   -1.044319e-01 -0.3386420431  0.129778219 1.0000000
32:1-95:0   -3.508562e-02 -0.2399394750  0.169768243 1.0000000
33:1-95:0   -7.534757e-02 -0.2940342580  0.143339121 1.0000000
34:1-95:0   -8.168012e-02 -0.2782477607  0.114887521 1.0000000
35:1-95:0   -4.869927e-02 -0.2930102762  0.195611730 1.0000000
36:1-95:0   -1.016930e-01 -0.3115200680  0.108134022 1.0000000
37:1-95:0   -6.810969e-02 -0.2665718960  0.130352516 1.0000000
38:1-95:0   -1.300960e-01 -0.3215581076  0.061366179 0.9863782
39:1-95:0   -6.532275e-02 -0.2524000746  0.121754569 1.0000000
40:1-95:0   -4.945389e-02 -0.2264212232  0.127513438 1.0000000
41:1-95:0   -4.573401e-02 -0.2118566239  0.120388610 1.0000000
42:1-95:0   -5.091934e-02 -0.2366688689  0.134830191 1.0000000
43:1-95:0   -5.344731e-02 -0.2433758758  0.136481258 1.0000000
44:1-95:0   -3.579302e-02 -0.2998510353  0.228264989 1.0000000
45:1-95:0   -4.325552e-02 -0.2875665262  0.201055480 1.0000000
46:1-95:0   -1.302645e-01 -0.3869789651  0.126450061 1.0000000
47:1-95:0   -3.580523e-03 -0.2478915262  0.240730480 1.0000000
48:1-95:0    2.673643e-03 -0.2475022038  0.252849491 1.0000000
49:1-95:0   -5.031067e-02 -0.2893273321  0.188705991 1.0000000
50:1-95:0   -1.320345e-01 -0.3141406844  0.050071711 0.9322110
51:1-95:0   -7.744302e-02 -0.3217540262  0.166867980 1.0000000
52:1-95:0   -6.968102e-02 -0.2795080680  0.140146022 1.0000000
53:1-95:0   -1.067055e-01 -0.3192788614  0.105867815 1.0000000
54:1-95:0   -4.941671e-02 -0.2351662373  0.136332822 1.0000000
55:1-95:0   -4.267427e-02 -0.2374490228  0.152100476 1.0000000
56:1-95:0    2.780698e-02 -0.1542992210  0.209913174 1.0000000
57:1-95:0   -7.729025e-02 -0.2657589769  0.111178486 1.0000000
58:1-95:0   -4.012427e-02 -0.2153012752  0.135052729 1.0000000
59:1-95:0   -6.065764e-02 -0.2246532444  0.103337967 1.0000000
60:1-95:0   -6.004868e-02 -0.2108889232  0.090791556 1.0000000
61:1-95:0   -5.196168e-02 -0.1981831838  0.094259824 1.0000000
62:1-95:0   -5.281050e-02 -0.2042833597  0.098662362 1.0000000
63:1-95:0   -6.337910e-02 -0.2214832900  0.094725092 1.0000000
64:1-95:0   -4.079302e-02 -0.2159700252  0.134383979 1.0000000
65:1-95:0   -4.887030e-02 -0.2277702793  0.130029687 1.0000000
66:1-95:0   -3.752832e-02 -0.2289904606  0.153933826 1.0000000
67:1-95:0   -3.854687e-02 -0.2230278654  0.145934127 1.0000000
68:1-95:0   -8.224424e-02 -0.2643504405  0.099861955 1.0000000
69:1-95:0   -2.365102e-02 -0.1971646087  0.149862562 1.0000000
70:1-95:0   -2.846939e-02 -0.1982971562  0.141358382 1.0000000
71:1-95:0   -1.049540e-02 -0.1914884255  0.170497617 1.0000000
72:1-95:0   -4.467302e-02 -0.2346015901  0.145255544 1.0000000
73:1-95:0   -1.421525e-02 -0.1921300514  0.163699560 1.0000000
74:1-95:0   -2.093721e-02 -0.2008624158  0.158987997 1.0000000
75:1-95:0   -8.236858e-02 -0.2602833847  0.095546227 1.0000000
76:1-95:0   -3.733429e-02 -0.2023630658  0.127694480 1.0000000
77:1-95:0   -3.195456e-02 -0.2039184050  0.140009282 1.0000000
78:1-95:0   -2.000136e-02 -0.1807915968  0.140788884 1.0000000
79:1-95:0   -6.740636e-02 -0.2220676286  0.087254915 1.0000000
80:1-95:0   -3.906106e-02 -0.1870192661  0.108897154 1.0000000
81:1-95:0   -6.378221e-02 -0.2136388152  0.086074390 1.0000000
82:1-95:0   -8.239302e-02 -0.2332332629  0.068447216 0.9999991
83:1-95:0   -1.565185e-02 -0.1883771051  0.157073411 1.0000000
84:1-95:0    3.735924e-03 -0.1820136057  0.189485454 1.0000000
85:1-95:0   -1.063191e-01 -0.2832864406  0.070648220 0.9998598
86:1-95:0   -3.684927e-02 -0.2120262752  0.138327729 1.0000000
87:1-95:0   -6.487145e-02 -0.2375967129  0.107853804 1.0000000
88:1-95:0   -7.250153e-02 -0.2485569288  0.103553861 1.0000000
89:1-95:0   -3.255425e-02 -0.2068845510  0.141776056 1.0000000
90:1-95:0   -2.876544e-02 -0.1966550014  0.139124127 1.0000000
91:1-95:0   -7.653275e-02 -0.2369106692  0.083845171 1.0000000
92:1-95:0   -1.533558e-02 -0.1913909713  0.160719818 1.0000000
93:1-95:0   -2.647209e-02 -0.2063972995  0.153453113 1.0000000
94:1-95:0   -2.553023e-03 -0.1603085468  0.155202500 1.0000000
95:1-95:0    8.100483e-03 -0.1507257633  0.166926730 1.0000000
96:1-95:0    2.457573e-02 -0.1331797968  0.182331250 1.0000000
97:1-95:0   -8.564452e-03 -0.1735932245  0.156464321 1.0000000
98:1-95:0   -1.979958e-02 -0.1859221976  0.146323036 1.0000000
99:1-95:0   -3.746683e-02 -0.1939037429  0.118970077 1.0000000
100:1-95:0  -1.117650e-01 -0.2463554484  0.022825358 0.5354438
97:0-96:0   -3.205834e-02 -0.1884293724  0.124312701 1.0000000
98:0-96:0   -5.304023e-02 -0.2142899864  0.108209530 1.0000000
99:0-96:0   -1.116827e-02 -0.1611848936  0.138848362 1.0000000
100:0-96:0  -1.107591e-01 -0.2289624990  0.007444236 0.1449177
1:1-96:0    -1.227823e-01 -0.2428800462 -0.002684584 0.0328532
2:1-96:0    -1.019711e-01 -0.2576178757  0.053675684 0.9956263
3:1-96:0    -5.765667e-02 -0.2326090990  0.117295769 1.0000000
4:1-96:0    -6.714856e-02 -0.2421009908  0.107803877 1.0000000
5:1-96:0     3.065212e-02 -0.1713326677  0.232636905 1.0000000
6:1-96:0    -7.003538e-02 -0.2720201677  0.131949405 1.0000000
7:1-96:0    -4.868827e-02 -0.2450731347  0.147696603 1.0000000
8:1-96:0    -9.417288e-02 -0.3188166333  0.130470871 1.0000000
9:1-96:0    -6.298788e-02 -0.2788536516  0.152877889 1.0000000
10:1-96:0   -5.538002e-02 -0.3033977073  0.192637659 1.0000000
11:1-96:0   -8.807673e-02 -0.2844615963  0.108308141 1.0000000
12:1-96:0   -8.016762e-02 -0.3002350295  0.139899793 1.0000000
13:1-96:0   -1.378834e-01 -0.3579508190  0.082184004 0.9991494
14:1-96:0   -4.488341e-02 -0.2649508190  0.175184004 1.0000000
15:1-96:0   -3.345145e-02 -0.2814691359  0.214566230 1.0000000
16:1-96:0   -1.388443e-01 -0.3868619931  0.109173373 0.9999963
17:1-96:0   -1.023443e-01 -0.3143368508  0.109648231 1.0000000
18:1-96:0   -4.008226e-02 -0.2232423855  0.143077873 1.0000000
19:1-96:0   -8.944053e-02 -0.2690739945  0.090192938 1.0000000
20:1-96:0   -8.832940e-02 -0.2524265264  0.075767720 0.9999996
21:1-96:0   -3.639288e-02 -0.1967593186  0.123973556 1.0000000
22:1-96:0   -9.979288e-02 -0.2601593186  0.060573556 0.9993546
23:1-96:0   -6.803810e-02 -0.2731204284  0.137044231 1.0000000
24:1-96:0   -4.718955e-02 -0.2342662090  0.139887113 1.0000000
25:1-96:0   -1.367258e-01 -0.3663764146  0.092924770 0.9999082
26:1-96:0   -6.924211e-02 -0.3248532691  0.186369045 1.0000000
27:1-96:0   -6.261955e-02 -0.3038629612  0.178623865 1.0000000
28:1-96:0    2.319635e-02 -0.2324148075  0.278807506 1.0000000
29:1-96:0    1.042908e-03 -0.2190245032  0.221110319 1.0000000
30:1-96:0   -5.506455e-02 -0.3192590560  0.209129960 1.0000000
31:1-96:0   -1.090118e-01 -0.3336555222  0.115631982 1.0000000
32:1-96:0   -3.966547e-02 -0.2335095697  0.154178622 1.0000000
33:1-96:0   -7.992743e-02 -0.2883363948  0.128481541 1.0000000
34:1-96:0   -8.625998e-02 -0.2713255535  0.098805597 1.0000000
35:1-96:0   -5.327913e-02 -0.2884350285  0.181876766 1.0000000
36:1-96:0   -1.062729e-01 -0.3053653688  0.092819606 0.9999998
37:1-96:0   -7.268955e-02 -0.2597662090  0.114387113 1.0000000
38:1-96:0   -1.346758e-01 -0.3143092886  0.044957644 0.8716609
39:1-96:0   -6.990261e-02 -0.2448550449  0.105049823 1.0000000
40:1-96:0   -5.403375e-02 -0.2181308742  0.110063372 1.0000000
41:1-96:0   -5.031386e-02 -0.2026528085  0.102025079 1.0000000
42:1-96:0   -5.549920e-02 -0.2290310895  0.118032695 1.0000000
43:1-96:0   -5.802717e-02 -0.2360251736  0.119970839 1.0000000
44:1-96:0   -4.037288e-02 -0.2959840383  0.215238276 1.0000000
45:1-96:0   -4.783538e-02 -0.2829912785  0.187320516 1.0000000
46:1-96:0   -1.348443e-01 -0.3828619931  0.113173373 0.9999993
47:1-96:0   -8.160381e-03 -0.2433162785  0.226995516 1.0000000
48:1-96:0   -1.906215e-03 -0.2431496278  0.239337198 1.0000000
49:1-96:0   -5.489053e-02 -0.2845411205  0.174760064 1.0000000
50:1-96:0   -1.366143e-01 -0.3062406903  0.033012001 0.6533238
51:1-96:0   -8.202288e-02 -0.3171787785  0.153133016 1.0000000
52:1-96:0   -7.426088e-02 -0.2733533688  0.124831606 1.0000000
53:1-96:0   -1.112854e-01 -0.3132701677  0.090699405 0.9999985
54:1-96:0   -5.399657e-02 -0.2275284579  0.119535327 1.0000000
55:1-96:0   -4.725413e-02 -0.2304142605  0.135905998 1.0000000
56:1-96:0    2.322712e-02 -0.1463992269  0.192853464 1.0000000
57:1-96:0   -8.187010e-02 -0.2583095905  0.094569383 1.0000000
58:1-96:0   -4.470413e-02 -0.2068688990  0.117460636 1.0000000
59:1-96:0   -6.523750e-02 -0.2152541243  0.084779131 1.0000000
60:1-96:0   -6.462854e-02 -0.2001394554  0.070882372 1.0000000
61:1-96:0   -5.654154e-02 -0.1868916743  0.073808598 1.0000000
62:1-96:0   -5.739036e-02 -0.1936051043  0.078824390 1.0000000
63:1-96:0   -6.795896e-02 -0.2115116131  0.075593698 1.0000000
64:1-96:0   -4.537288e-02 -0.2075376490  0.116791886 1.0000000
65:1-96:0   -5.345015e-02 -0.2196296771  0.112729369 1.0000000
66:1-96:0   -4.210818e-02 -0.2217416415  0.137525291 1.0000000
67:1-96:0   -4.312673e-02 -0.2153000928  0.129046638 1.0000000
68:1-96:0   -8.682410e-02 -0.2564504464  0.082802245 1.0000000
69:1-96:0   -2.823088e-02 -0.1885973186  0.132135556 1.0000000
70:1-96:0   -3.304924e-02 -0.1894202815  0.123321792 1.0000000
71:1-96:0   -1.507526e-02 -0.1835059709  0.153355446 1.0000000
72:1-96:0   -4.925288e-02 -0.2272508879  0.128745125 1.0000000
73:1-96:0   -1.879510e-02 -0.1839135701  0.146323363 1.0000000
74:1-96:0   -2.551707e-02 -0.1927997915  0.141765657 1.0000000
75:1-96:0   -8.694844e-02 -0.2520669035  0.078170030 0.9999999
76:1-96:0   -4.191415e-02 -0.1930595304  0.109231228 1.0000000
77:1-96:0   -3.653442e-02 -0.1952227724  0.122153933 1.0000000
78:1-96:0   -2.458121e-02 -0.1710869524  0.121924523 1.0000000
79:1-96:0   -7.198621e-02 -0.2117379192  0.067765490 1.0000000
80:1-96:0   -4.364091e-02 -0.1759362722  0.088654444 1.0000000
81:1-96:0   -6.836207e-02 -0.2027772157  0.066053075 1.0000000
82:1-96:0   -8.697288e-02 -0.2224837950  0.048538032 0.9978701
83:1-96:0   -2.023170e-02 -0.1797448538  0.139281444 1.0000000
84:1-96:0   -8.439340e-04 -0.1743758264  0.172687958 1.0000000
85:1-96:0   -1.108990e-01 -0.2749960916  0.053198155 0.9883657
86:1-96:0   -4.142913e-02 -0.2035938990  0.120735636 1.0000000
87:1-96:0   -6.945131e-02 -0.2289644617  0.090061836 1.0000000
88:1-96:0   -7.708139e-02 -0.2401946407  0.086031857 1.0000000
89:1-96:0   -3.713411e-02 -0.1983838639  0.124115652 1.0000000
90:1-96:0   -3.334530e-02 -0.1876091459  0.120918556 1.0000000
91:1-96:0   -8.111261e-02 -0.2271657041  0.064940489 0.9999977
92:1-96:0   -1.991543e-02 -0.1830286833  0.143197814 1.0000000
93:1-96:0   -3.105195e-02 -0.1983346752  0.136230773 1.0000000
94:1-96:0   -7.132881e-03 -0.1503014360  0.136035673 1.0000000
95:1-96:0    3.520625e-03 -0.1408268945  0.147868145 1.0000000
96:1-96:0    1.999587e-02 -0.1231726860  0.163164423 1.0000000
97:1-96:0   -1.314431e-02 -0.1642896892  0.138001069 1.0000000
98:1-96:0   -2.437944e-02 -0.1767183823  0.127959505 1.0000000
99:1-96:0   -4.204669e-02 -0.1837609693  0.099667588 1.0000000
100:1-96:0  -1.163449e-01 -0.2334986761  0.000808869 0.0566859
98:0-97:0   -2.098189e-02 -0.1848704091  0.142906624 1.0000000
99:0-97:0    2.089007e-02 -0.1319593658  0.173739506 1.0000000
100:0-97:0  -7.870080e-02 -0.2004792729  0.043077682 0.9972699
1:1-97:0    -9.072398e-02 -0.2143420461  0.032894087 0.9133318
2:1-97:0    -6.991276e-02 -0.2282916775  0.088466158 1.0000000
3:1-97:0    -2.559833e-02 -0.2029858021  0.151789144 1.0000000
4:1-97:0    -3.509022e-02 -0.2124776940  0.142297252 1.0000000
5:1-97:0     6.271045e-02 -0.1413871088  0.266808018 1.0000000
6:1-97:0    -3.797705e-02 -0.2420746088  0.166120518 1.0000000
7:1-97:0    -1.662993e-02 -0.2151871715  0.181927311 1.0000000
8:1-97:0    -6.211455e-02 -0.2886598538  0.164430763 1.0000000
9:1-97:0    -3.092955e-02 -0.2487735084  0.186914417 1.0000000
10:1-97:0   -2.332169e-02 -0.2730630197  0.226419643 1.0000000
11:1-97:0   -5.601839e-02 -0.2545756330  0.142538850 1.0000000
12:1-97:0   -4.810928e-02 -0.2701174510  0.173898886 1.0000000
13:1-97:0   -1.058251e-01 -0.3278332405  0.116183097 1.0000000
14:1-97:0   -1.282507e-02 -0.2348332405  0.209183097 1.0000000
15:1-97:0   -1.393117e-03 -0.2511344482  0.248348214 1.0000000
16:1-97:0   -1.067860e-01 -0.3565273054  0.142955357 1.0000000
17:1-97:0   -7.028597e-02 -0.2842925132  0.143720565 1.0000000
18:1-97:0   -8.023920e-03 -0.1935113711  0.177463530 1.0000000
19:1-97:0   -5.738219e-02 -0.2393880813  0.124623696 1.0000000
20:1-97:0   -5.627107e-02 -0.2229618807  0.110419746 1.0000000
21:1-97:0   -4.334545e-03 -0.1673540401  0.158684949 1.0000000
22:1-97:0   -6.773455e-02 -0.2307540401  0.095284949 1.0000000
23:1-97:0   -3.597976e-02 -0.2431432813  0.171183756 1.0000000
24:1-97:0   -1.513121e-02 -0.2044870637  0.174224639 1.0000000
25:1-97:0   -1.046675e-01 -0.3361785142  0.126843541 1.0000000
26:1-97:0   -3.718378e-02 -0.2944677147  0.220100162 1.0000000
27:1-97:0   -3.056121e-02 -0.2735763265  0.212453902 1.0000000
28:1-97:0    5.525469e-02 -0.2020292532  0.312538624 1.0000000
29:1-97:0    3.310124e-02 -0.1889069247  0.255109413 1.0000000
30:1-97:0   -2.300621e-02 -0.2888194915  0.242807067 1.0000000
31:1-97:0   -7.695343e-02 -0.3034987427  0.149591874 1.0000000
32:1-97:0   -7.607138e-03 -0.2036517628  0.188437487 1.0000000
33:1-97:0   -4.786909e-02 -0.2583263535  0.162588172 1.0000000
34:1-97:0   -5.420164e-02 -0.2415708730  0.133167589 1.0000000
35:1-97:0   -2.122080e-02 -0.2581939108  0.215752320 1.0000000
36:1-97:0   -7.421455e-02 -0.2754501785  0.127021088 1.0000000
37:1-97:0   -4.063121e-02 -0.2299870637  0.148724639 1.0000000
38:1-97:0   -1.026175e-01 -0.2846233754  0.079388402 0.9999945
39:1-97:0   -3.784428e-02 -0.2152317481  0.139543198 1.0000000
40:1-97:0   -2.197542e-02 -0.1886662285  0.144715398 1.0000000
41:1-97:0   -1.825553e-02 -0.1733848788  0.136873821 1.0000000
42:1-97:0   -2.344086e-02 -0.1994274491  0.152545727 1.0000000
43:1-97:0   -2.596883e-02 -0.2063607705  0.154423108 1.0000000
44:1-97:0   -8.314545e-03 -0.2655984839  0.248969393 1.0000000
45:1-97:0   -1.577705e-02 -0.2527501608  0.221196070 1.0000000
46:1-97:0   -1.027860e-01 -0.3525273054  0.146955357 1.0000000
47:1-97:0    2.389795e-02 -0.2130751608  0.260871070 1.0000000
48:1-97:0    3.015212e-02 -0.2128629932  0.273167236 1.0000000
49:1-97:0   -2.283219e-02 -0.2543432201  0.208678835 1.0000000
50:1-97:0   -1.045560e-01 -0.2766927526  0.067580735 0.9997699
51:1-97:0   -4.996455e-02 -0.2869376608  0.187008570 1.0000000
52:1-97:0   -4.220255e-02 -0.2434381785  0.159033088 1.0000000
53:1-97:0   -7.922705e-02 -0.2833246088  0.124870518 1.0000000
54:1-97:0   -2.193823e-02 -0.1979248175  0.154048358 1.0000000
55:1-97:0   -1.519580e-02 -0.2006832461  0.170291655 1.0000000
56:1-97:0    5.528545e-02 -0.1168512892  0.227422198 1.0000000
57:1-97:0   -4.981177e-02 -0.2286660491  0.129042514 1.0000000
58:1-97:0   -1.264580e-02 -0.1774346704  0.152143079 1.0000000
59:1-97:0   -3.317916e-02 -0.1860285966  0.119670275 1.0000000
60:1-97:0   -3.257021e-02 -0.1712106370  0.106070225 1.0000000
61:1-97:0   -2.448320e-02 -0.1580837989  0.109117395 1.0000000
62:1-97:0   -2.533202e-02 -0.1646604777  0.113996435 1.0000000
63:1-97:0   -3.590062e-02 -0.1824111208  0.110609878 1.0000000
64:1-97:0   -1.331455e-02 -0.1781034204  0.151474329 1.0000000
65:1-97:0   -2.139182e-02 -0.1901330263  0.147349390 1.0000000
66:1-97:0   -1.004984e-02 -0.1920557284  0.171956049 1.0000000
67:1-97:0   -1.106839e-02 -0.1857155478  0.163578765 1.0000000
68:1-97:0   -5.476576e-02 -0.2269025087  0.117370979 1.0000000
69:1-97:0    3.827455e-03 -0.1591920401  0.166846949 1.0000000
70:1-97:0   -9.909091e-04 -0.1600816458  0.158099828 1.0000000
71:1-97:0    1.698307e-02 -0.1539755911  0.187941738 1.0000000
72:1-97:0   -1.719455e-02 -0.1975864848  0.163197394 1.0000000
73:1-97:0    1.326323e-02 -0.1544331285  0.180959593 1.0000000
74:1-97:0    6.541268e-03 -0.1632865008  0.176369038 1.0000000
75:1-97:0   -5.489010e-02 -0.2225864619  0.112806260 1.0000000
76:1-97:0   -9.855815e-03 -0.1638132351  0.144101604 1.0000000
77:1-97:0   -4.476084e-03 -0.1658450855  0.156892918 1.0000000
78:1-97:0    7.477121e-03 -0.1419280079  0.156882250 1.0000000
79:1-97:0   -3.992788e-02 -0.1827161848  0.102860427 1.0000000
80:1-97:0   -1.158258e-02 -0.1470817414  0.123916585 1.0000000
81:1-97:0   -3.630373e-02 -0.1738733268  0.101265857 1.0000000
82:1-97:0   -5.491455e-02 -0.1935549766  0.083725886 1.0000000
83:1-97:0    1.182663e-02 -0.1503535346  0.174006797 1.0000000
84:1-97:0    3.121440e-02 -0.1447721860  0.207200990 1.0000000
85:1-97:0   -7.884063e-02 -0.2455314459  0.087850181 1.0000000
86:1-97:0   -9.370795e-03 -0.1741596704  0.155418079 1.0000000
87:1-97:0   -3.739298e-02 -0.1995731425  0.124787189 1.0000000
88:1-97:0   -4.502306e-02 -0.2107453942  0.120699282 1.0000000
89:1-97:0   -5.075770e-03 -0.1689642867  0.158812747 1.0000000
90:1-97:0   -1.286959e-03 -0.1583070124  0.155733094 1.0000000
91:1-97:0   -4.905427e-02 -0.1980155701  0.099907027 1.0000000
92:1-97:0    1.214290e-02 -0.1535794368  0.177865239 1.0000000
93:1-97:0    1.006385e-03 -0.1688213845  0.170834154 1.0000000
94:1-97:0    2.492545e-02 -0.1212087183  0.171059627 1.0000000
95:1-97:0    3.557896e-02 -0.1117104407  0.182868363 1.0000000
96:1-97:0    5.205420e-02 -0.0940799683  0.198188377 1.0000000
97:1-97:0    1.891403e-02 -0.1350433938  0.172871446 1.0000000
98:1-97:0    7.678897e-03 -0.1474504526  0.162808247 1.0000000
99:1-97:0   -9.988355e-03 -0.1546980580  0.134721348 1.0000000
100:1-97:0  -8.428657e-02 -0.2050465273  0.036473392 0.9718560
99:0-98:0    4.187196e-02 -0.1159650847  0.199709009 1.0000000
100:0-98:0  -5.771890e-02 -0.1857016401  0.070263834 1.0000000
1:1-98:0    -6.974209e-02 -0.1994764689  0.059992295 0.9999997
2:1-98:0    -4.893087e-02 -0.2121284929  0.114266758 1.0000000
3:1-98:0    -4.616437e-03 -0.1863192133  0.177086340 1.0000000
4:1-98:0    -1.410833e-02 -0.1958111052  0.167594448 1.0000000
5:1-98:0     8.369235e-02 -0.1241667370  0.291551431 1.0000000
6:1-98:0    -1.699515e-02 -0.2248542370  0.190863931 1.0000000
7:1-98:0     4.351962e-03 -0.1980697794  0.206773704 1.0000000
8:1-98:0    -4.113265e-02 -0.2710725586  0.188807252 1.0000000
9:1-98:0    -9.947653e-03 -0.2313196829  0.211424377 1.0000000
10:1-98:0   -2.339796e-03 -0.2551644704  0.250484879 1.0000000
11:1-98:0   -3.503650e-02 -0.2374582410  0.167385243 1.0000000
12:1-98:0   -2.712739e-02 -0.2525984754  0.198343696 1.0000000
13:1-98:0   -8.484318e-02 -0.3103142649  0.140627906 1.0000000
14:1-98:0    8.156821e-03 -0.2173142649  0.233627906 1.0000000
15:1-98:0    1.958878e-02 -0.2332358989  0.272413450 1.0000000
16:1-98:0   -8.580408e-02 -0.3386287561  0.167020593 1.0000000
17:1-98:0   -4.930408e-02 -0.2669009158  0.168292752 1.0000000
18:1-98:0    1.295797e-02 -0.1766605339  0.202576478 1.0000000
19:1-98:0   -3.640030e-02 -0.2226144966  0.149813896 1.0000000
20:1-98:0   -3.528917e-02 -0.2065650071  0.135986657 1.0000000
21:1-98:0    1.664735e-02 -0.1510575696  0.184352264 1.0000000
22:1-98:0   -4.675265e-02 -0.2144575696  0.120952264 1.0000000
23:1-98:0   -1.499787e-02 -0.2258682258  0.195872485 1.0000000
24:1-98:0    5.850680e-03 -0.1875536164  0.199254977 1.0000000
25:1-98:0   -8.368559e-02 -0.3185194489  0.151148260 1.0000000
26:1-98:0   -1.620188e-02 -0.2764798284  0.244076061 1.0000000
27:1-98:0   -9.579320e-03 -0.2557620349  0.236603395 1.0000000
28:1-98:0    7.623658e-02 -0.1840413668  0.336514522 1.0000000
29:1-98:0    5.408314e-02 -0.1713879491  0.279554222 1.0000000
30:1-98:0   -2.024320e-03 -0.2707365876  0.266687948 1.0000000
31:1-98:0   -5.597154e-02 -0.2859114475  0.173968364 1.0000000
32:1-98:0    1.337475e-02 -0.1865829370  0.213332446 1.0000000
33:1-98:0   -2.688720e-02 -0.2409942810  0.187219884 1.0000000
34:1-98:0   -3.321975e-02 -0.2246794376  0.158239938 1.0000000
35:1-98:0   -2.389031e-04 -0.2404593036  0.239981497 1.0000000
36:1-98:0   -5.323265e-02 -0.2582823139  0.151817008 1.0000000
37:1-98:0   -1.964932e-02 -0.2130536164  0.173754977 1.0000000
38:1-98:0   -8.163559e-02 -0.2678497907  0.104578602 1.0000000
39:1-98:0   -1.686238e-02 -0.1985651592  0.164840394 1.0000000
40:1-98:0   -9.935226e-04 -0.1722693549  0.170282310 1.0000000
41:1-98:0    2.726363e-03 -0.1573195631  0.162772290 1.0000000
42:1-98:0   -2.458969e-03 -0.1827943856  0.177876448 1.0000000
43:1-98:0   -4.986939e-03 -0.1896239752  0.179650098 1.0000000
44:1-98:0    1.266735e-02 -0.2476105976  0.272945291 1.0000000
45:1-98:0    5.204847e-03 -0.2350155536  0.245425247 1.0000000
46:1-98:0   -8.180408e-02 -0.3346287561  0.171020593 1.0000000
47:1-98:0    4.487985e-02 -0.1953405536  0.285100247 1.0000000
48:1-98:0    5.113401e-02 -0.1950487016  0.297316729 1.0000000
49:1-98:0   -1.850300e-03 -0.2366841548  0.232983555 1.0000000
50:1-98:0   -8.357412e-02 -0.2601545286  0.093006296 1.0000000
51:1-98:0   -2.898265e-02 -0.2692030536  0.211237747 1.0000000
52:1-98:0   -2.122065e-02 -0.2262703139  0.183829008 1.0000000
53:1-98:0   -5.824515e-02 -0.2661042370  0.149613931 1.0000000
54:1-98:0   -9.563373e-04 -0.1812917540  0.179379079 1.0000000
55:1-98:0    5.786097e-03 -0.1838324089  0.195404603 1.0000000
56:1-98:0    7.626735e-02 -0.1003130652  0.252847759 1.0000000
57:1-98:0   -2.882988e-02 -0.2119649004  0.154305150 1.0000000
58:1-98:0    8.336097e-03 -0.1610892752  0.177761469 1.0000000
59:1-98:0   -1.219727e-02 -0.1700343155  0.145639779 1.0000000
60:1-98:0   -1.158831e-02 -0.1557089316  0.132532305 1.0000000
61:1-98:0   -3.501310e-03 -0.1427805360  0.135777916 1.0000000
62:1-98:0   -4.350129e-03 -0.1491327321  0.140432475 1.0000000
63:1-98:0   -1.491873e-02 -0.1666253862  0.136787928 1.0000000
64:1-98:0    7.667347e-03 -0.1617580252  0.177092719 1.0000000
65:1-98:0   -4.099258e-04 -0.1736819049  0.172862053 1.0000000
66:1-98:0    1.093205e-02 -0.1752821437  0.197146249 1.0000000
67:1-98:0    9.913501e-03 -0.1691150237  0.188942025 1.0000000
68:1-98:0   -3.378387e-02 -0.2103642847  0.142796540 1.0000000
69:1-98:0    2.480935e-02 -0.1428955696  0.192514264 1.0000000
70:1-98:0    1.999098e-02 -0.1438975334  0.183879500 1.0000000
71:1-98:0    3.796497e-02 -0.1374672102  0.213397142 1.0000000
72:1-98:0    3.787347e-03 -0.1808496894  0.188424383 1.0000000
73:1-98:0    3.424512e-02 -0.1380094917  0.206499741 1.0000000
74:1-98:0    2.752316e-02 -0.1468071424  0.201853464 1.0000000
75:1-98:0   -3.390821e-02 -0.2061628250  0.138346408 1.0000000
76:1-98:0    1.112608e-02 -0.1477841822  0.170036336 1.0000000
77:1-98:0    1.650581e-02 -0.1495951792  0.182606796 1.0000000
78:1-98:0    2.845901e-02 -0.1260449541  0.182962981 1.0000000
79:1-98:0   -1.894599e-02 -0.1670610895  0.129169117 1.0000000
80:1-98:0    9.399314e-03 -0.1317020913  0.150500720 1.0000000
81:1-98:0   -1.532184e-02 -0.1584126389  0.127768954 1.0000000
82:1-98:0   -3.393265e-02 -0.1780532712  0.110187965 1.0000000
83:1-98:0    3.280852e-02 -0.1340806301  0.199697677 1.0000000
84:1-98:0    5.219629e-02 -0.1281391224  0.232531711 1.0000000
85:1-98:0   -5.785874e-02 -0.2291345723  0.113417092 1.0000000
86:1-98:0    1.161110e-02 -0.1578142752  0.181036469 1.0000000
87:1-98:0   -1.641108e-02 -0.1833002379  0.150478069 1.0000000
88:1-98:0   -2.404116e-02 -0.1943745919  0.146292265 1.0000000
89:1-98:0    1.590612e-02 -0.1526436605  0.184455905 1.0000000
90:1-98:0    1.969493e-02 -0.1421842827  0.181574149 1.0000000
91:1-98:0   -2.807238e-02 -0.1821472048  0.126002447 1.0000000
92:1-98:0    3.312479e-02 -0.1372086345  0.203458222 1.0000000
93:1-98:0    2.198828e-02 -0.1523420261  0.196318580 1.0000000
94:1-98:0    4.590735e-02 -0.1054359050  0.197250599 1.0000000
95:1-98:0    5.656085e-02 -0.0958981616  0.209019868 1.0000000
96:1-98:0    7.303610e-02 -0.0783071550  0.224379349 1.0000000
97:1-98:0    3.989592e-02 -0.1190143410  0.198806178 1.0000000
98:1-98:0    2.866079e-02 -0.1313851369  0.188706716 1.0000000
99:1-98:0    1.099354e-02 -0.1389747311  0.160961806 1.0000000
100:1-98:0  -6.330468e-02 -0.1903186559  0.063709305 1.0000000
100:0-99:0  -9.959087e-02 -0.2130945440  0.013912813 0.3281493
1:1-99:0    -1.116140e-01 -0.2270892151  0.003861116 0.0900355
2:1-99:0    -9.080283e-02 -0.2429112419  0.061305583 0.9998958
3:1-99:0    -4.648840e-02 -0.2183005147  0.125323716 1.0000000
4:1-99:0    -5.598029e-02 -0.2277924066  0.115831824 1.0000000
5:1-99:0     4.182038e-02 -0.1574505437  0.241091313 1.0000000
6:1-99:0    -5.886712e-02 -0.2581380437  0.140403813 1.0000000
7:1-99:0    -3.752000e-02 -0.2311125247  0.156072525 1.0000000
8:1-99:0    -8.300462e-02 -0.3052114205  0.139202190 1.0000000
9:1-99:0    -5.181962e-02 -0.2651481875  0.161508957 1.0000000
10:1-99:0   -4.421176e-02 -0.2900243293  0.201600813 1.0000000
11:1-99:0   -7.690846e-02 -0.2705009862  0.116684063 1.0000000
12:1-99:0   -6.899935e-02 -0.2865785665  0.148579862 1.0000000
13:1-99:0   -1.267151e-01 -0.3442943559  0.090864073 0.9999689
14:1-99:0   -3.371514e-02 -0.2512943559  0.183864073 1.0000000
15:1-99:0   -2.228319e-02 -0.2680957579  0.223529384 1.0000000
16:1-99:0   -1.276760e-01 -0.3734886150  0.118136527 1.0000000
17:1-99:0   -9.117604e-02 -0.3005844638  0.118232376 1.0000000
18:1-99:0   -2.891399e-02 -0.2090769217  0.151248941 1.0000000
19:1-99:0   -7.827226e-02 -0.2548486795  0.098304155 1.0000000
20:1-99:0   -7.716114e-02 -0.2379060120  0.083583738 1.0000000
21:1-99:0   -2.522462e-02 -0.1821591340  0.131709903 1.0000000
22:1-99:0   -8.862462e-02 -0.2455591340  0.068309903 0.9999939
23:1-99:0   -5.686983e-02 -0.2592798396  0.145540174 1.0000000
24:1-99:0   -3.602128e-02 -0.2201645036  0.148121939 1.0000000
25:1-99:0   -1.255576e-01 -0.3528248956  0.101709782 0.9999983
26:1-99:0   -5.807385e-02 -0.3115459600  0.195398268 1.0000000
27:1-99:0   -5.145128e-02 -0.2904270828  0.187524519 1.0000000
28:1-99:0    3.436462e-02 -0.2191074985  0.287836729 1.0000000
29:1-99:0    1.221117e-02 -0.2053680402  0.229790388 1.0000000
30:1-99:0   -4.389628e-02 -0.3060217996  0.218229236 1.0000000
31:1-99:0   -9.784350e-02 -0.3200503094  0.124363301 1.0000000
32:1-99:0   -2.849721e-02 -0.2195118210  0.162517405 1.0000000
33:1-99:0   -6.875916e-02 -0.2745390113  0.137020690 1.0000000
34:1-99:0   -7.509171e-02 -0.2571914544  0.107008030 1.0000000
35:1-99:0   -4.211087e-02 -0.2749398690  0.190718138 1.0000000
36:1-99:0   -9.510462e-02 -0.2914432705  0.101234040 1.0000000
37:1-99:0   -6.152128e-02 -0.2456645036  0.122621939 1.0000000
38:1-99:0   -1.235076e-01 -0.3000839736  0.053068861 0.9703010
39:1-99:0   -5.873435e-02 -0.2305464606  0.113077770 1.0000000
40:1-99:0   -4.286548e-02 -0.2036103599  0.117879390 1.0000000
41:1-99:0   -3.914560e-02 -0.1878674960  0.109576298 1.0000000
42:1-99:0   -4.433093e-02 -0.2146963226  0.126034460 1.0000000
43:1-99:0   -4.685890e-02 -0.2217712771  0.128053475 1.0000000
44:1-99:0   -2.920462e-02 -0.2826767292  0.224267498 1.0000000
45:1-99:0   -3.666712e-02 -0.2694961190  0.196161888 1.0000000
46:1-99:0   -1.236760e-01 -0.3694886150  0.122136527 1.0000000
47:1-99:0    3.007885e-03 -0.2298211190  0.235836888 1.0000000
48:1-99:0    9.262051e-03 -0.2297137494  0.248237852 1.0000000
49:1-99:0   -4.372226e-02 -0.2709896014  0.183545077 1.0000000
50:1-99:0   -1.254461e-01 -0.2918316131  0.040939456 0.8588012
51:1-99:0   -7.085462e-02 -0.3036836190  0.161974388 1.0000000
52:1-99:0   -6.309262e-02 -0.2594312705  0.133246040 1.0000000
53:1-99:0   -1.001171e-01 -0.2993880437  0.099153813 1.0000000
54:1-99:0   -4.282830e-02 -0.2131936911  0.127537092 1.0000000
55:1-99:0   -3.608587e-02 -0.2162487967  0.144077066 1.0000000
56:1-99:0    3.439538e-02 -0.1319901497  0.200780919 1.0000000
57:1-99:0   -7.070184e-02 -0.2440279507  0.102624276 1.0000000
58:1-99:0   -3.353587e-02 -0.1923075908  0.125235860 1.0000000
59:1-99:0   -5.406923e-02 -0.2004114239  0.092272962 1.0000000
60:1-99:0   -5.346028e-02 -0.1848918422  0.077971291 1.0000000
61:1-99:0   -4.537327e-02 -0.1714772250  0.080730681 1.0000000
62:1-99:0   -4.622209e-02 -0.1783792185  0.085935036 1.0000000
63:1-99:0   -5.679069e-02 -0.1964990086  0.082917626 1.0000000
64:1-99:0   -3.420462e-02 -0.1929763408  0.124567110 1.0000000
65:1-99:0   -4.228189e-02 -0.2051520291  0.120588253 1.0000000
66:1-99:0   -3.093991e-02 -0.2075163266  0.145636508 1.0000000
67:1-99:0   -3.195846e-02 -0.2009398708  0.137022948 1.0000000
68:1-99:0   -7.565583e-02 -0.2420413692  0.090729699 1.0000000
69:1-99:0   -1.706262e-02 -0.1739971340  0.139871903 1.0000000
70:1-99:0   -2.188098e-02 -0.1747304147  0.130968457 1.0000000
71:1-99:0   -3.906996e-03 -0.1690734352  0.161259443 1.0000000
72:1-99:0   -3.808462e-02 -0.2129969914  0.136827761 1.0000000
73:1-99:0   -7.626838e-03 -0.1694142195  0.154160544 1.0000000
74:1-99:0   -1.434880e-02 -0.1783444072  0.149646804 1.0000000
75:1-99:0   -7.578017e-02 -0.2375675528  0.086007211 1.0000000
76:1-99:0   -3.074589e-02 -0.1782449517  0.116753181 1.0000000
77:1-99:0   -2.536615e-02 -0.1805854896  0.129853182 1.0000000
78:1-99:0   -1.341295e-02 -0.1561539033  0.129328006 1.0000000
79:1-99:0   -6.081795e-02 -0.1966177567  0.074981859 1.0000000
80:1-99:0   -3.247265e-02 -0.1605863114  0.095641015 1.0000000
81:1-99:0   -5.719380e-02 -0.1874953018  0.073107693 1.0000000
82:1-99:0   -7.580462e-02 -0.2072361818  0.055626951 0.9999811
83:1-99:0   -9.063439e-03 -0.1651259060  0.146999028 1.0000000
84:1-99:0    1.032433e-02 -0.1600410595  0.180689723 1.0000000
85:1-99:0   -9.973070e-02 -0.2604755772  0.061014173 0.9994289
86:1-99:0   -3.026087e-02 -0.1890325908  0.128510860 1.0000000
87:1-99:0   -5.828305e-02 -0.2143455138  0.097779420 1.0000000
88:1-99:0   -6.591313e-02 -0.2256534805  0.093827228 1.0000000
89:1-99:0   -2.596584e-02 -0.1838028869  0.131871207 1.0000000
90:1-99:0   -2.217703e-02 -0.1728700436  0.128515985 1.0000000
91:1-99:0   -6.994434e-02 -0.2122206781  0.072331995 1.0000000
92:1-99:0   -8.747169e-03 -0.1684875231  0.150993186 1.0000000
93:1-99:0   -1.988369e-02 -0.1838792909  0.144111921 1.0000000
94:1-99:0    4.035385e-03 -0.1352782327  0.143349002 1.0000000
95:1-99:0    1.468889e-02 -0.1258360368  0.155213819 1.0000000
96:1-99:0    3.116413e-02 -0.1081494827  0.170477752 1.0000000
97:1-99:0   -1.976044e-03 -0.1494751104  0.145523022 1.0000000
98:1-99:0   -1.321117e-02 -0.1619330698  0.135510724 1.0000000
99:1-99:0   -3.087842e-02 -0.1686970943  0.106940245 1.0000000
100:1-99:0  -1.051766e-01 -0.2175868478  0.007233573 0.1479977
1:1-100:0   -1.202318e-02 -0.0813164843  0.057270116 1.0000000
2:1-100:0    8.788036e-03 -0.1120590439  0.129635115 1.0000000
3:1-100:0    5.310247e-02 -0.0917645438  0.197969476 1.0000000
4:1-100:0    4.361057e-02 -0.1012564357  0.188477584 1.0000000
5:1-100:0    1.414113e-01 -0.0351558772  0.317978377 0.6739378
6:1-100:0    4.072375e-02 -0.1358433772  0.217290877 1.0000000
7:1-100:0    6.207087e-02 -0.1080617687  0.232203499 1.0000000
8:1-100:0    1.658625e-02 -0.1855100434  0.218682543 1.0000000
9:1-100:0    4.777125e-02 -0.1445205263  0.240063026 1.0000000
10:1-100:0   5.537911e-02 -0.1724165637  0.283174778 1.0000000
11:1-100:0   2.268240e-02 -0.1474502302  0.192815038 1.0000000
12:1-100:0   3.059151e-02 -0.1664053448  0.227588371 1.0000000
13:1-100:0  -2.712428e-02 -0.2241211342  0.169872582 1.0000000
14:1-100:0   6.587572e-02 -0.1311211342  0.262872582 1.0000000
15:1-100:0   7.730768e-02 -0.1504879922  0.305103349 1.0000000
16:1-100:0  -2.808518e-02 -0.2558808494  0.199710492 1.0000000
17:1-100:0   8.414821e-03 -0.1795185015  0.196348144 1.0000000
18:1-100:0   7.067687e-02 -0.0840025658  0.225356316 1.0000000
19:1-100:0   2.131860e-02 -0.1291682025  0.171805408 1.0000000
20:1-100:0   2.242973e-02 -0.1091223997  0.153981856 1.0000000
21:1-100:0   7.436625e-02 -0.0525017550  0.201234255 0.9999569
22:1-100:0   1.096625e-02 -0.1159017550  0.137834255 1.0000000
23:1-100:0   4.272103e-02 -0.1373813228  0.222823388 1.0000000
24:1-100:0   6.356958e-02 -0.0957281681  0.222867335 1.0000000
25:1-100:0  -2.596669e-02 -0.2336142073  0.181680825 1.0000000
26:1-100:0   4.151702e-02 -0.1945235706  0.277557609 1.0000000
27:1-100:0   4.813958e-02 -0.1722611446  0.268540311 1.0000000
28:1-100:0   1.339555e-01 -0.1020851091  0.369996071 0.9999921
29:1-100:0   1.118020e-01 -0.0851948184  0.308798897 0.9999920
30:1-100:0   5.569458e-02 -0.1896150874  0.301004254 1.0000000
31:1-100:0   1.747361e-03 -0.2003489323  0.203843654 1.0000000
32:1-100:0   7.109366e-02 -0.0960997335  0.238287048 1.0000000
33:1-100:0   3.083170e-02 -0.1530497639  0.214713173 1.0000000
34:1-100:0   2.449915e-02 -0.1324319262  0.181430233 1.0000000
35:1-100:0   5.748000e-02 -0.1562403605  0.271200360 1.0000000
36:1-100:0   4.486250e-03 -0.1687647675  0.177737267 1.0000000
37:1-100:0   3.806958e-02 -0.1212281681  0.197367335 1.0000000
38:1-100:0  -2.391669e-02 -0.1744034967  0.126570114 1.0000000
39:1-100:0   4.085652e-02 -0.1040104898  0.185723530 1.0000000
40:1-100:0   5.672538e-02 -0.0748267475  0.188277508 1.0000000
41:1-100:0   6.044527e-02 -0.0561105152  0.177001048 1.0000000
42:1-100:0   5.525993e-02 -0.0878882903  0.198408159 1.0000000
43:1-100:0   5.273196e-02 -0.0957987963  0.201262725 1.0000000
44:1-100:0   7.038625e-02 -0.1656543398  0.306426840 1.0000000
45:1-100:0   6.292375e-02 -0.1507966105  0.276644110 1.0000000
46:1-100:0  -2.408518e-02 -0.2518808494  0.203710492 1.0000000
47:1-100:0   1.025988e-01 -0.1111216105  0.316319110 1.0000000
48:1-100:0   1.088529e-01 -0.1115478113  0.329253645 1.0000000
49:1-100:0   5.586860e-02 -0.1517789131  0.263516119 1.0000000
50:1-100:0  -2.585521e-02 -0.1642430510  0.112532624 1.0000000
51:1-100:0   2.873625e-02 -0.1849841105  0.242456610 1.0000000
52:1-100:0   3.649825e-02 -0.1367527675  0.209749267 1.0000000
53:1-100:0  -5.262500e-04 -0.1770933772  0.176040877 1.0000000
54:1-100:0   5.676257e-02 -0.0863856587  0.199910790 1.0000000
55:1-100:0   6.350500e-02 -0.0911744408  0.218184441 1.0000000
56:1-100:0   1.339863e-01 -0.0044015876  0.272374088 0.0875927
57:1-100:0   2.888903e-02 -0.1177704044  0.175548460 1.0000000
58:1-100:0   6.605500e-02 -0.0630786841  0.195188684 1.0000000
59:1-100:0   4.552163e-02 -0.0679820440  0.159025313 1.0000000
60:1-100:0   4.613059e-02 -0.0473643526  0.139625532 1.0000000
61:1-100:0   5.421759e-02 -0.0316267688  0.140061955 0.9988356
62:1-100:0   5.336877e-02 -0.0411434147  0.147880963 0.9999940
63:1-100:0   4.280017e-02 -0.0620113782  0.147611726 1.0000000
64:1-100:0   6.538625e-02 -0.0637474341  0.194519934 1.0000000
65:1-100:0   5.730898e-02 -0.0768317338  0.191449688 1.0000000
66:1-100:0   6.865096e-02 -0.0818358496  0.219137761 1.0000000
67:1-100:0   6.763240e-02 -0.0738658796  0.209130687 1.0000000
68:1-100:0   2.393503e-02 -0.1144528071  0.162322868 1.0000000
69:1-100:0   8.252825e-02 -0.0443397550  0.209396255 0.9965669
70:1-100:0   7.770989e-02 -0.0440685910  0.199488364 0.9982776
71:1-100:0   9.568387e-02 -0.0412358158  0.232603554 0.9709612
72:1-100:0   6.150625e-02 -0.0870245106  0.210037011 1.0000000
73:1-100:0   9.196403e-02 -0.0408599328  0.224787988 0.9771429
74:1-100:0   8.524206e-02 -0.0502629407  0.220747069 0.9990031
75:1-100:0   2.381069e-02 -0.1090132661  0.156634655 1.0000000
76:1-100:0   6.884498e-02 -0.0461464202  0.183836381 0.9998807
77:1-100:0   7.422471e-02 -0.0505153772  0.198964800 0.9999106
78:1-100:0   8.617792e-02 -0.0226431644  0.194998998 0.7140492
79:1-100:0   3.877292e-02 -0.0607692121  0.138315045 1.0000000
80:1-100:0   6.711822e-02 -0.0216520383  0.155888473 0.8520070
81:1-100:0   4.239706e-02 -0.0495024916  0.134296613 1.0000000
82:1-100:0   2.378625e-02 -0.0697086922  0.117281192 1.0000000
83:1-100:0   9.052743e-02 -0.0352602565  0.216315109 0.9421217
84:1-100:0   1.099152e-01 -0.0332330271  0.253063422 0.8115381
85:1-100:0  -1.398370e-04 -0.1316919649  0.131412291 1.0000000
86:1-100:0   6.933000e-02 -0.0598036841  0.198463684 0.9999997
87:1-100:0   4.130782e-02 -0.0844798643  0.167095502 1.0000000
88:1-100:0   3.367774e-02 -0.0966450461  0.164000525 1.0000000
89:1-100:0   7.362503e-02 -0.0543577115  0.201607763 0.9999835
90:1-100:0   7.741384e-02 -0.0416467876  0.196474460 0.9966212
91:1-100:0   2.964652e-02 -0.0785643976  0.137857446 1.0000000
92:1-100:0   9.084370e-02 -0.0394790886  0.221166482 0.9727660
93:1-100:0   7.970718e-02 -0.0557978244  0.215212185 0.9999488
94:1-100:0   1.036262e-01 -0.0006586077  0.207911108 0.0560868
95:1-100:0   1.142798e-01  0.0083821507  0.220177362 0.0103637
96:1-100:0   1.307550e-01  0.0264701423  0.235039858 0.0001565
97:1-100:0   9.761482e-02 -0.0173765789  0.212606222 0.4495552
98:1-100:0   8.637969e-02 -0.0301760890  0.202935474 0.8956564
99:1-100:0   6.871244e-02 -0.0335667519  0.170991633 0.9902541
100:1-100:0 -5.585772e-03 -0.0696412397  0.058469695 1.0000000
2:1-1:1      2.081122e-02 -0.1018894140  0.143511853 1.0000000
3:1-1:1      6.512565e-02 -0.0812911503  0.211542451 1.0000000
4:1-1:1      5.563376e-02 -0.0907830422  0.202050559 1.0000000
5:1-1:1      1.534344e-01 -0.0244064479  0.331275316 0.3883235
6:1-1:1      5.274693e-02 -0.1250939479  0.230587816 1.0000000
7:1-1:1      7.409405e-02 -0.0973601487  0.245548247 1.0000000
8:1-1:1      2.860943e-02 -0.1746006560  0.231819524 1.0000000
9:1-1:1      5.979443e-02 -0.1336675936  0.253256462 1.0000000
10:1-1:1     6.740229e-02 -0.1613820976  0.296186680 1.0000000
11:1-1:1     3.470559e-02 -0.1367486103  0.206159786 1.0000000
12:1-1:1     4.261470e-02 -0.1555246248  0.240754019 1.0000000
13:1-1:1    -1.510109e-02 -0.2132404143  0.183038230 1.0000000
14:1-1:1     7.789891e-02 -0.1202404143  0.276038230 1.0000000
15:1-1:1     8.933086e-02 -0.1394535261  0.318115251 1.0000000
16:1-1:1    -1.606199e-02 -0.2448463833  0.212722394 1.0000000
17:1-1:1     2.043801e-02 -0.1686925387  0.209568550 1.0000000
18:1-1:1     8.270006e-02 -0.0734318028  0.238831921 0.9999999
19:1-1:1     3.334179e-02 -0.1186375126  0.185321086 1.0000000
20:1-1:1     3.445291e-02 -0.0988039496  0.167709774 1.0000000
21:1-1:1     8.638943e-02 -0.0422453962  0.215024264 0.9903527
22:1-1:1     2.298943e-02 -0.1056453962  0.151624264 1.0000000
23:1-1:1     5.474422e-02 -0.1266070649  0.236095498 1.0000000
24:1-1:1     7.559277e-02 -0.0851156720  0.236301207 1.0000000
25:1-1:1    -1.394351e-02 -0.2226752005  0.194788186 1.0000000
26:1-1:1     5.354020e-02 -0.1834547101  0.290535116 1.0000000
27:1-1:1     6.016277e-02 -0.1612597016  0.281585236 1.0000000
28:1-1:1     1.459787e-01 -0.0910162485  0.382973578 0.9995780
29:1-1:1     1.238252e-01 -0.0743140985  0.321964545 0.9992327
30:1-1:1     6.771777e-02 -0.1785103046  0.313945839 1.0000000
31:1-1:1     1.377055e-02 -0.1894395449  0.216980635 1.0000000
32:1-1:1     8.311684e-02 -0.0854211627  0.251654845 1.0000000
33:1-1:1     4.285489e-02 -0.1422500096  0.227959787 1.0000000
34:1-1:1     3.652234e-02 -0.1218405137  0.194885188 1.0000000
35:1-1:1     6.950318e-02 -0.1452707002  0.284277068 1.0000000
36:1-1:1     1.650943e-02 -0.1580395389  0.191058407 1.0000000
37:1-1:1     5.009277e-02 -0.1106156720  0.210801207 1.0000000
38:1-1:1    -1.189351e-02 -0.1638728067  0.140085792 1.0000000
39:1-1:1     5.287970e-02 -0.0935370962  0.199296505 1.0000000
40:1-1:1     6.874856e-02 -0.0645082974  0.202005426 1.0000000
41:1-1:1     7.246845e-02 -0.0460080413  0.190944942 0.9996871
42:1-1:1     6.728312e-02 -0.0774333046  0.211999541 1.0000000
43:1-1:1     6.475515e-02 -0.0852875647  0.214797861 1.0000000
44:1-1:1     8.240943e-02 -0.1545854793  0.319404347 1.0000000
45:1-1:1     7.494693e-02 -0.1398269502  0.289720818 1.0000000
46:1-1:1    -1.206199e-02 -0.2408463833  0.216722394 1.0000000
47:1-1:1     1.146219e-01 -0.1001519502  0.329395818 0.9999998
48:1-1:1     1.208761e-01 -0.1005463683  0.342298570 0.9999992
49:1-1:1     6.789179e-02 -0.1408399064  0.276623480 1.0000000
50:1-1:1    -1.383203e-02 -0.1538413950  0.126177336 1.0000000
51:1-1:1     4.075943e-02 -0.1740144502  0.255533318 1.0000000
52:1-1:1     4.852143e-02 -0.1260275389  0.223070407 1.0000000
53:1-1:1     1.149693e-02 -0.1663439479  0.189337816 1.0000000
54:1-1:1     6.878575e-02 -0.0759306730  0.213502173 1.0000000
55:1-1:1     7.552818e-02 -0.0806036778  0.231660046 1.0000000
56:1-1:1     1.460094e-01  0.0060000684  0.286018800 0.0219638
57:1-1:1     4.091221e-02 -0.1072782667  0.189102690 1.0000000
58:1-1:1     7.807818e-02 -0.0527917409  0.208948109 0.9998987
59:1-1:1     5.754482e-02 -0.0579303472  0.173019984 1.0000000
60:1-1:1     5.815377e-02 -0.0377249679  0.154032515 0.9997841
61:1-1:1     6.624078e-02 -0.0221938504  0.154675405 0.8736905
62:1-1:1     6.539196e-02 -0.0314790009  0.162262917 0.9887512
63:1-1:1     5.482336e-02 -0.0521200398  0.161766756 1.0000000
64:1-1:1     7.740943e-02 -0.0534604909  0.208279359 0.9999328
65:1-1:1     6.933216e-02 -0.0664807955  0.205145118 1.0000000
66:1-1:1     8.067414e-02 -0.0713051597  0.232653439 0.9999999
67:1-1:1     7.965559e-02 -0.0634289784  0.222740154 0.9999973
68:1-1:1     3.595821e-02 -0.1040511511  0.175967580 1.0000000
69:1-1:1     9.455143e-02 -0.0340833962  0.223186264 0.9106922
70:1-1:1     8.973307e-02 -0.0338849964  0.213351137 0.9305393
71:1-1:1     1.077071e-01 -0.0308513424  0.246265448 0.7751878
72:1-1:1     7.352943e-02 -0.0765132790  0.223572147 1.0000000
73:1-1:1     1.039872e-01 -0.0305253652  0.238499789 0.7919192
74:1-1:1     9.726525e-02 -0.0398953701  0.234425866 0.9585409
75:1-1:1     3.583388e-02 -0.0986786985  0.170346455 1.0000000
76:1-1:1     8.086816e-02 -0.0360696442  0.197805972 0.9778536
77:1-1:1     8.624790e-02 -0.0402887340  0.212784525 0.9851131
78:1-1:1     9.820110e-02 -0.0126747603  0.209076962 0.2966703
79:1-1:1     5.079610e-02 -0.0509883002  0.152580502 1.0000000
80:1-1:1     7.914140e-02 -0.0121361268  0.170418929 0.3702309
81:1-1:1     5.442024e-02 -0.0399034352  0.148743925 0.9999808
82:1-1:1     3.580943e-02 -0.0600693076  0.131688175 1.0000000
83:1-1:1     1.025506e-01 -0.0250188610  0.230120082 0.6602567
84:1-1:1     1.219384e-01 -0.0227780415  0.266654804 0.4783534
85:1-1:1     1.188335e-02 -0.1213735148  0.145140209 1.0000000
86:1-1:1     8.135318e-02 -0.0495167409  0.212223109 0.9993814
87:1-1:1     5.333100e-02 -0.0742384688  0.180900474 1.0000000
88:1-1:1     4.570092e-02 -0.0863424683  0.177744315 1.0000000
89:1-1:1     8.564821e-02 -0.0440861724  0.215382591 0.9943659
90:1-1:1     8.943702e-02 -0.0315045401  0.210378580 0.8997597
91:1-1:1     4.166971e-02 -0.0686073632  0.151946779 1.0000000
92:1-1:1     1.028669e-01 -0.0291765108  0.234910272 0.7683787
93:1-1:1     9.173036e-02 -0.0454302538  0.228890982 0.9915107
94:1-1:1     1.156494e-01  0.0092221799  0.222076688 0.0088231
95:1-1:1     1.263029e-01  0.0182949233  0.234310958 0.0013266
96:1-1:1     1.427782e-01  0.0363509299  0.249205438 0.0000140
97:1-1:1     1.096380e-01 -0.0072998029  0.226575814 0.1436890
98:1-1:1     9.840288e-02 -0.0200736151  0.216879368 0.5346875
99:1-1:1     8.073562e-02 -0.0237271060  0.185198355 0.7926932
100:1-1:1    6.437412e-03 -0.0610498595  0.073924683 1.0000000
3:1-2:1      4.431443e-02 -0.1324349249  0.221063786 1.0000000
4:1-2:1      3.482254e-02 -0.1419268168  0.211571894 1.0000000
5:1-2:1      1.326232e-01 -0.0709199862  0.336166415 0.9963673
6:1-2:1      3.193571e-02 -0.1716074862  0.235478915 1.0000000
7:1-2:1      5.328283e-02 -0.1447045366  0.251270196 1.0000000
8:1-2:1      7.798214e-03 -0.2182477895  0.233844218 1.0000000
9:1-2:1      3.898321e-02 -0.1783414536  0.256307882 1.0000000
10:1-2:1     4.659107e-02 -0.2026974194  0.295879562 1.0000000
11:1-2:1     1.389437e-02 -0.1840929981  0.211881734 1.0000000
12:1-2:1     2.180348e-02 -0.1996951592  0.243302114 1.0000000
13:1-2:1    -3.591231e-02 -0.2574109487  0.185586325 1.0000000
14:1-2:1     5.708769e-02 -0.1644109487  0.278586325 1.0000000
15:1-2:1     6.851964e-02 -0.1807688480  0.317808134 1.0000000
16:1-2:1    -3.687321e-02 -0.2861617051  0.212415277 1.0000000
17:1-2:1    -3.732143e-04 -0.2138511239  0.213104695 1.0000000
18:1-2:1     6.188884e-02 -0.1229884536  0.246766132 1.0000000
19:1-2:1     1.253057e-02 -0.1688534526  0.193914587 1.0000000
20:1-2:1     1.364169e-02 -0.1523698926  0.179653278 1.0000000
21:1-2:1     6.557821e-02 -0.0967466905  0.227903119 1.0000000
22:1-2:1     2.178214e-03 -0.1601466905  0.164503119 1.0000000
23:1-2:1     3.393300e-02 -0.1726843849  0.240550379 1.0000000
24:1-2:1     5.478155e-02 -0.1339766512  0.243539746 1.0000000
25:1-2:1    -3.475473e-02 -0.2657771824  0.196267729 1.0000000
26:1-2:1     3.272898e-02 -0.2241154131  0.289573380 1.0000000
27:1-2:1     3.935155e-02 -0.2031981688  0.281901264 1.0000000
28:1-2:1     1.251674e-01 -0.1316769516  0.382011842 1.0000000
29:1-2:1     1.030140e-01 -0.1184846329  0.324512640 1.0000000
30:1-2:1     4.690655e-02 -0.2184813168  0.312294412 1.0000000
31:1-2:1    -7.040675e-03 -0.2330866784  0.219005329 1.0000000
32:1-2:1     6.230562e-02 -0.1331618027  0.257773046 1.0000000
33:1-2:1     2.204367e-02 -0.1878760264  0.231963364 1.0000000
34:1-2:1     1.571112e-02 -0.1710541033  0.202476338 1.0000000
35:1-2:1     4.869196e-02 -0.1878038634  0.285187792 1.0000000
36:1-2:1    -4.301786e-03 -0.2049751499  0.196371578 1.0000000
37:1-2:1     2.928155e-02 -0.1594766512  0.218039746 1.0000000
38:1-2:1    -3.270473e-02 -0.2140887467  0.148679293 1.0000000
39:1-2:1     3.206848e-02 -0.1446808708  0.208817840 1.0000000
40:1-2:1     4.793734e-02 -0.1180742404  0.213948930 1.0000000
41:1-2:1     5.165723e-02 -0.1027420383  0.206056500 1.0000000
42:1-2:1     4.647190e-02 -0.1288714738  0.221815271 1.0000000
43:1-2:1     4.394393e-02 -0.1358205587  0.223708416 1.0000000
44:1-2:1     6.159821e-02 -0.1952461823  0.318442611 1.0000000
45:1-2:1     5.413571e-02 -0.1823601134  0.290631542 1.0000000
46:1-2:1    -3.287321e-02 -0.2821617051  0.216415277 1.0000000
47:1-2:1     9.381071e-02 -0.1426851134  0.330306542 1.0000000
48:1-2:1     1.000649e-01 -0.1424848354  0.342614597 1.0000000
49:1-2:1     4.708057e-02 -0.1839418883  0.278103023 1.0000000
50:1-2:1    -3.464325e-02 -0.2061223371  0.136835839 1.0000000
51:1-2:1     1.994821e-02 -0.2165476134  0.256444042 1.0000000
52:1-2:1     2.771021e-02 -0.1729631499  0.228383578 1.0000000
53:1-2:1    -9.314286e-03 -0.2128574862  0.194228915 1.0000000
54:1-2:1     4.797453e-02 -0.1273688422  0.223317902 1.0000000
55:1-2:1     5.471696e-02 -0.1301603286  0.239594257 1.0000000
56:1-2:1     1.251982e-01 -0.0462808737  0.296677302 0.9218060
57:1-2:1     2.010099e-02 -0.1581204238  0.198322408 1.0000000
58:1-2:1     5.726696e-02 -0.1068348102  0.221368739 1.0000000
59:1-2:1     3.673360e-02 -0.1153748134  0.188842011 1.0000000
60:1-2:1     3.734255e-02 -0.1004804784  0.175165586 1.0000000
61:1-2:1     4.542956e-02 -0.0873226120  0.178181727 1.0000000
62:1-2:1     4.458074e-02 -0.0939343794  0.183095856 1.0000000
63:1-2:1     3.401214e-02 -0.1117251098  0.179749387 1.0000000
64:1-2:1     5.659821e-02 -0.1075035602  0.220699989 1.0000000
65:1-2:1     4.852094e-02 -0.1195493247  0.216591208 1.0000000
66:1-2:1     5.986292e-02 -0.1215210997  0.241246940 1.0000000
67:1-2:1     5.884437e-02 -0.1151546211  0.232843357 1.0000000
68:1-2:1     1.514699e-02 -0.1563320932  0.186626083 1.0000000
69:1-2:1     7.374021e-02 -0.0885846905  0.236065119 1.0000000
70:1-2:1     6.892185e-02 -0.0894570671  0.227300768 1.0000000
71:1-2:1     8.689583e-02 -0.0834006261  0.257192293 1.0000000
72:1-2:1     5.271821e-02 -0.1270462729  0.232482702 1.0000000
73:1-2:1     8.317599e-02 -0.0838452297  0.250197214 1.0000000
74:1-2:1     7.645403e-02 -0.0927071089  0.245615165 1.0000000
75:1-2:1     1.502266e-02 -0.1519985631  0.182043881 1.0000000
76:1-2:1     6.005694e-02 -0.0931648105  0.213278699 1.0000000
77:1-2:1     6.543668e-02 -0.0952306008  0.226103952 1.0000000
78:1-2:1     7.738988e-02 -0.0712570555  0.226036817 1.0000000
79:1-2:1     2.998488e-02 -0.1120099057  0.171979668 1.0000000
80:1-2:1     5.833018e-02 -0.0763325167  0.192992880 1.0000000
81:1-2:1     3.360903e-02 -0.1031367674  0.170354818 1.0000000
82:1-2:1     1.499821e-02 -0.1228248181  0.152821247 1.0000000
83:1-2:1     8.173939e-02 -0.0797425748  0.243221356 1.0000000
84:1-2:1     1.011272e-01 -0.0742162106  0.276470534 0.9999812
85:1-2:1    -8.927873e-03 -0.1749394578  0.157083712 1.0000000
86:1-2:1     6.054196e-02 -0.1035598102  0.224643739 1.0000000
87:1-2:1     3.251978e-02 -0.1289621827  0.194001749 1.0000000
88:1-2:1     2.488970e-02 -0.1401494203  0.189928828 1.0000000
89:1-2:1     6.483699e-02 -0.0983606358  0.228034615 1.0000000
90:1-2:1     6.862580e-02 -0.0876730036  0.224924605 1.0000000
91:1-2:1     2.085849e-02 -0.1273423470  0.169059324 1.0000000
92:1-2:1     8.205566e-02 -0.0829834629  0.247094785 1.0000000
93:1-2:1     7.091914e-02 -0.0982419926  0.240080282 1.0000000
94:1-2:1     9.483821e-02 -0.0505207055  0.240197134 0.9961977
95:1-2:1     1.054917e-01 -0.0410285404  0.252011982 0.9416025
96:1-2:1     1.219670e-01 -0.0233919555  0.267325884 0.4947334
97:1-2:1     8.882679e-02 -0.0643949692  0.242048541 0.9999754
98:1-2:1     7.759166e-02 -0.0768076120  0.231990926 1.0000000
99:1-2:1     5.992440e-02 -0.0840023725  0.203851182 1.0000000
100:1-2:1   -1.437381e-02 -0.1341944528  0.105446837 1.0000000
4:1-3:1     -9.491892e-03 -0.2034577873  0.184474004 1.0000000
5:1-3:1      8.830878e-02 -0.1303513827  0.306968950 1.0000000
6:1-3:1     -1.237872e-02 -0.2310388827  0.206281450 1.0000000
7:1-3:1      8.968399e-03 -0.2045296832  0.222466482 1.0000000
8:1-3:1     -3.651622e-02 -0.2762644796  0.203232047 1.0000000
9:1-3:1     -5.331216e-03 -0.2368748303  0.226212398 1.0000000
10:1-3:1     2.276641e-03 -0.2595003360  0.264053618 1.0000000
11:1-3:1    -3.042006e-02 -0.2439181447  0.183078020 1.0000000
12:1-3:1    -2.251095e-02 -0.2579766194  0.212954713 1.0000000
13:1-3:1    -8.022674e-02 -0.3156924088  0.155238924 1.0000000
14:1-3:1     1.277326e-02 -0.2226924088  0.248238924 1.0000000
15:1-3:1     2.420521e-02 -0.2375717645  0.285982189 1.0000000
16:1-3:1    -8.118764e-02 -0.3429646217  0.180589332 1.0000000
17:1-3:1    -4.468764e-02 -0.2726245919  0.183249302 1.0000000
18:1-3:1     1.757441e-02 -0.1838258081  0.218974626 1.0000000
19:1-3:1    -3.178386e-02 -0.2299822402  0.166414514 1.0000000
20:1-3:1    -3.067274e-02 -0.2149070462  0.153561570 1.0000000
21:1-3:1     2.126378e-02 -0.1596555592  0.202183127 1.0000000
22:1-3:1    -4.213622e-02 -0.2230555592  0.138783127 1.0000000
23:1-3:1    -1.038143e-02 -0.2319060968  0.211143230 1.0000000
24:1-3:1     1.046712e-02 -0.1945013965  0.215435631 1.0000000
25:1-3:1    -7.906916e-02 -0.3235150797  0.165376765 1.0000000
26:1-3:1    -1.158545e-02 -0.2805677476  0.257396854 1.0000000
27:1-3:1    -4.962883e-03 -0.2603308505  0.250405085 1.0000000
28:1-3:1     8.085301e-02 -0.1881292860  0.349835315 1.0000000
29:1-3:1     5.869957e-02 -0.1767660931  0.294165240 1.0000000
30:1-3:1     2.592117e-03 -0.2745597411  0.279743975 1.0000000
31:1-3:1    -5.135511e-02 -0.2911033684  0.188393158 1.0000000
32:1-3:1     1.799119e-02 -0.1931721294  0.229154512 1.0000000
33:1-3:1    -2.227076e-02 -0.2468786698  0.202337146 1.0000000
34:1-3:1    -2.860331e-02 -0.2317379522  0.174531326 1.0000000
35:1-3:1     4.377534e-03 -0.2452476061  0.254002674 1.0000000
36:1-3:1    -4.861622e-02 -0.2646074962  0.167375064 1.0000000
37:1-3:1    -1.503288e-02 -0.2200013965  0.189935631 1.0000000
38:1-3:1    -7.701916e-02 -0.2752175343  0.121179220 1.0000000
39:1-3:1    -1.224595e-02 -0.2062118413  0.181719949 1.0000000
40:1-3:1     3.622914e-03 -0.1806113941  0.187857222 1.0000000
41:1-3:1     7.342800e-03 -0.1665007162  0.181186317 1.0000000
42:1-3:1     2.157468e-03 -0.1905281105  0.194843046 1.0000000
43:1-3:1    -3.705019e-04 -0.1970878241  0.196346820 1.0000000
44:1-3:1     1.728378e-02 -0.2516985168  0.286266084 1.0000000
45:1-3:1     9.821284e-03 -0.2398038561  0.259446424 1.0000000
46:1-3:1    -7.718764e-02 -0.3389646217  0.184589332 1.0000000
47:1-3:1     4.949628e-02 -0.2001288561  0.299121424 1.0000000
48:1-3:1     5.575045e-02 -0.1996175171  0.311118418 1.0000000
49:1-3:1     2.766137e-03 -0.2416797856  0.247212059 1.0000000
50:1-3:1    -7.895768e-02 -0.2681335543  0.110218195 1.0000000
51:1-3:1    -2.436622e-02 -0.2739913561  0.225258924 1.0000000
52:1-3:1    -1.660422e-02 -0.2325954962  0.199387064 1.0000000
53:1-3:1    -5.362872e-02 -0.2722888827  0.165031450 1.0000000
54:1-3:1     3.660100e-03 -0.1890254789  0.196345678 1.0000000
55:1-3:1     1.040253e-02 -0.1909976831  0.211802751 1.0000000
56:1-3:1     8.088378e-02 -0.1082920909  0.270059658 1.0000000
57:1-3:1    -2.421344e-02 -0.2195216744  0.171094798 1.0000000
58:1-3:1     1.295253e-02 -0.1695627432  0.195467811 1.0000000
59:1-3:1    -7.580832e-03 -0.1793929471  0.164231284 1.0000000
60:1-3:1    -6.971877e-03 -0.1662754302  0.152331677 1.0000000
61:1-3:1     1.115127e-03 -0.1538221909  0.156052445 1.0000000
62:1-3:1     2.663081e-04 -0.1596363869  0.160169003 1.0000000
63:1-3:1    -1.030229e-02 -0.1765003050  0.155895721 1.0000000
64:1-3:1     1.228378e-02 -0.1702314932  0.194799061 1.0000000
65:1-3:1     4.206511e-03 -0.1818849943  0.190298016 1.0000000
66:1-3:1     1.554849e-02 -0.1826498872  0.213746867 1.0000000
67:1-3:1     1.452994e-02 -0.1769330672  0.205992942 1.0000000
68:1-3:1    -2.916744e-02 -0.2183433104  0.160008439 1.0000000
69:1-3:1     2.942578e-02 -0.1514935592  0.210345127 1.0000000
70:1-3:1     2.460742e-02 -0.1527800527  0.201994893 1.0000000
71:1-3:1     4.258140e-02 -0.1455231374  0.230685943 1.0000000
72:1-3:1     8.403784e-03 -0.1883135383  0.205121106 1.0000000
73:1-3:1     3.886156e-02 -0.1462830373  0.224006160 1.0000000
74:1-3:1     3.213960e-02 -0.1549377239  0.219216919 1.0000000
75:1-3:1    -2.929177e-02 -0.2144363706  0.155852827 1.0000000
76:1-3:1     1.574251e-02 -0.1570560397  0.188541068 1.0000000
77:1-3:1     2.112225e-02 -0.1583113294  0.200555820 1.0000000
78:1-3:1     3.307545e-02 -0.1356798329  0.201830734 1.0000000
79:1-3:1    -1.432955e-02 -0.1772557702  0.148596671 1.0000000
80:1-3:1     1.401575e-02 -0.1425616300  0.170593132 1.0000000
81:1-3:1    -1.070541e-02 -0.1690778958  0.147667085 1.0000000
82:1-3:1    -2.931622e-02 -0.1886197699  0.129987337 1.0000000
83:1-3:1     3.742496e-02 -0.1427384632  0.217588384 1.0000000
84:1-3:1     5.681273e-02 -0.1358728473  0.249498310 1.0000000
85:1-3:1    -5.324230e-02 -0.2374766115  0.130992005 1.0000000
86:1-3:1     1.622753e-02 -0.1662877432  0.198742811 1.0000000
87:1-3:1    -1.179465e-02 -0.1919580711  0.168368776 1.0000000
88:1-3:1    -1.942473e-02 -0.2027832456  0.163933792 1.0000000
89:1-3:1     2.052256e-02 -0.1611802171  0.202225336 1.0000000
90:1-3:1     2.431137e-02 -0.1512213909  0.199844131 1.0000000
91:1-3:1    -2.345594e-02 -0.1918184129  0.144906528 1.0000000
92:1-3:1     3.774123e-02 -0.1456172881  0.221099749 1.0000000
93:1-3:1     2.660471e-02 -0.1604726076  0.213682036 1.0000000
94:1-3:1     5.052378e-02 -0.1153425766  0.216390144 1.0000000
95:1-3:1     6.117729e-02 -0.1057077627  0.228062343 1.0000000
96:1-3:1     7.765253e-02 -0.0882138266  0.243518894 1.0000000
97:1-3:1     4.451236e-02 -0.1282861984  0.217310909 1.0000000
98:1-3:1     3.327723e-02 -0.1405662900  0.207120743 1.0000000
99:1-3:1     1.560997e-02 -0.1490027567  0.180222705 1.0000000
100:1-3:1   -5.868824e-02 -0.2027001160  0.085323639 1.0000000
5:1-4:1      9.780068e-02 -0.1208594908  0.316460842 1.0000000
6:1-4:1     -2.886824e-03 -0.2215469908  0.215773342 1.0000000
7:1-4:1      1.846029e-02 -0.1950377913  0.231958373 1.0000000
8:1-4:1     -2.702432e-02 -0.2667725877  0.212723939 1.0000000
9:1-4:1      4.160676e-03 -0.2273829384  0.235704290 1.0000000
10:1-4:1     1.176853e-02 -0.2500084441  0.273545510 1.0000000
11:1-4:1    -2.092817e-02 -0.2344262528  0.192569912 1.0000000
12:1-4:1    -1.301906e-02 -0.2484847275  0.222446605 1.0000000
13:1-4:1    -7.073485e-02 -0.3062005169  0.164730816 1.0000000
14:1-4:1     2.226515e-02 -0.2132005169  0.257730816 1.0000000
15:1-4:1     3.369710e-02 -0.2280798726  0.295474081 1.0000000
16:1-4:1    -7.169575e-02 -0.3334727298  0.190081224 1.0000000
17:1-4:1    -3.519575e-02 -0.2631327000  0.192741194 1.0000000
18:1-4:1     2.706630e-02 -0.1743339162  0.228466518 1.0000000
19:1-4:1    -2.229197e-02 -0.2204903483  0.175906406 1.0000000
20:1-4:1    -2.118085e-02 -0.2054151543  0.163053462 1.0000000
21:1-4:1     3.075568e-02 -0.1501636673  0.211675019 1.0000000
22:1-4:1    -3.264432e-02 -0.2135636673  0.148275019 1.0000000
23:1-4:1    -8.895417e-04 -0.2224142049  0.220635121 1.0000000
24:1-4:1     1.995901e-02 -0.1850095046  0.224927523 1.0000000
25:1-4:1    -6.957727e-02 -0.3140231878  0.174868657 1.0000000
26:1-4:1    -2.093555e-03 -0.2710758557  0.266888746 1.0000000
27:1-4:1     4.529009e-03 -0.2508389586  0.259896977 1.0000000
28:1-4:1     9.034491e-02 -0.1786373942  0.359327207 1.0000000
29:1-4:1     6.819147e-02 -0.1672742012  0.303657131 1.0000000
30:1-4:1     1.208401e-02 -0.2650678492  0.289235867 1.0000000
31:1-4:1    -4.186321e-02 -0.2816114765  0.197885050 1.0000000
32:1-4:1     2.748308e-02 -0.1836802375  0.238646404 1.0000000
33:1-4:1    -1.277887e-02 -0.2373867779  0.211829038 1.0000000
34:1-4:1    -1.911142e-02 -0.2222460604  0.184023218 1.0000000
35:1-4:1     1.386943e-02 -0.2357557142  0.263494566 1.0000000
36:1-4:1    -3.912432e-02 -0.2551156043  0.176866956 1.0000000
37:1-4:1    -5.540991e-03 -0.2105095046  0.199427523 1.0000000
38:1-4:1    -6.752727e-02 -0.2657256424  0.130671111 1.0000000
39:1-4:1    -2.754054e-03 -0.1967199495  0.191211841 1.0000000
40:1-4:1     1.311481e-02 -0.1711195022  0.197349114 1.0000000
41:1-4:1     1.683469e-02 -0.1570088244  0.190678208 1.0000000
42:1-4:1     1.164936e-02 -0.1810362186  0.204334938 1.0000000
43:1-4:1     9.121390e-03 -0.1875959322  0.205838712 1.0000000
44:1-4:1     2.677568e-02 -0.2422066249  0.295757976 1.0000000
45:1-4:1     1.931318e-02 -0.2303119642  0.268938316 1.0000000
46:1-4:1    -6.769575e-02 -0.3294727298  0.194081224 1.0000000
47:1-4:1     5.898818e-02 -0.1906369642  0.308613316 1.0000000
48:1-4:1     6.524234e-02 -0.1901256252  0.320610310 1.0000000
49:1-4:1     1.225803e-02 -0.2321878937  0.256703951 1.0000000
50:1-4:1    -6.946579e-02 -0.2586416625  0.119710087 1.0000000
51:1-4:1    -1.487432e-02 -0.2644994642  0.234750816 1.0000000
52:1-4:1    -7.112324e-03 -0.2231036043  0.208878956 1.0000000
53:1-4:1    -4.413682e-02 -0.2627969908  0.174523342 1.0000000
54:1-4:1     1.315199e-02 -0.1795335870  0.205837570 1.0000000
55:1-4:1     1.989443e-02 -0.1815057912  0.221294643 1.0000000
56:1-4:1     9.037568e-02 -0.0988001990  0.279551550 1.0000000
57:1-4:1    -1.472155e-02 -0.2100297825  0.180586689 1.0000000
58:1-4:1     2.244443e-02 -0.1600708513  0.204959703 1.0000000
59:1-4:1     1.911060e-03 -0.1699010552  0.173723176 1.0000000
60:1-4:1     2.520015e-03 -0.1567835383  0.161823569 1.0000000
61:1-4:1     1.060702e-02 -0.1443302990  0.165544337 1.0000000
62:1-4:1     9.758200e-03 -0.1501444950  0.169660895 1.0000000
63:1-4:1    -8.104003e-04 -0.1670084131  0.165387613 1.0000000
64:1-4:1     2.177568e-02 -0.1607396013  0.204290953 1.0000000
65:1-4:1     1.369840e-02 -0.1723931024  0.199789908 1.0000000
66:1-4:1     2.504038e-02 -0.1731579953  0.223238758 1.0000000
67:1-4:1     2.402183e-02 -0.1674411753  0.215484834 1.0000000
68:1-4:1    -1.967554e-02 -0.2088514186  0.169500331 1.0000000
69:1-4:1     3.891768e-02 -0.1420016673  0.219837019 1.0000000
70:1-4:1     3.409931e-02 -0.1432881609  0.211486785 1.0000000
71:1-4:1     5.207329e-02 -0.1360312455  0.240177835 1.0000000
72:1-4:1     1.789568e-02 -0.1788216464  0.214612998 1.0000000
73:1-4:1     4.835345e-02 -0.1367911454  0.233498052 1.0000000
74:1-4:1     4.163149e-02 -0.1454458320  0.228708811 1.0000000
75:1-4:1    -1.979988e-02 -0.2049444787  0.165344719 1.0000000
76:1-4:1     2.523441e-02 -0.1475641478  0.198032959 1.0000000
77:1-4:1     3.061414e-02 -0.1488194375  0.210047712 1.0000000
78:1-4:1     4.256734e-02 -0.1261879410  0.211322626 1.0000000
79:1-4:1    -4.837658e-03 -0.1677638783  0.158088563 1.0000000
80:1-4:1     2.350764e-02 -0.1330697381  0.180085024 1.0000000
81:1-4:1    -1.213514e-03 -0.1595860039  0.157158977 1.0000000
82:1-4:1    -1.982432e-02 -0.1791278780  0.139479229 1.0000000
83:1-4:1     4.691685e-02 -0.1332465713  0.227080276 1.0000000
84:1-4:1     6.630462e-02 -0.1263809554  0.258990202 1.0000000
85:1-4:1    -4.375041e-02 -0.2279847196  0.140483897 1.0000000
86:1-4:1     2.571943e-02 -0.1567958513  0.208234703 1.0000000
87:1-4:1    -2.302756e-03 -0.1824661792  0.177860668 1.0000000
88:1-4:1    -9.932835e-03 -0.1932913537  0.173425684 1.0000000
89:1-4:1     3.001445e-02 -0.1516883252  0.211717228 1.0000000
90:1-4:1     3.380326e-02 -0.1417294990  0.209336023 1.0000000
91:1-4:1    -1.396405e-02 -0.1823265210  0.154398420 1.0000000
92:1-4:1     4.723312e-02 -0.1361253962  0.230591641 1.0000000
93:1-4:1     3.609661e-02 -0.1509807157  0.223173928 1.0000000
94:1-4:1     6.001568e-02 -0.1058506848  0.225882036 1.0000000
95:1-4:1     7.066918e-02 -0.0962158708  0.237554235 1.0000000
96:1-4:1     8.714443e-02 -0.0787219348  0.253010786 0.9999999
97:1-4:1     5.400425e-02 -0.1187943065  0.226802801 1.0000000
98:1-4:1     4.276912e-02 -0.1310743981  0.216612635 1.0000000
99:1-4:1     2.510187e-02 -0.1395108648  0.189714597 1.0000000
100:1-4:1   -4.919635e-02 -0.1932082241  0.094815531 1.0000000
6:1-5:1     -1.006875e-01 -0.3415230626  0.140148063 1.0000000
7:1-5:1     -7.934038e-02 -0.3154990833  0.156818314 1.0000000
8:1-5:1     -1.248250e-01 -0.3849571387  0.135307139 1.0000000
9:1-5:1     -9.364000e-02 -0.3462304690  0.158950469 1.0000000
10:1-5:1    -8.603214e-02 -0.3665970827  0.194532797 1.0000000
11:1-5:1    -1.187288e-01 -0.3548875449  0.117429853 1.0000000
12:1-5:1    -1.108197e-01 -0.3670102516  0.145370778 1.0000000
13:1-5:1    -1.685355e-01 -0.4247260410  0.087654988 0.9949822
14:1-5:1    -7.553553e-02 -0.3317260410  0.180654988 1.0000000
15:1-5:1    -6.410357e-02 -0.3446685112  0.216461368 1.0000000
16:1-5:1    -1.694964e-01 -0.4500613684  0.111068511 0.9998194
17:1-5:1    -1.329964e-01 -0.3822849194  0.116292062 0.9999998
18:1-5:1    -7.073438e-02 -0.2960154155  0.154546665 1.0000000
19:1-5:1    -1.200926e-01 -0.3425158842  0.102330590 0.9999996
20:1-5:1    -1.189815e-01 -0.3290571752  0.091094132 0.9999929
21:1-5:1    -6.704500e-02 -0.2742195846  0.140129585 1.0000000
22:1-5:1    -1.304450e-01 -0.3376195846  0.076729585 0.9989671
23:1-5:1    -9.869022e-02 -0.3421294834  0.144749049 1.0000000
24:1-5:1    -7.784167e-02 -0.3063183425  0.150635009 1.0000000
25:1-5:1    -1.673779e-01 -0.4318459142  0.097090032 0.9987391
26:1-5:1    -9.989423e-02 -0.3871936875  0.187405226 1.0000000
27:1-5:1    -9.327167e-02 -0.3678664567  0.181323123 1.0000000
28:1-5:1    -7.455769e-03 -0.2947552260  0.279843688 1.0000000
29:1-5:1    -2.960921e-02 -0.2857997252  0.226581304 1.0000000
30:1-5:1    -8.571667e-02 -0.3806787868  0.209245454 1.0000000
31:1-5:1    -1.396639e-01 -0.3997960276  0.120468250 0.9999997
32:1-5:1    -7.031759e-02 -0.3043676893  0.163732504 1.0000000
33:1-5:1    -1.105795e-01 -0.3568278190  0.135668728 1.0000000
34:1-5:1    -1.169121e-01 -0.3437450342  0.109920841 1.0000000
35:1-5:1    -8.393125e-02 -0.3531935947  0.185331095 1.0000000
36:1-5:1    -1.369250e-01 -0.3753400433  0.101490043 0.9999849
37:1-5:1    -1.033417e-01 -0.3318183425  0.125135009 1.0000000
38:1-5:1    -1.653279e-01 -0.3877511783  0.057095296 0.8898222
39:1-5:1    -1.005547e-01 -0.3192148962  0.118105437 1.0000000
40:1-5:1    -8.468587e-02 -0.2947615230  0.125389784 1.0000000
41:1-5:1    -8.096598e-02 -0.2819910269  0.120059060 1.0000000
42:1-5:1    -8.615132e-02 -0.3036765602  0.131373929 1.0000000
43:1-5:1    -8.867929e-02 -0.3097837964  0.132425225 1.0000000
44:1-5:1    -7.102500e-02 -0.3583244568  0.216274457 1.0000000
45:1-5:1    -7.848750e-02 -0.3477498447  0.190774845 1.0000000
46:1-5:1    -1.654964e-01 -0.4460613684  0.115068511 0.9999413
47:1-5:1    -3.881250e-02 -0.3080748447  0.230449845 1.0000000
48:1-5:1    -3.255833e-02 -0.3071531233  0.242036457 1.0000000
49:1-5:1    -8.554265e-02 -0.3500106201  0.178925326 1.0000000
50:1-5:1    -1.672665e-01 -0.3816889702  0.047156043 0.7641629
51:1-5:1    -1.126750e-01 -0.3819373447  0.156587345 1.0000000
52:1-5:1    -1.049130e-01 -0.3433280433  0.133502043 1.0000000
53:1-5:1    -1.419375e-01 -0.3827730626  0.098898063 0.9999437
54:1-5:1    -8.464868e-02 -0.3021739287  0.132876560 1.0000000
55:1-5:1    -7.790625e-02 -0.3031872905  0.147374790 1.0000000
56:1-5:1    -7.425000e-03 -0.2218475067  0.206997507 1.0000000
57:1-5:1    -1.125222e-01 -0.3323740061  0.107329562 1.0000000
58:1-5:1    -7.535625e-02 -0.2839259654  0.133213465 1.0000000
59:1-5:1    -9.588962e-02 -0.2951605437  0.103381313 1.0000000
60:1-5:1    -9.528066e-02 -0.2838731364  0.093311816 1.0000000
61:1-5:1    -8.719366e-02 -0.2721127534  0.097725440 1.0000000
62:1-5:1    -8.804248e-02 -0.2771413167  0.101056365 1.0000000
63:1-5:1    -9.861108e-02 -0.2930623019  0.095840150 1.0000000
64:1-5:1    -7.602500e-02 -0.2845947154  0.132544715 1.0000000
65:1-5:1    -8.410227e-02 -0.2958085508  0.127604005 1.0000000
66:1-5:1    -7.276029e-02 -0.2951835313  0.149662943 1.0000000
67:1-5:1    -7.377885e-02 -0.2902218687  0.142664176 1.0000000
68:1-5:1    -1.174762e-01 -0.3318987263  0.096946287 0.9999990
69:1-5:1    -5.888300e-02 -0.2660575846  0.148291585 1.0000000
70:1-5:1    -6.370136e-02 -0.2677989270  0.140396200 1.0000000
71:1-5:1    -4.572738e-02 -0.2592052906  0.167750529 1.0000000
72:1-5:1    -7.990500e-02 -0.3010095107  0.141199511 1.0000000
73:1-5:1    -4.944722e-02 -0.2603216453  0.161427201 1.0000000
74:1-5:1    -5.616919e-02 -0.2687425242  0.156404152 1.0000000
75:1-5:1    -1.176006e-01 -0.3284749786  0.093273868 0.9999970
76:1-5:1    -7.256627e-02 -0.2726883325  0.127555793 1.0000000
77:1-5:1    -6.718654e-02 -0.2730649189  0.138691842 1.0000000
78:1-5:1    -5.523333e-02 -0.2518747468  0.141408080 1.0000000
79:1-5:1    -1.026383e-01 -0.2943006750  0.089024008 0.9999997
80:1-5:1    -7.429303e-02 -0.2605884328  0.112002367 1.0000000
81:1-5:1    -9.901419e-02 -0.2868208598  0.088792481 0.9999999
82:1-5:1    -1.176250e-01 -0.3062174761  0.070967476 0.9992919
83:1-5:1    -5.088382e-02 -0.2573986147  0.155630968 1.0000000
84:1-5:1    -3.149605e-02 -0.2490212971  0.186029192 1.0000000
85:1-5:1    -1.415511e-01 -0.3516267404  0.068524566 0.9893454
86:1-5:1    -7.208125e-02 -0.2806509654  0.136488465 1.0000000
87:1-5:1    -1.001034e-01 -0.3066182226  0.106411360 1.0000000
88:1-5:1    -1.077335e-01 -0.3170415282  0.101574507 1.0000000
89:1-5:1    -6.778622e-02 -0.2756453084  0.140072859 1.0000000
90:1-5:1    -6.399741e-02 -0.2664850676  0.138490240 1.0000000
91:1-5:1    -1.117647e-01 -0.3080691359  0.084539684 0.9999905
92:1-5:1    -5.056755e-02 -0.2598755707  0.158740464 1.0000000
93:1-5:1    -6.170407e-02 -0.2742774079  0.150869268 1.0000000
94:1-5:1    -3.778500e-02 -0.2319528381  0.156382838 1.0000000
95:1-5:1    -2.713149e-02 -0.2221702607  0.167907274 1.0000000
96:1-5:1    -1.065625e-02 -0.2048240881  0.183511588 1.0000000
97:1-5:1    -4.379643e-02 -0.2439184912  0.156325634 1.0000000
98:1-5:1    -5.503156e-02 -0.2560566007  0.145993486 1.0000000
99:1-5:1    -7.269881e-02 -0.2657968442  0.120399225 1.0000000
100:1-5:1   -1.469970e-01 -0.3228632234  0.028869179 0.5098350
7:1-6:1      2.134712e-02 -0.2148115833  0.257505814 1.0000000
8:1-6:1     -2.413750e-02 -0.2842696387  0.235994639 1.0000000
9:1-6:1      7.047500e-03 -0.2455429690  0.259637969 1.0000000
10:1-6:1     1.465536e-02 -0.2659095827  0.295220297 1.0000000
11:1-6:1    -1.804135e-02 -0.2542000449  0.218117353 1.0000000
12:1-6:1    -1.013224e-02 -0.2663227516  0.246058278 1.0000000
13:1-6:1    -6.784803e-02 -0.3240385410  0.188342488 1.0000000
14:1-6:1     2.515197e-02 -0.2310385410  0.281342488 1.0000000
15:1-6:1     3.658393e-02 -0.2439810112  0.317148868 1.0000000
16:1-6:1    -6.880893e-02 -0.3493738684  0.211756011 1.0000000
17:1-6:1    -3.230893e-02 -0.2815974194  0.216979562 1.0000000
18:1-6:1     2.995312e-02 -0.1953279155  0.255234165 1.0000000
19:1-6:1    -1.940515e-02 -0.2418283842  0.203018090 1.0000000
20:1-6:1    -1.829402e-02 -0.2283696752  0.191781632 1.0000000
21:1-6:1     3.364250e-02 -0.1735320846  0.240817085 1.0000000
22:1-6:1    -2.975750e-02 -0.2369320846  0.177417085 1.0000000
23:1-6:1     1.997283e-03 -0.2414419834  0.245436549 1.0000000
24:1-6:1     2.284583e-02 -0.2056308425  0.251322509 1.0000000
25:1-6:1    -6.669044e-02 -0.3311584142  0.197777532 1.0000000
26:1-6:1     7.932692e-04 -0.2865061875  0.288092726 1.0000000
27:1-6:1     7.415833e-03 -0.2671789567  0.282010623 1.0000000
28:1-6:1     9.323173e-02 -0.1940677260  0.380531188 1.0000000
29:1-6:1     7.107829e-02 -0.1851122252  0.327268804 1.0000000
30:1-6:1     1.497083e-02 -0.2799912868  0.309932954 1.0000000
31:1-6:1    -3.897639e-02 -0.2991085276  0.221155750 1.0000000
32:1-6:1     3.036991e-02 -0.2036801893  0.264420004 1.0000000
33:1-6:1    -9.892045e-03 -0.2561403190  0.236356228 1.0000000
34:1-6:1    -1.622460e-02 -0.2430575342  0.210608341 1.0000000
35:1-6:1     1.675625e-02 -0.2525060947  0.286018595 1.0000000
36:1-6:1    -3.623750e-02 -0.2746525433  0.202177543 1.0000000
37:1-6:1    -2.654167e-03 -0.2311308425  0.225822509 1.0000000
38:1-6:1    -6.464044e-02 -0.2870636783  0.157782796 1.0000000
39:1-6:1     1.327703e-04 -0.2185273962  0.218792937 1.0000000
40:1-6:1     1.600163e-02 -0.1940740230  0.226077284 1.0000000
41:1-6:1     1.972152e-02 -0.1813035269  0.220746560 1.0000000
42:1-6:1     1.453618e-02 -0.2029890602  0.232061429 1.0000000
43:1-6:1     1.200821e-02 -0.2090962964  0.233112725 1.0000000
44:1-6:1     2.966250e-02 -0.2576369568  0.316961957 1.0000000
45:1-6:1     2.220000e-02 -0.2470623447  0.291462345 1.0000000
46:1-6:1    -6.480893e-02 -0.3453738684  0.215756011 1.0000000
47:1-6:1     6.187500e-02 -0.2073873447  0.331137345 1.0000000
48:1-6:1     6.812917e-02 -0.2064656233  0.342723957 1.0000000
49:1-6:1     1.514485e-02 -0.2493231201  0.279612826 1.0000000
50:1-6:1    -6.657896e-02 -0.2810014702  0.147843543 1.0000000
51:1-6:1    -1.198750e-02 -0.2812498447  0.257274845 1.0000000
52:1-6:1    -4.225500e-03 -0.2426405433  0.234189543 1.0000000
53:1-6:1    -4.125000e-02 -0.2820855626  0.199585563 1.0000000
54:1-6:1     1.603882e-02 -0.2014864287  0.233564060 1.0000000
55:1-6:1     2.278125e-02 -0.2024997905  0.248062290 1.0000000
56:1-6:1     9.326250e-02 -0.1211600067  0.307685007 1.0000000
57:1-6:1    -1.183472e-02 -0.2316865061  0.208017062 1.0000000
58:1-6:1     2.533125e-02 -0.1832384654  0.233900965 1.0000000
59:1-6:1     4.797885e-03 -0.1944730437  0.204068813 1.0000000
60:1-6:1     5.406840e-03 -0.1831856364  0.193999316 1.0000000
61:1-6:1     1.349384e-02 -0.1714252534  0.198412940 1.0000000
62:1-6:1     1.264502e-02 -0.1764538167  0.201743865 1.0000000
63:1-6:1     2.076424e-03 -0.1923748019  0.196527650 1.0000000
64:1-6:1     2.466250e-02 -0.1839072154  0.233232215 1.0000000
65:1-6:1     1.658523e-02 -0.1951210508  0.228291505 1.0000000
66:1-6:1     2.792721e-02 -0.1944960313  0.250350443 1.0000000
67:1-6:1     2.690865e-02 -0.1895343687  0.243351676 1.0000000
68:1-6:1    -1.678872e-02 -0.2312112263  0.197633787 1.0000000
69:1-6:1     4.180450e-02 -0.1653700846  0.248979085 1.0000000
70:1-6:1     3.698614e-02 -0.1671114270  0.241083700 1.0000000
71:1-6:1     5.496012e-02 -0.1585177906  0.268438029 1.0000000
72:1-6:1     2.078250e-02 -0.2003220107  0.241887011 1.0000000
73:1-6:1     5.124028e-02 -0.1596341453  0.262114701 1.0000000
74:1-6:1     4.451831e-02 -0.1680550242  0.257091652 1.0000000
75:1-6:1    -1.691306e-02 -0.2277874786  0.193961368 1.0000000
76:1-6:1     2.812123e-02 -0.1720008325  0.228243293 1.0000000
77:1-6:1     3.350096e-02 -0.1723774189  0.239379342 1.0000000
78:1-6:1     4.545417e-02 -0.1511872468  0.242095580 1.0000000
79:1-6:1    -1.950833e-03 -0.1936131750  0.189711508 1.0000000
80:1-6:1     2.639447e-02 -0.1599009328  0.212689867 1.0000000
81:1-6:1     1.673311e-03 -0.1861333598  0.189479981 1.0000000
82:1-6:1    -1.693750e-02 -0.2055299761  0.171654976 1.0000000
83:1-6:1     4.980368e-02 -0.1567111147  0.256318468 1.0000000
84:1-6:1     6.919145e-02 -0.1483337971  0.286716692 1.0000000
85:1-6:1    -4.086359e-02 -0.2509392404  0.169212066 1.0000000
86:1-6:1     2.860625e-02 -0.1799634654  0.237175965 1.0000000
87:1-6:1     5.840686e-04 -0.2059307226  0.207098860 1.0000000
88:1-6:1    -7.046011e-03 -0.2163540282  0.202262007 1.0000000
89:1-6:1     3.290128e-02 -0.1749578084  0.240760359 1.0000000
90:1-6:1     3.669009e-02 -0.1657975676  0.239177740 1.0000000
91:1-6:1    -1.107723e-02 -0.2073816359  0.185227184 1.0000000
92:1-6:1     5.011995e-02 -0.1591880707  0.259427964 1.0000000
93:1-6:1     3.898343e-02 -0.1735899079  0.251556768 1.0000000
94:1-6:1     6.290250e-02 -0.1312653381  0.257070338 1.0000000
95:1-6:1     7.355601e-02 -0.1214827607  0.268594774 1.0000000
96:1-6:1     9.003125e-02 -0.1041365881  0.284199088 1.0000000
97:1-6:1     5.689107e-02 -0.1432309912  0.257013134 1.0000000
98:1-6:1     4.565594e-02 -0.1553691007  0.246680986 1.0000000
99:1-6:1     2.798869e-02 -0.1651093442  0.221086725 1.0000000
100:1-6:1   -4.630952e-02 -0.2221757234  0.129556679 1.0000000
8:1-7:1     -4.548462e-02 -0.3012929271  0.210323696 1.0000000
9:1-7:1     -1.429962e-02 -0.2624348765  0.233835646 1.0000000
10:1-7:1    -6.691758e-03 -0.2832525078  0.269868991 1.0000000
11:1-7:1    -3.938846e-02 -0.2707757856  0.191998863 1.0000000
12:1-7:1    -3.147935e-02 -0.2832783645  0.220319660 1.0000000
13:1-7:1    -8.919514e-02 -0.3409941540  0.162603871 1.0000000
14:1-7:1     3.804858e-03 -0.2479941540  0.255603871 1.0000000
15:1-7:1     1.523681e-02 -0.2613239364  0.291797563 1.0000000
16:1-7:1    -9.015604e-02 -0.3667167935  0.186404706 1.0000000
17:1-7:1    -5.365604e-02 -0.2984292337  0.191117146 1.0000000
18:1-7:1     8.606010e-03 -0.2116681604  0.228880180 1.0000000
19:1-7:1    -4.075226e-02 -0.2581028069  0.176598282 1.0000000
20:1-7:1    -3.964114e-02 -0.2443383353  0.165056061 1.0000000
21:1-7:1     1.229538e-02 -0.1894234079  0.214014177 1.0000000
22:1-7:1    -5.110462e-02 -0.2528234079  0.150614177 1.0000000
23:1-7:1    -1.934983e-02 -0.2581632306  0.219463565 1.0000000
24:1-7:1     1.498718e-03 -0.2220426746  0.225040110 1.0000000
25:1-7:1    -8.803756e-02 -0.3482537580  0.172178645 1.0000000
26:1-7:1    -2.055385e-02 -0.3039442846  0.262836592 1.0000000
27:1-7:1    -1.393128e-02 -0.2844335213  0.256570957 1.0000000
28:1-7:1     7.188462e-02 -0.2115058231  0.355275054 1.0000000
29:1-7:1     4.973117e-02 -0.2020678382  0.301530186 1.0000000
30:1-7:1    -6.376282e-03 -0.2975322799  0.284779716 1.0000000
31:1-7:1    -6.032350e-02 -0.3161318160  0.195484807 1.0000000
32:1-7:1     9.022792e-03 -0.2202120451  0.238257629 1.0000000
33:1-7:1    -3.123916e-02 -0.2729153388  0.210437017 1.0000000
34:1-7:1    -3.757171e-02 -0.2594328044  0.184289380 1.0000000
35:1-7:1    -4.590865e-03 -0.2696783472  0.260496616 1.0000000
36:1-7:1    -5.758462e-02 -0.2912743576  0.176105127 1.0000000
37:1-7:1    -2.400128e-02 -0.2475426746  0.199540110 1.0000000
38:1-7:1    -8.598756e-02 -0.3033381010  0.131362988 1.0000000
39:1-7:1    -2.121435e-02 -0.2347124275  0.192283737 1.0000000
40:1-7:1    -5.345485e-03 -0.2100426831  0.199351713 1.0000000
41:1-7:1    -1.625599e-03 -0.1970232213  0.193772023 1.0000000
42:1-7:1    -6.810931e-03 -0.2191465022  0.205524640 1.0000000
43:1-7:1    -9.338901e-03 -0.2253397516  0.206661949 1.0000000
44:1-7:1     8.315385e-03 -0.2750750539  0.291705823 1.0000000
45:1-7:1     8.528846e-04 -0.2642345972  0.265940366 1.0000000
46:1-7:1    -8.615604e-02 -0.3627167935  0.190404706 1.0000000
47:1-7:1     4.052788e-02 -0.2245595972  0.305615366 1.0000000
48:1-7:1     4.678205e-02 -0.2237201880  0.317284291 1.0000000
49:1-7:1    -6.202262e-03 -0.2664184639  0.254013939 1.0000000
50:1-7:1    -8.792608e-02 -0.2970819397  0.121229782 1.0000000
51:1-7:1    -3.333462e-02 -0.2984220972  0.231752866 1.0000000
52:1-7:1    -2.557262e-02 -0.2592623576  0.208117127 1.0000000
53:1-7:1    -6.259712e-02 -0.2987558141  0.173561583 1.0000000
54:1-7:1    -5.308300e-03 -0.2176438706  0.207027271 1.0000000
55:1-7:1     1.434135e-03 -0.2188400354  0.221708305 1.0000000
56:1-7:1     7.191538e-02 -0.1372404763  0.281071246 1.0000000
57:1-7:1    -3.318184e-02 -0.2479001871  0.181536512 1.0000000
58:1-7:1     3.984135e-03 -0.1991672595  0.207135529 1.0000000
59:1-7:1    -1.654923e-02 -0.2101417555  0.177043294 1.0000000
60:1-7:1    -1.594028e-02 -0.1985225443  0.166641993 1.0000000
61:1-7:1    -7.853272e-03 -0.1866387163  0.170932172 1.0000000
62:1-7:1    -8.702091e-03 -0.1918073462  0.174403164 1.0000000
63:1-7:1    -1.927069e-02 -0.2078984784  0.169357096 1.0000000
64:1-7:1     3.315385e-03 -0.1998360095  0.206466779 1.0000000
65:1-7:1    -4.761888e-03 -0.2111322129  0.201608437 1.0000000
66:1-7:1     6.580090e-03 -0.2107704540  0.223930635 1.0000000
67:1-7:1     5.561538e-03 -0.2056652231  0.216788300 1.0000000
68:1-7:1    -3.813583e-02 -0.2472916958  0.171020026 1.0000000
69:1-7:1     2.045738e-02 -0.1812614079  0.222176177 1.0000000
70:1-7:1     1.563902e-02 -0.1829182204  0.214196262 1.0000000
71:1-7:1     3.361300e-02 -0.1745743654  0.241800373 1.0000000
72:1-7:1    -5.646154e-04 -0.2165654659  0.215436235 1.0000000
73:1-7:1     2.989316e-02 -0.1756237106  0.235410035 1.0000000
74:1-7:1     2.317120e-02 -0.1840885101  0.230430907 1.0000000
75:1-7:1    -3.826017e-02 -0.2437770439  0.167256702 1.0000000
76:1-7:1     6.774115e-03 -0.1876943987  0.201242628 1.0000000
77:1-7:1     1.215385e-02 -0.1882334546  0.212541147 1.0000000
78:1-7:1     2.410705e-02 -0.1667777523  0.214991855 1.0000000
79:1-7:1    -2.329795e-02 -0.2090494385  0.162453541 1.0000000
80:1-7:1     5.047352e-03 -0.1751612463  0.185255950 1.0000000
81:1-7:1    -1.967380e-02 -0.2014442871  0.162096678 1.0000000
82:1-7:1    -3.828462e-02 -0.2208668839  0.144297653 1.0000000
83:1-7:1     2.845656e-02 -0.1725845336  0.229497656 1.0000000
84:1-7:1     4.784433e-02 -0.1644912391  0.260179903 1.0000000
85:1-7:1    -6.221070e-02 -0.2669079005  0.142486496 1.0000000
86:1-7:1     7.259135e-03 -0.1958922595  0.210410529 1.0000000
87:1-7:1    -2.076305e-02 -0.2218041414  0.180278048 1.0000000
88:1-7:1    -2.839313e-02 -0.2323024416  0.175516190 1.0000000
89:1-7:1     1.155416e-02 -0.1908675816  0.213975902 1.0000000
90:1-7:1     1.534297e-02 -0.1815590675  0.212245009 1.0000000
91:1-7:1    -3.242434e-02 -0.2229619600  0.158113277 1.0000000
92:1-7:1     2.877283e-02 -0.1751364841  0.232682147 1.0000000
93:1-7:1     1.763631e-02 -0.1896233938  0.224896024 1.0000000
94:1-7:1     4.155538e-02 -0.1467802522  0.229891021 1.0000000
95:1-7:1     5.220889e-02 -0.1370245189  0.241442301 1.0000000
96:1-7:1     6.868413e-02 -0.1196515022  0.257019771 1.0000000
97:1-7:1     3.554396e-02 -0.1589245574  0.230012469 1.0000000
98:1-7:1     2.430883e-02 -0.1710887950  0.219706450 1.0000000
99:1-7:1     6.641575e-03 -0.1805909375  0.193874088 1.0000000
100:1-7:1   -6.765664e-02 -0.2370617245  0.101748449 1.0000000
9:1-8:1      3.118500e-02 -0.2398664830  0.302236483 1.0000000
10:1-8:1     3.879286e-02 -0.2585010157  0.336086730 1.0000000
11:1-8:1     6.096154e-03 -0.2497121579  0.261904466 1.0000000
12:1-8:1     1.400526e-02 -0.2604041776  0.288414704 1.0000000
13:1-8:1    -4.371053e-02 -0.3181199671  0.230698914 1.0000000
14:1-8:1     4.928947e-02 -0.2251199671  0.323698914 1.0000000
15:1-8:1     6.072143e-02 -0.2365724443  0.358015301 1.0000000
16:1-8:1    -4.467143e-02 -0.3419653014  0.252622444 1.0000000
17:1-8:1    -8.171429e-03 -0.2761485042  0.259805647 1.0000000
18:1-8:1     5.409062e-02 -0.1917111418  0.299892392 1.0000000
19:1-8:1     4.732353e-03 -0.2384528806  0.247917586 1.0000000
20:1-8:1     5.843478e-03 -0.2261020790  0.237789036 1.0000000
21:1-8:1     5.778000e-02 -0.1715413245  0.287101324 1.0000000
22:1-8:1    -5.620000e-03 -0.2349413245  0.223701324 1.0000000
23:1-8:1     2.613478e-02 -0.2364097614  0.288679327 1.0000000
24:1-8:1     4.698333e-02 -0.2017505662  0.295717233 1.0000000
25:1-8:1    -4.255294e-02 -0.3247058609  0.239599979 1.0000000
26:1-8:1     2.493077e-02 -0.2787268327  0.328588371 1.0000000
27:1-8:1     3.155333e-02 -0.2601130173  0.323219684 1.0000000
28:1-8:1     1.173692e-01 -0.1862883712  0.421026833 1.0000000
29:1-8:1     9.521579e-02 -0.1791936513  0.369625230 1.0000000
30:1-8:1     3.910833e-02 -0.2718090411  0.350025708 1.0000000
31:1-8:1    -1.483889e-02 -0.2929318427  0.263254065 1.0000000
32:1-8:1     5.450741e-02 -0.1993555657  0.308370381 1.0000000
33:1-8:1     1.424545e-02 -0.2509057733  0.279396682 1.0000000
34:1-8:1     7.912903e-03 -0.2393119799  0.255137786 1.0000000
35:1-8:1     4.089375e-02 -0.2457579056  0.327545406 1.0000000
36:1-8:1    -1.210000e-02 -0.2699927960  0.245792796 1.0000000
37:1-8:1     2.148333e-02 -0.2272505662  0.270217233 1.0000000
38:1-8:1    -4.050294e-02 -0.2836881747  0.202682292 1.0000000
39:1-8:1     2.427027e-02 -0.2154779931  0.264018534 1.0000000
40:1-8:1     4.013913e-02 -0.1918064268  0.272084688 1.0000000
41:1-8:1     4.385902e-02 -0.1799221924  0.267640225 1.0000000
42:1-8:1     3.867368e-02 -0.2000399378  0.277387306 1.0000000
43:1-8:1     3.614571e-02 -0.2058339667  0.278125395 1.0000000
44:1-8:1     5.380000e-02 -0.2498576020  0.357457602 1.0000000
45:1-8:1     4.633750e-02 -0.2403141556  0.332989156 1.0000000
46:1-8:1    -4.067143e-02 -0.3379653014  0.256622444 1.0000000
47:1-8:1     8.601250e-02 -0.2006391556  0.372664156 1.0000000
48:1-8:1     9.226667e-02 -0.1993996839  0.383933017 1.0000000
49:1-8:1     3.928235e-02 -0.2428705668  0.321435273 1.0000000
50:1-8:1    -4.244146e-02 -0.2783312105  0.193448284 1.0000000
51:1-8:1     1.215000e-02 -0.2745016556  0.298801656 1.0000000
52:1-8:1     1.991200e-02 -0.2379807960  0.277804796 1.0000000
53:1-8:1    -1.711250e-02 -0.2772446387  0.243019639 1.0000000
54:1-8:1     4.017632e-02 -0.1985373062  0.278889938 1.0000000
55:1-8:1     4.691875e-02 -0.1988830168  0.292720517 1.0000000
56:1-8:1     1.174000e-01 -0.1184897471  0.353289747 1.0000000
57:1-8:1     1.230278e-02 -0.2285327848  0.253138340 1.0000000
58:1-8:1     4.946875e-02 -0.1811137462  0.280051246 1.0000000
59:1-8:1     2.893538e-02 -0.1932714205  0.251142190 1.0000000
60:1-8:1     2.954434e-02 -0.1831387189  0.242227398 1.0000000
61:1-8:1     3.763134e-02 -0.1718013038  0.247063990 1.0000000
62:1-8:1     3.678252e-02 -0.1763496719  0.249914720 1.0000000
63:1-8:1     2.621392e-02 -0.1916810981  0.244108946 1.0000000
64:1-8:1     4.880000e-02 -0.1817824962  0.279382496 1.0000000
65:1-8:1     4.072273e-02 -0.1927007282  0.274146183 1.0000000
66:1-8:1     5.206471e-02 -0.1911205276  0.295249939 1.0000000
67:1-8:1     5.104615e-02 -0.1866817229  0.288774031 1.0000000
68:1-8:1     7.348780e-03 -0.2285409666  0.243238528 1.0000000
69:1-8:1     6.594200e-02 -0.1633793245  0.295263324 1.0000000
70:1-8:1     6.112364e-02 -0.1654216720  0.287668945 1.0000000
71:1-8:1     7.909762e-02 -0.1559338241  0.314129062 1.0000000
72:1-8:1     4.492000e-02 -0.1970596810  0.286899681 1.0000000
73:1-8:1     7.537778e-02 -0.1572914803  0.308047036 1.0000000
74:1-8:1     6.865581e-02 -0.1655543170  0.302865945 1.0000000
75:1-8:1     7.224444e-03 -0.2254448137  0.239893703 1.0000000
76:1-8:1     5.225873e-02 -0.1707116745  0.275229135 1.0000000
77:1-8:1     5.763846e-02 -0.1705125168  0.285789440 1.0000000
78:1-8:1     6.959167e-02 -0.1502601172  0.289443450 1.0000000
79:1-8:1     2.218667e-02 -0.1932232091  0.237596542 1.0000000
80:1-8:1     5.053197e-02 -0.1601168814  0.261180816 1.0000000
81:1-8:1     2.581081e-02 -0.1861757617  0.237797383 1.0000000
82:1-8:1     7.200000e-03 -0.2054830586  0.219883059 1.0000000
83:1-8:1     7.394118e-02 -0.1547842492  0.302666602 1.0000000
84:1-8:1     9.332895e-02 -0.1453846747  0.332042569 1.0000000
85:1-8:1    -1.672609e-02 -0.2486716442  0.215219470 1.0000000
86:1-8:1     5.274375e-02 -0.1778387462  0.283326246 1.0000000
87:1-8:1     2.472157e-02 -0.2040038571  0.253446994 1.0000000
88:1-8:1     1.709149e-02 -0.2141590405  0.248342019 1.0000000
89:1-8:1     5.703878e-02 -0.1729011300  0.286978681 1.0000000
90:1-8:1     6.082759e-02 -0.1642684185  0.285923591 1.0000000
91:1-8:1     1.306027e-02 -0.2064901365  0.232610684 1.0000000
92:1-8:1     7.425745e-02 -0.1569930831  0.305507977 1.0000000
93:1-8:1     6.312093e-02 -0.1710892007  0.297331061 1.0000000
94:1-8:1     8.704000e-02 -0.1306021621  0.304682162 1.0000000
95:1-8:1     9.769351e-02 -0.1207260029  0.316113016 1.0000000
96:1-8:1     1.141688e-01 -0.1034734121  0.331810912 0.9999999
97:1-8:1     8.102857e-02 -0.1419418332  0.303998976 1.0000000
98:1-8:1     6.979344e-02 -0.1539877661  0.293574651 1.0000000
99:1-8:1     5.212619e-02 -0.1645620934  0.268814474 1.0000000
100:1-8:1   -2.217202e-02 -0.2236562203  0.179312176 1.0000000
10:1-9:1     7.607857e-03 -0.2831099825  0.298325697 1.0000000
11:1-9:1    -2.508885e-02 -0.2732241073  0.223046415 1.0000000
12:1-9:1    -1.717974e-02 -0.2844506793  0.250091206 1.0000000
13:1-9:1    -7.489553e-02 -0.3421664687  0.192375416 1.0000000
14:1-9:1     1.810447e-02 -0.2491664687  0.285375416 1.0000000
15:1-9:1     2.953643e-02 -0.2611814110  0.320254268 1.0000000
16:1-9:1    -7.585643e-02 -0.3665742682  0.214861411 1.0000000
17:1-9:1    -3.935643e-02 -0.3000189086  0.221306051 1.0000000
18:1-9:1     2.290562e-02 -0.2149004389  0.260711689 1.0000000
19:1-9:1    -2.645265e-02 -0.2615532069  0.208647913 1.0000000
20:1-9:1    -2.534152e-02 -0.2487961189  0.198113075 1.0000000
21:1-9:1     2.659500e-02 -0.1941344392  0.247324439 1.0000000
22:1-9:1    -3.680500e-02 -0.2575344392  0.183924439 1.0000000
23:1-9:1    -5.050217e-03 -0.2601244283  0.250023993 1.0000000
24:1-9:1     1.579833e-02 -0.2250372293  0.256633896 1.0000000
25:1-9:1    -7.373794e-02 -0.3489532852  0.201477403 1.0000000
26:1-9:1    -6.254231e-03 -0.3034766301  0.290968169 1.0000000
27:1-9:1     3.683333e-04 -0.2845921473  0.285328814 1.0000000
28:1-9:1     8.618423e-02 -0.2110381686  0.383406630 1.0000000
29:1-9:1     6.403079e-02 -0.2032401529  0.331301732 1.0000000
30:1-9:1     7.923333e-03 -0.2967122345  0.312558901 1.0000000
31:1-9:1    -4.602389e-02 -0.3170753719  0.225027594 1.0000000
32:1-9:1     2.332241e-02 -0.2228068769  0.269451692 1.0000000
33:1-9:1    -1.693955e-02 -0.2746959984  0.240816908 1.0000000
34:1-9:1    -2.327210e-02 -0.2625488368  0.216004643 1.0000000
35:1-9:1     9.708750e-03 -0.2701168870  0.289534387 1.0000000
36:1-9:1    -4.328500e-02 -0.2935686584  0.206998658 1.0000000
37:1-9:1    -9.701667e-03 -0.2505372293  0.231133896 1.0000000
38:1-9:1    -7.168794e-02 -0.3067885010  0.163412619 1.0000000
39:1-9:1    -6.914730e-03 -0.2384583438  0.224628884 1.0000000
40:1-9:1     8.954130e-03 -0.2145004667  0.232408728 1.0000000
41:1-9:1     1.267402e-02 -0.2022939925  0.227642025 1.0000000
42:1-9:1     7.488684e-03 -0.2229834590  0.237960827 1.0000000
43:1-9:1     4.960714e-03 -0.2288926190  0.238814048 1.0000000
44:1-9:1     2.261500e-02 -0.2746073994  0.319837399 1.0000000
45:1-9:1     1.515250e-02 -0.2646731370  0.294978137 1.0000000
46:1-9:1    -7.185643e-02 -0.3625742682  0.218861411 1.0000000
47:1-9:1     5.482750e-02 -0.2249981370  0.334653137 1.0000000
48:1-9:1     6.108167e-02 -0.2238788140  0.346042147 1.0000000
49:1-9:1     8.097353e-03 -0.2671179910  0.283312697 1.0000000
50:1-9:1    -7.362646e-02 -0.3011724768  0.153919550 1.0000000
51:1-9:1    -1.903500e-02 -0.2988606370  0.260790637 1.0000000
52:1-9:1    -1.127300e-02 -0.2615566584  0.239010658 1.0000000
53:1-9:1    -4.829750e-02 -0.3008879690  0.204292969 1.0000000
54:1-9:1     8.991316e-03 -0.2214808274  0.239463459 1.0000000
55:1-9:1     1.573375e-02 -0.2220723139  0.253539814 1.0000000
56:1-9:1     8.621500e-02 -0.1413310134  0.313761013 1.0000000
57:1-9:1    -1.888222e-02 -0.2515514803  0.213787036 1.0000000
58:1-9:1     1.828375e-02 -0.2037556677  0.240323168 1.0000000
59:1-9:1    -2.249615e-03 -0.2155781875  0.211078957 1.0000000
60:1-9:1    -1.640660e-03 -0.2050301853  0.201748865 1.0000000
61:1-9:1     6.446343e-03 -0.1935417792  0.206434466 1.0000000
62:1-9:1     5.597524e-03 -0.1982616146  0.209456663 1.0000000
63:1-9:1    -4.971076e-03 -0.2138046367  0.203862485 1.0000000
64:1-9:1     1.761500e-02 -0.2044244177  0.239654418 1.0000000
65:1-9:1     9.537727e-03 -0.2154505502  0.234526005 1.0000000
66:1-9:1     2.087971e-02 -0.2142208540  0.255980266 1.0000000
67:1-9:1     1.986115e-02 -0.2095898406  0.249312148 1.0000000
68:1-9:1    -2.383622e-02 -0.2513822329  0.203709794 1.0000000
69:1-9:1     3.475700e-02 -0.1859724392  0.255486439 1.0000000
70:1-9:1     2.993864e-02 -0.1879053266  0.247782599 1.0000000
71:1-9:1     4.791262e-02 -0.1787434965  0.274568735 1.0000000
72:1-9:1     1.373500e-02 -0.2201183332  0.247588333 1.0000000
73:1-9:1     4.419278e-02 -0.1800129294  0.268398485 1.0000000
74:1-9:1     3.747081e-02 -0.1883335281  0.263275156 1.0000000
75:1-9:1    -2.396056e-02 -0.2481662627  0.200245152 1.0000000
76:1-9:1     2.107373e-02 -0.1930501050  0.235197565 1.0000000
77:1-9:1     2.645346e-02 -0.1930598282  0.245966751 1.0000000
78:1-9:1     3.840667e-02 -0.1724677564  0.249281090 1.0000000
79:1-9:1    -8.998333e-03 -0.2152375877  0.197240921 1.0000000
80:1-9:1     1.934697e-02 -0.1819144372  0.220608372 1.0000000
81:1-9:1    -5.374189e-03 -0.2080352914  0.197286913 1.0000000
82:1-9:1    -2.398500e-02 -0.2273745249  0.179404525 1.0000000
83:1-9:1     4.275618e-02 -0.1773541046  0.262866457 1.0000000
84:1-9:1     6.214395e-02 -0.1683281958  0.292616091 1.0000000
85:1-9:1    -4.791109e-02 -0.2713656841  0.175543510 1.0000000
86:1-9:1     2.155875e-02 -0.2004806677  0.243598168 1.0000000
87:1-9:1    -6.463431e-03 -0.2265737124  0.213646850 1.0000000
88:1-9:1    -1.409351e-02 -0.2368265864  0.208639565 1.0000000
89:1-9:1     2.585378e-02 -0.1955182543  0.247225805 1.0000000
90:1-9:1     2.964259e-02 -0.1866937879  0.245978960 1.0000000
91:1-9:1    -1.812473e-02 -0.2286849269  0.192435475 1.0000000
92:1-9:1     4.307245e-02 -0.1796606289  0.265805523 1.0000000
93:1-9:1     3.193593e-02 -0.1938684119  0.257740272 1.0000000
94:1-9:1     5.585500e-02 -0.1527147154  0.264424715 1.0000000
95:1-9:1     6.650851e-02 -0.1428722413  0.275889254 1.0000000
96:1-9:1     8.298375e-02 -0.1255859654  0.291553465 1.0000000
97:1-9:1     4.984357e-02 -0.1642802637  0.263967407 1.0000000
98:1-9:1     3.860844e-02 -0.1763595663  0.253576452 1.0000000
99:1-9:1     2.094119e-02 -0.1866329597  0.228515341 1.0000000
100:1-9:1   -5.335702e-02 -0.2450053917  0.138291347 1.0000000
11:1-10:1   -3.269670e-02 -0.3092574529  0.243864046 1.0000000
12:1-10:1   -2.478759e-02 -0.3186387418  0.269063554 1.0000000
13:1-10:1   -8.250338e-02 -0.3763545312  0.211347764 1.0000000
14:1-10:1    1.049662e-02 -0.2833545312  0.304347764 1.0000000
15:1-10:1    2.192857e-02 -0.2933991988  0.337256342 1.0000000
16:1-10:1   -8.346429e-02 -0.3987920559  0.231863485 1.0000000
17:1-10:1   -4.696429e-02 -0.3348178403  0.240889269 1.0000000
18:1-10:1    1.529777e-02 -0.2520343560  0.282629892 1.0000000
19:1-10:1   -3.406050e-02 -0.2989888221  0.230867814 1.0000000
20:1-10:1   -3.294938e-02 -0.2875995259  0.221700768 1.0000000
21:1-10:1    1.898714e-02 -0.2332750733  0.271249359 1.0000000
22:1-10:1   -4.441286e-02 -0.2966750733  0.207849359 1.0000000
23:1-10:1   -1.265807e-02 -0.2954611747  0.270145026 1.0000000
24:1-10:1    8.190476e-03 -0.2618400936  0.278221046 1.0000000
25:1-10:1   -8.134580e-02 -0.3824408431  0.219749246 1.0000000
26:1-10:1   -1.386209e-02 -0.3351966411  0.307472465 1.0000000
27:1-10:1   -7.239524e-03 -0.3172672902  0.302788243 1.0000000
28:1-10:1    7.857637e-02 -0.2427581796  0.399910927 1.0000000
29:1-10:1    5.642293e-02 -0.2374282155  0.350274080 1.0000000
30:1-10:1    3.154762e-04 -0.3278880728  0.328519025 1.0000000
31:1-10:1   -5.363175e-02 -0.3509256189  0.243662127 1.0000000
32:1-10:1    1.571455e-02 -0.2590478289  0.290476929 1.0000000
33:1-10:1   -2.454740e-02 -0.3097721025  0.260677297 1.0000000
34:1-10:1   -3.087995e-02 -0.2995211621  0.237761254 1.0000000
35:1-10:1    2.100893e-03 -0.3032139078  0.307415694 1.0000000
36:1-10:1   -5.089286e-02 -0.3293828033  0.227597089 1.0000000
37:1-10:1   -1.730952e-02 -0.2873400936  0.252721046 1.0000000
38:1-10:1   -7.929580e-02 -0.3442241163  0.185632520 1.0000000
39:1-10:1   -1.452259e-02 -0.2762995638  0.247254390 1.0000000
40:1-10:1    1.346273e-03 -0.2533038738  0.255996420 1.0000000
41:1-10:1    5.066159e-03 -0.2421705396  0.252302858 1.0000000
42:1-10:1   -1.191729e-04 -0.2609489051  0.260710559 1.0000000
43:1-10:1   -2.647143e-03 -0.2664692835  0.261174998 1.0000000
44:1-10:1    1.500714e-02 -0.3063274103  0.336341696 1.0000000
45:1-10:1    7.544643e-03 -0.2977701578  0.312859444 1.0000000
46:1-10:1   -7.946429e-02 -0.3947920559  0.235863485 1.0000000
47:1-10:1    4.721964e-02 -0.2580951578  0.352534444 1.0000000
48:1-10:1    5.347381e-02 -0.2565539568  0.363501576 1.0000000
49:1-10:1    4.894958e-04 -0.3006055489  0.301584541 1.0000000
50:1-10:1   -8.123432e-02 -0.3394821252  0.177013484 1.0000000
51:1-10:1   -2.664286e-02 -0.3319576578  0.278671944 1.0000000
52:1-10:1   -1.888086e-02 -0.2973708033  0.259609089 1.0000000
53:1-10:1   -5.590536e-02 -0.3364702969  0.224659583 1.0000000
54:1-10:1    1.383459e-03 -0.2594462735  0.262213191 1.0000000
55:1-10:1    8.125893e-03 -0.2592062310  0.275458017 1.0000000
56:1-10:1    7.860714e-02 -0.1796406618  0.336854948 1.0000000
57:1-10:1   -2.649008e-02 -0.2892632212  0.236283062 1.0000000
58:1-10:1    1.067589e-02 -0.2427333481  0.264085134 1.0000000
59:1-10:1   -9.857473e-03 -0.2556700436  0.235955099 1.0000000
60:1-10:1   -9.248518e-03 -0.2464868771  0.227989842 1.0000000
61:1-10:1   -1.161514e-03 -0.2354903203  0.233167293 1.0000000
62:1-10:1   -2.010333e-03 -0.2396514255  0.235630760 1.0000000
63:1-10:1   -1.257893e-02 -0.2545008141  0.229342948 1.0000000
64:1-10:1    1.000714e-02 -0.2434020981  0.263416384 1.0000000
65:1-10:1    1.929870e-03 -0.2540671326  0.257926873 1.0000000
66:1-10:1    1.327185e-02 -0.2516564692  0.278200167 1.0000000
67:1-10:1    1.225330e-02 -0.2476745765  0.272181170 1.0000000
68:1-10:1   -3.144408e-02 -0.2896918813  0.226803728 1.0000000
69:1-10:1    2.714914e-02 -0.2251130733  0.279411359 1.0000000
70:1-10:1    2.233078e-02 -0.2274105521  0.272072111 1.0000000
71:1-10:1    4.030476e-02 -0.2171592844  0.297768808 1.0000000
72:1-10:1    6.127143e-03 -0.2576949977  0.269949283 1.0000000
73:1-10:1    3.658492e-02 -0.2187245769  0.291894418 1.0000000
74:1-10:1    2.986296e-02 -0.2268515564  0.286577470 1.0000000
75:1-10:1   -3.156841e-02 -0.2868779102  0.223741085 1.0000000
76:1-10:1    1.346587e-02 -0.2330371841  0.259968930 1.0000000
77:1-10:1    1.884560e-02 -0.2323531710  0.270044380 1.0000000
78:1-10:1    3.079881e-02 -0.2128869773  0.274484596 1.0000000
79:1-10:1   -1.660619e-02 -0.2562921734  0.223079792 1.0000000
80:1-10:1    1.173911e-02 -0.2236773152  0.247155535 1.0000000
81:1-10:1   -1.298205e-02 -0.2495962107  0.223632118 1.0000000
82:1-10:1   -3.159286e-02 -0.2688312167  0.205645502 1.0000000
83:1-10:1    3.514832e-02 -0.2165723120  0.286868951 1.0000000
84:1-10:1    5.453609e-02 -0.2062936420  0.315365822 1.0000000
85:1-10:1   -5.551894e-02 -0.3101690912  0.199131203 1.0000000
86:1-10:1    1.395089e-02 -0.2394583481  0.267360134 1.0000000
87:1-10:1   -1.407129e-02 -0.2657919198  0.237649343 1.0000000
88:1-10:1   -2.170137e-02 -0.2757186181  0.232315882 1.0000000
89:1-10:1    1.824592e-02 -0.2345787561  0.271070593 1.0000000
90:1-10:1    2.203473e-02 -0.2263926591  0.270462117 1.0000000
91:1-10:1   -2.573258e-02 -0.2691465075  0.217681341 1.0000000
92:1-10:1    3.546459e-02 -0.2185526606  0.289481840 1.0000000
93:1-10:1    2.432807e-02 -0.2323864401  0.281042586 1.0000000
94:1-10:1    4.824714e-02 -0.1934470163  0.289941302 1.0000000
95:1-10:1    5.890065e-02 -0.1834937358  0.301295034 1.0000000
96:1-10:1    7.537589e-02 -0.1663182663  0.317070052 1.0000000
97:1-10:1    4.223571e-02 -0.2042673429  0.288738771 1.0000000
98:1-10:1    3.100059e-02 -0.2162361134  0.278237284 1.0000000
99:1-10:1    1.333333e-02 -0.2275022293  0.254168896 1.0000000
100:1-10:1  -6.096488e-02 -0.2882176856  0.166287927 1.0000000
12:1-11:1    7.909109e-03 -0.2438899030  0.259708122 1.0000000
13:1-11:1   -4.980668e-02 -0.3016056925  0.201992332 1.0000000
14:1-11:1    4.319332e-02 -0.2086056925  0.294992332 1.0000000
15:1-11:1    5.462527e-02 -0.2219354749  0.331186024 1.0000000
16:1-11:1   -5.076758e-02 -0.3273283320  0.225793167 1.0000000
17:1-11:1   -1.426758e-02 -0.2590407722  0.230505607 1.0000000
18:1-11:1    4.799447e-02 -0.1722796988  0.268268641 1.0000000
19:1-11:1   -1.363801e-03 -0.2187143454  0.215986744 1.0000000
20:1-11:1   -2.526756e-04 -0.2049498737  0.204444523 1.0000000
21:1-11:1    5.168385e-02 -0.1500349463  0.253402639 1.0000000
22:1-11:1   -1.171615e-02 -0.2134349463  0.190002639 1.0000000
23:1-11:1    2.003863e-02 -0.2187747691  0.258852027 1.0000000
24:1-11:1    4.088718e-02 -0.1826542130  0.264428572 1.0000000
25:1-11:1   -4.864910e-02 -0.3088652965  0.211567106 1.0000000
26:1-11:1    1.883462e-02 -0.2645558231  0.302225054 1.0000000
27:1-11:1    2.545718e-02 -0.2450450598  0.295959419 1.0000000
28:1-11:1    1.112731e-01 -0.1721173616  0.394663515 1.0000000
29:1-11:1    8.911964e-02 -0.1626793767  0.340918648 1.0000000
30:1-11:1    3.301218e-02 -0.2581438184  0.324168177 1.0000000
31:1-11:1   -2.093504e-02 -0.2767433545  0.234873269 1.0000000
32:1-11:1    4.841125e-02 -0.1808235835  0.277646091 1.0000000
33:1-11:1    8.149301e-03 -0.2335268773  0.249825479 1.0000000
34:1-11:1    1.816749e-03 -0.2200443429  0.223677842 1.0000000
35:1-11:1    3.479760e-02 -0.2302898857  0.299885078 1.0000000
36:1-11:1   -1.819615e-02 -0.2518858961  0.215493588 1.0000000
37:1-11:1    1.538718e-02 -0.2081542130  0.238928572 1.0000000
38:1-11:1   -4.659910e-02 -0.2639496395  0.170751449 1.0000000
39:1-11:1    1.817412e-02 -0.1953239659  0.231672199 1.0000000
40:1-11:1    3.404298e-02 -0.1706542216  0.238740175 1.0000000
41:1-11:1    3.776286e-02 -0.1576347597  0.233160485 1.0000000
42:1-11:1    3.257753e-02 -0.1797580407  0.244913101 1.0000000
43:1-11:1    3.004956e-02 -0.1859512900  0.246050411 1.0000000
44:1-11:1    4.770385e-02 -0.2356865923  0.331094285 1.0000000
45:1-11:1    4.024135e-02 -0.2248461357  0.305328828 1.0000000
46:1-11:1   -4.676758e-02 -0.3233283320  0.229793167 1.0000000
47:1-11:1    7.991635e-02 -0.1851711357  0.345003828 1.0000000
48:1-11:1    8.617051e-02 -0.1843317265  0.356672752 1.0000000
49:1-11:1    3.318620e-02 -0.2270300024  0.293402401 1.0000000
50:1-11:1   -4.853762e-02 -0.2576934782  0.160618244 1.0000000
51:1-11:1    6.053846e-03 -0.2590336357  0.271141328 1.0000000
52:1-11:1    1.381585e-02 -0.2198738961  0.247505588 1.0000000
53:1-11:1   -2.320865e-02 -0.2593673526  0.212950045 1.0000000
54:1-11:1    3.408016e-02 -0.1782554091  0.246415733 1.0000000
55:1-11:1    4.082260e-02 -0.1794515738  0.261096766 1.0000000
56:1-11:1    1.113038e-01 -0.0978520148  0.320459707 0.9999998
57:1-11:1    6.206624e-03 -0.2085117256  0.220924973 1.0000000
58:1-11:1    4.337260e-02 -0.1597787980  0.246523990 1.0000000
59:1-11:1    2.283923e-02 -0.1707532939  0.216431755 1.0000000
60:1-11:1    2.344819e-02 -0.1591340828  0.206030454 1.0000000
61:1-11:1    3.153519e-02 -0.1472502548  0.210320634 1.0000000
62:1-11:1    3.068637e-02 -0.1524188846  0.213791625 1.0000000
63:1-11:1    2.011777e-02 -0.1685100168  0.208745557 1.0000000
64:1-11:1    4.270385e-02 -0.1604475480  0.245855240 1.0000000
65:1-11:1    3.462657e-02 -0.1717437513  0.240996898 1.0000000
66:1-11:1    4.596855e-02 -0.1713819924  0.263319097 1.0000000
67:1-11:1    4.495000e-02 -0.1662767615  0.256176762 1.0000000
68:1-11:1    1.252627e-03 -0.2079032343  0.210408488 1.0000000
69:1-11:1    5.984585e-02 -0.1418729463  0.261564639 1.0000000
70:1-11:1    5.502748e-02 -0.1435297589  0.253584724 1.0000000
71:1-11:1    7.300147e-02 -0.1351859039  0.281188834 1.0000000
72:1-11:1    3.882385e-02 -0.1771770043  0.254824697 1.0000000
73:1-11:1    6.928162e-02 -0.1362352490  0.274798497 1.0000000
74:1-11:1    6.255966e-02 -0.1447000486  0.269819369 1.0000000
75:1-11:1    1.128291e-03 -0.2043885823  0.206645164 1.0000000
76:1-11:1    4.616258e-02 -0.1483059371  0.240631090 1.0000000
77:1-11:1    5.154231e-02 -0.1488449931  0.251929608 1.0000000
78:1-11:1    6.349551e-02 -0.1273892908  0.254380316 1.0000000
79:1-11:1    1.609051e-02 -0.1696609770  0.201842003 1.0000000
80:1-11:1    4.443581e-02 -0.1357727847  0.224644411 1.0000000
81:1-11:1    1.971466e-02 -0.1620558255  0.201485139 1.0000000
82:1-11:1    1.103846e-03 -0.1814784224  0.183686115 1.0000000
83:1-11:1    6.784502e-02 -0.1331960721  0.268886117 1.0000000
84:1-11:1    8.723279e-02 -0.1251027775  0.299568365 1.0000000
85:1-11:1   -2.282224e-02 -0.2275194390  0.181874957 1.0000000
86:1-11:1    4.664760e-02 -0.1565037980  0.249798990 1.0000000
87:1-11:1    1.862541e-02 -0.1824156799  0.219666509 1.0000000
88:1-11:1    1.099534e-02 -0.1929139800  0.214904651 1.0000000
89:1-11:1    5.094262e-02 -0.1514791201  0.253364363 1.0000000
90:1-11:1    5.473143e-02 -0.1421706060  0.251633471 1.0000000
91:1-11:1    6.964120e-03 -0.1835734985  0.197501739 1.0000000
92:1-11:1    6.816129e-02 -0.1357480226  0.272070609 1.0000000
93:1-11:1    5.702478e-02 -0.1502349323  0.264284485 1.0000000
94:1-11:1    8.094385e-02 -0.1073917907  0.269279483 1.0000000
95:1-11:1    9.159735e-02 -0.0976360574  0.280830763 1.0000000
96:1-11:1    1.080726e-01 -0.0802630407  0.296408233 0.9999856
97:1-11:1    7.493242e-02 -0.1195360959  0.269400931 1.0000000
98:1-11:1    6.369729e-02 -0.1317003335  0.259094911 1.0000000
99:1-11:1    4.603004e-02 -0.1412024759  0.233262549 1.0000000
100:1-11:1  -2.826818e-02 -0.1976732630  0.141136911 1.0000000
13:1-12:1   -5.771579e-02 -0.3283915945  0.212960016 1.0000000
14:1-12:1    3.528421e-02 -0.2353915945  0.305960016 1.0000000
15:1-12:1    4.671617e-02 -0.2471349824  0.340567313 1.0000000
16:1-12:1   -5.867669e-02 -0.3525278395  0.235174456 1.0000000
17:1-12:1   -2.217669e-02 -0.2863292296  0.241975846 1.0000000
18:1-12:1    4.008536e-02 -0.2015411243  0.281711848 1.0000000
19:1-12:1   -9.272910e-03 -0.2482371503  0.229691330 1.0000000
20:1-12:1   -8.161785e-03 -0.2356779201  0.219354350 1.0000000
21:1-12:1    4.377474e-02 -0.1810654733  0.268614947 1.0000000
22:1-12:1   -1.962526e-02 -0.2444654733  0.205214947 1.0000000
23:1-12:1    1.212952e-02 -0.2465101678  0.270769207 1.0000000
24:1-12:1    3.297807e-02 -0.2116306030  0.277586743 1.0000000
25:1-12:1   -5.655820e-02 -0.3350813099  0.221964901 1.0000000
26:1-12:1    1.092551e-02 -0.2893623383  0.311213350 1.0000000
27:1-12:1    1.754807e-02 -0.2706083289  0.305704469 1.0000000
28:1-12:1    1.033640e-01 -0.1969238767  0.403651812 1.0000000
29:1-12:1    8.121053e-02 -0.1894652787  0.351886331 1.0000000
30:1-12:1    2.510307e-02 -0.2825240807  0.332730221 1.0000000
31:1-12:1   -2.884415e-02 -0.3032535929  0.245565289 1.0000000
32:1-12:1    4.050214e-02 -0.2093203115  0.290324600 1.0000000
33:1-12:1    2.401914e-04 -0.2610451389  0.261525522 1.0000000
34:1-12:1   -6.092360e-03 -0.2491664085  0.236981689 1.0000000
35:1-12:1    2.688849e-02 -0.2561910460  0.309968020 1.0000000
36:1-12:1   -2.610526e-02 -0.2800216755  0.227811149 1.0000000
37:1-12:1    7.478070e-03 -0.2371306030  0.252086743 1.0000000
38:1-12:1   -5.450820e-02 -0.2934724444  0.184456036 1.0000000
39:1-12:1    1.026501e-02 -0.2252006592  0.245730673 1.0000000
40:1-12:1    2.613387e-02 -0.2013822679  0.253650002 1.0000000
41:1-12:1    2.985375e-02 -0.1893331068  0.249040613 1.0000000
42:1-12:1    2.466842e-02 -0.2097437023  0.259080544 1.0000000
43:1-12:1    2.214045e-02 -0.2155968330  0.259877735 1.0000000
44:1-12:1    3.979474e-02 -0.2604931075  0.340082581 1.0000000
45:1-12:1    3.233224e-02 -0.2507472960  0.315411770 1.0000000
46:1-12:1   -5.467669e-02 -0.3485278395  0.239174456 1.0000000
47:1-12:1    7.200724e-02 -0.2110722960  0.355086770 1.0000000
48:1-12:1    7.826140e-02 -0.2098949955  0.366417803 1.0000000
49:1-12:1    2.527709e-02 -0.2532460158  0.303800195 1.0000000
50:1-12:1   -5.644673e-02 -0.2879825186  0.175089065 1.0000000
51:1-12:1   -1.855263e-03 -0.2849347960  0.281224270 1.0000000
52:1-12:1    5.906737e-03 -0.2480096755  0.259823149 1.0000000
53:1-12:1   -3.111776e-02 -0.2873082779  0.225072752 1.0000000
54:1-12:1    2.617105e-02 -0.2082410707  0.260583176 1.0000000
55:1-12:1    3.291349e-02 -0.2087129993  0.274539973 1.0000000
56:1-12:1    1.033947e-01 -0.1281410552  0.334930529 1.0000000
57:1-12:1   -1.702485e-03 -0.2382751348  0.234870164 1.0000000
58:1-12:1    3.546349e-02 -0.1906628888  0.261589863 1.0000000
59:1-12:1    1.493012e-02 -0.2026490928  0.232509336 1.0000000
60:1-12:1    1.553908e-02 -0.1923044551  0.223382608 1.0000000
61:1-12:1    2.362608e-02 -0.1808901391  0.228142299 1.0000000
62:1-12:1    2.277726e-02 -0.1855258432  0.231080365 1.0000000
63:1-12:1    1.220866e-02 -0.2009651904  0.225382512 1.0000000
64:1-12:1    3.479474e-02 -0.1913316388  0.260921113 1.0000000
65:1-12:1    2.671746e-02 -0.2023051544  0.255740083 1.0000000
66:1-12:1    3.805944e-02 -0.2009047974  0.277023683 1.0000000
67:1-12:1    3.704089e-02 -0.1963673218  0.270449103 1.0000000
68:1-12:1   -6.656483e-03 -0.2381922747  0.224879309 1.0000000
69:1-12:1    5.193674e-02 -0.1729034733  0.276776947 1.0000000
70:1-12:1    4.711837e-02 -0.1748897955  0.269126542 1.0000000
71:1-12:1    6.509236e-02 -0.1655689315  0.295753643 1.0000000
72:1-12:1    3.091474e-02 -0.2068225473  0.268652021 1.0000000
73:1-12:1    6.137251e-02 -0.1668813658  0.289626395 1.0000000
74:1-12:1    5.465055e-02 -0.1751738076  0.284474909 1.0000000
75:1-12:1   -6.780819e-03 -0.2350346991  0.221473062 1.0000000
76:1-12:1    3.825347e-02 -0.1801055300  0.256612464 1.0000000
77:1-12:1    4.363320e-02 -0.1800132171  0.267279614 1.0000000
78:1-12:1    5.558640e-02 -0.1595871476  0.270759955 1.0000000
79:1-12:1    8.181404e-03 -0.2024516063  0.218814413 1.0000000
80:1-12:1    3.652670e-02 -0.1692347784  0.242288187 1.0000000
81:1-12:1    1.180555e-02 -0.1953252254  0.218936321 1.0000000
82:1-12:1   -6.805263e-03 -0.2146487948  0.201038268 1.0000000
83:1-12:1    5.993591e-02 -0.1642964898  0.284168316 1.0000000
84:1-12:1    7.932368e-02 -0.1550884392  0.313735808 1.0000000
85:1-12:1   -3.073135e-02 -0.2582474853  0.196784785 1.0000000
86:1-12:1    3.873849e-02 -0.1873878888  0.264864863 1.0000000
87:1-12:1    1.071631e-02 -0.2135160976  0.234948709 1.0000000
88:1-12:1    3.086226e-03 -0.2237213085  0.229893761 1.0000000
89:1-12:1    4.303351e-02 -0.1824375731  0.268504598 1.0000000
90:1-12:1    4.682232e-02 -0.1737067262  0.267351372 1.0000000
91:1-12:1   -9.449892e-04 -0.2158106052  0.213920627 1.0000000
92:1-12:1    6.025218e-02 -0.1665553511  0.287059718 1.0000000
93:1-12:1    4.911567e-02 -0.1807086913  0.278940025 1.0000000
94:1-12:1    7.303474e-02 -0.1398806477  0.285950121 1.0000000
95:1-12:1    8.368824e-02 -0.1300216823  0.297398169 1.0000000
96:1-12:1    1.001635e-01 -0.1127518977  0.313078871 1.0000000
97:1-12:1    6.702331e-02 -0.1513356887  0.285382305 1.0000000
98:1-12:1    5.578818e-02 -0.1633986806  0.274975040 1.0000000
99:1-12:1    3.812093e-02 -0.1738193063  0.250061161 1.0000000
100:1-12:1  -3.617729e-02 -0.2325461534  0.160191583 1.0000000
14:1-13:1    9.300000e-02 -0.1776758051  0.363675805 1.0000000
15:1-13:1    1.044320e-01 -0.1894191929  0.398283103 1.0000000
16:1-13:1   -9.609023e-04 -0.2948120500  0.292890246 1.0000000
17:1-13:1    3.553910e-02 -0.2286134402  0.299691636 1.0000000
18:1-13:1    9.780115e-02 -0.1438253348  0.339427637 1.0000000
19:1-13:1    4.844288e-02 -0.1905213608  0.287407119 1.0000000
20:1-13:1    4.955400e-02 -0.1779621306  0.277070140 1.0000000
21:1-13:1    1.014905e-01 -0.1233496838  0.326330736 1.0000000
22:1-13:1    3.809053e-02 -0.1867496838  0.262930736 1.0000000
23:1-13:1    6.984531e-02 -0.1887943784  0.328484996 1.0000000
24:1-13:1    9.069386e-02 -0.1539148136  0.335302533 1.0000000
25:1-13:1    1.157585e-03 -0.2773655205  0.279680691 1.0000000
26:1-13:1    6.864130e-02 -0.2316465488  0.368929140 1.0000000
27:1-13:1    7.526386e-02 -0.2128925394  0.363420259 1.0000000
28:1-13:1    1.610798e-01 -0.1392080873  0.461367601 0.9999997
29:1-13:1    1.389263e-01 -0.1317494893  0.409602121 1.0000000
30:1-13:1    8.281886e-02 -0.2248082912  0.390446011 1.0000000
31:1-13:1    2.887164e-02 -0.2455378034  0.303281078 1.0000000
32:1-13:1    9.821793e-02 -0.1516045220  0.348040389 1.0000000
33:1-13:1    5.795598e-02 -0.2033293495  0.319241311 1.0000000
34:1-13:1    5.162343e-02 -0.1914506190  0.294697478 1.0000000
35:1-13:1    8.460428e-02 -0.1984752565  0.367683809 1.0000000
36:1-13:1    3.161053e-02 -0.2223058861  0.285526939 1.0000000
37:1-13:1    6.519386e-02 -0.1794148136  0.309802533 1.0000000
38:1-13:1    3.207585e-03 -0.2357566549  0.242171825 1.0000000
39:1-13:1    6.798080e-02 -0.1674848697  0.303446463 1.0000000
40:1-13:1    8.384966e-02 -0.1436664785  0.311365792 1.0000000
41:1-13:1    8.756954e-02 -0.1316173174  0.306756403 1.0000000
42:1-13:1    8.238421e-02 -0.1520279128  0.316796334 1.0000000
43:1-13:1    7.985624e-02 -0.1578810435  0.317593525 1.0000000
44:1-13:1    9.751053e-02 -0.2027773180  0.397798371 1.0000000
45:1-13:1    9.004803e-02 -0.1930315065  0.373127559 1.0000000
46:1-13:1    3.039098e-03 -0.2908120500  0.296890246 1.0000000
47:1-13:1    1.297230e-01 -0.1533565065  0.412802559 1.0000000
48:1-13:1    1.359772e-01 -0.1521792060  0.424133592 1.0000000
49:1-13:1    8.299288e-02 -0.1955302263  0.361515985 1.0000000
50:1-13:1    1.269063e-03 -0.2302667292  0.232804855 1.0000000
51:1-13:1    5.586053e-02 -0.2272190065  0.338940059 1.0000000
52:1-13:1    6.362253e-02 -0.1902938861  0.317538939 1.0000000
53:1-13:1    2.659803e-02 -0.2295924884  0.282788541 1.0000000
54:1-13:1    8.388684e-02 -0.1505252813  0.318298965 1.0000000
55:1-13:1    9.062928e-02 -0.1509972098  0.332255762 1.0000000
56:1-13:1    1.611105e-01 -0.0704252657  0.392646318 0.9739741
57:1-13:1    5.601330e-02 -0.1805593453  0.292585954 1.0000000
58:1-13:1    9.317928e-02 -0.1329470994  0.319305652 1.0000000
59:1-13:1    7.264591e-02 -0.1449333033  0.290225125 1.0000000
60:1-13:1    7.325487e-02 -0.1345886657  0.281098398 1.0000000
61:1-13:1    8.134187e-02 -0.1231743496  0.285858089 1.0000000
62:1-13:1    8.049305e-02 -0.1278100538  0.288796155 1.0000000
63:1-13:1    6.992445e-02 -0.1432494010  0.283098302 1.0000000
64:1-13:1    9.251053e-02 -0.1336158494  0.318636902 1.0000000
65:1-13:1    8.443325e-02 -0.1445893649  0.313455872 1.0000000
66:1-13:1    9.577523e-02 -0.1431890079  0.334739472 1.0000000
67:1-13:1    9.475668e-02 -0.1386515323  0.328164893 1.0000000
68:1-13:1    5.105931e-02 -0.1804764853  0.282595099 1.0000000
69:1-13:1    1.096525e-01 -0.1151876838  0.334492736 1.0000000
70:1-13:1    1.048342e-01 -0.1171740060  0.326842331 1.0000000
71:1-13:1    1.228081e-01 -0.1078531420  0.353469433 0.9999998
72:1-13:1    8.863053e-02 -0.1491067578  0.326367810 1.0000000
73:1-13:1    1.190883e-01 -0.1091655763  0.347342184 1.0000000
74:1-13:1    1.123663e-01 -0.1174580181  0.342190699 1.0000000
75:1-13:1    5.093497e-02 -0.1773189096  0.279188851 1.0000000
76:1-13:1    9.596926e-02 -0.1223897405  0.314328253 1.0000000
77:1-13:1    1.013490e-01 -0.1222974276  0.324995403 1.0000000
78:1-13:1    1.133022e-01 -0.1018713581  0.328475744 0.9999999
79:1-13:1    6.589719e-02 -0.1447358168  0.276530203 1.0000000
80:1-13:1    9.424249e-02 -0.1115189890  0.300003976 1.0000000
81:1-13:1    6.952134e-02 -0.1376094359  0.276652110 1.0000000
82:1-13:1    5.091053e-02 -0.1569330053  0.258754058 1.0000000
83:1-13:1    1.176517e-01 -0.1065807003  0.341884106 0.9999999
84:1-13:1    1.370395e-01 -0.0973726497  0.371451597 0.9999623
85:1-13:1    2.698444e-02 -0.2005316958  0.254500575 1.0000000
86:1-13:1    9.645428e-02 -0.1296720994  0.322580652 1.0000000
87:1-13:1    6.843209e-02 -0.1558003082  0.292664498 1.0000000
88:1-13:1    6.080202e-02 -0.1660055191  0.287609550 1.0000000
89:1-13:1    1.007493e-01 -0.1247217837  0.326220387 1.0000000
90:1-13:1    1.045381e-01 -0.1159909367  0.325067162 1.0000000
91:1-13:1    5.677080e-02 -0.1580948158  0.271636416 1.0000000
92:1-13:1    1.179680e-01 -0.1088395616  0.344775508 1.0000000
93:1-13:1    1.068315e-01 -0.1229929018  0.336655815 1.0000000
94:1-13:1    1.307505e-01 -0.0821648582  0.343665911 0.9996290
95:1-13:1    1.414040e-01 -0.0723058929  0.355113958 0.9939413
96:1-13:1    1.578793e-01 -0.0550361082  0.370794661 0.8945849
97:1-13:1    1.247391e-01 -0.0936198993  0.343098095 0.9999886
98:1-13:1    1.135040e-01 -0.1056828911  0.332690829 1.0000000
99:1-13:1    9.583672e-02 -0.1161035168  0.307776950 1.0000000
100:1-13:1   2.153850e-02 -0.1748303639  0.217907372 1.0000000
15:1-14:1    1.143195e-02 -0.2824191929  0.305283103 1.0000000
16:1-14:1   -9.396090e-02 -0.3878120500  0.199890246 1.0000000
17:1-14:1   -5.746090e-02 -0.3216134402  0.206691636 1.0000000
18:1-14:1    4.801151e-03 -0.2368253348  0.246427637 1.0000000
19:1-14:1   -4.455712e-02 -0.2835213608  0.194407119 1.0000000
20:1-14:1   -4.344600e-02 -0.2709621306  0.184070140 1.0000000
21:1-14:1    8.490526e-03 -0.2163496838  0.233330736 1.0000000
22:1-14:1   -5.490947e-02 -0.2797496838  0.169930736 1.0000000
23:1-14:1   -2.315469e-02 -0.2817943784  0.235484996 1.0000000
24:1-14:1   -2.306140e-03 -0.2469148136  0.242302533 1.0000000
25:1-14:1   -9.184241e-02 -0.3703655205  0.186680691 1.0000000
26:1-14:1   -2.435870e-02 -0.3246465488  0.275929140 1.0000000
27:1-14:1   -1.773614e-02 -0.3058925394  0.270420259 1.0000000
28:1-14:1    6.807976e-02 -0.2322080873  0.368367601 1.0000000
29:1-14:1    4.592632e-02 -0.2247494893  0.316602121 1.0000000
30:1-14:1   -1.018114e-02 -0.3178082912  0.297446011 1.0000000
31:1-14:1   -6.412836e-02 -0.3385378034  0.210281078 1.0000000
32:1-14:1    5.217934e-03 -0.2446045220  0.255040389 1.0000000
33:1-14:1   -3.504402e-02 -0.2963293495  0.226241311 1.0000000
34:1-14:1   -4.137657e-02 -0.2844506190  0.201697478 1.0000000
35:1-14:1   -8.395724e-03 -0.2914752565  0.274683809 1.0000000
36:1-14:1   -6.138947e-02 -0.3153058861  0.192526939 1.0000000
37:1-14:1   -2.780614e-02 -0.2724148136  0.216802533 1.0000000
38:1-14:1   -8.979241e-02 -0.3287566549  0.149171825 1.0000000
39:1-14:1   -2.501920e-02 -0.2604848697  0.210446463 1.0000000
40:1-14:1   -9.150343e-03 -0.2366664785  0.218365792 1.0000000
41:1-14:1   -5.430457e-03 -0.2246173174  0.213756403 1.0000000
42:1-14:1   -1.061579e-02 -0.2450279128  0.223796334 1.0000000
43:1-14:1   -1.314376e-02 -0.2508810435  0.224593525 1.0000000
44:1-14:1    4.510526e-03 -0.2957773180  0.304798371 1.0000000
45:1-14:1   -2.951974e-03 -0.2860315065  0.280127559 1.0000000
46:1-14:1   -8.996090e-02 -0.3838120500  0.203890246 1.0000000
47:1-14:1    3.672303e-02 -0.2463565065  0.319802559 1.0000000
48:1-14:1    4.297719e-02 -0.2451792060  0.331133592 1.0000000
49:1-14:1   -1.000712e-02 -0.2885302263  0.268515985 1.0000000
50:1-14:1   -9.173094e-02 -0.3232667292  0.139804855 1.0000000
51:1-14:1   -3.713947e-02 -0.3202190065  0.245940059 1.0000000
52:1-14:1   -2.937747e-02 -0.2832938861  0.224538939 1.0000000
53:1-14:1   -6.640197e-02 -0.3225924884  0.189788541 1.0000000
54:1-14:1   -9.113158e-03 -0.2435252813  0.225298965 1.0000000
55:1-14:1   -2.370724e-03 -0.2439972098  0.239255762 1.0000000
56:1-14:1    6.811053e-02 -0.1634252657  0.299646318 1.0000000
57:1-14:1   -3.698670e-02 -0.2735593453  0.199585954 1.0000000
58:1-14:1    1.792763e-04 -0.2259470994  0.226305652 1.0000000
59:1-14:1   -2.035409e-02 -0.2379333033  0.197225125 1.0000000
60:1-14:1   -1.974513e-02 -0.2275886657  0.188098398 1.0000000
61:1-14:1   -1.165813e-02 -0.2161743496  0.192858089 1.0000000
62:1-14:1   -1.250695e-02 -0.2208100538  0.195796155 1.0000000
63:1-14:1   -2.307555e-02 -0.2362494010  0.190098302 1.0000000
64:1-14:1   -4.894737e-04 -0.2266158494  0.225636902 1.0000000
65:1-14:1   -8.566746e-03 -0.2375893649  0.220455872 1.0000000
66:1-14:1    2.775232e-03 -0.2361890079  0.241739472 1.0000000
67:1-14:1    1.756680e-03 -0.2316515323  0.235164893 1.0000000
68:1-14:1   -4.194069e-02 -0.2734764853  0.189595099 1.0000000
69:1-14:1    1.665253e-02 -0.2081876838  0.241492736 1.0000000
70:1-14:1    1.183416e-02 -0.2101740060  0.233842331 1.0000000
71:1-14:1    2.980815e-02 -0.2008531420  0.260469433 1.0000000
72:1-14:1   -4.369474e-03 -0.2421067578  0.233367810 1.0000000
73:1-14:1    2.608830e-02 -0.2021655763  0.254342184 1.0000000
74:1-14:1    1.936634e-02 -0.2104580181  0.249190699 1.0000000
75:1-14:1   -4.206503e-02 -0.2703189096  0.186188851 1.0000000
76:1-14:1    2.969256e-03 -0.2153897405  0.221328253 1.0000000
77:1-14:1    8.348988e-03 -0.2152974276  0.231995403 1.0000000
78:1-14:1    2.030219e-02 -0.1948713581  0.235475744 1.0000000
79:1-14:1   -2.710281e-02 -0.2377358168  0.183530203 1.0000000
80:1-14:1    1.242494e-03 -0.2045189890  0.207003976 1.0000000
81:1-14:1   -2.347866e-02 -0.2306094359  0.183652110 1.0000000
82:1-14:1   -4.208947e-02 -0.2499330053  0.165754058 1.0000000
83:1-14:1    2.465170e-02 -0.1995807003  0.248884106 1.0000000
84:1-14:1    4.403947e-02 -0.1903726497  0.278451597 1.0000000
85:1-14:1   -6.601556e-02 -0.2935316958  0.161500575 1.0000000
86:1-14:1    3.454276e-03 -0.2226720994  0.229580652 1.0000000
87:1-14:1   -2.456791e-02 -0.2488003082  0.199664498 1.0000000
88:1-14:1   -3.219798e-02 -0.2590055191  0.194609550 1.0000000
89:1-14:1    7.749302e-03 -0.2177217837  0.233220387 1.0000000
90:1-14:1    1.153811e-02 -0.2089909367  0.232067162 1.0000000
91:1-14:1   -3.622920e-02 -0.2510948158  0.178636416 1.0000000
92:1-14:1    2.496797e-02 -0.2018395616  0.251775508 1.0000000
93:1-14:1    1.383146e-02 -0.2159929018  0.243655815 1.0000000
94:1-14:1    3.775053e-02 -0.1751648582  0.250665911 1.0000000
95:1-14:1    4.840403e-02 -0.1653058929  0.262113958 1.0000000
96:1-14:1    6.487928e-02 -0.1480361082  0.277794661 1.0000000
97:1-14:1    3.173910e-02 -0.1866198993  0.250098095 1.0000000
98:1-14:1    2.050397e-02 -0.1986828911  0.239690829 1.0000000
99:1-14:1    2.836717e-03 -0.2091035168  0.214776950 1.0000000
100:1-14:1  -7.146150e-02 -0.2678303639  0.124907372 1.0000000
16:1-15:1   -1.053929e-01 -0.4207206274  0.209934913 1.0000000
17:1-15:1   -6.889286e-02 -0.3567464117  0.218960697 1.0000000
18:1-15:1   -6.630804e-03 -0.2739629274  0.260701320 1.0000000
19:1-15:1   -5.598908e-02 -0.3209173936  0.208939242 1.0000000
20:1-15:1   -5.487795e-02 -0.3095280974  0.199772197 1.0000000
21:1-15:1   -2.941429e-03 -0.2552036447  0.249320788 1.0000000
22:1-15:1   -6.634143e-02 -0.3186036447  0.185920788 1.0000000
23:1-15:1   -3.458665e-02 -0.3173897461  0.248216454 1.0000000
24:1-15:1   -1.373810e-02 -0.2837686650  0.256292475 1.0000000
25:1-15:1   -1.032744e-01 -0.4043694145  0.197820675 1.0000000
26:1-15:1   -3.579066e-02 -0.3571252125  0.285543894 1.0000000
27:1-15:1   -2.916810e-02 -0.3391958616  0.280859671 1.0000000
28:1-15:1    5.664780e-02 -0.2646867510  0.377982355 1.0000000
29:1-15:1    3.449436e-02 -0.2593567869  0.328345509 1.0000000
30:1-15:1   -2.161310e-02 -0.3498166442  0.306590454 1.0000000
31:1-15:1   -7.556032e-02 -0.3728541903  0.221733555 1.0000000
32:1-15:1   -6.214021e-03 -0.2809764003  0.268548358 1.0000000
33:1-15:1   -4.647597e-02 -0.3317006740  0.238748726 1.0000000
34:1-15:1   -5.280853e-02 -0.3214497335  0.215832683 1.0000000
35:1-15:1   -1.982768e-02 -0.3251424792  0.285487122 1.0000000
36:1-15:1   -7.282143e-02 -0.3513113747  0.205668518 1.0000000
37:1-15:1   -3.923810e-02 -0.3092686650  0.230792475 1.0000000
38:1-15:1   -1.012244e-01 -0.3661526877  0.163703948 1.0000000
39:1-15:1   -3.645116e-02 -0.2982281352  0.225325819 1.0000000
40:1-15:1   -2.058230e-02 -0.2752324452  0.234067849 1.0000000
41:1-15:1   -1.686241e-02 -0.2640991110  0.230374287 1.0000000
42:1-15:1   -2.204774e-02 -0.2828774766  0.238781988 1.0000000
43:1-15:1   -2.457571e-02 -0.2883978549  0.239246426 1.0000000
44:1-15:1   -6.921429e-03 -0.3282559818  0.314413125 1.0000000
45:1-15:1   -1.438393e-02 -0.3196987292  0.290930872 1.0000000
46:1-15:1   -1.013929e-01 -0.4167206274  0.213934913 1.0000000
47:1-15:1    2.529107e-02 -0.2800237292  0.330605872 1.0000000
48:1-15:1    3.154524e-02 -0.2784825283  0.341573004 1.0000000
49:1-15:1   -2.143908e-02 -0.3225341204  0.279655969 1.0000000
50:1-15:1   -1.031629e-01 -0.3614106967  0.155084913 1.0000000
51:1-15:1   -4.857143e-02 -0.3538862292  0.256743372 1.0000000
52:1-15:1   -4.080943e-02 -0.3192993747  0.237680518 1.0000000
53:1-15:1   -7.783393e-02 -0.3583988684  0.202731011 1.0000000
54:1-15:1   -2.054511e-02 -0.2813748450  0.240284619 1.0000000
55:1-15:1   -1.380268e-02 -0.2811348024  0.253529445 1.0000000
56:1-15:1    5.667857e-02 -0.2015692332  0.314926376 1.0000000
57:1-15:1   -4.841865e-02 -0.3111917926  0.214354491 1.0000000
58:1-15:1   -1.125268e-02 -0.2646619195  0.242156562 1.0000000
59:1-15:1   -3.178604e-02 -0.2775986150  0.214026527 1.0000000
60:1-15:1   -3.117709e-02 -0.2684154485  0.206061271 1.0000000
61:1-15:1   -2.309009e-02 -0.2574188917  0.211238721 1.0000000
62:1-15:1   -2.393890e-02 -0.2615799969  0.213702188 1.0000000
63:1-15:1   -3.450750e-02 -0.2764293855  0.207414376 1.0000000
64:1-15:1   -1.192143e-02 -0.2653306695  0.241487812 1.0000000
65:1-15:1   -1.999870e-02 -0.2759957040  0.235998301 1.0000000
66:1-15:1   -8.656723e-03 -0.2735850406  0.256271595 1.0000000
67:1-15:1   -9.675275e-03 -0.2696031479  0.250252598 1.0000000
68:1-15:1   -5.337265e-02 -0.3116204528  0.204875157 1.0000000
69:1-15:1    5.220571e-03 -0.2470416447  0.257482788 1.0000000
70:1-15:1    4.022078e-04 -0.2493391236  0.250143539 1.0000000
71:1-15:1    1.837619e-02 -0.2390878558  0.275840237 1.0000000
72:1-15:1   -1.580143e-02 -0.2796235692  0.248020712 1.0000000
73:1-15:1    1.465635e-02 -0.2406531483  0.269965847 1.0000000
74:1-15:1    7.934385e-03 -0.2487801279  0.264648899 1.0000000
75:1-15:1   -5.349698e-02 -0.3088064817  0.201812513 1.0000000
76:1-15:1   -8.462698e-03 -0.2549657556  0.238040359 1.0000000
77:1-15:1   -3.082967e-03 -0.2542817425  0.248115808 1.0000000
78:1-15:1    8.870238e-03 -0.2348155487  0.252556025 1.0000000
79:1-15:1   -3.853476e-02 -0.2782207449  0.201151221 1.0000000
80:1-15:1   -1.018946e-02 -0.2456058866  0.225226964 1.0000000
81:1-15:1   -3.491062e-02 -0.2715247821  0.201703547 1.0000000
82:1-15:1   -5.352143e-02 -0.2907597881  0.183716931 1.0000000
83:1-15:1    1.321975e-02 -0.2385008834  0.264940379 1.0000000
84:1-15:1    3.260752e-02 -0.2282222134  0.293437251 1.0000000
85:1-15:1   -7.744752e-02 -0.3320976626  0.177202632 1.0000000
86:1-15:1   -7.977679e-03 -0.2613869195  0.245431562 1.0000000
87:1-15:1   -3.599986e-02 -0.2877204912  0.215720771 1.0000000
88:1-15:1   -4.362994e-02 -0.2976471895  0.210387311 1.0000000
89:1-15:1   -3.682653e-03 -0.2565073275  0.249142021 1.0000000
90:1-15:1    1.061576e-04 -0.2483212305  0.248533546 1.0000000
91:1-15:1   -4.766115e-02 -0.2910750790  0.195752770 1.0000000
92:1-15:1    1.353602e-02 -0.2404812320  0.267553269 1.0000000
93:1-15:1    2.399502e-03 -0.2543150116  0.259114015 1.0000000
94:1-15:1    2.631857e-02 -0.2153755877  0.268012731 1.0000000
95:1-15:1    3.697208e-02 -0.2054223072  0.279366463 1.0000000
96:1-15:1    5.344732e-02 -0.1882468377  0.295141481 1.0000000
97:1-15:1    2.030714e-02 -0.2261959143  0.266810200 1.0000000
98:1-15:1    9.072014e-03 -0.2381646848  0.256308713 1.0000000
99:1-15:1   -8.595238e-03 -0.2494308007  0.232240325 1.0000000
100:1-15:1  -8.289345e-02 -0.3101462570  0.144359356 1.0000000
17:1-16:1    3.650000e-02 -0.2513535546  0.324353555 1.0000000
18:1-16:1    9.876205e-02 -0.1685700702  0.366094177 1.0000000
19:1-16:1    4.940378e-02 -0.2155245364  0.314332099 1.0000000
20:1-16:1    5.051491e-02 -0.2041352402  0.305165054 1.0000000
21:1-16:1    1.024514e-01 -0.1498107876  0.354713645 1.0000000
22:1-16:1    3.905143e-02 -0.2132107876  0.291313645 1.0000000
23:1-16:1    7.080621e-02 -0.2119968890  0.353609311 1.0000000
24:1-16:1    9.165476e-02 -0.1783758079  0.361685332 1.0000000
25:1-16:1    2.118487e-03 -0.2989765573  0.303213532 1.0000000
26:1-16:1    6.960220e-02 -0.2517323554  0.390936751 1.0000000
27:1-16:1    7.622476e-02 -0.2338030045  0.386252528 1.0000000
28:1-16:1    1.620407e-01 -0.1592938939  0.483375213 1.0000000
29:1-16:1    1.398872e-01 -0.1539639297  0.433738366 1.0000000
30:1-16:1    8.377976e-02 -0.2444237871  0.411983311 1.0000000
31:1-16:1    2.983254e-02 -0.2674613331  0.327126413 1.0000000
32:1-16:1    9.917884e-02 -0.1755835432  0.373941215 1.0000000
33:1-16:1    5.891688e-02 -0.2263078168  0.344141583 1.0000000
34:1-16:1    5.258433e-02 -0.2160568763  0.321225540 1.0000000
35:1-16:1    8.556518e-02 -0.2197496221  0.390879979 1.0000000
36:1-16:1    3.257143e-02 -0.2459185175  0.311061375 1.0000000
37:1-16:1    6.615476e-02 -0.2038758079  0.336185332 1.0000000
38:1-16:1    4.168487e-03 -0.2607598306  0.269096805 1.0000000
39:1-16:1    6.894170e-02 -0.1928352780  0.330718676 1.0000000
40:1-16:1    8.481056e-02 -0.1698395880  0.339460706 1.0000000
41:1-16:1    8.853044e-02 -0.1587062539  0.335767144 1.0000000
42:1-16:1    8.334511e-02 -0.1774846194  0.344174845 1.0000000
43:1-16:1    8.081714e-02 -0.1830049977  0.344639283 1.0000000
44:1-16:1    9.847143e-02 -0.2228631246  0.419805982 1.0000000
45:1-16:1    9.100893e-02 -0.2143058721  0.396323729 1.0000000
46:1-16:1    4.000000e-03 -0.3113277702  0.319327770 1.0000000
47:1-16:1    1.306839e-01 -0.1746308721  0.435998729 1.0000000
48:1-16:1    1.369381e-01 -0.1730896711  0.446965862 1.0000000
49:1-16:1    8.395378e-02 -0.2171412632  0.385048826 1.0000000
50:1-16:1    2.229965e-03 -0.2560178395  0.260477770 1.0000000
51:1-16:1    5.682143e-02 -0.2484933721  0.362136229 1.0000000
52:1-16:1    6.458343e-02 -0.2139065175  0.343073375 1.0000000
53:1-16:1    2.755893e-02 -0.2530060112  0.308123868 1.0000000
54:1-16:1    8.484774e-02 -0.1759819878  0.345677477 1.0000000
55:1-16:1    9.159018e-02 -0.1757419452  0.358922302 1.0000000
56:1-16:1    1.620714e-01 -0.0961763761  0.420319233 0.9990920
57:1-16:1    5.697421e-02 -0.2057989355  0.319747348 1.0000000
58:1-16:1    9.414018e-02 -0.1592690624  0.347549420 1.0000000
59:1-16:1    7.360681e-02 -0.1722057579  0.319419384 1.0000000
60:1-16:1    7.421577e-02 -0.1630225914  0.311454128 1.0000000
61:1-16:1    8.230277e-02 -0.1520260346  0.316631578 1.0000000
62:1-16:1    8.145395e-02 -0.1561871398  0.319095045 1.0000000
63:1-16:1    7.088535e-02 -0.1710365284  0.312807234 1.0000000
64:1-16:1    9.347143e-02 -0.1599378124  0.346880670 1.0000000
65:1-16:1    8.539416e-02 -0.1706028469  0.341391159 1.0000000
66:1-16:1    9.673613e-02 -0.1681921835  0.361664452 1.0000000
67:1-16:1    9.571758e-02 -0.1642102908  0.355645456 1.0000000
68:1-16:1    5.202021e-02 -0.2062275956  0.310268014 1.0000000
69:1-16:1    1.106134e-01 -0.1416487876  0.362875645 1.0000000
70:1-16:1    1.057951e-01 -0.1439462664  0.355536396 1.0000000
71:1-16:1    1.237690e-01 -0.1336949986  0.381233094 1.0000000
72:1-16:1    8.959143e-02 -0.1742307120  0.353413569 1.0000000
73:1-16:1    1.200492e-01 -0.1352602912  0.375358704 1.0000000
74:1-16:1    1.133272e-01 -0.1433872707  0.370041756 1.0000000
75:1-16:1    5.189587e-02 -0.2034136245  0.307205371 1.0000000
76:1-16:1    9.693016e-02 -0.1495728984  0.343433216 1.0000000
77:1-16:1    1.023099e-01 -0.1488888853  0.353508666 1.0000000
78:1-16:1    1.142631e-01 -0.1294226916  0.357948882 1.0000000
79:1-16:1    6.685810e-02 -0.1728278877  0.306544078 1.0000000
80:1-16:1    9.520340e-02 -0.1402130295  0.330619821 1.0000000
81:1-16:1    7.048224e-02 -0.1661319250  0.307096404 1.0000000
82:1-16:1    5.187143e-02 -0.1853669310  0.289109788 1.0000000
83:1-16:1    1.186126e-01 -0.1331080262  0.370333236 1.0000000
84:1-16:1    1.380004e-01 -0.1228293563  0.398830108 0.9999999
85:1-16:1    2.794534e-02 -0.2267048054  0.282595489 1.0000000
86:1-16:1    9.741518e-02 -0.1559940624  0.350824420 1.0000000
87:1-16:1    6.939300e-02 -0.1823276341  0.321113628 1.0000000
88:1-16:1    6.176292e-02 -0.1922543323  0.315780168 1.0000000
89:1-16:1    1.017102e-01 -0.1511144704  0.354534879 1.0000000
90:1-16:1    1.054990e-01 -0.1429283734  0.353926403 1.0000000
91:1-16:1    5.773170e-02 -0.1856822218  0.301145627 1.0000000
92:1-16:1    1.189289e-01 -0.1350883749  0.372946126 1.0000000
93:1-16:1    1.077924e-01 -0.1489221544  0.364506872 1.0000000
94:1-16:1    1.317114e-01 -0.1099827306  0.373405588 0.9999992
95:1-16:1    1.423649e-01 -0.1000294501  0.384759320 0.9999525
96:1-16:1    1.588402e-01 -0.0828539806  0.400534338 0.9951455
97:1-16:1    1.257000e-01 -0.1208030572  0.372203057 1.0000000
98:1-16:1    1.144649e-01 -0.1327718276  0.361701570 1.0000000
99:1-16:1    9.679762e-02 -0.1440379436  0.337633182 1.0000000
100:1-16:1   2.249941e-02 -0.2047533998  0.249752213 1.0000000
18:1-17:1    6.226205e-02 -0.1720337651  0.296557872 1.0000000
19:1-17:1    1.290378e-02 -0.2186455218  0.244453085 1.0000000
20:1-17:1    1.401491e-02 -0.2057002807  0.233730094 1.0000000
21:1-17:1    6.595143e-02 -0.1509916329  0.282894490 1.0000000
22:1-17:1    2.551429e-03 -0.2143916329  0.219494490 1.0000000
23:1-17:1    3.430621e-02 -0.2174985935  0.286111016 1.0000000
24:1-17:1    5.515476e-02 -0.1822153602  0.292524884 1.0000000
25:1-17:1   -3.438151e-02 -0.3065694848  0.237806460 1.0000000
26:1-17:1    3.310220e-02 -0.2613192031  0.327523599 1.0000000
27:1-17:1    3.972476e-02 -0.2423129699  0.321762494 1.0000000
28:1-17:1    1.255407e-01 -0.1688807416  0.419962060 1.0000000
29:1-17:1    1.033872e-01 -0.1607653199  0.367539756 1.0000000
30:1-17:1    4.727976e-02 -0.2546235931  0.349183117 1.0000000
31:1-17:1   -6.667460e-03 -0.2746445359  0.261309615 1.0000000
32:1-17:1    6.267884e-02 -0.1800605947  0.305418267 1.0000000
33:1-17:1    2.241688e-02 -0.2321046203  0.276938386 1.0000000
34:1-17:1    1.608433e-02 -0.2197040584  0.251872722 1.0000000
35:1-17:1    4.906518e-02 -0.2277835052  0.325913862 1.0000000
36:1-17:1   -3.928571e-03 -0.2508794093  0.243022266 1.0000000
37:1-17:1    2.965476e-02 -0.2077153602  0.267024884 1.0000000
38:1-17:1   -3.233151e-02 -0.2638808159  0.199217791 1.0000000
39:1-17:1    3.244170e-02 -0.1954952482  0.260378646 1.0000000
40:1-17:1    4.831056e-02 -0.1714046285  0.268025747 1.0000000
41:1-17:1    5.203044e-02 -0.1590478615  0.263108751 1.0000000
42:1-17:1    4.684511e-02 -0.1800033287  0.273693554 1.0000000
43:1-17:1    4.431714e-02 -0.1859657008  0.274599987 1.0000000
44:1-17:1    6.197143e-02 -0.2324499723  0.356392829 1.0000000
45:1-17:1    5.450893e-02 -0.2223397552  0.331357612 1.0000000
46:1-17:1   -3.250000e-02 -0.3203535546  0.255353555 1.0000000
47:1-17:1    9.418393e-02 -0.1826647552  0.371032612 1.0000000
48:1-17:1    1.004381e-01 -0.1815996365  0.382475827 1.0000000
49:1-17:1    4.745378e-02 -0.2247341906  0.319641754 1.0000000
50:1-17:1   -3.427003e-02 -0.2581449884  0.189604919 1.0000000
51:1-17:1    2.032143e-02 -0.2565272552  0.297170112 1.0000000
52:1-17:1    2.808343e-02 -0.2188674093  0.275034266 1.0000000
53:1-17:1   -8.941071e-03 -0.2582295623  0.240347419 1.0000000
54:1-17:1    4.834774e-02 -0.1785006972  0.275196186 1.0000000
55:1-17:1    5.509018e-02 -0.1792056401  0.289385997 1.0000000
56:1-17:1    1.255714e-01 -0.0983035250  0.349446382 0.9999959
57:1-17:1    2.047421e-02 -0.2086061077  0.249554520 1.0000000
58:1-17:1    5.764018e-02 -0.1606355865  0.275915944 1.0000000
59:1-17:1    3.710681e-02 -0.1723016067  0.246515233 1.0000000
60:1-17:1    3.771577e-02 -0.1615581776  0.236989714 1.0000000
61:1-17:1    4.580277e-02 -0.1499982898  0.241603834 1.0000000
62:1-17:1    4.495395e-02 -0.1547992827  0.244707188 1.0000000
63:1-17:1    3.438535e-02 -0.1704420448  0.239212750 1.0000000
64:1-17:1    5.697143e-02 -0.1613043365  0.275247194 1.0000000
65:1-17:1    4.889416e-02 -0.1723806317  0.270168943 1.0000000
66:1-17:1    6.023613e-02 -0.1713131689  0.291785438 1.0000000
67:1-17:1    5.921758e-02 -0.1665933240  0.285028489 1.0000000
68:1-17:1    1.552021e-02 -0.2083547445  0.239395163 1.0000000
69:1-17:1    7.411343e-02 -0.1428296329  0.291056490 1.0000000
70:1-17:1    6.929506e-02 -0.1447114742  0.283301604 1.0000000
71:1-17:1    8.726905e-02 -0.1357013570  0.310239452 1.0000000
72:1-17:1    5.309143e-02 -0.1771914151  0.283374272 1.0000000
73:1-17:1    8.354921e-02 -0.1369298306  0.304028243 1.0000000
74:1-17:1    7.682724e-02 -0.1452772543  0.298931739 1.0000000
75:1-17:1    1.539587e-02 -0.2050831640  0.235874910 1.0000000
76:1-17:1    6.043016e-02 -0.1497883547  0.270648672 1.0000000
77:1-17:1    6.580989e-02 -0.1498956754  0.281515456 1.0000000
78:1-17:1    7.776310e-02 -0.1291446836  0.284670874 1.0000000
79:1-17:1    3.035810e-02 -0.1718235969  0.232539787 1.0000000
80:1-17:1    5.870340e-02 -0.1383979982  0.255804790 1.0000000
81:1-17:1    3.398224e-02 -0.1645481839  0.232512663 1.0000000
82:1-17:1    1.537143e-02 -0.1839025172  0.214645374 1.0000000
83:1-17:1    8.211261e-02 -0.1342004608  0.298425671 1.0000000
84:1-17:1    1.015004e-01 -0.1253480656  0.328348817 1.0000000
85:1-17:1   -8.554658e-03 -0.2282698459  0.211160529 1.0000000
86:1-17:1    6.091518e-02 -0.1573605865  0.279190944 1.0000000
87:1-17:1    3.289300e-02 -0.1834200686  0.249206063 1.0000000
88:1-17:1    2.526292e-02 -0.1937184275  0.244244263 1.0000000
89:1-17:1    6.521020e-02 -0.1523866301  0.282807038 1.0000000
90:1-17:1    6.899901e-02 -0.1434727090  0.281470739 1.0000000
91:1-17:1    2.123170e-02 -0.1853558208  0.227819226 1.0000000
92:1-17:1    8.242888e-02 -0.1365524701  0.301410221 1.0000000
93:1-17:1    7.129236e-02 -0.1508121381  0.293396856 1.0000000
94:1-17:1    9.521143e-02 -0.1093469562  0.299769813 1.0000000
95:1-17:1    1.058649e-01 -0.0995203228  0.311250193 1.0000000
96:1-17:1    1.223402e-01 -0.0822182062  0.326898563 0.9998864
97:1-17:1    8.920000e-02 -0.1210185135  0.299418513 1.0000000
98:1-17:1    7.796487e-02 -0.1331134353  0.289043178 1.0000000
99:1-17:1    6.029762e-02 -0.1432455814  0.263840819 1.0000000
100:1-17:1  -1.400059e-02 -0.2012755363  0.173274349 1.0000000
19:1-18:1   -4.935827e-02 -0.2548378949  0.156121351 1.0000000
20:1-18:1   -4.824715e-02 -0.2402928682  0.143798575 1.0000000
21:1-18:1    3.689375e-03 -0.1851785351  0.192557285 1.0000000
22:1-18:1   -5.971062e-02 -0.2485785351  0.129157285 1.0000000
23:1-18:1   -2.795584e-02 -0.2560182356  0.200106551 1.0000000
24:1-18:1   -7.107292e-03 -0.2191246739  0.204910091 1.0000000
25:1-18:1   -9.664357e-02 -0.3470294438  0.153742311 1.0000000
26:1-18:1   -2.915986e-02 -0.3035514679  0.245231756 1.0000000
27:1-18:1   -2.253729e-02 -0.2835968206  0.238522237 1.0000000
28:1-18:1    6.327861e-02 -0.2111130064  0.337670218 1.0000000
29:1-18:1    4.112516e-02 -0.2005013217  0.282751651 1.0000000
30:1-18:1   -1.498229e-02 -0.2973870213  0.267422438 1.0000000
31:1-18:1   -6.892951e-02 -0.3147312807  0.176872253 1.0000000
32:1-18:1    4.167824e-04 -0.2175952052  0.218428770 1.0000000
33:1-18:1   -3.984517e-02 -0.2709035856  0.191213245 1.0000000
34:1-18:1   -4.617772e-02 -0.2564227228  0.164067279 1.0000000
35:1-18:1   -1.319687e-02 -0.2686415642  0.242247814 1.0000000
36:1-18:1   -6.619062e-02 -0.2888821422  0.156500892 1.0000000
37:1-18:1   -3.260729e-02 -0.2446246739  0.179410091 1.0000000
38:1-18:1   -9.459357e-02 -0.3000731890  0.110886057 1.0000000
39:1-18:1   -2.982035e-02 -0.2312205716  0.171579862 1.0000000
40:1-18:1   -1.395149e-02 -0.2059972161  0.178094227 1.0000000
41:1-18:1   -1.023161e-02 -0.1923328085  0.171869591 1.0000000
42:1-18:1   -1.541694e-02 -0.2155843980  0.184750516 1.0000000
43:1-18:1   -1.794491e-02 -0.2219963347  0.186106513 1.0000000
44:1-18:1   -2.906250e-04 -0.2746822372  0.274100987 1.0000000
45:1-18:1   -7.753125e-03 -0.2631978142  0.247691564 1.0000000
46:1-18:1   -9.476205e-02 -0.3620941774  0.172570070 1.0000000
47:1-18:1    3.192188e-02 -0.2235228142  0.287366564 1.0000000
48:1-18:1    3.817604e-02 -0.2228834873  0.299235571 1.0000000
49:1-18:1   -1.480827e-02 -0.2651941497  0.235577606 1.0000000
50:1-18:1   -9.653209e-02 -0.2933233239  0.100259147 1.0000000
51:1-18:1   -4.194062e-02 -0.2973853142  0.213504064 1.0000000
52:1-18:1   -3.417862e-02 -0.2568701422  0.188512892 1.0000000
53:1-18:1   -7.120312e-02 -0.2964841655  0.154077915 1.0000000
54:1-18:1   -1.391431e-02 -0.2140817665  0.186253148 1.0000000
55:1-18:1   -7.171875e-03 -0.2157415904  0.201397840 1.0000000
56:1-18:1    6.330938e-02 -0.1334818605  0.260100611 1.0000000
57:1-18:1   -4.178785e-02 -0.2444811767  0.160905482 1.0000000
58:1-18:1   -4.621875e-03 -0.1950191049  0.185775355 1.0000000
59:1-18:1   -2.515524e-02 -0.2053181717  0.155007691 1.0000000
60:1-18:1   -2.454629e-02 -0.1928225493  0.143729979 1.0000000
61:1-18:1   -1.645928e-02 -0.1806081510  0.147689588 1.0000000
62:1-18:1   -1.730810e-02 -0.1861516693  0.151535468 1.0000000
63:1-18:1   -2.787670e-02 -0.2026939148  0.146940513 1.0000000
64:1-18:1   -5.290625e-03 -0.1956878549  0.185106605 1.0000000
65:1-18:1   -1.336790e-02 -0.2071959843  0.180460189 1.0000000
66:1-18:1   -2.025919e-03 -0.2075055419  0.203453704 1.0000000
67:1-18:1   -3.044471e-03 -0.2020353277  0.195946385 1.0000000
68:1-18:1   -4.674184e-02 -0.2435330800  0.150049391 1.0000000
69:1-18:1    1.185138e-02 -0.1770165351  0.200719285 1.0000000
70:1-18:1    7.033011e-03 -0.1784544392  0.192520462 1.0000000
71:1-18:1    2.500699e-02 -0.1707545876  0.220768576 1.0000000
72:1-18:1   -9.170625e-03 -0.2132220490  0.194880799 1.0000000
73:1-18:1    2.128715e-02 -0.1716320046  0.214206310 1.0000000
74:1-18:1    1.456519e-02 -0.1802095606  0.209339938 1.0000000
75:1-18:1   -4.686618e-02 -0.2397853379  0.146052977 1.0000000
76:1-18:1   -1.831895e-03 -0.1829357847  0.179271995 1.0000000
77:1-18:1    3.547837e-03 -0.1838973195  0.190992993 1.0000000
78:1-18:1    1.550104e-02 -0.1617491331  0.192751216 1.0000000
79:1-18:1   -3.190396e-02 -0.2036136907  0.139805774 1.0000000
80:1-18:1   -3.558658e-03 -0.1692564400  0.162139124 1.0000000
81:1-18:1   -2.827981e-02 -0.1956749292  0.139115301 1.0000000
82:1-18:1   -4.689062e-02 -0.2151668889  0.121385639 1.0000000
83:1-18:1    1.985055e-02 -0.1682933774  0.207994480 1.0000000
84:1-18:1    3.923832e-02 -0.1609291349  0.239405780 1.0000000
85:1-18:1   -7.081671e-02 -0.2628624334  0.121229010 1.0000000
86:1-18:1   -1.346875e-03 -0.1917441049  0.189050355 1.0000000
87:1-18:1   -2.936906e-02 -0.2175129852  0.158774872 1.0000000
88:1-18:1   -3.699914e-02 -0.2282048499  0.154206579 1.0000000
89:1-18:1    2.948151e-03 -0.1866703553  0.192566656 1.0000000
90:1-18:1    6.736961e-03 -0.1769775699  0.190451492 1.0000000
91:1-18:1   -4.103035e-02 -0.2179065799  0.135845878 1.0000000
92:1-18:1    2.016682e-02 -0.1710388925  0.211372536 1.0000000
93:1-18:1    9.030305e-03 -0.1857444443  0.203805055 1.0000000
94:1-18:1    3.294938e-02 -0.1415525686  0.207451319 1.0000000
95:1-18:1    4.360288e-02 -0.1318676280  0.219073391 1.0000000
96:1-18:1    6.007813e-02 -0.1144238186  0.234580069 1.0000000
97:1-18:1    2.693795e-02 -0.1541659435  0.208041836 1.0000000
98:1-18:1    1.570282e-02 -0.1663983823  0.197804018 1.0000000
99:1-18:1   -1.964435e-03 -0.1752752246  0.171346356 1.0000000
100:1-18:1  -7.626265e-02 -0.2301414946  0.077616200 1.0000000
20:1-19:1    1.111125e-03 -0.1875740844  0.189796335 1.0000000
21:1-19:1    5.304765e-02 -0.1324021755  0.238497470 1.0000000
22:1-19:1   -1.035235e-02 -0.1958021755  0.175097470 1.0000000
23:1-19:1    2.140243e-02 -0.2038374523  0.246642312 1.0000000
24:1-19:1    4.225098e-02 -0.1667272950  0.251229256 1.0000000
25:1-19:1   -4.728529e-02 -0.2951030436  0.200532455 1.0000000
26:1-19:1    2.019842e-02 -0.2518517740  0.292248607 1.0000000
27:1-19:1    2.682098e-02 -0.2317764421  0.285418403 1.0000000
28:1-19:1    1.126369e-01 -0.1594133125  0.384687068 1.0000000
29:1-19:1    9.048344e-02 -0.1484808035  0.329447677 1.0000000
30:1-19:1    3.437598e-02 -0.2457543117  0.314506272 1.0000000
31:1-19:1   -1.957124e-02 -0.2627564753  0.223613992 1.0000000
32:1-19:1    4.977505e-02 -0.1652825564  0.264832665 1.0000000
33:1-19:1    9.513102e-03 -0.2187598500  0.237786053 1.0000000
34:1-19:1    3.180550e-03 -0.2039993466  0.210360447 1.0000000
35:1-19:1    3.616140e-02 -0.2167665343  0.289089328 1.0000000
36:1-19:1   -1.683235e-02 -0.2366324009  0.202967695 1.0000000
37:1-19:1    1.675098e-02 -0.1922272950  0.225729256 1.0000000
38:1-19:1   -4.523529e-02 -0.2475776392  0.157107051 1.0000000
39:1-19:1    1.953792e-02 -0.1786604596  0.217736294 1.0000000
40:1-19:1    3.540678e-02 -0.1532784322  0.224091987 1.0000000
41:1-19:1    3.912666e-02 -0.1394269594  0.217680286 1.0000000
42:1-19:1    3.394133e-02 -0.1630042454  0.230886908 1.0000000
43:1-19:1    3.141336e-02 -0.1694784823  0.232305205 1.0000000
44:1-19:1    4.906765e-02 -0.2229825433  0.321117837 1.0000000
45:1-19:1    4.160515e-02 -0.2113227843  0.294533078 1.0000000
46:1-19:1   -4.540378e-02 -0.3103320995  0.219524536 1.0000000
47:1-19:1    8.128015e-02 -0.1716477843  0.334208078 1.0000000
48:1-19:1    8.753431e-02 -0.1710631087  0.346131736 1.0000000
49:1-19:1    3.455000e-02 -0.2132677495  0.282367749 1.0000000
50:1-19:1   -4.717382e-02 -0.2406869673  0.146339335 1.0000000
51:1-19:1    7.417647e-03 -0.2455102843  0.260345578 1.0000000
52:1-19:1    1.517965e-02 -0.2046204009  0.234979695 1.0000000
53:1-19:1   -2.184485e-02 -0.2442680901  0.200578384 1.0000000
54:1-19:1    3.544396e-02 -0.1615016138  0.232389540 1.0000000
55:1-19:1    4.218640e-02 -0.1632932258  0.247666020 1.0000000
56:1-19:1    1.126676e-01 -0.0808455039  0.306180798 0.9999693
57:1-19:1    7.570425e-03 -0.1919418180  0.207082668 1.0000000
58:1-19:1    4.473640e-02 -0.1422707001  0.231743494 1.0000000
59:1-19:1    2.420303e-02 -0.1523733854  0.200779449 1.0000000
60:1-19:1    2.481199e-02 -0.1396186985  0.189242672 1.0000000
61:1-19:1    3.289899e-02 -0.1273052559  0.193103237 1.0000000
62:1-19:1    3.205017e-02 -0.1329610400  0.197061383 1.0000000
63:1-19:1    2.148157e-02 -0.1496371230  0.192600265 1.0000000
64:1-19:1    4.406765e-02 -0.1429394501  0.231074744 1.0000000
65:1-19:1    3.599037e-02 -0.1545086450  0.226489394 1.0000000
66:1-19:1    4.733235e-02 -0.1550099922  0.249674698 1.0000000
67:1-19:1    4.631380e-02 -0.1494358102  0.242063412 1.0000000
68:1-19:1    2.616428e-03 -0.1908967234  0.196129579 1.0000000
69:1-19:1    6.120965e-02 -0.1242401755  0.246659470 1.0000000
70:1-19:1    5.639128e-02 -0.1256146054  0.238397172 1.0000000
71:1-19:1    7.436527e-02 -0.1181006948  0.266831227 1.0000000
72:1-19:1    4.018765e-02 -0.1607041966  0.241079491 1.0000000
73:1-19:1    7.064542e-02 -0.1189287045  0.260219554 1.0000000
74:1-19:1    6.392346e-02 -0.1275386822  0.255385604 1.0000000
75:1-19:1    2.492092e-03 -0.1870820378  0.192066221 1.0000000
76:1-19:1    4.752638e-02 -0.1300100083  0.225062763 1.0000000
77:1-19:1    5.290611e-02 -0.1310945320  0.236906749 1.0000000
78:1-19:1    6.485931e-02 -0.1087441819  0.238462809 1.0000000
79:1-19:1    1.745431e-02 -0.1504884784  0.185397106 1.0000000
80:1-19:1    4.579961e-02 -0.1159913134  0.207590542 1.0000000
81:1-19:1    2.107846e-02 -0.1424503584  0.184607274 1.0000000
82:1-19:1    2.467647e-03 -0.1619630381  0.166898332 1.0000000
83:1-19:1    6.920882e-02 -0.1155036211  0.253921268 1.0000000
84:1-19:1    8.859659e-02 -0.1083489823  0.285542171 1.0000000
85:1-19:1   -2.145844e-02 -0.2101436496  0.167226770 1.0000000
86:1-19:1    4.801140e-02 -0.1389957001  0.235018494 1.0000000
87:1-19:1    1.998922e-02 -0.1647232289  0.204701660 1.0000000
88:1-19:1    1.235914e-02 -0.1754710380  0.200189311 1.0000000
89:1-19:1    5.230642e-02 -0.1339077739  0.238520619 1.0000000
90:1-19:1    5.609523e-02 -0.1241034852  0.236293952 1.0000000
91:1-19:1    8.327921e-03 -0.1648937565  0.181549599 1.0000000
92:1-19:1    6.952509e-02 -0.1183050805  0.257355268 1.0000000
93:1-19:1    5.838858e-02 -0.1330735659  0.249850721 1.0000000
94:1-19:1    8.230765e-02 -0.0884889499  0.253104244 1.0000000
95:1-19:1    9.296115e-02 -0.0788249021  0.264747209 0.9999995
96:1-19:1    1.094364e-01 -0.0613601999  0.280232994 0.9979965
97:1-19:1    7.629622e-02 -0.1012401670  0.253832604 1.0000000
98:1-19:1    6.506109e-02 -0.1134925332  0.243614713 1.0000000
99:1-19:1    4.739384e-02 -0.1221855810  0.216973256 1.0000000
100:1-19:1  -2.690438e-02 -0.1765681614  0.122759411 1.0000000
21:1-20:1    5.193652e-02 -0.1185079573  0.222381001 1.0000000
22:1-20:1   -1.146348e-02 -0.1819079573  0.158981001 1.0000000
23:1-20:1    2.029130e-02 -0.1927642944  0.233346903 1.0000000
24:1-20:1    4.113986e-02 -0.1546447290  0.236924439 1.0000000
25:1-20:1   -4.839642e-02 -0.2851944783  0.188401639 1.0000000
26:1-20:1    1.908729e-02 -0.2429642112  0.281138793 1.0000000
27:1-20:1    2.570986e-02 -0.2223472163  0.273766926 1.0000000
28:1-20:1    1.115258e-01 -0.1505257497  0.373577255 1.0000000
29:1-20:1    8.937231e-02 -0.1381438240  0.316888446 1.0000000
30:1-20:1    3.326486e-02 -0.2371656615  0.303695372 1.0000000
31:1-20:1   -2.068237e-02 -0.2526279244  0.211263190 1.0000000
32:1-20:1    4.866393e-02 -0.1535969413  0.250924800 1.0000000
33:1-20:1    8.401976e-03 -0.2078576459  0.224661598 1.0000000
34:1-20:1    2.069425e-03 -0.1917944279  0.195933278 1.0000000
35:1-20:1    3.505027e-02 -0.2070906422  0.277191186 1.0000000
36:1-20:1   -1.794348e-02 -0.2252397513  0.189352795 1.0000000
37:1-20:1    1.563986e-02 -0.1801447290  0.211424439 1.0000000
38:1-20:1   -4.634642e-02 -0.2350316292  0.142338790 1.0000000
39:1-20:1    1.842679e-02 -0.1658075163  0.202661100 1.0000000
40:1-20:1    3.429565e-02 -0.1396635158  0.208254820 1.0000000
41:1-20:1    3.801554e-02 -0.1248987951  0.200929871 1.0000000
42:1-20:1    3.283021e-02 -0.1500556708  0.215716083 1.0000000
43:1-20:1    3.030224e-02 -0.1568266409  0.217431113 1.0000000
44:1-20:1    4.795652e-02 -0.2140949805  0.310008024 1.0000000
45:1-20:1    4.049402e-02 -0.2016468922  0.282634936 1.0000000
46:1-20:1   -4.651491e-02 -0.3011650539  0.208135240 1.0000000
47:1-20:1    8.016902e-02 -0.1619718922  0.322309936 1.0000000
48:1-20:1    8.642319e-02 -0.1616338829  0.334480260 1.0000000
49:1-20:1    3.343887e-02 -0.2033591842  0.270236934 1.0000000
50:1-20:1   -4.828494e-02 -0.2274692695  0.130899386 1.0000000
51:1-20:1    6.306522e-03 -0.2358343922  0.248447436 1.0000000
52:1-20:1    1.406852e-02 -0.1932277513  0.221364795 1.0000000
53:1-20:1   -2.295598e-02 -0.2330316317  0.187119675 1.0000000
54:1-20:1    3.433284e-02 -0.1485530392  0.217218714 1.0000000
55:1-20:1    4.107527e-02 -0.1509704498  0.233120993 1.0000000
56:1-20:1    1.115565e-01 -0.0676278061  0.290740850 0.9993418
57:1-20:1    6.459300e-03 -0.1791877279  0.192106327 1.0000000
58:1-20:1    4.362527e-02 -0.1285122841  0.215762828 1.0000000
59:1-20:1    2.309191e-02 -0.1376529685  0.183836781 1.0000000
60:1-20:1    2.370086e-02 -0.1235986090  0.171000332 1.0000000
61:1-20:1    3.178787e-02 -0.1107782048  0.174353935 1.0000000
62:1-20:1    3.093905e-02 -0.1170081865  0.178886279 1.0000000
63:1-20:1    2.037045e-02 -0.1343592903  0.175100182 1.0000000
64:1-20:1    4.295652e-02 -0.1291810341  0.215094078 1.0000000
65:1-20:1    3.487925e-02 -0.1410456217  0.210804120 1.0000000
66:1-20:1    4.622123e-02 -0.1424639821  0.234906437 1.0000000
67:1-20:1    4.520268e-02 -0.1363946646  0.226800016 1.0000000
68:1-20:1    1.505302e-03 -0.1776790256  0.180689630 1.0000000
69:1-20:1    6.009852e-02 -0.1103459573  0.230543001 1.0000000
70:1-20:1    5.528016e-02 -0.1114106554  0.221970972 1.0000000
71:1-20:1    7.325414e-02 -0.1047987442  0.251307026 1.0000000
72:1-20:1    3.907652e-02 -0.1480523552  0.226205399 1.0000000
73:1-20:1    6.953430e-02 -0.1053886385  0.244457238 1.0000000
74:1-20:1    6.281234e-02 -0.1141549947  0.239779666 1.0000000
75:1-20:1    1.380966e-03 -0.1735419719  0.176303904 1.0000000
76:1-20:1    4.641525e-02 -0.1153835488  0.208214053 1.0000000
77:1-20:1    5.179498e-02 -0.1170715898  0.220661556 1.0000000
78:1-20:1    6.374819e-02 -0.0937251663  0.221221543 1.0000000
79:1-20:1    1.634319e-02 -0.1348668151  0.167553192 1.0000000
80:1-20:1    4.468849e-02 -0.0996582741  0.189035252 1.0000000
81:1-20:1    1.996733e-02 -0.1263246956  0.166259361 1.0000000
82:1-20:1    1.356522e-03 -0.1459429486  0.148655992 1.0000000
83:1-20:1    6.809770e-02 -0.1015441921  0.237739588 1.0000000
84:1-20:1    8.748547e-02 -0.0954004077  0.270371346 1.0000000
85:1-20:1   -2.256957e-02 -0.1965287332  0.151389603 1.0000000
86:1-20:1    4.690027e-02 -0.1252372841  0.219037828 1.0000000
87:1-20:1    1.887809e-02 -0.1507637999  0.188519981 1.0000000
88:1-20:1    1.124801e-02 -0.1617833680  0.184279390 1.0000000
89:1-20:1    5.119530e-02 -0.1200805350  0.222471130 1.0000000
90:1-20:1    5.498411e-02 -0.1097315923  0.219699808 1.0000000
91:1-20:1    7.216796e-03 -0.1498355309  0.164269122 1.0000000
92:1-20:1    6.841397e-02 -0.1046174106  0.241445348 1.0000000
93:1-20:1    5.727745e-02 -0.1196898784  0.234244782 1.0000000
94:1-20:1    8.119652e-02 -0.0731769258  0.235569969 0.9999999
95:1-20:1    9.185003e-02 -0.0636174367  0.247317493 0.9999366
96:1-20:1    1.083253e-01 -0.0460481758  0.262698719 0.9678243
97:1-20:1    7.518509e-02 -0.0866137075  0.236983894 1.0000000
98:1-20:1    6.394996e-02 -0.0989643689  0.226864298 1.0000000
99:1-20:1    4.628271e-02 -0.1067429815  0.199308406 1.0000000
100:1-20:1  -2.801550e-02 -0.1586253495  0.102594349 1.0000000
22:1-21:1   -6.340000e-02 -0.2302557723  0.103455772 1.0000000
23:1-21:1   -3.164522e-02 -0.2418408798  0.178550445 1.0000000
24:1-21:1   -1.079667e-02 -0.2034651168  0.181871783 1.0000000
25:1-21:1   -1.003329e-01 -0.3345611397  0.133895257 1.0000000
26:1-21:1   -3.284923e-02 -0.2925808579  0.226882396 1.0000000
27:1-21:1   -2.622667e-02 -0.2718317133  0.219378380 1.0000000
28:1-21:1    5.958923e-02 -0.2001423963  0.319320858 1.0000000
29:1-21:1    3.743579e-02 -0.1874044207  0.262276000 1.0000000
30:1-21:1   -1.867167e-02 -0.2868547992  0.249511466 1.0000000
31:1-21:1   -7.261889e-02 -0.3019402134  0.156702436 1.0000000
32:1-21:1   -3.272593e-03 -0.2025186416  0.195973456 1.0000000
33:1-21:1   -4.353455e-02 -0.2569771665  0.169908076 1.0000000
34:1-21:1   -4.986710e-02 -0.2405834352  0.140849242 1.0000000
35:1-21:1   -1.688625e-02 -0.2565146092  0.222742109 1.0000000
36:1-21:1   -6.988000e-02 -0.2742357514  0.134475751 1.0000000
37:1-21:1   -3.629667e-02 -0.2289651168  0.156371783 1.0000000
38:1-21:1   -9.828294e-02 -0.2837327637  0.087166881 0.9999999
39:1-21:1   -3.350973e-02 -0.2144290727  0.147409613 1.0000000
40:1-21:1   -1.764087e-02 -0.1880853486  0.152803609 1.0000000
41:1-21:1   -1.392098e-02 -0.1730769081  0.145234941 1.0000000
42:1-21:1   -1.910632e-02 -0.1986523328  0.160439701 1.0000000
43:1-21:1   -2.163429e-02 -0.2055003916  0.162231820 1.0000000
44:1-21:1   -3.980000e-03 -0.2637116271  0.255751627 1.0000000
45:1-21:1   -1.144250e-02 -0.2510708592  0.228185859 1.0000000
46:1-21:1   -9.845143e-02 -0.3507136447  0.153810788 1.0000000
47:1-21:1    2.823250e-02 -0.2113958592  0.267860859 1.0000000
48:1-21:1    3.448667e-02 -0.2111183800  0.280091713 1.0000000
49:1-21:1   -1.849765e-02 -0.2527258456  0.215730552 1.0000000
50:1-21:1   -1.002215e-01 -0.2759956130  0.075552686 0.9999898
51:1-21:1   -4.563000e-02 -0.2852583592  0.193998359 1.0000000
52:1-21:1   -3.786800e-02 -0.2422237514  0.166487751 1.0000000
53:1-21:1   -7.489250e-02 -0.2820670846  0.132282085 1.0000000
54:1-21:1   -1.760368e-02 -0.1971497012  0.161942333 1.0000000
55:1-21:1   -1.086125e-02 -0.1997291601  0.178006660 1.0000000
56:1-21:1    5.962000e-02 -0.1161541496  0.235394150 1.0000000
57:1-21:1   -4.547722e-02 -0.2278349671  0.136880523 1.0000000
58:1-21:1   -8.311250e-03 -0.1768961438  0.160273644 1.0000000
59:1-21:1   -2.884462e-02 -0.1857791340  0.128089903 1.0000000
60:1-21:1   -2.823566e-02 -0.1713672861  0.114895965 1.0000000
61:1-21:1   -2.014866e-02 -0.1584042627  0.118106949 1.0000000
62:1-21:1   -2.099748e-02 -0.1647956396  0.122800688 1.0000000
63:1-21:1   -3.156608e-02 -0.1823335113  0.119201359 1.0000000
64:1-21:1   -8.980000e-03 -0.1775648938  0.159604894 1.0000000
65:1-21:1   -1.705727e-02 -0.1895075219  0.155392976 1.0000000
66:1-21:1   -5.715294e-03 -0.1911651167  0.179734528 1.0000000
67:1-21:1   -6.733846e-03 -0.1849671828  0.171499490 1.0000000
68:1-21:1   -5.043122e-02 -0.2262053691  0.125342930 1.0000000
69:1-21:1    8.162000e-03 -0.1586937723  0.175017772 1.0000000
70:1-21:1    3.343636e-03 -0.1596758582  0.166363131 1.0000000
71:1-21:1    2.131762e-02 -0.1533029930  0.195938231 1.0000000
72:1-21:1   -1.286000e-02 -0.1967261059  0.171006106 1.0000000
73:1-21:1    1.759778e-02 -0.1538302321  0.189025788 1.0000000
74:1-21:1    1.087581e-02 -0.1626377715  0.184389399 1.0000000
75:1-21:1   -5.055556e-02 -0.2219835654  0.120872454 1.0000000
76:1-21:1   -5.521270e-03 -0.1635351307  0.152492591 1.0000000
77:1-21:1   -1.415385e-04 -0.1653851399  0.165102063 1.0000000
78:1-21:1    1.181167e-02 -0.1417701869  0.165393520 1.0000000
79:1-21:1   -3.559333e-02 -0.1827462928  0.111559626 1.0000000
80:1-21:1   -7.248033e-03 -0.1473391329  0.132843067 1.0000000
81:1-21:1   -3.196919e-02 -0.1740638260  0.110125448 1.0000000
82:1-21:1   -5.058000e-02 -0.1937116257  0.092551626 1.0000000
83:1-21:1    1.616118e-02 -0.1498746608  0.182197014 1.0000000
84:1-21:1    3.554895e-02 -0.1439970697  0.215094964 1.0000000
85:1-21:1   -7.450609e-02 -0.2449505660  0.095938392 1.0000000
86:1-21:1   -5.036250e-03 -0.1736211438  0.163548644 1.0000000
87:1-21:1   -3.305843e-02 -0.1990942686  0.132977406 1.0000000
88:1-21:1   -4.068851e-02 -0.2101859633  0.128808942 1.0000000
89:1-21:1   -7.412245e-04 -0.1684461411  0.166963692 1.0000000
90:1-21:1    3.047586e-03 -0.1579517623  0.164046935 1.0000000
91:1-21:1   -4.471973e-02 -0.1978698537  0.108430402 1.0000000
92:1-21:1    1.647745e-02 -0.1530200059  0.185974900 1.0000000
93:1-21:1    5.340930e-03 -0.1681726552  0.178854516 1.0000000
94:1-21:1    2.926000e-02 -0.1211417607  0.179661761 1.0000000
95:1-21:1    3.991351e-02 -0.1116109502  0.191437963 1.0000000
96:1-21:1    5.638875e-02 -0.0940130107  0.206790511 1.0000000
97:1-21:1    2.324857e-02 -0.1347652894  0.181262432 1.0000000
98:1-21:1    1.201344e-02 -0.1471424818  0.171169367 1.0000000
99:1-21:1   -5.653810e-03 -0.1546718999  0.143364281 1.0000000
100:1-21:1  -7.995202e-02 -0.2058426929  0.045938649 0.9985601
23:1-22:1    3.175478e-02 -0.1784408798  0.241950445 1.0000000
24:1-22:1    5.260333e-02 -0.1400651168  0.245271783 1.0000000
25:1-22:1   -3.693294e-02 -0.2711611397  0.197295257 1.0000000
26:1-22:1    3.055077e-02 -0.2291808579  0.290282396 1.0000000
27:1-22:1    3.717333e-02 -0.2084317133  0.282778380 1.0000000
28:1-22:1    1.229892e-01 -0.1367423963  0.382720858 1.0000000
29:1-22:1    1.008358e-01 -0.1240044207  0.325676000 1.0000000
30:1-22:1    4.472833e-02 -0.2234547992  0.312911466 1.0000000
31:1-22:1   -9.218889e-03 -0.2385402134  0.220102436 1.0000000
32:1-22:1    6.012741e-02 -0.1391186416  0.259373456 1.0000000
33:1-22:1    1.986545e-02 -0.1935771665  0.233308076 1.0000000
34:1-22:1    1.353290e-02 -0.1771834352  0.204249242 1.0000000
35:1-22:1    4.651375e-02 -0.1931146092  0.286142109 1.0000000
36:1-22:1   -6.480000e-03 -0.2108357514  0.197875751 1.0000000
37:1-22:1    2.710333e-02 -0.1655651168  0.219771783 1.0000000
38:1-22:1   -3.488294e-02 -0.2203327637  0.150566881 1.0000000
39:1-22:1    2.989027e-02 -0.1510290727  0.210809613 1.0000000
40:1-22:1    4.575913e-02 -0.1246853486  0.216203609 1.0000000
41:1-22:1    4.947902e-02 -0.1096769081  0.208634941 1.0000000
42:1-22:1    4.429368e-02 -0.1352523328  0.223839701 1.0000000
43:1-22:1    4.176571e-02 -0.1421003916  0.225631820 1.0000000
44:1-22:1    5.942000e-02 -0.2003116271  0.319151627 1.0000000
45:1-22:1    5.195750e-02 -0.1876708592  0.291585859 1.0000000
46:1-22:1   -3.505143e-02 -0.2873136447  0.217210788 1.0000000
47:1-22:1    9.163250e-02 -0.1479958592  0.331260859 1.0000000
48:1-22:1    9.788667e-02 -0.1477183800  0.343491713 1.0000000
49:1-22:1    4.490235e-02 -0.1893258456  0.279130552 1.0000000
50:1-22:1   -3.682146e-02 -0.2125956130  0.138952686 1.0000000
51:1-22:1    1.777000e-02 -0.2218583592  0.257398359 1.0000000
52:1-22:1    2.553200e-02 -0.1788237514  0.229887751 1.0000000
53:1-22:1   -1.149250e-02 -0.2186670846  0.195682085 1.0000000
54:1-22:1    4.579632e-02 -0.1337497012  0.225342333 1.0000000
55:1-22:1    5.253875e-02 -0.1363291601  0.241406660 1.0000000
56:1-22:1    1.230200e-01 -0.0527541496  0.298794150 0.9698521
57:1-22:1    1.792278e-02 -0.1644349671  0.200280523 1.0000000
58:1-22:1    5.508875e-02 -0.1134961438  0.223673644 1.0000000
59:1-22:1    3.455538e-02 -0.1223791340  0.191489903 1.0000000
60:1-22:1    3.516434e-02 -0.1079672861  0.178295965 1.0000000
61:1-22:1    4.325134e-02 -0.0950042627  0.181506949 1.0000000
62:1-22:1    4.240252e-02 -0.1013956396  0.186200688 1.0000000
63:1-22:1    3.183392e-02 -0.1189335113  0.182601359 1.0000000
64:1-22:1    5.442000e-02 -0.1141648938  0.223004894 1.0000000
65:1-22:1    4.634273e-02 -0.1261075219  0.218792976 1.0000000
66:1-22:1    5.768471e-02 -0.1277651167  0.243134528 1.0000000
67:1-22:1    5.666615e-02 -0.1215671828  0.234899490 1.0000000
68:1-22:1    1.296878e-02 -0.1628053691  0.188742930 1.0000000
69:1-22:1    7.156200e-02 -0.0952937723  0.238417772 1.0000000
70:1-22:1    6.674364e-02 -0.0962758582  0.229763131 1.0000000
71:1-22:1    8.471762e-02 -0.0899029930  0.259338231 1.0000000
72:1-22:1    5.054000e-02 -0.1333261059  0.234406106 1.0000000
73:1-22:1    8.099778e-02 -0.0904302321  0.252425788 1.0000000
74:1-22:1    7.427581e-02 -0.0992377715  0.247789399 1.0000000
75:1-22:1    1.284444e-02 -0.1585835654  0.184272454 1.0000000
76:1-22:1    5.787873e-02 -0.1001351307  0.215892591 1.0000000
77:1-22:1    6.325846e-02 -0.1019851399  0.228502063 1.0000000
78:1-22:1    7.521167e-02 -0.0783701869  0.228793520 1.0000000
79:1-22:1    2.780667e-02 -0.1193462928  0.174959626 1.0000000
80:1-22:1    5.615197e-02 -0.0839391329  0.196243067 1.0000000
81:1-22:1    3.143081e-02 -0.1106638260  0.173525448 1.0000000
82:1-22:1    1.282000e-02 -0.1303116257  0.155951626 1.0000000
83:1-22:1    7.956118e-02 -0.0864746608  0.245597014 1.0000000
84:1-22:1    9.894895e-02 -0.0805970697  0.278494964 0.9999985
85:1-22:1   -1.110609e-02 -0.1815505660  0.159338392 1.0000000
86:1-22:1    5.836375e-02 -0.1102211438  0.226948644 1.0000000
87:1-22:1    3.034157e-02 -0.1356942686  0.196377406 1.0000000
88:1-22:1    2.271149e-02 -0.1467859633  0.192208942 1.0000000
89:1-22:1    6.265878e-02 -0.1050461411  0.230363692 1.0000000
90:1-22:1    6.644759e-02 -0.0945517623  0.227446935 1.0000000
91:1-22:1    1.868027e-02 -0.1344698537  0.171830402 1.0000000
92:1-22:1    7.987745e-02 -0.0896200059  0.249374900 1.0000000
93:1-22:1    6.874093e-02 -0.1047726552  0.242254516 1.0000000
94:1-22:1    9.266000e-02 -0.0577417607  0.243061761 0.9995743
95:1-22:1    1.033135e-01 -0.0482109502  0.254837963 0.9849744
96:1-22:1    1.197888e-01 -0.0306130107  0.270190511 0.6939625
97:1-22:1    8.664857e-02 -0.0713652894  0.244662432 0.9999989
98:1-22:1    7.541344e-02 -0.0837424818  0.234569367 1.0000000
99:1-22:1    5.774619e-02 -0.0912718999  0.206764281 1.0000000
100:1-22:1  -1.655202e-02 -0.1424426929  0.109338649 1.0000000
24:1-23:1    2.084855e-02 -0.2103710406  0.252068142 1.0000000
25:1-23:1   -6.868772e-02 -0.3355289064  0.198153459 1.0000000
26:1-23:1   -1.204013e-03 -0.2906895672  0.288281540 1.0000000
27:1-23:1    5.418551e-03 -0.2714626633  0.282299765 1.0000000
28:1-23:1    9.123445e-02 -0.1982511056  0.380720002 1.0000000
29:1-23:1    6.908101e-02 -0.1895586804  0.327720694 1.0000000
30:1-23:1    1.297355e-02 -0.2841182875  0.310065389 1.0000000
31:1-23:1   -4.097367e-02 -0.3035182155  0.221570873 1.0000000
32:1-23:1    2.837262e-02 -0.2083558183  0.265101068 1.0000000
33:1-23:1   -1.188933e-02 -0.2606846661  0.236906010 1.0000000
34:1-23:1   -1.822188e-02 -0.2478173704  0.211373612 1.0000000
35:1-23:1    1.475897e-02 -0.2568346965  0.286352631 1.0000000
36:1-23:1   -3.823478e-02 -0.2792796765  0.202810111 1.0000000
37:1-23:1   -4.651449e-03 -0.2358710406  0.226568142 1.0000000
38:1-23:1   -6.663772e-02 -0.2918776058  0.158602158 1.0000000
39:1-23:1   -1.864512e-03 -0.2233891755  0.219660151 1.0000000
40:1-23:1    1.400435e-02 -0.1990512510  0.227059947 1.0000000
41:1-23:1    1.772423e-02 -0.1864129163  0.221861384 1.0000000
42:1-23:1    1.253890e-02 -0.2078655901  0.232943393 1.0000000
43:1-23:1    1.001093e-02 -0.2139268111  0.233948674 1.0000000
44:1-23:1    2.766522e-02 -0.2618203364  0.317150771 1.0000000
45:1-23:1    2.020272e-02 -0.2513909465  0.291796381 1.0000000
46:1-23:1   -6.680621e-02 -0.3496093113  0.215996889 1.0000000
47:1-23:1    5.987772e-02 -0.2117159465  0.331471381 1.0000000
48:1-23:1    6.613188e-02 -0.2107493300  0.343013098 1.0000000
49:1-23:1    1.314757e-02 -0.2536936123  0.279988753 1.0000000
50:1-23:1   -6.857625e-02 -0.2859191074  0.148766615 1.0000000
51:1-23:1   -1.398478e-02 -0.2855784465  0.257608881 1.0000000
52:1-23:1   -6.222783e-03 -0.2472676765  0.234822111 1.0000000
53:1-23:1   -4.324728e-02 -0.2866865486  0.200191983 1.0000000
54:1-23:1    1.404153e-02 -0.2063629586  0.234446025 1.0000000
55:1-23:1    2.078397e-02 -0.2072784258  0.248846361 1.0000000
56:1-23:1    9.126522e-02 -0.1260776440  0.308608079 1.0000000
57:1-23:1   -1.383200e-02 -0.2365329587  0.208868949 1.0000000
58:1-23:1    2.333397e-02 -0.1882369053  0.234904840 1.0000000
59:1-23:1    2.800602e-03 -0.1996094048  0.205210609 1.0000000
60:1-23:1    3.409557e-03 -0.1884967483  0.195315862 1.0000000
61:1-23:1    1.149656e-02 -0.1768010238  0.199794145 1.0000000
62:1-23:1    1.064774e-02 -0.1817562076  0.203051691 1.0000000
63:1-23:1    7.914144e-05 -0.1975877179  0.197746001 1.0000000
64:1-23:1    2.266522e-02 -0.1889056553  0.234236090 1.0000000
65:1-23:1    1.458794e-02 -0.2000756437  0.229251533 1.0000000
66:1-23:1    2.592992e-02 -0.1993099587  0.251169805 1.0000000
67:1-23:1    2.491137e-02 -0.1944251055  0.244247848 1.0000000
68:1-23:1   -1.878600e-02 -0.2361288635  0.198556859 1.0000000
69:1-23:1    3.980722e-02 -0.1703884450  0.250002880 1.0000000
70:1-23:1    3.498885e-02 -0.1721746647  0.242152372 1.0000000
71:1-23:1    5.296284e-02 -0.1634481751  0.269373848 1.0000000
72:1-23:1    1.878522e-02 -0.2051525254  0.242722960 1.0000000
73:1-23:1    4.924300e-02 -0.1646002425  0.263086233 1.0000000
74:1-23:1    4.252103e-02 -0.1729977198  0.258039782 1.0000000
75:1-23:1   -1.891034e-02 -0.2327535759  0.194932900 1.0000000
76:1-23:1    2.612395e-02 -0.1771240487  0.229371944 1.0000000
77:1-23:1    3.150368e-02 -0.1774145241  0.240421882 1.0000000
78:1-23:1    4.345688e-02 -0.1563649203  0.243278688 1.0000000
79:1-23:1   -3.948116e-03 -0.1988721042  0.190975872 1.0000000
80:1-23:1    2.439718e-02 -0.1652521868  0.214046556 1.0000000
81:1-23:1   -3.239718e-04 -0.1914580963  0.190810153 1.0000000
82:1-23:1   -1.893478e-02 -0.2108410879  0.172971523 1.0000000
83:1-23:1    4.780639e-02 -0.1617389878  0.257351776 1.0000000
84:1-23:1    6.719416e-02 -0.1532103270  0.287598656 1.0000000
85:1-23:1   -4.286087e-02 -0.2559164684  0.170194729 1.0000000
86:1-23:1    2.660897e-02 -0.1849619053  0.238179840 1.0000000
87:1-23:1   -1.413214e-03 -0.2109585957  0.208132168 1.0000000
88:1-23:1   -9.043293e-03 -0.2213420314  0.203255445 1.0000000
89:1-23:1    3.090399e-02 -0.1799663625  0.241774348 1.0000000
90:1-23:1    3.469280e-02 -0.1708848167  0.240270424 1.0000000
91:1-23:1   -1.307451e-02 -0.2125646822  0.186415665 1.0000000
92:1-23:1    4.812266e-02 -0.1641760739  0.260421402 1.0000000
93:1-23:1    3.698615e-02 -0.1785326035  0.252504899 1.0000000
94:1-23:1    6.090522e-02 -0.1364828708  0.258293306 1.0000000
95:1-23:1    7.155872e-02 -0.1266861467  0.269803594 1.0000000
96:1-23:1    8.803397e-02 -0.1093541208  0.285422056 1.0000000
97:1-23:1    5.489379e-02 -0.1483542074  0.258141785 1.0000000
98:1-23:1    4.365866e-02 -0.1604784900  0.247795810 1.0000000
99:1-23:1    2.599141e-02 -0.1703444243  0.222327240 1.0000000
100:1-23:1  -4.830680e-02 -0.2277220459  0.131108436 1.0000000
25:1-24:1   -8.953627e-02 -0.3428012186  0.163728670 1.0000000
26:1-24:1   -2.205256e-02 -0.2990738648  0.254968737 1.0000000
27:1-24:1   -1.543000e-02 -0.2792521406  0.248392141 1.0000000
28:1-24:1    7.038590e-02 -0.2066354033  0.347407198 1.0000000
29:1-24:1    4.823246e-02 -0.1963762171  0.292841129 1.0000000
30:1-24:1   -7.875000e-03 -0.2928354806  0.277085481 1.0000000
31:1-24:1   -6.182222e-02 -0.3105561217  0.186911677 1.0000000
32:1-24:1    7.524074e-03 -0.2137885350  0.228836683 1.0000000
33:1-24:1   -3.273788e-02 -0.2669131025  0.201437345 1.0000000
34:1-24:1   -3.907043e-02 -0.2527360677  0.174595207 1.0000000
35:1-24:1   -6.089583e-03 -0.2643569515  0.252177785 1.0000000
36:1-24:1   -5.908333e-02 -0.2850071170  0.166840450 1.0000000
37:1-24:1   -2.550000e-02 -0.2409098758  0.189909876 1.0000000
38:1-24:1   -8.748627e-02 -0.2964645499  0.121492001 1.0000000
39:1-24:1   -2.271306e-02 -0.2276815767  0.182255451 1.0000000
40:1-24:1   -6.844203e-03 -0.2026287869  0.188940381 1.0000000
41:1-24:1   -3.124317e-03 -0.1891643427  0.182915709 1.0000000
42:1-24:1   -8.309649e-03 -0.2120669929  0.195447695 1.0000000
43:1-24:1   -1.083762e-02 -0.2184117692  0.196736531 1.0000000
44:1-24:1    6.816667e-03 -0.2702046340  0.283837967 1.0000000
45:1-24:1   -6.458333e-04 -0.2589132015  0.257621535 1.0000000
46:1-24:1   -8.765476e-02 -0.3576853317  0.182375808 1.0000000
47:1-24:1    3.902917e-02 -0.2192382015  0.297296535 1.0000000
48:1-24:1    4.528333e-02 -0.2185388073  0.309105474 1.0000000
49:1-24:1   -7.700980e-03 -0.2609659245  0.245563964 1.0000000
50:1-24:1   -8.942480e-02 -0.2898663957  0.111016802 1.0000000
51:1-24:1   -3.483333e-02 -0.2931007015  0.223434035 1.0000000
52:1-24:1   -2.707133e-02 -0.2529951170  0.198852450 1.0000000
53:1-24:1   -6.409583e-02 -0.2925725092  0.164380843 1.0000000
54:1-24:1   -6.807018e-03 -0.2105643613  0.196950326 1.0000000
55:1-24:1   -6.458333e-05 -0.2120819656  0.211952799 1.0000000
56:1-24:1    7.041667e-02 -0.1300249322  0.270858266 1.0000000
57:1-24:1   -3.468056e-02 -0.2409198099  0.171558699 1.0000000
58:1-24:1    2.485417e-03 -0.1916824214  0.196653255 1.0000000
59:1-24:1   -1.804795e-02 -0.2021911703  0.166095273 1.0000000
60:1-24:1   -1.743899e-02 -0.1899699915  0.155092004 1.0000000
61:1-24:1   -9.351990e-03 -0.1778598400  0.159155860 1.0000000
62:1-24:1   -1.020081e-02 -0.1832851667  0.162883549 1.0000000
63:1-24:1   -2.076941e-02 -0.1996858771  0.158147059 1.0000000
64:1-24:1    1.816667e-03 -0.1923511714  0.195984505 1.0000000
65:1-24:1   -6.260606e-03 -0.2037938219  0.191272610 1.0000000
66:1-24:1    5.081373e-03 -0.2038969029  0.214059648 1.0000000
67:1-24:1    4.062821e-03 -0.1985387718  0.206664413 1.0000000
68:1-24:1   -3.963455e-02 -0.2400761518  0.160807046 1.0000000
69:1-24:1    1.895867e-02 -0.1737097834  0.211627117 1.0000000
70:1-24:1    1.414030e-02 -0.1752155486  0.203496155 1.0000000
71:1-24:1    3.211429e-02 -0.1673165070  0.231545078 1.0000000
72:1-24:1   -2.063333e-03 -0.2096374835  0.205510817 1.0000000
73:1-24:1    2.839444e-02 -0.1682469690  0.225035858 1.0000000
74:1-24:1    2.167248e-02 -0.1767897255  0.220134687 1.0000000
75:1-24:1   -3.975889e-02 -0.2364003023  0.156882525 1.0000000
76:1-24:1    5.275397e-03 -0.1797885466  0.190339340 1.0000000
77:1-24:1    1.065513e-02 -0.1806188395  0.201929096 1.0000000
78:1-24:1    2.260833e-02 -0.1586860920  0.203902759 1.0000000
79:1-24:1   -2.479667e-02 -0.2006780937  0.151084760 1.0000000
80:1-24:1    3.548634e-03 -0.1664684219  0.173565690 1.0000000
81:1-24:1   -2.117252e-02 -0.1928442113  0.150499166 1.0000000
82:1-24:1   -3.978333e-02 -0.2123143311  0.132747664 1.0000000
83:1-24:1    2.695784e-02 -0.1650009602  0.218916646 1.0000000
84:1-24:1    4.634561e-02 -0.1574117298  0.250102958 1.0000000
85:1-24:1   -6.370942e-02 -0.2594940043  0.132075164 1.0000000
86:1-24:1    5.760417e-03 -0.1884074214  0.199928255 1.0000000
87:1-24:1   -2.226176e-02 -0.2142205680  0.169697039 1.0000000
88:1-24:1   -2.989184e-02 -0.2248525308  0.165068843 1.0000000
89:1-24:1    1.005544e-02 -0.1833488545  0.203459739 1.0000000
90:1-24:1    1.384425e-02 -0.1737752374  0.201463743 1.0000000
91:1-24:1   -3.392306e-02 -0.2148518977  0.147005779 1.0000000
92:1-24:1    2.727411e-02 -0.1676865733  0.222234800 1.0000000
93:1-24:1    1.613760e-02 -0.1823246092  0.214599803 1.0000000
94:1-24:1    4.005667e-02 -0.1385517669  0.218665100 1.0000000
95:1-24:1    5.071017e-02 -0.1288446761  0.230265022 1.0000000
96:1-24:1    6.718542e-02 -0.1114230169  0.245793850 1.0000000
97:1-24:1    3.404524e-02 -0.1510187053  0.219109181 1.0000000
98:1-24:1    2.281011e-02 -0.1632299165  0.208850135 1.0000000
99:1-24:1    5.142857e-03 -0.1723019911  0.182587705 1.0000000
100:1-24:1  -6.915536e-02 -0.2276758397  0.089365129 1.0000000
26:1-25:1    6.748371e-02 -0.2398963774  0.374863798 1.0000000
27:1-25:1    7.410627e-02 -0.2214336369  0.369646186 1.0000000
28:1-25:1    1.599222e-01 -0.1474579159  0.467302260 1.0000000
29:1-25:1    1.377687e-01 -0.1407543749  0.416291836 1.0000000
30:1-25:1    8.166127e-02 -0.2328926841  0.396215233 1.0000000
31:1-25:1    2.771405e-02 -0.2544388674  0.309866972 1.0000000
32:1-25:1    9.706035e-02 -0.1612437131  0.355364410 1.0000000
33:1-25:1    5.679840e-02 -0.2126079011  0.326204693 1.0000000
34:1-25:1    5.046584e-02 -0.2013172408  0.302248930 1.0000000
35:1-25:1    8.344669e-02 -0.2071453782  0.374038761 1.0000000
36:1-25:1    3.045294e-02 -0.2318127130  0.292718595 1.0000000
37:1-25:1    6.403627e-02 -0.1892286696  0.317301219 1.0000000
38:1-25:1    2.050000e-03 -0.2457677495  0.249867749 1.0000000
39:1-25:1    6.682321e-02 -0.1776227108  0.311269134 1.0000000
40:1-25:1    8.269207e-02 -0.1541059873  0.319490130 1.0000000
41:1-25:1    8.641196e-02 -0.1423949666  0.315218882 1.0000000
42:1-25:1    8.122663e-02 -0.1622046226  0.324657873 1.0000000
43:1-25:1    7.869866e-02 -0.1679361863  0.325333497 1.0000000
44:1-25:1    9.635294e-02 -0.2110271466  0.403733029 1.0000000
45:1-25:1    8.889044e-02 -0.2017016282  0.379482511 1.0000000
46:1-25:1    1.881513e-03 -0.2992135321  0.302976557 1.0000000
47:1-25:1    1.285654e-01 -0.1620266282  0.419157511 1.0000000
48:1-25:1    1.348196e-01 -0.1607203035  0.430359519 1.0000000
49:1-25:1    8.183529e-02 -0.2043199946  0.367990583 1.0000000
50:1-25:1    1.114778e-04 -0.2405512570  0.240774213 1.0000000
51:1-25:1    5.470294e-02 -0.2358891282  0.345295011 1.0000000
52:1-25:1    6.246494e-02 -0.1998007130  0.324730595 1.0000000
53:1-25:1    2.544044e-02 -0.2390275318  0.289908414 1.0000000
54:1-25:1    8.272926e-02 -0.1607019910  0.326160505 1.0000000
55:1-25:1    8.947169e-02 -0.1609141864  0.339857569 1.0000000
56:1-25:1    1.599529e-01 -0.0807097936  0.400615676 0.9930089
57:1-25:1    5.485572e-02 -0.1906566990  0.300368137 1.0000000
58:1-25:1    9.202169e-02 -0.1434413987  0.327484781 1.0000000
59:1-25:1    7.148833e-02 -0.1557790132  0.298755665 1.0000000
60:1-25:1    7.209728e-02 -0.1458675387  0.290062100 1.0000000
61:1-25:1    8.018428e-02 -0.1346100656  0.294978635 1.0000000
62:1-25:1    7.933547e-02 -0.1390676302  0.297738561 1.0000000
63:1-25:1    6.876687e-02 -0.1542865360  0.291820266 1.0000000
64:1-25:1    9.135294e-02 -0.1441101487  0.326816031 1.0000000
65:1-25:1    8.327567e-02 -0.1549701892  0.321521526 1.0000000
66:1-25:1    9.461765e-02 -0.1532001024  0.342435397 1.0000000
67:1-25:1    9.359910e-02 -0.1488655881  0.336063778 1.0000000
68:1-25:1    4.990172e-02 -0.1907610131  0.290564456 1.0000000
69:1-25:1    1.084949e-01 -0.1257332574  0.342723140 1.0000000
70:1-25:1    1.036766e-01 -0.1278344500  0.335187605 1.0000000
71:1-25:1    1.216506e-01 -0.1181709534  0.361472074 1.0000000
72:1-25:1    8.747294e-02 -0.1591619006  0.334107783 1.0000000
73:1-25:1    1.179307e-01 -0.1195762553  0.355437693 1.0000000
74:1-25:1    1.112088e-01 -0.1278079066  0.350225417 1.0000000
75:1-25:1    4.977739e-02 -0.1877295886  0.287284360 1.0000000
76:1-25:1    9.481167e-02 -0.1332023205  0.322825663 1.0000000
77:1-25:1    1.001914e-01 -0.1328910893  0.333273895 1.0000000
78:1-25:1    1.121446e-01 -0.1128206917  0.337109907 1.0000000
79:1-25:1    6.473961e-02 -0.1558867590  0.285365975 1.0000000
80:1-25:1    9.308491e-02 -0.1228954532  0.309065270 1.0000000
81:1-25:1    6.836375e-02 -0.1489215123  0.285649016 1.0000000
82:1-25:1    4.975294e-02 -0.1682118783  0.267717761 1.0000000
83:1-25:1    1.164941e-01 -0.1171506972  0.350138932 1.0000000
84:1-25:1    1.358819e-01 -0.1075493594  0.379313137 0.9999969
85:1-25:1    2.582685e-02 -0.2109712047  0.262624913 1.0000000
86:1-25:1    9.529669e-02 -0.1401663987  0.330759781 1.0000000
87:1-25:1    6.727451e-02 -0.1663703050  0.300919325 1.0000000
88:1-25:1    5.964443e-02 -0.1764728851  0.295761746 1.0000000
89:1-25:1    9.959172e-02 -0.1352421380  0.334425571 1.0000000
90:1-25:1    1.033805e-01 -0.1267124766  0.333473531 1.0000000
91:1-25:1    5.561322e-02 -0.1690575704  0.280284001 1.0000000
92:1-25:1    1.168104e-01 -0.1193069276  0.352927704 1.0000000
93:1-25:1    1.056739e-01 -0.1333427904  0.344690533 1.0000000
94:1-25:1    1.295929e-01 -0.0932134543  0.352399337 0.9999709
95:1-25:1    1.402464e-01 -0.0833193396  0.363812235 0.9991071
96:1-25:1    1.567217e-01 -0.0660847043  0.379528087 0.9658659
97:1-25:1    1.235815e-01 -0.1044324793  0.351595504 0.9999995
98:1-25:1    1.123464e-01 -0.1164605404  0.341153308 1.0000000
99:1-25:1    9.467913e-02 -0.1271955887  0.316553852 1.0000000
100:1-25:1   2.038092e-02 -0.1866709133  0.227432751 1.0000000
27:1-26:1    6.622564e-03 -0.3095127049  0.322757833 1.0000000
28:1-26:1    9.243846e-02 -0.2347926303  0.419669553 1.0000000
29:1-26:1    7.028502e-02 -0.2300028241  0.370572865 1.0000000
30:1-26:1    1.417756e-02 -0.3198012705  0.348156399 1.0000000
31:1-26:1   -3.976966e-02 -0.3434272601  0.263887944 1.0000000
32:1-26:1    2.957664e-02 -0.2520590439  0.311212320 1.0000000
33:1-26:1   -1.068531e-02 -0.3025370268  0.281166397 1.0000000
34:1-26:1   -1.701787e-02 -0.2926850406  0.258649309 1.0000000
35:1-26:1    1.596298e-02 -0.2955517378  0.327477699 1.0000000
36:1-26:1   -3.703077e-02 -0.3223042214  0.248242683 1.0000000
37:1-26:1   -3.447436e-03 -0.2804687366  0.273573865 1.0000000
38:1-26:1   -6.543371e-02 -0.3374839007  0.206616480 1.0000000
39:1-26:1   -6.604990e-04 -0.2696427996  0.268321802 1.0000000
40:1-26:1    1.520836e-02 -0.2468431410  0.277259863 1.0000000
41:1-26:1    1.892825e-02 -0.2359251963  0.273781691 1.0000000
42:1-26:1    1.374291e-02 -0.2543176036  0.281803434 1.0000000
43:1-26:1    1.121495e-02 -0.2597581427  0.282188033 1.0000000
44:1-26:1    2.886923e-02 -0.2983618611  0.356100323 1.0000000
45:1-26:1    2.140673e-02 -0.2901079878  0.332921449 1.0000000
46:1-26:1   -6.560220e-02 -0.3869367510  0.255732355 1.0000000
47:1-26:1    6.108173e-02 -0.2504329878  0.372596449 1.0000000
48:1-26:1    6.733590e-02 -0.2487993716  0.383471166 1.0000000
49:1-26:1    1.435158e-02 -0.2930285041  0.321731672 1.0000000
50:1-26:1   -6.737223e-02 -0.3329211378  0.198176673 1.0000000
51:1-26:1   -1.278077e-02 -0.3242954878  0.298733949 1.0000000
52:1-26:1   -5.018769e-03 -0.2902922214  0.280254683 1.0000000
53:1-26:1   -4.204327e-02 -0.3293427260  0.245256188 1.0000000
54:1-26:1    1.524555e-02 -0.2528149720  0.283306065 1.0000000
55:1-26:1    2.198798e-02 -0.2524036314  0.296379593 1.0000000
56:1-26:1    9.246923e-02 -0.1730796744  0.358018136 1.0000000
57:1-26:1   -1.262799e-02 -0.2825798695  0.257323887 1.0000000
58:1-26:1    2.453798e-02 -0.2363078277  0.285383789 1.0000000
59:1-26:1    4.004615e-03 -0.2494674985  0.257476729 1.0000000
60:1-26:1    4.613570e-03 -0.2405523564  0.249779497 1.0000000
61:1-26:1    1.270057e-02 -0.2296509928  0.255052141 1.0000000
62:1-26:1    1.185176e-02 -0.2337039032  0.257407413 1.0000000
63:1-26:1    1.283155e-03 -0.2484176440  0.250983954 1.0000000
64:1-26:1    2.386923e-02 -0.2369765777  0.284715039 1.0000000
65:1-26:1    1.579196e-02 -0.2475685512  0.279152467 1.0000000
66:1-26:1    2.713394e-02 -0.2449162537  0.299184127 1.0000000
67:1-26:1    2.611538e-02 -0.2410676831  0.293298452 1.0000000
68:1-26:1   -1.758199e-02 -0.2831308939  0.247966916 1.0000000
69:1-26:1    4.101123e-02 -0.2187203963  0.300742858 1.0000000
70:1-26:1    3.619287e-02 -0.2210910713  0.293476806 1.0000000
71:1-26:1    5.416685e-02 -0.2106199088  0.318953608 1.0000000
72:1-26:1    1.998923e-02 -0.2509838570  0.290962319 1.0000000
73:1-26:1    5.044701e-02 -0.2122452676  0.313139285 1.0000000
74:1-26:1    4.372504e-02 -0.2203329673  0.307783057 1.0000000
75:1-26:1   -1.770632e-02 -0.2803986009  0.244985951 1.0000000
76:1-26:1    2.732796e-02 -0.2268138294  0.281469751 1.0000000
77:1-26:1    3.270769e-02 -0.2259912006  0.291406585 1.0000000
78:1-26:1    4.466090e-02 -0.2067492358  0.296071031 1.0000000
79:1-26:1   -2.744103e-03 -0.2502792775  0.244791072 1.0000000
80:1-26:1    2.560120e-02 -0.2178021416  0.269004538 1.0000000
81:1-26:1    8.800416e-04 -0.2436819243  0.245442008 1.0000000
82:1-26:1   -1.773077e-02 -0.2628966960  0.227435158 1.0000000
83:1-26:1    4.901041e-02 -0.2101952420  0.308216057 1.0000000
84:1-26:1    6.839818e-02 -0.1996623404  0.336458697 1.0000000
85:1-26:1   -4.165686e-02 -0.3037083584  0.220394646 1.0000000
86:1-26:1    2.781298e-02 -0.2330328277  0.288658789 1.0000000
87:1-26:1   -2.092006e-04 -0.2594148499  0.258996449 1.0000000
88:1-26:1   -7.839280e-03 -0.2692758034  0.253597244 1.0000000
89:1-26:1    3.210801e-02 -0.2281699383  0.292385951 1.0000000
90:1-26:1    3.589682e-02 -0.2201118930  0.291905527 1.0000000
91:1-26:1   -1.187050e-02 -0.2630171277  0.239276137 1.0000000
92:1-26:1    4.932668e-02 -0.2121098460  0.310763201 1.0000000
93:1-26:1    3.819016e-02 -0.2258678510  0.302248173 1.0000000
94:1-26:1    6.210923e-02 -0.1873709468  0.311589408 1.0000000
95:1-26:1    7.276274e-02 -0.1773958731  0.322921348 1.0000000
96:1-26:1    8.923798e-02 -0.1602421968  0.338718158 1.0000000
97:1-26:1    5.609780e-02 -0.1980439881  0.310239593 1.0000000
98:1-26:1    4.486267e-02 -0.2099907701  0.299716117 1.0000000
99:1-26:1    2.719542e-02 -0.2214530467  0.275843889 1.0000000
100:1-26:1  -4.710279e-02 -0.2826195219  0.188413939 1.0000000
28:1-27:1    8.581590e-02 -0.2303193716  0.401951166 1.0000000
29:1-27:1    6.366246e-02 -0.2244939429  0.351818855 1.0000000
30:1-27:1    7.555000e-03 -0.3155598137  0.330669814 1.0000000
31:1-27:1   -4.639222e-02 -0.3380585728  0.245274128 1.0000000
32:1-27:1    2.295407e-02 -0.2457092435  0.291617392 1.0000000
33:1-27:1   -1.730788e-02 -0.2966620316  0.262046274 1.0000000
34:1-27:1   -2.364043e-02 -0.2860403386  0.238759478 1.0000000
35:1-27:1    9.340417e-03 -0.2904974408  0.309178274 1.0000000
36:1-27:1   -4.365333e-02 -0.3161276685  0.228821002 1.0000000
37:1-27:1   -1.007000e-02 -0.2738921406  0.253752141 1.0000000
38:1-27:1   -7.205627e-02 -0.3306536970  0.186541148 1.0000000
39:1-27:1   -7.283063e-03 -0.2626510306  0.248084905 1.0000000
40:1-27:1    8.585797e-03 -0.2394712742  0.256642868 1.0000000
41:1-27:1    1.230568e-02 -0.2281347430  0.252746109 1.0000000
42:1-27:1    7.120351e-03 -0.2472765092  0.261517211 1.0000000
43:1-27:1    4.592381e-03 -0.2528716653  0.262056427 1.0000000
44:1-27:1    2.224667e-02 -0.2938886024  0.338381936 1.0000000
45:1-27:1    1.478417e-02 -0.2850536908  0.314622024 1.0000000
46:1-27:1   -7.222476e-02 -0.3822525283  0.237803004 1.0000000
47:1-27:1    5.445917e-02 -0.2453786908  0.354297024 1.0000000
48:1-27:1    6.071333e-02 -0.2439222345  0.365348901 1.0000000
49:1-27:1    7.729020e-03 -0.2878108918  0.303268931 1.0000000
50:1-27:1   -7.399480e-02 -0.3257437627  0.177754169 1.0000000
51:1-27:1   -1.940333e-02 -0.3192411908  0.280434524 1.0000000
52:1-27:1   -1.164133e-02 -0.2841156685  0.260833002 1.0000000
53:1-27:1   -4.866583e-02 -0.3232606233  0.225928957 1.0000000
54:1-27:1    8.622982e-03 -0.2457738777  0.263019843 1.0000000
55:1-27:1    1.536542e-02 -0.2456941123  0.276424946 1.0000000
56:1-27:1    8.584667e-02 -0.1659022993  0.337595633 1.0000000
57:1-27:1   -1.925056e-02 -0.2756395907  0.237138480 1.0000000
58:1-27:1    1.791542e-02 -0.2288675986  0.264698432 1.0000000
59:1-27:1   -2.617949e-03 -0.2415937494  0.236357852 1.0000000
60:1-27:1   -2.008994e-03 -0.2321560174  0.228138030 1.0000000
61:1-27:1    6.078010e-03 -0.2210686448  0.233224665 1.0000000
62:1-27:1    5.229191e-03 -0.2253329528  0.235791335 1.0000000
63:1-27:1   -5.339409e-03 -0.2403113433  0.229632525 1.0000000
64:1-27:1    1.724667e-02 -0.2295363486  0.264029682 1.0000000
65:1-27:1    9.169394e-03 -0.2402701351  0.258608923 1.0000000
66:1-27:1    2.051137e-02 -0.2380860499  0.279108795 1.0000000
67:1-27:1    1.949282e-02 -0.2339792933  0.272964934 1.0000000
68:1-27:1   -2.420455e-02 -0.2759535188  0.227544413 1.0000000
69:1-27:1    3.438867e-02 -0.2112163800  0.279993713 1.0000000
70:1-27:1    2.957030e-02 -0.2134448114  0.272585417 1.0000000
71:1-27:1    4.754429e-02 -0.2034006253  0.298489197 1.0000000
72:1-27:1    1.336667e-02 -0.2440973796  0.270830713 1.0000000
73:1-27:1    4.382444e-02 -0.2049094551  0.292558344 1.0000000
74:1-27:1    3.710248e-02 -0.2130733666  0.287278328 1.0000000
75:1-27:1   -2.432889e-02 -0.2730627884  0.224405011 1.0000000
76:1-27:1    2.070540e-02 -0.2189805861  0.260391380 1.0000000
77:1-27:1    2.608513e-02 -0.2184275259  0.270597782 1.0000000
78:1-27:1    3.803833e-02 -0.1987492845  0.274825951 1.0000000
79:1-27:1   -9.366667e-03 -0.2420359248  0.223302591 1.0000000
80:1-27:1    1.897863e-02 -0.2092898627  0.247247130 1.0000000
81:1-27:1   -5.742523e-03 -0.2352460650  0.223761020 1.0000000
82:1-27:1   -2.435333e-02 -0.2545003570  0.205793690 1.0000000
83:1-27:1    4.238784e-02 -0.2026609060  0.287436592 1.0000000
84:1-27:1    6.177561e-02 -0.1926212461  0.316172474 1.0000000
85:1-27:1   -4.827942e-02 -0.2963364916  0.199777651 1.0000000
86:1-27:1    2.119042e-02 -0.2255925986  0.267973432 1.0000000
87:1-27:1   -6.831765e-03 -0.2518805138  0.238216984 1.0000000
88:1-27:1   -1.446184e-02 -0.2618691532  0.232945465 1.0000000
89:1-27:1    2.548544e-02 -0.2206972730  0.271668157 1.0000000
90:1-27:1    2.927425e-02 -0.2123903503  0.270938856 1.0000000
91:1-27:1   -1.849306e-02 -0.2550008855  0.218014767 1.0000000
92:1-27:1    4.270411e-02 -0.2047031958  0.290111423 1.0000000
93:1-27:1    3.156760e-02 -0.2186082504  0.281743444 1.0000000
94:1-27:1    5.548667e-02 -0.1792508033  0.290224137 1.0000000
95:1-27:1    6.614017e-02 -0.1693182121  0.301598558 1.0000000
96:1-27:1    8.261542e-02 -0.1521220533  0.317352887 1.0000000
97:1-27:1    4.947524e-02 -0.1902107449  0.289161221 1.0000000
98:1-27:1    3.824011e-02 -0.2022003168  0.278680535 1.0000000
99:1-27:1    2.057286e-02 -0.2132804761  0.254426190 1.0000000
100:1-27:1  -5.372536e-02 -0.2735649588  0.166114248 1.0000000
29:1-28:1   -2.215344e-02 -0.3224412857  0.278134403 1.0000000
30:1-28:1   -7.826090e-02 -0.4122397321  0.255717937 1.0000000
31:1-28:1   -1.322081e-01 -0.4358657216  0.171449482 1.0000000
32:1-28:1   -6.286182e-02 -0.3444975054  0.218773859 1.0000000
33:1-28:1   -1.031238e-01 -0.3949754883  0.188727936 1.0000000
34:1-28:1   -1.094563e-01 -0.3851235021  0.166210847 1.0000000
35:1-28:1   -7.647548e-02 -0.3879901994  0.235039238 1.0000000
36:1-28:1   -1.294692e-01 -0.4147426829  0.155804221 1.0000000
37:1-28:1   -9.588590e-02 -0.3729071981  0.181135403 1.0000000
38:1-28:1   -1.578722e-01 -0.4299223623  0.114178018 0.9999741
39:1-28:1   -9.309896e-02 -0.3620812611  0.175883340 1.0000000
40:1-28:1   -7.723010e-02 -0.3392816025  0.184821402 1.0000000
41:1-28:1   -7.351021e-02 -0.3283636579  0.181343229 1.0000000
42:1-28:1   -7.869555e-02 -0.3467560651  0.189364972 1.0000000
43:1-28:1   -8.122352e-02 -0.3521966042  0.189749571 1.0000000
44:1-28:1   -6.356923e-02 -0.3908003226  0.263661861 1.0000000
45:1-28:1   -7.103173e-02 -0.3825464494  0.240482988 1.0000000
46:1-28:1   -1.580407e-01 -0.4793752125  0.163293894 1.0000000
47:1-28:1   -3.135673e-02 -0.3428714494  0.280157988 1.0000000
48:1-28:1   -2.510256e-02 -0.3412378331  0.291032705 1.0000000
49:1-28:1   -7.808688e-02 -0.3854669656  0.229293210 1.0000000
50:1-28:1   -1.598107e-01 -0.4253595993  0.105738211 0.9998484
51:1-28:1   -1.052192e-01 -0.4167339494  0.206295488 1.0000000
52:1-28:1   -9.745723e-02 -0.3827306829  0.187816221 1.0000000
53:1-28:1   -1.344817e-01 -0.4217811875  0.152817726 1.0000000
54:1-28:1   -7.719291e-02 -0.3452534335  0.190867604 1.0000000
55:1-28:1   -7.045048e-02 -0.3448420929  0.203941131 1.0000000
56:1-28:1    3.076923e-05 -0.2655181359  0.265579674 1.0000000
57:1-28:1   -1.050665e-01 -0.3750183311  0.164885425 1.0000000
58:1-28:1   -6.790048e-02 -0.3287462893  0.192945328 1.0000000
59:1-28:1   -8.843385e-02 -0.3419059600  0.165038268 1.0000000
60:1-28:1   -8.782489e-02 -0.3329908179  0.157341036 1.0000000
61:1-28:1   -7.973789e-02 -0.3220894543  0.162613679 1.0000000
62:1-28:1   -8.058671e-02 -0.3261423648  0.164968952 1.0000000
63:1-28:1   -9.115531e-02 -0.3408561055  0.158545492 1.0000000
64:1-28:1   -6.856923e-02 -0.3294150393  0.192276578 1.0000000
65:1-28:1   -7.664650e-02 -0.3400070127  0.186714006 1.0000000
66:1-28:1   -6.530452e-02 -0.3373547152  0.206745665 1.0000000
67:1-28:1   -6.632308e-02 -0.3335061446  0.200859991 1.0000000
68:1-28:1   -1.100205e-01 -0.3755693554  0.155528455 1.0000000
69:1-28:1   -5.142723e-02 -0.3111588579  0.208304396 1.0000000
70:1-28:1   -5.624559e-02 -0.3135295329  0.201038344 1.0000000
71:1-28:1   -3.827161e-02 -0.3030583703  0.226515147 1.0000000
72:1-28:1   -7.244923e-02 -0.3434223185  0.198523857 1.0000000
73:1-28:1   -4.199145e-02 -0.3046837291  0.220700823 1.0000000
74:1-28:1   -4.871342e-02 -0.3127714288  0.215344595 1.0000000
75:1-28:1   -1.101448e-01 -0.3728370625  0.152547490 1.0000000
76:1-28:1   -6.511050e-02 -0.3192522910  0.189031290 1.0000000
77:1-28:1   -5.973077e-02 -0.3184296621  0.198968124 1.0000000
78:1-28:1   -4.777756e-02 -0.2991876974  0.203632569 1.0000000
79:1-28:1   -9.518256e-02 -0.3427177391  0.152352611 1.0000000
80:1-28:1   -6.683726e-02 -0.3102406031  0.176566076 1.0000000
81:1-28:1   -9.155842e-02 -0.3361203859  0.153003546 1.0000000
82:1-28:1   -1.101692e-01 -0.3553351576  0.134996696 1.0000000
83:1-28:1   -4.342805e-02 -0.3026337036  0.215777595 1.0000000
84:1-28:1   -2.404028e-02 -0.2921008020  0.244020235 1.0000000
85:1-28:1   -1.340953e-01 -0.3961468199  0.127956184 1.0000000
86:1-28:1   -6.462548e-02 -0.3254712893  0.196220328 1.0000000
87:1-28:1   -9.264766e-02 -0.3518533114  0.166557987 1.0000000
88:1-28:1   -1.002777e-01 -0.3617142650  0.161158782 1.0000000
89:1-28:1   -6.033046e-02 -0.3206083998  0.199947489 1.0000000
90:1-28:1   -5.654164e-02 -0.3125503545  0.199467065 1.0000000
91:1-28:1   -1.043090e-01 -0.3554555892  0.146837676 1.0000000
92:1-28:1   -4.311178e-02 -0.3045483075  0.218324740 1.0000000
93:1-28:1   -5.424830e-02 -0.3183063126  0.209809711 1.0000000
94:1-28:1   -3.032923e-02 -0.2798094083  0.219150947 1.0000000
95:1-28:1   -1.967572e-02 -0.2698343347  0.230482886 1.0000000
96:1-28:1   -3.200481e-03 -0.2526806583  0.246279697 1.0000000
97:1-28:1   -3.634066e-02 -0.2904824497  0.217801131 1.0000000
98:1-28:1   -4.757579e-02 -0.3024292316  0.207277655 1.0000000
99:1-28:1   -6.524304e-02 -0.3138915083  0.183405428 1.0000000
100:1-28:1  -1.395413e-01 -0.3750579835  0.095975478 0.9999272
30:1-29:1   -5.610746e-02 -0.3637346070  0.251519695 1.0000000
31:1-29:1   -1.100547e-01 -0.3844641192  0.164354762 1.0000000
32:1-29:1   -4.070838e-02 -0.2905308378  0.209114074 1.0000000
33:1-29:1   -8.097033e-02 -0.3422556653  0.180314995 1.0000000
34:1-29:1   -8.730289e-02 -0.3303769348  0.155771162 1.0000000
35:1-29:1   -5.432204e-02 -0.3374015723  0.228757493 1.0000000
36:1-29:1   -1.073158e-01 -0.3612322018  0.146600623 1.0000000
37:1-29:1   -7.373246e-02 -0.3183411294  0.170876217 1.0000000
38:1-29:1   -1.357187e-01 -0.3746829707  0.103245509 0.9999917
39:1-29:1   -7.094552e-02 -0.3064111855  0.164520147 1.0000000
40:1-29:1   -5.507666e-02 -0.2825927942  0.172439476 1.0000000
41:1-29:1   -5.135677e-02 -0.2705436332  0.167830087 1.0000000
42:1-29:1   -5.654211e-02 -0.2909542286  0.177870018 1.0000000
43:1-29:1   -5.907008e-02 -0.2968073593  0.178667209 1.0000000
44:1-29:1   -4.141579e-02 -0.3417036338  0.258872055 1.0000000
45:1-29:1   -4.887829e-02 -0.3319578223  0.234201243 1.0000000
46:1-29:1   -1.358872e-01 -0.4297383658  0.157963930 1.0000000
47:1-29:1   -9.203289e-03 -0.2922828223  0.273876243 1.0000000
48:1-29:1   -2.949123e-03 -0.2911055218  0.285207276 1.0000000
49:1-29:1   -5.593344e-02 -0.3344565421  0.222589669 1.0000000
50:1-29:1   -1.376573e-01 -0.3691930450  0.093878539 0.9999141
51:1-29:1   -8.306579e-02 -0.3661453223  0.200013743 1.0000000
52:1-29:1   -7.530379e-02 -0.3292202018  0.178612623 1.0000000
53:1-29:1   -1.123283e-01 -0.3685188042  0.143862225 1.0000000
54:1-29:1   -5.503947e-02 -0.2894515971  0.179372650 1.0000000
55:1-29:1   -4.829704e-02 -0.2899235256  0.193329447 1.0000000
56:1-29:1    2.218421e-02 -0.2093515815  0.253720003 1.0000000
57:1-29:1   -8.291301e-02 -0.3194856611  0.153659638 1.0000000
58:1-29:1   -4.574704e-02 -0.2718734152  0.180379336 1.0000000
59:1-29:1   -6.628040e-02 -0.2838596191  0.151298809 1.0000000
60:1-29:1   -6.567145e-02 -0.2735149815  0.142172082 1.0000000
61:1-29:1   -5.758445e-02 -0.2621006654  0.146931773 1.0000000
62:1-29:1   -5.843327e-02 -0.2667363696  0.149869839 1.0000000
63:1-29:1   -6.900187e-02 -0.2821757168  0.144171986 1.0000000
64:1-29:1   -4.641579e-02 -0.2725421652  0.179710586 1.0000000
65:1-29:1   -5.449306e-02 -0.2835156807  0.174529556 1.0000000
66:1-29:1   -4.315108e-02 -0.2821153237  0.195813156 1.0000000
67:1-29:1   -4.416964e-02 -0.2775778481  0.189238577 1.0000000
68:1-29:1   -8.786701e-02 -0.3194028010  0.143668783 1.0000000
69:1-29:1   -2.927379e-02 -0.2541139996  0.195566421 1.0000000
70:1-29:1   -3.409215e-02 -0.2561003218  0.187916016 1.0000000
71:1-29:1   -1.611817e-02 -0.2467794578  0.214543117 1.0000000
72:1-29:1   -5.029579e-02 -0.2880330736  0.187441495 1.0000000
73:1-29:1   -1.983801e-02 -0.2480918921  0.208415869 1.0000000
74:1-29:1   -2.655998e-02 -0.2563843339  0.203264383 1.0000000
75:1-29:1   -8.799135e-02 -0.3162452254  0.140262535 1.0000000
76:1-29:1   -4.295706e-02 -0.2613160563  0.175401938 1.0000000
77:1-29:1   -3.757733e-02 -0.2612237434  0.186069088 1.0000000
78:1-29:1   -2.562412e-02 -0.2407976739  0.189549428 1.0000000
79:1-29:1   -7.302912e-02 -0.2836621326  0.137603887 1.0000000
80:1-29:1   -4.468382e-02 -0.2504453048  0.161077660 1.0000000
81:1-29:1   -6.940498e-02 -0.2765357517  0.137725794 1.0000000
82:1-29:1   -8.801579e-02 -0.2958593211  0.119827742 1.0000000
83:1-29:1   -2.127461e-02 -0.2455070161  0.202957790 1.0000000
84:1-29:1   -1.886842e-03 -0.2362989655  0.232525281 1.0000000
85:1-29:1   -1.119419e-01 -0.3394580116  0.115574259 1.0000000
86:1-29:1   -4.247204e-02 -0.2685984152  0.183654336 1.0000000
87:1-29:1   -7.049422e-02 -0.2947266239  0.153738182 1.0000000
88:1-29:1   -7.812430e-02 -0.3049318349  0.148683235 1.0000000
89:1-29:1   -3.817701e-02 -0.2636480994  0.187294072 1.0000000
90:1-29:1   -3.438820e-02 -0.2549172525  0.186140846 1.0000000
91:1-29:1   -8.215552e-02 -0.2970211316  0.132710101 1.0000000
92:1-29:1   -2.095834e-02 -0.2477658774  0.205849192 1.0000000
93:1-29:1   -3.209486e-02 -0.2619192176  0.197729499 1.0000000
94:1-29:1   -8.175789e-03 -0.2210911740  0.204739595 1.0000000
95:1-29:1    2.477717e-03 -0.2112322086  0.216187643 1.0000000
96:1-29:1    1.895296e-02 -0.1939624240  0.231868345 1.0000000
97:1-29:1   -1.418722e-02 -0.2325462151  0.204171779 1.0000000
98:1-29:1   -2.542235e-02 -0.2446092069  0.193764513 1.0000000
99:1-29:1   -4.308960e-02 -0.2550298326  0.168850635 1.0000000
100:1-29:1  -1.173878e-01 -0.3137566797  0.078981056 0.9998888
31:1-30:1   -5.394722e-02 -0.3648645966  0.256970152 1.0000000
32:1-30:1    1.539907e-02 -0.2740492493  0.304847397 1.0000000
33:1-30:1   -2.486288e-02 -0.3242607685  0.274535011 1.0000000
34:1-30:1   -3.119543e-02 -0.3148396890  0.252448829 1.0000000
35:1-30:1    1.785417e-03 -0.3168100861  0.320380919 1.0000000
36:1-30:1   -5.120833e-02 -0.3441974406  0.241780774 1.0000000
37:1-30:1   -1.762500e-02 -0.3025854806  0.267335481 1.0000000
38:1-30:1   -7.961127e-02 -0.3597415666  0.200519018 1.0000000
39:1-30:1   -1.483806e-02 -0.2919899213  0.262313795 1.0000000
40:1-30:1    1.030797e-03 -0.2693997195  0.271461314 1.0000000
41:1-30:1    4.750683e-03 -0.2587107983  0.268212164 1.0000000
42:1-30:1   -4.346491e-04 -0.2766919858  0.275822688 1.0000000
43:1-30:1   -2.962619e-03 -0.2820469947  0.276121757 1.0000000
44:1-30:1    1.469167e-02 -0.3192871679  0.348670501 1.0000000
45:1-30:1    7.229167e-03 -0.3113663361  0.325824669 1.0000000
46:1-30:1   -7.977976e-02 -0.4079833109  0.248423787 1.0000000
47:1-30:1    4.690417e-02 -0.2716913361  0.365499669 1.0000000
48:1-30:1    5.315833e-02 -0.2699564803  0.376273147 1.0000000
49:1-30:1    1.740196e-04 -0.3143799390  0.314727978 1.0000000
50:1-30:1   -8.154980e-02 -0.3553707154  0.192271122 1.0000000
51:1-30:1   -2.695833e-02 -0.3455538361  0.291637169 1.0000000
52:1-30:1   -1.919633e-02 -0.3121854406  0.273792774 1.0000000
53:1-30:1   -5.622083e-02 -0.3511829535  0.238741287 1.0000000
54:1-30:1    1.067982e-03 -0.2751893543  0.277325319 1.0000000
55:1-30:1    7.810417e-03 -0.2745943129  0.290215146 1.0000000
56:1-30:1    7.829167e-02 -0.1955292520  0.352112585 1.0000000
57:1-30:1   -2.680556e-02 -0.3048985094  0.251287398 1.0000000
58:1-30:1    1.036042e-02 -0.2589019280  0.279622761 1.0000000
59:1-30:1   -1.017295e-02 -0.2722984663  0.251952569 1.0000000
60:1-30:1   -9.563994e-03 -0.2636663474  0.244538360 1.0000000
61:1-30:1   -1.476990e-03 -0.2528650495  0.249911069 1.0000000
62:1-30:1   -2.325809e-03 -0.2568042085  0.252152590 1.0000000
63:1-30:1   -1.289441e-02 -0.2713748987  0.245586080 1.0000000
64:1-30:1    9.691667e-03 -0.2595706780  0.278954011 1.0000000
65:1-30:1    1.614394e-03 -0.2700847637  0.273313552 1.0000000
66:1-30:1    1.295637e-02 -0.2671739195  0.293086665 1.0000000
67:1-30:1    1.193782e-02 -0.2634681819  0.287343823 1.0000000
68:1-30:1   -3.175955e-02 -0.3055804715  0.242061366 1.0000000
69:1-30:1    2.683367e-02 -0.2413494659  0.295016799 1.0000000
70:1-30:1    2.201530e-02 -0.2437979763  0.287828582 1.0000000
71:1-30:1    3.998929e-02 -0.2330925738  0.313071145 1.0000000
72:1-30:1    5.811667e-03 -0.2732727090  0.284896042 1.0000000
73:1-30:1    3.626944e-02 -0.2347820385  0.307320927 1.0000000
74:1-30:1    2.954748e-02 -0.2428278270  0.301922788 1.0000000
75:1-30:1   -3.188389e-02 -0.3029353719  0.239167594 1.0000000
76:1-30:1    1.315040e-02 -0.2496227450  0.275923539 1.0000000
77:1-30:1    1.853013e-02 -0.2486529395  0.285713196 1.0000000
78:1-30:1    3.048333e-02 -0.2296488054  0.290615472 1.0000000
79:1-30:1   -1.692167e-02 -0.2733107018  0.239467368 1.0000000
80:1-30:1    1.142363e-02 -0.2409785456  0.263825813 1.0000000
81:1-30:1   -1.329752e-02 -0.2668172055  0.240222160 1.0000000
82:1-30:1   -3.190833e-02 -0.2860106870  0.222194020 1.0000000
83:1-30:1    3.483284e-02 -0.2328409193  0.302506606 1.0000000
84:1-30:1    5.422061e-02 -0.2220367227  0.330477951 1.0000000
85:1-30:1   -5.583442e-02 -0.3262649368  0.214596096 1.0000000
86:1-30:1    1.363542e-02 -0.2556269280  0.282897761 1.0000000
87:1-30:1   -1.438676e-02 -0.2820605272  0.253286998 1.0000000
88:1-30:1   -2.201684e-02 -0.2918514791  0.247817791 1.0000000
89:1-30:1    1.793044e-02 -0.2507818257  0.286642710 1.0000000
90:1-30:1    2.171925e-02 -0.2428599112  0.286298417 1.0000000
91:1-30:1   -2.604806e-02 -0.2859255410  0.233829422 1.0000000
92:1-30:1    3.514911e-02 -0.2346855217  0.304983749 1.0000000
93:1-30:1    2.401260e-02 -0.2483627107  0.296387905 1.0000000
94:1-30:1    4.793167e-02 -0.2103357015  0.306199035 1.0000000
95:1-30:1    5.858517e-02 -0.2003376046  0.317507951 1.0000000
96:1-30:1    7.506042e-02 -0.1832069515  0.333327785 1.0000000
97:1-30:1    4.192024e-02 -0.2208529038  0.304693380 1.0000000
98:1-30:1    3.068511e-02 -0.2327763720  0.294146591 1.0000000
99:1-30:1    1.301786e-02 -0.2444461891  0.270481903 1.0000000
100:1-30:1  -6.128036e-02 -0.3060860026  0.183525292 1.0000000
32:1-31:1    6.934630e-02 -0.1845166769  0.323209269 1.0000000
33:1-31:1    2.908434e-02 -0.2360668844  0.294235571 1.0000000
34:1-31:1    2.275179e-02 -0.2244730911  0.269976675 1.0000000
35:1-31:1    5.573264e-02 -0.2309190167  0.342384294 1.0000000
36:1-31:1    2.738889e-03 -0.2551539071  0.260631685 1.0000000
37:1-31:1    3.632222e-02 -0.2124116773  0.285056122 1.0000000
38:1-31:1   -2.566405e-02 -0.2688492858  0.217521181 1.0000000
39:1-31:1    3.910916e-02 -0.2006391042  0.278857422 1.0000000
40:1-31:1    5.497802e-02 -0.1769675380  0.286923577 1.0000000
41:1-31:1    5.869791e-02 -0.1650833035  0.282479114 1.0000000
42:1-31:1    5.351257e-02 -0.1852010489  0.292226195 1.0000000
43:1-31:1    5.098460e-02 -0.1909950778  0.292964284 1.0000000
44:1-31:1    6.863889e-02 -0.2350187131  0.372296491 1.0000000
45:1-31:1    6.117639e-02 -0.2254752667  0.347828044 1.0000000
46:1-31:1   -2.583254e-02 -0.3231264125  0.271461333 1.0000000
47:1-31:1    1.008514e-01 -0.1858002667  0.387503044 1.0000000
48:1-31:1    1.071056e-01 -0.1845607950  0.398771906 1.0000000
49:1-31:1    5.412124e-02 -0.2280316779  0.336274162 1.0000000
50:1-31:1   -2.760257e-02 -0.2634923216  0.208287173 1.0000000
51:1-31:1    2.698889e-02 -0.2596627667  0.313640544 1.0000000
52:1-31:1    3.475089e-02 -0.2231419071  0.292643685 1.0000000
53:1-31:1   -2.273611e-03 -0.2624057498  0.257858528 1.0000000
54:1-31:1    5.501520e-02 -0.1836984174  0.293728827 1.0000000
55:1-31:1    6.175764e-02 -0.1840441279  0.307559406 1.0000000
56:1-31:1    1.322389e-01 -0.1036508582  0.368128636 0.9999960
57:1-31:1    2.714167e-02 -0.2136938960  0.267977229 1.0000000
58:1-31:1    6.430764e-02 -0.1662748573  0.294890135 1.0000000
59:1-31:1    4.377427e-02 -0.1784325316  0.265981079 1.0000000
60:1-31:1    4.438323e-02 -0.1682998300  0.257066287 1.0000000
61:1-31:1    5.247023e-02 -0.1569624150  0.261902879 1.0000000
62:1-31:1    5.162141e-02 -0.1615107830  0.264753609 1.0000000
63:1-31:1    4.105281e-02 -0.1768422092  0.258947835 1.0000000
64:1-31:1    6.363889e-02 -0.1669436073  0.294221385 1.0000000
65:1-31:1    5.556162e-02 -0.1778618393  0.288985072 1.0000000
66:1-31:1    6.690359e-02 -0.1762816387  0.310088828 1.0000000
67:1-31:1    6.588504e-02 -0.1718428340  0.303612920 1.0000000
68:1-31:1    2.218767e-02 -0.2137020777  0.258077416 1.0000000
69:1-31:1    8.078089e-02 -0.1485404356  0.310102213 1.0000000
70:1-31:1    7.596253e-02 -0.1505827831  0.302507834 1.0000000
71:1-31:1    9.393651e-02 -0.1410949352  0.328967951 1.0000000
72:1-31:1    5.975889e-02 -0.1822207921  0.301738570 1.0000000
73:1-31:1    9.021667e-02 -0.1424525915  0.322885925 1.0000000
74:1-31:1    8.349470e-02 -0.1507154281  0.317704834 1.0000000
75:1-31:1    2.206333e-02 -0.2106059248  0.254732591 1.0000000
76:1-31:1    6.709762e-02 -0.1558727856  0.290068024 1.0000000
77:1-31:1    7.247735e-02 -0.1556736279  0.300628329 1.0000000
78:1-31:1    8.443056e-02 -0.1354212283  0.304282339 1.0000000
79:1-31:1    3.702556e-02 -0.1783843202  0.252435431 1.0000000
80:1-31:1    6.537086e-02 -0.1452779926  0.276019705 1.0000000
81:1-31:1    4.064970e-02 -0.1713368728  0.252636272 1.0000000
82:1-31:1    2.203889e-02 -0.1906441697  0.234721947 1.0000000
83:1-31:1    8.878007e-02 -0.1399453603  0.317505491 1.0000000
84:1-31:1    1.081678e-01 -0.1305457858  0.346881458 1.0000000
85:1-31:1   -1.887198e-03 -0.2338327553  0.230058359 1.0000000
86:1-31:1    6.758264e-02 -0.1629998573  0.298165135 1.0000000
87:1-31:1    3.956046e-02 -0.1891649682  0.268285883 1.0000000
88:1-31:1    3.193038e-02 -0.1993201517  0.263180908 1.0000000
89:1-31:1    7.187766e-02 -0.1580622411  0.301817570 1.0000000
90:1-31:1    7.566648e-02 -0.1494295296  0.300762480 1.0000000
91:1-31:1    2.789916e-02 -0.1916512476  0.247449573 1.0000000
92:1-31:1    8.909634e-02 -0.1421541942  0.320346866 1.0000000
93:1-31:1    7.795982e-02 -0.1562503119  0.312169950 1.0000000
94:1-31:1    1.018789e-01 -0.1157632732  0.319521051 1.0000000
95:1-31:1    1.125324e-01 -0.1058871140  0.330951905 1.0000000
96:1-31:1    1.290076e-01 -0.0886345232  0.346649801 0.9999256
97:1-31:1    9.586746e-02 -0.1271029443  0.318837865 1.0000000
98:1-31:1    8.463233e-02 -0.1391488773  0.308413540 1.0000000
99:1-31:1    6.696508e-02 -0.1497232045  0.283653363 1.0000000
100:1-31:1  -7.333133e-03 -0.2088173314  0.194151065 1.0000000
33:1-32:1   -4.026195e-02 -0.2798780871  0.199354181 1.0000000
34:1-32:1   -4.659450e-02 -0.2662097610  0.173020753 1.0000000
35:1-32:1   -1.361366e-02 -0.2768243901  0.249597075 1.0000000
36:1-32:1   -6.660741e-02 -0.2981660661  0.164951251 1.0000000
37:1-32:1   -3.302407e-02 -0.2543366832  0.188288535 1.0000000
38:1-32:1   -9.501035e-02 -0.3100679594  0.120047262 1.0000000
39:1-32:1   -3.023714e-02 -0.2414004577  0.180926183 1.0000000
40:1-32:1   -1.436828e-02 -0.2166291474  0.187892593 1.0000000
41:1-32:1   -1.064839e-02 -0.2034922335  0.182195451 1.0000000
42:1-32:1   -1.583372e-02 -0.2258216074  0.194154161 1.0000000
43:1-32:1   -1.836169e-02 -0.2320551282  0.195331742 1.0000000
44:1-32:1   -7.074074e-04 -0.2823430895  0.280928275 1.0000000
45:1-32:1   -8.169907e-03 -0.2713806401  0.255040825 1.0000000
46:1-32:1   -9.517884e-02 -0.3699412151  0.179583543 1.0000000
47:1-32:1    3.150509e-02 -0.2317056401  0.294715825 1.0000000
48:1-32:1    3.775926e-02 -0.2309040584  0.306422577 1.0000000
49:1-32:1   -1.522505e-02 -0.2735291162  0.243079007 1.0000000
50:1-32:1   -9.694887e-02 -0.3037209457  0.109823204 1.0000000
51:1-32:1   -4.235741e-02 -0.3055681401  0.220853325 1.0000000
52:1-32:1   -3.459541e-02 -0.2661540661  0.196963251 1.0000000
53:1-32:1   -7.161991e-02 -0.3056700041  0.162430189 1.0000000
54:1-32:1   -1.433109e-02 -0.2243189758  0.195656793 1.0000000
55:1-32:1   -7.588657e-03 -0.2256006450  0.210423330 1.0000000
56:1-32:1    6.289259e-02 -0.1438794823  0.269664667 1.0000000
57:1-32:1   -4.220463e-02 -0.2546016315  0.170192372 1.0000000
58:1-32:1   -5.038657e-03 -0.2057349596  0.195657645 1.0000000
59:1-32:1   -2.557202e-02 -0.2165866359  0.165442590 1.0000000
60:1-32:1   -2.496307e-02 -0.2048096734  0.154883538 1.0000000
61:1-32:1   -1.687606e-02 -0.1928668362  0.159114708 1.0000000
62:1-32:1   -1.772488e-02 -0.1981024073  0.162652641 1.0000000
63:1-32:1   -2.829348e-02 -0.2142745545  0.157687588 1.0000000
64:1-32:1   -5.707407e-03 -0.2064037096  0.194988895 1.0000000
65:1-32:1   -1.378468e-02 -0.2177386644  0.190169304 1.0000000
66:1-32:1   -2.442702e-03 -0.2175003123  0.212614909 1.0000000
67:1-32:1   -3.461254e-03 -0.2123278655  0.205405358 1.0000000
68:1-32:1   -4.715863e-02 -0.2539307018  0.159613448 1.0000000
69:1-32:1    1.143459e-02 -0.1878114564  0.210680642 1.0000000
70:1-32:1    6.616229e-03 -0.1894283958  0.202660854 1.0000000
71:1-32:1    2.459021e-02 -0.1812021532  0.230382576 1.0000000
72:1-32:1   -9.587407e-03 -0.2232808425  0.204106028 1.0000000
73:1-32:1    2.087037e-02 -0.1822200082  0.223960749 1.0000000
74:1-32:1    1.414841e-02 -0.1907054526  0.219002266 1.0000000
75:1-32:1   -4.728296e-02 -0.2503733415  0.155807416 1.0000000
76:1-32:1   -2.248677e-03 -0.1941510470  0.189653692 1.0000000
77:1-32:1    3.131054e-03 -0.1947668668  0.201028975 1.0000000
78:1-32:1    1.508426e-02 -0.1731855605  0.203354079 1.0000000
79:1-32:1   -3.232074e-02 -0.2153839341  0.150742453 1.0000000
80:1-32:1   -3.975440e-03 -0.1814117826  0.173460902 1.0000000
81:1-32:1   -2.869660e-02 -0.2077190116  0.150325818 1.0000000
82:1-32:1   -4.730741e-02 -0.2271540131  0.132539198 1.0000000
83:1-32:1    1.943377e-02 -0.1791261426  0.217993681 1.0000000
84:1-32:1    3.882154e-02 -0.1711663443  0.248809424 1.0000000
85:1-32:1   -7.123349e-02 -0.2734943648  0.131027376 1.0000000
86:1-32:1   -1.763657e-03 -0.2024599596  0.198932645 1.0000000
87:1-32:1   -2.978584e-02 -0.2283457505  0.168774073 1.0000000
88:1-32:1   -3.741592e-02 -0.2388793781  0.164047542 1.0000000
89:1-32:1    2.531368e-03 -0.1974263232  0.202489059 1.0000000
90:1-32:1    6.320179e-03 -0.1880478471  0.200688205 1.0000000
91:1-32:1   -4.144713e-02 -0.2293649370  0.146470670 1.0000000
92:1-32:1    1.975004e-02 -0.1817134207  0.221213500 1.0000000
93:1-32:1    8.613523e-03 -0.1962403364  0.213467382 1.0000000
94:1-32:1    3.253259e-02 -0.1531521642  0.218217349 1.0000000
95:1-32:1    4.318610e-02 -0.1434091856  0.229781384 1.0000000
96:1-32:1    5.966134e-02 -0.1260234142  0.245346099 1.0000000
97:1-32:1    2.652116e-02 -0.1653812057  0.218423534 1.0000000
98:1-32:1    1.528604e-02 -0.1775578072  0.208129878 1.0000000
99:1-32:1   -2.381217e-03 -0.1869470061  0.182184572 1.0000000
100:1-32:1  -7.667943e-02 -0.2431324268  0.089773568 1.0000000
34:1-33:1   -6.332551e-03 -0.2389043155  0.226239213 1.0000000
35:1-33:1    2.664830e-02 -0.2474660133  0.300762604 1.0000000
36:1-33:1   -2.634545e-02 -0.2702269357  0.217536027 1.0000000
37:1-33:1    7.237879e-03 -0.2269373449  0.241413103 1.0000000
38:1-33:1   -5.474840e-02 -0.2830213473  0.173524556 1.0000000
39:1-33:1    1.002482e-02 -0.2145830924  0.234632724 1.0000000
40:1-33:1    2.589368e-02 -0.1903659463  0.242153298 1.0000000
41:1-33:1    2.961356e-02 -0.1778653817  0.237092505 1.0000000
42:1-33:1    2.442823e-02 -0.1990749604  0.247931420 1.0000000
43:1-33:1    2.190026e-02 -0.2050879529  0.248888472 1.0000000
44:1-33:1    3.955455e-02 -0.2522971667  0.331406258 1.0000000
45:1-33:1    3.209205e-02 -0.2420222633  0.306206354 1.0000000
46:1-33:1   -5.491688e-02 -0.3401415831  0.230307817 1.0000000
47:1-33:1    7.176705e-02 -0.2023472633  0.345881354 1.0000000
48:1-33:1    7.802121e-02 -0.2013329407  0.357375365 1.0000000
49:1-33:1    2.503690e-02 -0.2443693984  0.294443195 1.0000000
50:1-33:1   -5.668692e-02 -0.2771715102  0.163797674 1.0000000
51:1-33:1   -2.095455e-03 -0.2762097633  0.272018854 1.0000000
52:1-33:1    5.666545e-03 -0.2382149357  0.249548027 1.0000000
53:1-33:1   -3.135795e-02 -0.2776062281  0.214890319 1.0000000
54:1-33:1    2.593086e-02 -0.1975723289  0.249434051 1.0000000
55:1-33:1    3.267330e-02 -0.1983851197  0.263731711 1.0000000
56:1-33:1    1.031545e-01 -0.1173300468  0.323639138 1.0000000
57:1-33:1   -1.942677e-03 -0.2277108120  0.223825458 1.0000000
58:1-33:1    3.522330e-02 -0.1795737487  0.250020340 1.0000000
59:1-33:1    1.468993e-02 -0.1910899204  0.220469781 1.0000000
60:1-33:1    1.529889e-02 -0.1801584403  0.210756210 1.0000000
61:1-33:1    2.338589e-02 -0.1685294997  0.215301277 1.0000000
62:1-33:1    2.253707e-02 -0.1734088812  0.218483021 1.0000000
63:1-33:1    1.196847e-02 -0.1891477240  0.213084663 1.0000000
64:1-33:1    3.455455e-02 -0.1802424987  0.249351590 1.0000000
65:1-33:1    2.647727e-02 -0.1913666902  0.244321236 1.0000000
66:1-33:1    3.781925e-02 -0.1904537003  0.266092203 1.0000000
67:1-33:1    3.680070e-02 -0.1856493536  0.259250752 1.0000000
68:1-33:1   -6.896674e-03 -0.2273812663  0.213587918 1.0000000
69:1-33:1    5.169655e-02 -0.1617460756  0.265139167 1.0000000
70:1-33:1    4.687818e-02 -0.1635790808  0.257335444 1.0000000
71:1-33:1    6.485216e-02 -0.1547139119  0.284418241 1.0000000
72:1-33:1    3.067455e-02 -0.1963136671  0.257662758 1.0000000
73:1-33:1    6.113232e-02 -0.1559033105  0.278167957 1.0000000
74:1-33:1    5.441036e-02 -0.1642763299  0.273097049 1.0000000
75:1-33:1   -7.021010e-03 -0.2240566438  0.210014624 1.0000000
76:1-33:1    3.801328e-02 -0.1685908966  0.244617448 1.0000000
77:1-33:1    4.339301e-02 -0.1687917040  0.255577718 1.0000000
78:1-33:1    5.534621e-02 -0.1478883555  0.258580780 1.0000000
79:1-33:1    7.941212e-03 -0.1904797979  0.206362222 1.0000000
80:1-33:1    3.628651e-02 -0.1569553567  0.229528382 1.0000000
81:1-33:1    1.156536e-02 -0.1831338722  0.206264585 1.0000000
82:1-33:1   -7.045455e-03 -0.2025027799  0.188411871 1.0000000
83:1-33:1    5.969572e-02 -0.1531065407  0.272497985 1.0000000
84:1-33:1    7.908349e-02 -0.1444196973  0.302586683 1.0000000
85:1-33:1   -3.097154e-02 -0.2472311637  0.185288081 1.0000000
86:1-33:1    3.849830e-02 -0.1762987487  0.253295340 1.0000000
87:1-33:1    1.047611e-02 -0.2023261486  0.223278377 1.0000000
88:1-33:1    2.846035e-03 -0.2126679792  0.218360049 1.0000000
89:1-33:1    4.279332e-02 -0.1713137616  0.256900403 1.0000000
90:1-33:1    4.658213e-02 -0.1623142397  0.255478503 1.0000000
91:1-33:1   -1.185181e-03 -0.2040936953  0.201723334 1.0000000
92:1-33:1    6.001199e-02 -0.1555020217  0.275526006 1.0000000
93:1-33:1    4.887548e-02 -0.1698112136  0.267562165 1.0000000
94:1-33:1    7.279455e-02 -0.1280476646  0.273636756 1.0000000
95:1-33:1    8.344805e-02 -0.1182362675  0.285132371 1.0000000
96:1-33:1    9.992330e-02 -0.1009189146  0.300765506 1.0000000
97:1-33:1    6.678312e-02 -0.1398210553  0.273387289 1.0000000
98:1-33:1    5.554799e-02 -0.1519309555  0.263026932 1.0000000
99:1-33:1    3.788074e-02 -0.1619274096  0.237688881 1.0000000
100:1-33:1  -3.641748e-02 -0.2196260047  0.146791051 1.0000000
35:1-34:1    3.298085e-02 -0.2238335289  0.289795222 1.0000000
36:1-34:1   -2.001290e-02 -0.2442742377  0.204248431 1.0000000
37:1-34:1    1.357043e-02 -0.2000952074  0.227236068 1.0000000
38:1-34:1   -4.841584e-02 -0.2555957413  0.158764053 1.0000000
39:1-34:1    1.635737e-02 -0.1867772722  0.219492006 1.0000000
40:1-34:1    3.222623e-02 -0.1616376256  0.226090080 1.0000000
41:1-34:1    3.594611e-02 -0.1480714982  0.219963725 1.0000000
42:1-34:1    3.076078e-02 -0.1711516883  0.232673250 1.0000000
43:1-34:1    2.823281e-02 -0.1775306889  0.233996311 1.0000000
44:1-34:1    4.588710e-02 -0.2297800778  0.321554271 1.0000000
45:1-34:1    3.842460e-02 -0.2183897789  0.295238972 1.0000000
46:1-34:1   -4.858433e-02 -0.3172255399  0.220056876 1.0000000
47:1-34:1    7.809960e-02 -0.1787147789  0.334913972 1.0000000
48:1-34:1    8.435376e-02 -0.1780461450  0.346753672 1.0000000
49:1-34:1    3.136945e-02 -0.2204136355  0.283152535 1.0000000
50:1-34:1   -5.035437e-02 -0.2489202868  0.148211554 1.0000000
51:1-34:1    4.237097e-03 -0.2525772789  0.261051472 1.0000000
52:1-34:1    1.199910e-02 -0.2122622377  0.236260431 1.0000000
53:1-34:1   -2.502540e-02 -0.2518583406  0.201807534 1.0000000
54:1-34:1    3.226341e-02 -0.1696490567  0.234175882 1.0000000
55:1-34:1    3.900585e-02 -0.1712391543  0.249250848 1.0000000
56:1-34:1    1.094871e-01 -0.0890788234  0.308053017 0.9999985
57:1-34:1    4.389875e-03 -0.2000269059  0.208806655 1.0000000
58:1-34:1    4.155585e-02 -0.1506751066  0.233786800 1.0000000
59:1-34:1    2.102248e-02 -0.1610772609  0.203122224 1.0000000
60:1-34:1    2.163144e-02 -0.1487168401  0.191979713 1.0000000
61:1-34:1    2.971844e-02 -0.1365538835  0.195990764 1.0000000
62:1-34:1    2.886962e-02 -0.1420390825  0.199778325 1.0000000
63:1-34:1    1.830102e-02 -0.1585115708  0.195113612 1.0000000
64:1-34:1    4.088710e-02 -0.1513438566  0.233118050 1.0000000
65:1-34:1    3.280982e-02 -0.1628198297  0.228439478 1.0000000
66:1-34:1    4.415180e-02 -0.1630280943  0.251331700 1.0000000
67:1-34:1    4.313325e-02 -0.1576128460  0.243879347 1.0000000
68:1-34:1   -5.641227e-04 -0.1991300429  0.198001797 1.0000000
69:1-34:1    5.802910e-02 -0.1326872417  0.248745435 1.0000000
70:1-34:1    5.321073e-02 -0.1341584976  0.240579964 1.0000000
71:1-34:1    7.118472e-02 -0.1263608008  0.268730232 1.0000000
72:1-34:1    3.700710e-02 -0.1687564032  0.242770597 1.0000000
73:1-34:1    6.746487e-02 -0.1272642593  0.262194008 1.0000000
74:1-34:1    6.074291e-02 -0.1358247299  0.257310551 1.0000000
75:1-34:1   -6.884588e-04 -0.1954175926  0.194040675 1.0000000
76:1-34:1    4.434583e-02 -0.1386849170  0.227376571 1.0000000
77:1-34:1    4.972556e-02 -0.1395819186  0.239033035 1.0000000
78:1-34:1    6.167876e-02 -0.1175397031  0.240897230 1.0000000
79:1-34:1    1.427376e-02 -0.1594670391  0.188014566 1.0000000
80:1-34:1    4.261906e-02 -0.1251825729  0.210420701 1.0000000
81:1-34:1    1.789791e-02 -0.1515799931  0.187375808 1.0000000
82:1-34:1   -7.129032e-04 -0.1710611797  0.169635373 1.0000000
83:1-34:1    6.602827e-02 -0.1239711274  0.256027674 1.0000000
84:1-34:1    8.541604e-02 -0.1164964251  0.287328513 1.0000000
85:1-34:1   -2.463899e-02 -0.2185028430  0.169224863 1.0000000
86:1-34:1    4.483085e-02 -0.1474001066  0.237061800 1.0000000
87:1-34:1    1.680867e-02 -0.1731907353  0.206808066 1.0000000
88:1-34:1    9.178586e-03 -0.1838531716  0.202210344 1.0000000
89:1-34:1    4.912587e-02 -0.1423338155  0.240585560 1.0000000
90:1-34:1    5.291468e-02 -0.1326996032  0.238528969 1.0000000
91:1-34:1    5.147371e-03 -0.1737012653  0.183996007 1.0000000
92:1-34:1    6.634454e-02 -0.1266872141  0.259376301 1.0000000
93:1-34:1    5.520803e-02 -0.1413596136  0.251775668 1.0000000
94:1-34:1    7.912710e-02 -0.0973737888  0.255627982 1.0000000
95:1-34:1    8.978060e-02 -0.0876779383  0.267239145 1.0000000
96:1-34:1    1.062558e-01 -0.0702450388  0.282756732 0.9998460
97:1-34:1    7.311567e-02 -0.1099150757  0.256146412 1.0000000
98:1-34:1    6.188054e-02 -0.1221370720  0.245898151 1.0000000
99:1-34:1    4.421329e-02 -0.1311100263  0.219536601 1.0000000
100:1-34:1  -3.008493e-02 -0.1862269569  0.126057106 1.0000000
36:1-35:1   -5.299375e-02 -0.3200933099  0.214105810 1.0000000
37:1-35:1   -1.941042e-02 -0.2776777848  0.238856951 1.0000000
38:1-35:1   -8.139669e-02 -0.3343246226  0.171531240 1.0000000
39:1-35:1   -1.662348e-02 -0.2662486196  0.233001660 1.0000000
40:1-35:1   -7.546196e-04 -0.2428955336  0.241386294 1.0000000
41:1-35:1    2.965266e-03 -0.2313667845  0.237297317 1.0000000
42:1-35:1   -2.220066e-03 -0.2508516688  0.246411537 1.0000000
43:1-35:1   -4.748036e-03 -0.2565170702  0.247020999 1.0000000
44:1-35:1    1.290625e-02 -0.2986084686  0.324420969 1.0000000
45:1-35:1    5.443750e-03 -0.2895183702  0.300405870 1.0000000
46:1-35:1   -8.156518e-02 -0.3868799792  0.223749622 1.0000000
47:1-35:1    4.511875e-02 -0.2498433702  0.340080870 1.0000000
48:1-35:1    5.137292e-02 -0.2484649408  0.351210774 1.0000000
49:1-35:1   -1.611397e-03 -0.2922034665  0.288980672 1.0000000
50:1-35:1   -8.333521e-02 -0.3292568543  0.162586427 1.0000000
51:1-35:1   -2.874375e-02 -0.3237058702  0.266218370 1.0000000
52:1-35:1   -2.098175e-02 -0.2880813099  0.246117810 1.0000000
53:1-35:1   -5.800625e-02 -0.3272685947  0.211256095 1.0000000
54:1-35:1   -7.174342e-04 -0.2493490372  0.247914169 1.0000000
55:1-35:1    6.025000e-03 -0.2494196892  0.261469689 1.0000000
56:1-35:1    7.650625e-02 -0.1694153909  0.322427891 1.0000000
57:1-35:1   -2.859097e-02 -0.2792605733  0.222078629 1.0000000
58:1-35:1    8.575000e-03 -0.2322605626  0.249410563 1.0000000
59:1-35:1   -1.195837e-02 -0.2447873690  0.220870638 1.0000000
60:1-35:1   -1.134941e-02 -0.2351072350  0.212408414 1.0000000
61:1-35:1   -3.262407e-03 -0.2239330082  0.217408195 1.0000000
62:1-35:1   -4.111226e-03 -0.2282960016  0.220073550 1.0000000
63:1-35:1   -1.467983e-02 -0.2433973840  0.214037732 1.0000000
64:1-35:1    7.906250e-03 -0.2329293126  0.248741813 1.0000000
65:1-35:1   -1.710227e-04 -0.2437279775  0.243385932 1.0000000
66:1-35:1    1.117096e-02 -0.2417569755  0.264098887 1.0000000
67:1-35:1    1.015240e-02 -0.2375329290  0.257837737 1.0000000
68:1-35:1   -3.354497e-02 -0.2794666104  0.212376671 1.0000000
69:1-35:1    2.504825e-02 -0.2145801092  0.264676609 1.0000000
70:1-35:1    2.022989e-02 -0.2167432290  0.257203002 1.0000000
71:1-35:1    3.820387e-02 -0.2068946009  0.283302339 1.0000000
72:1-35:1    4.026250e-03 -0.2477427844  0.255795284 1.0000000
73:1-35:1    3.448403e-02 -0.2083502045  0.277318260 1.0000000
74:1-35:1    2.776206e-02 -0.2165489389  0.272073067 1.0000000
75:1-35:1   -3.366931e-02 -0.2765035378  0.209164927 1.0000000
76:1-35:1    1.136498e-02 -0.2221928971  0.244922857 1.0000000
77:1-35:1    1.674471e-02 -0.2217638829  0.255253306 1.0000000
78:1-35:1    2.869792e-02 -0.2018845795  0.259280413 1.0000000
79:1-35:1   -1.870708e-02 -0.2450583486  0.207644182 1.0000000
80:1-35:1    9.638217e-03 -0.2121869800  0.231463414 1.0000000
81:1-35:1   -1.508294e-02 -0.2381788549  0.208012977 1.0000000
82:1-35:1   -3.369375e-02 -0.2574515746  0.190064075 1.0000000
83:1-35:1    3.304743e-02 -0.2060107276  0.272105581 1.0000000
84:1-35:1    5.243520e-02 -0.1961964057  0.301066800 1.0000000
85:1-35:1   -5.761984e-02 -0.2997607509  0.184521077 1.0000000
86:1-35:1    1.185000e-02 -0.2289855626  0.252685563 1.0000000
87:1-35:1   -1.617218e-02 -0.2552303355  0.222885973 1.0000000
88:1-35:1   -2.380226e-02 -0.2652774939  0.217672973 1.0000000
89:1-35:1    1.614503e-02 -0.2240753750  0.256365426 1.0000000
90:1-35:1    1.993384e-02 -0.2156541346  0.255521807 1.0000000
91:1-35:1   -2.783348e-02 -0.2581286419  0.202461690 1.0000000
92:1-35:1    3.336370e-02 -0.2081115364  0.274838930 1.0000000
93:1-35:1    2.222718e-02 -0.2220838227  0.266538183 1.0000000
94:1-35:1    4.614625e-02 -0.1823304258  0.274622926 1.0000000
95:1-35:1    5.679976e-02 -0.1724175264  0.286017039 1.0000000
96:1-35:1    7.327500e-02 -0.1552016758  0.301751676 1.0000000
97:1-35:1    4.013482e-02 -0.1934230558  0.273692699 1.0000000
98:1-35:1    2.889969e-02 -0.2054323583  0.263231744 1.0000000
99:1-35:1    1.123244e-02 -0.2163357758  0.238800657 1.0000000
100:1-35:1  -6.306577e-02 -0.2762074217  0.150075877 1.0000000
37:1-36:1    3.358333e-02 -0.1923404504  0.259507117 1.0000000
38:1-36:1   -2.840294e-02 -0.2482029891  0.191397107 1.0000000
39:1-36:1    3.637027e-02 -0.1796210097  0.252361550 1.0000000
40:1-36:1    5.223913e-02 -0.1550571426  0.259535403 1.0000000
41:1-36:1    5.595902e-02 -0.1421597174  0.254077750 1.0000000
42:1-36:1    5.077368e-02 -0.1640685756  0.265615944 1.0000000
43:1-36:1    4.824571e-02 -0.1702197733  0.266711202 1.0000000
44:1-36:1    6.590000e-02 -0.2193734521  0.351173452 1.0000000
45:1-36:1    5.843750e-02 -0.2086620599  0.325537060 1.0000000
46:1-36:1   -2.857143e-02 -0.3070613747  0.249918518 1.0000000
47:1-36:1    9.811250e-02 -0.1689870599  0.365212060 1.0000000
48:1-36:1    1.043667e-01 -0.1681076685  0.376841002 1.0000000
49:1-36:1    5.138235e-02 -0.2108833013  0.313648007 1.0000000
50:1-36:1   -3.034146e-02 -0.2420416666  0.181358740 1.0000000
51:1-36:1    2.425000e-02 -0.2428495599  0.291349560 1.0000000
52:1-36:1    3.201200e-02 -0.2039576961  0.267981696 1.0000000
53:1-36:1   -5.012500e-03 -0.2434275433  0.233402543 1.0000000
54:1-36:1    5.227632e-02 -0.1625659440  0.267118576 1.0000000
55:1-36:1    5.901875e-02 -0.1636727672  0.281710267 1.0000000
56:1-36:1    1.295000e-01 -0.0822002032  0.341200203 0.9996862
57:1-36:1    2.440278e-02 -0.1927947625  0.241600318 1.0000000
58:1-36:1    6.156875e-02 -0.1442012449  0.267338745 1.0000000
59:1-36:1    4.103538e-02 -0.1553032705  0.237374040 1.0000000
60:1-36:1    4.164434e-02 -0.1438471337  0.227135813 1.0000000
61:1-36:1    4.973134e-02 -0.1320240884  0.231486775 1.0000000
62:1-36:1    4.888252e-02 -0.1371237560  0.234888805 1.0000000
63:1-36:1    3.831392e-02 -0.1531312219  0.229759070 1.0000000
64:1-36:1    6.090000e-02 -0.1448699949  0.266669995 1.0000000
65:1-36:1    5.282273e-02 -0.1561258616  0.261771316 1.0000000
66:1-36:1    6.416471e-02 -0.1556353420  0.283964754 1.0000000
67:1-36:1    6.314615e-02 -0.1506003003  0.276892608 1.0000000
68:1-36:1    1.944878e-02 -0.1922514227  0.231148984 1.0000000
69:1-36:1    7.804200e-02 -0.1263137514  0.282397751 1.0000000
70:1-36:1    7.322364e-02 -0.1280119967  0.274459269 1.0000000
71:1-36:1    9.119762e-02 -0.1195457854  0.301941024 1.0000000
72:1-36:1    5.702000e-02 -0.1614454876  0.275485488 1.0000000
73:1-36:1    8.747778e-02 -0.1206279332  0.295583489 1.0000000
74:1-36:1    8.075581e-02 -0.1290712308  0.290582859 1.0000000
75:1-36:1    1.932444e-02 -0.1887812665  0.227430155 1.0000000
76:1-36:1    6.435873e-02 -0.1328437156  0.261561176 1.0000000
77:1-36:1    6.973846e-02 -0.1333030913  0.272780014 1.0000000
78:1-36:1    8.169167e-02 -0.1119776652  0.275360999 1.0000000
79:1-36:1    3.428667e-02 -0.1543251512  0.222898485 1.0000000
80:1-36:1    6.263197e-02 -0.1205235424  0.245787477 1.0000000
81:1-36:1    3.791081e-02 -0.1467816638  0.222603285 1.0000000
82:1-36:1    1.930000e-02 -0.1661914733  0.204791473 1.0000000
83:1-36:1    8.604118e-02 -0.1176456509  0.289728004 1.0000000
84:1-36:1    1.054289e-01 -0.1094133125  0.320271207 1.0000000
85:1-36:1   -4.626087e-03 -0.2119223600  0.202670186 1.0000000
86:1-36:1    6.484375e-02 -0.1409262449  0.270613745 1.0000000
87:1-36:1    3.682157e-02 -0.1668652587  0.240508396 1.0000000
88:1-36:1    2.919149e-02 -0.1773268170  0.235709796 1.0000000
89:1-36:1    6.913878e-02 -0.1359108853  0.274188436 1.0000000
90:1-36:1    7.292759e-02 -0.1266750555  0.272530228 1.0000000
91:1-36:1    2.516027e-02 -0.1681668736  0.218487422 1.0000000
92:1-36:1    8.635745e-02 -0.1201608595  0.292875753 1.0000000
93:1-36:1    7.522093e-02 -0.1346061145  0.285047975 1.0000000
94:1-36:1    9.914000e-02 -0.0920173017  0.290297302 1.0000000
95:1-36:1    1.097935e-01 -0.0822483779  0.301835391 0.9999881
96:1-36:1    1.262688e-01 -0.0648885517  0.317426052 0.9942630
97:1-36:1    9.312857e-02 -0.1040738743  0.290331017 1.0000000
98:1-36:1    8.189344e-02 -0.1162252911  0.280012176 1.0000000
99:1-36:1    6.422619e-02 -0.1258443639  0.254296745 1.0000000
100:1-36:1  -1.007202e-02 -0.1826086425  0.162464598 1.0000000
38:1-37:1   -6.198627e-02 -0.2709645499  0.146992001 1.0000000
39:1-37:1    2.786937e-03 -0.2021815767  0.207755451 1.0000000
40:1-37:1    1.865580e-02 -0.1771287869  0.214440381 1.0000000
41:1-37:1    2.237568e-02 -0.1636643427  0.208415709 1.0000000
42:1-37:1    1.719035e-02 -0.1865669929  0.220947695 1.0000000
43:1-37:1    1.466238e-02 -0.1929117692  0.222236531 1.0000000
44:1-37:1    3.231667e-02 -0.2447046340  0.309337967 1.0000000
45:1-37:1    2.485417e-02 -0.2334132015  0.283121535 1.0000000
46:1-37:1   -6.215476e-02 -0.3321853317  0.207875808 1.0000000
47:1-37:1    6.452917e-02 -0.1937382015  0.322796535 1.0000000
48:1-37:1    7.078333e-02 -0.1930388073  0.334605474 1.0000000
49:1-37:1    1.779902e-02 -0.2354659245  0.271063964 1.0000000
50:1-37:1   -6.392480e-02 -0.2643663957  0.136516802 1.0000000
51:1-37:1   -9.333333e-03 -0.2676007015  0.248934035 1.0000000
52:1-37:1   -1.571333e-03 -0.2274951170  0.224352450 1.0000000
53:1-37:1   -3.859583e-02 -0.2670725092  0.189880843 1.0000000
54:1-37:1    1.869298e-02 -0.1850643613  0.222450326 1.0000000
55:1-37:1    2.543542e-02 -0.1865819656  0.237452799 1.0000000
56:1-37:1    9.591667e-02 -0.1045249322  0.296358266 1.0000000
57:1-37:1   -9.180556e-03 -0.2154198099  0.197058699 1.0000000
58:1-37:1    2.798542e-02 -0.1661824214  0.222153255 1.0000000
59:1-37:1    7.452051e-03 -0.1766911703  0.191595273 1.0000000
60:1-37:1    8.061006e-03 -0.1644699915  0.180592004 1.0000000
61:1-37:1    1.614801e-02 -0.1523598400  0.184655860 1.0000000
62:1-37:1    1.529919e-02 -0.1577851667  0.188383549 1.0000000
63:1-37:1    4.730591e-03 -0.1741858771  0.183647059 1.0000000
64:1-37:1    2.731667e-02 -0.1668511714  0.221484505 1.0000000
65:1-37:1    1.923939e-02 -0.1782938219  0.216772610 1.0000000
66:1-37:1    3.058137e-02 -0.1783969029  0.239559648 1.0000000
67:1-37:1    2.956282e-02 -0.1730387718  0.232164413 1.0000000
68:1-37:1   -1.413455e-02 -0.2145761518  0.186307046 1.0000000
69:1-37:1    4.445867e-02 -0.1482097834  0.237127117 1.0000000
70:1-37:1    3.964030e-02 -0.1497155486  0.228996155 1.0000000
71:1-37:1    5.761429e-02 -0.1418165070  0.257045078 1.0000000
72:1-37:1    2.343667e-02 -0.1841374835  0.231010817 1.0000000
73:1-37:1    5.389444e-02 -0.1427469690  0.250535858 1.0000000
74:1-37:1    4.717248e-02 -0.1512897255  0.245634687 1.0000000
75:1-37:1   -1.425889e-02 -0.2109003023  0.182382525 1.0000000
76:1-37:1    3.077540e-02 -0.1542885466  0.215839340 1.0000000
77:1-37:1    3.615513e-02 -0.1551188395  0.227429096 1.0000000
78:1-37:1    4.810833e-02 -0.1331860920  0.229402759 1.0000000
79:1-37:1    7.033333e-04 -0.1751780937  0.176584760 1.0000000
80:1-37:1    2.904863e-02 -0.1409684219  0.199065690 1.0000000
81:1-37:1    4.327477e-03 -0.1673442113  0.175999166 1.0000000
82:1-37:1   -1.428333e-02 -0.1868143311  0.158247664 1.0000000
83:1-37:1    5.245784e-02 -0.1395009602  0.244416646 1.0000000
84:1-37:1    7.184561e-02 -0.1319117298  0.275602958 1.0000000
85:1-37:1   -3.820942e-02 -0.2339940043  0.157575164 1.0000000
86:1-37:1    3.126042e-02 -0.1629074214  0.225428255 1.0000000
87:1-37:1    3.238235e-03 -0.1887205680  0.195197039 1.0000000
88:1-37:1   -4.391844e-03 -0.1993525308  0.190568843 1.0000000
89:1-37:1    3.555544e-02 -0.1578488545  0.228959739 1.0000000
90:1-37:1    3.934425e-02 -0.1482752374  0.226963743 1.0000000
91:1-37:1   -8.423059e-03 -0.1893518977  0.172505779 1.0000000
92:1-37:1    5.277411e-02 -0.1421865733  0.247734800 1.0000000
93:1-37:1    4.163760e-02 -0.1568246092  0.240099803 1.0000000
94:1-37:1    6.555667e-02 -0.1130517669  0.244165100 1.0000000
95:1-37:1    7.621017e-02 -0.1033446761  0.255765022 1.0000000
96:1-37:1    9.268542e-02 -0.0859230169  0.271293850 1.0000000
97:1-37:1    5.954524e-02 -0.1255187053  0.244609181 1.0000000
98:1-37:1    4.831011e-02 -0.1377299165  0.234350135 1.0000000
99:1-37:1    3.064286e-02 -0.1468019911  0.208087705 1.0000000
100:1-37:1  -4.365536e-02 -0.2021758397  0.114865129 1.0000000
39:1-38:1    6.477321e-02 -0.1334251654  0.262971588 1.0000000
40:1-38:1    8.064207e-02 -0.1080431381  0.269327281 1.0000000
41:1-38:1    8.436196e-02 -0.0941916653  0.262915580 1.0000000
42:1-38:1    7.917663e-02 -0.1177689513  0.276122202 1.0000000
43:1-38:1    7.664866e-02 -0.1242431882  0.277540499 1.0000000
44:1-38:1    9.430294e-02 -0.1777472492  0.366353132 1.0000000
45:1-38:1    8.684044e-02 -0.1660874902  0.339768373 1.0000000
46:1-38:1   -1.684874e-04 -0.2650968053  0.264759831 1.0000000
47:1-38:1    1.265154e-01 -0.1264124902  0.379443373 1.0000000
48:1-38:1    1.327696e-01 -0.1258278146  0.391367030 1.0000000
49:1-38:1    7.978529e-02 -0.1680324553  0.327603044 1.0000000
50:1-38:1   -1.938522e-03 -0.1954516732  0.191574629 1.0000000
51:1-38:1    5.265294e-02 -0.2002749902  0.305580873 1.0000000
52:1-38:1    6.041494e-02 -0.1593851067  0.280214989 1.0000000
53:1-38:1    2.339044e-02 -0.1990327960  0.245813678 1.0000000
54:1-38:1    8.067926e-02 -0.1162663197  0.277624834 1.0000000
55:1-38:1    8.742169e-02 -0.1180579317  0.292901314 1.0000000
56:1-38:1    1.579029e-01 -0.0356102098  0.351416092 0.6037600
57:1-38:1    5.280572e-02 -0.1467065239  0.252317962 1.0000000
58:1-38:1    8.997169e-02 -0.0970354059  0.276978788 1.0000000
59:1-38:1    6.943833e-02 -0.1071380913  0.246014743 1.0000000
60:1-38:1    7.004728e-02 -0.0943834044  0.234477966 1.0000000
61:1-38:1    7.813428e-02 -0.0820699618  0.238338531 1.0000000
62:1-38:1    7.728547e-02 -0.0877257459  0.242296677 1.0000000
63:1-38:1    6.671687e-02 -0.1044018289  0.237835559 1.0000000
64:1-38:1    8.930294e-02 -0.0977041559  0.276310038 1.0000000
65:1-38:1    8.122567e-02 -0.1092733509  0.271724688 1.0000000
66:1-38:1    9.256765e-02 -0.1097746981  0.294909992 1.0000000
67:1-38:1    9.154910e-02 -0.1042005160  0.287298706 1.0000000
68:1-38:1    4.785172e-02 -0.1456614293  0.241364873 1.0000000
69:1-38:1    1.064449e-01 -0.0790048814  0.291894764 0.9999854
70:1-38:1    1.016266e-01 -0.0803793113  0.283632466 0.9999968
71:1-38:1    1.196006e-01 -0.0728654006  0.312066521 0.9993905
72:1-38:1    8.542294e-02 -0.1154689025  0.286314785 1.0000000
73:1-38:1    1.158807e-01 -0.0736934104  0.305454848 0.9996959
74:1-38:1    1.091588e-01 -0.0823033881  0.300620898 0.9999898
75:1-38:1    4.772739e-02 -0.1418467437  0.237301515 1.0000000
76:1-38:1    9.276167e-02 -0.0847747141  0.270298057 0.9999999
77:1-38:1    9.814140e-02 -0.0858592379  0.282142043 0.9999998
78:1-38:1    1.100946e-01 -0.0635088878  0.283698103 0.9986371
79:1-38:1    6.268961e-02 -0.1052531842  0.230632400 1.0000000
80:1-38:1    9.103491e-02 -0.0707560193  0.252825836 0.9999951
81:1-38:1    6.631375e-02 -0.0972150643  0.229842568 1.0000000
82:1-38:1    4.770294e-02 -0.1167277440  0.212133626 1.0000000
83:1-38:1    1.144441e-01 -0.0702683270  0.299156562 0.9994604
84:1-38:1    1.338319e-01 -0.0631136881  0.330777465 0.9863489
85:1-38:1    2.377685e-02 -0.1649083555  0.212462064 1.0000000
86:1-38:1    9.324669e-02 -0.0937604059  0.280253788 1.0000000
87:1-38:1    6.522451e-02 -0.1194879348  0.249936954 1.0000000
88:1-38:1    5.759443e-02 -0.1302357439  0.245424605 1.0000000
89:1-38:1    9.754172e-02 -0.0886724798  0.283755913 0.9999999
90:1-38:1    1.013305e-01 -0.0788681911  0.281529246 0.9999952
91:1-38:1    5.356322e-02 -0.1196584624  0.226784893 1.0000000
92:1-38:1    1.147604e-01 -0.0730697864  0.302590562 0.9997021
93:1-38:1    1.036239e-01 -0.0878382718  0.295086015 0.9999995
94:1-38:1    1.275429e-01 -0.0432536558  0.298339538 0.8802770
95:1-38:1    1.381964e-01 -0.0335896080  0.309982503 0.6575496
96:1-38:1    1.546717e-01 -0.0161249058  0.325468288 0.2287529
97:1-38:1    1.215315e-01 -0.0560048729  0.299067898 0.9832015
98:1-38:1    1.102964e-01 -0.0682572390  0.288850007 0.9995239
99:1-38:1    9.262913e-02 -0.0769502869  0.262208550 0.9999991
100:1-38:1   1.833092e-02 -0.1313328673  0.167994705 1.0000000
40:1-39:1    1.586886e-02 -0.1683654481  0.200103168 1.0000000
41:1-39:1    1.958875e-02 -0.1542547703  0.193432263 1.0000000
42:1-39:1    1.440341e-02 -0.1782821645  0.207088992 1.0000000
43:1-39:1    1.187544e-02 -0.1848418781  0.208592766 1.0000000
44:1-39:1    2.952973e-02 -0.2394525709  0.298512030 1.0000000
45:1-39:1    2.206723e-02 -0.2275579101  0.271692370 1.0000000
46:1-39:1   -6.494170e-02 -0.3267186757  0.196835278 1.0000000
47:1-39:1    6.174223e-02 -0.1878829101  0.311367370 1.0000000
48:1-39:1    6.799640e-02 -0.1873715712  0.323364364 1.0000000
49:1-39:1    1.501208e-02 -0.2294338396  0.259458005 1.0000000
50:1-39:1   -6.671173e-02 -0.2558876084  0.122464141 1.0000000
51:1-39:1   -1.212027e-02 -0.2617454101  0.237504870 1.0000000
52:1-39:1   -4.358270e-03 -0.2203495503  0.211633010 1.0000000
53:1-39:1   -4.138277e-02 -0.2600429367  0.177277396 1.0000000
54:1-39:1    1.590605e-02 -0.1767795329  0.208591624 1.0000000
55:1-39:1    2.264848e-02 -0.1787517372  0.224048697 1.0000000
56:1-39:1    9.312973e-02 -0.0960461450  0.282305604 1.0000000
57:1-39:1   -1.196749e-02 -0.2072757284  0.183340743 1.0000000
58:1-39:1    2.519848e-02 -0.1573167973  0.207713757 1.0000000
59:1-39:1    4.665114e-03 -0.1671470012  0.176477230 1.0000000
60:1-39:1    5.274069e-03 -0.1540294843  0.164577623 1.0000000
61:1-39:1    1.336107e-02 -0.1415762449  0.168298391 1.0000000
62:1-39:1    1.251225e-02 -0.1473904409  0.172414949 1.0000000
63:1-39:1    1.943654e-03 -0.1642543590  0.168141667 1.0000000
64:1-39:1    2.452973e-02 -0.1579855473  0.207045007 1.0000000
65:1-39:1    1.645246e-02 -0.1696390483  0.202543962 1.0000000
66:1-39:1    2.779444e-02 -0.1704039413  0.225992813 1.0000000
67:1-39:1    2.677588e-02 -0.1646871212  0.218238888 1.0000000
68:1-39:1   -1.692149e-02 -0.2060973645  0.172254385 1.0000000
69:1-39:1    4.167173e-02 -0.1392476132  0.222591073 1.0000000
70:1-39:1    3.685337e-02 -0.1405341068  0.214240839 1.0000000
71:1-39:1    5.482735e-02 -0.1332771915  0.242931889 1.0000000
72:1-39:1    2.064973e-02 -0.1760675924  0.217367052 1.0000000
73:1-39:1    5.110751e-02 -0.1340370913  0.236252106 1.0000000
74:1-39:1    4.438554e-02 -0.1426917779  0.231462865 1.0000000
75:1-39:1   -1.704583e-02 -0.2021904247  0.168098773 1.0000000
76:1-39:1    2.798846e-02 -0.1448100938  0.200787014 1.0000000
77:1-39:1    3.336819e-02 -0.1460653834  0.212801766 1.0000000
78:1-39:1    4.532140e-02 -0.1234338870  0.214076680 1.0000000
79:1-39:1   -2.083604e-03 -0.1650098243  0.160842617 1.0000000
80:1-39:1    2.626170e-02 -0.1303156841  0.182839078 1.0000000
81:1-39:1    1.540541e-03 -0.1568319499  0.159913031 1.0000000
82:1-39:1   -1.707027e-02 -0.1763738239  0.142233283 1.0000000
83:1-39:1    4.967091e-02 -0.1304925173  0.229834330 1.0000000
84:1-39:1    6.905868e-02 -0.1236269014  0.261744256 1.0000000
85:1-39:1   -4.099636e-02 -0.2252306655  0.143237951 1.0000000
86:1-39:1    2.847348e-02 -0.1540417973  0.210988757 1.0000000
87:1-39:1    4.512984e-04 -0.1797121251  0.180614722 1.0000000
88:1-39:1   -7.178781e-03 -0.1905372996  0.176179738 1.0000000
89:1-39:1    3.276851e-02 -0.1489342712  0.214471282 1.0000000
90:1-39:1    3.655732e-02 -0.1389754449  0.212090077 1.0000000
91:1-39:1   -1.121000e-02 -0.1795724670  0.157152474 1.0000000
92:1-39:1    4.998718e-02 -0.1333713422  0.233345695 1.0000000
93:1-39:1    3.885066e-02 -0.1482266616  0.225927982 1.0000000
94:1-39:1    6.276973e-02 -0.1030966307  0.228636090 1.0000000
95:1-39:1    7.342324e-02 -0.0934618167  0.240308289 1.0000000
96:1-39:1    8.989848e-02 -0.0759678807  0.255764840 0.9999995
97:1-39:1    5.675830e-02 -0.1160402525  0.229556855 1.0000000
98:1-39:1    4.552317e-02 -0.1283203441  0.219366689 1.0000000
99:1-39:1    2.785592e-02 -0.1367568107  0.192468651 1.0000000
100:1-39:1  -4.644229e-02 -0.1904541701  0.097569585 1.0000000
41:1-40:1    3.719886e-03 -0.1591944473  0.166634219 1.0000000
42:1-40:1   -1.465446e-03 -0.1843513230  0.181420431 1.0000000
43:1-40:1   -3.993416e-03 -0.1911222931  0.183135461 1.0000000
44:1-40:1    1.366087e-02 -0.2483906326  0.275712372 1.0000000
45:1-40:1    6.198370e-03 -0.2359425444  0.248339284 1.0000000
46:1-40:1   -8.081056e-02 -0.3354607061  0.173839588 1.0000000
47:1-40:1    4.587337e-02 -0.1962675444  0.288014284 1.0000000
48:1-40:1    5.212754e-02 -0.1959295351  0.300184608 1.0000000
49:1-40:1   -8.567775e-04 -0.2376548364  0.235941281 1.0000000
50:1-40:1   -8.258059e-02 -0.2617649217  0.096603734 1.0000000
51:1-40:1   -2.798913e-02 -0.2701300444  0.214151784 1.0000000
52:1-40:1   -2.022713e-02 -0.2275234035  0.187069143 1.0000000
53:1-40:1   -5.725163e-02 -0.2673272839  0.152824023 1.0000000
54:1-40:1    3.718535e-05 -0.1828486914  0.182923062 1.0000000
55:1-40:1    6.779620e-03 -0.1852661019  0.198825341 1.0000000
56:1-40:1    7.726087e-02 -0.1019234583  0.256445197 1.0000000
57:1-40:1   -2.783635e-02 -0.2134833801  0.157810675 1.0000000
58:1-40:1    9.329620e-03 -0.1628079362  0.181467175 1.0000000
59:1-40:1   -1.120375e-02 -0.1719486207  0.149541129 1.0000000
60:1-40:1   -1.059479e-02 -0.1578942612  0.136704680 1.0000000
61:1-40:1   -2.507787e-03 -0.1450738570  0.140058283 1.0000000
62:1-40:1   -3.356606e-03 -0.1513038387  0.144590626 1.0000000
63:1-40:1   -1.392521e-02 -0.1686549425  0.140804530 1.0000000
64:1-40:1    8.660870e-03 -0.1634766862  0.180798425 1.0000000
65:1-40:1    5.835968e-04 -0.1753412738  0.176508468 1.0000000
66:1-40:1    1.192558e-02 -0.1767596343  0.200610785 1.0000000
67:1-40:1    1.090702e-02 -0.1706903168  0.192504364 1.0000000
68:1-40:1   -3.279035e-02 -0.2119746778  0.146393978 1.0000000
69:1-40:1    2.580287e-02 -0.1446416095  0.196247349 1.0000000
70:1-40:1    2.098451e-02 -0.1457063076  0.187675319 1.0000000
71:1-40:1    3.895849e-02 -0.1390943963  0.217011374 1.0000000
72:1-40:1    4.780870e-03 -0.1823480074  0.191909747 1.0000000
73:1-40:1    3.523865e-02 -0.1396842907  0.210161585 1.0000000
74:1-40:1    2.851668e-02 -0.1484506469  0.205484014 1.0000000
75:1-40:1   -3.291469e-02 -0.2078376240  0.142008252 1.0000000
76:1-40:1    1.211960e-02 -0.1496792010  0.173918400 1.0000000
77:1-40:1    1.749933e-02 -0.1513672420  0.186365904 1.0000000
78:1-40:1    2.945254e-02 -0.1280208184  0.186925891 1.0000000
79:1-40:1   -1.795246e-02 -0.1691624673  0.133257540 1.0000000
80:1-40:1    1.039284e-02 -0.1339539263  0.154739600 1.0000000
81:1-40:1   -1.432832e-02 -0.1606203477  0.131963708 1.0000000
82:1-40:1   -3.293913e-02 -0.1802386008  0.114360340 1.0000000
83:1-40:1    3.380205e-02 -0.1358398442  0.203443936 1.0000000
84:1-40:1    5.318982e-02 -0.1296960598  0.236075694 1.0000000
85:1-40:1   -5.686522e-02 -0.2308243854  0.117093951 1.0000000
86:1-40:1    1.260462e-02 -0.1595329362  0.184742175 1.0000000
87:1-40:1   -1.541756e-02 -0.1850594521  0.154224328 1.0000000
88:1-40:1   -2.304764e-02 -0.1960790202  0.149983738 1.0000000
89:1-40:1    1.689965e-02 -0.1543761872  0.188175477 1.0000000
90:1-40:1    2.068846e-02 -0.1440272444  0.185404156 1.0000000
91:1-40:1   -2.707886e-02 -0.1841311831  0.129973470 1.0000000
92:1-40:1    3.411832e-02 -0.1389130627  0.207149695 1.0000000
93:1-40:1    2.298180e-02 -0.1539855306  0.199949130 1.0000000
94:1-40:1    4.690087e-02 -0.1074725779  0.201274317 1.0000000
95:1-40:1    5.755438e-02 -0.0979130889  0.213021841 1.0000000
96:1-40:1    7.402962e-02 -0.0803438279  0.228403067 1.0000000
97:1-40:1    4.088944e-02 -0.1209093597  0.202688242 1.0000000
98:1-40:1    2.965431e-02 -0.1332600210  0.192568645 1.0000000
99:1-40:1    1.198706e-02 -0.1410386337  0.165012754 1.0000000
100:1-40:1  -6.231115e-02 -0.1929210017  0.068298696 1.0000000
42:1-41:1   -5.185332e-03 -0.1775991709  0.167228507 1.0000000
43:1-41:1   -7.713302e-03 -0.1846214829  0.169194879 1.0000000
44:1-41:1    9.940984e-03 -0.2449124599  0.264794427 1.0000000
45:1-41:1    2.478484e-03 -0.2318535673  0.236810535 1.0000000
46:1-41:1   -8.453044e-02 -0.3317671438  0.162706254 1.0000000
47:1-41:1    4.215348e-02 -0.1921785673  0.276485535 1.0000000
48:1-41:1    4.840765e-02 -0.1920327758  0.288848076 1.0000000
49:1-41:1   -4.576663e-03 -0.2333835876  0.224230261 1.0000000
50:1-41:1   -8.630048e-02 -0.2547828563  0.082181897 1.0000000
51:1-41:1   -3.170902e-02 -0.2660410673  0.202623035 1.0000000
52:1-41:1   -2.394702e-02 -0.2220657501  0.174171717 1.0000000
53:1-41:1   -6.097152e-02 -0.2619965597  0.140053527 1.0000000
54:1-41:1   -3.682701e-03 -0.1760965393  0.168731138 1.0000000
55:1-41:1    3.059734e-03 -0.1790414663  0.185160933 1.0000000
56:1-41:1    7.354098e-02 -0.0949413929  0.242023360 1.0000000
57:1-41:1   -3.155624e-02 -0.2068962131  0.143783736 1.0000000
58:1-41:1    5.609734e-03 -0.1553580457  0.166577513 1.0000000
59:1-41:1   -1.492363e-02 -0.1636455288  0.133798265 1.0000000
60:1-41:1   -1.431468e-02 -0.1483908560  0.119761502 1.0000000
61:1-41:1   -6.227673e-03 -0.1350856263  0.122630280 1.0000000
62:1-41:1   -7.076492e-03 -0.1418639970  0.127711013 1.0000000
63:1-41:1   -1.764509e-02 -0.1598441749  0.124553990 1.0000000
64:1-41:1    4.940984e-03 -0.1560267957  0.165908763 1.0000000
65:1-41:1   -3.136289e-03 -0.1681479492  0.161875371 1.0000000
66:1-41:1    8.205689e-03 -0.1703479333  0.186759312 1.0000000
67:1-41:1    7.187137e-03 -0.1638592943  0.178233569 1.0000000
68:1-41:1   -3.651024e-02 -0.2049926124  0.131972141 1.0000000
69:1-41:1    2.208298e-02 -0.1370729408  0.181238908 1.0000000
70:1-41:1    1.726462e-02 -0.1378647298  0.172393970 1.0000000
71:1-41:1    3.523860e-02 -0.1320399605  0.202517166 1.0000000
72:1-41:1    1.060984e-03 -0.1758471972  0.177969164 1.0000000
73:1-41:1    3.151876e-02 -0.1324242839  0.195461807 1.0000000
74:1-41:1    2.479680e-02 -0.1413258195  0.190919415 1.0000000
75:1-41:1   -3.663457e-02 -0.2005776173  0.127308473 1.0000000
76:1-41:1    8.399714e-03 -0.1414606872  0.158260115 1.0000000
77:1-41:1    1.377945e-02 -0.1436854949  0.171244385 1.0000000
78:1-41:1    2.573265e-02 -0.1194470497  0.170912350 1.0000000
79:1-41:1   -2.167235e-02 -0.1600333016  0.116688602 1.0000000
80:1-41:1    6.672951e-03 -0.1241524132  0.137498315 1.0000000
81:1-41:1   -1.804821e-02 -0.1510167934  0.114920382 1.0000000
82:1-41:1   -3.665902e-02 -0.1707351956  0.097417163 1.0000000
83:1-41:1    3.008216e-02 -0.1282139510  0.188378271 1.0000000
84:1-41:1    4.946993e-02 -0.1229439077  0.221883770 1.0000000
85:1-41:1   -6.058510e-02 -0.2234994366  0.102329230 1.0000000
86:1-41:1    8.884734e-03 -0.1520830457  0.169852513 1.0000000
87:1-41:1   -1.913745e-02 -0.1774335589  0.139158663 1.0000000
88:1-41:1   -2.676753e-02 -0.1886907990  0.135155745 1.0000000
89:1-41:1    1.317976e-02 -0.1468661674  0.173225686 1.0000000
90:1-41:1    1.696857e-02 -0.1360364947  0.169973634 1.0000000
91:1-41:1   -3.079874e-02 -0.1755216541  0.113924169 1.0000000
92:1-41:1    3.039843e-02 -0.1315248416  0.192321702 1.0000000
93:1-41:1    1.926191e-02 -0.1468607032  0.185384531 1.0000000
94:1-41:1    4.318098e-02 -0.0986303317  0.184992299 1.0000000
95:1-41:1    5.383449e-02 -0.0891669802  0.196835960 1.0000000
96:1-41:1    7.030973e-02 -0.0715015817  0.212121049 1.0000000
97:1-41:1    3.716956e-02 -0.1126908459  0.187029956 1.0000000
98:1-41:1    2.593443e-02 -0.1251296920  0.176998544 1.0000000
99:1-41:1    8.267174e-03 -0.1320758015  0.148610150 1.0000000
100:1-41:1  -6.603104e-02 -0.1815222526  0.049460176 0.9999881
43:1-42:1   -2.527970e-03 -0.1979829990  0.192927059 1.0000000
44:1-42:1    1.512632e-02 -0.2529342028  0.283186834 1.0000000
45:1-42:1    7.663816e-03 -0.2409677872  0.256295419 1.0000000
46:1-42:1   -7.934511e-02 -0.3401748450  0.181484619 1.0000000
47:1-42:1    4.733882e-02 -0.2012927872  0.295970419 1.0000000
48:1-42:1    5.359298e-02 -0.2008038777  0.307989843 1.0000000
49:1-42:1    6.086687e-04 -0.2428225792  0.244039917 1.0000000
50:1-42:1   -8.111515e-02 -0.2689780635  0.106747768 1.0000000
51:1-42:1   -2.652368e-02 -0.2751552872  0.222107919 1.0000000
52:1-42:1   -1.876168e-02 -0.2336039440  0.196080576 1.0000000
53:1-42:1   -5.578618e-02 -0.2733114287  0.161739060 1.0000000
54:1-42:1    1.502632e-03 -0.1898940657  0.192899329 1.0000000
55:1-42:1    8.245066e-03 -0.1919223915  0.208412523 1.0000000
56:1-42:1    7.872632e-02 -0.1091366000  0.266589232 1.0000000
57:1-42:1   -2.637091e-02 -0.2204076828  0.167665870 1.0000000
58:1-42:1    1.079507e-02 -0.1703589844  0.191949116 1.0000000
59:1-42:1   -9.738300e-03 -0.1801036911  0.160627092 1.0000000
60:1-42:1   -9.129345e-03 -0.1668714942  0.148612805 1.0000000
61:1-42:1   -1.042341e-03 -0.1543737991  0.152289117 1.0000000
62:1-42:1   -1.891160e-03 -0.1602383589  0.156456039 1.0000000
63:1-42:1   -1.245976e-02 -0.1771617426  0.152242222 1.0000000
64:1-42:1    1.012632e-02 -0.1710277344  0.191280366 1.0000000
65:1-42:1    2.049043e-03 -0.1827075858  0.186805672 1.0000000
66:1-42:1    1.339102e-02 -0.1835545550  0.210336598 1.0000000
67:1-42:1    1.237247e-02 -0.1777933679  0.202538307 1.0000000
68:1-42:1   -3.132490e-02 -0.2191878196  0.156538012 1.0000000
69:1-42:1    2.726832e-02 -0.1522777012  0.206814333 1.0000000
70:1-42:1    2.244995e-02 -0.1535366357  0.198436540 1.0000000
71:1-42:1    4.042393e-02 -0.1463601160  0.227207986 1.0000000
72:1-42:1    6.246316e-03 -0.1892087133  0.201701345 1.0000000
73:1-42:1    3.670409e-02 -0.1470987520  0.220506939 1.0000000
74:1-42:1    2.998213e-02 -0.1557674001  0.215731660 1.0000000
75:1-42:1   -3.144924e-02 -0.2152520854  0.152353606 1.0000000
76:1-42:1    1.358505e-02 -0.1577751119  0.184945204 1.0000000
77:1-42:1    1.896478e-02 -0.1590840118  0.197013566 1.0000000
78:1-42:1    3.091798e-02 -0.1363641422  0.198200107 1.0000000
79:1-42:1   -1.648702e-02 -0.1778868842  0.144912849 1.0000000
80:1-42:1    1.185828e-02 -0.1431302321  0.166846798 1.0000000
81:1-42:1   -1.286287e-02 -0.1696646887  0.143938942 1.0000000
82:1-42:1   -3.147368e-02 -0.1892158338  0.126268465 1.0000000
83:1-42:1    3.526749e-02 -0.1435167988  0.214051783 1.0000000
84:1-42:1    5.465526e-02 -0.1367414341  0.246051960 1.0000000
85:1-42:1   -5.539977e-02 -0.2382856479  0.127486106 1.0000000
86:1-42:1    1.407007e-02 -0.1670839844  0.195224116 1.0000000
87:1-42:1   -1.395212e-02 -0.1927364067  0.164832175 1.0000000
88:1-42:1   -2.158219e-02 -0.2035857936  0.160421404 1.0000000
89:1-42:1    1.836509e-02 -0.1619703254  0.198700508 1.0000000
90:1-42:1    2.215390e-02 -0.1519630521  0.196270856 1.0000000
91:1-42:1   -2.561341e-02 -0.1924992548  0.141272434 1.0000000
92:1-42:1    3.558376e-02 -0.1464198362  0.217587361 1.0000000
93:1-42:1    2.444725e-02 -0.1613022838  0.210196776 1.0000000
94:1-42:1    4.836632e-02 -0.1160009957  0.212733627 1.0000000
95:1-42:1    5.901982e-02 -0.1063754149  0.224415059 1.0000000
96:1-42:1    7.549507e-02 -0.0888722457  0.239862377 1.0000000
97:1-42:1    4.235489e-02 -0.1290052707  0.213715045 1.0000000
98:1-42:1    3.111976e-02 -0.1412940803  0.203533597 1.0000000
99:1-42:1    1.345251e-02 -0.1496496542  0.176554667 1.0000000
100:1-42:1  -6.084571e-02 -0.2031284688  0.081437056 1.0000000
44:1-43:1    1.765429e-02 -0.2533188020  0.288627373 1.0000000
45:1-43:1    1.019179e-02 -0.2415772487  0.261960820 1.0000000
46:1-43:1   -7.681714e-02 -0.3406392835  0.187004998 1.0000000
47:1-43:1    4.986679e-02 -0.2019022487  0.301635820 1.0000000
48:1-43:1    5.612095e-02 -0.2013430939  0.313584999 1.0000000
49:1-43:1    3.136639e-03 -0.2434982031  0.249771480 1.0000000
50:1-43:1   -7.858718e-02 -0.2705831355  0.113408780 1.0000000
51:1-43:1   -2.399571e-02 -0.2757647487  0.227773320 1.0000000
52:1-43:1   -1.623371e-02 -0.2346992019  0.202231773 1.0000000
53:1-43:1   -5.325821e-02 -0.2743627250  0.167846296 1.0000000
54:1-43:1    4.030602e-03 -0.1914244276  0.199485631 1.0000000
55:1-43:1    1.077304e-02 -0.1932783882  0.214824460 1.0000000
56:1-43:1    8.125429e-02 -0.1107416721  0.273250244 1.0000000
57:1-43:1   -2.384294e-02 -0.2218839506  0.174198078 1.0000000
58:1-43:1    1.332304e-02 -0.1721136451  0.198759717 1.0000000
59:1-43:1   -7.210330e-03 -0.1821227057  0.167702046 1.0000000
60:1-43:1   -6.601375e-03 -0.1692437998  0.156041050 1.0000000
61:1-43:1    1.485629e-03 -0.1568826403  0.159853898 1.0000000
62:1-43:1    6.368100e-04 -0.1625925014  0.163866121 1.0000000
63:1-43:1   -9.931790e-03 -0.1793328401  0.159469260 1.0000000
64:1-43:1    1.265429e-02 -0.1727823951  0.198090967 1.0000000
65:1-43:1    4.577013e-03 -0.1843806135  0.193534639 1.0000000
66:1-43:1    1.591899e-02 -0.1849728521  0.216810835 1.0000000
67:1-43:1    1.490044e-02 -0.1793494471  0.209150326 1.0000000
68:1-43:1   -2.879693e-02 -0.2207928916  0.163199024 1.0000000
69:1-43:1    2.979629e-02 -0.1540698202  0.213662392 1.0000000
70:1-43:1    2.497792e-02 -0.1554140173  0.205369861 1.0000000
71:1-43:1    4.295190e-02 -0.1479885423  0.233892352 1.0000000
72:1-43:1    8.774286e-03 -0.1906565070  0.208205078 1.0000000
73:1-43:1    3.923206e-02 -0.1487930910  0.227257218 1.0000000
74:1-43:1    3.251010e-02 -0.1574184672  0.222438667 1.0000000
75:1-43:1   -2.892127e-02 -0.2169464243  0.159103885 1.0000000
76:1-43:1    1.611302e-02 -0.1597684112  0.191994443 1.0000000
77:1-43:1    2.149275e-02 -0.1609115947  0.203897089 1.0000000
78:1-43:1    3.344595e-02 -0.1384647276  0.205356632 1.0000000
79:1-43:1   -1.395905e-02 -0.1801513749  0.152233280 1.0000000
80:1-43:1    1.438625e-02 -0.1455869089  0.174359415 1.0000000
81:1-43:1   -1.033490e-02 -0.1720654880  0.151395681 1.0000000
82:1-43:1   -2.894571e-02 -0.1915881394  0.133696711 1.0000000
83:1-43:1    3.779546e-02 -0.1453268887  0.220917813 1.0000000
84:1-43:1    5.718323e-02 -0.1382717960  0.252638262 1.0000000
85:1-43:1   -5.287180e-02 -0.2400006782  0.134257076 1.0000000
86:1-43:1    1.659804e-02 -0.1688386451  0.202034717 1.0000000
87:1-43:1   -1.142415e-02 -0.1945464966  0.171698205 1.0000000
88:1-43:1   -1.905422e-02 -0.2053209225  0.167212473 1.0000000
89:1-43:1    2.089306e-02 -0.1637439752  0.205530098 1.0000000
90:1-43:1    2.468187e-02 -0.1538865642  0.203250308 1.0000000
91:1-43:1   -2.308544e-02 -0.1946105340  0.148439653 1.0000000
92:1-43:1    3.811173e-02 -0.1481549651  0.224378430 1.0000000
93:1-43:1    2.697522e-02 -0.1629533509  0.216903783 1.0000000
94:1-43:1    5.089429e-02 -0.1181813949  0.219969966 1.0000000
95:1-43:1    6.154779e-02 -0.1085273592  0.231622944 1.0000000
96:1-43:1    7.802304e-02 -0.0910526449  0.247098716 1.0000000
97:1-43:1    4.488286e-02 -0.1309985699  0.220764284 1.0000000
98:1-43:1    3.364773e-02 -0.1432604525  0.210555909 1.0000000
99:1-43:1    1.598048e-02 -0.1518655468  0.183826499 1.0000000
100:1-43:1  -5.831774e-02 -0.2060145785  0.089379106 1.0000000
45:1-44:1   -7.462500e-03 -0.3189772186  0.304052219 1.0000000
46:1-44:1   -9.447143e-02 -0.4158059818  0.226863125 1.0000000
47:1-44:1    3.221250e-02 -0.2793022186  0.343727219 1.0000000
48:1-44:1    3.846667e-02 -0.2776686024  0.354601936 1.0000000
49:1-44:1   -1.451765e-02 -0.3218977349  0.292862441 1.0000000
50:1-44:1   -9.624146e-02 -0.3617903686  0.169307442 1.0000000
51:1-44:1   -4.165000e-02 -0.3531647186  0.269864719 1.0000000
52:1-44:1   -3.388800e-02 -0.3191614521  0.251385452 1.0000000
53:1-44:1   -7.091250e-02 -0.3582119568  0.216386957 1.0000000
54:1-44:1   -1.362368e-02 -0.2816842028  0.254436834 1.0000000
55:1-44:1   -6.881250e-03 -0.2812728622  0.267510362 1.0000000
56:1-44:1    6.360000e-02 -0.2019489052  0.329148905 1.0000000
57:1-44:1   -4.149722e-02 -0.3114491003  0.228454656 1.0000000
58:1-44:1   -4.331250e-03 -0.2651770585  0.256514558 1.0000000
59:1-44:1   -2.486462e-02 -0.2783367292  0.228607498 1.0000000
60:1-44:1   -2.425566e-02 -0.2694215872  0.220910266 1.0000000
61:1-44:1   -1.616866e-02 -0.2585202235  0.226182910 1.0000000
62:1-44:1   -1.701748e-02 -0.2625731340  0.228538183 1.0000000
63:1-44:1   -2.758608e-02 -0.2772868747  0.222114723 1.0000000
64:1-44:1   -5.000000e-03 -0.2658458085  0.255845808 1.0000000
65:1-44:1   -1.307727e-02 -0.2764377819  0.250283236 1.0000000
66:1-44:1   -1.735294e-03 -0.2737854845  0.270314896 1.0000000
67:1-44:1   -2.753846e-03 -0.2699369138  0.264429222 1.0000000
68:1-44:1   -4.645122e-02 -0.3120001247  0.219097686 1.0000000
69:1-44:1    1.214200e-02 -0.2475896271  0.271873627 1.0000000
70:1-44:1    7.323636e-03 -0.2499603021  0.264607575 1.0000000
71:1-44:1    2.529762e-02 -0.2394891395  0.290084378 1.0000000
72:1-44:1   -8.880000e-03 -0.2798530877  0.262093088 1.0000000
73:1-44:1    2.157778e-02 -0.2411144984  0.284270054 1.0000000
74:1-44:1    1.485581e-02 -0.2492021981  0.278913826 1.0000000
75:1-44:1   -4.657556e-02 -0.3092678317  0.216116721 1.0000000
76:1-44:1   -1.541270e-03 -0.2556830602  0.252600521 1.0000000
77:1-44:1    3.838462e-03 -0.2548604314  0.262537354 1.0000000
78:1-44:1    1.579167e-02 -0.2356184666  0.267201800 1.0000000
79:1-44:1   -3.161333e-02 -0.2791485083  0.215921842 1.0000000
80:1-44:1   -3.268033e-03 -0.2466713723  0.240135307 1.0000000
81:1-44:1   -2.798919e-02 -0.2725511551  0.216572777 1.0000000
82:1-44:1   -4.660000e-02 -0.2917659268  0.198565927 1.0000000
83:1-44:1    2.014118e-02 -0.2390644728  0.279346826 1.0000000
84:1-44:1    3.952895e-02 -0.2285315712  0.307589466 1.0000000
85:1-44:1   -7.052609e-02 -0.3325775892  0.191525415 1.0000000
86:1-44:1   -1.056250e-03 -0.2619020585  0.259789558 1.0000000
87:1-44:1   -2.907843e-02 -0.2882840807  0.230127218 1.0000000
88:1-44:1   -3.670851e-02 -0.2981450342  0.224728013 1.0000000
89:1-44:1    3.238776e-03 -0.2570391690  0.263516720 1.0000000
90:1-44:1    7.027586e-03 -0.2489811238  0.263036296 1.0000000
91:1-44:1   -4.073973e-02 -0.2918863585  0.210406906 1.0000000
92:1-44:1    2.045745e-02 -0.2409790767  0.281893970 1.0000000
93:1-44:1    9.320930e-03 -0.2547370818  0.273378942 1.0000000
94:1-44:1    3.324000e-02 -0.2162401775  0.282720178 1.0000000
95:1-44:1    4.389351e-02 -0.2062651039  0.294052117 1.0000000
96:1-44:1    6.036875e-02 -0.1891114275  0.309848928 1.0000000
97:1-44:1    2.722857e-02 -0.2269132189  0.281370362 1.0000000
98:1-44:1    1.599344e-02 -0.2388600009  0.270846886 1.0000000
99:1-44:1   -1.673810e-03 -0.2503222775  0.246974658 1.0000000
100:1-44:1  -7.597202e-02 -0.3114887527  0.159544708 1.0000000
46:1-45:1   -8.700893e-02 -0.3923237292  0.218305872 1.0000000
47:1-45:1    3.967500e-02 -0.2552871202  0.334637120 1.0000000
48:1-45:1    4.592917e-02 -0.2539086908  0.345767024 1.0000000
49:1-45:1   -7.055147e-03 -0.2976472165  0.283536922 1.0000000
50:1-45:1   -8.877896e-02 -0.3347006043  0.157142677 1.0000000
51:1-45:1   -3.418750e-02 -0.3291496202  0.260774620 1.0000000
52:1-45:1   -2.642550e-02 -0.2935250599  0.240674060 1.0000000
53:1-45:1   -6.345000e-02 -0.3327123447  0.205812345 1.0000000
54:1-45:1   -6.161184e-03 -0.2547927872  0.242470419 1.0000000
55:1-45:1    5.812500e-04 -0.2548634392  0.256025939 1.0000000
56:1-45:1    7.106250e-02 -0.1748591409  0.316984141 1.0000000
57:1-45:1   -3.403472e-02 -0.2847043233  0.216634879 1.0000000
58:1-45:1    3.131250e-03 -0.2377043126  0.243966813 1.0000000
59:1-45:1   -1.740212e-02 -0.2502311190  0.215426888 1.0000000
60:1-45:1   -1.679316e-02 -0.2405509850  0.206964664 1.0000000
61:1-45:1   -8.706157e-03 -0.2293767582  0.211964445 1.0000000
62:1-45:1   -9.554976e-03 -0.2337397516  0.214629800 1.0000000
63:1-45:1   -2.012358e-02 -0.2488411340  0.208593982 1.0000000
64:1-45:1    2.462500e-03 -0.2383730626  0.243298063 1.0000000
65:1-45:1   -5.614773e-03 -0.2491717275  0.237942182 1.0000000
66:1-45:1    5.727206e-03 -0.2472007255  0.258655137 1.0000000
67:1-45:1    4.708654e-03 -0.2429766790  0.252393987 1.0000000
68:1-45:1   -3.898872e-02 -0.2849103604  0.206932921 1.0000000
69:1-45:1    1.960450e-02 -0.2200238592  0.259232859 1.0000000
70:1-45:1    1.478614e-02 -0.2221869790  0.251759252 1.0000000
71:1-45:1    3.276012e-02 -0.2123383509  0.277858589 1.0000000
72:1-45:1   -1.417500e-03 -0.2531865344  0.250351534 1.0000000
73:1-45:1    2.904028e-02 -0.2137939545  0.271874510 1.0000000
74:1-45:1    2.231831e-02 -0.2219926889  0.266629317 1.0000000
75:1-45:1   -3.911306e-02 -0.2819472878  0.203721177 1.0000000
76:1-45:1    5.921230e-03 -0.2276366471  0.239479107 1.0000000
77:1-45:1    1.130096e-02 -0.2272076329  0.249809556 1.0000000
78:1-45:1    2.325417e-02 -0.2073283295  0.253836663 1.0000000
79:1-45:1   -2.415083e-02 -0.2505020986  0.202200432 1.0000000
80:1-45:1    4.194467e-03 -0.2176307300  0.226019664 1.0000000
81:1-45:1   -2.052669e-02 -0.2436226049  0.202569227 1.0000000
82:1-45:1   -3.913750e-02 -0.2628953246  0.184620325 1.0000000
83:1-45:1    2.760368e-02 -0.2114544776  0.266661831 1.0000000
84:1-45:1    4.699145e-02 -0.2016401557  0.295623050 1.0000000
85:1-45:1   -6.306359e-02 -0.3052045009  0.179077327 1.0000000
86:1-45:1    6.406250e-03 -0.2344293126  0.247241813 1.0000000
87:1-45:1   -2.161593e-02 -0.2606740855  0.217442223 1.0000000
88:1-45:1   -2.924601e-02 -0.2707212439  0.212229223 1.0000000
89:1-45:1    1.070128e-02 -0.2295191250  0.250921676 1.0000000
90:1-45:1    1.449009e-02 -0.2210978846  0.250078057 1.0000000
91:1-45:1   -3.327723e-02 -0.2635723919  0.197017940 1.0000000
92:1-45:1    2.791995e-02 -0.2135552864  0.269395180 1.0000000
93:1-45:1    1.678343e-02 -0.2275275727  0.261094433 1.0000000
94:1-45:1    4.070250e-02 -0.1877741758  0.269179176 1.0000000
95:1-45:1    5.135601e-02 -0.1778612764  0.280573289 1.0000000
96:1-45:1    6.783125e-02 -0.1606454258  0.296307926 1.0000000
97:1-45:1    3.469107e-02 -0.1988668058  0.268248949 1.0000000
98:1-45:1    2.345594e-02 -0.2108761083  0.257787994 1.0000000
99:1-45:1    5.788690e-03 -0.2217795258  0.233356907 1.0000000
100:1-45:1  -6.850952e-02 -0.2816511717  0.144632127 1.0000000
47:1-46:1    1.266839e-01 -0.1786308721  0.431998729 1.0000000
48:1-46:1    1.329381e-01 -0.1770896711  0.442965862 1.0000000
49:1-46:1    7.995378e-02 -0.2211412632  0.381048826 1.0000000
50:1-46:1   -1.770035e-03 -0.2600178395  0.256477770 1.0000000
51:1-46:1    5.282143e-02 -0.2524933721  0.358136229 1.0000000
52:1-46:1    6.058343e-02 -0.2179065175  0.339073375 1.0000000
53:1-46:1    2.355893e-02 -0.2570060112  0.304123868 1.0000000
54:1-46:1    8.084774e-02 -0.1799819878  0.341677477 1.0000000
55:1-46:1    8.759018e-02 -0.1797419452  0.354922302 1.0000000
56:1-46:1    1.580714e-01 -0.1001763761  0.416319233 0.9996776
57:1-46:1    5.297421e-02 -0.2097989355  0.315747348 1.0000000
58:1-46:1    9.014018e-02 -0.1632690624  0.343549420 1.0000000
59:1-46:1    6.960681e-02 -0.1762057579  0.315419384 1.0000000
60:1-46:1    7.021577e-02 -0.1670225914  0.307454128 1.0000000
61:1-46:1    7.830277e-02 -0.1560260346  0.312631578 1.0000000
62:1-46:1    7.745395e-02 -0.1601871398  0.315095045 1.0000000
63:1-46:1    6.688535e-02 -0.1750365284  0.308807234 1.0000000
64:1-46:1    8.947143e-02 -0.1639378124  0.342880670 1.0000000
65:1-46:1    8.139416e-02 -0.1746028469  0.337391159 1.0000000
66:1-46:1    9.273613e-02 -0.1721921835  0.357664452 1.0000000
67:1-46:1    9.171758e-02 -0.1682102908  0.351645456 1.0000000
68:1-46:1    4.802021e-02 -0.2102275956  0.306268014 1.0000000
69:1-46:1    1.066134e-01 -0.1456487876  0.358875645 1.0000000
70:1-46:1    1.017951e-01 -0.1479462664  0.351536396 1.0000000
71:1-46:1    1.197690e-01 -0.1376949986  0.377233094 1.0000000
72:1-46:1    8.559143e-02 -0.1782307120  0.349413569 1.0000000
73:1-46:1    1.160492e-01 -0.1392602912  0.371358704 1.0000000
74:1-46:1    1.093272e-01 -0.1473872707  0.366041756 1.0000000
75:1-46:1    4.789587e-02 -0.2074136245  0.303205371 1.0000000
76:1-46:1    9.293016e-02 -0.1535728984  0.339433216 1.0000000
77:1-46:1    9.830989e-02 -0.1528888853  0.349508666 1.0000000
78:1-46:1    1.102631e-01 -0.1334226916  0.353948882 1.0000000
79:1-46:1    6.285810e-02 -0.1768278877  0.302544078 1.0000000
80:1-46:1    9.120340e-02 -0.1442130295  0.326619821 1.0000000
81:1-46:1    6.648224e-02 -0.1701319250  0.303096404 1.0000000
82:1-46:1    4.787143e-02 -0.1893669310  0.285109788 1.0000000
83:1-46:1    1.146126e-01 -0.1371080262  0.366333236 1.0000000
84:1-46:1    1.340004e-01 -0.1268293563  0.394830108 1.0000000
85:1-46:1    2.394534e-02 -0.2307048054  0.278595489 1.0000000
86:1-46:1    9.341518e-02 -0.1599940624  0.346824420 1.0000000
87:1-46:1    6.539300e-02 -0.1863276341  0.317113628 1.0000000
88:1-46:1    5.776292e-02 -0.1962543323  0.311780168 1.0000000
89:1-46:1    9.771020e-02 -0.1551144704  0.350534879 1.0000000
90:1-46:1    1.014990e-01 -0.1469283734  0.349926403 1.0000000
91:1-46:1    5.373170e-02 -0.1896822218  0.297145627 1.0000000
92:1-46:1    1.149289e-01 -0.1390883749  0.368946126 1.0000000
93:1-46:1    1.037924e-01 -0.1529221544  0.360506872 1.0000000
94:1-46:1    1.277114e-01 -0.1139827306  0.369405588 0.9999999
95:1-46:1    1.383649e-01 -0.1040294501  0.380759320 0.9999891
96:1-46:1    1.548402e-01 -0.0868539806  0.396534338 0.9980074
97:1-46:1    1.217000e-01 -0.1248030572  0.368203057 1.0000000
98:1-46:1    1.104649e-01 -0.1367718276  0.357701570 1.0000000
99:1-46:1    9.279762e-02 -0.1480379436  0.333633182 1.0000000
100:1-46:1   1.849941e-02 -0.2087533998  0.245752213 1.0000000
48:1-47:1    6.254167e-03 -0.2935836908  0.306092024 1.0000000
49:1-47:1   -4.673015e-02 -0.3373222165  0.243861922 1.0000000
50:1-47:1   -1.284540e-01 -0.3743756043  0.117467677 1.0000000
51:1-47:1   -7.386250e-02 -0.3688246202  0.221099620 1.0000000
52:1-47:1   -6.610050e-02 -0.3332000599  0.200999060 1.0000000
53:1-47:1   -1.031250e-01 -0.3723873447  0.166137345 1.0000000
54:1-47:1   -4.583618e-02 -0.2944677872  0.202795419 1.0000000
55:1-47:1   -3.909375e-02 -0.2945384392  0.216350939 1.0000000
56:1-47:1    3.138750e-02 -0.2145341409  0.277309141 1.0000000
57:1-47:1   -7.370972e-02 -0.3243793233  0.176959879 1.0000000
58:1-47:1   -3.654375e-02 -0.2773793126  0.204291813 1.0000000
59:1-47:1   -5.707712e-02 -0.2899061190  0.175751888 1.0000000
60:1-47:1   -5.646816e-02 -0.2802259850  0.167289664 1.0000000
61:1-47:1   -4.838116e-02 -0.2690517582  0.172289445 1.0000000
62:1-47:1   -4.922998e-02 -0.2734147516  0.174954800 1.0000000
63:1-47:1   -5.979858e-02 -0.2885161340  0.168918982 1.0000000
64:1-47:1   -3.721250e-02 -0.2780480626  0.203623063 1.0000000
65:1-47:1   -4.528977e-02 -0.2888467275  0.198267182 1.0000000
66:1-47:1   -3.394779e-02 -0.2868757255  0.218980137 1.0000000
67:1-47:1   -3.496635e-02 -0.2826516790  0.212718987 1.0000000
68:1-47:1   -7.866372e-02 -0.3245853604  0.167257921 1.0000000
69:1-47:1   -2.007050e-02 -0.2596988592  0.219557859 1.0000000
70:1-47:1   -2.488886e-02 -0.2618619790  0.212084252 1.0000000
71:1-47:1   -6.914881e-03 -0.2520133509  0.238183589 1.0000000
72:1-47:1   -4.109250e-02 -0.2928615344  0.210676534 1.0000000
73:1-47:1   -1.063472e-02 -0.2534689545  0.232199510 1.0000000
74:1-47:1   -1.735669e-02 -0.2616676889  0.226954317 1.0000000
75:1-47:1   -7.878806e-02 -0.3216222878  0.164046177 1.0000000
76:1-47:1   -3.375377e-02 -0.2673116471  0.199804107 1.0000000
77:1-47:1   -2.837404e-02 -0.2668826329  0.210134556 1.0000000
78:1-47:1   -1.642083e-02 -0.2470033295  0.214161663 1.0000000
79:1-47:1   -6.382583e-02 -0.2901770986  0.162525432 1.0000000
80:1-47:1   -3.548053e-02 -0.2573057300  0.186344664 1.0000000
81:1-47:1   -6.020169e-02 -0.2832976049  0.162894227 1.0000000
82:1-47:1   -7.881250e-02 -0.3025703246  0.144945325 1.0000000
83:1-47:1   -1.207132e-02 -0.2511294776  0.226986831 1.0000000
84:1-47:1    7.316447e-03 -0.2413151557  0.255948050 1.0000000
85:1-47:1   -1.027386e-01 -0.3448795009  0.139402327 1.0000000
86:1-47:1   -3.326875e-02 -0.2741043126  0.207566813 1.0000000
87:1-47:1   -6.129093e-02 -0.3003490855  0.177767223 1.0000000
88:1-47:1   -6.892101e-02 -0.3103962439  0.172554223 1.0000000
89:1-47:1   -2.897372e-02 -0.2691941250  0.211246676 1.0000000
90:1-47:1   -2.518491e-02 -0.2607728846  0.210403057 1.0000000
91:1-47:1   -7.295223e-02 -0.3032473919  0.157342940 1.0000000
92:1-47:1   -1.175505e-02 -0.2532302864  0.229720180 1.0000000
93:1-47:1   -2.289157e-02 -0.2672025727  0.221419433 1.0000000
94:1-47:1    1.027500e-03 -0.2274491758  0.229504176 1.0000000
95:1-47:1    1.168101e-02 -0.2175362764  0.240898289 1.0000000
96:1-47:1    2.815625e-02 -0.2003204258  0.256632926 1.0000000
97:1-47:1   -4.983929e-03 -0.2385418058  0.228573949 1.0000000
98:1-47:1   -1.621906e-02 -0.2505511083  0.218112994 1.0000000
99:1-47:1   -3.388631e-02 -0.2614545258  0.193681907 1.0000000
100:1-47:1  -1.081845e-01 -0.3213261717  0.104957127 1.0000000
49:1-48:1   -5.298431e-02 -0.3485242251  0.242555598 1.0000000
50:1-48:1   -1.347081e-01 -0.3864570960  0.117040836 0.9999998
51:1-48:1   -8.011667e-02 -0.3799545241  0.219721191 1.0000000
52:1-48:1   -7.235467e-02 -0.3448290018  0.200119669 1.0000000
53:1-48:1   -1.093792e-01 -0.3839739567  0.165215623 1.0000000
54:1-48:1   -5.209035e-02 -0.3064872110  0.202306509 1.0000000
55:1-48:1   -4.534792e-02 -0.3064074456  0.215711612 1.0000000
56:1-48:1    2.513333e-02 -0.2266156326  0.276882299 1.0000000
57:1-48:1   -7.996389e-02 -0.3363529240  0.176425146 1.0000000
58:1-48:1   -4.279792e-02 -0.2895809320  0.203985099 1.0000000
59:1-48:1   -6.333128e-02 -0.3023070828  0.175644519 1.0000000
60:1-48:1   -6.272233e-02 -0.2928693507  0.167424697 1.0000000
61:1-48:1   -5.463532e-02 -0.2817819782  0.172511331 1.0000000
62:1-48:1   -5.548414e-02 -0.2860462862  0.175078001 1.0000000
63:1-48:1   -6.605274e-02 -0.3010246766  0.168919191 1.0000000
64:1-48:1   -4.346667e-02 -0.2902496820  0.203316349 1.0000000
65:1-48:1   -5.154394e-02 -0.3009834684  0.197895590 1.0000000
66:1-48:1   -4.020196e-02 -0.2987993832  0.218395462 1.0000000
67:1-48:1   -4.122051e-02 -0.2946926267  0.212251601 1.0000000
68:1-48:1   -8.491789e-02 -0.3366668521  0.166831080 1.0000000
69:1-48:1   -2.632467e-02 -0.2719297133  0.219280380 1.0000000
70:1-48:1   -3.114303e-02 -0.2741581447  0.211872084 1.0000000
71:1-48:1   -1.316905e-02 -0.2641139586  0.237775863 1.0000000
72:1-48:1   -4.734667e-02 -0.3048107129  0.210117380 1.0000000
73:1-48:1   -1.688889e-02 -0.2656227884  0.231845011 1.0000000
74:1-48:1   -2.361085e-02 -0.2737867000  0.226564995 1.0000000
75:1-48:1   -8.504222e-02 -0.3337761217  0.163691677 1.0000000
76:1-48:1   -4.000794e-02 -0.2796939195  0.199678046 1.0000000
77:1-48:1   -3.462821e-02 -0.2791408592  0.209884449 1.0000000
78:1-48:1   -2.267500e-02 -0.2594626178  0.214112618 1.0000000
79:1-48:1   -7.008000e-02 -0.3027492581  0.162589258 1.0000000
80:1-48:1   -4.173470e-02 -0.2700031960  0.186533797 1.0000000
81:1-48:1   -6.645586e-02 -0.2959593983  0.163047687 1.0000000
82:1-48:1   -8.506667e-02 -0.3152136903  0.145080357 1.0000000
83:1-48:1   -1.832549e-02 -0.2633742393  0.226723259 1.0000000
84:1-48:1    1.062281e-03 -0.2533345794  0.255459141 1.0000000
85:1-48:1   -1.089928e-01 -0.3570498250  0.139064318 1.0000000
86:1-48:1   -3.952292e-02 -0.2863059320  0.207260099 1.0000000
87:1-48:1   -6.754510e-02 -0.3125938472  0.177503651 1.0000000
88:1-48:1   -7.517518e-02 -0.3225824866  0.172232132 1.0000000
89:1-48:1   -3.522789e-02 -0.2814106063  0.210954824 1.0000000
90:1-48:1   -3.143908e-02 -0.2731036836  0.210225523 1.0000000
91:1-48:1   -7.920639e-02 -0.3157142188  0.157301433 1.0000000
92:1-48:1   -1.800922e-02 -0.2654165291  0.229398089 1.0000000
93:1-48:1   -2.914574e-02 -0.2793215837  0.221030111 1.0000000
94:1-48:1   -5.226667e-03 -0.2399641366  0.229510803 1.0000000
95:1-48:1    5.426840e-03 -0.2300315454  0.240885225 1.0000000
96:1-48:1    2.190208e-02 -0.2128353866  0.256639553 1.0000000
97:1-48:1   -1.123810e-02 -0.2509240782  0.228447888 1.0000000
98:1-48:1   -2.247322e-02 -0.2629136501  0.217967202 1.0000000
99:1-48:1   -4.014048e-02 -0.2739938094  0.193712857 1.0000000
100:1-48:1  -1.144387e-01 -0.3342782922  0.105400915 1.0000000
50:1-49:1   -8.172382e-02 -0.3223865511  0.158938918 1.0000000
51:1-49:1   -2.713235e-02 -0.3177244223  0.263459716 1.0000000
52:1-49:1   -1.937035e-02 -0.2816360071  0.242895301 1.0000000
53:1-49:1   -5.639485e-02 -0.3208628259  0.208073120 1.0000000
54:1-49:1    8.939628e-04 -0.2425372851  0.244325211 1.0000000
55:1-49:1    7.636397e-03 -0.2427494806  0.258022275 1.0000000
56:1-49:1    7.811765e-02 -0.1625450877  0.318780382 1.0000000
57:1-49:1   -2.697958e-02 -0.2724919931  0.218532843 1.0000000
58:1-49:1    1.018640e-02 -0.2252766928  0.245649487 1.0000000
59:1-49:1   -1.034697e-02 -0.2376143073  0.216920371 1.0000000
60:1-49:1   -9.738013e-03 -0.2277028328  0.208226806 1.0000000
61:1-49:1   -1.651010e-03 -0.2164453597  0.213143340 1.0000000
62:1-49:1   -2.499829e-03 -0.2209029243  0.215903267 1.0000000
63:1-49:1   -1.306843e-02 -0.2361218301  0.209984972 1.0000000
64:1-49:1    9.517647e-03 -0.2259454428  0.244980737 1.0000000
65:1-49:1    1.440374e-03 -0.2368054833  0.239686232 1.0000000
66:1-49:1    1.278235e-02 -0.2350353965  0.260600102 1.0000000
67:1-49:1    1.176380e-02 -0.2307008822  0.254228484 1.0000000
68:1-49:1   -3.193357e-02 -0.2725963072  0.208729162 1.0000000
69:1-49:1    2.665965e-02 -0.2075685515  0.260887846 1.0000000
70:1-49:1    2.184128e-02 -0.2096697441  0.253352311 1.0000000
71:1-49:1    3.981527e-02 -0.2000062475  0.279636780 1.0000000
72:1-49:1    5.637647e-03 -0.2409971947  0.252272489 1.0000000
73:1-49:1    3.609542e-02 -0.2014115494  0.273602399 1.0000000
74:1-49:1    2.937346e-02 -0.2096432007  0.268390123 1.0000000
75:1-49:1   -3.205791e-02 -0.2695648828  0.205449066 1.0000000
76:1-49:1    1.297638e-02 -0.2150376146  0.240990369 1.0000000
77:1-49:1    1.835611e-02 -0.2147263834  0.251438601 1.0000000
78:1-49:1    3.030931e-02 -0.1946559858  0.255274613 1.0000000
79:1-49:1   -1.709569e-02 -0.2377220531  0.203530681 1.0000000
80:1-49:1    1.124961e-02 -0.2047307473  0.227229976 1.0000000
81:1-49:1   -1.347154e-02 -0.2307568064  0.203813722 1.0000000
82:1-49:1   -3.208235e-02 -0.2500471724  0.185882467 1.0000000
83:1-49:1    3.465882e-02 -0.1989859913  0.268303638 1.0000000
84:1-49:1    5.404659e-02 -0.1893846535  0.297477842 1.0000000
85:1-49:1   -5.600844e-02 -0.2928064988  0.180789619 1.0000000
86:1-49:1    1.346140e-02 -0.2220016928  0.248924487 1.0000000
87:1-49:1   -1.456078e-02 -0.2482055992  0.219084031 1.0000000
88:1-49:1   -2.219086e-02 -0.2583081792  0.213926452 1.0000000
89:1-49:1    1.775642e-02 -0.2170774321  0.252590277 1.0000000
90:1-49:1    2.154523e-02 -0.2085477707  0.251638237 1.0000000
91:1-49:1   -2.622208e-02 -0.2508928645  0.198448707 1.0000000
92:1-49:1    3.497509e-02 -0.2011422217  0.271092409 1.0000000
93:1-49:1    2.383858e-02 -0.2151780845  0.262855239 1.0000000
94:1-49:1    4.775765e-02 -0.1750487484  0.270564043 1.0000000
95:1-49:1    5.841115e-02 -0.1651546337  0.281976941 1.0000000
96:1-49:1    7.488640e-02 -0.1479199984  0.297692793 1.0000000
97:1-49:1    4.174622e-02 -0.1862677734  0.269760210 1.0000000
98:1-49:1    3.051109e-02 -0.1982958345  0.259318014 1.0000000
99:1-49:1    1.284384e-02 -0.2090308828  0.234718558 1.0000000
100:1-49:1  -6.145438e-02 -0.2685062074  0.145597457 1.0000000
51:1-50:1    5.459146e-02 -0.1913301775  0.300513104 1.0000000
52:1-50:1    6.235346e-02 -0.1493467398  0.274053667 1.0000000
53:1-50:1    2.532896e-02 -0.1890935433  0.239751470 1.0000000
54:1-50:1    8.261778e-02 -0.1052451366  0.270480695 1.0000000
55:1-50:1    8.936021e-02 -0.1074310221  0.286151449 1.0000000
56:1-50:1    1.598415e-01 -0.0244199123  0.344102839 0.3684363
57:1-50:1    5.474424e-02 -0.1358077203  0.245296203 1.0000000
58:1-50:1    9.191021e-02 -0.0855061594  0.269326586 1.0000000
59:1-50:1    7.137685e-02 -0.0950086863  0.237762382 1.0000000
60:1-50:1    7.198580e-02 -0.0814494119  0.225421018 1.0000000
61:1-50:1    8.007281e-02 -0.0688241895  0.228969803 0.9999997
62:1-50:1    7.922399e-02 -0.0748331928  0.233281168 1.0000000
63:1-50:1    6.865539e-02 -0.0919264373  0.229237212 1.0000000
64:1-50:1    9.124146e-02 -0.0861749094  0.268657836 1.0000000
65:1-50:1    8.316419e-02 -0.0979291315  0.264257513 1.0000000
66:1-50:1    9.450617e-02 -0.0990069817  0.288019320 1.0000000
67:1-50:1    9.348762e-02 -0.0931211317  0.280096366 1.0000000
68:1-50:1    4.979024e-02 -0.1344711318  0.234051620 1.0000000
69:1-50:1    1.083835e-01 -0.0673906862  0.284157613 0.9995587
70:1-50:1    1.035651e-01 -0.0685716439  0.275701843 0.9998503
71:1-50:1    1.215391e-01 -0.0616222155  0.304700380 0.9933582
72:1-50:1    8.736146e-02 -0.1046344944  0.279357421 1.0000000
73:1-50:1    1.178192e-01 -0.0623009006  0.297939383 0.9958521
74:1-50:1    1.110973e-01 -0.0710089204  0.293203475 0.9997209
75:1-50:1    4.966591e-02 -0.1304542339  0.229786050 1.0000000
76:1-50:1    9.470019e-02 -0.0727037584  0.262104146 0.9999933
77:1-50:1    1.000799e-01 -0.0741645892  0.274324439 0.9999848
78:1-50:1    1.120331e-01 -0.0511939775  0.275260238 0.9819236
79:1-50:1    6.462813e-02 -0.0925650516  0.221821312 1.0000000
80:1-50:1    9.297343e-02 -0.0576294221  0.243576283 0.9995360
81:1-50:1    6.825227e-02 -0.0842160461  0.220720595 1.0000000
82:1-50:1    4.964146e-02 -0.1037937516  0.203076678 1.0000000
83:1-50:1    1.163826e-01 -0.0586133662  0.291378646 0.9928667
84:1-50:1    1.357704e-01 -0.0520925051  0.323633327 0.9366593
85:1-50:1    2.571538e-02 -0.1534689514  0.204899704 1.0000000
86:1-50:1    9.518521e-02 -0.0822311594  0.272601586 0.9999997
87:1-50:1    6.716303e-02 -0.1078329741  0.242159038 1.0000000
88:1-50:1    5.953295e-02 -0.1187507800  0.237816686 1.0000000
89:1-50:1    9.948024e-02 -0.0771001732  0.276060651 0.9999947
90:1-50:1    1.032690e-01 -0.0669557815  0.273493881 0.9997821
91:1-50:1    5.550174e-02 -0.1073192211  0.218322696 1.0000000
92:1-50:1    1.166989e-01 -0.0615848226  0.294982643 0.9957538
93:1-50:1    1.055624e-01 -0.0765438041  0.287668591 0.9999755
94:1-50:1    1.294815e-01 -0.0307570854  0.289720012 0.6409385
95:1-50:1    1.401350e-01 -0.0211578194  0.301427759 0.3628200
96:1-50:1    1.566102e-01 -0.0036283354  0.316848762 0.0748758
97:1-50:1    1.234700e-01 -0.0439339171  0.290873987 0.9046282
98:1-50:1    1.122349e-01 -0.0562474705  0.280717283 0.9924885
99:1-50:1    9.456765e-02 -0.0643728827  0.253508190 0.9999109
100:1-50:1   2.026944e-02 -0.1172229727  0.157761855 1.0000000
52:1-51:1    7.762000e-03 -0.2593375599  0.274861560 1.0000000
53:1-51:1   -2.926250e-02 -0.2985248447  0.239999845 1.0000000
54:1-51:1    2.802632e-02 -0.2206052872  0.276657919 1.0000000
55:1-51:1    3.476875e-02 -0.2206759392  0.290213439 1.0000000
56:1-51:1    1.052500e-01 -0.1406716409  0.351171641 1.0000000
57:1-51:1    1.527778e-04 -0.2505168233  0.250822379 1.0000000
58:1-51:1    3.731875e-02 -0.2035168126  0.278154313 1.0000000
59:1-51:1    1.678538e-02 -0.2160436190  0.249614388 1.0000000
60:1-51:1    1.739434e-02 -0.2063634850  0.241152164 1.0000000
61:1-51:1    2.548134e-02 -0.1951892582  0.246151945 1.0000000
62:1-51:1    2.463252e-02 -0.1995522516  0.248817300 1.0000000
63:1-51:1    1.406392e-02 -0.2146536340  0.242781482 1.0000000
64:1-51:1    3.665000e-02 -0.2041855626  0.277485563 1.0000000
65:1-51:1    2.857273e-02 -0.2149842275  0.272129682 1.0000000
66:1-51:1    3.991471e-02 -0.2130132255  0.292842637 1.0000000
67:1-51:1    3.889615e-02 -0.2087891790  0.286581487 1.0000000
68:1-51:1   -4.801220e-03 -0.2507228604  0.241120421 1.0000000
69:1-51:1    5.379200e-02 -0.1858363592  0.293420359 1.0000000
70:1-51:1    4.897364e-02 -0.1879994790  0.285946752 1.0000000
71:1-51:1    6.694762e-02 -0.1781508509  0.312046089 1.0000000
72:1-51:1    3.277000e-02 -0.2189990344  0.284539034 1.0000000
73:1-51:1    6.322778e-02 -0.1796064545  0.306062010 1.0000000
74:1-51:1    5.650581e-02 -0.1878051889  0.300816817 1.0000000
75:1-51:1   -4.925556e-03 -0.2477597878  0.237908677 1.0000000
76:1-51:1    4.010873e-02 -0.1934491471  0.273666607 1.0000000
77:1-51:1    4.548846e-02 -0.1930201329  0.283997056 1.0000000
78:1-51:1    5.744167e-02 -0.1731408295  0.288024163 1.0000000
79:1-51:1    1.003667e-02 -0.2163145986  0.236387932 1.0000000
80:1-51:1    3.838197e-02 -0.1834432300  0.260207164 1.0000000
81:1-51:1    1.366081e-02 -0.2094351049  0.236756727 1.0000000
82:1-51:1   -4.950000e-03 -0.2287078246  0.218807825 1.0000000
83:1-51:1    6.179118e-02 -0.1772669776  0.300849331 1.0000000
84:1-51:1    8.117895e-02 -0.1674526557  0.329810550 1.0000000
85:1-51:1   -2.887609e-02 -0.2710170009  0.213264827 1.0000000
86:1-51:1    4.059375e-02 -0.2002418126  0.281429313 1.0000000
87:1-51:1    1.257157e-02 -0.2264865855  0.251629723 1.0000000
88:1-51:1    4.941489e-03 -0.2365337439  0.246416723 1.0000000
89:1-51:1    4.488878e-02 -0.1953316250  0.285109176 1.0000000
90:1-51:1    4.867759e-02 -0.1869103846  0.284265557 1.0000000
91:1-51:1    9.102740e-04 -0.2293848919  0.231205440 1.0000000
92:1-51:1    6.210745e-02 -0.1793677864  0.303582680 1.0000000
93:1-51:1    5.097093e-02 -0.1933400727  0.295281933 1.0000000
94:1-51:1    7.489000e-02 -0.1535866758  0.303366676 1.0000000
95:1-51:1    8.554351e-02 -0.1436737764  0.314760789 1.0000000
96:1-51:1    1.020188e-01 -0.1264579258  0.330495426 1.0000000
97:1-51:1    6.887857e-02 -0.1646793058  0.302436449 1.0000000
98:1-51:1    5.764344e-02 -0.1766886083  0.291975494 1.0000000
99:1-51:1    3.997619e-02 -0.1875920258  0.267544407 1.0000000
100:1-51:1  -3.432202e-02 -0.2474636717  0.178819627 1.0000000
53:1-52:1   -3.702450e-02 -0.2754395433  0.201390543 1.0000000
54:1-52:1    2.026432e-02 -0.1945779440  0.235106576 1.0000000
55:1-52:1    2.700675e-02 -0.1956847672  0.249698267 1.0000000
56:1-52:1    9.748800e-02 -0.1142122032  0.309188203 1.0000000
57:1-52:1   -7.609222e-03 -0.2248067625  0.209588318 1.0000000
58:1-52:1    2.955675e-02 -0.1762132449  0.235326745 1.0000000
59:1-52:1    9.023385e-03 -0.1873152705  0.205362040 1.0000000
60:1-52:1    9.632340e-03 -0.1758591337  0.195123813 1.0000000
61:1-52:1    1.771934e-02 -0.1640360884  0.199474775 1.0000000
62:1-52:1    1.687052e-02 -0.1691357560  0.202876805 1.0000000
63:1-52:1    6.301924e-03 -0.1851432219  0.197747070 1.0000000
64:1-52:1    2.888800e-02 -0.1768819949  0.234657995 1.0000000
65:1-52:1    2.081073e-02 -0.1881378616  0.229759316 1.0000000
66:1-52:1    3.215271e-02 -0.1876473420  0.251952754 1.0000000
67:1-52:1    3.113415e-02 -0.1826123003  0.244880608 1.0000000
68:1-52:1   -1.256322e-02 -0.2242634227  0.199136984 1.0000000
69:1-52:1    4.603000e-02 -0.1583257514  0.250385751 1.0000000
70:1-52:1    4.121164e-02 -0.1600239967  0.242447269 1.0000000
71:1-52:1    5.918562e-02 -0.1515577854  0.269929024 1.0000000
72:1-52:1    2.500800e-02 -0.1934574876  0.243473488 1.0000000
73:1-52:1    5.546578e-02 -0.1526399332  0.263571489 1.0000000
74:1-52:1    4.874381e-02 -0.1610832308  0.258570859 1.0000000
75:1-52:1   -1.268756e-02 -0.2207932665  0.195418155 1.0000000
76:1-52:1    3.234673e-02 -0.1648557156  0.229549176 1.0000000
77:1-52:1    3.772646e-02 -0.1653150913  0.240768014 1.0000000
78:1-52:1    4.967967e-02 -0.1439896652  0.243348999 1.0000000
79:1-52:1    2.274667e-03 -0.1863371512  0.190886485 1.0000000
80:1-52:1    3.061997e-02 -0.1525355424  0.213775477 1.0000000
81:1-52:1    5.898811e-03 -0.1787936638  0.190591285 1.0000000
82:1-52:1   -1.271200e-02 -0.1982034733  0.172779473 1.0000000
83:1-52:1    5.402918e-02 -0.1496576509  0.257716004 1.0000000
84:1-52:1    7.341695e-02 -0.1414253125  0.288259207 1.0000000
85:1-52:1   -3.663809e-02 -0.2439343600  0.170658186 1.0000000
86:1-52:1    3.283175e-02 -0.1729382449  0.238601745 1.0000000
87:1-52:1    4.809569e-03 -0.1988772587  0.208496396 1.0000000
88:1-52:1   -2.820511e-03 -0.2093388170  0.203697796 1.0000000
89:1-52:1    3.712678e-02 -0.1679228853  0.242176436 1.0000000
90:1-52:1    4.091559e-02 -0.1586870555  0.240518228 1.0000000
91:1-52:1   -6.851726e-03 -0.2001788736  0.186475422 1.0000000
92:1-52:1    5.434545e-02 -0.1521728595  0.260863753 1.0000000
93:1-52:1    4.320893e-02 -0.1666181145  0.253035975 1.0000000
94:1-52:1    6.712800e-02 -0.1240293017  0.258285302 1.0000000
95:1-52:1    7.778151e-02 -0.1142603779  0.269823391 1.0000000
96:1-52:1    9.425675e-02 -0.0969005517  0.285414052 1.0000000
97:1-52:1    6.111657e-02 -0.1360858743  0.258319017 1.0000000
98:1-52:1    4.988144e-02 -0.1482372911  0.248000176 1.0000000
99:1-52:1    3.221419e-02 -0.1578563639  0.222284745 1.0000000
100:1-52:1  -4.208402e-02 -0.2146206425  0.130452598 1.0000000
54:1-53:1    5.728882e-02 -0.1602364287  0.274814060 1.0000000
55:1-53:1    6.403125e-02 -0.1612497905  0.289312290 1.0000000
56:1-53:1    1.345125e-01 -0.0799100067  0.348935007 0.9991066
57:1-53:1    2.941528e-02 -0.1904365061  0.249267062 1.0000000
58:1-53:1    6.658125e-02 -0.1419884654  0.275150965 1.0000000
59:1-53:1    4.604788e-02 -0.1532230437  0.245318813 1.0000000
60:1-53:1    4.665684e-02 -0.1419356364  0.235249316 1.0000000
61:1-53:1    5.474384e-02 -0.1301752534  0.239662940 1.0000000
62:1-53:1    5.389502e-02 -0.1352038167  0.242993865 1.0000000
63:1-53:1    4.332642e-02 -0.1511248019  0.237777650 1.0000000
64:1-53:1    6.591250e-02 -0.1426572154  0.274482215 1.0000000
65:1-53:1    5.783523e-02 -0.1538710508  0.269541505 1.0000000
66:1-53:1    6.917721e-02 -0.1532460313  0.291600443 1.0000000
67:1-53:1    6.815865e-02 -0.1482843687  0.284601676 1.0000000
68:1-53:1    2.446128e-02 -0.1899612263  0.238883787 1.0000000
69:1-53:1    8.305450e-02 -0.1241200846  0.290229085 1.0000000
70:1-53:1    7.823614e-02 -0.1258614270  0.282333700 1.0000000
71:1-53:1    9.621012e-02 -0.1172677906  0.309688029 1.0000000
72:1-53:1    6.203250e-02 -0.1590720107  0.283137011 1.0000000
73:1-53:1    9.249028e-02 -0.1183841453  0.303364701 1.0000000
74:1-53:1    8.576831e-02 -0.1268050242  0.298341652 1.0000000
75:1-53:1    2.433694e-02 -0.1865374786  0.235211368 1.0000000
76:1-53:1    6.937123e-02 -0.1307508325  0.269493293 1.0000000
77:1-53:1    7.475096e-02 -0.1311274189  0.280629342 1.0000000
78:1-53:1    8.670417e-02 -0.1099372468  0.283345580 1.0000000
79:1-53:1    3.929917e-02 -0.1523631750  0.230961508 1.0000000
80:1-53:1    6.764447e-02 -0.1186509328  0.253939867 1.0000000
81:1-53:1    4.292331e-02 -0.1448833598  0.230729981 1.0000000
82:1-53:1    2.431250e-02 -0.1642799761  0.212904976 1.0000000
83:1-53:1    9.105368e-02 -0.1154611147  0.297568468 1.0000000
84:1-53:1    1.104414e-01 -0.1070837971  0.327966692 1.0000000
85:1-53:1    3.864130e-04 -0.2096892404  0.210462066 1.0000000
86:1-53:1    6.985625e-02 -0.1387134654  0.278425965 1.0000000
87:1-53:1    4.183407e-02 -0.1646807226  0.248348860 1.0000000
88:1-53:1    3.420399e-02 -0.1751040282  0.243512007 1.0000000
89:1-53:1    7.415128e-02 -0.1337078084  0.282010359 1.0000000
90:1-53:1    7.794009e-02 -0.1245475676  0.280427740 1.0000000
91:1-53:1    3.017277e-02 -0.1661316359  0.226477184 1.0000000
92:1-53:1    9.136995e-02 -0.1179380707  0.300677964 1.0000000
93:1-53:1    8.023343e-02 -0.1323399079  0.292806768 1.0000000
94:1-53:1    1.041525e-01 -0.0900153381  0.298320338 0.9999997
95:1-53:1    1.148060e-01 -0.0802327607  0.309844774 0.9999470
96:1-53:1    1.312813e-01 -0.0628865881  0.325449088 0.9882079
97:1-53:1    9.814107e-02 -0.1019809912  0.298263134 1.0000000
98:1-53:1    8.690594e-02 -0.1141191007  0.287930986 1.0000000
99:1-53:1    6.923869e-02 -0.1238593442  0.262336725 1.0000000
100:1-53:1  -5.059522e-03 -0.1809257234  0.170806679 1.0000000
55:1-54:1    6.742434e-03 -0.1934250230  0.206909891 1.0000000
56:1-54:1    7.722368e-02 -0.1106392316  0.265086600 1.0000000
57:1-54:1   -2.787354e-02 -0.2219103144  0.166163238 1.0000000
58:1-54:1    9.292434e-03 -0.1718616160  0.190446484 1.0000000
59:1-54:1   -1.124093e-02 -0.1816063226  0.159124460 1.0000000
60:1-54:1   -1.063198e-02 -0.1683741258  0.147110173 1.0000000
61:1-54:1   -2.544973e-03 -0.1558764307  0.150786486 1.0000000
62:1-54:1   -3.393792e-03 -0.1617409905  0.154953407 1.0000000
63:1-54:1   -1.396239e-02 -0.1786643742  0.150739591 1.0000000
64:1-54:1    8.623684e-03 -0.1725303660  0.189777734 1.0000000
65:1-54:1    5.464115e-04 -0.1842102174  0.185303040 1.0000000
66:1-54:1    1.188839e-02 -0.1850571866  0.208833967 1.0000000
67:1-54:1    1.086984e-02 -0.1792959995  0.201035676 1.0000000
68:1-54:1   -3.282754e-02 -0.2206904511  0.155035381 1.0000000
69:1-54:1    2.576568e-02 -0.1537803328  0.205311701 1.0000000
70:1-54:1    2.094732e-02 -0.1550392673  0.196933908 1.0000000
71:1-54:1    3.892130e-02 -0.1478627476  0.225705354 1.0000000
72:1-54:1    4.743684e-03 -0.1907113449  0.200198713 1.0000000
73:1-54:1    3.520146e-02 -0.1486013836  0.219004308 1.0000000
74:1-54:1    2.847950e-02 -0.1572700317  0.214229028 1.0000000
75:1-54:1   -3.295187e-02 -0.2167547170  0.150850974 1.0000000
76:1-54:1    1.208241e-02 -0.1592777435  0.183442572 1.0000000
77:1-54:1    1.746215e-02 -0.1605866433  0.195510935 1.0000000
78:1-54:1    2.941535e-02 -0.1378667738  0.196697476 1.0000000
79:1-54:1   -1.798965e-02 -0.1793895158  0.143410218 1.0000000
80:1-54:1    1.035565e-02 -0.1446328637  0.165344167 1.0000000
81:1-54:1   -1.436550e-02 -0.1711673203  0.142436310 1.0000000
82:1-54:1   -3.297632e-02 -0.1907184654  0.124765834 1.0000000
83:1-54:1    3.376486e-02 -0.1450194304  0.212549152 1.0000000
84:1-54:1    5.315263e-02 -0.1382440657  0.244549329 1.0000000
85:1-54:1   -5.690240e-02 -0.2397882795  0.125983474 1.0000000
86:1-54:1    1.256743e-02 -0.1685866160  0.193721484 1.0000000
87:1-54:1   -1.545475e-02 -0.1942390382  0.163329544 1.0000000
88:1-54:1   -2.308483e-02 -0.2050884252  0.158918772 1.0000000
89:1-54:1    1.686246e-02 -0.1634729570  0.197197876 1.0000000
90:1-54:1    2.065127e-02 -0.1534656837  0.194768225 1.0000000
91:1-54:1   -2.711604e-02 -0.1940018863  0.139769803 1.0000000
92:1-54:1    3.408113e-02 -0.1479224677  0.216084730 1.0000000
93:1-54:1    2.294461e-02 -0.1628049154  0.208694144 1.0000000
94:1-54:1    4.686368e-02 -0.1175036273  0.211230996 1.0000000
95:1-54:1    5.751719e-02 -0.1078780464  0.222912428 1.0000000
96:1-54:1    7.399243e-02 -0.0903748773  0.238359746 1.0000000
97:1-54:1    4.085226e-02 -0.1305079023  0.212212414 1.0000000
98:1-54:1    2.961713e-02 -0.1427967119  0.202030966 1.0000000
99:1-54:1    1.194987e-02 -0.1511522858  0.175052035 1.0000000
100:1-54:1  -6.234834e-02 -0.2046311004  0.079934424 1.0000000
56:1-55:1    7.048125e-02 -0.1263099855  0.267272486 1.0000000
57:1-55:1   -3.461597e-02 -0.2373093017  0.168077357 1.0000000
58:1-55:1    2.550000e-03 -0.1878472299  0.192947230 1.0000000
59:1-55:1   -1.798337e-02 -0.1981462967  0.162179566 1.0000000
60:1-55:1   -1.737441e-02 -0.1856506743  0.150901854 1.0000000
61:1-55:1   -9.287407e-03 -0.1734362760  0.154861463 1.0000000
62:1-55:1   -1.013623e-02 -0.1789797943  0.158707343 1.0000000
63:1-55:1   -2.070483e-02 -0.1955220398  0.154112388 1.0000000
64:1-55:1    1.881250e-03 -0.1885159799  0.192278480 1.0000000
65:1-55:1   -6.196023e-03 -0.2000241093  0.187632064 1.0000000
66:1-55:1    5.145956e-03 -0.2003336669  0.210625579 1.0000000
67:1-55:1    4.127404e-03 -0.1948634527  0.203118260 1.0000000
68:1-55:1   -3.956997e-02 -0.2363612050  0.157221266 1.0000000
69:1-55:1    1.902325e-02 -0.1698446601  0.207891160 1.0000000
70:1-55:1    1.420489e-02 -0.1712825642  0.199692337 1.0000000
71:1-55:1    3.217887e-02 -0.1635827126  0.227940451 1.0000000
72:1-55:1   -1.998750e-03 -0.2060501740  0.202052674 1.0000000
73:1-55:1    2.845903e-02 -0.1644601296  0.221378185 1.0000000
74:1-55:1    2.173706e-02 -0.1730376856  0.216511813 1.0000000
75:1-55:1   -3.969431e-02 -0.2326134629  0.153224852 1.0000000
76:1-55:1    5.339980e-03 -0.1757639097  0.186443870 1.0000000
77:1-55:1    1.071971e-02 -0.1767254445  0.198164868 1.0000000
78:1-55:1    2.267292e-02 -0.1545772581  0.199923091 1.0000000
79:1-55:1   -2.473208e-02 -0.1964418157  0.146977649 1.0000000
80:1-55:1    3.613217e-03 -0.1620845650  0.169310999 1.0000000
81:1-55:1   -2.110794e-02 -0.1885030542  0.146287176 1.0000000
82:1-55:1   -3.971875e-02 -0.2079950139  0.128557514 1.0000000
83:1-55:1    2.702243e-02 -0.1611215024  0.215166355 1.0000000
84:1-55:1    4.641020e-02 -0.1537572599  0.246577655 1.0000000
85:1-55:1   -6.364484e-02 -0.2556905584  0.128400885 1.0000000
86:1-55:1    5.825000e-03 -0.1845722299  0.196222230 1.0000000
87:1-55:1   -2.219718e-02 -0.2103411102  0.165946747 1.0000000
88:1-55:1   -2.982726e-02 -0.2210329749  0.161378454 1.0000000
89:1-55:1    1.012003e-02 -0.1794984803  0.199738531 1.0000000
90:1-55:1    1.390884e-02 -0.1698056949  0.197623367 1.0000000
91:1-55:1   -3.385848e-02 -0.2107347049  0.143017753 1.0000000
92:1-55:1    2.733870e-02 -0.1638670175  0.218544411 1.0000000
93:1-55:1    1.620218e-02 -0.1785725693  0.210976930 1.0000000
94:1-55:1    4.012125e-02 -0.1343806936  0.214623194 1.0000000
95:1-55:1    5.077476e-02 -0.1246957530  0.226245266 1.0000000
96:1-55:1    6.725000e-02 -0.1072519436  0.241751944 1.0000000
97:1-55:1    3.410982e-02 -0.1469940685  0.215213711 1.0000000
98:1-55:1    2.287469e-02 -0.1592265073  0.204975893 1.0000000
99:1-55:1    5.207440e-03 -0.1681033496  0.178518231 1.0000000
100:1-55:1  -6.909077e-02 -0.2229696196  0.084788075 1.0000000
57:1-56:1   -1.050972e-01 -0.2956491837  0.085454739 0.9999984
58:1-56:1   -6.793125e-02 -0.2453476228  0.109485123 1.0000000
59:1-56:1   -8.846462e-02 -0.2548501497  0.077920919 0.9999998
60:1-56:1   -8.785566e-02 -0.2412908754  0.065579555 0.9999871
61:1-56:1   -7.976866e-02 -0.2286656529  0.069128340 0.9999997
62:1-56:1   -8.061748e-02 -0.2346746562  0.073439705 0.9999999
63:1-56:1   -9.118608e-02 -0.2517679008  0.069395749 0.9999918
64:1-56:1   -6.860000e-02 -0.2460163728  0.108816373 1.0000000
65:1-56:1   -7.667727e-02 -0.2577705949  0.104416049 1.0000000
66:1-56:1   -6.533529e-02 -0.2588484451  0.128177857 1.0000000
67:1-56:1   -6.635385e-02 -0.2529625951  0.120254903 1.0000000
68:1-56:1   -1.100512e-01 -0.2943125952  0.074210156 0.9998934
69:1-56:1   -5.145800e-02 -0.2272321496  0.124316150 1.0000000
70:1-56:1   -5.627636e-02 -0.2284131073  0.115860380 1.0000000
71:1-56:1   -3.830238e-02 -0.2214636789  0.144858917 1.0000000
72:1-56:1   -7.248000e-02 -0.2644759578  0.119515958 1.0000000
73:1-56:1   -4.202222e-02 -0.2221423640  0.138097920 1.0000000
74:1-56:1   -4.874419e-02 -0.2308503838  0.133362012 1.0000000
75:1-56:1   -1.101756e-01 -0.2902956973  0.069944586 0.9996870
76:1-56:1   -6.514127e-02 -0.2325452218  0.102262682 1.0000000
77:1-56:1   -5.976154e-02 -0.2340060526  0.114482976 1.0000000
78:1-56:1   -4.780833e-02 -0.2110354409  0.115418774 1.0000000
79:1-56:1   -9.521333e-02 -0.2524065151  0.061979848 0.9997969
80:1-56:1   -6.686803e-02 -0.2174708855  0.083734820 1.0000000
81:1-56:1   -9.158919e-02 -0.2440575096  0.060879131 0.9998606
82:1-56:1   -1.102000e-01 -0.2636352150  0.043235215 0.9446440
83:1-56:1   -4.345882e-02 -0.2184548297  0.131537183 1.0000000
84:1-56:1   -2.407105e-02 -0.2119339685  0.163791863 1.0000000
85:1-56:1   -1.341261e-01 -0.3133104148  0.045058241 0.8751504
86:1-56:1   -6.465625e-02 -0.2420726228  0.112760123 1.0000000
87:1-56:1   -9.267843e-02 -0.2676744375  0.082317575 0.9999999
88:1-56:1   -1.003085e-01 -0.2785922435  0.077975222 0.9999951
89:1-56:1   -6.036122e-02 -0.2369416366  0.116219188 1.0000000
90:1-56:1   -5.657241e-02 -0.2267972449  0.113652417 1.0000000
91:1-56:1   -1.043397e-01 -0.2671606845  0.058481232 0.9979868
92:1-56:1   -4.314255e-02 -0.2214262860  0.135141180 1.0000000
93:1-56:1   -5.427907e-02 -0.2363852675  0.127827128 1.0000000
94:1-56:1   -3.036000e-02 -0.1905985488  0.129878549 1.0000000
95:1-56:1   -1.970649e-02 -0.1809992828  0.141586296 1.0000000
96:1-56:1   -3.231250e-03 -0.1634697988  0.157007299 1.0000000
97:1-56:1   -3.637143e-02 -0.2037753805  0.131032523 1.0000000
98:1-56:1   -4.760656e-02 -0.2160889339  0.120875819 1.0000000
99:1-56:1   -6.527381e-02 -0.2242143461  0.093666727 1.0000000
100:1-56:1  -1.395720e-01 -0.2770644361 -0.002079608 0.0377159
58:1-57:1    3.716597e-02 -0.1467752271  0.221107172 1.0000000
59:1-57:1    1.663261e-02 -0.1566935063  0.189958720 1.0000000
60:1-57:1    1.724156e-02 -0.1436937067  0.178176830 1.0000000
61:1-57:1    2.532857e-02 -0.1312859643  0.181943095 1.0000000
62:1-57:1    2.447975e-02 -0.1370486111  0.186008104 1.0000000
63:1-57:1    1.391115e-02 -0.1538515370  0.181673830 1.0000000
64:1-57:1    3.649722e-02 -0.1474439771  0.220438422 1.0000000
65:1-57:1    2.841995e-02 -0.1590702817  0.215910181 1.0000000
66:1-57:1    3.976193e-02 -0.1597503148  0.239274171 1.0000000
67:1-57:1    3.874338e-02 -0.1540793940  0.231566146 1.0000000
68:1-57:1   -4.953997e-03 -0.1955059588  0.185597964 1.0000000
69:1-57:1    5.363922e-02 -0.1287185227  0.235996967 1.0000000
70:1-57:1    4.882086e-02 -0.1300334229  0.227675140 1.0000000
71:1-57:1    6.679484e-02 -0.1226935661  0.256283249 1.0000000
72:1-57:1    3.261722e-02 -0.1654237919  0.230658236 1.0000000
73:1-57:1    6.307500e-02 -0.1234754246  0.249625425 1.0000000
74:1-57:1    5.635304e-02 -0.1321156952  0.244821768 1.0000000
75:1-57:1   -5.078333e-03 -0.1916287580  0.181472091 1.0000000
76:1-57:1    3.995595e-02 -0.1343480309  0.214259936 1.0000000
77:1-57:1    4.533568e-02 -0.1355481082  0.226219476 1.0000000
78:1-57:1    5.728889e-02 -0.1130075706  0.227585348 1.0000000
79:1-57:1    9.883889e-03 -0.1546381213  0.174405899 1.0000000
80:1-57:1    3.822919e-02 -0.1200080208  0.196466400 1.0000000
81:1-57:1    1.350803e-02 -0.1465056669  0.173521733 1.0000000
82:1-57:1   -5.102778e-03 -0.1660380463  0.155832491 1.0000000
83:1-57:1    6.163840e-02 -0.1199694140  0.243246211 1.0000000
84:1-57:1    8.102617e-02 -0.1130106068  0.275062946 1.0000000
85:1-57:1   -2.902886e-02 -0.2146758922  0.156618163 1.0000000
86:1-57:1    4.044097e-02 -0.1435002271  0.224382172 1.0000000
87:1-57:1    1.241879e-02 -0.1691890218  0.194026604 1.0000000
88:1-57:1    4.788712e-03 -0.1799892223  0.189566645 1.0000000
89:1-57:1    4.473600e-02 -0.1383990273  0.227871023 1.0000000
90:1-57:1    4.852481e-02 -0.1284901304  0.225539747 1.0000000
91:1-57:1    7.574962e-04 -0.1691497137  0.170664706 1.0000000
92:1-57:1    6.195467e-02 -0.1228232648  0.246732603 1.0000000
93:1-57:1    5.081815e-02 -0.1376505789  0.239286884 1.0000000
94:1-57:1    7.473722e-02 -0.0926969080  0.242171352 1.0000000
95:1-57:1    8.539073e-02 -0.0830526129  0.253834070 1.0000000
96:1-57:1    1.018660e-01 -0.0655681580  0.269300102 0.9997527
97:1-57:1    6.872579e-02 -0.1055781896  0.243029777 1.0000000
98:1-57:1    5.749066e-02 -0.1178493096  0.232830639 1.0000000
99:1-57:1    3.982341e-02 -0.1263689145  0.206015740 1.0000000
100:1-57:1  -3.447480e-02 -0.1802896118  0.111340012 1.0000000
59:1-58:1   -2.053337e-02 -0.1793050908  0.138238360 1.0000000
60:1-58:1   -1.992441e-02 -0.1650680632  0.125219242 1.0000000
61:1-58:1   -1.183741e-02 -0.1521749650  0.128500152 1.0000000
62:1-58:1   -1.268623e-02 -0.1584872189  0.133114767 1.0000000
63:1-58:1   -2.325483e-02 -0.1759336956  0.129424044 1.0000000
64:1-58:1   -6.687500e-04 -0.1709652095  0.169627709 1.0000000
65:1-58:1   -8.746023e-03 -0.1828698468  0.165377801 1.0000000
66:1-58:1    2.595956e-03 -0.1844111412  0.189603053 1.0000000
67:1-58:1    1.577404e-03 -0.1782757028  0.181430510 1.0000000
68:1-58:1   -4.211997e-02 -0.2195363423  0.135296403 1.0000000
69:1-58:1    1.647325e-02 -0.1521116438  0.185058144 1.0000000
70:1-58:1    1.165489e-02 -0.1531339886  0.176443761 1.0000000
71:1-58:1    2.962887e-02 -0.1466447133  0.205902451 1.0000000
72:1-58:1   -4.548750e-03 -0.1899854308  0.180887931 1.0000000
73:1-58:1    2.590903e-02 -0.1472024399  0.199020495 1.0000000
74:1-58:1    1.918706e-02 -0.1559899380  0.194364066 1.0000000
75:1-58:1   -4.224431e-02 -0.2153557733  0.130867162 1.0000000
76:1-58:1    2.789980e-03 -0.1570486820  0.162628642 1.0000000
77:1-58:1    8.169712e-03 -0.1588197058  0.175159129 1.0000000
78:1-58:1    2.012292e-02 -0.1353357705  0.175581604 1.0000000
79:1-58:1   -2.728208e-02 -0.1763928179  0.121828651 1.0000000
80:1-58:1    1.063217e-03 -0.1410829541  0.143209389 1.0000000
81:1-58:1   -2.365794e-02 -0.1677790809  0.120463203 1.0000000
82:1-58:1   -4.226875e-02 -0.1874124029  0.102874903 1.0000000
83:1-58:1    2.447243e-02 -0.1433009830  0.192245836 1.0000000
84:1-58:1    4.386020e-02 -0.1372938529  0.225014248 1.0000000
85:1-58:1   -6.619484e-02 -0.2383323928  0.105942719 1.0000000
86:1-58:1    3.275000e-03 -0.1670214595  0.173571459 1.0000000
87:1-58:1   -2.474718e-02 -0.1925205909  0.143026228 1.0000000
88:1-58:1   -3.237726e-02 -0.2035771560  0.138822635 1.0000000
89:1-58:1    7.570026e-03 -0.1618553466  0.176995398 1.0000000
90:1-58:1    1.135884e-02 -0.1514318512  0.174149524 1.0000000
91:1-58:1   -3.640848e-02 -0.1914406640  0.118623712 1.0000000
92:1-58:1    2.478870e-02 -0.1464111985  0.195988592 1.0000000
93:1-58:1    1.365218e-02 -0.1615248218  0.188829182 1.0000000
94:1-58:1    3.757125e-02 -0.1147465339  0.189889034 1.0000000
95:1-58:1    4.822476e-02 -0.1052017036  0.201651217 1.0000000
96:1-58:1    6.470000e-02 -0.0876177839  0.217017784 1.0000000
97:1-58:1    3.155982e-02 -0.1282788407  0.191398484 1.0000000
98:1-58:1    2.032469e-02 -0.1406430867  0.181292472 1.0000000
99:1-58:1    2.657440e-03 -0.1482942370  0.153609118 1.0000000
100:1-58:1  -7.164077e-02 -0.1998143992  0.056532855 0.9999966
60:1-59:1    6.089550e-04 -0.1308226115  0.132040521 1.0000000
61:1-59:1    8.695959e-03 -0.1174079943  0.134799912 1.0000000
62:1-59:1    7.847140e-03 -0.1243099877  0.140004267 1.0000000
63:1-59:1   -2.721461e-03 -0.1424297779  0.136986857 1.0000000
64:1-59:1    1.986462e-02 -0.1389071101  0.178636341 1.0000000
65:1-59:1    1.178734e-02 -0.1510827983  0.174657484 1.0000000
66:1-59:1    2.312932e-02 -0.1534470958  0.199705738 1.0000000
67:1-59:1    2.211077e-02 -0.1468706400  0.191092178 1.0000000
68:1-59:1   -2.158660e-02 -0.1879721385  0.144798930 1.0000000
69:1-59:1    3.700662e-02 -0.1199279032  0.193941134 1.0000000
70:1-59:1    3.218825e-02 -0.1206611840  0.185037687 1.0000000
71:1-59:1    5.016223e-02 -0.1150042044  0.215328673 1.0000000
72:1-59:1    1.598462e-02 -0.1589277606  0.190896991 1.0000000
73:1-59:1    4.644239e-02 -0.1153449887  0.208229775 1.0000000
74:1-59:1    3.972043e-02 -0.1242751765  0.203716035 1.0000000
75:1-59:1   -2.171094e-02 -0.1834983221  0.140076442 1.0000000
76:1-59:1    2.332335e-02 -0.1241757209  0.170822412 1.0000000
77:1-59:1    2.870308e-02 -0.1265162588  0.183922413 1.0000000
78:1-59:1    4.065628e-02 -0.1020846725  0.183397237 1.0000000
79:1-59:1   -6.748718e-03 -0.1425485259  0.129051090 1.0000000
80:1-59:1    2.159658e-02 -0.1065170806  0.149710246 1.0000000
81:1-59:1   -3.124574e-03 -0.1334260710  0.127176923 1.0000000
82:1-59:1   -2.173538e-02 -0.1531669511  0.109696182 1.0000000
83:1-59:1    4.500579e-02 -0.1110566752  0.201068259 1.0000000
84:1-59:1    6.439356e-02 -0.1059718287  0.234758954 1.0000000
85:1-59:1   -4.566147e-02 -0.2064063465  0.115083403 1.0000000
86:1-59:1    2.380837e-02 -0.1349633601  0.182580091 1.0000000
87:1-59:1   -4.213816e-03 -0.1602762831  0.151848651 1.0000000
88:1-59:1   -1.184390e-02 -0.1715842497  0.147896459 1.0000000
89:1-59:1    2.810339e-02 -0.1297336561  0.185940438 1.0000000
90:1-59:1    3.189220e-02 -0.1188008128  0.182585216 1.0000000
91:1-59:1   -1.587511e-02 -0.1581514474  0.126401226 1.0000000
92:1-59:1    4.532206e-02 -0.1144182923  0.205062417 1.0000000
93:1-59:1    3.418555e-02 -0.1298100602  0.198181151 1.0000000
94:1-59:1    5.810462e-02 -0.0812090020  0.197418233 1.0000000
95:1-59:1    6.875812e-02 -0.0717668060  0.209283050 1.0000000
96:1-59:1    8.523337e-02 -0.0540802520  0.224546983 0.9996840
97:1-59:1    5.209319e-02 -0.0954058796  0.199592253 1.0000000
98:1-59:1    4.085806e-02 -0.1078638390  0.189579955 1.0000000
99:1-59:1    2.319081e-02 -0.1146278636  0.161009475 1.0000000
100:1-59:1  -5.110741e-02 -0.1635176170  0.061302803 1.0000000
61:1-60:1    8.087004e-03 -0.1003584947  0.116532502 1.0000000
62:1-60:1    7.238185e-03 -0.1081902584  0.122666628 1.0000000
63:1-60:1   -3.330416e-03 -0.1273329683  0.120672137 1.0000000
64:1-60:1    1.925566e-02 -0.1258879925  0.164399313 1.0000000
65:1-60:1    1.117839e-02 -0.1384374604  0.160794236 1.0000000
66:1-60:1    2.252037e-02 -0.1419103189  0.186951051 1.0000000
67:1-60:1    2.150181e-02 -0.1347445804  0.177748209 1.0000000
68:1-60:1   -2.219556e-02 -0.1756307741  0.131239656 1.0000000
69:1-60:1    3.639766e-02 -0.1067339654  0.179529286 1.0000000
70:1-60:1    3.157930e-02 -0.1070611345  0.170219728 1.0000000
71:1-60:1    4.955328e-02 -0.1025590859  0.201665645 1.0000000
72:1-60:1    1.537566e-02 -0.1472667647  0.178018085 1.0000000
73:1-60:1    4.583344e-02 -0.1026029998  0.194269876 1.0000000
74:1-60:1    3.911147e-02 -0.1117287653  0.189951714 1.0000000
75:1-60:1   -2.231990e-02 -0.1707563331  0.126116543 1.0000000
76:1-60:1    2.271439e-02 -0.1100040851  0.155432866 1.0000000
77:1-60:1    2.809412e-02 -0.1131548121  0.169343056 1.0000000
78:1-60:1    4.004733e-02 -0.0873622459  0.167456900 1.0000000
79:1-60:1   -7.357673e-03 -0.1269394734  0.112224128 1.0000000
80:1-60:1    2.098763e-02 -0.0897884071  0.131763662 1.0000000
81:1-60:1   -3.733529e-03 -0.1170326874  0.109565630 1.0000000
82:1-60:1   -2.234434e-02 -0.1369413545  0.092252675 1.0000000
83:1-60:1    4.439684e-02 -0.0977781004  0.186571774 1.0000000
84:1-60:1    6.378461e-02 -0.0939575419  0.221526757 1.0000000
85:1-60:1   -4.627043e-02 -0.1935698969  0.101029044 1.0000000
86:1-60:1    2.319941e-02 -0.1219442425  0.168343063 1.0000000
87:1-60:1   -4.822771e-03 -0.1469977083  0.137352166 1.0000000
88:1-60:1   -1.245285e-02 -0.1586554495  0.133749749 1.0000000
89:1-60:1    2.749444e-02 -0.1166261823  0.171615054 1.0000000
90:1-60:1    3.128325e-02 -0.1049760788  0.167542572 1.0000000
91:1-60:1   -1.648407e-02 -0.1433728956  0.110404764 1.0000000
92:1-60:1    4.471311e-02 -0.1014894920  0.190915706 1.0000000
93:1-60:1    3.357659e-02 -0.1172636490  0.184416830 1.0000000
94:1-60:1    5.749566e-02 -0.0660620312  0.181053352 1.0000000
95:1-60:1    6.814917e-02 -0.0567727068  0.193071041 0.9999992
96:1-60:1    8.462441e-02 -0.0389332812  0.208182102 0.9829589
97:1-60:1    5.148423e-02 -0.0812342438  0.184202707 1.0000000
98:1-60:1    4.024910e-02 -0.0938270762  0.174325282 1.0000000
99:1-60:1    2.258185e-02 -0.0992877713  0.144451473 1.0000000
100:1-60:1  -5.171636e-02 -0.1438807504  0.040448027 0.9999958
62:1-61:1   -8.488190e-04 -0.1101725390  0.108474901 1.0000000
63:1-61:1   -1.141742e-02 -0.1297583816  0.106923543 1.0000000
64:1-61:1    1.116866e-02 -0.1291689015  0.151506215 1.0000000
65:1-61:1    3.091384e-03 -0.1418667212  0.148049489 1.0000000
66:1-61:1    1.443336e-02 -0.1457708836  0.174637609 1.0000000
67:1-61:1    1.341481e-02 -0.1383774360  0.165207057 1.0000000
68:1-61:1   -3.028256e-02 -0.1791795590  0.118614433 1.0000000
69:1-61:1    2.831066e-02 -0.1099449492  0.166566263 1.0000000
70:1-61:1    2.349229e-02 -0.1101083037  0.157092890 1.0000000
71:1-61:1    4.146628e-02 -0.1060671848  0.188999736 1.0000000
72:1-61:1    7.288657e-03 -0.1510796126  0.165656926 1.0000000
73:1-61:1    3.774643e-02 -0.1059940483  0.181486917 1.0000000
74:1-61:1    3.102447e-02 -0.1151970331  0.177245974 1.0000000
75:1-61:1   -3.040690e-02 -0.1741473816  0.113333584 1.0000000
76:1-61:1    1.462739e-02 -0.1128172837  0.142072057 1.0000000
77:1-61:1    2.000712e-02 -0.1162984636  0.156312700 1.0000000
78:1-61:1    3.196032e-02 -0.0899459913  0.153866638 1.0000000
79:1-61:1   -1.544468e-02 -0.1291449726  0.098255619 1.0000000
80:1-61:1    1.290062e-02 -0.0914989937  0.117300242 1.0000000
81:1-61:1   -1.182053e-02 -0.1188936366  0.095252572 1.0000000
82:1-61:1   -3.043134e-02 -0.1388768416  0.078014155 1.0000000
83:1-61:1    3.630983e-02 -0.1009551043  0.173574771 1.0000000
84:1-61:1    5.569760e-02 -0.0976338541  0.209029062 1.0000000
85:1-61:1   -5.435743e-02 -0.1969235000  0.088208640 1.0000000
86:1-61:1    1.511241e-02 -0.1252251515  0.155449965 1.0000000
87:1-61:1   -1.290977e-02 -0.1501747122  0.124355163 1.0000000
88:1-61:1   -2.053985e-02 -0.1619723477  0.120892640 1.0000000
89:1-61:1    1.940743e-02 -0.1198717940  0.158686658 1.0000000
90:1-61:1    2.319624e-02 -0.1079317634  0.154324249 1.0000000
91:1-61:1   -2.457107e-02 -0.1459330298  0.096790891 1.0000000
92:1-61:1    3.662610e-02 -0.1048063903  0.178058597 1.0000000
93:1-61:1    2.548959e-02 -0.1207319168  0.171711091 1.0000000
94:1-61:1    4.940866e-02 -0.0684660795  0.167283393 1.0000000
95:1-61:1    6.006216e-02 -0.0592417546  0.179366081 1.0000000
96:1-61:1    7.653741e-02 -0.0413373295  0.194412143 0.9967788
97:1-61:1    4.339723e-02 -0.0840474424  0.170841899 1.0000000
98:1-61:1    3.216210e-02 -0.0966958539  0.161020053 1.0000000
99:1-61:1    1.449485e-02 -0.1016092229  0.130598917 1.0000000
100:1-61:1  -5.980337e-02 -0.1441966402  0.024589909 0.9592315
63:1-62:1   -1.056860e-02 -0.1353399220  0.114202722 1.0000000
64:1-62:1    1.201748e-02 -0.1337835175  0.157818469 1.0000000
65:1-62:1    3.940203e-03 -0.1463134213  0.154193827 1.0000000
66:1-62:1    1.528218e-02 -0.1497290298  0.180293393 1.0000000
67:1-62:1    1.426363e-02 -0.1425935841  0.171120843 1.0000000
68:1-62:1   -2.943374e-02 -0.1834909242  0.124623437 1.0000000
69:1-62:1    2.915948e-02 -0.1146386881  0.172957640 1.0000000
70:1-62:1    2.434111e-02 -0.1149873445  0.163669569 1.0000000
71:1-62:1    4.231509e-02 -0.1104246228  0.195054812 1.0000000
72:1-62:1    8.137476e-03 -0.1550918357  0.171366787 1.0000000
73:1-62:1    3.859525e-02 -0.1104840065  0.187674513 1.0000000
74:1-62:1    3.187329e-02 -0.1195995710  0.183346150 1.0000000
75:1-62:1   -2.955808e-02 -0.1786373398  0.119521180 1.0000000
76:1-62:1    1.547621e-02 -0.1179608332  0.148913245 1.0000000
77:1-62:1    2.085594e-02 -0.1210683771  0.162780252 1.0000000
78:1-62:1    3.280914e-02 -0.0953487638  0.160967049 1.0000000
79:1-62:1   -1.459586e-02 -0.1349746625  0.105782947 1.0000000
80:1-62:1    1.374944e-02 -0.0978864810  0.125385367 1.0000000
81:1-62:1   -1.097171e-02 -0.1251117546  0.103168328 1.0000000
82:1-62:1   -2.958252e-02 -0.1450109674  0.085845919 1.0000000
83:1-62:1    3.715865e-02 -0.1056872873  0.180004592 1.0000000
84:1-62:1    5.654642e-02 -0.1018007759  0.214893622 1.0000000
85:1-62:1   -5.350861e-02 -0.2014558438  0.094438621 1.0000000
86:1-62:1    1.596123e-02 -0.1298397675  0.161762219 1.0000000
87:1-62:1   -1.206096e-02 -0.1549068952  0.130784984 1.0000000
88:1-62:1   -1.969103e-02 -0.1665462345  0.127164165 1.0000000
89:1-62:1    2.025625e-02 -0.1245263521  0.165038855 1.0000000
90:1-62:1    2.404506e-02 -0.1129142510  0.161004375 1.0000000
91:1-62:1   -2.372225e-02 -0.1513624665  0.103917966 1.0000000
92:1-62:1    3.747492e-02 -0.1093802771  0.184330122 1.0000000
93:1-62:1    2.633841e-02 -0.1251344547  0.177811267 1.0000000
94:1-62:1    5.025748e-02 -0.0740717356  0.174586687 1.0000000
95:1-62:1    6.091098e-02 -0.0647740374  0.186596002 1.0000000
96:1-62:1    7.738623e-02 -0.0469429856  0.201715437 0.9993482
97:1-62:1    4.424605e-02 -0.0891909920  0.177683086 1.0000000
98:1-62:1    3.301092e-02 -0.1017765865  0.167798423 1.0000000
99:1-62:1    1.534367e-02 -0.1073080947  0.137995427 1.0000000
100:1-62:1  -5.895455e-02 -0.1521507061  0.034241613 0.9987619
64:1-63:1    2.258608e-02 -0.1300927937  0.175264946 1.0000000
65:1-63:1    1.450880e-02 -0.1424276783  0.171445285 1.0000000
66:1-63:1    2.585078e-02 -0.1452679123  0.196969476 1.0000000
67:1-63:1    2.483223e-02 -0.1384377708  0.188102230 1.0000000
68:1-63:1   -1.886514e-02 -0.1794469684  0.141716681 1.0000000
69:1-63:1    3.972808e-02 -0.1110393594  0.190495511 1.0000000
70:1-63:1    3.490971e-02 -0.1116007870  0.181420212 1.0000000
71:1-63:1    5.288369e-02 -0.1064346309  0.212202021 1.0000000
72:1-63:1    1.870608e-02 -0.1506949740  0.188107126 1.0000000
73:1-63:1    4.916385e-02 -0.1066486405  0.204976348 1.0000000
74:1-63:1    4.244189e-02 -0.1156623009  0.200546081 1.0000000
75:1-63:1   -1.898948e-02 -0.1748019739  0.136823015 1.0000000
76:1-63:1    2.604481e-02 -0.1148748555  0.166964468 1.0000000
77:1-63:1    3.142454e-02 -0.1175567318  0.180405807 1.0000000
78:1-63:1    4.337774e-02 -0.0925536980  0.179309183 1.0000000
79:1-63:1   -4.027257e-03 -0.1326506000  0.124596085 1.0000000
80:1-63:1    2.431804e-02 -0.0961621923  0.144798279 1.0000000
81:1-63:1   -4.031132e-04 -0.1232072524  0.122401026 1.0000000
82:1-63:1   -1.901392e-02 -0.1430164768  0.104988629 1.0000000
83:1-63:1    4.772725e-02 -0.1021322486  0.197586753 1.0000000
84:1-63:1    6.711502e-02 -0.0975869592  0.231817006 1.0000000
85:1-63:1   -4.294001e-02 -0.1976697471  0.111789725 1.0000000
86:1-63:1    2.652983e-02 -0.1261490437  0.179208696 1.0000000
87:1-63:1   -1.492355e-03 -0.1513518565  0.148367146 1.0000000
88:1-63:1   -9.122435e-03 -0.1628083393  0.144563470 1.0000000
89:1-63:1    3.082485e-02 -0.1208818057  0.182531509 1.0000000
90:1-63:1    3.461366e-02 -0.1096456911  0.178873015 1.0000000
91:1-63:1   -1.315365e-02 -0.1485971158  0.122289816 1.0000000
92:1-63:1    4.804352e-02 -0.1056423818  0.201729427 1.0000000
93:1-63:1    3.690701e-02 -0.1211971846  0.195011197 1.0000000
94:1-63:1    6.082608e-02 -0.0715017760  0.193153928 1.0000000
95:1-63:1    7.147958e-02 -0.0621229317  0.205082097 0.9999998
96:1-63:1    8.795483e-02 -0.0443730260  0.220282678 0.9929961
97:1-63:1    5.481465e-02 -0.0861050142  0.195734309 1.0000000
98:1-63:1    4.357952e-02 -0.0986195640  0.185778601 1.0000000
99:1-63:1    2.591227e-02 -0.1048407911  0.156665324 1.0000000
100:1-63:1  -4.838595e-02 -0.1520123511  0.055240459 1.0000000
65:1-64:1   -8.077273e-03 -0.1822010968  0.166046551 1.0000000
66:1-64:1    3.264706e-03 -0.1837423912  0.190271803 1.0000000
67:1-64:1    2.246154e-03 -0.1776069528  0.182099260 1.0000000
68:1-64:1   -4.145122e-02 -0.2188675923  0.135965153 1.0000000
69:1-64:1    1.714200e-02 -0.1514428938  0.185726894 1.0000000
70:1-64:1    1.232364e-02 -0.1524652386  0.177112511 1.0000000
71:1-64:1    3.029762e-02 -0.1459759633  0.206571201 1.0000000
72:1-64:1   -3.880000e-03 -0.1893166808  0.181556681 1.0000000
73:1-64:1    2.657778e-02 -0.1465336899  0.199689245 1.0000000
74:1-64:1    1.985581e-02 -0.1553211880  0.195032816 1.0000000
75:1-64:1   -4.157556e-02 -0.2146870233  0.131535912 1.0000000
76:1-64:1    3.458730e-03 -0.1563799320  0.163297392 1.0000000
77:1-64:1    8.838462e-03 -0.1581509558  0.175827879 1.0000000
78:1-64:1    2.079167e-02 -0.1346670205  0.176250354 1.0000000
79:1-64:1   -2.661333e-02 -0.1757240679  0.122497401 1.0000000
80:1-64:1    1.731967e-03 -0.1404142041  0.143878139 1.0000000
81:1-64:1   -2.298919e-02 -0.1671103309  0.121131953 1.0000000
82:1-64:1   -4.160000e-02 -0.1867436529  0.103543653 1.0000000
83:1-64:1    2.514118e-02 -0.1426322330  0.192914586 1.0000000
84:1-64:1    4.452895e-02 -0.1366251029  0.225682998 1.0000000
85:1-64:1   -6.552609e-02 -0.2376636428  0.106611469 1.0000000
86:1-64:1    3.943750e-03 -0.1663527095  0.174240209 1.0000000
87:1-64:1   -2.407843e-02 -0.1918518409  0.143694978 1.0000000
88:1-64:1   -3.170851e-02 -0.2029084060  0.139491385 1.0000000
89:1-64:1    8.238776e-03 -0.1611865966  0.177664148 1.0000000
90:1-64:1    1.202759e-02 -0.1507631012  0.174818274 1.0000000
91:1-64:1   -3.573973e-02 -0.1907719140  0.119292462 1.0000000
92:1-64:1    2.545745e-02 -0.1457424485  0.196657342 1.0000000
93:1-64:1    1.432093e-02 -0.1608560718  0.189497932 1.0000000
94:1-64:1    3.824000e-02 -0.1140777839  0.190557784 1.0000000
95:1-64:1    4.889351e-02 -0.1045329536  0.202319967 1.0000000
96:1-64:1    6.536875e-02 -0.0869490339  0.217686534 1.0000000
97:1-64:1    3.222857e-02 -0.1276100907  0.192067234 1.0000000
98:1-64:1    2.099344e-02 -0.1399743367  0.181961222 1.0000000
99:1-64:1    3.326190e-03 -0.1476254870  0.154277868 1.0000000
100:1-64:1  -7.097202e-02 -0.1991456492  0.057201605 0.9999980
66:1-65:1    1.134198e-02 -0.1791570407  0.201840998 1.0000000
67:1-65:1    1.032343e-02 -0.1731578040  0.193804657 1.0000000
68:1-65:1   -3.337395e-02 -0.2144672690  0.147719375 1.0000000
69:1-65:1    2.521927e-02 -0.1472309764  0.197669522 1.0000000
70:1-65:1    2.040091e-02 -0.1483402990  0.189142117 1.0000000
71:1-65:1    3.837489e-02 -0.1415989892  0.218348773 1.0000000
72:1-65:1    4.197273e-03 -0.1847603537  0.193154899 1.0000000
73:1-65:1    3.465505e-02 -0.1422228799  0.211532981 1.0000000
74:1-65:1    2.793309e-02 -0.1509668966  0.206833070 1.0000000
75:1-65:1   -3.349828e-02 -0.2103762132  0.143379648 1.0000000
76:1-65:1    1.153600e-02 -0.1523743992  0.175446405 1.0000000
77:1-65:1    1.691573e-02 -0.1539751300  0.187806599 1.0000000
78:1-65:1    2.886894e-02 -0.1307732400  0.188511119 1.0000000
79:1-65:1   -1.853606e-02 -0.1720034290  0.134931308 1.0000000
80:1-65:1    9.809240e-03 -0.1369005280  0.156519008 1.0000000
81:1-65:1   -1.491192e-02 -0.1635360245  0.133712192 1.0000000
82:1-65:1   -3.352273e-02 -0.1831385753  0.116093121 1.0000000
83:1-65:1    3.321845e-02 -0.1384385895  0.204875488 1.0000000
84:1-65:1    5.260622e-02 -0.1321504088  0.237362849 1.0000000
85:1-65:1   -5.744881e-02 -0.2333736849  0.118476056 1.0000000
86:1-65:1    1.202102e-02 -0.1621028014  0.186144847 1.0000000
87:1-65:1   -1.600116e-02 -0.1876581974  0.155655880 1.0000000
88:1-65:1   -2.363124e-02 -0.1986387411  0.151376265 1.0000000
89:1-65:1    1.631605e-02 -0.1569559308  0.189588027 1.0000000
90:1-65:1    2.010486e-02 -0.1466855182  0.186895236 1.0000000
91:1-65:1   -2.766245e-02 -0.1868893395  0.131564433 1.0000000
92:1-65:1    3.353472e-02 -0.1414727836  0.208542223 1.0000000
93:1-65:1    2.239820e-02 -0.1565017804  0.201298186 1.0000000
94:1-65:1    4.631727e-02 -0.1102679414  0.202902487 1.0000000
95:1-65:1    5.697078e-02 -0.1006931059  0.214634664 1.0000000
96:1-65:1    7.344602e-02 -0.0831391914  0.230031237 1.0000000
97:1-65:1    4.030584e-02 -0.1236045579  0.204216246 1.0000000
98:1-65:1    2.907072e-02 -0.1359409448  0.194082375 1.0000000
99:1-65:1    1.140346e-02 -0.1438531983  0.166660125 1.0000000
100:1-65:1  -6.289475e-02 -0.1961114927  0.070321994 1.0000000
67:1-66:1   -1.018552e-03 -0.1967681631  0.194731059 1.0000000
68:1-66:1   -4.471593e-02 -0.2382290764  0.148797226 1.0000000
69:1-66:1    1.387729e-02 -0.1715725284  0.199327117 1.0000000
70:1-66:1    9.058930e-03 -0.1729469583  0.191064819 1.0000000
71:1-66:1    2.703291e-02 -0.1654330477  0.219498874 1.0000000
72:1-66:1   -7.144706e-03 -0.2080365495  0.193747138 1.0000000
73:1-66:1    2.331307e-02 -0.1662610574  0.212887201 1.0000000
74:1-66:1    1.659111e-02 -0.1748710351  0.208053251 1.0000000
75:1-66:1   -4.484026e-02 -0.2344143908  0.144733868 1.0000000
76:1-66:1    1.940243e-04 -0.1773423612  0.177730410 1.0000000
77:1-66:1    5.573756e-03 -0.1784268850  0.189574396 1.0000000
78:1-66:1    1.752696e-02 -0.1560765348  0.191130456 1.0000000
79:1-66:1   -2.987804e-02 -0.1978208313  0.138064753 1.0000000
80:1-66:1   -1.532739e-03 -0.1633236663  0.160258189 1.0000000
81:1-66:1   -2.625390e-02 -0.1897827113  0.137274921 1.0000000
82:1-66:1   -4.486471e-02 -0.2092953911  0.119565979 1.0000000
83:1-66:1    2.187647e-02 -0.1628359740  0.206588915 1.0000000
84:1-66:1    4.126424e-02 -0.1556813352  0.238209818 1.0000000
85:1-66:1   -6.879079e-02 -0.2574760026  0.119894417 1.0000000
86:1-66:1    6.790441e-04 -0.1863280530  0.187686141 1.0000000
87:1-66:1   -2.734314e-02 -0.2120555819  0.157369307 1.0000000
88:1-66:1   -3.497322e-02 -0.2228033909  0.152856958 1.0000000
89:1-66:1    4.974070e-03 -0.1812401269  0.191188266 1.0000000
90:1-66:1    8.762880e-03 -0.1714358382  0.188961599 1.0000000
91:1-66:1   -3.900443e-02 -0.2122261094  0.134217246 1.0000000
92:1-66:1    2.219274e-02 -0.1656374335  0.210022915 1.0000000
93:1-66:1    1.105622e-02 -0.1804059189  0.202518368 1.0000000
94:1-66:1    3.497529e-02 -0.1358213029  0.205771891 1.0000000
95:1-66:1    4.562880e-02 -0.1261572551  0.217414856 1.0000000
96:1-66:1    6.210404e-02 -0.1086925529  0.232900641 1.0000000
97:1-66:1    2.896387e-02 -0.1485725199  0.206500251 1.0000000
98:1-66:1    1.772874e-02 -0.1608248861  0.196282360 1.0000000
99:1-66:1    6.148459e-05 -0.1695179340  0.169640903 1.0000000
100:1-66:1  -7.423673e-02 -0.2239005143  0.075427058 1.0000000
68:1-67:1   -4.369737e-02 -0.2303061224  0.142911376 1.0000000
69:1-67:1    1.489585e-02 -0.1633374905  0.193129183 1.0000000
70:1-67:1    1.007748e-02 -0.1645696737  0.184724639 1.0000000
71:1-67:1    2.805147e-02 -0.1574711256  0.213574056 1.0000000
72:1-67:1   -6.126154e-03 -0.2003760405  0.188123733 1.0000000
73:1-67:1    2.433162e-02 -0.1581891587  0.206852407 1.0000000
74:1-67:1    1.760966e-02 -0.1668713359  0.202090656 1.0000000
75:1-67:1   -4.382171e-02 -0.2263424921  0.138699073 1.0000000
76:1-67:1    1.212576e-03 -0.1687716987  0.171196851 1.0000000
77:1-67:1    6.592308e-03 -0.1701326802  0.183317296 1.0000000
78:1-67:1    1.854551e-02 -0.1473269059  0.184417932 1.0000000
79:1-67:1   -2.885949e-02 -0.1887978097  0.131078835 1.0000000
80:1-67:1   -5.141866e-04 -0.1539801108  0.152951738 1.0000000
81:1-67:1   -2.523534e-02 -0.1805323467  0.130061661 1.0000000
82:1-67:1   -4.384615e-02 -0.2000925485  0.112400241 1.0000000
83:1-67:1    2.289502e-02 -0.1545709538  0.200360999 1.0000000
84:1-67:1    4.228279e-02 -0.1478830440  0.232448631 1.0000000
85:1-67:1   -6.777224e-02 -0.2493695810  0.113825099 1.0000000
86:1-67:1    1.697596e-03 -0.1781555105  0.181550703 1.0000000
87:1-67:1   -2.632459e-02 -0.2037905617  0.151141391 1.0000000
88:1-67:1   -3.395466e-02 -0.2146634358  0.146754107 1.0000000
89:1-67:1    5.992622e-03 -0.1730359028  0.185021146 1.0000000
90:1-67:1    9.781432e-03 -0.1629815954  0.182544460 1.0000000
91:1-67:1   -3.798588e-02 -0.2034586425  0.127486883 1.0000000
92:1-67:1    2.321129e-02 -0.1574974783  0.203920064 1.0000000
93:1-67:1    1.207478e-02 -0.1724062196  0.196555772 1.0000000
94:1-67:1    3.599385e-02 -0.1269385421  0.198926234 1.0000000
95:1-67:1    4.664735e-02 -0.1173219570  0.210616662 1.0000000
96:1-67:1    6.312260e-02 -0.0998097921  0.226054984 1.0000000
97:1-67:1    2.998242e-02 -0.1400018575  0.199966693 1.0000000
98:1-67:1    1.874729e-02 -0.1522991430  0.189793721 1.0000000
99:1-67:1    1.080037e-03 -0.1605759710  0.162736044 1.0000000
100:1-67:1  -7.321818e-02 -0.2138408432  0.067404491 1.0000000
69:1-68:1    5.859322e-02 -0.1171809301  0.234367369 1.0000000
70:1-68:1    5.377486e-02 -0.1183618878  0.225911600 1.0000000
71:1-68:1    7.174884e-02 -0.1114124594  0.254910137 1.0000000
72:1-68:1    3.757122e-02 -0.1544247383  0.229567177 1.0000000
73:1-68:1    6.802900e-02 -0.1120911445  0.248149139 1.0000000
74:1-68:1    6.130703e-02 -0.1207991643  0.243413231 1.0000000
75:1-68:1   -1.243360e-04 -0.1802444778  0.179995806 1.0000000
76:1-68:1    4.490995e-02 -0.1224940023  0.212313902 1.0000000
77:1-68:1    5.028968e-02 -0.1239548331  0.224534195 1.0000000
78:1-68:1    6.224289e-02 -0.1009842214  0.225469994 1.0000000
79:1-68:1    1.483789e-02 -0.1423552955  0.172031068 1.0000000
80:1-68:1    4.318319e-02 -0.1074196660  0.193786039 1.0000000
81:1-68:1    1.846203e-02 -0.1340062900  0.170930351 1.0000000
82:1-68:1   -1.487805e-04 -0.1535839955  0.153286434 1.0000000
83:1-68:1    6.659240e-02 -0.1084036101  0.241588402 1.0000000
84:1-68:1    8.598017e-02 -0.1018827490  0.273843083 1.0000000
85:1-68:1   -2.407487e-02 -0.2032591953  0.155109460 1.0000000
86:1-68:1    4.539497e-02 -0.1320214033  0.222811342 1.0000000
87:1-68:1    1.737279e-02 -0.1576232180  0.192368794 1.0000000
88:1-68:1    9.742709e-03 -0.1685410239  0.188026442 1.0000000
89:1-68:1    4.969000e-02 -0.1268904171  0.226270407 1.0000000
90:1-68:1    5.347881e-02 -0.1167460254  0.223703637 1.0000000
91:1-68:1    5.711493e-03 -0.1571094650  0.168532452 1.0000000
92:1-68:1    6.690867e-02 -0.1113750665  0.245192399 1.0000000
93:1-68:1    5.577215e-02 -0.1263340480  0.237878347 1.0000000
94:1-68:1    7.969122e-02 -0.0805473293  0.239929768 1.0000000
95:1-68:1    9.034473e-02 -0.0709480633  0.251637515 0.9999962
96:1-68:1    1.068200e-01 -0.0534185793  0.267058518 0.9923178
97:1-68:1    7.367979e-02 -0.0937241610  0.241083743 1.0000000
98:1-68:1    6.244466e-02 -0.1060377144  0.230927039 1.0000000
99:1-68:1    4.477741e-02 -0.1141631266  0.203717947 1.0000000
100:1-68:1  -2.952080e-02 -0.1670132166  0.107971611 1.0000000
70:1-69:1   -4.818364e-03 -0.1678378582  0.158201131 1.0000000
71:1-69:1    1.315562e-02 -0.1614649930  0.187776231 1.0000000
72:1-69:1   -2.102200e-02 -0.2048881059  0.162844106 1.0000000
73:1-69:1    9.435778e-03 -0.1619922321  0.180863788 1.0000000
74:1-69:1    2.713814e-03 -0.1707997715  0.176227399 1.0000000
75:1-69:1   -5.871756e-02 -0.2301455654  0.112710454 1.0000000
76:1-69:1   -1.368327e-02 -0.1716971307  0.144330591 1.0000000
77:1-69:1   -8.303538e-03 -0.1735471399  0.156940063 1.0000000
78:1-69:1    3.649667e-03 -0.1499321869  0.157231520 1.0000000
79:1-69:1   -4.375533e-02 -0.1909082928  0.103397626 1.0000000
80:1-69:1   -1.541003e-02 -0.1555011329  0.124681067 1.0000000
81:1-69:1   -4.013119e-02 -0.1822258260  0.101963448 1.0000000
82:1-69:1   -5.874200e-02 -0.2018736257  0.084389626 1.0000000
83:1-69:1    7.999176e-03 -0.1580366608  0.174035014 1.0000000
84:1-69:1    2.738695e-02 -0.1521590697  0.206932964 1.0000000
85:1-69:1   -8.266809e-02 -0.2531125660  0.087776392 1.0000000
86:1-69:1   -1.319825e-02 -0.1817831438  0.155386644 1.0000000
87:1-69:1   -4.122043e-02 -0.2072562686  0.124815406 1.0000000
88:1-69:1   -4.885051e-02 -0.2183479633  0.120646942 1.0000000
89:1-69:1   -8.903224e-03 -0.1766081411  0.158801692 1.0000000
90:1-69:1   -5.114414e-03 -0.1661137623  0.155884935 1.0000000
91:1-69:1   -5.288173e-02 -0.2060318537  0.100268402 1.0000000
92:1-69:1    8.315447e-03 -0.1611820059  0.177812900 1.0000000
93:1-69:1   -2.821070e-03 -0.1763346552  0.170692516 1.0000000
94:1-69:1    2.109800e-02 -0.1293037607  0.171499761 1.0000000
95:1-69:1    3.175151e-02 -0.1197729502  0.183275963 1.0000000
96:1-69:1    4.822675e-02 -0.1021750107  0.198628511 1.0000000
97:1-69:1    1.508657e-02 -0.1429272894  0.173100432 1.0000000
98:1-69:1    3.851443e-03 -0.1553044818  0.163007367 1.0000000
99:1-69:1   -1.381581e-02 -0.1628338999  0.135202281 1.0000000
100:1-69:1  -8.811402e-02 -0.2140046929  0.037776649 0.9697986
71:1-70:1    1.797398e-02 -0.1529846820  0.188932647 1.0000000
72:1-70:1   -1.620364e-02 -0.1965955757  0.164188303 1.0000000
73:1-70:1    1.425414e-02 -0.1534422194  0.181950502 1.0000000
74:1-70:1    7.532178e-03 -0.1622955917  0.177359947 1.0000000
75:1-70:1   -5.389919e-02 -0.2215955528  0.113797169 1.0000000
76:1-70:1   -8.864906e-03 -0.1628223260  0.145092514 1.0000000
77:1-70:1   -3.485175e-03 -0.1648541765  0.157883827 1.0000000
78:1-70:1    8.468030e-03 -0.1409370989  0.157873159 1.0000000
79:1-70:1   -3.893697e-02 -0.1817252758  0.103851336 1.0000000
80:1-70:1   -1.059167e-02 -0.1460908323  0.124907494 1.0000000
81:1-70:1   -3.531283e-02 -0.1728824177  0.102256767 1.0000000
82:1-70:1   -5.392364e-02 -0.1925640676  0.084716795 1.0000000
83:1-70:1    1.281754e-02 -0.1493626255  0.174997706 1.0000000
84:1-70:1    3.220531e-02 -0.1437812769  0.208191899 1.0000000
85:1-70:1   -7.784972e-02 -0.2445405368  0.088841090 1.0000000
86:1-70:1   -8.379886e-03 -0.1731687613  0.156408989 1.0000000
87:1-70:1   -3.640207e-02 -0.1985822334  0.125778098 1.0000000
88:1-70:1   -4.403215e-02 -0.2097544851  0.121690191 1.0000000
89:1-70:1   -4.084861e-03 -0.1679733776  0.159803656 1.0000000
90:1-70:1   -2.960502e-04 -0.1573161033  0.156724003 1.0000000
91:1-70:1   -4.806336e-02 -0.1970246610  0.100897936 1.0000000
92:1-70:1    1.313381e-02 -0.1525885277  0.178856149 1.0000000
93:1-70:1    1.997294e-03 -0.1678304754  0.171825063 1.0000000
94:1-70:1    2.591636e-02 -0.1202178092  0.172050537 1.0000000
95:1-70:1    3.656987e-02 -0.1107195316  0.183859272 1.0000000
96:1-70:1    5.304511e-02 -0.0930890592  0.199179287 1.0000000
97:1-70:1    1.990494e-02 -0.1340524847  0.173862355 1.0000000
98:1-70:1    8.669806e-03 -0.1464595435  0.163799156 1.0000000
99:1-70:1   -8.997446e-03 -0.1537071489  0.135712257 1.0000000
100:1-70:1  -8.329566e-02 -0.2040556182  0.037464301 0.9793298
72:1-71:1   -3.417762e-02 -0.2251180661  0.156762828 1.0000000
73:1-71:1   -3.719841e-03 -0.1827144556  0.175274773 1.0000000
74:1-71:1   -1.044181e-02 -0.1914348264  0.170551216 1.0000000
75:1-71:1   -7.187317e-02 -0.2508677890  0.107121440 1.0000000
76:1-71:1   -2.683889e-02 -0.1930312161  0.139353438 1.0000000
77:1-71:1   -2.145916e-02 -0.1945399398  0.151621625 1.0000000
78:1-71:1   -9.505952e-03 -0.1714901959  0.152478291 1.0000000
79:1-71:1   -5.691095e-02 -0.2128131745  0.098991270 1.0000000
80:1-71:1   -2.856565e-02 -0.1778205537  0.120689250 1.0000000
81:1-71:1   -5.328681e-02 -0.2044238163  0.097850200 1.0000000
82:1-71:1   -7.189762e-02 -0.2240099844  0.080214746 1.0000000
83:1-71:1   -5.156443e-03 -0.1789937477  0.168680863 1.0000000
84:1-71:1    1.423133e-02 -0.1725527225  0.201015379 1.0000000
85:1-71:1   -9.582371e-02 -0.2738765909  0.082229179 0.9999997
86:1-71:1   -2.635387e-02 -0.2026274514  0.149919713 1.0000000
87:1-71:1   -5.437605e-02 -0.2282133556  0.119461255 1.0000000
88:1-71:1   -6.200613e-02 -0.2391526676  0.115140408 1.0000000
89:1-71:1   -2.205884e-02 -0.1974910197  0.153373333 1.0000000
90:1-71:1   -1.827003e-02 -0.1873034604  0.150763395 1.0000000
91:1-71:1   -6.603735e-02 -0.2276123154  0.095537625 1.0000000
92:1-71:1   -4.840172e-03 -0.1819867101  0.172306366 1.0000000
93:1-71:1   -1.597669e-02 -0.1969697101  0.165016332 1.0000000
94:1-71:1    7.942381e-03 -0.1510299406  0.166914702 1.0000000
95:1-71:1    1.859589e-02 -0.1414390162  0.178630791 1.0000000
96:1-71:1    3.507113e-02 -0.1239011906  0.194043452 1.0000000
97:1-71:1    1.930952e-03 -0.1642613749  0.168123280 1.0000000
98:1-71:1   -9.304176e-03 -0.1765827396  0.157974387 1.0000000
99:1-71:1   -2.697143e-02 -0.1846353137  0.130692457 1.0000000
100:1-71:1  -1.012696e-01 -0.2372842375  0.034744955 0.8864303
73:1-72:1    3.045778e-02 -0.1575673767  0.218482932 1.0000000
74:1-72:1    2.373581e-02 -0.1661927529  0.213664381 1.0000000
75:1-72:1   -3.769556e-02 -0.2257207101  0.150329599 1.0000000
76:1-72:1    7.338730e-03 -0.1685426969  0.183220157 1.0000000
77:1-72:1    1.271846e-02 -0.1696858804  0.195122804 1.0000000
78:1-72:1    2.467167e-02 -0.1472390134  0.196582347 1.0000000
79:1-72:1   -2.273333e-02 -0.1889256606  0.143458994 1.0000000
80:1-72:1    5.611967e-03 -0.1543611946  0.165585129 1.0000000
81:1-72:1   -1.910919e-02 -0.1808397737  0.142621395 1.0000000
82:1-72:1   -3.772000e-02 -0.2003624251  0.124922425 1.0000000
83:1-72:1    2.902118e-02 -0.1541011745  0.212143527 1.0000000
84:1-72:1    4.840895e-02 -0.1470460817  0.243863976 1.0000000
85:1-72:1   -6.164609e-02 -0.2487749639  0.125482790 1.0000000
86:1-72:1    7.823750e-03 -0.1776129308  0.193260431 1.0000000
87:1-72:1   -2.019843e-02 -0.2033207823  0.162923920 1.0000000
88:1-72:1   -2.782851e-02 -0.2140952082  0.158438187 1.0000000
89:1-72:1    1.211878e-02 -0.1725182609  0.196755812 1.0000000
90:1-72:1    1.590759e-02 -0.1626608499  0.194476022 1.0000000
91:1-72:1   -3.185973e-02 -0.2033848198  0.139665368 1.0000000
92:1-72:1    2.933745e-02 -0.1569292508  0.215604144 1.0000000
93:1-72:1    1.820093e-02 -0.1717276366  0.208129497 1.0000000
94:1-72:1    4.212000e-02 -0.1269556806  0.211195681 1.0000000
95:1-72:1    5.277351e-02 -0.1173016450  0.222848658 1.0000000
96:1-72:1    6.924875e-02 -0.0998269306  0.238324431 1.0000000
97:1-72:1    3.610857e-02 -0.1397728556  0.211989998 1.0000000
98:1-72:1    2.487344e-02 -0.1520347382  0.201781623 1.0000000
99:1-72:1    7.206190e-03 -0.1606398325  0.175052213 1.0000000
100:1-72:1  -6.709202e-02 -0.2147888642  0.080604820 1.0000000
74:1-73:1   -6.721964e-03 -0.1846367697  0.171192842 1.0000000
75:1-73:1   -6.815333e-02 -0.2440347604  0.107728094 1.0000000
76:1-73:1   -2.311905e-02 -0.1859536080  0.139715513 1.0000000
77:1-73:1   -1.773932e-02 -0.1875985569  0.152119924 1.0000000
78:1-73:1   -5.786111e-03 -0.1643234870  0.152751265 1.0000000
79:1-73:1   -5.319111e-02 -0.2055088950  0.099126673 1.0000000
80:1-73:1   -2.484581e-02 -0.1703526150  0.120660994 1.0000000
81:1-73:1   -4.956697e-02 -0.1970037318  0.097869798 1.0000000
82:1-73:1   -6.817778e-02 -0.2166142157  0.080258660 1.0000000
83:1-73:1   -1.436601e-03 -0.1720666487  0.169193446 1.0000000
84:1-73:1    1.795117e-02 -0.1658516760  0.201754015 1.0000000
85:1-73:1   -9.210386e-02 -0.2670268028  0.082819073 0.9999999
86:1-73:1   -2.263403e-02 -0.1957454955  0.150477440 1.0000000
87:1-73:1   -5.065621e-02 -0.2212862565  0.119973838 1.0000000
88:1-73:1   -5.828629e-02 -0.2322865766  0.115714000 1.0000000
89:1-73:1   -1.833900e-02 -0.1905936186  0.153915614 1.0000000
90:1-73:1   -1.455019e-02 -0.1802834231  0.151183040 1.0000000
91:1-73:1   -6.231750e-02 -0.2204366849  0.095801677 1.0000000
92:1-73:1   -1.120331e-03 -0.1751206192  0.172879957 1.0000000
93:1-73:1   -1.225685e-02 -0.1901716535  0.165657958 1.0000000
94:1-73:1    1.166222e-02 -0.1437964650  0.167120909 1.0000000
95:1-73:1    2.231573e-02 -0.1342293919  0.178860849 1.0000000
96:1-73:1    3.879097e-02 -0.1166677150  0.194249659 1.0000000
97:1-73:1    5.650794e-03 -0.1571837667  0.168485354 1.0000000
98:1-73:1   -5.584335e-03 -0.1695273805  0.158358710 1.0000000
99:1-73:1   -2.325159e-02 -0.1773720113  0.130868837 1.0000000
100:1-73:1  -9.754980e-02 -0.2294405684  0.034340969 0.8994558
75:1-74:1   -6.143137e-02 -0.2393461754  0.116483436 1.0000000
76:1-74:1   -1.639708e-02 -0.1814258565  0.148631689 1.0000000
77:1-74:1   -1.101735e-02 -0.1829811957  0.160946491 1.0000000
78:1-74:1    9.358527e-04 -0.1598543875  0.161726093 1.0000000
79:1-74:1   -4.646915e-02 -0.2011304193  0.108192125 1.0000000
80:1-74:1   -1.812385e-02 -0.1660820568  0.129834363 1.0000000
81:1-74:1   -4.284500e-02 -0.1927016059  0.107011600 1.0000000
82:1-74:1   -6.145581e-02 -0.2122960536  0.089384426 1.0000000
83:1-74:1    5.285363e-03 -0.1674398958  0.178010621 1.0000000
84:1-74:1    2.467313e-02 -0.1610763964  0.210422663 1.0000000
85:1-74:1   -8.538190e-02 -0.2623492313  0.091585429 1.0000000
86:1-74:1   -1.591206e-02 -0.1910890659  0.159264938 1.0000000
87:1-74:1   -4.393425e-02 -0.2166595036  0.128791013 1.0000000
88:1-74:1   -5.156432e-02 -0.2276197195  0.124491070 1.0000000
89:1-74:1   -1.161704e-02 -0.1859473417  0.162713265 1.0000000
90:1-74:1   -7.828228e-03 -0.1757177921  0.160061337 1.0000000
91:1-74:1   -5.559554e-02 -0.2159734599  0.104782380 1.0000000
92:1-74:1    5.601633e-03 -0.1704537620  0.181657028 1.0000000
93:1-74:1   -5.534884e-03 -0.1854600902  0.174390323 1.0000000
94:1-74:1    1.838419e-02 -0.1393713375  0.176139710 1.0000000
95:1-74:1    2.903769e-02 -0.1297885540  0.187863939 1.0000000
96:1-74:1    4.551294e-02 -0.1122425875  0.203268460 1.0000000
97:1-74:1    1.237276e-02 -0.1526560152  0.177401530 1.0000000
98:1-74:1    1.137629e-03 -0.1649849883  0.167260246 1.0000000
99:1-74:1   -1.652962e-02 -0.1729665336  0.139907287 1.0000000
100:1-74:1  -9.082784e-02 -0.2254182391  0.043762567 0.9888473
76:1-75:1    4.503429e-02 -0.1178002746  0.207868846 1.0000000
77:1-75:1    5.041402e-02 -0.1194452235  0.220273258 1.0000000
78:1-75:1    6.236722e-02 -0.0961701537  0.220904598 1.0000000
79:1-75:1    1.496222e-02 -0.1373555617  0.167280006 1.0000000
80:1-75:1    4.330752e-02 -0.1021992817  0.188814327 1.0000000
81:1-75:1    1.858637e-02 -0.1288503985  0.166023131 1.0000000
82:1-75:1   -2.444444e-05 -0.1484608824  0.148411993 1.0000000
83:1-75:1    6.671673e-02 -0.1039133154  0.237346779 1.0000000
84:1-75:1    8.610450e-02 -0.0976983427  0.269907349 1.0000000
85:1-75:1   -2.395053e-02 -0.1988734694  0.150972407 1.0000000
86:1-75:1    4.551931e-02 -0.1275921621  0.218630773 1.0000000
87:1-75:1    1.749712e-02 -0.1531329232  0.188127172 1.0000000
88:1-75:1    9.867045e-03 -0.1641332433  0.183867333 1.0000000
89:1-75:1    4.981433e-02 -0.1224402853  0.222068947 1.0000000
90:1-75:1    5.360314e-02 -0.1121300898  0.219336373 1.0000000
91:1-75:1    5.835830e-03 -0.1522833516  0.163955011 1.0000000
92:1-75:1    6.703300e-02 -0.1069672858  0.241033291 1.0000000
93:1-75:1    5.589649e-02 -0.1220183201  0.233811292 1.0000000
94:1-75:1    7.981556e-02 -0.0756431316  0.235274243 1.0000000
95:1-75:1    9.046906e-02 -0.0660760586  0.247014183 0.9999791
96:1-75:1    1.069443e-01 -0.0485143816  0.262402993 0.9807642
97:1-75:1    7.380413e-02 -0.0890304334  0.236638687 1.0000000
98:1-75:1    6.256900e-02 -0.1013740471  0.226512043 1.0000000
99:1-75:1    4.490175e-02 -0.1092186779  0.199022170 1.0000000
100:1-75:1  -2.939647e-02 -0.1612872351  0.102494302 1.0000000
77:1-76:1    5.379731e-03 -0.1509307906  0.161690253 1.0000000
78:1-76:1    1.733294e-02 -0.1265938408  0.161259714 1.0000000
79:1-76:1   -3.007206e-02 -0.1671177674  0.106973640 1.0000000
80:1-76:1   -1.726763e-03 -0.1311603282  0.127706802 1.0000000
81:1-76:1   -2.644792e-02 -0.1580473771  0.105151538 1.0000000
82:1-76:1   -4.505873e-02 -0.1777772058  0.087659745 1.0000000
83:1-76:1    2.168245e-02 -0.1354653527  0.178830245 1.0000000
84:1-76:1    4.107022e-02 -0.1302899407  0.212430375 1.0000000
85:1-76:1   -6.898482e-02 -0.2307836178  0.092813984 1.0000000
86:1-76:1    4.850198e-04 -0.1593536423  0.160323682 1.0000000
87:1-76:1   -2.753716e-02 -0.1846849605  0.129610637 1.0000000
88:1-76:1   -3.516724e-02 -0.1959681051  0.125633623 1.0000000
89:1-76:1    4.780045e-03 -0.1541302140  0.163690305 1.0000000
90:1-76:1    8.568856e-03 -0.1432478811  0.160385593 1.0000000
91:1-76:1   -3.919846e-02 -0.1826644560  0.104267544 1.0000000
92:1-76:1    2.199872e-02 -0.1388021476  0.182799581 1.0000000
93:1-76:1    1.086220e-02 -0.1541665726  0.175890973 1.0000000
94:1-76:1    3.478127e-02 -0.1057470942  0.175309634 1.0000000
95:1-76:1    4.543478e-02 -0.0962945165  0.187164069 1.0000000
96:1-76:1    6.191002e-02 -0.0786183442  0.202438384 1.0000000
97:1-76:1    2.876984e-02 -0.1198770951  0.177416778 1.0000000
98:1-76:1    1.753471e-02 -0.1323256885  0.167395113 1.0000000
99:1-76:1   -1.325397e-04 -0.1391790166  0.138913937 1.0000000
100:1-76:1  -7.443075e-02 -0.1883429662  0.039481462 0.9960019
78:1-77:1    1.195321e-02 -0.1398755959  0.163782006 1.0000000
79:1-77:1   -3.545179e-02 -0.1807741694  0.109870580 1.0000000
80:1-77:1   -7.106494e-03 -0.1452734781  0.131060489 1.0000000
81:1-77:1   -3.182765e-02 -0.1720256709  0.108370369 1.0000000
82:1-77:1   -5.043846e-02 -0.1916873955  0.090810472 1.0000000
83:1-77:1    1.630271e-02 -0.1481129118  0.180718342 1.0000000
84:1-77:1    3.569049e-02 -0.1423583033  0.213739275 1.0000000
85:1-77:1   -7.436455e-02 -0.2432311215  0.094502025 1.0000000
86:1-77:1   -4.894712e-03 -0.1718841288  0.162094706 1.0000000
87:1-77:1   -3.291689e-02 -0.1973325196  0.131498734 1.0000000
88:1-77:1   -4.054697e-02 -0.2084576197  0.127363675 1.0000000
89:1-77:1   -5.996860e-04 -0.1667006737  0.165501302 1.0000000
90:1-77:1    3.189125e-03 -0.1561388053  0.162517055 1.0000000
91:1-77:1   -4.457819e-02 -0.1959702636  0.106813888 1.0000000
92:1-77:1    1.661899e-02 -0.1512916622  0.184529633 1.0000000
93:1-77:1    5.482469e-03 -0.1664813746  0.177446312 1.0000000
94:1-77:1    2.940154e-02 -0.1192096612  0.178012738 1.0000000
95:1-77:1    4.005504e-02 -0.1096922757  0.189802366 1.0000000
96:1-77:1    5.653029e-02 -0.0920809112  0.205141488 1.0000000
97:1-77:1    2.339011e-02 -0.1329204121  0.179700632 1.0000000
98:1-77:1    1.215498e-02 -0.1453099590  0.169619921 1.0000000
99:1-77:1   -5.512271e-03 -0.1527229715  0.141698429 1.0000000
100:1-77:1  -7.981048e-02 -0.2035564333  0.043935466 0.9974599
79:1-78:1   -4.740500e-02 -0.1793160703  0.084506070 1.0000000
80:1-78:1   -1.905970e-02 -0.1430437844  0.104924386 1.0000000
81:1-78:1   -4.378086e-02 -0.1700243618  0.082462650 1.0000000
82:1-78:1   -6.239167e-02 -0.1898012396  0.065017906 1.0000000
83:1-78:1    4.349510e-03 -0.1483411456  0.157040165 1.0000000
84:1-78:1    2.373728e-02 -0.1435448440  0.191019405 1.0000000
85:1-78:1   -8.631775e-02 -0.2437911083  0.071155601 0.9999989
86:1-78:1   -1.684792e-02 -0.1723066039  0.138610771 1.0000000
87:1-78:1   -4.487010e-02 -0.1975607534  0.107820557 1.0000000
88:1-78:1   -5.250018e-02 -0.2089480072  0.103947653 1.0000000
89:1-78:1   -1.255289e-02 -0.1670568589  0.141951077 1.0000000
90:1-78:1   -8.764080e-03 -0.1559623386  0.138434178 1.0000000
91:1-78:1   -5.653139e-02 -0.1951008648  0.082038079 1.0000000
92:1-78:1    4.665780e-03 -0.1517820497  0.161113610 1.0000000
93:1-78:1   -6.470736e-03 -0.1672609766  0.154319504 1.0000000
94:1-78:1    1.744833e-02 -0.1180774081  0.152974075 1.0000000
95:1-78:1    2.810184e-02 -0.1086687637  0.164872443 1.0000000
96:1-78:1    4.457708e-02 -0.0909486581  0.180102825 1.0000000
97:1-78:1    1.143690e-02 -0.1324898725  0.155363682 1.0000000
98:1-78:1    2.017760e-04 -0.1449779240  0.145381476 1.0000000
99:1-78:1   -1.746548e-02 -0.1514540140  0.116523062 1.0000000
100:1-78:1  -9.176369e-02 -0.1994437612  0.015916384 0.4346720
80:1-79:1    2.834530e-02 -0.0875799385  0.144270540 1.0000000
81:1-79:1    3.624144e-03 -0.1147144824  0.121962771 1.0000000
82:1-79:1   -1.498667e-02 -0.1345684672  0.104595134 1.0000000
83:1-79:1    5.175451e-02 -0.0944680739  0.197977093 1.0000000
84:1-79:1    7.114228e-02 -0.0902575860  0.232542147 1.0000000
85:1-79:1   -3.891275e-02 -0.1901227571  0.112297250 1.0000000
86:1-79:1    3.055708e-02 -0.1185536512  0.179667818 1.0000000
87:1-79:1    2.534902e-03 -0.1436876817  0.148757486 1.0000000
88:1-79:1   -5.095177e-03 -0.1552368810  0.145046526 1.0000000
89:1-79:1    3.485211e-02 -0.1132629942  0.182967212 1.0000000
90:1-79:1    3.864092e-02 -0.1018366051  0.179118444 1.0000000
91:1-79:1   -9.126393e-03 -0.1405345596  0.122281774 1.0000000
92:1-79:1    5.207078e-02 -0.0980709236  0.202212484 1.0000000
93:1-79:1    4.093426e-02 -0.1137270085  0.195595536 1.0000000
94:1-79:1    6.485333e-02 -0.0633411842  0.193047851 1.0000000
95:1-79:1    7.550684e-02 -0.0540030274  0.205016707 0.9999671
96:1-79:1    9.198208e-02 -0.0362124342  0.220176601 0.9458182
97:1-79:1    5.884190e-02 -0.0782037991  0.195887609 1.0000000
98:1-79:1    4.760678e-02 -0.0907541759  0.185967728 1.0000000
99:1-79:1    2.993952e-02 -0.0966287818  0.156507829 1.0000000
100:1-79:1  -4.435869e-02 -0.1426521561  0.053934778 1.0000000
81:1-80:1   -2.472116e-02 -0.1341540280  0.084711715 1.0000000
82:1-80:1   -4.333197e-02 -0.1541080019  0.067444068 1.0000000
83:1-80:1    2.340921e-02 -0.1157042942  0.162522713 1.0000000
84:1-80:1    4.279698e-02 -0.1121915350  0.197785495 1.0000000
85:1-80:1   -6.725805e-02 -0.2116048173  0.077088709 1.0000000
86:1-80:1    2.211783e-03 -0.1399343885  0.144357954 1.0000000
87:1-80:1   -2.581040e-02 -0.1649239020  0.113303105 1.0000000
88:1-80:1   -3.344048e-02 -0.1766677590  0.109786803 1.0000000
89:1-80:1    6.506808e-03 -0.1345945972  0.147608214 1.0000000
90:1-80:1    1.029562e-02 -0.1227662380  0.143357476 1.0000000
91:1-80:1   -3.747169e-02 -0.1609205863  0.085977200 1.0000000
92:1-80:1    2.372548e-02 -0.1195018015  0.166952761 1.0000000
93:1-80:1    1.258896e-02 -0.1353692470  0.160547173 1.0000000
94:1-80:1    3.650803e-02 -0.0835142868  0.156530352 1.0000000
95:1-80:1    4.716154e-02 -0.0742646876  0.168587766 1.0000000
96:1-80:1    6.363678e-02 -0.0563855368  0.183659102 0.9999999
97:1-80:1    3.049660e-02 -0.0989369610  0.159930169 1.0000000
98:1-80:1    1.926148e-02 -0.1115638886  0.150086839 1.0000000
99:1-80:1    1.594223e-03 -0.1166895831  0.119878030 1.0000000
100:1-80:1  -7.270399e-02 -0.1600717670  0.014663788 0.5271745
82:1-81:1   -1.861081e-02 -0.1319099694  0.094688348 1.0000000
83:1-81:1    4.813037e-02 -0.0930005534  0.189261285 1.0000000
84:1-81:1    6.751814e-02 -0.0892836788  0.224319952 1.0000000
85:1-81:1   -4.253690e-02 -0.1888289259  0.103755130 1.0000000
86:1-81:1    2.693294e-02 -0.1171882025  0.171054081 1.0000000
87:1-81:1   -1.089242e-03 -0.1422201612  0.140041677 1.0000000
88:1-81:1   -8.719321e-03 -0.1539068675  0.136468225 1.0000000
89:1-81:1    3.122796e-02 -0.1118628320  0.174318761 1.0000000
90:1-81:1    3.501678e-02 -0.1001528487  0.170186399 1.0000000
91:1-81:1   -1.275054e-02 -0.1384684698  0.112967396 1.0000000
92:1-81:1    4.844664e-02 -0.0967409101  0.193634182 1.0000000
93:1-81:1    3.731012e-02 -0.1125464834  0.187166722 1.0000000
94:1-81:1    6.122919e-02 -0.0611257317  0.183584110 1.0000000
95:1-81:1    7.188270e-02 -0.0518496689  0.195615060 0.9999726
96:1-81:1    8.835794e-02 -0.0339969817  0.210712860 0.9377067
97:1-81:1    5.521776e-02 -0.0763816971  0.186817218 1.0000000
98:1-81:1    4.398263e-02 -0.0889859560  0.176951220 1.0000000
99:1-81:1    2.631538e-02 -0.0943346444  0.146965404 1.0000000
100:1-81:1  -4.798283e-02 -0.1385283908  0.042562725 0.9999999
83:1-82:1    6.674118e-02 -0.0754337608  0.208916114 1.0000000
84:1-82:1    8.612895e-02 -0.0716132023  0.243871097 0.9999991
85:1-82:1   -2.392609e-02 -0.1712255573  0.123373383 1.0000000
86:1-82:1    4.554375e-02 -0.0995999029  0.190687403 1.0000000
87:1-82:1    1.752157e-02 -0.1246533686  0.159696506 1.0000000
88:1-82:1    9.891489e-03 -0.1363111098  0.156094089 1.0000000
89:1-82:1    4.983878e-02 -0.0942818427  0.193959394 1.0000000
90:1-82:1    5.362759e-02 -0.0826317392  0.189886912 1.0000000
91:1-82:1    5.860274e-03 -0.1210285559  0.132749104 1.0000000
92:1-82:1    6.705745e-02 -0.0791451524  0.213260046 1.0000000
93:1-82:1    5.592093e-02 -0.0949193094  0.206761170 1.0000000
94:1-82:1    7.984000e-02 -0.0437176916  0.203397692 0.9972828
95:1-82:1    9.049351e-02 -0.0344283672  0.215415380 0.9334539
96:1-82:1    1.069688e-01 -0.0165889416  0.230526442 0.3756928
97:1-82:1    7.382857e-02 -0.0588899042  0.206547047 0.9999974
98:1-82:1    6.259344e-02 -0.0714827366  0.196669622 1.0000000
99:1-82:1    4.492619e-02 -0.0769434317  0.166795813 1.0000000
100:1-82:1  -2.937202e-02 -0.1215364108  0.062792366 1.0000000
84:1-83:1    1.938777e-02 -0.1593965202  0.198172062 1.0000000
85:1-83:1   -9.066726e-02 -0.2603091537  0.078974627 0.9999998
86:1-83:1   -2.119743e-02 -0.1889708360  0.146575983 1.0000000
87:1-83:1   -4.921961e-02 -0.2144314408  0.115992225 1.0000000
88:1-83:1   -5.684969e-02 -0.2255400454  0.111840671 1.0000000
89:1-83:1   -1.690240e-02 -0.1837915544  0.149986753 1.0000000
90:1-83:1   -1.311359e-02 -0.1732630227  0.147035842 1.0000000
91:1-83:1   -6.088090e-02 -0.2131373051  0.091375500 1.0000000
92:1-83:1    3.162703e-04 -0.1683740879  0.169006629 1.0000000
93:1-83:1   -1.082025e-02 -0.1835455045  0.161905012 1.0000000
94:1-83:1    1.309882e-02 -0.1363927820  0.162590429 1.0000000
95:1-83:1    2.375233e-02 -0.1268687558  0.174373416 1.0000000
96:1-83:1    4.022757e-02 -0.1092640320  0.189719179 1.0000000
97:1-83:1    7.087395e-03 -0.1500604040  0.164235194 1.0000000
98:1-83:1   -4.147734e-03 -0.1624438449  0.154148377 1.0000000
99:1-83:1   -2.181499e-02 -0.1699144180  0.126284446 1.0000000
100:1-83:1  -9.611320e-02 -0.2209150876  0.028688690 0.8030780
85:1-84:1   -1.100550e-01 -0.2929409111  0.072830842 0.9998489
86:1-84:1   -4.058520e-02 -0.2217392476  0.140568853 1.0000000
87:1-84:1   -6.860738e-02 -0.2473916698  0.110176912 1.0000000
88:1-84:1   -7.623746e-02 -0.2582410568  0.105766141 1.0000000
89:1-84:1   -3.629017e-02 -0.2166255886  0.144045245 1.0000000
90:1-84:1   -3.250136e-02 -0.2066183152  0.141615593 1.0000000
91:1-84:1   -8.026867e-02 -0.2471545179  0.086617171 1.0000000
92:1-84:1   -1.907150e-02 -0.2010750993  0.162932098 1.0000000
93:1-84:1   -3.020802e-02 -0.2159575470  0.155541513 1.0000000
94:1-84:1   -6.288947e-03 -0.1706562589  0.158078364 1.0000000
95:1-84:1    4.364559e-03 -0.1610306780  0.169759796 1.0000000
96:1-84:1    2.083980e-02 -0.1435275089  0.185207114 1.0000000
97:1-84:1   -1.230038e-02 -0.1836605338  0.159059782 1.0000000
98:1-84:1   -2.353550e-02 -0.1959493434  0.148878334 1.0000000
99:1-84:1   -4.120276e-02 -0.2043049174  0.121899404 1.0000000
100:1-84:1  -1.155010e-01 -0.2577837319  0.026781793 0.6235725
86:1-85:1    6.946984e-02 -0.1026677188  0.241607393 1.0000000
87:1-85:1    4.144766e-02 -0.1281942347  0.211089546 1.0000000
88:1-85:1    3.381758e-02 -0.1392138028  0.206848955 1.0000000
89:1-85:1    7.376486e-02 -0.0975109698  0.245040695 1.0000000
90:1-85:1    7.755367e-02 -0.0871620271  0.242269373 1.0000000
91:1-85:1    2.978636e-02 -0.1272659657  0.186838688 1.0000000
92:1-85:1    9.098353e-02 -0.0820478454  0.264014913 0.9999999
93:1-85:1    7.984702e-02 -0.0971203132  0.256814348 1.0000000
94:1-85:1    1.037661e-01 -0.0506073605  0.258139534 0.9900938
95:1-85:1    1.144196e-01 -0.0410478715  0.269887058 0.9084756
96:1-85:1    1.308948e-01 -0.0234786105  0.285268284 0.4539976
97:1-85:1    9.775466e-02 -0.0640441423  0.259553459 0.9998188
98:1-85:1    8.651953e-02 -0.0763948037  0.249433863 0.9999999
99:1-85:1    6.885228e-02 -0.0841734163  0.221877971 1.0000000
100:1-85:1  -5.445935e-03 -0.1360557843  0.125163914 1.0000000
87:1-86:1   -2.802218e-02 -0.1957955909  0.139751228 1.0000000
88:1-86:1   -3.565226e-02 -0.2068521560  0.135547635 1.0000000
89:1-86:1    4.295026e-03 -0.1651303466  0.173720398 1.0000000
90:1-86:1    8.083836e-03 -0.1547068512  0.170874524 1.0000000
91:1-86:1   -3.968348e-02 -0.1947156640  0.115348712 1.0000000
92:1-86:1    2.151370e-02 -0.1496861985  0.192713592 1.0000000
93:1-86:1    1.037718e-02 -0.1647998218  0.185554182 1.0000000
94:1-86:1    3.429625e-02 -0.1180215339  0.186614034 1.0000000
95:1-86:1    4.494976e-02 -0.1084767036  0.198376217 1.0000000
96:1-86:1    6.142500e-02 -0.0908927839  0.213742784 1.0000000
97:1-86:1    2.828482e-02 -0.1315538407  0.188123484 1.0000000
98:1-86:1    1.704969e-02 -0.1439180867  0.178017472 1.0000000
99:1-86:1   -6.175595e-04 -0.1515692370  0.150334118 1.0000000
100:1-86:1  -7.491577e-02 -0.2030893992  0.053257855 0.9999627
88:1-87:1   -7.630079e-03 -0.1763204375  0.161060279 1.0000000
89:1-87:1    3.231721e-02 -0.1345719466  0.199206360 1.0000000
90:1-87:1    3.610602e-02 -0.1240434149  0.196255450 1.0000000
91:1-87:1   -1.166129e-02 -0.1639176972  0.140595108 1.0000000
92:1-87:1    4.953588e-02 -0.1191544801  0.218226236 1.0000000
93:1-87:1    3.839936e-02 -0.1343258967  0.211124620 1.0000000
94:1-87:1    6.231843e-02 -0.0871731741  0.211810037 1.0000000
95:1-87:1    7.297194e-02 -0.0776491479  0.223593024 1.0000000
96:1-87:1    8.944718e-02 -0.0600444241  0.238938787 0.9998839
97:1-87:1    5.630700e-02 -0.1008407962  0.213454802 1.0000000
98:1-87:1    4.507187e-02 -0.1132242371  0.203367985 1.0000000
99:1-87:1    2.740462e-02 -0.1206948102  0.175504054 1.0000000
100:1-87:1  -4.689359e-02 -0.1716954798  0.077908298 1.0000000
89:1-88:1    3.994729e-02 -0.1303861421  0.210280714 1.0000000
90:1-88:1    4.373610e-02 -0.1199994458  0.207471640 1.0000000
91:1-88:1   -4.031215e-03 -0.1600552499  0.151992819 1.0000000
92:1-88:1    5.716596e-02 -0.1149326312  0.229264546 1.0000000
93:1-88:1    4.602944e-02 -0.1300259540  0.222084836 1.0000000
94:1-88:1    6.994851e-02 -0.0833786798  0.223275701 1.0000000
95:1-88:1    8.060202e-02 -0.0738266030  0.235030637 1.0000000
96:1-88:1    9.707726e-02 -0.0562499298  0.250404451 0.9987196
97:1-88:1    6.393708e-02 -0.0968637822  0.224737946 1.0000000
98:1-88:1    5.270195e-02 -0.1092213187  0.214625225 1.0000000
99:1-88:1    3.503470e-02 -0.1169354571  0.187004859 1.0000000
100:1-88:1  -3.926351e-02 -0.1686350645  0.090108041 1.0000000
90:1-89:1    3.788811e-03 -0.1580904051  0.165668026 1.0000000
91:1-89:1   -4.397850e-02 -0.1980533272  0.110096324 1.0000000
92:1-89:1    1.721867e-02 -0.1531147569  0.187552100 1.0000000
93:1-89:1    6.082155e-03 -0.1682481485  0.180412458 1.0000000
94:1-89:1    3.000122e-02 -0.1213420274  0.181344476 1.0000000
95:1-89:1    4.065473e-02 -0.1118042841  0.193113746 1.0000000
96:1-89:1    5.712997e-02 -0.0942132774  0.208473226 1.0000000
97:1-89:1    2.398980e-02 -0.1349204634  0.182900055 1.0000000
98:1-89:1    1.275467e-02 -0.1472912594  0.172800594 1.0000000
99:1-89:1   -4.912585e-03 -0.1548808535  0.145055683 1.0000000
100:1-89:1  -7.921080e-02 -0.2062247783  0.047803183 0.9992947
91:1-90:1   -4.776731e-02 -0.1945150655  0.098980441 1.0000000
92:1-90:1    1.342986e-02 -0.1503056821  0.177165403 1.0000000
93:1-90:1    2.293344e-03 -0.1655962203  0.170182908 1.0000000
94:1-90:1    2.621241e-02 -0.1176647250  0.170089553 1.0000000
95:1-90:1    3.686592e-02 -0.1081844242  0.181916265 1.0000000
96:1-90:1    5.334116e-02 -0.0905359750  0.197218303 1.0000000
97:1-90:1    2.020099e-02 -0.1316157520  0.172017722 1.0000000
98:1-90:1    8.965856e-03 -0.1440392081  0.161970921 1.0000000
99:1-90:1   -8.701396e-03 -0.1511314934  0.133728702 1.0000000
100:1-90:1  -8.299961e-02 -0.2010182614  0.035019045 0.9660117
92:1-91:1    6.119717e-02 -0.0948268617  0.217221207 1.0000000
93:1-91:1    5.006066e-02 -0.1103172637  0.210438576 1.0000000
94:1-91:1    7.397973e-02 -0.0610565746  0.209016027 0.9999990
95:1-91:1    8.463323e-02 -0.0516524008  0.220918866 0.9994069
96:1-91:1    1.011085e-01 -0.0339278246  0.236144777 0.8745282
97:1-91:1    6.796830e-02 -0.0754977023  0.211434297 1.0000000
98:1-91:1    5.673317e-02 -0.0879897430  0.201456080 1.0000000
99:1-91:1    3.906592e-02 -0.0944275445  0.172559378 1.0000000
100:1-91:1  -3.523230e-02 -0.1422957066  0.071831114 1.0000000
93:1-92:1   -1.113652e-02 -0.1871919115  0.164918878 1.0000000
94:1-92:1    1.278255e-02 -0.1405446373  0.166109744 1.0000000
95:1-92:1    2.343606e-02 -0.1309925604  0.177864680 1.0000000
96:1-92:1    3.991130e-02 -0.1134158873  0.193238494 1.0000000
97:1-92:1    6.771125e-03 -0.1540297397  0.167571989 1.0000000
98:1-92:1   -4.464004e-03 -0.1663872762  0.157459268 1.0000000
99:1-92:1   -2.213126e-02 -0.1741014146  0.129838902 1.0000000
100:1-92:1  -9.642947e-02 -0.2258010219  0.032942084 0.8841678
94:1-93:1    2.391907e-02 -0.1338364538  0.181674593 1.0000000
95:1-93:1    3.457258e-02 -0.1242536702  0.193398823 1.0000000
96:1-93:1    5.104782e-02 -0.1067077038  0.208803343 1.0000000
97:1-93:1    1.790764e-02 -0.1471211315  0.182936414 1.0000000
98:1-93:1    6.672512e-03 -0.1594501046  0.172795129 1.0000000
99:1-93:1   -1.099474e-02 -0.1674316499  0.145442170 1.0000000
100:1-93:1  -8.529295e-02 -0.2198833554  0.049297451 0.9986736
95:1-94:1    1.065351e-02 -0.1225362147  0.143843228 1.0000000
96:1-94:1    2.712875e-02 -0.1047823203  0.159039820 1.0000000
97:1-94:1   -6.011429e-03 -0.1465397926  0.134516935 1.0000000
98:1-94:1   -1.724656e-02 -0.1590578727  0.124564758 1.0000000
99:1-94:1   -3.491381e-02 -0.1652450495  0.095417430 1.0000000
100:1-94:1  -1.092120e-01 -0.2123056779 -0.006118366 0.0157050
96:1-95:1    1.647524e-02 -0.1167144777  0.149664965 1.0000000
97:1-95:1   -1.666494e-02 -0.1583942279  0.125064358 1.0000000
98:1-95:1   -2.790006e-02 -0.1709015342  0.115101406 1.0000000
99:1-95:1   -4.556732e-02 -0.1771925548  0.086057923 1.0000000
100:1-95:1  -1.198655e-01 -0.2245902785 -0.015140779 0.0023935
97:1-96:1   -3.314018e-02 -0.1736685426  0.107388185 1.0000000
98:1-96:1   -4.437531e-02 -0.1861866227  0.097436008 1.0000000
99:1-96:1   -6.204256e-02 -0.1923737995  0.068288680 1.0000000
100:1-96:1  -1.363408e-01 -0.2394344279 -0.033247116 0.0000240
98:1-97:1   -1.123513e-02 -0.1610955297  0.138625272 1.0000000
99:1-97:1   -2.890238e-02 -0.1679488579  0.110144096 1.0000000
100:1-97:1  -1.032006e-01 -0.2171128075  0.010711620 0.2275812
99:1-98:1   -1.766725e-02 -0.1580102278  0.122675723 1.0000000
100:1-98:1  -9.196546e-02 -0.2074566789  0.023525749 0.6946786
100:1-99:1  -7.429821e-02 -0.1753625659  0.026766141 0.9104096


	 Simultaneous Tests for General Linear Hypotheses

Multiple Comparisons of Means: Tukey Contrasts


Fit: aov(formula = SM ~ PercAccuracy * Rep1, data = data)

Linear Hypotheses:
            Estimate Std. Error t value Pr(>|t|)
1 - 0 == 0 -0.008529   0.015341  -0.556    0.578
(Adjusted p values reported -- bonferroni method)


	 Simultaneous Tests for General Linear Hypotheses

Multiple Comparisons of Means: Tukey Contrasts


Fit: aov(formula = SM ~ PercAccuracy * Rep1, data = data)

Linear Hypotheses:
            Estimate Std. Error t value Pr(>|t|)
1 - 0 == 0 -0.008529   0.015341  -0.556    0.578
(Adjusted p values reported -- bonferroni method)

Adjusted p-values for pairwise comparisons:
 

	 Simultaneous Tests for General Linear Hypotheses

Multiple Comparisons of Means: Tukey Contrasts


Fit: aov(formula = SM ~ PercAccuracy * Rep1, data = data)

Linear Hypotheses:
            Estimate Std. Error t value Pr(>|t|)
1 - 0 == 0 -0.008529   0.015341  -0.556    0.578
(Adjusted p values reported -- bonferroni method)

                    Df Sum Sq Mean Sq F value Pr(>F)    
PercAccuracy        99   9.17 0.09266   2.811 <2e-16 ***
Rep1                 1   0.00 0.00117   0.035  0.851    
PercAccuracy:Rep1   99   3.28 0.03318   1.007  0.463    
Residuals         9400 309.82 0.03296                   
---
Signif. codes:  0 ‘***’ 0.001 ‘**’ 0.01 ‘*’ 0.05 ‘.’ 0.1 ‘ ’ 1
Call:
   aov(formula = SM ~ PercAccuracy * Rep1, data = data)

Terms:
                PercAccuracy      Rep1 PercAccuracy:Rep1 Residuals
Sum of Squares       9.17329   0.00117           3.28457 309.81783
Deg. of Freedom           99         1                99      9400

Residual standard error: 0.1815471
Estimated effects may be unbalanced
                    Df Sum Sq Mean Sq F value Pr(>F)    
PercAccuracy        99   9.17 0.09266   2.811 <2e-16 ***
Rep1                 1   0.00 0.00117   0.035  0.851    
PercAccuracy:Rep1   99   3.28 0.03318   1.007  0.463    
Residuals         9400 309.82 0.03296                   
---
Signif. codes:  0 ‘***’ 0.001 ‘**’ 0.01 ‘*’ 0.05 ‘.’ 0.1 ‘ ’ 1
Call:
   aov(formula = SM ~ PercAccuracy * Rep1, data = data)

Terms:
                PercAccuracy      Rep1 PercAccuracy:Rep1 Residuals
Sum of Squares       9.17329   0.00117           3.28457 309.81783
Deg. of Freedom           99         1                99      9400

Residual standard error: 0.1815471
Estimated effects may be unbalanced
   PercAccuracy Rep1 ParticipantPublicID Sharing True1    SM
1            22    0                   1      37     0 0.475
2            22    1                   1      40     1 0.475
3           100    1                   1     100     1 0.475
4            99    0                   1      99     1 0.475
5            60    1                   1      17     0 0.475
6            79    1                   1      81     1 0.475
7            17    0                   1       5     0 0.475
8            63    1                   1      79     1 0.475
9            37    1                   1      21     0 0.475
10           33    1                   1      21     0 0.475
                    Df Sum Sq Mean Sq F value Pr(>F)    
PercAccuracy        99   9.17 0.09266   2.811 <2e-16 ***
Rep1                 1   0.00 0.00117   0.035  0.851    
PercAccuracy:Rep1   99   3.28 0.03318   1.007  0.463    
Residuals         9400 309.82 0.03296                   
---
Signif. codes:  0 ‘***’ 0.001 ‘**’ 0.01 ‘*’ 0.05 ‘.’ 0.1 ‘ ’ 1
Call:
   aov(formula = SM ~ PercAccuracy * Rep1, data = data)

Terms:
                PercAccuracy      Rep1 PercAccuracy:Rep1 Residuals
Sum of Squares       9.17329   0.00117           3.28457 309.81783
Deg. of Freedom           99         1                99      9400

Residual standard error: 0.1815471
Estimated effects may be unbalanced
numeric(0)

	 Simultaneous Tests for General Linear Hypotheses

Multiple Comparisons of Means: Tukey Contrasts


Fit: aov(formula = SM ~ PercAccuracy * Rep1, data = data)

Linear Hypotheses:
            Estimate Std. Error t value Pr(>|t|)
1 - 0 == 0 -0.008529   0.015341  -0.556    0.578
(Adjusted p values reported -- bonferroni method)

Call:
   aov(formula = SM ~ PercAccuracy * Rep1, data = data)

Terms:
                PercAccuracy      Rep1 PercAccuracy:Rep1 Residuals
Sum of Squares       9.17329   0.00117           3.28457 309.81783
Deg. of Freedom           99         1                99      9400

Residual standard error: 0.1815471
Estimated effects may be unbalanced
Call:
   aov(formula = SM ~ PercAccuracy * Rep1, data = data)

Terms:
                PercAccuracy      Rep1 PercAccuracy:Rep1 Residuals
Sum of Squares       9.17329   0.00117           3.28457 309.81783
Deg. of Freedom           99         1                99      9400

Residual standard error: 0.1815471
Estimated effects may be unbalanced
                    Df Sum Sq Mean Sq F value Pr(>F)    
PercAccuracy        99   9.17 0.09266   2.811 <2e-16 ***
Rep1                 1   0.00 0.00117   0.035  0.851    
PercAccuracy:Rep1   99   3.28 0.03318   1.007  0.463    
Residuals         9400 309.82 0.03296                   
---
Signif. codes:  0 ‘***’ 0.001 ‘**’ 0.01 ‘*’ 0.05 ‘.’ 0.1 ‘ ’ 1
Call:
   aov(formula = SM ~ PercAccuracy * Rep1, data = data)

Terms:
                PercAccuracy      Rep1 PercAccuracy:Rep1 Residuals
Sum of Squares       9.17329   0.00117           3.28457 309.81783
Deg. of Freedom           99         1                99      9400

Residual standard error: 0.1815471
Estimated effects may be unbalanced
   PercAccuracy Rep1 ParticipantPublicID Sharing True1    SM
1            22    0                   1      37     0 0.475
2            22    1                   1      40     1 0.475
3           100    1                   1     100     1 0.475
4            99    0                   1      99     1 0.475
5            60    1                   1      17     0 0.475
6            79    1                   1      81     1 0.475
7            17    0                   1       5     0 0.475
8            63    1                   1      79     1 0.475
9            37    1                   1      21     0 0.475
10           33    1                   1      21     0 0.475
                    Df Sum Sq Mean Sq F value Pr(>F)    
PercAccuracy        99   9.17 0.09266   2.811 <2e-16 ***
Rep1                 1   0.00 0.00117   0.035  0.851    
PercAccuracy:Rep1   99   3.28 0.03318   1.007  0.463    
Residuals         9400 309.82 0.03296                   
---
Signif. codes:  0 ‘***’ 0.001 ‘**’ 0.01 ‘*’ 0.05 ‘.’ 0.1 ‘ ’ 1
Call:
   aov(formula = SM ~ PercAccuracy * Rep1, data = data)

Terms:
                PercAccuracy      Rep1 PercAccuracy:Rep1 Residuals
Sum of Squares       9.17329   0.00117           3.28457 309.81783
Deg. of Freedom           99         1                99      9400

Residual standard error: 0.1815471
Estimated effects may be unbalanced
Call:
   aov(formula = SM ~ PercAccuracy * Rep1, data = data)

Terms:
                PercAccuracy      Rep1 PercAccuracy:Rep1 Residuals
Sum of Squares       9.17329   0.00117           3.28457 309.81783
Deg. of Freedom           99         1                99      9400

Residual standard error: 0.1815471
Estimated effects may be unbalanced
Call:
   aov(formula = SM ~ PercAccuracy * Rep1, data = data)

Terms:
                PercAccuracy      Rep1 PercAccuracy:Rep1 Residuals
Sum of Squares       9.17329   0.00117           3.28457 309.81783
Deg. of Freedom           99         1                99      9400

Residual standard error: 0.1815471
Estimated effects may be unbalanced
     PercAccuracy Rep1 ParticipantPublicID Sharing True1     SM
1              22    0                   1      37     0 0.4750
2              22    1                   1      40     1 0.4750
3             100    1                   1     100     1 0.4750
4              99    0                   1      99     1 0.4750
5              60    1                   1      17     0 0.4750
6              79    1                   1      81     1 0.4750
7              17    0                   1       5     0 0.4750
8              63    1                   1      79     1 0.4750
9              37    1                   1      21     0 0.4750
10             33    1                   1      21     0 0.4750
11             83    0                   1      67     0 0.4750
12             95    0                   1      63     1 0.4750
13             82    0                   1      64     0 0.4750
14             62    0                   1      69     1 0.4750
15            100    0                   1      72     1 0.4750
16             87    0                   1       5     0 0.4750
17             63    0                   1       1     0 0.4750
18             56    1                   1      88     1 0.4750
19             80    1                   1      89     1 0.4750
20             98    1                   1      99     1 0.4750
21              9    1                   1       7     0 0.4750
22             97    0                   1      57     0 0.4750
23             93    0                   1      75     1 0.4750
24             86    0                   1      22     1 0.4750
25             80    0                   1      85     1 0.4750
26             23    0                   1      59     1 0.4750
27             60    1                   1       6     0 0.4750
28            100    1                   1       6     1 0.4750
29             22    1                   1      25     0 0.4750
30             20    0                   1      22     0 0.4750
31             26    0                   1     100     0 0.4750
32             51    0                   1      30     0 0.4750
33              9    1                   1       1     0 0.4750
34             11    1                   1       1     0 0.4750
35             34    1                   1       2     0 0.4750
36             99    1                   1      81     0 0.4750
37             23    1                   1      71     0 0.4750
38              4    0                   1       3     0 0.4750
39             64    1                   1      61     0 0.4750
40             95    0                   1      81     0 0.4750
41             73    0                   1      63     1 0.4750
42             85    0                   1      10     1 0.4750
43             96    1                   1     100     1 0.4750
44             35    0                   1       7     0 0.4750
45             99    1                   1      82     0 0.4750
46              6    0                   1       6     0 0.4750
47             95    0                   1      83     1 0.4750
48              3    0                   1       6     0 0.4750
49             18    1                   1      22     0 0.4750
50             81    1                   1     100     1 0.4750
51             95    0                   1      79     1 0.4750
52             82    1                   1      26     1 0.4750
53             21    0                   1      64     1 0.4750
54             99    0                   1      80     1 0.4750
55             20    1                   1      12     1 0.4750
56            100    0                   1     100     1 0.4750
57             77    1                   1      61     1 0.4750
58             80    1                   1       5     0 0.4750
59             99    1                   1      94     1 0.4750
60             85    1                   1      72     1 0.4750
61              1    0                   2       1     0 0.4042
62             82    1                   2       1     1 0.4042
63             22    1                   2       1     1 0.4042
64             80    1                   2       1     1 0.4042
65              8    0                   2       1     0 0.4042
66              5    0                   2      52     1 0.4042
67              2    1                   2       1     0 0.4042
68             78    0                   2       1     1 0.4042
69              3    0                   2       1     0 0.4042
70             59    0                   2       1     0 0.4042
71              5    1                   2       1     0 0.4042
72             98    0                   2       1     1 0.4042
73             83    0                   2       1     0 0.4042
74              1    1                   2       1     1 0.4042
75             79    0                   2       1     1 0.4042
76             19    1                   2       1     0 0.4042
77              2    1                   2       1     0 0.4042
78             39    1                   2       1     1 0.4042
79             82    1                   2      15     1 0.4042
80             79    1                   2      11     1 0.4042
81              6    1                   2       1     0 0.4042
82             19    1                   2       1     0 0.4042
83             25    1                   2       1     1 0.4042
84             80    1                   2       1     1 0.4042
85             60    0                   2       1     1 0.4042
86             78    0                   2       1     1 0.4042
87             62    0                   2      18     0 0.4042
88             94    0                   2       1     1 0.4042
89              2    1                   2       1     0 0.4042
90              4    1                   2       1     0 0.4042
91             23    1                   2       1     0 0.4042
92             70    1                   2       1     0 0.4042
93              1    1                   2       1     0 0.4042
94              2    1                   2       1     0 0.4042
95              4    0                   2       1     0 0.4042
96              5    0                   2       1     0 0.4042
97             57    0                   2       1     0 0.4042
98             34    1                   2       1     0 0.4042
99             89    0                   2       1     0 0.4042
100             6    0                   2       1     0 0.4042
101            78    1                   2       1     1 0.4042
102            98    1                   2       1     1 0.4042
103            83    0                   2      12     1 0.4042
104            81    1                   2       1     0 0.4042
105            64    0                   2       1     0 0.4042
106            72    1                   2       1     0 0.4042
107            82    0                   2      40     1 0.4042
108             3    0                   2       1     0 0.4042
109             4    1                   2       1     0 0.4042
110            73    0                   2      20     1 0.4042
111            99    1                   2       1     1 0.4042
112            61    0                   2       1     1 0.4042
113            16    0                   2       1     1 0.4042
114            98    1                   2       1     1 0.4042
115            79    0                   2       1     1 0.4042
116            89    0                   2      41     1 0.4042
117           100    0                   2      18     1 0.4042
118            21    0                   2       1     0 0.4042
119            19    0                   2      11     1 0.4042
120            53    1                   2       1     1 0.4042
121             1    1                   3       1     0 0.0938
122            79    0                   3      57     1 0.0938
123            78    0                   3      59     1 0.0938
124            68    1                   3      21     1 0.0938
125            53    0                   3       1     0 0.0938
126            82    0                   3      36     1 0.0938
127            16    0                   3       1     0 0.0938
128            17    1                   3       1     1 0.0938
129            12    1                   3       1     0 0.0938
130             1    1                   3       1     0 0.0938
131            37    1                   3       1     0 0.0938
132            61    1                   3      16     1 0.0938
133            27    0                   3       1     0 0.0938
134            76    1                   3      15     1 0.0938
135            79    0                   3      38     1 0.0938
136            31    1                   3       1     0 0.0938
137            34    0                   3      16     0 0.0938
138            57    0                   3      19     1 0.0938
139            84    0                   3      39     1 0.0938
140            82    1                   3      58     1 0.0938
141            17    0                   3       1     0 0.0938
142            13    1                   3       1     0 0.0938
143            85    1                   3      66     1 0.0938
144            87    0                   3      64     1 0.0938
145            70    0                   3      42     1 0.0938
146            72    0                   3      39     1 0.0938
147             1    0                   3       1     0 0.0938
148            86    1                   3      41     1 0.0938
149             1    1                   3       1     0 0.0938
150             1    1                   3       1     0 0.0938
151             1    0                   3       1     0 0.0938
152            34    0                   3       1     0 0.0938
153             1    1                   3       1     0 0.0938
154             1    0                   3       1     0 0.0938
155             1    1                   3       1     0 0.0938
156            39    1                   3       1     0 0.0938
157            14    0                   3       1     0 0.0938
158             1    1                   3       1     0 0.0938
159            74    0                   3      18     0 0.0938
160            13    1                   3       1     0 0.0938
161            60    1                   3      20     1 0.0938
162            85    1                   3      63     1 0.0938
163            86    0                   3      41     1 0.0938
164            60    0                   3      21     0 0.0938
165            56    0                   3      17     0 0.0938
166            17    0                   3       1     0 0.0938
167            82    0                   3      61     1 0.0938
168             1    1                   3       1     0 0.0938
169            21    1                   3       1     0 0.0938
170            82    1                   3      38     1 0.0938
171            75    1                   3      61     1 0.0938
172            64    0                   3      20     1 0.0938
173            37    1                   3       1     1 0.0938
174            81    1                   3      41     1 0.0938
175            76    0                   3      60     1 0.0938
176            85    1                   3      40     1 0.0938
177            81    0                   3      21     1 0.0938
178             1    0                   3       1     0 0.0938
179            82    1                   3      39     1 0.0938
180            90    0                   3      62     1 0.0938
181            24    1                   4      26     0 0.5424
182            43    0                   4      79     1 0.5424
183            82    0                   4      79     1 0.5424
184            75    1                   4      74     1 0.5424
185            23    0                   4      82     0 0.5424
186            78    1                   4      82     1 0.5424
187             6    0                   4       2     0 0.5424
188             6    1                   4      16     1 0.5424
189             9    1                   4      16     0 0.5424
190             4    0                   4       2     0 0.5424
191            69    0                   4      80     0 0.5424
192            78    1                   4      91     1 0.5424
193            39    1                   4      21     0 0.5424
194            83    1                   4      96     1 0.5424
195            82    1                   4      83     1 0.5424
196            60    0                   4      60     0 0.5424
197            81    1                   4      61     0 0.5424
198            60    0                   4      83     1 0.5424
199            86    0                   4      73     1 0.5424
200            84    0                   4      97     1 0.5424
201             8    1                   4      23     0 0.5424
202            22    0                   4      37     0 0.5424
203            92    1                   4      80     1 0.5424
204            58    0                   4      79     1 0.5424
205            81    1                   4      91     1 0.5424
206            79    0                   4       6     1 0.5424
207            23    0                   4      20     0 0.5424
208            95    1                   4      19     1 0.5424
209             7    0                   4       8     0 0.5424
210             4    0                   4       6     0 0.5424
211            25    1                   4       2     0 0.5424
212            23    1                   4      24     0 0.5424
213             4    0                   4      22     0 0.5424
214            16    0                   4      12     0 0.5424
215             9    1                   4       7     0 0.5424
216            45    0                   4      83     0 0.5424
217            64    1                   4      82     0 0.5424
218             5    0                   4       2     0 0.5424
219            78    0                   4      79     0 0.5424
220            29    1                   4      14     0 0.5424
221            62    0                   4      87     1 0.5424
222            88    0                   4      80     1 0.5424
223            83    0                   4      61     1 0.5424
224            76    0                   4      15     0 0.5424
225            79    1                   4      90     0 0.5424
226            70    0                   4      62     0 0.5424
227            82    0                   4      88     1 0.5424
228            39    0                   4      21     0 0.5424
229             6    1                   4       3     0 0.5424
230            80    1                   4      92     1 0.5424
231            90    1                   4      80     1 0.5424
232            66    0                   4      82     1 0.5424
233            40    1                   4      17     1 0.5424
234           100    1                   4      16     1 0.5424
235            82    1                   4      95     1 0.5424
236            96    1                   4      88     1 0.5424
237           100    1                   4       3     1 0.5424
238            62    1                   4      88     0 0.5424
239            72    0                   4      78     1 0.5424
240            65    1                   4      39     1 0.5424
241             1    0                   5       9     0 0.5639
242            84    0                   5      61     1 0.5639
243            65    1                   5      64     1 0.5639
244            49    0                   5      53     1 0.5639
245            49    1                   5      51     0 0.5639
246            53    1                   5      53     1 0.5639
247            21    0                   5      44     0 0.5639
248            57    1                   5      53     1 0.5639
249            19    1                   5      43     0 0.5639
250             6    0                   5      31     0 0.5639
251             9    1                   5      11     0 0.5639
252            80    1                   5      70     1 0.5639
253            94    0                   5      73     0 0.5639
254             7    1                   5      24     1 0.5639
255            70    1                   5      75     1 0.5639
256            94    1                   5      62     0 0.5639
257            18    1                   5      13     0 0.5639
258            37    1                   5      42     1 0.5639
259            57    1                   5      63     1 0.5639
260            73    0                   5      55     1 0.5639
261            50    0                   5      80     0 0.5639
262            13    1                   5      17     0 0.5639
263            70    0                   5      68     1 0.5639
264            81    1                   5      79     1 0.5639
265            67    0                   5      59     1 0.5639
266            59    1                   5      74     1 0.5639
267            62    1                   5      58     0 0.5639
268            96    1                   5      71     1 0.5639
269            83    1                   5      35     0 0.5639
270            61    0                   5      67     0 0.5639
271            29    1                   5      71     0 0.5639
272            57    0                   5      66     0 0.5639
273            35    0                   5      56     0 0.5639
274            10    0                   5      17     0 0.5639
275             3    0                   5       6     0 0.5639
276            22    1                   5      22     0 0.5639
277            62    0                   5      58     0 0.5639
278            49    0                   5      63     0 0.5639
279            73    1                   5      57     0 0.5639
280            12    0                   5      18     0 0.5639
281            92    0                   5      59     1 0.5639
282            95    0                   5      71     1 0.5639
283            94    0                   5      87     1 0.5639
284            62    0                   5      67     0 0.5639
285            88    1                   5      67     0 0.5639
286            35    0                   5      55     0 0.5639
287            39    1                   5      50     1 0.5639
288            37    0                   5      20     0 0.5639
289             8    1                   5      15     0 0.5639
290            63    0                   5      62     1 0.5639
291            86    1                   5      68     1 0.5639
292            86    1                   5      81     1 0.5639
293            41    0                   5      59     1 0.5639
294            96    0                   5      66     1 0.5639
295            92    0                   5      71     1 0.5639
296            94    1                   5      60     1 0.5639
297            98    0                   5      69     1 0.5639
298            40    0                   5      49     0 0.5639
299            94    1                   5      73     1 0.5639
300            63    1                   5      73     1 0.5639
301             5    0                   6       4     0 0.5997
302           100    1                   6      64     1 0.5997
303            99    0                   6      80     1 0.5997
304            63    1                   6      76     1 0.5997
305            52    1                   6      58     0 0.5997
306            84    0                   6      62     1 0.5997
307             6    0                   6       1     0 0.5997
308            36    1                   6       1     1 0.5997
309             1    0                   6       1     0 0.5997
310            19    0                   6      62     0 0.5997
311            11    1                   6      28     0 0.5997
312            92    0                   6      64     1 0.5997
313            21    0                   6      42     0 0.5997
314            99    1                   6      45     1 0.5997
315           100    1                   6     100     1 0.5997
316            78    0                   6      82     0 0.5997
317            61    1                   6      62     0 0.5997
318            69    0                   6      65     1 0.5997
319           100    1                   6      85     1 0.5997
320           100    1                   6     100     1 0.5997
321            21    0                   6      21     0 0.5997
322             1    1                   6       1     0 0.5997
323            91    1                   6      67     1 0.5997
324           100    1                   6     100     1 0.5997
325            70    0                   6      46     1 0.5997
326            82    1                   6     100     1 0.5997
327             9    0                   6      53     0 0.5997
328            85    1                   6      71     1 0.5997
329            60    1                   6      19     0 0.5997
330            10    1                   6       1     0 0.5997
331             1    1                   6       1     0 0.5997
332             1    1                   6       2     0 0.5997
333            19    1                   6      36     0 0.5997
334            39    1                   6      39     0 0.5997
335             1    0                   6       1     0 0.5997
336            34    0                   6       1     0 0.5997
337            62    1                   6       5     0 0.5997
338             1    0                   6      22     0 0.5997
339           100    1                   6      82     0 0.5997
340             1    1                   6       1     0 0.5997
341            81    1                   6      63     1 0.5997
342           100    0                   6     100     1 0.5997
343           100    0                   6      61     1 0.5997
344            64    0                   6      63     0 0.5997
345            83    1                   6      79     0 0.5997
346           100    1                   6      97     0 0.5997
347            23    0                   6       1     1 0.5997
348             1    0                   6       1     0 0.5997
349             1    1                   6       4     0 0.5997
350            90    0                   6      73     1 0.5997
351            89    1                   6     100     1 0.5997
352            61    0                   6      20     1 0.5997
353            64    0                   6      47     1 0.5997
354           100    0                   6     100     1 0.5997
355           100    0                   6     100     1 0.5997
356           100    0                   6     100     1 0.5997
357           100    0                   6     100     1 0.5997
358            80    1                   6      65     0 0.5997
359            91    0                   6      80     1 0.5997
360            73    0                   6      78     1 0.5997
361            95    0                   7      87     0 0.9618
362            80    1                   7      41     1 0.9618
363            99    0                   7      98     1 0.9618
364            99    1                   7      98     1 0.9618
365            93    1                   7      15     0 0.9618
366            97    0                   7      97     1 0.9618
367            12    0                   7       2     0 0.9618
368           100    0                   7      99     1 0.9618
369             1    0                   7       1     0 0.9618
370            98    1                   7      78     0 0.9618
371            82    1                   7      65     0 0.9618
372             5    1                   7       3     1 0.9618
373            90    0                   7      35     0 0.9618
374            98    1                   7      71     1 0.9618
375            91    1                   7      94     1 0.9618
376            84    1                   7      75     0 0.9618
377            77    1                   7      33     0 0.9618
378            37    0                   7      20     1 0.9618
379            99    1                   7      95     1 0.9618
380            93    0                   7      87     1 0.9618
381             1    1                   7       1     0 0.9618
382            61    0                   7      85     0 0.9618
383            94    0                   7      97     1 0.9618
384            96    0                   7      98     1 0.9618
385            99    1                   7      98     1 0.9618
386            97    0                   7      96     1 0.9618
387            75    0                   7      84     0 0.9618
388           100    0                   7      97     1 0.9618
389            98    1                   7      84     0 0.9618
390            96    1                   7      91     0 0.9618
391             1    0                   7       2     0 0.9618
392            96    1                   7      55     0 0.9618
393             5    1                   7       4     0 0.9618
394            13    0                   7       3     0 0.9618
395             2    1                   7       2     0 0.9618
396            80    1                   7      74     0 0.9618
397             6    0                   7       7     0 0.9618
398             4    0                   7      13     0 0.9618
399            65    1                   7      82     0 0.9618
400            40    0                   7      19     0 0.9618
401            94    0                   7      97     1 0.9618
402            99    1                   7      98     1 0.9618
403            99    0                   7      99     1 0.9618
404            97    1                   7      99     0 0.9618
405            99    1                   7      98     0 0.9618
406             3    1                   7       9     0 0.9618
407           100    0                   7     100     1 0.9618
408            86    0                   7      65     0 0.9618
409             4    1                   7       3     0 0.9618
410            98    0                   7      97     1 0.9618
411            84    1                   7      99     1 0.9618
412            96    0                   7     100     1 0.9618
413            95    1                   7      89     1 0.9618
414           100    1                   7      95     1 0.9618
415            83    0                   7      78     1 0.9618
416            99    1                   7      98     1 0.9618
417            98    0                   7      98     1 0.9618
418            99    0                   7      93     0 0.9618
419            99    0                   7      99     1 0.9618
420            97    1                   7      97     1 0.9618
421             1    1                   8       2     0 0.7174
422            82    1                   8      99     1 0.7174
423            83    1                   8      96     1 0.7174
424            52    0                   8      41     1 0.7174
425            61    0                   8       8     0 0.7174
426            80    1                   8     100     1 0.7174
427            61    0                   8      81     0 0.7174
428            39    0                   8      20     1 0.7174
429            21    1                   8      20     0 0.7174
430            49    0                   8      30     0 0.7174
431             3    0                   8       1     0 0.7174
432            81    1                   8      62     1 0.7174
433            82    0                   8      80     0 0.7174
434            56    0                   8      10     1 0.7174
435            82    1                   8     100     1 0.7174
436            82    1                   8     100     0 0.7174
437            52    0                   8      41     0 0.7174
438            47    0                   8      40     1 0.7174
439            51    0                   8      61     1 0.7174
440            60    1                   8       3     1 0.7174
441            62    0                   8      81     0 0.7174
442            51    1                   8      21     0 0.7174
443            49    1                   8      61     1 0.7174
444            80    1                   8      61     1 0.7174
445            81    1                   8      99     1 0.7174
446            78    0                   8      71     1 0.7174
447            55    1                   8      81     0 0.7174
448            81    1                   8      99     1 0.7174
449            56    0                   8      72     0 0.7174
450            61    1                   8      80     0 0.7174
451            49    0                   8      41     0 0.7174
452            50    1                   8      40     0 0.7174
453            80    1                   8      61     0 0.7174
454            60    0                   8      60     0 0.7174
455            45    1                   8      21     0 0.7174
456            62    0                   8       1     0 0.7174
457            53    1                   8      61     0 0.7174
458            97    0                   8      61     0 0.7174
459            81    1                   8     100     0 0.7174
460            11    0                   8      20     0 0.7174
461            61    1                   8      62     1 0.7174
462            70    0                   8      80     1 0.7174
463            72    0                   8      61     1 0.7174
464            80    1                   8      99     0 0.7174
465            60    1                   8      81     0 0.7174
466            49    0                   8      38     0 0.7174
467            81    0                   8      81     1 0.7174
468            62    1                   8      41     0 0.7174
469            41    0                   8      21     0 0.7174
470            81    1                   8      98     1 0.7174
471            60    0                   8      81     1 0.7174
472            70    1                   8      81     1 0.7174
473            41    0                   8      18     1 0.7174
474            82    0                   8      80     1 0.7174
475            60    1                   8      80     1 0.7174
476            81    1                   8      96     1 0.7174
477            81    0                   8      97     1 0.7174
478            51    1                   8      61     0 0.7174
479            83    0                   8      80     1 0.7174
480            61    0                   8      98     1 0.7174
481            19    0                   9       1     0 0.8146
482            85    1                   9       1     1 0.8146
483            61    0                   9       1     1 0.8146
484            65    0                   9       1     1 0.8146
485            61    1                   9       1     0 0.8146
486            67    0                   9       1     1 0.8146
487            39    0                   9       1     0 0.8146
488            55    1                   9       2     1 0.8146
489            18    0                   9       2     0 0.8146
490            11    1                   9       1     0 0.8146
491            36    0                   9       2     0 0.8146
492            44    0                   9       4     1 0.8146
493            51    1                   9       1     0 0.8146
494            71    1                   9       1     1 0.8146
495            72    1                   9       1     1 0.8146
496            45    1                   9       1     0 0.8146
497            22    0                   9       1     0 0.8146
498            15    0                   9       1     1 0.8146
499            64    0                   9       1     1 0.8146
500            66    0                   9       1     1 0.8146
501            60    0                   9       1     0 0.8146
502            56    0                   9       2     0 0.8146
503            73    1                   9       1     1 0.8146
504            59    0                   9       1     1 0.8146
505            58    0                   9       1     1 0.8146
506            39    1                   9       1     1 0.8146
507             8    1                   9       1     0 0.8146
508            74    1                   9       1     1 0.8146
509            23    1                   9       2     0 0.8146
510            22    1                   9       1     0 0.8146
511            28    1                   9       1     0 0.8146
512            41    1                   9       2     0 0.8146
513            56    1                   9       1     0 0.8146
514            18    1                   9       1     0 0.8146
515            18    0                   9       2     0 0.8146
516            26    0                   9       1     0 0.8146
517            30    0                   9       1     0 0.8146
518            59    1                   9       1     0 0.8146
519            70    0                   9       1     0 0.8146
520            18    0                   9       1     0 0.8146
521            62    1                   9       1     1 0.8146
522            58    0                   9       1     1 0.8146
523            62    0                   9       3     1 0.8146
524            55    0                   9       1     0 0.8146
525            61    0                   9       1     0 0.8146
526            39    1                   9       1     0 0.8146
527            69    1                   9       1     1 0.8146
528            59    1                   9       1     0 0.8146
529            67    1                   9       1     0 0.8146
530            62    1                   9       4     1 0.8146
531            65    0                   9       1     1 0.8146
532            58    1                   9       1     1 0.8146
533            14    0                   9       1     1 0.8146
534            67    0                   9       1     1 0.8146
535            33    1                   9       1     1 0.8146
536            70    1                   9       1     1 0.8146
537            80    0                   9       2     1 0.8146
538            34    0                   9       1     0 0.8146
539            69    1                   9       2     1 0.8146
540            71    1                   9       5     1 0.8146
541             4    0                  10       2     0 0.5118
542            78    1                  10      81     1 0.5118
543            81    1                  10      81     1 0.5118
544            83    0                  10      79     1 0.5118
545            80    0                  10      81     0 0.5118
546            81    1                  10      81     1 0.5118
547             6    0                  10       1     0 0.5118
548            61    0                  10      80     1 0.5118
549             5    1                  10       3     0 0.5118
550             5    0                  10       3     0 0.5118
551             4    0                  10       2     0 0.5118
552            70    1                  10      61     1 0.5118
553            20    1                  10      40     0 0.5118
554            97    1                  10      96     1 0.5118
555            97    0                  10      80     1 0.5118
556            61    0                  10      62     0 0.5118
557            19    1                  10      21     0 0.5118
558            43    1                  10      60     1 0.5118
559            82    0                  10      79     1 0.5118
560            83    1                  10      80     1 0.5118
561            21    1                  10       1     0 0.5118
562            41    0                  10       1     0 0.5118
563            61    1                  10      61     1 0.5118
564            60    0                  10      63     1 0.5118
565            99    1                  10      94     1 0.5118
566            22    0                  10       5     1 0.5118
567             6    1                  10       2     0 0.5118
568            97    1                  10      55     1 0.5118
569            40    1                  10       1     0 0.5118
570            20    0                  10       2     0 0.5118
571            33    1                  10      60     0 0.5118
572            62    1                  10      61     0 0.5118
573            40    1                  10       2     0 0.5118
574             4    1                  10       2     0 0.5118
575             3    0                  10       1     0 0.5118
576            61    0                  10      81     0 0.5118
577            42    0                  10      62     0 0.5118
578             4    0                  10       3     0 0.5118
579            80    0                  10      80     0 0.5118
580            62    1                  10      81     0 0.5118
581            81    0                  10      80     1 0.5118
582            80    0                  10      61     1 0.5118
583            95    1                  10      61     1 0.5118
584            21    0                  10       1     0 0.5118
585            81    0                  10      60     0 0.5118
586            41    1                  10       2     0 0.5118
587            62    0                  10      81     1 0.5118
588            22    1                  10      40     0 0.5118
589            25    1                  10       1     0 0.5118
590            80    0                  10      97     1 0.5118
591            92    0                  10      96     1 0.5118
592            40    0                  10      97     1 0.5118
593            41    1                  10      61     1 0.5118
594            93    1                  10      81     1 0.5118
595            81    1                  10      81     1 0.5118
596            94    1                  10      96     1 0.5118
597            99    0                  10      97     1 0.5118
598            61    1                  10      61     0 0.5118
599            96    0                  10      96     1 0.5118
600            80    0                  10      61     1 0.5118
601            11    1                  11       1     0 0.8111
602            81    1                  11       1     1 0.8111
603            79    0                  11       1     1 0.8111
604            92    0                  11       1     1 0.8111
605            49    1                  11       1     0 0.8111
606            46    0                  11       1     1 0.8111
607            48    1                  11       1     0 0.8111
608            41    1                  11       1     1 0.8111
609            21    1                  11       1     0 0.8111
610            15    1                  11       1     0 0.8111
611            19    1                  11       1     0 0.8111
612            60    1                  11       1     1 0.8111
613            40    0                  11      18     0 0.8111
614            52    0                  11       1     1 0.8111
615            59    0                  11       1     1 0.8111
616            90    1                  11       1     0 0.8111
617            56    0                  11       1     0 0.8111
618            55    1                  11       1     1 0.8111
619            62    0                  11       1     1 0.8111
620            64    1                  11       1     1 0.8111
621            53    0                  11       1     0 0.8111
622            46    1                  11       1     0 0.8111
623            52    1                  11       1     1 0.8111
624            71    1                  11       1     1 0.8111
625            39    0                  11       1     1 0.8111
626            27    0                  11       1     1 0.8111
627            58    0                  11       1     0 0.8111
628            89    1                  11       1     1 0.8111
629            70    1                  11      19     0 0.8111
630            65    0                  11       1     0 0.8111
631            10    0                  11       1     0 0.8111
632            72    0                  11       1     0 0.8111
633            55    0                  11       1     0 0.8111
634            77    0                  11       1     0 0.8111
635            56    1                  11       1     0 0.8111
636            39    0                  11       1     0 0.8111
637            45    0                  11       1     0 0.8111
638            54    0                  11       1     0 0.8111
639            92    1                  11       1     0 0.8111
640            51    0                  11       1     0 0.8111
641            80    1                  11       1     1 0.8111
642            55    0                  11       1     1 0.8111
643            73    0                  11       1     1 0.8111
644            72    0                  11       1     0 0.8111
645            57    1                  11       1     0 0.8111
646            50    0                  11       1     0 0.8111
647            98    1                  11       1     1 0.8111
648             8    0                  11       1     0 0.8111
649            43    0                  11       1     0 0.8111
650            65    0                  11       1     1 0.8111
651            66    1                  11       1     1 0.8111
652            47    1                  11       1     1 0.8111
653            21    1                  11       1     1 0.8111
654            94    1                  11       1     1 0.8111
655            49    1                  11       1     1 0.8111
656            72    0                  11       1     1 0.8111
657            94    1                  11       1     1 0.8111
658            56    1                  11       1     0 0.8111
659            55    0                  11       1     1 0.8111
660            51    1                  11       1     1 0.8111
661             5    0                  12      40     0 0.7271
662            47    1                  12      37     1 0.7271
663            61    0                  12      75     1 0.7271
664            61    0                  12      80     1 0.7271
665            91    0                  12       9     0 0.7271
666            76    1                  12      90     1 0.7271
667            93    0                  12      95     0 0.7271
668            83    1                  12      79     1 0.7271
669             8    0                  12      36     0 0.7271
670            27    0                  12      41     0 0.7271
671             3    1                  12       3     0 0.7271
672            78    0                  12      72     1 0.7271
673            70    1                  12      30     0 0.7271
674            26    0                  12       5     1 0.7271
675            92    0                  12      78     1 0.7271
676            96    1                  12      83     0 0.7271
677            83    0                  12      65     0 0.7271
678            78    0                  12      84     1 0.7271
679            77    1                  12      62     1 0.7271
680            90    0                  12      79     1 0.7271
681            15    1                  12      68     0 0.7271
682            74    1                  12      32     0 0.7271
683            59    0                  12      65     1 0.7271
684            89    0                  12      85     1 0.7271
685            95    0                  12      97     1 0.7271
686            91    0                  12      85     1 0.7271
687            59    1                  12      58     0 0.7271
688            87    1                  12      89     1 0.7271
689            41    1                  12      68     0 0.7271
690            40    0                  12      82     0 0.7271
691            22    1                  12      27     0 0.7271
692            70    0                  12      77     0 0.7271
693            77    0                  12      21     0 0.7271
694            90    1                  12      71     0 0.7271
695            60    0                  12      73     0 0.7271
696            65    1                  12      24     0 0.7271
697            20    1                  12      54     0 0.7271
698            48    1                  12      60     0 0.7271
699            94    1                  12      80     0 0.7271
700            41    1                  12      80     0 0.7271
701            89    1                  12      75     1 0.7271
702            99    1                  12      84     1 0.7271
703            62    1                  12      64     1 0.7271
704            10    0                  12      31     0 0.7271
705            74    0                  12      62     0 0.7271
706            34    0                  12      21     0 0.7271
707            73    0                  12      84     1 0.7271
708            62    1                  12      81     0 0.7271
709            37    1                  12      60     0 0.7271
710            78    0                  12      92     1 0.7271
711            85    0                  12      90     1 0.7271
712            86    0                  12      73     1 0.7271
713            24    1                  12      56     1 0.7271
714            77    1                  12      77     1 0.7271
715            71    0                  12      42     1 0.7271
716            89    0                  12      86     1 0.7271
717            84    1                  12      85     1 0.7271
718            36    1                  12      57     0 0.7271
719            60    1                  12      79     1 0.7271
720            79    1                  12      88     1 0.7271
721            62    0                  13       3     0 0.6813
722            59    1                  13      61     1 0.6813
723            56    0                  13      58     1 0.6813
724            75    1                  13      63     1 0.6813
725            38    0                  13      31     0 0.6813
726            69    1                  13      81     1 0.6813
727            33    1                  13       1     0 0.6813
728            63    0                  13       9     1 0.6813
729            64    1                  13      57     0 0.6813
730             8    0                  13       6     0 0.6813
731             1    0                  13       1     0 0.6813
732            71    0                  13      71     1 0.6813
733            26    0                  13      28     0 0.6813
734            60    1                  13      36     1 0.6813
735            79    1                  13      71     1 0.6813
736            89    1                  13     100     0 0.6813
737            59    1                  13      20     0 0.6813
738            89    1                  13      74     1 0.6813
739            91    0                  13      79     1 0.6813
740            84    1                  13      79     1 0.6813
741            41    1                  13      17     0 0.6813
742            86    0                  13      81     0 0.6813
743            87    0                  13      78     1 0.6813
744            90    0                  13      78     1 0.6813
745            76    0                  13      80     1 0.6813
746            78    1                  13      65     1 0.6813
747            59    0                  13      42     0 0.6813
748            63    1                  13      63     1 0.6813
749            26    1                  13      19     0 0.6813
750            21    1                  13      40     0 0.6813
751             1    1                  13      22     0 0.6813
752            72    0                  13      65     0 0.6813
753            24    1                  13       8     0 0.6813
754             1    0                  13       5     0 0.6813
755            23    1                  13      37     0 0.6813
756            37    1                  13      18     0 0.6813
757            32    1                  13      63     0 0.6813
758            14    1                  13      34     0 0.6813
759            77    1                  13      41     0 0.6813
760            11    0                  13      21     0 0.6813
761            78    0                  13      68     1 0.6813
762            89    0                  13      80     1 0.6813
763            72    1                  13      62     1 0.6813
764            60    1                  13      61     0 0.6813
765            66    0                  13      67     0 0.6813
766             3    1                  13      17     0 0.6813
767            84    0                  13      74     1 0.6813
768            30    1                  13      19     0 0.6813
769            10    0                  13       1     0 0.6813
770            77    0                  13      81     1 0.6813
771            92    0                  13      80     1 0.6813
772            79    0                  13      62     1 0.6813
773            35    0                  13      24     1 0.6813
774           100    1                  13      81     1 0.6813
775            61    0                  13      29     1 0.6813
776            82    1                  13      78     1 0.6813
777           100    0                  13     100     1 0.6813
778            40    1                  13      20     0 0.6813
779            60    0                  13      72     1 0.6813
780            72    0                  13      68     1 0.6813
781             4    0                  14       3     0 0.6257
782            80    1                  14      40     1 0.6257
783            90    1                  14      62     1 0.6257
784            92    0                  14      81     1 0.6257
785            58    1                  14      82     0 0.6257
786            76    0                  14       3     1 0.6257
787            86    1                  14      60     0 0.6257
788            75    0                  14      98     1 0.6257
789            90    0                  14      62     0 0.6257
790            95    1                  14      82     0 0.6257
791            80    1                  14      79     0 0.6257
792            80    1                  14      81     1 0.6257
793             7    0                  14      61     0 0.6257
794            55    1                  14      41     1 0.6257
795            56    1                  14      21     1 0.6257
796            98    1                  14      20     0 0.6257
797            94    1                  14      62     0 0.6257
798            60    0                  14      40     1 0.6257
799            87    0                  14      61     1 0.6257
800            96    1                  14      81     1 0.6257
801            73    1                  14      98     0 0.6257
802            45    1                  14      62     0 0.6257
803            81    0                  14      79     1 0.6257
804            87    1                  14      63     1 0.6257
805            83    1                  14     100     1 0.6257
806            89    0                  14      80     1 0.6257
807            81    0                  14      40     0 0.6257
808            96    0                  14      80     1 0.6257
809            94    1                  14       2     0 0.6257
810            92    0                  14      17     0 0.6257
811             5    0                  14      99     0 0.6257
812            78    0                  14      61     0 0.6257
813            61    0                  14      98     0 0.6257
814            97    1                  14      98     0 0.6257
815            54    1                  14       3     0 0.6257
816            94    1                  14      99     0 0.6257
817            81    0                  14      99     0 0.6257
818            95    1                  14      60     0 0.6257
819            97    0                  14      98     0 0.6257
820            96    0                  14      81     0 0.6257
821            91    0                  14      63     1 0.6257
822            84    0                  14      20     1 0.6257
823            90    1                  14      81     1 0.6257
824            94    1                  14      98     0 0.6257
825            92    1                  14      58     0 0.6257
826            21    0                  14      82     0 0.6257
827            86    0                  14      21     1 0.6257
828            58    0                  14      62     0 0.6257
829            19    0                  14      62     0 0.6257
830            89    0                  14      96     1 0.6257
831            84    1                  14      98     1 0.6257
832            93    0                  14      97     1 0.6257
833            65    0                  14      80     1 0.6257
834            90    1                  14      60     1 0.6257
835            71    1                  14      40     1 0.6257
836            95    1                  14      61     1 0.6257
837            97    1                  14      81     1 0.6257
838            93    0                  14      97     0 0.6257
839            88    0                  14      81     1 0.6257
840            85    1                  14      61     1 0.6257
841            31    0                  15      37     0 0.5323
842            58    1                  15      54     1 0.5323
843            65    1                  15      61     1 0.5323
844            63    0                  15      62     1 0.5323
845            55    1                  15      47     0 0.5323
846            54    0                  15      47     1 0.5323
847            28    0                  15       3     0 0.5323
848            42    0                  15      43     1 0.5323
849            40    0                  15      24     0 0.5323
850            43    0                  15      44     0 0.5323
851            42    1                  15      39     0 0.5323
852            65    0                  15      55     1 0.5323
853            44    0                  15      29     0 0.5323
854            54    0                  15      53     1 0.5323
855            82    1                  15      63     1 0.5323
856            57    1                  15      63     0 0.5323
857            56    0                  15       8     0 0.5323
858            53    1                  15      26     1 0.5323
859            67    0                  15      53     1 0.5323
860            71    0                  15      55     1 0.5323
861            36    1                  15      27     0 0.5323
862            57    1                  15      56     0 0.5323
863            67    1                  15      52     1 0.5323
864            76    1                  15      71     1 0.5323
865            70    1                  15      48     1 0.5323
866            70    0                  15      70     1 0.5323
867            38    1                  15      39     0 0.5323
868            95    1                  15      82     1 0.5323
869            56    1                  15      30     0 0.5323
870            53    0                  15      39     0 0.5323
871            40    0                  15      20     0 0.5323
872            42    1                  15      48     0 0.5323
873            41    1                  15      34     0 0.5323
874            24    1                  15      25     0 0.5323
875            19    0                  15      12     0 0.5323
876            55    1                  15      51     0 0.5323
877            52    0                  15      33     0 0.5323
878            54    0                  15      26     0 0.5323
879            77    0                  15      53     0 0.5323
880            36    1                  15      45     0 0.5323
881            62    1                  15      52     1 0.5323
882            83    0                  15      84     1 0.5323
883            90    1                  15      74     1 0.5323
884            69    1                  15      52     0 0.5323
885            77    0                  15      78     0 0.5323
886            47    0                  15      33     0 0.5323
887            80    1                  15      67     1 0.5323
888            38    0                  15      15     0 0.5323
889            25    1                  15      17     0 0.5323
890            52    0                  15      80     1 0.5323
891            71    1                  15      53     1 0.5323
892            57    0                  15      54     1 0.5323
893            58    0                  15      40     1 0.5323
894            92    1                  15      74     1 0.5323
895            56    0                  15      54     1 0.5323
896            90    0                  15      55     1 0.5323
897            73    1                  15      59     1 0.5323
898            37    1                  15      26     0 0.5323
899            66    1                  15      62     1 0.5323
900            56    0                  15      75     1 0.5323
901            39    0                  16      21     0 0.5278
902            49    1                  16      17     1 0.5278
903            53    1                  16      38     1 0.5278
904            54    0                  16      21     1 0.5278
905            54    1                  16      20     0 0.5278
906            79    1                  16       7     1 0.5278
907            55    0                  16      24     0 0.5278
908            48    0                  16      24     1 0.5278
909            41    1                  16      11     0 0.5278
910            56    0                  16      19     0 0.5278
911             6    1                  16      16     0 0.5278
912            49    1                  16      38     1 0.5278
913            47    0                  16       5     0 0.5278
914             1    0                  16      35     1 0.5278
915            55    0                  16      24     1 0.5278
916            54    1                  16      20     0 0.5278
917            49    1                  16      23     0 0.5278
918            53    1                  16      18     1 0.5278
919            69    0                  16      61     1 0.5278
920            53    0                  16      21     1 0.5278
921            57    0                  16      23     0 0.5278
922            54    1                  16      23     0 0.5278
923            78    1                  16      22     1 0.5278
924            51    1                  16      21     1 0.5278
925            51    0                  16      32     1 0.5278
926            52    0                  16      21     1 0.5278
927            52    0                  16      17     0 0.5278
928            75    1                  16      81     1 0.5278
929            39    0                  16      23     0 0.5278
930            58    1                  16      20     0 0.5278
931            39    0                  16       7     0 0.5278
932            48    1                  16      22     0 0.5278
933            54    0                  16      24     0 0.5278
934            52    1                  16      25     0 0.5278
935            41    0                  16      24     0 0.5278
936            43    0                  16      10     0 0.5278
937            51    0                  16       1     0 0.5278
938            51    0                  16      15     0 0.5278
939            52    1                  16      22     0 0.5278
940            30    1                  16      14     0 0.5278
941            44    0                  16      19     1 0.5278
942            63    1                  16      17     1 0.5278
943            60    0                  16      20     1 0.5278
944            53    1                  16      45     0 0.5278
945            52    0                  16      45     0 0.5278
946            41    1                  16      17     0 0.5278
947            51    1                  16      63     1 0.5278
948            53    1                  16      18     0 0.5278
949             7    1                  16       6     0 0.5278
950            75    0                  16      46     1 0.5278
951            52    1                  16      12     1 0.5278
952            52    0                  16      14     1 0.5278
953            46    1                  16      19     1 0.5278
954            47    0                  16      41     1 0.5278
955            46    1                  16      11     1 0.5278
956            49    0                  16      42     1 0.5278
957            59    0                  16      42     1 0.5278
958            59    1                  16      23     0 0.5278
959            53    1                  16      57     1 0.5278
960            53    0                  16      23     1 0.5278
961             2    0                  17      20     0 0.8438
962            81    0                  17      41     1 0.8438
963            78    0                  17      61     1 0.8438
964            81    0                  17      60     1 0.8438
965            81    1                  17      41     0 0.8438
966            80    0                  17      81     1 0.8438
967            82    0                  17      81     0 0.8438
968            81    0                  17      81     1 0.8438
969            60    1                  17      62     0 0.8438
970            61    1                  17      81     0 0.8438
971            81    1                  17      60     0 0.8438
972            80    0                  17      61     1 0.8438
973            61    0                  17      81     0 0.8438
974            60    0                  17      80     1 0.8438
975            80    1                  17      61     1 0.8438
976            80    1                  17      80     0 0.8438
977            19    0                  17      62     0 0.8438
978            80    1                  17      62     1 0.8438
979            61    1                  17      61     1 0.8438
980            82    1                  17      61     1 0.8438
981            61    1                  17      42     0 0.8438
982            63    0                  17      62     0 0.8438
983            80    1                  17      80     1 0.8438
984            81    1                  17      81     1 0.8438
985            81    1                  17      62     1 0.8438
986            62    0                  17      61     1 0.8438
987            81    1                  17      20     0 0.8438
988            81    1                  17      81     1 0.8438
989            39    1                  17      61     0 0.8438
990            79    1                  17      62     0 0.8438
991            81    1                  17      61     0 0.8438
992            62    0                  17      81     0 0.8438
993            61    1                  17      41     0 0.8438
994            20    0                  17      20     0 0.8438
995            20    0                  17      40     0 0.8438
996            80    1                  17      80     0 0.8438
997            39    0                  17      81     0 0.8438
998            80    0                  17      61     0 0.8438
999            80    0                  17      62     0 0.8438
1000           18    1                  17      61     0 0.8438
1001           80    1                  17      81     1 0.8438
1002           80    0                  17      20     1 0.8438
1003           61    1                  17      80     1 0.8438
1004           60    0                  17      61     0 0.8438
1005           82    0                  17      61     0 0.8438
1006           18    1                  17      83     0 0.8438
1007           61    1                  17      40     1 0.8438
1008           81    0                  17      81     0 0.8438
1009           19    0                  17      20     0 0.8438
1010           82    0                  17      60     1 0.8438
1011           80    0                  17      81     1 0.8438
1012           81    0                  17      80     1 0.8438
1013           61    1                  17      61     1 0.8438
1014           82    0                  17      40     1 0.8438
1015           81    0                  17      61     1 0.8438
1016           81    1                  17      61     1 0.8438
1017           81    1                  17      81     1 0.8438
1018           80    1                  17      80     0 0.8438
1019           82    0                  17      81     1 0.8438
1020           61    1                  17      81     1 0.8438
1021            1    0                  18       1     0 0.6451
1022           98    1                  18      40     1 0.6451
1023          100    1                  18      80     1 0.6451
1024           80    1                  18      41     1 0.6451
1025           38    1                  18       1     0 0.6451
1026          100    0                  18      81     1 0.6451
1027           41    0                  18      22     0 0.6451
1028           60    0                  18      19     1 0.6451
1029            4    1                  18       1     0 0.6451
1030            1    0                  18       1     0 0.6451
1031           62    1                  18      41     0 0.6451
1032           60    1                  18      41     1 0.6451
1033           80    1                  18       1     0 0.6451
1034           82    0                  18      40     1 0.6451
1035           82    0                  18      62     1 0.6451
1036           40    0                  18       1     0 0.6451
1037           60    1                  18      41     0 0.6451
1038           61    1                  18      65     1 0.6451
1039           81    0                  18      60     1 0.6451
1040           80    0                  18      81     1 0.6451
1041            1    1                  18       1     0 0.6451
1042           41    0                  18       1     0 0.6451
1043           81    1                  18      81     1 0.6451
1044           62    0                  18      42     1 0.6451
1045           80    1                  18      61     1 0.6451
1046           63    0                  18      23     1 0.6451
1047           17    1                  18       1     0 0.6451
1048           81    0                  18      80     1 0.6451
1049            1    1                  18       1     0 0.6451
1050            1    0                  18       1     0 0.6451
1051            1    0                  18       1     0 0.6451
1052            1    0                  18      17     0 0.6451
1053           60    0                  18      20     0 0.6451
1054            1    0                  18       1     0 0.6451
1055           40    1                  18      21     0 0.6451
1056            1    0                  18       1     0 0.6451
1057           25    1                  18       1     0 0.6451
1058            1    0                  18       1     0 0.6451
1059           61    0                  18      42     0 0.6451
1060           39    1                  18      19     0 0.6451
1061          100    1                  18      59     1 0.6451
1062           82    0                  18      62     1 0.6451
1063           60    1                  18      22     1 0.6451
1064           60    1                  18      39     0 0.6451
1065           42    1                  18      20     0 0.6451
1066           20    0                  18      22     0 0.6451
1067           60    1                  18       1     1 0.6451
1068            1    0                  18      19     0 0.6451
1069            1    0                  18       1     0 0.6451
1070          100    1                  18     100     1 0.6451
1071          100    1                  18     100     1 0.6451
1072           59    1                  18      19     1 0.6451
1073           22    0                  18      23     1 0.6451
1074          100    1                  18      80     1 0.6451
1075          100    0                  18      42     1 0.6451
1076           77    1                  18      81     1 0.6451
1077           79    1                  18      41     1 0.6451
1078           61    0                  18      82     0 0.6451
1079          100    0                  18      80     1 0.6451
1080          100    1                  18      82     1 0.6451
1081           99    0                  19       1     0 0.7903
1082           82    1                  19       1     1 0.7903
1083           99    1                  19     100     1 0.7903
1084           96    0                  19     100     1 0.7903
1085           86    0                  19      55     0 0.7903
1086           80    0                  19      95     1 0.7903
1087           98    1                  19     100     0 0.7903
1088           60    0                  19      13     1 0.7903
1089           79    1                  19      64     0 0.7903
1090           86    1                  19      61     0 0.7903
1091            1    0                  19       1     0 0.7903
1092           90    1                  19      91     1 0.7903
1093            2    1                  19       1     0 0.7903
1094           80    0                  19      58     1 0.7903
1095           82    0                  19      36     1 0.7903
1096           61    0                  19      61     0 0.7903
1097           98    1                  19      82     0 0.7903
1098           69    1                  19      33     1 0.7903
1099           98    0                  19     100     1 0.7903
1100           80    0                  19     100     1 0.7903
1101            3    0                  19       1     0 0.7903
1102           95    1                  19      97     0 0.7903
1103           79    0                  19      69     1 0.7903
1104            2    1                  19       1     1 0.7903
1105           98    1                  19     100     1 0.7903
1106           96    1                  19     100     1 0.7903
1107           17    0                  19      17     0 0.7903
1108           98    1                  19      88     1 0.7903
1109           95    1                  19     100     0 0.7903
1110           43    0                  19      14     0 0.7903
1111            1    0                  19       1     0 0.7903
1112            1    0                  19       1     0 0.7903
1113           98    1                  19     100     0 0.7903
1114           95    1                  19     100     0 0.7903
1115           90    1                  19     100     0 0.7903
1116          100    0                  19      91     0 0.7903
1117           21    1                  19       9     0 0.7903
1118           26    0                  19      33     0 0.7903
1119          100    1                  19     100     0 0.7903
1120           64    1                  19      68     0 0.7903
1121           73    0                  19      33     1 0.7903
1122           95    1                  19      95     1 0.7903
1123           90    0                  19      40     1 0.7903
1124           99    1                  19      84     0 0.7903
1125           97    1                  19     100     0 0.7903
1126           78    1                  19      64     0 0.7903
1127          100    0                  19     100     1 0.7903
1128           99    1                  19      80     0 0.7903
1129            1    1                  19       1     0 0.7903
1130           90    1                  19      87     1 0.7903
1131          100    0                  19      61     1 0.7903
1132           95    0                  19      80     1 0.7903
1133           63    0                  19      28     1 0.7903
1134           93    0                  19     100     1 0.7903
1135           79    0                  19      71     1 0.7903
1136           97    1                  19      99     1 0.7903
1137           74    0                  19      62     1 0.7903
1138          100    0                  19      87     0 0.7903
1139           73    1                  19      55     1 0.7903
1140           83    0                  19      79     1 0.7903
1141            1    0                  20       1     0 0.5469
1142           70    0                  20      62     1 0.5469
1143          100    1                  20      86     1 0.5469
1144           78    1                  20      64     1 0.5469
1145           88    1                  20      73     0 0.5469
1146           94    1                  20      68     1 0.5469
1147           58    0                  20      70     0 0.5469
1148           87    0                  20      40     1 0.5469
1149            1    0                  20       1     0 0.5469
1150           21    1                  20      17     0 0.5469
1151            1    0                  20       1     0 0.5469
1152          100    1                  20      81     1 0.5469
1153            1    0                  20      25     0 0.5469
1154           18    0                  20       1     1 0.5469
1155          100    0                  20      78     1 0.5469
1156           38    1                  20      22     0 0.5469
1157           19    1                  20      24     0 0.5469
1158           71    0                  20      64     1 0.5469
1159           91    0                  20      61     1 0.5469
1160          100    0                  20      81     1 0.5469
1161            1    1                  20       1     0 0.5469
1162           80    1                  20      63     0 0.5469
1163          100    0                  20      76     1 0.5469
1164          100    1                  20     100     1 0.5469
1165          100    1                  20      40     1 0.5469
1166          100    1                  20      93     1 0.5469
1167            1    0                  20       1     0 0.5469
1168          100    0                  20      86     1 0.5469
1169           88    1                  20      61     0 0.5469
1170          100    1                  20      59     0 0.5469
1171            1    1                  20       1     0 0.5469
1172           72    1                  20      71     0 0.5469
1173            1    0                  20       1     0 0.5469
1174           33    1                  20      25     0 0.5469
1175           58    1                  20      35     0 0.5469
1176          100    0                  20       1     0 0.5469
1177           89    0                  20      83     0 0.5469
1178            1    0                  20       1     0 0.5469
1179           91    0                  20      66     0 0.5469
1180            1    0                  20       1     0 0.5469
1181           83    1                  20      65     1 0.5469
1182           79    0                  20      66     1 0.5469
1183           86    1                  20      78     1 0.5469
1184          100    1                  20     100     0 0.5469
1185           92    1                  20      77     0 0.5469
1186           80    0                  20       1     0 0.5469
1187           79    1                  20      75     1 0.5469
1188            1    0                  20      34     0 0.5469
1189           33    1                  20      20     0 0.5469
1190           91    0                  20      69     1 0.5469
1191          100    0                  20      91     1 0.5469
1192           25    1                  20      72     1 0.5469
1193           30    1                  20      59     1 0.5469
1194           82    0                  20      80     1 0.5469
1195           56    0                  20       1     1 0.5469
1196          100    0                  20     100     1 0.5469
1197          100    1                  20       1     1 0.5469
1198           94    0                  20      85     0 0.5469
1199          100    1                  20      77     1 0.5469
1200           91    1                  20      78     1 0.5469
1201           19    1                  21       1     0 0.6514
1202           63    0                  21       1     1 0.6514
1203           62    0                  21       1     1 0.6514
1204           24    0                  21       1     1 0.6514
1205           38    0                  21       1     0 0.6514
1206           79    1                  21       1     1 0.6514
1207            1    1                  21       1     0 0.6514
1208            1    0                  21       1     1 0.6514
1209            4    0                  21       1     0 0.6514
1210            1    1                  21       1     0 0.6514
1211           19    1                  21       1     0 0.6514
1212           60    0                  21       1     1 0.6514
1213           51    0                  21       1     0 0.6514
1214            1    1                  21       1     1 0.6514
1215           77    1                  21       1     1 0.6514
1216           90    1                  21      42     0 0.6514
1217            9    0                  21       1     0 0.6514
1218           17    1                  21       1     1 0.6514
1219           23    1                  21       1     1 0.6514
1220           80    0                  21      40     1 0.6514
1221            1    1                  21       1     0 0.6514
1222           66    0                  21       1     0 0.6514
1223           60    1                  21      20     1 0.6514
1224           52    1                  21       1     1 0.6514
1225           88    0                  21      21     1 0.6514
1226           39    1                  21       1     1 0.6514
1227           24    1                  21       1     0 0.6514
1228            7    1                  21       1     1 0.6514
1229           40    0                  21       1     0 0.6514
1230           22    0                  21       1     0 0.6514
1231           78    0                  21       1     0 0.6514
1232            1    1                  21       1     0 0.6514
1233            5    1                  21       1     0 0.6514
1234           32    0                  21       1     0 0.6514
1235            8    0                  21       1     0 0.6514
1236           41    1                  21       1     0 0.6514
1237           47    0                  21       1     0 0.6514
1238            1    1                  21       1     0 0.6514
1239           22    1                  21       1     0 0.6514
1240            1    0                  21       1     0 0.6514
1241           80    1                  21      21     1 0.6514
1242           60    0                  21       1     1 0.6514
1243            5    1                  21       1     1 0.6514
1244           26    0                  21       1     0 0.6514
1245           20    0                  21       1     0 0.6514
1246           22    0                  21       1     0 0.6514
1247           77    0                  21       1     1 0.6514
1248           42    1                  21      20     0 0.6514
1249            1    0                  21       1     0 0.6514
1250           81    1                  21      41     1 0.6514
1251           61    0                  21      20     1 0.6514
1252           40    1                  21       1     1 0.6514
1253           29    1                  21       1     1 0.6514
1254          100    1                  21      39     1 0.6514
1255           38    0                  21       1     1 0.6514
1256           61    1                  21       1     1 0.6514
1257           24    0                  21       1     1 0.6514
1258           60    1                  21       1     0 0.6514
1259           80    0                  21       1     1 0.6514
1260           70    0                  21       1     1 0.6514
1261            2    1                  22       1     0 0.5479
1262           75    0                  22      30     1 0.5479
1263           87    0                  22      93     1 0.5479
1264           92    1                  22      76     1 0.5479
1265           68    0                  22      56     0 0.5479
1266           61    1                  22       4     1 0.5479
1267            3    1                  22       2     0 0.5479
1268           38    0                  22       8     1 0.5479
1269            2    0                  22       3     0 0.5479
1270            9    1                  22       9     0 0.5479
1271            2    0                  22       1     0 0.5479
1272           96    0                  22      71     1 0.5479
1273           12    0                  22       5     0 0.5479
1274           90    0                  22      69     1 0.5479
1275           81    0                  22      57     1 0.5479
1276           61    1                  22      30     0 0.5479
1277           16    0                  22      19     0 0.5479
1278           49    0                  22      36     1 0.5479
1279           86    0                  22      71     1 0.5479
1280           88    1                  22      93     1 0.5479
1281            1    1                  22       2     0 0.5479
1282           76    1                  22      50     0 0.5479
1283           77    1                  22      43     1 0.5479
1284           79    1                  22      65     1 0.5479
1285           74    0                  22      20     1 0.5479
1286           82    1                  22      69     1 0.5479
1287            6    1                  22       2     0 0.5479
1288           79    0                  22      95     1 0.5479
1289           14    1                  22      24     0 0.5479
1290           10    1                  22      42     0 0.5479
1291            1    1                  22       1     0 0.5479
1292           51    1                  22      49     0 0.5479
1293            4    0                  22       4     0 0.5479
1294            2    0                  22       3     0 0.5479
1295           11    0                  22       6     0 0.5479
1296           97    0                  22      60     0 0.5479
1297           19    1                  22       2     0 0.5479
1298            2    0                  22       6     0 0.5479
1299           94    1                  22      53     0 0.5479
1300            8    0                  22       2     0 0.5479
1301           97    0                  22      72     1 0.5479
1302           98    1                  22      97     1 0.5479
1303           91    0                  22      81     1 0.5479
1304           14    1                  22      21     0 0.5479
1305           61    1                  22      28     0 0.5479
1306           11    0                  22       2     0 0.5479
1307           93    0                  22      88     1 0.5479
1308            9    0                  22       4     0 0.5479
1309            6    1                  22       1     0 0.5479
1310           79    1                  22      75     1 0.5479
1311           87    1                  22      65     1 0.5479
1312           84    0                  22      39     1 0.5479
1313           10    1                  22       2     1 0.5479
1314           97    0                  22      95     1 0.5479
1315           41    1                  22      14     1 0.5479
1316           89    1                  22      81     1 0.5479
1317           96    0                  22      90     1 0.5479
1318            9    1                  22       1     0 0.5479
1319           97    0                  22      79     1 0.5479
1320           78    1                  22      68     1 0.5479
1321            1    0                  23       1     0 0.6549
1322          100    1                  23       1     1 0.6549
1323           78    0                  23      60     1 0.6549
1324           59    0                  23       1     1 0.6549
1325          100    0                  23       1     0 0.6549
1326           79    0                  23       1     1 0.6549
1327           20    0                  23       1     0 0.6549
1328           57    0                  23      23     1 0.6549
1329           20    1                  23       1     0 0.6549
1330            1    0                  23       1     0 0.6549
1331           79    1                  23       1     0 0.6549
1332           62    1                  23       1     1 0.6549
1333            1    0                  23       1     0 0.6549
1334          100    1                  23      23     1 0.6549
1335          100    1                  23       1     1 0.6549
1336          100    1                  23       1     0 0.6549
1337           40    0                  23       1     0 0.6549
1338           38    1                  23       1     1 0.6549
1339           82    0                  23       1     1 0.6549
1340           62    0                  23       1     1 0.6549
1341           62    0                  23       1     0 0.6549
1342           77    1                  23       1     0 0.6549
1343           64    1                  23       1     1 0.6549
1344           69    1                  23       1     1 0.6549
1345           79    0                  23       1     1 0.6549
1346          100    1                  23       1     1 0.6549
1347           80    1                  23       1     0 0.6549
1348          100    1                  23       1     1 0.6549
1349            3    1                  23       1     0 0.6549
1350           18    1                  23       1     0 0.6549
1351           18    0                  23       1     0 0.6549
1352           41    0                  23      20     0 0.6549
1353           60    1                  23       1     0 0.6549
1354           60    0                  23       1     0 0.6549
1355           41    1                  23       1     0 0.6549
1356           80    0                  23      20     0 0.6549
1357           80    0                  23       1     0 0.6549
1358           60    1                  23       1     0 0.6549
1359           64    0                  23       1     0 0.6549
1360            1    0                  23       1     0 0.6549
1361           80    0                  23       1     1 0.6549
1362          100    0                  23       1     1 0.6549
1363          100    0                  23      42     1 0.6549
1364           79    0                  23       1     0 0.6549
1365          100    1                  23       1     0 0.6549
1366           39    0                  23       1     0 0.6549
1367           78    1                  23       1     1 0.6549
1368           38    0                  23       1     0 0.6549
1369           80    1                  23       1     0 0.6549
1370           79    1                  23       1     1 0.6549
1371           80    0                  23       1     1 0.6549
1372           62    1                  23       1     1 0.6549
1373           39    0                  23      40     1 0.6549
1374          100    1                  23       1     1 0.6549
1375           41    1                  23       1     1 0.6549
1376          100    1                  23       1     1 0.6549
1377          100    1                  23       1     1 0.6549
1378           22    1                  23      20     0 0.6549
1379           75    1                  23       1     1 0.6549
1380           60    0                  23      19     1 0.6549
1381           59    1                  24      17     0 0.5750
1382           41    1                  24      21     1 0.5750
1383           82    1                  24      64     1 0.5750
1384           89    0                  24      14     1 0.5750
1385           58    1                  24      30     0 0.5750
1386           65    1                  24      81     1 0.5750
1387           21    1                  24       8     0 0.5750
1388           64    0                  24      23     1 0.5750
1389           61    0                  24      47     0 0.5750
1390           23    1                  24       4     0 0.5750
1391           41    1                  24       1     0 0.5750
1392           76    0                  24      54     1 0.5750
1393           34    0                  24      23     0 0.5750
1394           86    0                  24      66     1 0.5750
1395           73    1                  24      60     1 0.5750
1396           62    0                  24      13     0 0.5750
1397           30    0                  24      11     0 0.5750
1398           62    0                  24      70     1 0.5750
1399           79    1                  24      53     1 0.5750
1400           84    0                  24      62     1 0.5750
1401           59    0                  24      17     0 0.5750
1402           60    1                  24      58     0 0.5750
1403           69    0                  24      59     1 0.5750
1404           56    0                  24      29     1 0.5750
1405           87    1                  24      57     1 0.5750
1406           72    0                  24      10     1 0.5750
1407           29    0                  24      18     0 0.5750
1408           87    0                  24      67     1 0.5750
1409            9    0                  24       1     0 0.5750
1410           17    1                  24       8     0 0.5750
1411            3    1                  24       1     0 0.5750
1412           66    0                  24       9     0 0.5750
1413           26    1                  24      10     0 0.5750
1414           20    0                  24       9     0 0.5750
1415           17    1                  24       3     0 0.5750
1416           62    0                  24      58     0 0.5750
1417           25    0                  24      41     0 0.5750
1418           62    0                  24      61     0 0.5750
1419           70    1                  24       9     0 0.5750
1420           18    1                  24       4     0 0.5750
1421           73    1                  24      57     1 0.5750
1422           85    1                  24      43     1 0.5750
1423           74    1                  24      47     1 0.5750
1424           76    1                  24      10     0 0.5750
1425           77    1                  24      57     0 0.5750
1426           42    0                  24      25     0 0.5750
1427           94    0                  24      56     1 0.5750
1428           84    1                  24      12     0 0.5750
1429            1    1                  24       1     0 0.5750
1430           79    0                  24      61     1 0.5750
1431           82    0                  24      54     1 0.5750
1432           56    0                  24      40     1 0.5750
1433           60    1                  24       9     1 0.5750
1434           97    1                  24      37     1 0.5750
1435           61    0                  24      47     1 0.5750
1436           79    1                  24      53     1 0.5750
1437          100    0                  24      45     1 0.5750
1438           21    0                  24      27     0 0.5750
1439           88    1                  24      55     1 0.5750
1440           68    1                  24      59     1 0.5750
1441            4    0                  25      14     0 0.5771
1442           63    0                  25      62     1 0.5771
1443           58    0                  25      65     1 0.5771
1444           80    1                  25      62     1 0.5771
1445           22    1                  25      54     0 0.5771
1446           61    0                  25      61     1 0.5771
1447           17    0                  25      59     0 0.5771
1448           62    0                  25      57     1 0.5771
1449            7    1                  25      12     0 0.5771
1450           13    1                  25      35     0 0.5771
1451            3    0                  25      24     0 0.5771
1452           81    1                  25      57     1 0.5771
1453           24    0                  25      35     0 0.5771
1454           21    1                  25      31     1 0.5771
1455           59    0                  25      58     1 0.5771
1456           81    1                  25      88     0 0.5771
1457           56    0                  25      55     0 0.5771
1458           18    0                  25      19     1 0.5771
1459           94    1                  25      67     1 0.5771
1460           64    0                  25      62     1 0.5771
1461            2    1                  25       3     0 0.5771
1462           42    0                  25      23     0 0.5771
1463           63    1                  25      57     1 0.5771
1464           94    0                  25      62     1 0.5771
1465           83    1                  25      65     1 0.5771
1466           85    1                  25      59     1 0.5771
1467           58    1                  25      11     0 0.5771
1468           78    0                  25      76     1 0.5771
1469           56    0                  25      45     0 0.5771
1470           40    0                  25      18     0 0.5771
1471           36    0                  25      41     0 0.5771
1472           24    1                  25      26     0 0.5771
1473           41    0                  25       7     0 0.5771
1474           20    0                  25      12     0 0.5771
1475           60    1                  25      31     0 0.5771
1476           63    0                  25      62     0 0.5771
1477           58    0                  25      74     0 0.5771
1478           38    0                  25      23     0 0.5771
1479           58    1                  25      58     0 0.5771
1480           20    0                  25      25     0 0.5771
1481           83    1                  25      68     1 0.5771
1482           82    1                  25      69     1 0.5771
1483           79    1                  25      72     1 0.5771
1484           60    1                  25      58     0 0.5771
1485           78    1                  25      61     0 0.5771
1486           83    0                  25      72     0 0.5771
1487           82    1                  25      57     1 0.5771
1488            6    1                  25      53     0 0.5771
1489           17    0                  25      31     0 0.5771
1490           64    0                  25      66     1 0.5771
1491           94    1                  25      70     1 0.5771
1492           60    1                  25      54     1 0.5771
1493           20    0                  25      17     1 0.5771
1494           96    1                  25      56     1 0.5771
1495           56    1                  25      38     1 0.5771
1496           81    0                  25      60     1 0.5771
1497           78    0                  25      63     1 0.5771
1498           62    1                  25      42     0 0.5771
1499           75    1                  25      68     1 0.5771
1500           80    1                  25      71     1 0.5771
1501            1    1                  26       1     0 0.5406
1502           61    0                  26       1     1 0.5406
1503          100    0                  26      24     1 0.5406
1504           85    1                  26      11     1 0.5406
1505           61    1                  26       1     0 0.5406
1506          100    1                  26      17     1 0.5406
1507           61    0                  26       1     0 0.5406
1508           73    1                  26      26     1 0.5406
1509            1    0                  26       4     0 0.5406
1510            1    0                  26       1     0 0.5406
1511            1    0                  26       1     0 0.5406
1512           66    0                  26       7     1 0.5406
1513           63    1                  26      11     0 0.5406
1514            8    1                  26       1     1 0.5406
1515           97    1                  26      15     1 0.5406
1516           82    0                  26       1     0 0.5406
1517            5    0                  26       1     0 0.5406
1518           60    1                  26       7     1 0.5406
1519           82    0                  26       1     1 0.5406
1520          100    0                  26      40     1 0.5406
1521            1    1                  26       3     0 0.5406
1522           27    0                  26       1     0 0.5406
1523           81    1                  26      21     1 0.5406
1524           69    0                  26       2     1 0.5406
1525           73    0                  26      35     1 0.5406
1526           61    1                  26       6     1 0.5406
1527           61    1                  26       1     0 0.5406
1528           74    0                  26       5     1 0.5406
1529            1    1                  26       1     0 0.5406
1530            1    0                  26       1     0 0.5406
1531           38    1                  26       5     0 0.5406
1532           21    1                  26       1     0 0.5406
1533           23    1                  26       1     0 0.5406
1534            1    0                  26       3     0 0.5406
1535            1    1                  26       1     0 0.5406
1536           58    0                  26       4     0 0.5406
1537           60    0                  26       4     0 0.5406
1538           61    0                  26       1     0 0.5406
1539           68    1                  26       5     0 0.5406
1540            3    1                  26       3     0 0.5406
1541          100    0                  26      38     1 0.5406
1542           76    1                  26       1     1 0.5406
1543          100    0                  26       1     1 0.5406
1544           20    1                  26       2     0 0.5406
1545           41    0                  26      11     0 0.5406
1546            7    0                  26       1     0 0.5406
1547          100    1                  26      12     1 0.5406
1548           17    1                  26       1     0 0.5406
1549            2    0                  26       4     0 0.5406
1550           70    0                  26      21     1 0.5406
1551          100    1                  26      40     1 0.5406
1552           68    0                  26      12     1 0.5406
1553            1    1                  26       1     1 0.5406
1554          100    1                  26      19     1 0.5406
1555           65    0                  26       5     1 0.5406
1556          100    1                  26      40     1 0.5406
1557           80    1                  26       1     1 0.5406
1558            1    0                  26       3     0 0.5406
1559           82    0                  26       9     1 0.5406
1560           82    1                  26       4     1 0.5406
1561            1    0                  27       1     0 0.7378
1562          100    1                  27      24     1 0.7378
1563           83    1                  27      43     1 0.7378
1564           61    0                  27      37     1 0.7378
1565           26    0                  27       5     0 0.7378
1566           21    0                  27       5     1 0.7378
1567           61    0                  27      21     0 0.7378
1568           43    1                  27      16     1 0.7378
1569           19    0                  27       2     0 0.7378
1570           25    0                  27      10     0 0.7378
1571            7    1                  27       5     0 0.7378
1572           64    1                  27      14     1 0.7378
1573           65    0                  27      10     0 0.7378
1574           92    1                  27      24     1 0.7378
1575           59    1                  27      57     1 0.7378
1576           42    0                  27      51     0 0.7378
1577           84    0                  27      32     0 0.7378
1578           64    1                  27      58     1 0.7378
1579           79    0                  27      73     1 0.7378
1580           79    0                  27      63     1 0.7378
1581            5    0                  27       4     0 0.7378
1582           95    1                  27      42     0 0.7378
1583           81    1                  27      64     1 0.7378
1584           94    0                  27      63     1 0.7378
1585           79    1                  27      80     1 0.7378
1586           81    1                  27      29     1 0.7378
1587           53    1                  27       8     0 0.7378
1588          100    1                  27      25     1 0.7378
1589           62    1                  27      22     0 0.7378
1590           37    0                  27       6     0 0.7378
1591           39    1                  27       8     0 0.7378
1592           66    1                  27      33     0 0.7378
1593           62    0                  27       1     0 0.7378
1594           62    0                  27      23     0 0.7378
1595           40    0                  27      12     0 0.7378
1596           91    1                  27      60     0 0.7378
1597           64    0                  27      21     0 0.7378
1598            8    1                  27       3     0 0.7378
1599           62    1                  27      25     0 0.7378
1600           15    0                  27       5     0 0.7378
1601           79    1                  27      42     1 0.7378
1602           95    1                  27      38     1 0.7378
1603           81    0                  27      51     1 0.7378
1604           37    1                  27      10     0 0.7378
1605           67    0                  27      33     0 0.7378
1606           39    0                  27       2     0 0.7378
1607           78    0                  27      51     1 0.7378
1608           26    0                  27       2     0 0.7378
1609           13    0                  27       2     0 0.7378
1610           65    0                  27      63     1 0.7378
1611           92    1                  27      87     1 0.7378
1612           42    0                  27       1     1 0.7378
1613           38    1                  27      17     1 0.7378
1614          100    1                  27      60     1 0.7378
1615           19    0                  27      12     1 0.7378
1616          100    1                  27      48     1 0.7378
1617           84    1                  27      40     1 0.7378
1618           64    0                  27      11     0 0.7378
1619           69    1                  27      40     1 0.7378
1620           58    1                  27      62     1 0.7378
1621           11    1                  28       1     0 0.4396
1622           68    0                  28       1     1 0.4396
1623           16    0                  28       1     1 0.4396
1624           66    0                  28       1     1 0.4396
1625           49    1                  28       1     0 0.4396
1626           62    0                  28       4     1 0.4396
1627           65    1                  28       1     0 0.4396
1628           36    0                  28       1     1 0.4396
1629           35    0                  28       1     0 0.4396
1630           65    1                  28       1     0 0.4396
1631            1    0                  28       1     0 0.4396
1632           66    1                  28       6     1 0.4396
1633           27    1                  28      16     0 0.4396
1634           70    1                  28       1     1 0.4396
1635           46    0                  28       5     1 0.4396
1636           75    1                  28       1     0 0.4396
1637           44    1                  28       4     0 0.4396
1638           43    1                  28       1     1 0.4396
1639           48    0                  28       1     1 0.4396
1640           63    0                  28      14     1 0.4396
1641           58    0                  28       1     0 0.4396
1642           82    1                  28       1     0 0.4396
1643           37    0                  28       1     1 0.4396
1644           91    1                  28       1     1 0.4396
1645           61    0                  28       1     1 0.4396
1646           84    0                  28       6     1 0.4396
1647           58    1                  28       1     0 0.4396
1648           91    1                  28       2     1 0.4396
1649            1    1                  28       6     0 0.4396
1650            2    0                  28       1     0 0.4396
1651            1    1                  28       1     0 0.4396
1652           45    1                  28      11     0 0.4396
1653           43    0                  28       1     0 0.4396
1654           34    1                  28       1     0 0.4396
1655           32    1                  28       5     0 0.4396
1656           67    0                  28      16     0 0.4396
1657           43    1                  28       1     0 0.4396
1658           23    0                  28      12     0 0.4396
1659           68    1                  28       1     0 0.4396
1660           42    0                  28       5     0 0.4396
1661           69    0                  28       5     1 0.4396
1662           78    1                  28       2     1 0.4396
1663           68    1                  28       1     1 0.4396
1664           55    0                  28       1     0 0.4396
1665           67    1                  28       1     0 0.4396
1666           43    1                  28       1     0 0.4396
1667           82    0                  28       5     1 0.4396
1668           45    0                  28       1     0 0.4396
1669           15    1                  28       1     0 0.4396
1670           47    0                  28       1     1 0.4396
1671           62    0                  28       3     1 0.4396
1672           70    0                  28       4     1 0.4396
1673           45    1                  28       1     1 0.4396
1674           75    1                  28       5     1 0.4396
1675           51    0                  28       1     1 0.4396
1676           63    1                  28       1     1 0.4396
1677           91    0                  28       1     1 0.4396
1678           35    0                  28       1     0 0.4396
1679           57    1                  28       4     1 0.4396
1680           43    0                  28       6     1 0.4396
1681           41    1                  29       1     0 0.7229
1682           32    0                  29      40     1 0.7229
1683           57    0                  29      60     1 0.7229
1684           48    1                  29      20     1 0.7229
1685           38    0                  29      21     0 0.7229
1686           81    0                  29      79     1 0.7229
1687           42    0                  29      40     0 0.7229
1688           33    0                  29      21     1 0.7229
1689           41    0                  29      21     0 0.7229
1690            1    0                  29       1     0 0.7229
1691            1    1                  29       1     0 0.7229
1692           61    0                  29      54     1 0.7229
1693           64    1                  29      61     0 0.7229
1694           21    0                  29      21     1 0.7229
1695           81    1                  29      79     1 0.7229
1696           76    0                  29      80     0 0.7229
1697            7    0                  29       1     0 0.7229
1698           47    1                  29      41     1 0.7229
1699           70    0                  29      62     1 0.7229
1700           83    1                  29      89     1 0.7229
1701            1    0                  29       1     0 0.7229
1702           19    0                  29      20     0 0.7229
1703           73    1                  29      90     1 0.7229
1704           83    0                  29      72     1 0.7229
1705           80    1                  29      81     1 0.7229
1706           13    0                  29      41     1 0.7229
1707           33    1                  29      20     0 0.7229
1708          100    1                  29     100     1 0.7229
1709           22    1                  29      20     0 0.7229
1710           19    0                  29      21     0 0.7229
1711           60    0                  29      61     0 0.7229
1712           20    1                  29      20     0 0.7229
1713           21    0                  29      21     0 0.7229
1714            7    1                  29       1     0 0.7229
1715           23    0                  29      21     0 0.7229
1716           41    0                  29      38     0 0.7229
1717           60    1                  29      61     0 0.7229
1718            1    0                  29       1     0 0.7229
1719           35    0                  29      32     0 0.7229
1720            1    1                  29       1     0 0.7229
1721           81    1                  29      72     1 0.7229
1722          100    1                  29     100     1 0.7229
1723          100    1                  29      96     1 0.7229
1724           14    1                  29      20     0 0.7229
1725           70    0                  29      61     0 0.7229
1726           10    0                  29      22     0 0.7229
1727           91    0                  29      72     1 0.7229
1728            1    0                  29       1     0 0.7229
1729           14    1                  29      21     0 0.7229
1730           62    1                  29      61     1 0.7229
1731           88    1                  29      81     1 0.7229
1732           79    1                  29      60     1 0.7229
1733           61    1                  29      80     1 0.7229
1734           90    0                  29      72     1 0.7229
1735          100    1                  29      81     1 0.7229
1736           80    1                  29      80     1 0.7229
1737           80    0                  29      31     1 0.7229
1738           22    1                  29      10     0 0.7229
1739           69    1                  29      80     1 0.7229
1740           71    1                  29      80     1 0.7229
1741           24    0                  30       3     0 0.4438
1742           90    0                  30      74     1 0.4438
1743           64    1                  30      53     1 0.4438
1744           91    0                  30      72     1 0.4438
1745           16    0                  30      23     0 0.4438
1746           73    0                  30      69     1 0.4438
1747           64    0                  30      36     0 0.4438
1748           61    0                  30      60     1 0.4438
1749           48    0                  30      30     0 0.4438
1750           63    1                  30      71     0 0.4438
1751            1    0                  30       8     0 0.4438
1752           78    1                  30      61     1 0.4438
1753           49    1                  30      18     0 0.4438
1754           52    0                  30      15     1 0.4438
1755           82    1                  30      89     1 0.4438
1756           87    1                  30      72     0 0.4438
1757           53    0                  30      40     0 0.4438
1758           48    1                  30      20     1 0.4438
1759           78    0                  30      72     1 0.4438
1760           69    1                  30      73     1 0.4438
1761           51    1                  30      20     0 0.4438
1762           81    1                  30      62     0 0.4438
1763           72    0                  30      78     1 0.4438
1764           91    0                  30      89     1 0.4438
1765           77    0                  30      66     1 0.4438
1766           67    1                  30      78     1 0.4438
1767           71    0                  30      52     0 0.4438
1768           91    1                  30      91     1 0.4438
1769           32    0                  30      29     0 0.4438
1770           31    0                  30      42     0 0.4438
1771           69    1                  30      68     0 0.4438
1772           91    1                  30      88     0 0.4438
1773           35    0                  30       9     0 0.4438
1774           41    0                  30      53     0 0.4438
1775           34    1                  30      30     0 0.4438
1776           67    1                  30      75     0 0.4438
1777           52    1                  30      67     0 0.4438
1778           31    1                  30      30     0 0.4438
1779           70    1                  30      71     0 0.4438
1780           25    1                  30      24     0 0.4438
1781           91    0                  30      72     1 0.4438
1782           91    1                  30      91     1 0.4438
1783           89    1                  30      60     1 0.4438
1784           66    1                  30      73     0 0.4438
1785           91    1                  30      74     0 0.4438
1786           54    1                  30      77     0 0.4438
1787           91    0                  30      86     1 0.4438
1788           46    0                  30      15     0 0.4438
1789           21    0                  30       4     0 0.4438
1790           83    0                  30      71     1 0.4438
1791           91    1                  30      73     1 0.4438
1792           65    0                  30      62     1 0.4438
1793           48    0                  30      54     1 0.4438
1794           86    1                  30      74     1 0.4438
1795           91    1                  30      73     1 0.4438
1796           91    1                  30      85     1 0.4438
1797           91    0                  30      81     1 0.4438
1798           53    0                  30      51     0 0.4438
1799           87    1                  30      86     1 0.4438
1800           76    0                  30      63     1 0.4438
1801            1    0                  31       1     0 0.4660
1802           61    0                  31      10     1 0.4660
1803          100    0                  31      44     1 0.4660
1804           68    0                  31      21     1 0.4660
1805           70    1                  31       6     0 0.4660
1806          100    1                  31      23     1 0.4660
1807           42    0                  31      41     0 0.4660
1808           35    0                  31      11     1 0.4660
1809            1    1                  31       1     0 0.4660
1810           12    1                  31       2     0 0.4660
1811            1    1                  31       8     0 0.4660
1812           81    0                  31      15     1 0.4660
1813           61    1                  31       7     0 0.4660
1814            1    1                  31      62     1 0.4660
1815          100    0                  31      26     1 0.4660
1816           77    0                  31       2     0 0.4660
1817            1    1                  31       1     0 0.4660
1818           60    1                  31       2     1 0.4660
1819          100    1                  31      19     1 0.4660
1820           84    0                  31      17     1 0.4660
1821           62    0                  31      17     0 0.4660
1822           62    0                  31      20     0 0.4660
1823           84    0                  31      19     1 0.4660
1824           99    0                  31      22     1 0.4660
1825           96    1                  31      36     1 0.4660
1826           82    1                  31       1     1 0.4660
1827           83    1                  31       7     0 0.4660
1828          100    0                  31      32     1 0.4660
1829           60    0                  31       5     0 0.4660
1830           60    1                  31       4     0 0.4660
1831           20    0                  31      18     0 0.4660
1832           62    1                  31       1     0 0.4660
1833            7    0                  31      13     0 0.4660
1834          100    1                  31      10     0 0.4660
1835           14    0                  31       1     0 0.4660
1836           20    1                  31       7     0 0.4660
1837           62    0                  31       7     0 0.4660
1838           11    1                  31       1     0 0.4660
1839           72    1                  31       2     0 0.4660
1840           18    0                  31       1     0 0.4660
1841           79    0                  31       5     1 0.4660
1842           74    1                  31      26     1 0.4660
1843           83    0                  31      12     1 0.4660
1844           68    0                  31       4     0 0.4660
1845           78    0                  31      11     0 0.4660
1846           60    1                  31       1     0 0.4660
1847           79    0                  31       8     1 0.4660
1848           27    1                  31       4     0 0.4660
1849           10    0                  31       3     0 0.4660
1850           79    0                  31      15     1 0.4660
1851           95    1                  31      11     1 0.4660
1852           66    1                  31      23     1 0.4660
1853           64    0                  31      13     1 0.4660
1854          100    1                  31      22     1 0.4660
1855           74    1                  31       1     1 0.4660
1856           97    0                  31      27     1 0.4660
1857          100    1                  31      20     1 0.4660
1858           19    1                  31       1     0 0.4660
1859          100    1                  31      24     1 0.4660
1860           82    1                  31      21     1 0.4660
1861            1    0                  32       2     0 0.4438
1862           85    0                  32      50     1 0.4438
1863           89    1                  32      45     1 0.4438
1864           76    0                  32      21     1 0.4438
1865           54    1                  32      22     0 0.4438
1866           68    1                  32      62     1 0.4438
1867            1    0                  32       1     0 0.4438
1868            7    0                  32       8     1 0.4438
1869           60    1                  32       1     0 0.4438
1870            1    0                  32       3     0 0.4438
1871           10    0                  32      10     0 0.4438
1872           62    1                  32      21     1 0.4438
1873           72    0                  32       8     0 0.4438
1874           61    0                  32       5     1 0.4438
1875           91    1                  32      65     1 0.4438
1876            6    0                  32       3     0 0.4438
1877           54    1                  32      15     0 0.4438
1878           74    0                  32      22     1 0.4438
1879           96    1                  32      34     1 0.4438
1880           77    1                  32      54     1 0.4438
1881            7    0                  32       4     0 0.4438
1882           86    1                  32      11     0 0.4438
1883           67    1                  32      55     1 0.4438
1884           94    1                  32      22     1 0.4438
1885           83    1                  32      61     1 0.4438
1886           91    1                  32      59     1 0.4438
1887            1    0                  32       1     0 0.4438
1888          100    1                  32      46     1 0.4438
1889           16    0                  32      10     0 0.4438
1890           30    0                  32       4     0 0.4438
1891           58    1                  32      14     0 0.4438
1892           77    0                  32      28     0 0.4438
1893            2    1                  32       7     0 0.4438
1894            1    0                  32       1     0 0.4438
1895            7    1                  32       3     0 0.4438
1896           69    0                  32       6     0 0.4438
1897            6    0                  32       3     0 0.4438
1898            6    0                  32       7     0 0.4438
1899           93    1                  32      45     0 0.4438
1900            1    1                  32       3     0 0.4438
1901           69    0                  32      22     1 0.4438
1902           89    0                  32      40     1 0.4438
1903           84    1                  32      46     1 0.4438
1904           85    1                  32      53     0 0.4438
1905           94    1                  32      56     0 0.4438
1906            1    0                  32       1     0 0.4438
1907           94    0                  32      30     1 0.4438
1908            5    0                  32       5     0 0.4438
1909            1    1                  32       5     0 0.4438
1910           80    0                  32      62     1 0.4438
1911          100    0                  32      71     1 0.4438
1912           79    1                  32      41     1 0.4438
1913           10    1                  32       4     1 0.4438
1914          100    0                  32      62     1 0.4438
1915           75    0                  32      16     1 0.4438
1916          100    1                  32      56     1 0.4438
1917          100    1                  32      14     1 0.4438
1918            8    1                  32       7     0 0.4438
1919           95    1                  32      71     1 0.4438
1920           99    0                  32      25     1 0.4438
1921            1    1                  33       1     0 0.1250
1922           52    0                  33      65     1 0.1250
1923           50    1                  33      43     1 0.1250
1924           76    0                  33      80     1 0.1250
1925           20    1                  33      80     0 0.1250
1926           78    1                  33      90     1 0.1250
1927           65    0                  33      75     0 0.1250
1928           63    1                  33      76     1 0.1250
1929           19    1                  33      22     0 0.1250
1930           59    1                  33     100     0 0.1250
1931            1    0                  33       1     0 0.1250
1932           86    1                  33      74     1 0.1250
1933            1    1                  33       1     0 0.1250
1934            1    0                  33      38     1 0.1250
1935           63    0                  33      64     1 0.1250
1936           80    1                  33      73     0 0.1250
1937           61    0                  33      23     0 0.1250
1938           45    0                  33      71     1 0.1250
1939           65    1                  33      63     1 0.1250
1940           84    0                  33      82     1 0.1250
1941            4    0                  33      20     0 0.1250
1942            1    1                  33      48     0 0.1250
1943           64    0                  33      72     1 0.1250
1944           79    1                  33      82     1 0.1250
1945           62    0                  33      60     1 0.1250
1946           64    0                  33      67     1 0.1250
1947           61    0                  33      73     0 0.1250
1948           79    1                  33      79     1 0.1250
1949           50    1                  33       1     0 0.1250
1950           59    0                  33      72     0 0.1250
1951            1    0                  33       1     0 0.1250
1952           42    1                  33      63     0 0.1250
1953           42    0                  33      60     0 0.1250
1954           60    1                  33      75     0 0.1250
1955           41    0                  33      62     0 0.1250
1956           45    1                  33      38     0 0.1250
1957           12    1                  33      38     0 0.1250
1958           40    0                  33      19     0 0.1250
1959           51    1                  33      80     0 0.1250
1960           80    0                  33      82     0 0.1250
1961           78    0                  33      88     1 0.1250
1962          100    1                  33      62     1 0.1250
1963           81    0                  33      82     1 0.1250
1964           81    0                  33      60     0 0.1250
1965           80    0                  33      80     0 0.1250
1966            1    1                  33       1     0 0.1250
1967           82    1                  33      71     1 0.1250
1968           25    0                  33      68     0 0.1250
1969            1    1                  33      19     0 0.1250
1970           62    0                  33      65     1 0.1250
1971           61    1                  33      67     1 0.1250
1972           63    0                  33      41     1 0.1250
1973           48    0                  33      41     1 0.1250
1974           86    1                  33      78     1 0.1250
1975            1    1                  33       1     1 0.1250
1976           62    0                  33      64     1 0.1250
1977          100    1                  33      22     1 0.1250
1978           59    1                  33      49     0 0.1250
1979           80    0                  33      79     1 0.1250
1980           61    1                  33      76     1 0.1250
1981            1    0                  34       1     0 0.4354
1982          100    0                  34     100     1 0.4354
1983           81    1                  34      81     1 0.4354
1984           98    1                  34      90     1 0.4354
1985           69    0                  34      40     0 0.4354
1986           99    1                  34     100     1 0.4354
1987           88    1                  34      81     0 0.4354
1988           36    1                  34      29     1 0.4354
1989            1    1                  34       1     0 0.4354
1990          100    0                  34     100     0 0.4354
1991            1    1                  34       1     0 0.4354
1992           47    0                  34      40     1 0.4354
1993            1    1                  34       1     0 0.4354
1994            2    1                  34      20     1 0.4354
1995           90    1                  34      82     1 0.4354
1996           85    1                  34      82     0 0.4354
1997          100    0                  34      88     0 0.4354
1998           61    0                  34      49     1 0.4354
1999          100    1                  34     100     1 0.4354
2000           99    1                  34      89     1 0.4354
2001           70    1                  34      80     0 0.4354
2002           41    1                  34      48     0 0.4354
2003           70    1                  34      48     1 0.4354
2004          100    1                  34     100     1 0.4354
2005           98    0                  34     100     1 0.4354
2006          100    1                  34     100     1 0.4354
2007           92    0                  34      82     0 0.4354
2008          100    0                  34      99     1 0.4354
2009            1    0                  34      10     0 0.4354
2010            1    1                  34      19     0 0.4354
2011            9    1                  34      38     0 0.4354
2012           64    1                  34      43     0 0.4354
2013           23    1                  34      39     0 0.4354
2014           36    1                  34      35     0 0.4354
2015           31    0                  34      33     0 0.4354
2016           47    0                  34      32     0 0.4354
2017            9    0                  34      38     0 0.4354
2018           79    0                  34      79     0 0.4354
2019           84    0                  34      80     0 0.4354
2020            1    0                  34      16     0 0.4354
2021           91    0                  34      60     1 0.4354
2022           95    1                  34     100     1 0.4354
2023           10    0                  34       1     1 0.4354
2024           11    1                  34      24     0 0.4354
2025          100    0                  34      89     0 0.4354
2026           91    1                  34      92     0 0.4354
2027          100    0                  34     100     1 0.4354
2028           19    0                  34      20     0 0.4354
2029           91    0                  34      81     0 0.4354
2030           99    0                  34      80     1 0.4354
2031          100    0                  34      99     1 0.4354
2032           99    1                  34      99     1 0.4354
2033           41    0                  34      31     1 0.4354
2034          100    1                  34      99     1 0.4354
2035           49    0                  34      41     1 0.4354
2036          100    0                  34     100     1 0.4354
2037          100    1                  34     100     1 0.4354
2038           32    0                  34      33     0 0.4354
2039           79    0                  34      49     1 0.4354
2040           76    1                  34      81     1 0.4354
2041           64    1                  35      58     0 0.6361
2042           97    1                  35      94     1 0.6361
2043           91    0                  35      97     1 0.6361
2044           76    1                  35      73     1 0.6361
2045           56    0                  35      76     0 0.6361
2046           76    1                  35      99     1 0.6361
2047           59    1                  35      82     0 0.6361
2048           69    0                  35      81     1 0.6361
2049           63    1                  35      85     0 0.6361
2050           70    1                  35     100     0 0.6361
2051           12    1                  35       1     0 0.6361
2052           86    1                  35      82     1 0.6361
2053           59    1                  35      47     0 0.6361
2054           43    0                  35       1     1 0.6361
2055           97    1                  35      86     1 0.6361
2056           92    0                  35      82     0 0.6361
2057           83    0                  35      64     0 0.6361
2058           65    1                  35      68     1 0.6361
2059           94    0                  35      98     1 0.6361
2060          100    0                  35      96     1 0.6361
2061           56    1                  35      53     0 0.6361
2062           70    0                  35      64     0 0.6361
2063           94    1                  35      62     1 0.6361
2064           73    0                  35      62     1 0.6361
2065           91    1                  35      86     1 0.6361
2066           78    0                  35      76     1 0.6361
2067           58    0                  35      79     0 0.6361
2068           99    1                  35      95     1 0.6361
2069           27    0                  35      45     0 0.6361
2070           60    1                  35      58     0 0.6361
2071            3    1                  35      24     0 0.6361
2072           55    0                  35      84     0 0.6361
2073           34    0                  35       4     0 0.6361
2074           34    1                  35      39     0 0.6361
2075           30    1                  35      59     0 0.6361
2076           66    1                  35     100     0 0.6361
2077           87    1                  35      99     0 0.6361
2078           41    1                  35      56     0 0.6361
2079           73    0                  35      53     0 0.6361
2080           82    0                  35      94     0 0.6361
2081           80    0                  35      99     1 0.6361
2082           58    0                  35      99     1 0.6361
2083           94    0                  35      97     1 0.6361
2084           45    0                  35      20     0 0.6361
2085           98    0                  35      74     0 0.6361
2086           54    0                  35      22     0 0.6361
2087           95    0                  35      80     1 0.6361
2088           68    1                  35      77     0 0.6361
2089           13    0                  35       1     0 0.6361
2090          100    1                  35      92     1 0.6361
2091          100    0                  35      91     1 0.6361
2092           81    0                  35      97     1 0.6361
2093           78    0                  35      79     1 0.6361
2094          100    1                  35      96     1 0.6361
2095           57    0                  35      38     1 0.6361
2096           96    0                  35      94     1 0.6361
2097           93    1                  35      77     1 0.6361
2098           79    1                  35      58     0 0.6361
2099          100    1                  35     100     1 0.6361
2100           83    1                  35     100     1 0.6361
2101            4    0                  36      21     0 0.7396
2102           94    1                  36       1     1 0.7396
2103           95    1                  36       3     1 0.7396
2104           97    1                  36       4     1 0.7396
2105           61    0                  36      41     0 0.7396
2106           58    0                  36       1     1 0.7396
2107            4    0                  36      41     0 0.7396
2108           21    1                  36      22     1 0.7396
2109            6    0                  36       1     0 0.7396
2110            3    0                  36       3     0 0.7396
2111            5    0                  36      60     0 0.7396
2112           59    0                  36       3     1 0.7396
2113           78    1                  36      41     0 0.7396
2114           79    1                  36      40     1 0.7396
2115           96    1                  36       3     1 0.7396
2116           78    0                  36       1     0 0.7396
2117           61    1                  36       1     0 0.7396
2118           41    1                  36       1     1 0.7396
2119           95    0                  36       4     1 0.7396
2120           82    0                  36       3     1 0.7396
2121           77    1                  36       1     0 0.7396
2122            5    0                  36       3     0 0.7396
2123           61    1                  36       1     1 0.7396
2124           97    1                  36       1     1 0.7396
2125           58    0                  36       3     1 0.7396
2126           79    1                  36      21     1 0.7396
2127           17    0                  36       1     0 0.7396
2128           97    1                  36       1     1 0.7396
2129           60    1                  36      79     0 0.7396
2130           54    0                  36       3     0 0.7396
2131            5    1                  36       1     0 0.7396
2132           60    0                  36      20     0 0.7396
2133           15    0                  36       2     0 0.7396
2134            6    0                  36      20     0 0.7396
2135           17    0                  36       1     0 0.7396
2136           57    0                  36       1     0 0.7396
2137           27    1                  36      40     0 0.7396
2138           83    1                  36       1     0 0.7396
2139           95    1                  36       4     0 0.7396
2140            3    0                  36       4     0 0.7396
2141           94    1                  36       1     1 0.7396
2142           98    0                  36       1     1 0.7396
2143           97    0                  36      62     1 0.7396
2144           61    1                  36       3     0 0.7396
2145           79    1                  36       1     0 0.7396
2146           59    1                  36      21     0 0.7396
2147           95    1                  36       1     1 0.7396
2148            4    0                  36       1     0 0.7396
2149            6    1                  36      21     0 0.7396
2150           56    1                  36      41     1 0.7396
2151           96    0                  36       1     1 0.7396
2152           61    0                  36       3     1 0.7396
2153           40    0                  36      40     1 0.7396
2154           95    1                  36       3     1 0.7396
2155           80    0                  36       3     1 0.7396
2156           96    1                  36       1     1 0.7396
2157           96    0                  36       3     1 0.7396
2158           95    1                  36      59     0 0.7396
2159           56    0                  36      60     1 0.7396
2160           57    1                  36      41     1 0.7396
2161            1    1                  37       1     0 0.1667
2162           20    1                  37       1     1 0.1667
2163          100    0                  37     100     1 0.1667
2164           62    0                  37      79     1 0.1667
2165            1    0                  37       1     0 0.1667
2166           18    1                  37       1     1 0.1667
2167           39    0                  37       1     0 0.1667
2168           41    0                  37       1     1 0.1667
2169            1    1                  37       1     0 0.1667
2170           41    1                  37      55     0 0.1667
2171           19    0                  37       1     0 0.1667
2172           41    0                  37      76     1 0.1667
2173           22    1                  37       1     0 0.1667
2174           25    1                  37       1     1 0.1667
2175           80    1                  37      58     1 0.1667
2176           80    0                  37      83     0 0.1667
2177            1    0                  37      38     0 0.1667
2178           22    1                  37       1     1 0.1667
2179          100    0                  37      96     1 0.1667
2180           19    1                  37      18     1 0.1667
2181           18    1                  37       1     0 0.1667
2182           38    1                  37       1     0 0.1667
2183            3    0                  37       1     1 0.1667
2184          100    1                  37      82     1 0.1667
2185            3    0                  37       1     1 0.1667
2186           59    1                  37     100     1 0.1667
2187            1    0                  37       1     0 0.1667
2188           46    1                  37       1     1 0.1667
2189            1    0                  37       1     0 0.1667
2190           43    1                  37       1     0 0.1667
2191           36    1                  37       1     0 0.1667
2192           59    1                  37      19     0 0.1667
2193            1    0                  37       1     0 0.1667
2194            1    0                  37       1     0 0.1667
2195           59    1                  37     100     0 0.1667
2196           40    0                  37       1     0 0.1667
2197           57    0                  37      14     0 0.1667
2198            4    0                  37       1     0 0.1667
2199           41    0                  37       1     0 0.1667
2200           18    1                  37       1     0 0.1667
2201           73    0                  37      58     1 0.1667
2202          100    1                  37     100     1 0.1667
2203           57    1                  37      39     1 0.1667
2204            2    0                  37       1     0 0.1667
2205           62    1                  37      79     0 0.1667
2206           16    1                  37       1     0 0.1667
2207          100    1                  37     100     1 0.1667
2208           56    0                  37      21     0 0.1667
2209            1    1                  37       1     0 0.1667
2210           41    0                  37      55     1 0.1667
2211           57    1                  37      55     1 0.1667
2212           60    0                  37      81     1 0.1667
2213           54    1                  37      39     1 0.1667
2214          100    0                  37      82     1 0.1667
2215           55    0                  37      14     1 0.1667
2216          100    1                  37      19     1 0.1667
2217          100    0                  37     100     1 0.1667
2218           41    0                  37      13     0 0.1667
2219           40    1                  37      54     1 0.1667
2220           54    0                  37      39     1 0.1667
2221           28    1                  38      39     0 0.8056
2222          100    0                  38      62     1 0.8056
2223          100    0                  38     100     1 0.8056
2224          100    1                  38      55     1 0.8056
2225           80    1                  38      45     0 0.8056
2226          100    0                  38      63     1 0.8056
2227            1    0                  38       2     0 0.8056
2228           66    0                  38      66     1 0.8056
2229           88    0                  38      61     0 0.8056
2230           78    1                  38      27     0 0.8056
2231           67    0                  38      45     0 0.8056
2232           96    0                  38      61     1 0.8056
2233           62    0                  38      56     0 0.8056
2234           99    1                  38      80     1 0.8056
2235           99    0                  38      61     1 0.8056
2236           95    1                  38      65     0 0.8056
2237           80    0                  38      64     0 0.8056
2238          100    1                  38      35     1 0.8056
2239           99    0                  38      55     1 0.8056
2240          100    1                  38      64     1 0.8056
2241           62    0                  38      62     0 0.8056
2242          100    1                  38      58     0 0.8056
2243          100    0                  38      59     1 0.8056
2244          100    0                  38      46     1 0.8056
2245           82    1                  38      71     1 0.8056
2246           82    0                  38      55     1 0.8056
2247           69    0                  38      62     0 0.8056
2248           83    1                  38      70     1 0.8056
2249           68    0                  38       5     0 0.8056
2250           79    0                  38      32     0 0.8056
2251           79    1                  38      87     0 0.8056
2252           83    0                  38      62     0 0.8056
2253          100    0                  38      79     0 0.8056
2254           69    1                  38      38     0 0.8056
2255           70    1                  38      41     0 0.8056
2256           64    0                  38      93     0 0.8056
2257          100    1                  38      58     0 0.8056
2258           29    1                  38      15     0 0.8056
2259           74    0                  38      47     0 0.8056
2260           99    0                  38      53     0 0.8056
2261          100    1                  38      61     1 0.8056
2262           78    1                  38      28     1 0.8056
2263           83    0                  38      68     1 0.8056
2264           88    1                  38      65     0 0.8056
2265          100    1                  38      37     0 0.8056
2266           67    1                  38      56     0 0.8056
2267           99    1                  38      60     1 0.8056
2268          100    0                  38      63     0 0.8056
2269           43    1                  38      41     0 0.8056
2270           84    1                  38      98     1 0.8056
2271          100    0                  38      95     1 0.8056
2272           97    1                  38      56     1 0.8056
2273           93    0                  38      39     1 0.8056
2274           82    1                  38      59     1 0.8056
2275           73    0                  38      24     1 0.8056
2276          100    1                  38      80     1 0.8056
2277          100    1                  38      58     1 0.8056
2278           99    1                  38      39     0 0.8056
2279          100    1                  38      95     1 0.8056
2280           99    0                  38      72     1 0.8056
2281           17    1                  39       1     0 0.5417
2282           59    0                  39       1     1 0.5417
2283          100    0                  39      72     1 0.5417
2284           29    0                  39       1     1 0.5417
2285           55    1                  39       1     0 0.5417
2286           60    1                  39      41     1 0.5417
2287           38    1                  39       1     0 0.5417
2288           37    0                  39       3     1 0.5417
2289            3    0                  39       1     0 0.5417
2290            5    0                  39       1     0 0.5417
2291           17    0                  39       1     0 0.5417
2292           60    1                  39       1     1 0.5417
2293           64    1                  39      34     0 0.5417
2294           91    0                  39       1     1 0.5417
2295           76    1                  39       7     1 0.5417
2296           76    0                  39      15     0 0.5417
2297           24    1                  39       1     0 0.5417
2298           53    0                  39       1     1 0.5417
2299           58    0                  39      23     1 0.5417
2300           88    1                  39      27     1 0.5417
2301           13    1                  39       1     0 0.5417
2302           65    0                  39      12     0 0.5417
2303           62    1                  39      37     1 0.5417
2304           83    1                  39      17     1 0.5417
2305           83    1                  39      61     1 0.5417
2306           29    0                  39       1     1 0.5417
2307           72    0                  39       8     0 0.5417
2308          100    0                  39      44     1 0.5417
2309           47    1                  39       1     0 0.5417
2310           33    0                  39       1     0 0.5417
2311           26    1                  39       1     0 0.5417
2312           80    1                  39       1     0 0.5417
2313           17    1                  39       1     0 0.5417
2314           39    0                  39       1     0 0.5417
2315            9    0                  39       1     0 0.5417
2316           34    0                  39       2     0 0.5417
2317           54    0                  39      20     0 0.5417
2318           46    1                  39       1     0 0.5417
2319           63    1                  39       1     0 0.5417
2320           39    0                  39       2     0 0.5417
2321           79    0                  39       1     1 0.5417
2322           86    1                  39      12     1 0.5417
2323           77    0                  39      22     1 0.5417
2324           27    1                  39       1     0 0.5417
2325           77    1                  39       3     0 0.5417
2326           21    1                  39       1     0 0.5417
2327           63    0                  39       1     1 0.5417
2328           39    1                  39       1     0 0.5417
2329           37    1                  39       1     0 0.5417
2330           61    1                  39      28     1 0.5417
2331           87    0                  39      31     1 0.5417
2332           39    1                  39       6     1 0.5417
2333           44    0                  39       1     1 0.5417
2334           99    0                  39      18     1 0.5417
2335           58    0                  39       1     1 0.5417
2336           89    1                  39      39     1 0.5417
2337           95    1                  39      22     1 0.5417
2338           40    0                  39       4     0 0.5417
2339          100    1                  39      70     1 0.5417
2340           73    0                  39      41     1 0.5417
2341            1    1                  40       3     0 0.7715
2342           81    0                  40      78     1 0.7715
2343           72    0                  40      65     1 0.7715
2344           88    1                  40      95     1 0.7715
2345           64    1                  40      86     0 0.7715
2346           61    1                  40      60     1 0.7715
2347           16    1                  40      17     0 0.7715
2348           70    1                  40      66     1 0.7715
2349           12    0                  40       1     0 0.7715
2350            9    0                  40       4     0 0.7715
2351            5    1                  40      14     0 0.7715
2352           61    1                  40      62     1 0.7715
2353           22    0                  40      18     0 0.7715
2354           61    0                  40      57     1 0.7715
2355           79    0                  40      70     1 0.7715
2356           75    0                  40      75     0 0.7715
2357           18    0                  40      25     0 0.7715
2358           74    1                  40      70     1 0.7715
2359           90    0                  40      78     1 0.7715
2360           62    0                  40      58     1 0.7715
2361            1    1                  40       9     0 0.7715
2362           10    1                  40      25     0 0.7715
2363           70    1                  40      65     1 0.7715
2364           79    1                  40      77     1 0.7715
2365           62    0                  40      62     1 0.7715
2366           65    1                  40      63     1 0.7715
2367            9    0                  40       6     0 0.7715
2368           62    0                  40      69     1 0.7715
2369            9    1                  40       3     0 0.7715
2370            6    0                  40       2     0 0.7715
2371            3    0                  40       3     0 0.7715
2372           35    0                  40      36     0 0.7715
2373            8    0                  40      11     0 0.7715
2374           40    1                  40      36     0 0.7715
2375            7    0                  40       6     0 0.7715
2376           68    1                  40      69     0 0.7715
2377           70    0                  40      65     0 0.7715
2378           24    1                  40      21     0 0.7715
2379           20    0                  40      20     0 0.7715
2380           31    0                  40      37     0 0.7715
2381           81    1                  40      62     1 0.7715
2382           74    1                  40      74     1 0.7715
2383           68    0                  40      66     1 0.7715
2384           61    0                  40      57     0 0.7715
2385           69    1                  40      78     0 0.7715
2386           66    1                  40      64     0 0.7715
2387           78    1                  40      75     1 0.7715
2388           19    0                  40      24     0 0.7715
2389            1    1                  40       1     0 0.7715
2390           56    0                  40      70     1 0.7715
2391           68    0                  40      73     1 0.7715
2392           66    1                  40      79     1 0.7715
2393           61    1                  40      61     1 0.7715
2394           91    1                  40      72     1 0.7715
2395           79    0                  40      60     1 0.7715
2396           82    1                  40      85     1 0.7715
2397          100    0                  40      19     1 0.7715
2398           62    1                  40      22     0 0.7715
2399           79    1                  40      64     1 0.7715
2400           77    0                  40      58     1 0.7715
2401            1    1                  41       1     0 0.3917
2402          100    0                  41      83     1 0.3917
2403           88    0                  41      79     1 0.3917
2404          100    1                  41      99     1 0.3917
2405            1    0                  41       1     0 0.3917
2406           86    0                  41      61     1 0.3917
2407            1    0                  41       1     0 0.3917
2408          100    1                  41     100     1 0.3917
2409           58    1                  41       2     0 0.3917
2410            1    1                  41       1     0 0.3917
2411            1    0                  41       1     0 0.3917
2412           81    0                  41      62     1 0.3917
2413           89    1                  41      12     0 0.3917
2414            1    0                  41       1     1 0.3917
2415           63    1                  41      20     1 0.3917
2416           81    1                  41      81     0 0.3917
2417           55    0                  41      19     0 0.3917
2418           57    1                  41      10     1 0.3917
2419           80    0                  41      79     1 0.3917
2420          100    1                  41      64     1 0.3917
2421           26    1                  41       1     0 0.3917
2422           60    0                  41      59     0 0.3917
2423           57    1                  41      95     1 0.3917
2424           91    0                  41     100     1 0.3917
2425          100    1                  41      62     1 0.3917
2426           60    1                  41      82     1 0.3917
2427          100    1                  41     100     0 0.3917
2428           79    1                  41      62     1 0.3917
2429            1    0                  41       1     0 0.3917
2430            1    1                  41       1     0 0.3917
2431            1    1                  41       1     0 0.3917
2432            6    0                  41       1     0 0.3917
2433            1    1                  41       1     0 0.3917
2434            1    0                  41       1     0 0.3917
2435            1    0                  41       1     0 0.3917
2436           61    0                  41       9     0 0.3917
2437            7    0                  41       1     0 0.3917
2438            7    1                  41       4     0 0.3917
2439           81    0                  41      63     0 0.3917
2440           10    1                  41       1     0 0.3917
2441          100    1                  41     100     1 0.3917
2442           80    1                  41      62     1 0.3917
2443          100    0                  41     100     1 0.3917
2444            1    0                  41       1     0 0.3917
2445           14    0                  41      11     0 0.3917
2446            1    1                  41       1     0 0.3917
2447          100    0                  41     100     1 0.3917
2448            1    1                  41       1     0 0.3917
2449            1    0                  41       1     0 0.3917
2450          100    0                  41      62     1 0.3917
2451          100    1                  41     100     1 0.3917
2452          100    1                  41      91     1 0.3917
2453           99    0                  41      55     1 0.3917
2454          100    0                  41     100     1 0.3917
2455           79    0                  41       4     1 0.3917
2456          100    1                  41      78     1 0.3917
2457          100    1                  41      80     1 0.3917
2458            1    0                  41       1     0 0.3917
2459          100    0                  41      81     1 0.3917
2460           79    1                  41      40     1 0.3917
2461            9    1                  42       1     0 0.7125
2462           60    1                  42       8     1 0.7125
2463           62    1                  42      35     1 0.7125
2464           70    1                  42      27     1 0.7125
2465           37    0                  42      21     0 0.7125
2466           99    0                  42     100     1 0.7125
2467           13    1                  42      11     0 0.7125
2468            1    1                  42       5     1 0.7125
2469           17    0                  42       7     0 0.7125
2470           96    0                  42      19     0 0.7125
2471           67    0                  42       2     0 0.7125
2472           62    0                  42      32     1 0.7125
2473           72    1                  42       6     0 0.7125
2474           63    0                  42       9     1 0.7125
2475           78    0                  42      39     1 0.7125
2476           87    1                  42      38     0 0.7125
2477            1    0                  42       1     0 0.7125
2478           58    1                  42      13     1 0.7125
2479           62    0                  42      35     1 0.7125
2480           93    1                  42      85     1 0.7125
2481           60    1                  42       9     0 0.7125
2482           43    0                  42       1     0 0.7125
2483           64    0                  42      80     1 0.7125
2484           86    1                  42      38     1 0.7125
2485           99    0                  42      97     1 0.7125
2486            7    0                  42       1     1 0.7125
2487           69    1                  42      17     0 0.7125
2488           82    1                  42      69     1 0.7125
2489           13    1                  42       8     0 0.7125
2490           20    1                  42      15     0 0.7125
2491           11    0                  42      20     0 0.7125
2492           20    1                  42      10     0 0.7125
2493           59    1                  42      16     0 0.7125
2494           28    0                  42       9     0 0.7125
2495            4    0                  42       2     0 0.7125
2496           70    0                  42      31     0 0.7125
2497           69    0                  42      19     0 0.7125
2498           50    0                  42      19     0 0.7125
2499           16    0                  42      10     0 0.7125
2500           71    1                  42      19     0 0.7125
2501           84    0                  42      67     1 0.7125
2502           88    1                  42      70     1 0.7125
2503           68    1                  42       5     1 0.7125
2504           14    0                  42       1     0 0.7125
2505           81    1                  42      56     0 0.7125
2506           17    1                  42       1     0 0.7125
2507           94    1                  42      58     1 0.7125
2508           15    0                  42       9     0 0.7125
2509            2    1                  42       1     0 0.7125
2510           58    1                  42      56     1 0.7125
2511           83    0                  42      77     1 0.7125
2512           26    1                  42       5     1 0.7125
2513           14    0                  42      17     1 0.7125
2514           85    0                  42      40     1 0.7125
2515           15    0                  42      13     1 0.7125
2516           85    0                  42      61     1 0.7125
2517           87    0                  42      11     1 0.7125
2518           11    1                  42       1     0 0.7125
2519           89    1                  42      88     1 0.7125
2520           85    1                  42      82     1 0.7125
2521            1    1                  43       1     0 0.6740
2522           82    1                  43      45     1 0.6740
2523           85    1                  43      93     1 0.6740
2524           84    0                  43      68     1 0.6740
2525           28    0                  43      22     0 0.6740
2526           92    0                  43      97     1 0.6740
2527           13    1                  43       6     0 0.6740
2528           39    0                  43      23     1 0.6740
2529           40    1                  43      25     0 0.6740
2530           58    0                  43      31     0 0.6740
2531           16    1                  43       1     0 0.6740
2532           60    0                  43      34     1 0.6740
2533           35    1                  43      27     0 0.6740
2534           11    0                  43      15     1 0.6740
2535           92    1                  43      77     1 0.6740
2536           62    0                  43      34     0 0.6740
2537           57    0                  43      61     0 0.6740
2538           60    1                  43      53     1 0.6740
2539           95    1                  43      80     1 0.6740
2540           84    1                  43      95     1 0.6740
2541           40    0                  43      57     0 0.6740
2542           38    0                  43      35     0 0.6740
2543           75    0                  43      68     1 0.6740
2544          100    0                  43      72     1 0.6740
2545           96    0                  43      96     1 0.6740
2546           93    0                  43      41     1 0.6740
2547           72    1                  43      27     0 0.6740
2548           94    1                  43      44     1 0.6740
2549           62    0                  43      26     0 0.6740
2550           62    0                  43      28     0 0.6740
2551           29    1                  43      12     0 0.6740
2552           73    1                  43      69     0 0.6740
2553           20    1                  43      14     0 0.6740
2554            5    0                  43      10     0 0.6740
2555           32    0                  43       3     0 0.6740
2556           61    1                  43      60     0 0.6740
2557           79    0                  43      61     0 0.6740
2558           63    0                  43      43     0 0.6740
2559           73    1                  43      66     0 0.6740
2560           60    1                  43      56     0 0.6740
2561           92    0                  43      87     1 0.6740
2562           88    0                  43      64     1 0.6740
2563           59    0                  43      31     1 0.6740
2564           96    1                  43      59     0 0.6740
2565           86    0                  43      82     0 0.6740
2566           10    1                  43       6     0 0.6740
2567           90    1                  43      72     1 0.6740
2568           81    0                  43      61     0 0.6740
2569            5    1                  43       2     0 0.6740
2570           86    1                  43     100     1 0.6740
2571           95    1                  43      82     1 0.6740
2572           80    1                  43      70     1 0.6740
2573           78    1                  43      66     1 0.6740
2574          100    1                  43      75     1 0.6740
2575           26    0                  43      32     1 0.6740
2576           97    1                  43      75     1 0.6740
2577          100    0                  43      71     1 0.6740
2578           29    1                  43       8     0 0.6740
2579           96    0                  43      80     1 0.6740
2580           88    0                  43      78     1 0.6740
2581           19    1                  44      41     0 0.5958
2582           98    1                  44      59     1 0.5958
2583           61    0                  44      74     1 0.5958
2584           62    1                  44      41     1 0.5958
2585           42    1                  44      71     0 0.5958
2586           61    1                  44      41     1 0.5958
2587           63    0                  44      33     0 0.5958
2588            3    0                  44      31     1 0.5958
2589           19    0                  44      32     0 0.5958
2590           95    0                  44      79     0 0.5958
2591           21    1                  44      41     0 0.5958
2592           62    0                  44      14     1 0.5958
2593            3    0                  44      41     0 0.5958
2594           19    0                  44      42     1 0.5958
2595           97    1                  44      81     1 0.5958
2596           81    0                  44      81     0 0.5958
2597           21    0                  44      30     0 0.5958
2598           62    1                  44      62     1 0.5958
2599           61    0                  44      58     1 0.5958
2600           84    0                  44      83     1 0.5958
2601           60    1                  44      27     0 0.5958
2602           62    1                  44      27     0 0.5958
2603           21    0                  44      32     1 0.5958
2604          100    0                  44      71     1 0.5958
2605           77    0                  44      81     1 0.5958
2606           70    0                  44      71     1 0.5958
2607            1    1                  44       4     0 0.5958
2608           97    0                  44      87     1 0.5958
2609            3    0                  44      41     0 0.5958
2610           19    1                  44      30     0 0.5958
2611            3    0                  44       1     0 0.5958
2612           71    0                  44      41     0 0.5958
2613           42    1                  44      30     0 0.5958
2614           79    0                  44      37     0 0.5958
2615           41    0                  44      40     0 0.5958
2616           96    0                  44      40     0 0.5958
2617           60    0                  44      71     0 0.5958
2618           58    1                  44      20     0 0.5958
2619           71    1                  44      50     0 0.5958
2620           22    1                  44      30     0 0.5958
2621          100    0                  44      86     1 0.5958
2622           98    1                  44      72     1 0.5958
2623          100    1                  44      82     1 0.5958
2624           66    1                  44      71     0 0.5958
2625           91    1                  44      61     0 0.5958
2626           82    1                  44      72     0 0.5958
2627           85    1                  44      72     1 0.5958
2628            3    0                  44      21     0 0.5958
2629            5    0                  44      42     0 0.5958
2630           80    0                  44      92     1 0.5958
2631           91    1                  44      98     1 0.5958
2632           63    1                  44      38     1 0.5958
2633           81    1                  44      63     1 0.5958
2634           94    1                  44      81     1 0.5958
2635           43    1                  44      41     1 0.5958
2636           98    1                  44      82     1 0.5958
2637           96    0                  44      98     1 0.5958
2638           10    1                  44      22     0 0.5958
2639           82    0                  44      71     1 0.5958
2640           92    1                  44      81     1 0.5958
2641            1    0                  45       1     0 0.6701
2642           66    0                  45      58     1 0.6701
2643            1    1                  45       1     1 0.6701
2644          100    1                  45      61     1 0.6701
2645           51    1                  45      21     0 0.6701
2646           67    1                  45      18     1 0.6701
2647            1    0                  45       1     0 0.6701
2648           20    1                  45       7     1 0.6701
2649            1    1                  45       1     0 0.6701
2650            1    0                  45       1     0 0.6701
2651           34    1                  45      21     0 0.6701
2652           21    0                  45       1     1 0.6701
2653           18    0                  45       1     0 0.6701
2654           62    0                  45      20     1 0.6701
2655          100    1                  45      88     1 0.6701
2656            1    1                  45      15     0 0.6701
2657           15    0                  45       1     0 0.6701
2658           60    0                  45      21     1 0.6701
2659           79    1                  45      81     1 0.6701
2660           60    0                  45      40     1 0.6701
2661            1    0                  45       1     0 0.6701
2662          100    1                  45      80     0 0.6701
2663           62    0                  45      21     1 0.6701
2664           82    1                  45      65     1 0.6701
2665           55    0                  45      68     1 0.6701
2666           61    1                  45       1     1 0.6701
2667            1    0                  45       1     0 0.6701
2668          100    0                  45      81     1 0.6701
2669            1    0                  45       1     0 0.6701
2670            1    0                  45       1     0 0.6701
2671          100    0                  45       1     0 0.6701
2672           21    1                  45      40     0 0.6701
2673            1    1                  45       1     0 0.6701
2674            1    1                  45       1     0 0.6701
2675            1    1                  45      17     0 0.6701
2676            1    0                  45       1     0 0.6701
2677           17    0                  45      39     0 0.6701
2678           15    0                  45       1     0 0.6701
2679           62    0                  45      40     0 0.6701
2680            1    0                  45       1     0 0.6701
2681          100    1                  45     100     1 0.6701
2682           80    0                  45     100     1 0.6701
2683          100    1                  45      80     1 0.6701
2684            1    1                  45       1     0 0.6701
2685           61    1                  45      39     0 0.6701
2686           17    1                  45       1     0 0.6701
2687          100    0                  45      79     1 0.6701
2688           15    0                  45       1     0 0.6701
2689            1    1                  45       1     0 0.6701
2690           62    1                  45      65     1 0.6701
2691           48    1                  45       1     1 0.6701
2692           61    1                  45      59     1 0.6701
2693           51    1                  45       1     1 0.6701
2694          100    1                  45      80     1 0.6701
2695           80    1                  45      61     1 0.6701
2696          100    0                  45     100     1 0.6701
2697          100    0                  45     100     1 0.6701
2698           64    1                  45      12     0 0.6701
2699          100    0                  45      81     1 0.6701
2700           57    0                  45      21     1 0.6701
2701           70    1                  46      21     0 0.3524
2702           71    0                  46      96     1 0.3524
2703           92    1                  46      95     1 0.3524
2704           75    1                  46      90     1 0.3524
2705           87    1                  46      70     0 0.3524
2706           89    1                  46      83     1 0.3524
2707           82    0                  46      85     0 0.3524
2708           75    1                  46      84     1 0.3524
2709           24    0                  46      23     0 0.3524
2710            2    1                  46      21     0 0.3524
2711            5    0                  46       1     0 0.3524
2712           81    0                  46      81     1 0.3524
2713           32    0                  46      30     0 0.3524
2714           39    1                  46      40     1 0.3524
2715           40    0                  46      35     1 0.3524
2716           65    1                  46      96     0 0.3524
2717           39    0                  46      93     0 0.3524
2718           89    0                  46      78     1 0.3524
2719          100    1                  46     100     1 0.3524
2720           74    1                  46      77     1 0.3524
2721           41    1                  46      38     0 0.3524
2722           19    0                  46      32     0 0.3524
2723           33    0                  46      28     1 0.3524
2724           73    0                  46      90     1 0.3524
2725           92    0                  46      96     1 0.3524
2726           92    1                  46      83     1 0.3524
2727           80    1                  46      63     0 0.3524
2728           94    1                  46      76     1 0.3524
2729           93    1                  46      63     0 0.3524
2730           63    1                  46      96     0 0.3524
2731            2    1                  46       5     0 0.3524
2732           81    0                  46      71     0 0.3524
2733           85    0                  46      97     0 0.3524
2734           74    0                  46      95     0 0.3524
2735           45    0                  46      35     0 0.3524
2736           67    0                  46      40     0 0.3524
2737           68    1                  46      88     0 0.3524
2738           68    0                  46      79     0 0.3524
2739           96    1                  46      93     0 0.3524
2740           41    0                  46      42     0 0.3524
2741           86    1                  46      70     1 0.3524
2742           95    1                  46      95     1 0.3524
2743           99    1                  46      90     1 0.3524
2744           96    0                  46      97     0 0.3524
2745           90    0                  46      85     0 0.3524
2746           34    0                  46      37     0 0.3524
2747           66    0                  46      80     1 0.3524
2748           95    0                  46      80     0 0.3524
2749           35    0                  46      44     0 0.3524
2750           79    0                  46      99     1 0.3524
2751           72    0                  46      84     1 0.3524
2752           33    1                  46      40     1 0.3524
2753           57    1                  46      38     1 0.3524
2754           88    0                  46     100     1 0.3524
2755           63    1                  46      34     1 0.3524
2756           97    1                  46     100     1 0.3524
2757           77    1                  46      38     1 0.3524
2758           75    0                  46      62     0 0.3524
2759           99    1                  46     100     1 0.3524
2760           99    1                  46      87     1 0.3524
2761           47    1                  47       1     0 0.6340
2762           53    0                  47      12     1 0.6340
2763           83    0                  47      93     1 0.6340
2764          100    0                  47      69     1 0.6340
2765           41    0                  47       2     0 0.6340
2766          100    1                  47      84     1 0.6340
2767            1    1                  47       1     0 0.6340
2768           40    1                  47      21     1 0.6340
2769           61    1                  47      95     0 0.6340
2770            1    1                  47       1     0 0.6340
2771            1    1                  47       1     0 0.6340
2772           63    0                  47      85     1 0.6340
2773           70    1                  47      59     0 0.6340
2774          100    1                  47      18     1 0.6340
2775          100    0                  47     100     1 0.6340
2776          100    1                  47     100     0 0.6340
2777            1    0                  47       1     0 0.6340
2778           53    1                  47      22     1 0.6340
2779           87    0                  47     100     1 0.6340
2780           59    0                  47      79     1 0.6340
2781           48    0                  47      96     0 0.6340
2782           60    0                  47      82     0 0.6340
2783           48    0                  47      41     1 0.6340
2784           52    0                  47      65     1 0.6340
2785           82    0                  47     100     1 0.6340
2786           11    0                  47       1     1 0.6340
2787            1    1                  47       1     0 0.6340
2788           80    0                  47      62     1 0.6340
2789           18    1                  47       1     0 0.6340
2790           31    1                  47       1     0 0.6340
2791            1    1                  47       1     0 0.6340
2792           41    0                  47       1     0 0.6340
2793           15    0                  47       1     0 0.6340
2794           33    1                  47       1     0 0.6340
2795            9    1                  47       1     0 0.6340
2796           44    1                  47     100     0 0.6340
2797           51    1                  47     100     0 0.6340
2798           20    1                  47       1     0 0.6340
2799           52    1                  47      21     0 0.6340
2800          100    0                  47      73     0 0.6340
2801          100    0                  47      81     1 0.6340
2802          100    0                  47      91     1 0.6340
2803           82    0                  47      82     1 0.6340
2804            1    1                  47       1     0 0.6340
2805           62    0                  47      77     0 0.6340
2806           34    0                  47       1     0 0.6340
2807          100    1                  47     100     1 0.6340
2808            1    0                  47       1     0 0.6340
2809           13    1                  47      13     0 0.6340
2810           77    0                  47     100     1 0.6340
2811          100    1                  47     100     1 0.6340
2812           53    1                  47      76     1 0.6340
2813           47    1                  47       1     1 0.6340
2814          100    0                  47     100     1 0.6340
2815           56    1                  47      22     1 0.6340
2816          100    0                  47      90     1 0.6340
2817          100    1                  47     100     1 0.6340
2818            1    0                  47      16     0 0.6340
2819          100    1                  47     100     1 0.6340
2820           69    0                  47      91     1 0.6340
2821           60    0                  48      73     0 0.5458
2822           69    1                  48       1     1 0.5458
2823           75    0                  48      72     1 0.5458
2824           90    1                  48      42     1 0.5458
2825           78    0                  48      64     0 0.5458
2826           60    1                  48      83     1 0.5458
2827           21    0                  48      40     0 0.5458
2828           23    1                  48      87     1 0.5458
2829           24    0                  48       1     0 0.5458
2830           28    0                  48      91     0 0.5458
2831            1    1                  48       1     0 0.5458
2832           69    1                  48       1     1 0.5458
2833           68    0                  48      31     0 0.5458
2834           61    1                  48      71     1 0.5458
2835          100    0                  48      81     1 0.5458
2836          100    1                  48      20     0 0.5458
2837            1    1                  48       1     0 0.5458
2838           39    1                  48      88     1 0.5458
2839           62    1                  48      76     1 0.5458
2840           87    1                  48      75     1 0.5458
2841           32    0                  48      17     0 0.5458
2842           63    1                  48      61     0 0.5458
2843           41    0                  48      65     1 0.5458
2844           95    0                  48      28     1 0.5458
2845           80    1                  48      28     1 0.5458
2846           84    1                  48      28     1 0.5458
2847           95    0                  48      40     0 0.5458
2848           74    0                  48      64     1 0.5458
2849            1    1                  48       1     0 0.5458
2850           11    0                  48       1     0 0.5458
2851           64    0                  48      61     0 0.5458
2852           39    1                  48      40     0 0.5458
2853           22    1                  48       1     0 0.5458
2854           68    1                  48       1     0 0.5458
2855            1    0                  48      21     0 0.5458
2856           77    1                  48      23     0 0.5458
2857           82    0                  48      78     0 0.5458
2858           40    1                  48       4     0 0.5458
2859           71    0                  48      62     0 0.5458
2860           28    1                  48      21     0 0.5458
2861           81    0                  48      40     1 0.5458
2862           67    1                  48      90     1 0.5458
2863          100    0                  48      82     1 0.5458
2864           90    1                  48      62     0 0.5458
2865           68    0                  48      65     0 0.5458
2866            1    0                  48      18     0 0.5458
2867           89    0                  48      62     1 0.5458
2868           42    0                  48      63     0 0.5458
2869           32    1                  48       1     0 0.5458
2870           61    1                  48      90     1 0.5458
2871           92    1                  48      72     1 0.5458
2872           39    0                  48      71     1 0.5458
2873           43    1                  48      77     1 0.5458
2874           93    1                  48      41     1 0.5458
2875           72    1                  48      35     1 0.5458
2876          100    0                  48      87     1 0.5458
2877          100    0                  48       1     1 0.5458
2878           34    0                  48      72     0 0.5458
2879          100    0                  48      81     1 0.5458
2880           81    0                  48      74     1 0.5458
2881           63    0                  49      77     0 0.7000
2882           96    1                  49      88     1 0.7000
2883           95    1                  49     100     1 0.7000
2884           45    1                  49      80     1 0.7000
2885            1    0                  49      80     0 0.7000
2886           62    0                  49      65     1 0.7000
2887           34    0                  49      81     0 0.7000
2888           79    1                  49      97     1 0.7000
2889           56    1                  49      44     0 0.7000
2890          100    0                  49      82     0 0.7000
2891           86    1                  49      98     0 0.7000
2892          100    1                  49      98     1 0.7000
2893           99    1                  49      70     0 0.7000
2894           98    1                  49      92     1 0.7000
2895           74    1                  49      74     1 0.7000
2896           60    1                  49      54     0 0.7000
2897           42    0                  49      83     0 0.7000
2898           82    0                  49      81     1 0.7000
2899           60    0                  49      95     1 0.7000
2900           97    1                  49     100     1 0.7000
2901           54    0                  49      83     0 0.7000
2902           55    0                  49      66     0 0.7000
2903           59    1                  49     100     1 0.7000
2904           79    1                  49      99     1 0.7000
2905           84    1                  49      90     1 0.7000
2906           88    0                  49      72     1 0.7000
2907           83    0                  49      82     0 0.7000
2908           82    1                  49      96     1 0.7000
2909           95    0                  49      81     0 0.7000
2910           85    0                  49      81     0 0.7000
2911            1    0                  49      52     0 0.7000
2912          100    1                  49      64     0 0.7000
2913           21    1                  49      45     0 0.7000
2914           45    0                  49      42     0 0.7000
2915            1    0                  49      39     0 0.7000
2916            1    0                  49      46     0 0.7000
2917           27    1                  49      88     0 0.7000
2918           64    1                  49      54     0 0.7000
2919           77    0                  49      58     0 0.7000
2920           36    0                  49      55     0 0.7000
2921           98    0                  49      73     1 0.7000
2922           76    1                  49      97     1 0.7000
2923           98    1                  49      99     1 0.7000
2924           18    0                  49      82     0 0.7000
2925           74    0                  49      81     0 0.7000
2926           63    1                  49      60     0 0.7000
2927           40    0                  49      44     1 0.7000
2928           64    1                  49      63     0 0.7000
2929            2    1                  49      64     0 0.7000
2930           89    1                  49      81     1 0.7000
2931           79    0                  49      80     1 0.7000
2932           76    0                  49      97     1 0.7000
2933           40    0                  49      44     1 0.7000
2934           98    1                  49      83     1 0.7000
2935           62    1                  49      81     1 0.7000
2936           96    0                  49     100     1 0.7000
2937           87    1                  49      87     1 0.7000
2938           54    0                  49      43     0 0.7000
2939           95    1                  49      94     1 0.7000
2940           64    0                  49      81     1 0.7000
2941           13    0                  50       1     0 0.7083
2942           72    0                  50      43     1 0.7083
2943          100    0                  50      88     1 0.7083
2944           54    0                  50      53     1 0.7083
2945           36    1                  50      23     0 0.7083
2946           73    1                  50      82     1 0.7083
2947            1    0                  50       1     0 0.7083
2948           55    0                  50      56     1 0.7083
2949           54    1                  50      75     0 0.7083
2950            1    0                  50       1     0 0.7083
2951           12    1                  50       5     0 0.7083
2952           55    1                  50      54     1 0.7083
2953           34    1                  50      49     0 0.7083
2954           55    0                  50      34     1 0.7083
2955           72    1                  50      81     1 0.7083
2956           12    1                  50       5     0 0.7083
2957            1    1                  50       1     0 0.7083
2958           55    0                  50      62     1 0.7083
2959           73    1                  50      68     1 0.7083
2960           93    0                  50      77     1 0.7083
2961           34    1                  50       1     0 0.7083
2962           54    1                  50      65     0 0.7083
2963           72    0                  50      89     1 0.7083
2964           72    0                  50      76     1 0.7083
2965           72    0                  50      81     1 0.7083
2966           54    1                  50      53     1 0.7083
2967           13    1                  50       7     0 0.7083
2968          100    1                  50     100     1 0.7083
2969            1    0                  50       1     0 0.7083
2970            1    0                  50       1     0 0.7083
2971            1    0                  50       1     0 0.7083
2972           54    0                  50      48     0 0.7083
2973            1    0                  50       1     0 0.7083
2974            1    1                  50       1     0 0.7083
2975            1    0                  50       1     0 0.7083
2976           73    1                  50      81     0 0.7083
2977           54    0                  50       1     0 0.7083
2978            1    0                  50       1     0 0.7083
2979           73    1                  50      48     0 0.7083
2980            1    1                  50       1     0 0.7083
2981          100    1                  50      49     1 0.7083
2982           12    0                  50      48     1 0.7083
2983           73    0                  50      71     1 0.7083
2984            1    1                  50       1     0 0.7083
2985           72    0                  50      72     0 0.7083
2986           34    1                  50       3     0 0.7083
2987           71    0                  50      70     1 0.7083
2988           34    1                  50       1     0 0.7083
2989           34    1                  50       1     0 0.7083
2990           72    0                  50      84     1 0.7083
2991           72    1                  50      71     1 0.7083
2992           54    1                  50       1     1 0.7083
2993           55    1                  50      61     1 0.7083
2994          100    0                  50     100     1 0.7083
2995           54    1                  50       3     1 0.7083
2996          100    0                  50      92     1 0.7083
2997          100    0                  50      70     1 0.7083
2998           12    0                  50       1     0 0.7083
2999           72    1                  50      88     1 0.7083
3000           54    1                  50      58     1 0.7083
3001           64    0                  51       1     0 0.6174
3002           78    1                  51       1     1 0.6174
3003           82    0                  51       1     1 0.6174
3004           61    0                  51       3     1 0.6174
3005           24    1                  51       1     0 0.6174
3006           62    0                  51       1     1 0.6174
3007           17    0                  51       1     0 0.6174
3008           29    1                  51       2     1 0.6174
3009           42    1                  51       1     0 0.6174
3010           58    0                  51       1     0 0.6174
3011           27    0                  51       1     0 0.6174
3012           63    0                  51       2     1 0.6174
3013           41    1                  51       1     0 0.6174
3014           43    0                  51       1     1 0.6174
3015           47    0                  51       2     1 0.6174
3016           39    0                  51       2     0 0.6174
3017           44    1                  51       1     0 0.6174
3018           45    1                  51       2     1 0.6174
3019           58    1                  51       1     1 0.6174
3020           63    0                  51       1     1 0.6174
3021           25    0                  51       1     0 0.6174
3022           58    1                  51       3     0 0.6174
3023           64    0                  51       1     1 0.6174
3024           62    0                  51       2     1 0.6174
3025           59    0                  51       1     1 0.6174
3026           49    1                  51       1     1 0.6174
3027           57    0                  51       2     0 0.6174
3028           64    1                  51       1     1 0.6174
3029           18    0                  51       3     0 0.6174
3030           25    1                  51       1     0 0.6174
3031           48    1                  51       1     0 0.6174
3032           59    1                  51       1     0 0.6174
3033           22    1                  51       1     0 0.6174
3034           47    0                  51       1     0 0.6174
3035           43    0                  51       2     0 0.6174
3036           62    1                  51       1     0 0.6174
3037           41    1                  51       1     0 0.6174
3038           61    1                  51       1     0 0.6174
3039           75    1                  51       1     0 0.6174
3040           56    1                  51       1     0 0.6174
3041           62    1                  51       1     1 0.6174
3042           64    0                  51       1     1 0.6174
3043           60    0                  51       1     1 0.6174
3044           60    0                  51       1     0 0.6174
3045           64    1                  51       4     0 0.6174
3046           25    0                  51       1     0 0.6174
3047           81    0                  51       1     1 0.6174
3048           24    0                  51       1     0 0.6174
3049           62    1                  51       1     0 0.6174
3050           79    0                  51       1     1 0.6174
3051           77    0                  51       2     1 0.6174
3052           61    1                  51       1     1 0.6174
3053           47    0                  51       2     1 0.6174
3054           76    0                  51       1     1 0.6174
3055           48    1                  51       1     1 0.6174
3056           63    1                  51       2     1 0.6174
3057           58    1                  51       2     1 0.6174
3058           44    1                  51       1     0 0.6174
3059           65    1                  51       1     1 0.6174
3060           62    1                  51       2     1 0.6174
3061            1    1                  52       1     0 0.7052
3062           59    0                  52      38     1 0.7052
3063          100    1                  52     100     1 0.7052
3064          100    0                  52     100     1 0.7052
3065           57    1                  52      41     0 0.7052
3066          100    1                  52      99     1 0.7052
3067           60    0                  52      43     0 0.7052
3068           61    1                  52      96     1 0.7052
3069            1    1                  52      10     0 0.7052
3070            1    1                  52       1     0 0.7052
3071            1    1                  52       1     0 0.7052
3072           29    1                  52       1     1 0.7052
3073            1    0                  52       1     0 0.7052
3074           86    0                  52      39     1 0.7052
3075          100    1                  52     100     1 0.7052
3076           92    0                  52      89     0 0.7052
3077           59    1                  52       4     0 0.7052
3078          100    1                  52     100     1 0.7052
3079          100    0                  52     100     1 0.7052
3080          100    1                  52     100     1 0.7052
3081           73    0                  52      41     0 0.7052
3082           82    0                  52      83     0 0.7052
3083          100    1                  52     100     1 0.7052
3084          100    0                  52     100     1 0.7052
3085          100    0                  52     100     1 0.7052
3086           68    0                  52      14     1 0.7052
3087          100    1                  52      73     0 0.7052
3088          100    1                  52     100     1 0.7052
3089            1    0                  52       1     0 0.7052
3090            1    0                  52       1     0 0.7052
3091            1    0                  52       1     0 0.7052
3092          100    1                  52      41     0 0.7052
3093           43    1                  52      16     0 0.7052
3094           42    1                  52       1     0 0.7052
3095            1    1                  52       1     0 0.7052
3096           93    0                  52     100     0 0.7052
3097           21    1                  52      12     0 0.7052
3098            3    0                  52       1     0 0.7052
3099          100    0                  52      39     0 0.7052
3100           59    1                  52      38     0 0.7052
3101          100    1                  52     100     1 0.7052
3102          100    0                  52     100     1 0.7052
3103           58    1                  52       2     1 0.7052
3104           62    1                  52      16     0 0.7052
3105          100    0                  52     100     0 0.7052
3106            1    0                  52       1     0 0.7052
3107          100    0                  52     100     1 0.7052
3108            1    1                  52       1     0 0.7052
3109            1    1                  52       5     0 0.7052
3110          100    0                  52     100     1 0.7052
3111          100    0                  52     100     1 0.7052
3112          100    1                  52     100     1 0.7052
3113           61    1                  52     100     1 0.7052
3114          100    0                  52     100     1 0.7052
3115           94    1                  52     100     1 0.7052
3116          100    0                  52     100     1 0.7052
3117          100    0                  52     100     1 0.7052
3118           41    0                  52       1     0 0.7052
3119          100    0                  52     100     1 0.7052
3120          100    0                  52      99     1 0.7052
3121           60    0                  53      31     0 0.6882
3122           58    1                  53      53     1 0.6882
3123           78    0                  53      78     1 0.6882
3124           61    0                  53      27     1 0.6882
3125           57    1                  53      34     0 0.6882
3126           60    1                  53      74     1 0.6882
3127           45    0                  53      15     0 0.6882
3128           55    1                  53      12     1 0.6882
3129           41    0                  53      18     0 0.6882
3130           21    1                  53       1     0 0.6882
3131           63    1                  53      68     0 0.6882
3132           60    1                  53      37     1 0.6882
3133           62    0                  53      34     0 0.6882
3134           59    0                  53      31     1 0.6882
3135           80    1                  53      61     1 0.6882
3136           42    0                  53      40     0 0.6882
3137           57    1                  53      31     0 0.6882
3138           56    0                  53      54     1 0.6882
3139           82    1                  53      69     1 0.6882
3140           68    1                  53      72     1 0.6882
3141           42    0                  53      32     0 0.6882
3142           56    1                  53      45     0 0.6882
3143           60    1                  53      80     1 0.6882
3144           77    1                  53      60     1 0.6882
3145           62    1                  53      68     1 0.6882
3146           67    0                  53      54     1 0.6882
3147           37    1                  53      20     0 0.6882
3148           93    1                  53      63     1 0.6882
3149           23    0                  53      32     0 0.6882
3150           17    1                  53      23     0 0.6882
3151           24    0                  53      13     0 0.6882
3152           31    0                  53      23     0 0.6882
3153           32    0                  53      22     0 0.6882
3154           33    0                  53      24     0 0.6882
3155           33    1                  53      22     0 0.6882
3156           69    1                  53      15     0 0.6882
3157           71    1                  53      39     0 0.6882
3158           17    0                  53       1     0 0.6882
3159           64    1                  53      56     0 0.6882
3160           35    0                  53      42     0 0.6882
3161           69    0                  53      36     1 0.6882
3162           67    0                  53      65     1 0.6882
3163           71    0                  53      27     1 0.6882
3164           54    1                  53      24     0 0.6882
3165           56    0                  53      46     0 0.6882
3166           38    0                  53      27     0 0.6882
3167           89    1                  53      60     1 0.6882
3168           44    0                  53      31     0 0.6882
3169           23    1                  53      32     0 0.6882
3170           71    1                  53      81     1 0.6882
3171           80    1                  53      76     1 0.6882
3172           59    0                  53      44     1 0.6882
3173           56    0                  53      58     1 0.6882
3174           87    0                  53      24     1 0.6882
3175           63    1                  53      34     1 0.6882
3176           91    0                  53      77     1 0.6882
3177           92    1                  53      14     1 0.6882
3178           61    0                  53      58     0 0.6882
3179           64    0                  53      79     1 0.6882
3180           58    1                  53      63     1 0.6882
3181            7    0                  54       1     0 0.6396
3182           89    0                  54      87     1 0.6396
3183           96    0                  54      81     1 0.6396
3184           87    1                  54      83     1 0.6396
3185           77    1                  54      65     0 0.6396
3186           81    1                  54      86     1 0.6396
3187           24    1                  54      10     0 0.6396
3188           83    1                  54      59     1 0.6396
3189           22    1                  54      23     0 0.6396
3190           23    1                  54      62     0 0.6396
3191           32    0                  54      17     0 0.6396
3192           99    0                  54      64     1 0.6396
3193           36    0                  54      42     0 0.6396
3194          100    1                  54      76     1 0.6396
3195          100    0                  54      99     1 0.6396
3196           71    1                  54      66     0 0.6396
3197           91    0                  54      81     0 0.6396
3198           90    1                  54      82     1 0.6396
3199           92    0                  54      82     1 0.6396
3200           89    0                  54      82     1 0.6396
3201           22    1                  54      38     0 0.6396
3202           71    0                  54      78     0 0.6396
3203           96    1                  54      75     1 0.6396
3204          100    1                  54     100     1 0.6396
3205           94    0                  54      98     1 0.6396
3206           92    1                  54      89     1 0.6396
3207           93    1                  54      99     0 0.6396
3208          100    1                  54     100     1 0.6396
3209           24    1                  54      34     0 0.6396
3210           12    0                  54      23     0 0.6396
3211            5    0                  54      16     0 0.6396
3212           82    1                  54      87     0 0.6396
3213           67    0                  54      62     0 0.6396
3214           59    0                  54      67     0 0.6396
3215           78    1                  54      79     0 0.6396
3216           73    0                  54      65     0 0.6396
3217           59    1                  54      37     0 0.6396
3218           68    1                  54      43     0 0.6396
3219           94    0                  54      87     0 0.6396
3220           43    1                  54      32     0 0.6396
3221           85    1                  54      78     1 0.6396
3222          100    0                  54     100     1 0.6396
3223           82    1                  54      86     1 0.6396
3224           92    0                  54      72     0 0.6396
3225           99    1                  54      83     0 0.6396
3226           57    1                  54      42     0 0.6396
3227           98    1                  54      91     1 0.6396
3228           71    0                  54      63     0 0.6396
3229           33    0                  54      33     0 0.6396
3230           91    0                  54      89     1 0.6396
3231           91    0                  54      81     1 0.6396
3232           55    0                  54      66     1 0.6396
3233           59    0                  54      68     1 0.6396
3234          100    1                  54      83     1 0.6396
3235           81    0                  54      75     1 0.6396
3236          100    1                  54      91     1 0.6396
3237           72    1                  54      69     1 0.6396
3238           94    0                  54      91     0 0.6396
3239           86    0                  54      57     1 0.6396
3240           69    0                  54      91     1 0.6396
3241           24    1                  55      25     0 0.3521
3242           76    1                  55      69     1 0.3521
3243           86    1                  55      91     1 0.3521
3244           27    1                  55      20     1 0.3521
3245           12    0                  55       7     0 0.3521
3246           82    1                  55      71     1 0.3521
3247           12    0                  55       2     0 0.3521
3248           38    0                  55      36     1 0.3521
3249           11    1                  55      12     0 0.3521
3250           32    1                  55      29     0 0.3521
3251           23    0                  55      41     0 0.3521
3252           83    1                  55      55     1 0.3521
3253           12    0                  55       8     0 0.3521
3254           64    0                  55      54     1 0.3521
3255          100    0                  55     100     1 0.3521
3256           73    0                  55      42     0 0.3521
3257           14    0                  55      16     0 0.3521
3258           72    0                  55      54     1 0.3521
3259           92    1                  55      98     1 0.3521
3260           87    1                  55      86     1 0.3521
3261            6    0                  55       4     0 0.3521
3262           16    1                  55       7     0 0.3521
3263           81    1                  55      76     1 0.3521
3264           94    1                  55      95     1 0.3521
3265           82    1                  55      73     1 0.3521
3266           70    0                  55      68     1 0.3521
3267           25    0                  55      39     0 0.3521
3268           86    0                  55      77     1 0.3521
3269           77    0                  55      65     0 0.3521
3270           24    0                  55       5     0 0.3521
3271           42    1                  55      48     0 0.3521
3272           60    0                  55      49     0 0.3521
3273           18    1                  55      31     0 0.3521
3274           24    1                  55      15     0 0.3521
3275           22    0                  55      10     0 0.3521
3276           80    0                  55      60     0 0.3521
3277           58    1                  55      36     0 0.3521
3278            9    0                  55       6     0 0.3521
3279           84    0                  55      61     0 0.3521
3280            6    0                  55      15     0 0.3521
3281           82    1                  55      79     1 0.3521
3282           90    1                  55      85     1 0.3521
3283           61    0                  55      53     1 0.3521
3284           23    1                  55      24     0 0.3521
3285           93    0                  55      78     0 0.3521
3286           64    1                  55      37     0 0.3521
3287           94    0                  55      85     1 0.3521
3288           33    0                  55      28     0 0.3521
3289           10    0                  55      16     0 0.3521
3290           61    1                  55      46     1 0.3521
3291           96    1                  55      97     1 0.3521
3292           76    1                  55      58     1 0.3521
3293           42    1                  55      36     1 0.3521
3294          100    1                  55      93     1 0.3521
3295           66    1                  55      75     1 0.3521
3296           97    0                  55      93     1 0.3521
3297          100    0                  55      93     1 0.3521
3298           73    1                  55      57     0 0.3521
3299           73    1                  55      67     1 0.3521
3300           73    0                  55      66     1 0.3521
3301            1    1                  56       1     0 0.7396
3302           56    1                  56      58     1 0.7396
3303           66    0                  56      69     1 0.7396
3304           82    1                  56      69     1 0.7396
3305           67    1                  56      80     0 0.7396
3306           67    0                  56      75     1 0.7396
3307           26    0                  56      28     0 0.7396
3308           13    1                  56      14     1 0.7396
3309           26    0                  56      23     0 0.7396
3310           89    0                  56      81     0 0.7396
3311           24    0                  56      15     0 0.7396
3312           62    0                  56      34     1 0.7396
3313           31    0                  56      36     0 0.7396
3314           35    1                  56      36     1 0.7396
3315           94    0                  56      73     1 0.7396
3316           68    1                  56      72     0 0.7396
3317           16    0                  56      25     0 0.7396
3318           71    0                  56      65     1 0.7396
3319           76    1                  56      79     1 0.7396
3320           81    1                  56      83     1 0.7396
3321           21    0                  56      17     0 0.7396
3322            6    0                  56      10     0 0.7396
3323           63    1                  56      30     1 0.7396
3324           78    1                  56      79     1 0.7396
3325           88    0                  56     100     1 0.7396
3326           30    0                  56      40     1 0.7396
3327           59    0                  56      28     0 0.7396
3328           79    0                  56      81     1 0.7396
3329            1    1                  56       1     0 0.7396
3330            1    0                  56       1     0 0.7396
3331            1    0                  56       1     0 0.7396
3332           63    1                  56      70     0 0.7396
3333           41    1                  56      33     0 0.7396
3334           28    0                  56      27     0 0.7396
3335            1    0                  56      18     0 0.7396
3336           77    1                  56      78     0 0.7396
3337           29    1                  56       8     0 0.7396
3338            1    1                  56       1     0 0.7396
3339           63    0                  56      53     0 0.7396
3340            1    0                  56       5     0 0.7396
3341           94    0                  56      74     1 0.7396
3342           76    1                  56      66     1 0.7396
3343           72    1                  56      70     1 0.7396
3344           57    1                  56      61     0 0.7396
3345           68    1                  56      69     0 0.7396
3346           24    1                  56      27     0 0.7396
3347           78    0                  56     100     1 0.7396
3348           14    0                  56       1     0 0.7396
3349           29    0                  56      31     0 0.7396
3350           83    1                  56      86     1 0.7396
3351           79    1                  56      87     1 0.7396
3352           65    1                  56      60     1 0.7396
3353           29    0                  56      45     1 0.7396
3354           79    0                  56      89     1 0.7396
3355           70    1                  56      80     1 0.7396
3356          100    1                  56      75     1 0.7396
3357          100    0                  56     100     1 0.7396
3358           35    1                  56      21     0 0.7396
3359           79    1                  56      86     1 0.7396
3360           61    1                  56      81     1 0.7396
3361           25    1                  57      40     0 0.3819
3362           98    0                  57      82     1 0.3819
3363           83    0                  57      60     1 0.3819
3364           61    0                  57      81     1 0.3819
3365           41    0                  57      42     0 0.3819
3366           81    0                  57      60     1 0.3819
3367           41    0                  57      61     0 0.3819
3368           63    1                  57      61     1 0.3819
3369           21    1                  57       7     0 0.3819
3370            6    0                  57      61     0 0.3819
3371           58    1                  57      19     0 0.3819
3372           99    1                  57      41     1 0.3819
3373           64    1                  57      40     0 0.3819
3374           62    1                  57      59     1 0.3819
3375           60    0                  57      60     1 0.3819
3376           82    1                  57      62     0 0.3819
3377           62    0                  57       7     0 0.3819
3378           58    1                  57      61     1 0.3819
3379           82    1                  57      80     1 0.3819
3380           63    0                  57      63     1 0.3819
3381           62    1                  57      41     0 0.3819
3382           62    1                  57      63     0 0.3819
3383           97    1                  57      61     1 0.3819
3384           95    1                  57      82     1 0.3819
3385           99    1                  57      81     1 0.3819
3386           82    0                  57      61     1 0.3819
3387           96    0                  57      62     0 0.3819
3388           96    1                  57      81     1 0.3819
3389           41    1                  57       4     0 0.3819
3390           43    0                  57       5     0 0.3819
3391            3    1                  57       2     0 0.3819
3392           41    1                  57      62     0 0.3819
3393           62    0                  57       4     0 0.3819
3394           43    1                  57      20     0 0.3819
3395           23    0                  57       3     0 0.3819
3396           63    1                  57      61     0 0.3819
3397           60    0                  57      61     0 0.3819
3398           60    0                  57      61     0 0.3819
3399           79    1                  57      39     0 0.3819
3400           62    1                  57      62     0 0.3819
3401           83    0                  57      61     1 0.3819
3402           94    0                  57      82     1 0.3819
3403           99    0                  57      63     1 0.3819
3404           64    1                  57      62     0 0.3819
3405           98    0                  57      83     0 0.3819
3406           62    1                  57      41     0 0.3819
3407           61    0                  57       2     1 0.3819
3408           42    0                  57      61     0 0.3819
3409           22    0                  57       3     0 0.3819
3410           64    1                  57      62     1 0.3819
3411           84    0                  57      81     1 0.3819
3412           61    1                  57      62     1 0.3819
3413           22    0                  57      61     1 0.3819
3414           83    0                  57      81     1 0.3819
3415           96    0                  57      81     1 0.3819
3416           95    1                  57      81     1 0.3819
3417           97    0                  57      41     1 0.3819
3418           83    1                  57      97     0 0.3819
3419           79    1                  57      81     1 0.3819
3420           82    0                  57      80     1 0.3819
3421            1    0                  58      42     0 0.5847
3422           82    1                  58       4     1 0.5847
3423           63    1                  58      23     1 0.5847
3424           93    0                  58      43     1 0.5847
3425           21    0                  58       4     0 0.5847
3426           64    0                  58      60     1 0.5847
3427           61    1                  58      15     0 0.5847
3428           20    1                  58      22     1 0.5847
3429           63    1                  58      12     0 0.5847
3430           19    0                  58       5     0 0.5847
3431           42    0                  58       6     0 0.5847
3432           81    1                  58      22     1 0.5847
3433           22    1                  58      18     0 0.5847
3434          100    0                  58      22     1 0.5847
3435          100    0                  58      42     1 0.5847
3436           60    1                  58      62     0 0.5847
3437           82    1                  58      63     0 0.5847
3438           63    0                  58      43     1 0.5847
3439           61    1                  58      59     1 0.5847
3440           79    1                  58       7     1 0.5847
3441           61    0                  58       1     0 0.5847
3442           21    0                  58      58     0 0.5847
3443           21    1                  58      26     1 0.5847
3444          100    1                  58      21     1 0.5847
3445          100    0                  58      79     1 0.5847
3446           98    1                  58      61     1 0.5847
3447           26    0                  58      66     0 0.5847
3448          100    0                  58       8     1 0.5847
3449           80    0                  58      62     0 0.5847
3450           82    1                  58       3     0 0.5847
3451            4    1                  58      22     0 0.5847
3452           23    0                  58      21     0 0.5847
3453            1    1                  58       6     0 0.5847
3454           61    1                  58      61     0 0.5847
3455            1    1                  58      21     0 0.5847
3456            1    0                  58      62     0 0.5847
3457           62    1                  58      40     0 0.5847
3458           81    0                  58      63     0 0.5847
3459           23    1                  58      22     0 0.5847
3460           99    1                  58      24     0 0.5847
3461           61    1                  58      42     1 0.5847
3462           63    0                  58      22     1 0.5847
3463           82    1                  58      61     1 0.5847
3464           83    1                  58      45     0 0.5847
3465          100    1                  58      21     0 0.5847
3466           21    1                  58      63     0 0.5847
3467           83    0                  58      42     1 0.5847
3468           60    1                  58      21     0 0.5847
3469           41    1                  58      19     0 0.5847
3470           64    0                  58      60     1 0.5847
3471          100    1                  58      59     1 0.5847
3472           80    0                  58       5     1 0.5847
3473           21    0                  58       1     1 0.5847
3474          100    0                  58      39     1 0.5847
3475           23    0                  58      42     1 0.5847
3476          100    0                  58      62     1 0.5847
3477          100    0                  58       5     1 0.5847
3478           22    0                  58      20     0 0.5847
3479           59    0                  58      80     1 0.5847
3480           64    0                  58       5     1 0.5847
3481            4    1                  59      13     0 0.7955
3482           68    1                  59      72     1 0.7955
3483           85    1                  59      63     1 0.7955
3484           18    1                  59       7     1 0.7955
3485            5    0                  59       3     0 0.7955
3486           81    0                  59      81     1 0.7955
3487           79    1                  59       9     0 0.7955
3488           27    0                  59      10     1 0.7955
3489            3    1                  59       6     0 0.7955
3490           11    1                  59       6     0 0.7955
3491            4    0                  59       6     0 0.7955
3492           88    1                  59      75     1 0.7955
3493            2    1                  59       9     0 0.7955
3494           10    0                  59       5     1 0.7955
3495           68    0                  59      72     1 0.7955
3496           81    0                  59      94     0 0.7955
3497           84    1                  59      84     0 0.7955
3498           73    1                  59       8     1 0.7955
3499           59    1                  59      74     1 0.7955
3500           88    1                  59      83     1 0.7955
3501            7    1                  59      10     0 0.7955
3502           70    1                  59      36     0 0.7955
3503           90    0                  59      74     1 0.7955
3504           92    0                  59      88     1 0.7955
3505           95    0                  59      93     1 0.7955
3506           31    0                  59      28     1 0.7955
3507           16    1                  59       9     0 0.7955
3508           65    0                  59      50     1 0.7955
3509           27    1                  59       1     0 0.7955
3510           17    1                  59       5     0 0.7955
3511            2    0                  59       6     0 0.7955
3512           57    0                  59      16     0 0.7955
3513           59    1                  59       8     0 0.7955
3514           34    0                  59      84     0 0.7955
3515           38    1                  59      18     0 0.7955
3516           20    0                  59       4     0 0.7955
3517           39    0                  59       4     0 0.7955
3518           11    0                  59       4     0 0.7955
3519           28    1                  59      73     0 0.7955
3520            4    0                  59       2     0 0.7955
3521           67    1                  59      70     1 0.7955
3522           59    1                  59      11     1 0.7955
3523           98    0                  59      85     1 0.7955
3524            8    0                  59       1     0 0.7955
3525           35    0                  59      72     0 0.7955
3526           64    1                  59      43     0 0.7955
3527           40    0                  59       4     1 0.7955
3528           29    0                  59      69     0 0.7955
3529           37    1                  59       7     0 0.7955
3530           11    1                  59       8     1 0.7955
3531           82    0                  59      90     1 0.7955
3532           45    1                  59      13     1 0.7955
3533           19    0                  59       8     1 0.7955
3534           91    0                  59      90     1 0.7955
3535           66    0                  59       1     1 0.7955
3536           95    0                  59      93     1 0.7955
3537           78    1                  59     100     1 0.7955
3538           61    1                  59      94     0 0.7955
3539           93    1                  59      79     1 0.7955
3540           60    0                  59      80     1 0.7955
3541           33    1                  60       1     0 0.7889
3542           69    1                  60      83     1 0.7889
3543           70    0                  60      80     1 0.7889
3544           70    0                  60      25     1 0.7889
3545           36    0                  60      38     0 0.7889
3546           76    1                  60      67     1 0.7889
3547           29    0                  60      33     0 0.7889
3548           91    0                  60      91     1 0.7889
3549           77    1                  60      84     0 0.7889
3550           91    1                  60      96     0 0.7889
3551           49    1                  60      32     0 0.7889
3552           69    1                  60      78     1 0.7889
3553           73    1                  60      68     0 0.7889
3554           67    0                  60      69     1 0.7889
3555           72    0                  60      82     1 0.7889
3556           83    1                  60      88     0 0.7889
3557           43    0                  60      55     0 0.7889
3558           75    0                  60      58     1 0.7889
3559           73    0                  60      83     1 0.7889
3560           78    0                  60      79     1 0.7889
3561           71    0                  60      74     0 0.7889
3562           85    0                  60      62     0 0.7889
3563           79    1                  60      84     1 0.7889
3564           91    1                  60      78     1 0.7889
3565           94    1                  60      79     1 0.7889
3566           73    1                  60      88     1 0.7889
3567           78    1                  60      84     0 0.7889
3568           68    0                  60      60     1 0.7889
3569           56    1                  60      66     0 0.7889
3570           78    0                  60      65     0 0.7889
3571           77    0                  60      75     0 0.7889
3572           89    0                  60      77     0 0.7889
3573           76    1                  60      83     0 0.7889
3574           80    0                  60      38     0 0.7889
3575           93    0                  60      77     0 0.7889
3576           54    0                  60      57     0 0.7889
3577           64    0                  60      57     0 0.7889
3578           83    1                  60      80     0 0.7889
3579           40    0                  60      33     0 0.7889
3580           12    0                  60      13     0 0.7889
3581           84    1                  60      86     1 0.7889
3582           86    0                  60      69     1 0.7889
3583           94    1                  60      90     1 0.7889
3584           14    0                  60      24     0 0.7889
3585           88    0                  60      81     0 0.7889
3586           34    1                  60       5     0 0.7889
3587           80    1                  60      59     1 0.7889
3588           69    0                  60      67     0 0.7889
3589            7    0                  60      11     0 0.7889
3590           82    1                  60      86     1 0.7889
3591           79    1                  60      71     1 0.7889
3592           76    1                  60      80     1 0.7889
3593           62    0                  60      54     1 0.7889
3594           77    1                  60      87     1 0.7889
3595           70    1                  60      71     1 0.7889
3596           67    1                  60      71     1 0.7889
3597           67    0                  60      77     1 0.7889
3598           61    1                  60      77     0 0.7889
3599           72    1                  60      86     1 0.7889
3600           95    1                  60      79     1 0.7889
3601            2    1                  61       1     0 0.6799
3602           35    0                  61      60     1 0.6799
3603           70    1                  61      41     1 0.6799
3604           61    0                  61       6     1 0.6799
3605           78    1                  61      31     0 0.6799
3606           63    0                  61      20     1 0.6799
3607            2    1                  61       1     0 0.6799
3608           60    0                  61      24     1 0.6799
3609           22    1                  61       2     0 0.6799
3610            1    0                  61       1     0 0.6799
3611            5    0                  61       1     0 0.6799
3612           81    1                  61      19     1 0.6799
3613           22    0                  61       2     0 0.6799
3614           79    1                  61      24     1 0.6799
3615           98    0                  61      59     1 0.6799
3616           97    0                  61      70     0 0.6799
3617           59    0                  61       1     0 0.6799
3618           42    0                  61       3     1 0.6799
3619           95    1                  61      35     1 0.6799
3620           94    0                  61      88     1 0.6799
3621            4    1                  61       1     0 0.6799
3622           17    0                  61       2     0 0.6799
3623           98    0                  61      83     1 0.6799
3624           96    1                  61      20     1 0.6799
3625           61    1                  61      17     1 0.6799
3626           76    1                  61      22     1 0.6799
3627           18    1                  61       3     0 0.6799
3628           99    1                  61      64     1 0.6799
3629            3    0                  61       1     0 0.6799
3630            4    1                  61       1     0 0.6799
3631            3    0                  61       1     0 0.6799
3632           84    1                  61      43     0 0.6799
3633            2    1                  61       1     0 0.6799
3634            3    0                  61       1     0 0.6799
3635            4    1                  61       2     0 0.6799
3636           20    1                  61       1     0 0.6799
3637           85    1                  61      60     0 0.6799
3638            7    0                  61       1     0 0.6799
3639           96    1                  61      62     0 0.6799
3640            4    0                  61       1     0 0.6799
3641           95    1                  61      68     1 0.6799
3642           98    0                  61      57     1 0.6799
3643           97    1                  61      44     1 0.6799
3644           23    1                  61       1     0 0.6799
3645           66    1                  61       6     0 0.6799
3646           23    0                  61       1     0 0.6799
3647           94    0                  61      42     1 0.6799
3648            2    0                  61       1     0 0.6799
3649            2    0                  61       1     0 0.6799
3650           61    0                  61      54     1 0.6799
3651           98    0                  61      81     1 0.6799
3652           67    1                  61      30     1 0.6799
3653           61    1                  61       2     1 0.6799
3654           99    0                  61      91     1 0.6799
3655           99    1                  61      37     1 0.6799
3656           91    0                  61      65     1 0.6799
3657           98    1                  61      22     1 0.6799
3658           66    0                  61       4     0 0.6799
3659           94    0                  61      58     1 0.6799
3660           95    1                  61      55     1 0.6799
3661            4    1                  62       4     0 0.5035
3662           88    0                  62      82     1 0.5035
3663           99    1                  62      94     1 0.5035
3664           96    0                  62      95     1 0.5035
3665           87    0                  62     100     0 0.5035
3666           77    0                  62      65     1 0.5035
3667            3    0                  62       2     0 0.5035
3668           59    1                  62      39     1 0.5035
3669           22    1                  62      42     0 0.5035
3670            5    1                  62     100     0 0.5035
3671           89    1                  62      28     0 0.5035
3672          100    1                  62      98     1 0.5035
3673            5    0                  62      18     0 0.5035
3674            7    0                  62      80     1 0.5035
3675           98    0                  62      96     1 0.5035
3676           94    1                  62     100     0 0.5035
3677           95    1                  62      61     0 0.5035
3678           61    1                  62      80     1 0.5035
3679           93    1                  62      81     1 0.5035
3680           97    0                  62      94     1 0.5035
3681            2    0                  62      20     0 0.5035
3682           93    0                  62      59     0 0.5035
3683           98    0                  62      97     1 0.5035
3684           77    0                  62      79     1 0.5035
3685           62    0                  62      59     1 0.5035
3686          100    0                  62      59     1 0.5035
3687           79    1                  62      97     0 0.5035
3688           97    1                  62      97     1 0.5035
3689           86    1                  62      42     0 0.5035
3690           58    1                  62      80     0 0.5035
3691           85    1                  62      79     0 0.5035
3692           74    0                  62      22     0 0.5035
3693           97    1                  62      80     0 0.5035
3694           58    1                  62      61     0 0.5035
3695            3    0                  62      39     0 0.5035
3696           97    1                  62     100     0 0.5035
3697           22    1                  62      39     0 0.5035
3698           21    0                  62      41     0 0.5035
3699           81    0                  62      85     0 0.5035
3700            3    1                  62      62     0 0.5035
3701           78    1                  62      80     1 0.5035
3702           61    1                  62      59     1 0.5035
3703           40    0                  62      37     1 0.5035
3704           78    0                  62      41     0 0.5035
3705           63    0                  62      78     0 0.5035
3706           92    1                  62      59     0 0.5035
3707           95    1                  62     100     1 0.5035
3708           22    1                  62      42     0 0.5035
3709            2    0                  62      41     0 0.5035
3710          100    0                  62      96     1 0.5035
3711           92    0                  62      94     1 0.5035
3712           22    0                  62      81     1 0.5035
3713           43    0                  62      62     1 0.5035
3714          100    0                  62      98     1 0.5035
3715           79    0                  62      80     1 0.5035
3716           98    1                  62     100     1 0.5035
3717           98    1                  62      97     1 0.5035
3718           77    0                  62      59     0 0.5035
3719           94    1                  62      60     1 0.5035
3720           61    1                  62      67     1 0.5035
3721            1    1                  63       1     0 0.6622
3722           56    0                  63      27     1 0.6622
3723           84    1                  63      81     1 0.6622
3724           92    0                  63      56     1 0.6622
3725           83    1                  63      37     0 0.6622
3726           63    1                  63      54     1 0.6622
3727           11    1                  63      32     0 0.6622
3728           62    0                  63      93     1 0.6622
3729           62    0                  63      78     0 0.6622
3730            4    0                  63       1     0 0.6622
3731           36    0                  63       4     0 0.6622
3732           75    1                  63      43     1 0.6622
3733           89    1                  63       8     0 0.6622
3734           96    1                  63      78     1 0.6622
3735           87    1                  63      21     1 0.6622
3736           86    0                  63      56     0 0.6622
3737           67    0                  63      43     0 0.6622
3738           78    1                  63      52     1 0.6622
3739           72    1                  63      56     1 0.6622
3740           91    1                  63      54     1 0.6622
3741            4    0                  63       1     0 0.6622
3742           60    0                  63      70     0 0.6622
3743           83    0                  63      58     1 0.6622
3744           88    1                  63      44     1 0.6622
3745           76    0                  63      60     1 0.6622
3746           32    0                  63      44     1 0.6622
3747           19    0                  63      38     0 0.6622
3748           98    0                  63      56     1 0.6622
3749           36    0                  63      25     0 0.6622
3750           58    0                  63       2     0 0.6622
3751           37    0                  63      29     0 0.6622
3752           13    1                  63      18     0 0.6622
3753            3    0                  63       1     0 0.6622
3754           12    0                  63       9     0 0.6622
3755           12    0                  63       2     0 0.6622
3756           76    1                  63      34     0 0.6622
3757           66    1                  63      36     0 0.6622
3758           18    1                  63       1     0 0.6622
3759           92    0                  63      72     0 0.6622
3760            3    1                  63       3     0 0.6622
3761           81    1                  63      61     1 0.6622
3762           96    0                  63      57     1 0.6622
3763           95    0                  63      81     1 0.6622
3764           88    1                  63      76     0 0.6622
3765           81    0                  63      41     0 0.6622
3766           12    0                  63       3     0 0.6622
3767           92    1                  63      56     1 0.6622
3768           24    1                  63      26     0 0.6622
3769           20    1                  63      11     0 0.6622
3770           75    0                  63      72     1 0.6622
3771           85    1                  63      73     1 0.6622
3772           75    1                  63      74     1 0.6622
3773           83    0                  63      89     1 0.6622
3774           98    0                  63      57     1 0.6622
3775           74    1                  63      31     1 0.6622
3776           96    1                  63      69     1 0.6622
3777           92    1                  63      29     1 0.6622
3778           18    1                  63      36     0 0.6622
3779           79    0                  63      75     1 0.6622
3780           81    1                  63      72     1 0.6622
3781           16    0                  64       1     0 0.6292
3782            2    1                  64       1     1 0.6292
3783           79    0                  64      66     1 0.6292
3784           81    1                  64       4     1 0.6292
3785           22    0                  64       9     0 0.6292
3786           52    0                  64      81     1 0.6292
3787            1    0                  64       1     0 0.6292
3788           55    1                  64       3     1 0.6292
3789            3    1                  64      41     0 0.6292
3790            1    0                  64       1     0 0.6292
3791           10    0                  64       1     0 0.6292
3792           55    1                  64       4     1 0.6292
3793            1    1                  64      20     0 0.6292
3794           20    1                  64       1     1 0.6292
3795          100    0                  64       1     1 0.6292
3796           76    0                  64       4     0 0.6292
3797            1    1                  64       1     0 0.6292
3798           54    0                  64       1     1 0.6292
3799           81    1                  64      23     1 0.6292
3800           63    1                  64      59     1 0.6292
3801            2    1                  64       1     0 0.6292
3802           64    1                  64     100     0 0.6292
3803           51    0                  64      53     1 0.6292
3804           79    1                  64      20     1 0.6292
3805           58    1                  64      31     1 0.6292
3806           50    1                  64      13     1 0.6292
3807            9    1                  64       6     0 0.6292
3808          100    1                  64      64     1 0.6292
3809           20    0                  64       1     0 0.6292
3810            3    1                  64       1     0 0.6292
3811           23    0                  64       2     0 0.6292
3812            3    1                  64       5     0 0.6292
3813            1    1                  64       1     0 0.6292
3814            1    1                  64       1     0 0.6292
3815            1    0                  64       1     0 0.6292
3816            7    0                  64       1     0 0.6292
3817           11    0                  64      42     0 0.6292
3818            1    1                  64       1     0 0.6292
3819            4    0                  64       1     0 0.6292
3820            6    1                  64       7     0 0.6292
3821           68    1                  64       1     1 0.6292
3822           62    0                  64      40     1 0.6292
3823            9    1                  64       1     1 0.6292
3824           71    1                  64       1     0 0.6292
3825           62    0                  64      15     0 0.6292
3826            9    1                  64       2     0 0.6292
3827           90    0                  64      33     1 0.6292
3828           71    1                  64       7     0 0.6292
3829            1    0                  64      23     0 0.6292
3830           61    0                  64      83     1 0.6292
3831           49    0                  64      13     1 0.6292
3832           52    1                  64       1     1 0.6292
3833            1    0                  64      41     1 0.6292
3834           73    1                  64      10     1 0.6292
3835           66    0                  64       1     1 0.6292
3836           60    0                  64      56     1 0.6292
3837           79    0                  64      49     1 0.6292
3838            1    0                  64       1     0 0.6292
3839           90    0                  64       5     1 0.6292
3840           56    0                  64       1     1 0.6292
3841            3    0                  65      66     0 0.7938
3842          100    1                  65      78     1 0.7938
3843           77    0                  65      88     1 0.7938
3844           95    1                  65     100     1 0.7938
3845           61    0                  65      80     0 0.7938
3846           80    0                  65      80     1 0.7938
3847           23    0                  65      16     0 0.7938
3848           43    1                  65      61     1 0.7938
3849           60    1                  65      81     0 0.7938
3850           91    0                  65      24     0 0.7938
3851           20    1                  65      12     0 0.7938
3852           70    0                  65      89     1 0.7938
3853           36    1                  65      79     0 0.7938
3854           64    0                  65      20     1 0.7938
3855           78    1                  65      81     1 0.7938
3856           83    1                  65      61     0 0.7938
3857            4    1                  65      22     0 0.7938
3858           76    1                  65      75     1 0.7938
3859           79    0                  65     100     1 0.7938
3860           83    0                  65      87     1 0.7938
3861           22    0                  65      11     0 0.7938
3862           77    1                  65      75     0 0.7938
3863           89    1                  65      90     1 0.7938
3864           98    1                  65      96     1 0.7938
3865          100    1                  65     100     1 0.7938
3866           88    1                  65     100     1 0.7938
3867           31    1                  65      19     0 0.7938
3868          100    0                  65      99     1 0.7938
3869           20    0                  65      17     0 0.7938
3870           70    1                  65      59     0 0.7938
3871           59    1                  65      27     0 0.7938
3872           58    0                  65      81     0 0.7938
3873           41    1                  65      14     0 0.7938
3874           32    0                  65      80     0 0.7938
3875            1    0                  65       1     0 0.7938
3876           10    1                  65      17     0 0.7938
3877           80    1                  65      90     0 0.7938
3878           68    1                  65      80     0 0.7938
3879           54    0                  65      90     0 0.7938
3880           22    0                  65     100     0 0.7938
3881           38    1                  65      95     1 0.7938
3882           79    0                  65      91     1 0.7938
3883           85    0                  65     100     1 0.7938
3884            1    0                  65      22     0 0.7938
3885           79    0                  65      75     0 0.7938
3886           32    1                  65      15     0 0.7938
3887           95    0                  65      91     1 0.7938
3888           75    1                  65      71     0 0.7938
3889           19    1                  65      13     0 0.7938
3890           78    1                  65      94     1 0.7938
3891           95    0                  65      81     1 0.7938
3892           72    1                  65      81     1 0.7938
3893           59    0                  65      82     1 0.7938
3894          100    0                  65      88     1 0.7938
3895           67    1                  65      82     1 0.7938
3896           40    0                  65     100     1 0.7938
3897           79    0                  65       8     1 0.7938
3898          100    1                  65      99     0 0.7938
3899           58    0                  65      93     1 0.7938
3900           80    0                  65      92     1 0.7938
3901            1    0                  66       8     0 0.1823
3902          100    0                  66       1     1 0.1823
3903           79    1                  66       8     1 0.1823
3904           80    0                  66       6     1 0.1823
3905           21    1                  66       1     0 0.1823
3906           81    0                  66       4     1 0.1823
3907            1    0                  66       1     0 0.1823
3908          100    0                  66       8     1 0.1823
3909            1    0                  66       1     0 0.1823
3910            1    0                  66       1     0 0.1823
3911            1    0                  66       1     0 0.1823
3912          100    1                  66       4     1 0.1823
3913          100    1                  66       5     0 0.1823
3914          100    1                  66       8     1 0.1823
3915          100    0                  66      19     1 0.1823
3916           79    0                  66      21     0 0.1823
3917           80    0                  66       1     0 0.1823
3918          100    0                  66       9     1 0.1823
3919           81    0                  66       4     1 0.1823
3920           81    1                  66       1     1 0.1823
3921            1    1                  66       1     0 0.1823
3922            1    1                  66       1     0 0.1823
3923           82    1                  66       1     1 0.1823
3924           80    1                  66       7     1 0.1823
3925          100    0                  66       6     1 0.1823
3926           81    0                  66       1     1 0.1823
3927          100    0                  66       6     0 0.1823
3928          100    0                  66       9     1 0.1823
3929            1    1                  66       1     0 0.1823
3930            1    0                  66       1     0 0.1823
3931           19    0                  66       1     0 0.1823
3932          100    0                  66       6     0 0.1823
3933            1    1                  66       1     0 0.1823
3934            1    1                  66       1     0 0.1823
3935            1    1                  66       1     0 0.1823
3936            1    0                  66       1     0 0.1823
3937            1    1                  66       1     0 0.1823
3938            1    0                  66       1     0 0.1823
3939            1    1                  66       1     0 0.1823
3940            1    1                  66       1     0 0.1823
3941          100    0                  66      18     1 0.1823
3942          100    1                  66       8     1 0.1823
3943          100    1                  66      21     1 0.1823
3944           81    1                  66       1     0 0.1823
3945           80    0                  66       5     0 0.1823
3946           82    1                  66       1     0 0.1823
3947          100    1                  66      20     1 0.1823
3948            1    1                  66       1     0 0.1823
3949            1    1                  66       1     0 0.1823
3950          100    1                  66      10     1 0.1823
3951          100    0                  66      12     1 0.1823
3952           81    1                  66      10     1 0.1823
3953            1    1                  66       1     1 0.1823
3954          100    1                  66      17     1 0.1823
3955          100    0                  66       4     1 0.1823
3956          100    1                  66      19     1 0.1823
3957          100    0                  66       9     1 0.1823
3958            1    0                  66       1     0 0.1823
3959          100    0                  66      11     1 0.1823
3960          100    1                  66      13     1 0.1823
3961           87    0                  67     100     0 0.9167
3962          100    1                  67       1     1 0.9167
3963          100    0                  67     100     1 0.9167
3964           74    1                  67      95     1 0.9167
3965           91    1                  67     100     0 0.9167
3966           96    0                  67     100     1 0.9167
3967           96    0                  67       1     0 0.9167
3968          100    1                  67      97     1 0.9167
3969           92    0                  67      85     0 0.9167
3970            6    1                  67      11     0 0.9167
3971           80    0                  67      70     0 0.9167
3972           19    1                  67      94     1 0.9167
3973            8    0                  67      17     0 0.9167
3974           89    1                  67      82     1 0.9167
3975          100    1                  67      87     1 0.9167
3976           94    1                  67      98     0 0.9167
3977           21    0                  67       1     0 0.9167
3978            7    1                  67     100     1 0.9167
3979          100    1                  67      94     1 0.9167
3980           93    0                  67      89     1 0.9167
3981            4    0                  67      94     0 0.9167
3982            4    0                  67       1     0 0.9167
3983           14    1                  67       2     1 0.9167
3984           90    0                  67       1     1 0.9167
3985          100    0                  67     100     1 0.9167
3986          100    1                  67      93     1 0.9167
3987            1    1                  67       3     0 0.9167
3988            1    0                  67       1     1 0.9167
3989            2    1                  67       1     0 0.9167
3990           10    0                  67      97     0 0.9167
3991            7    0                  67       4     0 0.9167
3992           12    0                  67       9     0 0.9167
3993            7    0                  67      83     0 0.9167
3994           24    1                  67      25     0 0.9167
3995            1    0                  67       4     0 0.9167
3996           98    1                  67      21     0 0.9167
3997            3    1                  67       1     0 0.9167
3998            1    1                  67     100     0 0.9167
3999           18    1                  67      12     0 0.9167
4000          100    1                  67     100     0 0.9167
4001            5    1                  67       1     1 0.9167
4002           77    0                  67      16     1 0.9167
4003            1    0                  67       1     1 0.9167
4004           55    0                  67       1     0 0.9167
4005           98    0                  67      83     0 0.9167
4006            1    1                  67       1     0 0.9167
4007          100    0                  67     100     1 0.9167
4008          100    1                  67     100     0 0.9167
4009           91    1                  67      19     0 0.9167
4010           18    0                  67      93     1 0.9167
4011           78    0                  67     100     1 0.9167
4012            1    0                  67      91     1 0.9167
4013           21    1                  67     100     1 0.9167
4014          100    0                  67      93     1 0.9167
4015            1    1                  67       1     1 0.9167
4016           99    1                  67       1     1 0.9167
4017           80    0                  67      95     1 0.9167
4018          100    0                  67       1     0 0.9167
4019          100    1                  67      93     1 0.9167
4020           87    1                  67      98     1 0.9167
4021           10    0                  68      13     0 0.8021
4022           44    1                  68      60     1 0.8021
4023           96    0                  68      96     1 0.8021
4024           71    1                  68      64     1 0.8021
4025           72    0                  68      16     0 0.8021
4026           62    1                  68      55     1 0.8021
4027           34    1                  68      11     0 0.8021
4028            7    0                  68      27     1 0.8021
4029            1    0                  68       1     0 0.8021
4030            4    0                  68       1     0 0.8021
4031           26    1                  68      36     0 0.8021
4032           66    1                  68      61     1 0.8021
4033           92    1                  68      67     0 0.8021
4034            1    0                  68       1     1 0.8021
4035           21    1                  68      53     1 0.8021
4036           80    1                  68      42     0 0.8021
4037            7    1                  68       3     0 0.8021
4038           61    0                  68      44     1 0.8021
4039            2    1                  68      65     1 0.8021
4040           56    0                  68       2     1 0.8021
4041            1    1                  68       9     0 0.8021
4042           18    1                  68      14     0 0.8021
4043           63    0                  68       1     1 0.8021
4044           92    1                  68      73     1 0.8021
4045           78    1                  68      96     1 0.8021
4046           59    0                  68      61     1 0.8021
4047           44    1                  68      26     0 0.8021
4048           20    0                  68       1     1 0.8021
4049            1    0                  68       1     0 0.8021
4050            4    0                  68       6     0 0.8021
4051           55    0                  68       4     0 0.8021
4052           21    0                  68       2     0 0.8021
4053            1    0                  68       1     0 0.8021
4054           14    1                  68      33     0 0.8021
4055           14    0                  68       6     0 0.8021
4056           65    1                  68      91     0 0.8021
4057           22    0                  68       6     0 0.8021
4058            2    0                  68      32     0 0.8021
4059           62    1                  68      48     0 0.8021
4060           60    0                  68       9     0 0.8021
4061           69    1                  68      72     1 0.8021
4062           70    0                  68      13     1 0.8021
4063           63    0                  68      83     1 0.8021
4064            2    1                  68       1     0 0.8021
4065           77    0                  68      37     0 0.8021
4066           21    1                  68      31     0 0.8021
4067           79    1                  68      76     1 0.8021
4068            3    0                  68       1     0 0.8021
4069           18    1                  68       8     0 0.8021
4070           11    0                  68       2     1 0.8021
4071           84    1                  68      95     1 0.8021
4072           64    1                  68      51     1 0.8021
4073           58    1                  68      65     1 0.8021
4074           77    0                  68      62     1 0.8021
4075           37    0                  68      33     1 0.8021
4076           83    1                  68      81     1 0.8021
4077           87    0                  68      56     1 0.8021
4078           31    1                  68       7     0 0.8021
4079           77    0                  68      62     1 0.8021
4080           78    1                  68      23     1 0.8021
4081            1    0                  69       1     0 0.5000
4082           22    1                  69       1     1 0.5000
4083           74    1                  69       1     1 0.5000
4084           71    1                  69      70     1 0.5000
4085           45    0                  69     100     0 0.5000
4086           84    0                  69      77     1 0.5000
4087            1    0                  69       1     0 0.5000
4088           88    0                  69      89     1 0.5000
4089           91    1                  69      91     0 0.5000
4090            1    0                  69       1     0 0.5000
4091            1    0                  69      16     0 0.5000
4092          100    0                  69       1     1 0.5000
4093           91    1                  69      91     0 0.5000
4094           83    0                  69       3     1 0.5000
4095          100    1                  69     100     1 0.5000
4096            1    1                  69      11     0 0.5000
4097           85    0                  69      14     0 0.5000
4098           45    1                  69       1     1 0.5000
4099           91    0                  69      84     1 0.5000
4100           97    0                  69      60     1 0.5000
4101           81    1                  69      84     0 0.5000
4102           71    0                  69       3     0 0.5000
4103           88    1                  69      19     1 0.5000
4104           96    0                  69      63     1 0.5000
4105           59    0                  69       2     1 0.5000
4106          100    1                  69      68     1 0.5000
4107          100    1                  69     100     0 0.5000
4108          100    1                  69       1     1 0.5000
4109           58    1                  69      89     0 0.5000
4110            1    0                  69       1     0 0.5000
4111           89    1                  69      90     0 0.5000
4112            1    1                  69      86     0 0.5000
4113           17    1                  69       1     0 0.5000
4114            1    1                  69       1     0 0.5000
4115            1    1                  69       1     0 0.5000
4116            1    1                  69       1     0 0.5000
4117            1    0                  69     100     0 0.5000
4118            1    0                  69       1     0 0.5000
4119          100    1                  69      78     0 0.5000
4120            1    0                  69      88     0 0.5000
4121          100    0                  69      79     1 0.5000
4122           82    0                  69      63     1 0.5000
4123          100    0                  69      55     1 0.5000
4124          100    1                  69     100     0 0.5000
4125           65    1                  69      72     0 0.5000
4126            6    0                  69      41     0 0.5000
4127           99    0                  69     100     1 0.5000
4128            1    1                  69       1     0 0.5000
4129            1    1                  69       1     0 0.5000
4130           73    1                  69      96     1 0.5000
4131           87    0                  69       1     1 0.5000
4132          100    1                  69      59     1 0.5000
4133           48    0                  69       1     1 0.5000
4134          100    0                  69      15     1 0.5000
4135           78    0                  69       1     1 0.5000
4136          100    0                  69     100     1 0.5000
4137          100    0                  69      26     1 0.5000
4138           73    1                  69      91     0 0.5000
4139          100    1                  69     100     1 0.5000
4140           78    1                  69      84     1 0.5000
4141            1    0                  70       1     0 0.6813
4142           81    1                  70       7     1 0.6813
4143           87    0                  70      95     1 0.6813
4144           84    0                  70      71     1 0.6813
4145            3    1                  70      22     0 0.6813
4146           68    0                  70      58     1 0.6813
4147            1    0                  70      27     0 0.6813
4148           64    0                  70      32     1 0.6813
4149           73    1                  70       4     0 0.6813
4150           73    0                  70      14     0 0.6813
4151            3    1                  70      16     0 0.6813
4152           74    0                  70      18     1 0.6813
4153          100    0                  70       2     0 0.6813
4154           82    0                  70      22     1 0.6813
4155           69    1                  70      74     1 0.6813
4156           33    1                  70      68     0 0.6813
4157           21    0                  70      70     0 0.6813
4158           78    1                  70      37     1 0.6813
4159           95    1                  70      79     1 0.6813
4160           77    1                  70      70     1 0.6813
4161            1    0                  70      15     0 0.6813
4162           68    0                  70       1     0 0.6813
4163           71    1                  70      99     1 0.6813
4164          100    1                  70      62     1 0.6813
4165           77    1                  70      82     1 0.6813
4166           72    0                  70      65     1 0.6813
4167           35    1                  70      32     0 0.6813
4168           51    0                  70       3     1 0.6813
4169           17    0                  70       7     0 0.6813
4170           19    1                  70       1     0 0.6813
4171            1    0                  70       7     0 0.6813
4172           41    0                  70       1     0 0.6813
4173            1    0                  70       1     0 0.6813
4174           74    1                  70      34     0 0.6813
4175           27    0                  70       1     0 0.6813
4176           85    1                  70       1     0 0.6813
4177            1    1                  70       1     0 0.6813
4178            1    1                  70       1     0 0.6813
4179           70    0                  70      59     0 0.6813
4180           19    1                  70      19     0 0.6813
4181           81    0                  70      61     1 0.6813
4182           77    0                  70      66     1 0.6813
4183           90    1                  70      84     1 0.6813
4184           40    1                  70      26     0 0.6813
4185           94    1                  70      22     0 0.6813
4186           72    0                  70      81     0 0.6813
4187           71    1                  70      25     1 0.6813
4188           27    0                  70      24     0 0.6813
4189            2    0                  70       1     0 0.6813
4190           74    1                  70      85     1 0.6813
4191           93    1                  70      86     1 0.6813
4192           81    0                  70      70     1 0.6813
4193           83    1                  70      63     1 0.6813
4194           82    1                  70      15     1 0.6813
4195           83    0                  70      33     1 0.6813
4196           80    1                  70      86     1 0.6813
4197           93    0                  70      61     1 0.6813
4198            1    0                  70      69     0 0.6813
4199           89    1                  70      76     1 0.6813
4200           80    1                  70      74     1 0.6813
4201            1    0                  71       1     0 0.6118
4202           63    0                  71       1     1 0.6118
4203           84    0                  71      41     1 0.6118
4204           78    1                  71       1     1 0.6118
4205           42    1                  71       1     0 0.6118
4206           59    1                  71      20     1 0.6118
4207            1    0                  71       1     0 0.6118
4208           61    1                  71       1     1 0.6118
4209            1    1                  71       1     0 0.6118
4210            1    1                  71       1     0 0.6118
4211           60    0                  71       1     0 0.6118
4212           97    0                  71       1     1 0.6118
4213           40    1                  71       1     0 0.6118
4214           16    1                  71       1     1 0.6118
4215          100    1                  71       1     1 0.6118
4216           83    0                  71       1     0 0.6118
4217            1    0                  71       1     0 0.6118
4218           85    0                  71       1     1 0.6118
4219           85    0                  71       1     1 0.6118
4220           97    0                  71      20     1 0.6118
4221            1    0                  71       1     0 0.6118
4222           39    0                  71       1     0 0.6118
4223           62    1                  71      19     1 0.6118
4224           58    1                  71       1     1 0.6118
4225          100    0                  71      18     1 0.6118
4226           63    1                  71       1     1 0.6118
4227          100    1                  71       1     0 0.6118
4228           99    1                  71       1     1 0.6118
4229           21    0                  71       1     0 0.6118
4230            1    0                  71       1     0 0.6118
4231            1    0                  71       1     0 0.6118
4232           63    1                  71       1     0 0.6118
4233            1    0                  71       1     0 0.6118
4234           19    1                  71       1     0 0.6118
4235            1    0                  71       1     0 0.6118
4236           83    0                  71       1     0 0.6118
4237           27    1                  71       1     0 0.6118
4238           41    1                  71       1     0 0.6118
4239           18    1                  71       1     0 0.6118
4240            1    1                  71       1     0 0.6118
4241          100    0                  71      19     1 0.6118
4242          100    0                  71       1     1 0.6118
4243          100    1                  71       1     1 0.6118
4244            1    0                  71       1     0 0.6118
4245           81    1                  71       1     0 0.6118
4246           21    0                  71       1     0 0.6118
4247          100    0                  71       1     1 0.6118
4248            1    1                  71       1     0 0.6118
4249            2    1                  71       1     0 0.6118
4250           59    1                  71      21     1 0.6118
4251          100    1                  71      22     1 0.6118
4252           20    1                  71       1     1 0.6118
4253           60    0                  71       1     1 0.6118
4254          100    0                  71      16     1 0.6118
4255           62    1                  71       1     1 0.6118
4256          100    0                  71      22     1 0.6118
4257           83    0                  71       1     1 0.6118
4258           40    0                  71       1     0 0.6118
4259           81    1                  71       1     1 0.6118
4260           84    1                  71       1     1 0.6118
4261           14    1                  72       4     0 0.6465
4262           60    0                  72       6     1 0.6465
4263           71    1                  72      68     1 0.6465
4264           63    1                  72      63     1 0.6465
4265            9    1                  72      10     0 0.6465
4266           78    1                  72      64     1 0.6465
4267           19    0                  72       4     0 0.6465
4268           32    0                  72       8     1 0.6465
4269           54    0                  72      90     0 0.6465
4270           33    0                  72      62     0 0.6465
4271            7    0                  72       2     0 0.6465
4272           35    0                  72      65     1 0.6465
4273           60    1                  72      19     0 0.6465
4274           60    0                  72      22     1 0.6465
4275           63    1                  72      71     1 0.6465
4276           62    1                  72      85     0 0.6465
4277           19    1                  72       5     0 0.6465
4278           10    1                  72      21     1 0.6465
4279           73    1                  72      10     1 0.6465
4280           80    1                  72      93     1 0.6465
4281           22    0                  72      78     0 0.6465
4282           81    1                  72      62     0 0.6465
4283           83    0                  72      90     1 0.6465
4284           87    1                  72      84     1 0.6465
4285           63    0                  72      93     1 0.6465
4286           19    0                  72       6     1 0.6465
4287           38    1                  72       3     0 0.6465
4288           75    0                  72      95     1 0.6465
4289           13    1                  72       4     0 0.6465
4290           15    1                  72       5     0 0.6465
4291            4    1                  72       5     0 0.6465
4292           22    0                  72       5     0 0.6465
4293            8    0                  72       3     0 0.6465
4294            4    0                  72       4     0 0.6465
4295           44    1                  72      13     0 0.6465
4296           70    1                  72      85     0 0.6465
4297           56    1                  72      30     0 0.6465
4298            8    1                  72       4     0 0.6465
4299           43    1                  72       6     0 0.6465
4300           54    0                  72      62     0 0.6465
4301           71    0                  72      71     1 0.6465
4302           75    1                  72      84     1 0.6465
4303           63    0                  72      87     1 0.6465
4304           41    0                  72       6     0 0.6465
4305           66    0                  72      80     0 0.6465
4306           41    1                  72      14     0 0.6465
4307           82    1                  72      76     1 0.6465
4308            6    1                  72       6     0 0.6465
4309            4    1                  72       3     0 0.6465
4310           65    0                  72      83     1 0.6465
4311           82    1                  72      82     1 0.6465
4312           53    0                  72      61     1 0.6465
4313           60    0                  72      11     1 0.6465
4314           71    0                  72      61     1 0.6465
4315           59    0                  72       7     1 0.6465
4316           78    0                  72      86     1 0.6465
4317           96    0                  72      96     1 0.6465
4318            8    1                  72       4     0 0.6465
4319           74    0                  72      91     1 0.6465
4320           65    0                  72      89     1 0.6465
4321           39    0                  73      23     0 0.7035
4322           82    1                  73      82     1 0.7035
4323           76    1                  73      63     1 0.7035
4324           94    0                  73      96     1 0.7035
4325           79    0                  73      85     0 0.7035
4326           81    0                  73      36     1 0.7035
4327           83    1                  73      66     0 0.7035
4328           93    1                  73      63     1 0.7035
4329            7    1                  73      35     0 0.7035
4330           75    0                  73      83     0 0.7035
4331           22    0                  73      62     0 0.7035
4332           79    1                  73      66     1 0.7035
4333           25    0                  73      40     0 0.7035
4334           40    0                  73      23     1 0.7035
4335           80    1                  73      86     1 0.7035
4336           94    0                  73      96     0 0.7035
4337           25    0                  73      42     0 0.7035
4338           64    0                  73      66     1 0.7035
4339           91    1                  73      63     1 0.7035
4340           77    1                  73      86     1 0.7035
4341           93    0                  73      97     0 0.7035
4342           65    1                  73      24     0 0.7035
4343           62    1                  73      80     1 0.7035
4344           96    1                  73      98     1 0.7035
4345           87    1                  73      93     1 0.7035
4346           93    1                  73      96     1 0.7035
4347           38    0                  73       2     0 0.7035
4348           65    1                  73     100     1 0.7035
4349           59    1                  73      39     0 0.7035
4350           64    0                  73      42     0 0.7035
4351            5    0                  73       1     0 0.7035
4352           24    1                  73      69     0 0.7035
4353           76    0                  73      28     0 0.7035
4354           22    0                  73      65     0 0.7035
4355           37    0                  73      32     0 0.7035
4356           96    1                  73      79     0 0.7035
4357           40    1                  73      68     0 0.7035
4358           40    1                  73      61     0 0.7035
4359           80    0                  73      79     0 0.7035
4360           67    0                  73      41     0 0.7035
4361           92    1                  73      93     1 0.7035
4362           99    1                  73      79     1 0.7035
4363            3    1                  73      38     1 0.7035
4364           66    0                  73      39     0 0.7035
4365           95    0                  73      76     0 0.7035
4366           19    0                  73      71     0 0.7035
4367           83    0                  73      79     1 0.7035
4368          100    0                  73      80     0 0.7035
4369           40    1                  73      23     0 0.7035
4370           86    1                  73      83     1 0.7035
4371           96    0                  73      93     1 0.7035
4372           89    1                  73      97     1 0.7035
4373           63    1                  73      36     1 0.7035
4374           94    1                  73      66     1 0.7035
4375           64    0                  73      81     1 0.7035
4376           96    0                  73      65     1 0.7035
4377           91    0                  73      93     1 0.7035
4378           20    0                  73      36     0 0.7035
4379          100    1                  73      62     1 0.7035
4380           95    1                  73      99     1 0.7035
4381           90    0                  74      96     0 0.6778
4382           71    0                  74      45     1 0.6778
4383           88    1                  74      69     1 0.6778
4384           75    0                  74      71     1 0.6778
4385           54    1                  74      31     0 0.6778
4386           89    1                  74      91     1 0.6778
4387           60    1                  74      27     0 0.6778
4388           74    1                  74      66     1 0.6778
4389           84    0                  74      54     0 0.6778
4390           64    0                  74      26     0 0.6778
4391           39    1                  74      12     0 0.6778
4392           79    1                  74      66     1 0.6778
4393           30    0                  74       1     0 0.6778
4394           94    0                  74      62     1 0.6778
4395           81    1                  74      93     1 0.6778
4396           89    0                  74      87     0 0.6778
4397           76    1                  74      75     0 0.6778
4398           83    0                  74      67     1 0.6778
4399           70    0                  74      78     1 0.6778
4400           94    1                  74      84     1 0.6778
4401           48    0                  74      25     0 0.6778
4402           72    1                  74      57     0 0.6778
4403           87    1                  74      73     1 0.6778
4404           88    0                  74      85     1 0.6778
4405           88    0                  74      89     1 0.6778
4406           90    0                  74      92     1 0.6778
4407           55    0                  74      73     0 0.6778
4408           83    1                  74      96     1 0.6778
4409           61    1                  74      44     0 0.6778
4410           58    0                  74      26     0 0.6778
4411           92    1                  74      84     0 0.6778
4412           63    1                  74      66     0 0.6778
4413           94    1                  74      91     0 0.6778
4414           62    1                  74      64     0 0.6778
4415           58    1                  74      74     0 0.6778
4416           87    0                  74      56     0 0.6778
4417           67    0                  74      54     0 0.6778
4418           90    1                  74      79     0 0.6778
4419           74    0                  74      52     0 0.6778
4420           80    0                  74      83     0 0.6778
4421           82    1                  74      76     1 0.6778
4422           88    0                  74      88     1 0.6778
4423           74    1                  74      80     1 0.6778
4424           86    1                  74      90     0 0.6778
4425           86    0                  74      57     0 0.6778
4426           85    1                  74      16     0 0.6778
4427           92    1                  74      76     1 0.6778
4428           76    1                  74      82     0 0.6778
4429           61    1                  74       9     0 0.6778
4430           94    0                  74      92     1 0.6778
4431           70    0                  74      82     1 0.6778
4432           79    0                  74      90     1 0.6778
4433           72    0                  74      41     1 0.6778
4434           98    0                  74      82     1 0.6778
4435           87    0                  74      76     1 0.6778
4436           94    0                  74      98     1 0.6778
4437           94    1                  74      54     1 0.6778
4438           77    1                  74      95     0 0.6778
4439           76    1                  74      77     1 0.6778
4440           81    0                  74      56     1 0.6778
4441            2    0                  75       1     0 0.4354
4442           61    1                  75      58     1 0.4354
4443          100    1                  75     100     1 0.4354
4444           58    1                  75      58     1 0.4354
4445           24    1                  75      25     0 0.4354
4446           80    1                  75      87     1 0.4354
4447            8    1                  75      41     0 0.4354
4448           30    0                  75      57     1 0.4354
4449           35    1                  75       7     0 0.4354
4450            1    0                  75       1     0 0.4354
4451           12    1                  75       1     0 0.4354
4452           59    1                  75      57     1 0.4354
4453           77    1                  75      49     0 0.4354
4454           76    1                  75      54     1 0.4354
4455           85    0                  75      44     1 0.4354
4456           44    1                  75      36     0 0.4354
4457            1    0                  75       9     0 0.4354
4458           22    0                  75       1     1 0.4354
4459           47    1                  75      20     1 0.4354
4460          100    0                  75      68     1 0.4354
4461           41    1                  75      16     0 0.4354
4462           63    1                  75      56     0 0.4354
4463           89    0                  75      87     1 0.4354
4464           74    1                  75      56     1 0.4354
4465           28    0                  75      14     1 0.4354
4466           86    0                  75      65     1 0.4354
4467           99    0                  75      81     0 0.4354
4468          100    0                  75      82     1 0.4354
4469           54    0                  75      20     0 0.4354
4470           11    1                  75       1     0 0.4354
4471           40    1                  75      20     0 0.4354
4472           54    1                  75      44     0 0.4354
4473            1    0                  75       1     0 0.4354
4474           15    0                  75      24     0 0.4354
4475            1    0                  75       1     0 0.4354
4476           46    1                  75      22     0 0.4354
4477           78    1                  75      68     0 0.4354
4478            1    0                  75       7     0 0.4354
4479           64    0                  75      70     0 0.4354
4480            8    0                  75      25     0 0.4354
4481           76    1                  75      55     1 0.4354
4482           79    0                  75      30     1 0.4354
4483           53    0                  75      51     1 0.4354
4484           69    1                  75      60     0 0.4354
4485           36    0                  75      52     0 0.4354
4486           77    1                  75      62     0 0.4354
4487          100    0                  75      52     1 0.4354
4488            1    1                  75       1     0 0.4354
4489           17    0                  75      16     0 0.4354
4490           80    0                  75      65     1 0.4354
4491           55    1                  75       4     1 0.4354
4492           62    1                  75      58     1 0.4354
4493           16    0                  75       1     1 0.4354
4494          100    0                  75      54     1 0.4354
4495           29    0                  75      21     1 0.4354
4496           81    1                  75      28     1 0.4354
4497          100    0                  75     100     1 0.4354
4498           20    1                  75       4     0 0.4354
4499           70    0                  75      67     1 0.4354
4500           55    1                  75       5     1 0.4354
4501           59    1                  76      22     0 0.7597
4502           51    0                  76      41     1 0.7597
4503           55    1                  76      41     1 0.7597
4504           79    0                  76      80     1 0.7597
4505           41    0                  76      33     0 0.7597
4506           68    0                  76      61     1 0.7597
4507           71    0                  76      68     0 0.7597
4508           21    0                  76      60     1 0.7597
4509           61    0                  76      46     0 0.7597
4510           53    0                  76      42     0 0.7597
4511            1    1                  76      21     0 0.7597
4512           68    0                  76      68     1 0.7597
4513           23    1                  76      22     0 0.7597
4514           43    0                  76      42     1 0.7597
4515           55    1                  76      59     1 0.7597
4516           78    1                  76      68     0 0.7597
4517           20    0                  76      31     0 0.7597
4518           53    1                  76      71     1 0.7597
4519           60    0                  76      71     1 0.7597
4520           79    1                  76      77     1 0.7597
4521           59    0                  76      40     0 0.7597
4522            6    0                  76      21     0 0.7597
4523           72    1                  76      74     1 0.7597
4524           79    0                  76      41     1 0.7597
4525           80    1                  76      78     1 0.7597
4526           68    0                  76      71     1 0.7597
4527           70    1                  76      74     0 0.7597
4528           85    0                  76      79     1 0.7597
4529           77    0                  76      78     0 0.7597
4530           28    0                  76      39     0 0.7597
4531           19    0                  76      21     0 0.7597
4532           77    0                  76      65     0 0.7597
4533            1    0                  76      12     0 0.7597
4534           68    0                  76      63     0 0.7597
4535           20    1                  76      23     0 0.7597
4536           82    1                  76      80     0 0.7597
4537           40    1                  76      63     0 0.7597
4538           14    1                  76      10     0 0.7597
4539           59    0                  76      41     0 0.7597
4540            1    1                  76      11     0 0.7597
4541           77    1                  76      60     1 0.7597
4542           96    1                  76      81     1 0.7597
4543           55    0                  76      41     1 0.7597
4544           32    1                  76      41     0 0.7597
4545           80    0                  76      77     0 0.7597
4546           48    1                  76      41     0 0.7597
4547           82    1                  76      81     1 0.7597
4548           42    1                  76      42     0 0.7597
4549           41    1                  76      41     0 0.7597
4550           61    0                  76      60     1 0.7597
4551           62    1                  76      71     1 0.7597
4552           60    1                  76      60     1 0.7597
4553           38    1                  76      40     1 0.7597
4554           65    0                  76      64     1 0.7597
4555           43    1                  76      60     1 0.7597
4556           69    1                  76      72     1 0.7597
4557           79    1                  76      80     1 0.7597
4558           42    1                  76      21     0 0.7597
4559           80    0                  76      51     1 0.7597
4560           61    0                  76      58     1 0.7597
4561            1    1                  77       1     0 0.6656
4562           79    0                  77      72     1 0.6656
4563           40    0                  77      21     1 0.6656
4564           94    1                  77      74     1 0.6656
4565            1    1                  77       1     0 0.6656
4566           41    0                  77      31     1 0.6656
4567           13    1                  77      41     0 0.6656
4568           53    0                  77      32     1 0.6656
4569            1    1                  77       1     0 0.6656
4570            6    0                  77       1     0 0.6656
4571            1    0                  77       1     0 0.6656
4572          100    1                  77      98     1 0.6656
4573           41    1                  77       1     0 0.6656
4574          100    0                  77      81     1 0.6656
4575           52    1                  77      42     1 0.6656
4576            7    0                  77       7     0 0.6656
4577            1    0                  77       1     0 0.6656
4578           83    1                  77      63     1 0.6656
4579           94    1                  77      87     1 0.6656
4580           83    0                  77      79     1 0.6656
4581            1    1                  77       1     0 0.6656
4582          100    0                  77      99     0 0.6656
4583           42    1                  77      22     1 0.6656
4584           91    1                  77      71     1 0.6656
4585           86    1                  77      92     1 0.6656
4586          100    0                  77      99     1 0.6656
4587           14    1                  77       8     0 0.6656
4588           40    0                  77      15     1 0.6656
4589            1    1                  77       1     0 0.6656
4590            1    0                  77       1     0 0.6656
4591            1    0                  77       1     0 0.6656
4592            1    1                  77       1     0 0.6656
4593           53    1                  77      32     0 0.6656
4594           21    1                  77      42     0 0.6656
4595            1    0                  77       1     0 0.6656
4596           41    1                  77      27     0 0.6656
4597           63    0                  77      81     0 0.6656
4598            5    1                  77       1     0 0.6656
4599           22    1                  77      32     0 0.6656
4600            4    0                  77       8     0 0.6656
4601           97    0                  77      99     1 0.6656
4602          100    1                  77      96     1 0.6656
4603          100    0                  77     100     1 0.6656
4604           22    0                  77       1     0 0.6656
4605           95    0                  77      82     0 0.6656
4606           81    0                  77      61     0 0.6656
4607           92    0                  77      40     1 0.6656
4608            3    0                  77       4     0 0.6656
4609            6    0                  77       1     0 0.6656
4610           80    0                  77      61     1 0.6656
4611           91    0                  77      81     1 0.6656
4612           49    0                  77       6     1 0.6656
4613           91    0                  77      40     1 0.6656
4614          100    1                  77     100     1 0.6656
4615           76    1                  77      81     1 0.6656
4616           80    1                  77      62     1 0.6656
4617          100    1                  77      61     1 0.6656
4618            5    1                  77       9     0 0.6656
4619           62    1                  77      41     1 0.6656
4620           74    1                  77      42     1 0.6656
4621            1    1                  78       4     0 0.7542
4622           71    1                  78       2     1 0.7542
4623           59    0                  78      25     1 0.7542
4624          100    1                  78      43     1 0.7542
4625           69    0                  78      22     0 0.7542
4626           77    0                  78      52     1 0.7542
4627           23    1                  78      41     0 0.7542
4628           78    0                  78      41     1 0.7542
4629           54    1                  78      22     0 0.7542
4630           11    1                  78       4     0 0.7542
4631            1    0                  78       6     0 0.7542
4632           95    1                  78      27     1 0.7542
4633           22    0                  78      30     0 0.7542
4634           98    0                  78      14     1 0.7542
4635          100    1                  78      56     1 0.7542
4636           64    1                  78       4     0 0.7542
4637           69    0                  78       5     0 0.7542
4638           62    1                  78      25     1 0.7542
4639           92    1                  78      48     1 0.7542
4640           92    0                  78      48     1 0.7542
4641           90    0                  78      34     0 0.7542
4642           64    1                  78      31     0 0.7542
4643           75    1                  78      18     1 0.7542
4644           91    1                  78      27     1 0.7542
4645           71    0                  78      52     1 0.7542
4646           60    1                  78      14     1 0.7542
4647           72    0                  78      15     0 0.7542
4648           88    0                  78      28     1 0.7542
4649           12    1                  78       6     0 0.7542
4650            1    1                  78       7     0 0.7542
4651           89    0                  78       3     0 0.7542
4652           24    1                  78      16     0 0.7542
4653           12    1                  78      17     0 0.7542
4654           10    0                  78      18     0 0.7542
4655           10    1                  78      24     0 0.7542
4656           54    0                  78      35     0 0.7542
4657           63    1                  78      32     0 0.7542
4658           18    0                  78      29     0 0.7542
4659           90    0                  78      37     0 0.7542
4660           64    1                  78      60     0 0.7542
4661           79    1                  78      41     1 0.7542
4662           89    1                  78      33     1 0.7542
4663           89    1                  78      26     1 0.7542
4664           31    1                  78      35     0 0.7542
4665          100    1                  78      39     0 0.7542
4666           60    0                  78      30     0 0.7542
4667          100    0                  78      24     1 0.7542
4668           60    0                  78      45     0 0.7542
4669           10    0                  78       5     0 0.7542
4670           72    1                  78      66     1 0.7542
4671           84    0                  78      36     1 0.7542
4672           56    0                  78      41     1 0.7542
4673           76    1                  78      16     1 0.7542
4674          100    0                  78      41     1 0.7542
4675           75    0                  78      26     1 0.7542
4676          100    1                  78      33     1 0.7542
4677          100    0                  78      33     1 0.7542
4678           56    0                  78      54     0 0.7542
4679          100    0                  78      37     1 0.7542
4680           64    0                  78      28     1 0.7542
4681            1    1                  79      37     0 0.5042
4682           93    0                  79      58     1 0.5042
4683           57    0                  79       6     1 0.5042
4684           84    0                  79      78     1 0.5042
4685           32    0                  79      14     0 0.5042
4686           87    1                  79      63     1 0.5042
4687           15    1                  79       6     0 0.5042
4688           61    1                  79      37     1 0.5042
4689            1    0                  79       6     0 0.5042
4690           17    1                  79       1     0 0.5042
4691            3    0                  79       1     0 0.5042
4692           84    0                  79       1     1 0.5042
4693           40    0                  79      62     0 0.5042
4694           73    1                  79      69     1 0.5042
4695           42    0                  79      15     1 0.5042
4696           56    1                  79      16     0 0.5042
4697            9    0                  79       5     0 0.5042
4698           29    0                  79      69     1 0.5042
4699           83    0                  79      71     1 0.5042
4700           60    0                  79      17     1 0.5042
4701           90    1                  79       6     0 0.5042
4702          100    0                  79      35     0 0.5042
4703           59    0                  79      10     1 0.5042
4704           85    0                  79      68     1 0.5042
4705           96    0                  79      83     1 0.5042
4706           96    1                  79      13     1 0.5042
4707           75    1                  79       8     0 0.5042
4708           99    1                  79      33     1 0.5042
4709           75    1                  79       1     0 0.5042
4710           74    1                  79       5     0 0.5042
4711            2    1                  79       5     0 0.5042
4712           95    0                  79      36     0 0.5042
4713            4    0                  79       9     0 0.5042
4714            9    0                  79       8     0 0.5042
4715            6    1                  79       8     0 0.5042
4716           84    0                  79      21     0 0.5042
4717           40    1                  79       6     0 0.5042
4718            5    1                  79       5     0 0.5042
4719           96    1                  79       6     0 0.5042
4720           12    0                  79      18     0 0.5042
4721           75    0                  79      33     1 0.5042
4722           85    1                  79      58     1 0.5042
4723           90    1                  79      34     1 0.5042
4724           62    0                  79      24     0 0.5042
4725           97    1                  79      16     0 0.5042
4726           34    0                  79       1     0 0.5042
4727           74    0                  79      65     1 0.5042
4728           68    0                  79      69     0 0.5042
4729            1    1                  79      66     0 0.5042
4730           82    1                  79      59     1 0.5042
4731           88    1                  79      55     1 0.5042
4732           66    1                  79      67     1 0.5042
4733           79    1                  79      73     1 0.5042
4734           83    0                  79      23     1 0.5042
4735           62    1                  79      28     1 0.5042
4736           87    1                  79      39     1 0.5042
4737           83    1                  79      13     1 0.5042
4738            3    1                  79      35     0 0.5042
4739           71    0                  79      58     1 0.5042
4740           93    0                  79      43     1 0.5042
4741           35    1                  80       3     0 0.6083
4742           82    0                  80       2     1 0.6083
4743           56    1                  80       2     1 0.6083
4744           55    1                  80       3     1 0.6083
4745           35    1                  80       1     0 0.6083
4746           41    0                  80       1     1 0.6083
4747           48    0                  80       2     0 0.6083
4748           57    1                  80       1     1 0.6083
4749           16    0                  80       2     0 0.6083
4750           12    0                  80       1     0 0.6083
4751           40    0                  80       1     0 0.6083
4752           65    0                  80       1     1 0.6083
4753           77    0                  80       1     0 0.6083
4754           62    1                  80       2     1 0.6083
4755           82    1                  80       2     1 0.6083
4756           63    1                  80       2     0 0.6083
4757           37    1                  80       2     0 0.6083
4758           42    0                  80       1     1 0.6083
4759           59    0                  80       2     1 0.6083
4760           95    1                  80       1     1 0.6083
4761           34    0                  80       1     0 0.6083
4762           42    0                  80       1     0 0.6083
4763           62    1                  80       1     1 0.6083
4764           91    0                  80       2     1 0.6083
4765           75    1                  80      19     1 0.6083
4766           72    1                  80       4     1 0.6083
4767           63    1                  80       2     0 0.6083
4768           95    0                  80      17     1 0.6083
4769           55    1                  80       3     0 0.6083
4770           40    1                  80       1     0 0.6083
4771           32    1                  80       4     0 0.6083
4772           32    1                  80      18     0 0.6083
4773           42    1                  80       1     0 0.6083
4774           44    0                  80       1     0 0.6083
4775           45    0                  80       2     0 0.6083
4776           33    0                  80       1     0 0.6083
4777           34    1                  80       1     0 0.6083
4778           23    0                  80       1     0 0.6083
4779           60    1                  80       1     0 0.6083
4780            4    1                  80       1     0 0.6083
4781           58    0                  80       1     1 0.6083
4782           87    0                  80       4     1 0.6083
4783           55    0                  80       3     1 0.6083
4784           65    1                  80       1     0 0.6083
4785           64    0                  80      14     0 0.6083
4786           41    0                  80       4     0 0.6083
4787           69    1                  80       2     1 0.6083
4788           60    0                  80       1     0 0.6083
4789           19    1                  80       2     0 0.6083
4790           48    0                  80       1     1 0.6083
4791           65    0                  80       2     1 0.6083
4792           60    0                  80       5     1 0.6083
4793           21    1                  80      14     1 0.6083
4794           89    1                  80       2     1 0.6083
4795           84    1                  80       2     1 0.6083
4796           91    0                  80       2     1 0.6083
4797           94    0                  80       3     1 0.6083
4798           53    1                  80       3     0 0.6083
4799           84    0                  80      18     1 0.6083
4800           67    1                  80       1     1 0.6083
4801            5    1                  81      62     0 0.7500
4802           64    0                  81      24     1 0.7500
4803           77    1                  81      39     1 0.7500
4804           84    1                  81      66     1 0.7500
4805            5    1                  81      55     0 0.7500
4806           56    0                  81      63     1 0.7500
4807            7    1                  81       6     0 0.7500
4808           23    0                  81      62     1 0.7500
4809           46    1                  81      58     0 0.7500
4810            1    1                  81      28     0 0.7500
4811            1    0                  81      17     0 0.7500
4812           73    0                  81      65     1 0.7500
4813           71    0                  81      47     0 0.7500
4814           65    0                  81      55     1 0.7500
4815           94    1                  81      54     1 0.7500
4816           75    0                  81      62     0 0.7500
4817            1    0                  81      21     0 0.7500
4818           28    0                  81      65     1 0.7500
4819           99    0                  81      63     1 0.7500
4820           70    1                  81      62     1 0.7500
4821           71    1                  81      60     0 0.7500
4822           70    1                  81      80     0 0.7500
4823           63    0                  81      71     1 0.7500
4824           73    0                  81      63     1 0.7500
4825           77    1                  81      63     1 0.7500
4826            1    0                  81      20     1 0.7500
4827           67    0                  81      69     0 0.7500
4828           83    0                  81      17     1 0.7500
4829            1    0                  81       7     0 0.7500
4830           58    1                  81       7     0 0.7500
4831            4    1                  81      16     0 0.7500
4832           24    1                  81      21     0 0.7500
4833            1    0                  81      14     0 0.7500
4834            7    0                  81      23     0 0.7500
4835            1    0                  81      12     0 0.7500
4836           69    1                  81      34     0 0.7500
4837            1    1                  81      67     0 0.7500
4838            3    0                  81       6     0 0.7500
4839            1    0                  81       1     0 0.7500
4840           78    0                  81      59     0 0.7500
4841           90    1                  81      85     1 0.7500
4842           77    0                  81      71     1 0.7500
4843           91    1                  81      77     1 0.7500
4844           39    1                  81      25     0 0.7500
4845           81    0                  81      41     0 0.7500
4846            7    1                  81      22     0 0.7500
4847          100    0                  81      71     1 0.7500
4848           12    1                  81      58     0 0.7500
4849           66    0                  81      62     0 0.7500
4850           38    1                  81      69     1 0.7500
4851           92    1                  81      83     1 0.7500
4852           71    1                  81      63     1 0.7500
4853           68    1                  81      78     1 0.7500
4854           97    0                  81      65     1 0.7500
4855           76    0                  81      46     1 0.7500
4856           81    0                  81      67     1 0.7500
4857           86    1                  81      77     1 0.7500
4858           20    1                  81      35     0 0.7500
4859           57    1                  81      63     1 0.7500
4860           39    1                  81      60     1 0.7500
4861           15    1                  82      60     0 0.5872
4862           62    0                  82      39     1 0.5872
4863           87    1                  82      80     1 0.5872
4864           94    1                  82      80     1 0.5872
4865           33    1                  82      61     0 0.5872
4866           90    0                  82      81     1 0.5872
4867           85    1                  82      81     0 0.5872
4868           85    1                  82      62     1 0.5872
4869           83    1                  82      82     0 0.5872
4870           80    1                  82      21     0 0.5872
4871           27    0                  82      21     0 0.5872
4872           94    0                  82      76     1 0.5872
4873           21    0                  82       1     0 0.5872
4874           47    0                  82      19     1 0.5872
4875          100    1                  82      76     1 0.5872
4876           96    1                  82      80     0 0.5872
4877           90    1                  82      80     0 0.5872
4878           82    0                  82      68     1 0.5872
4879           98    1                  82      98     1 0.5872
4880           86    0                  82      71     1 0.5872
4881            4    0                  82      21     0 0.5872
4882           90    1                  82      74     0 0.5872
4883           82    1                  82      73     1 0.5872
4884           99    0                  82      98     1 0.5872
4885           98    0                  82     100     1 0.5872
4886           88    0                  82      76     1 0.5872
4887           96    1                  82      62     0 0.5872
4888           90    0                  82      78     1 0.5872
4889           34    0                  82      22     0 0.5872
4890           95    1                  82      74     0 0.5872
4891           15    1                  82       4     0 0.5872
4892           75    1                  82      79     0 0.5872
4893           66    0                  82       3     0 0.5872
4894           84    1                  82      40     0 0.5872
4895           25    0                  82      20     0 0.5872
4896          100    1                  82      95     0 0.5872
4897           82    1                  82      62     0 0.5872
4898            1    0                  82       4     0 0.5872
4899           75    1                  82      79     0 0.5872
4900           85    0                  82      60     0 0.5872
4901           86    1                  82      77     1 0.5872
4902           84    0                  82      79     1 0.5872
4903           86    1                  82      61     1 0.5872
4904           69    1                  82      73     0 0.5872
4905           83    0                  82      41     0 0.5872
4906           55    0                  82      40     0 0.5872
4907           87    0                  82      79     1 0.5872
4908           62    0                  82      63     0 0.5872
4909           89    1                  82      39     0 0.5872
4910           93    0                  82      78     1 0.5872
4911           94    0                  82      80     1 0.5872
4912           60    0                  82      65     1 0.5872
4913           80    0                  82      65     1 0.5872
4914           78    1                  82      79     1 0.5872
4915           61    1                  82      63     1 0.5872
4916           95    1                  82      60     1 0.5872
4917           53    0                  82      31     1 0.5872
4918           47    0                  82      45     0 0.5872
4919           86    0                  82      81     1 0.5872
4920           92    1                  82      60     1 0.5872
4921            3    0                  83       7     0 0.4625
4922           64    1                  83      40     1 0.4625
4923           82    0                  83      42     1 0.4625
4924           89    0                  83      62     1 0.4625
4925            1    1                  83      14     0 0.4625
4926           68    1                  83      64     1 0.4625
4927           31    0                  83      38     0 0.4625
4928           65    1                  83       9     1 0.4625
4929            1    0                  83       2     0 0.4625
4930           70    0                  83       2     0 0.4625
4931           76    0                  83      71     0 0.4625
4932           40    1                  83      35     1 0.4625
4933           39    1                  83       3     0 0.4625
4934           21    1                  83       3     1 0.4625
4935           94    0                  83       2     1 0.4625
4936           87    1                  83      63     0 0.4625
4937           34    1                  83      39     0 0.4625
4938           92    0                  83      75     1 0.4625
4939          100    0                  83      68     1 0.4625
4940           80    0                  83      80     1 0.4625
4941           17    1                  83       1     0 0.4625
4942           99    1                  83      80     0 0.4625
4943           93    0                  83      32     1 0.4625
4944           93    0                  83      62     1 0.4625
4945           91    1                  83      62     1 0.4625
4946           86    0                  83      74     1 0.4625
4947           86    0                  83      40     0 0.4625
4948          100    1                  83      84     1 0.4625
4949           11    1                  83       7     0 0.4625
4950            3    1                  83       3     0 0.4625
4951            1    0                  83       1     0 0.4625
4952            2    1                  83       3     0 0.4625
4953           19    1                  83      22     0 0.4625
4954           19    1                  83       7     0 0.4625
4955           16    1                  83       3     0 0.4625
4956           97    1                  83      63     0 0.4625
4957           57    1                  83       3     0 0.4625
4958           36    1                  83      10     0 0.4625
4959           69    0                  83      41     0 0.4625
4960            4    0                  83      22     0 0.4625
4961           99    0                  83      79     1 0.4625
4962           86    0                  83      41     1 0.4625
4963           71    0                  83      39     1 0.4625
4964           24    0                  83      60     0 0.4625
4965           77    1                  83      65     0 0.4625
4966           40    0                  83       5     0 0.4625
4967          100    1                  83      88     1 0.4625
4968           86    1                  83      10     0 0.4625
4969            1    0                  83       6     0 0.4625
4970           43    0                  83      41     1 0.4625
4971           99    1                  83      78     1 0.4625
4972           93    0                  83      57     1 0.4625
4973           16    0                  83      16     1 0.4625
4974          100    1                  83      86     1 0.4625
4975           69    0                  83      23     1 0.4625
4976           82    0                  83      21     1 0.4625
4977           99    1                  83      82     1 0.4625
4978           22    0                  83       5     0 0.4625
4979           96    1                  83      81     1 0.4625
4980           75    1                  83      70     1 0.4625
4981            1    0                  84       1     0 0.7660
4982           61    1                  84      11     1 0.7660
4983           40    0                  84      23     1 0.7660
4984          100    0                  84     100     1 0.7660
4985           58    1                  84      21     0 0.7660
4986           81    1                  84     100     1 0.7660
4987           90    1                  84       1     0 0.7660
4988           78    1                  84      66     1 0.7660
4989            1    0                  84       2     0 0.7660
4990            4    1                  84       2     0 0.7660
4991            1    1                  84       1     0 0.7660
4992          100    0                  84     100     1 0.7660
4993           67    1                  84       1     0 0.7660
4994          100    1                  84      86     1 0.7660
4995           55    0                  84       1     1 0.7660
4996           61    0                  84      22     0 0.7660
4997           21    0                  84       1     0 0.7660
4998           79    0                  84      71     1 0.7660
4999           99    1                  84     100     1 0.7660
5000           99    1                  84      98     1 0.7660
5001           18    1                  84       1     0 0.7660
5002            1    0                  84       3     0 0.7660
5003           66    0                  84     100     1 0.7660
5004           99    0                  84       5     1 0.7660
5005           61    0                  84     100     1 0.7660
5006          100    0                  84     100     1 0.7660
5007           32    1                  84      13     0 0.7660
5008           80    0                  84      11     1 0.7660
5009           59    1                  84       3     0 0.7660
5010           81    1                  84      72     0 0.7660
5011           18    1                  84       1     0 0.7660
5012           18    0                  84      18     0 0.7660
5013           63    0                  84      68     0 0.7660
5014           63    1                  84       1     0 0.7660
5015            2    0                  84       1     0 0.7660
5016           64    0                  84      90     0 0.7660
5017            1    1                  84       1     0 0.7660
5018            1    1                  84       1     0 0.7660
5019           98    0                  84     100     0 0.7660
5020            2    0                  84       2     0 0.7660
5021          100    0                  84      99     1 0.7660
5022           98    1                  84     100     1 0.7660
5023           75    0                  84      86     1 0.7660
5024           33    1                  84      70     0 0.7660
5025           99    1                  84     100     0 0.7660
5026           82    0                  84      88     0 0.7660
5027          100    1                  84     100     1 0.7660
5028            4    1                  84       1     0 0.7660
5029            1    1                  84       1     0 0.7660
5030           21    0                  84      19     1 0.7660
5031          100    1                  84     100     1 0.7660
5032           24    1                  84       2     1 0.7660
5033           40    0                  84       1     1 0.7660
5034           99    0                  84     100     1 0.7660
5035           25    0                  84      30     1 0.7660
5036          100    1                  84     100     1 0.7660
5037           98    0                  84       1     1 0.7660
5038           63    0                  84      91     0 0.7660
5039           86    1                  84      62     1 0.7660
5040           24    1                  84      91     1 0.7660
5041            2    1                  85       1     0 0.3438
5042           57    1                  85      86     1 0.3438
5043           82    1                  85      93     1 0.3438
5044           69    0                  85      65     1 0.3438
5045           56    0                  85      24     0 0.3438
5046           66    1                  85      72     1 0.3438
5047           37    1                  85      16     0 0.3438
5048           42    0                  85      23     1 0.3438
5049           60    0                  85      33     0 0.3438
5050            3    0                  85       1     0 0.3438
5051            4    0                  85       5     0 0.3438
5052           94    1                  85      91     1 0.3438
5053           43    0                  85      10     0 0.3438
5054           94    0                  85      85     1 0.3438
5055           95    1                  85      89     1 0.3438
5056           74    0                  85      57     0 0.3438
5057            4    1                  85       3     0 0.3438
5058            6    0                  85      22     1 0.3438
5059           66    0                  85      34     1 0.3438
5060           68    0                  85      89     1 0.3438
5061           21    0                  85       1     0 0.3438
5062           39    1                  85       7     0 0.3438
5063           69    0                  85      94     1 0.3438
5064           81    1                  85      58     1 0.3438
5065           79    1                  85      58     1 0.3438
5066           70    1                  85      93     1 0.3438
5067           36    1                  85      10     0 0.3438
5068           93    0                  85      86     1 0.3438
5069           36    1                  85      10     0 0.3438
5070            7    0                  85       1     0 0.3438
5071            2    0                  85       3     0 0.3438
5072           34    1                  85      30     0 0.3438
5073            2    0                  85       2     0 0.3438
5074           20    1                  85       2     0 0.3438
5075            3    0                  85       3     0 0.3438
5076           42    0                  85      12     0 0.3438
5077           57    0                  85       8     0 0.3438
5078           40    1                  85      21     0 0.3438
5079           67    1                  85      70     0 0.3438
5080           39    1                  85      10     0 0.3438
5081           59    1                  85      52     1 0.3438
5082           97    0                  85      97     1 0.3438
5083           85    1                  85      91     1 0.3438
5084            2    0                  85       4     0 0.3438
5085           57    1                  85      64     0 0.3438
5086           35    0                  85      21     0 0.3438
5087           75    0                  85      89     1 0.3438
5088           40    1                  85      29     0 0.3438
5089           16    1                  85      22     0 0.3438
5090           68    1                  85      56     1 0.3438
5091           88    1                  85      88     1 0.3438
5092           67    1                  85      26     1 0.3438
5093           42    0                  85      12     1 0.3438
5094           95    0                  85      95     1 0.3438
5095           91    1                  85      97     1 0.3438
5096           94    1                  85      94     1 0.3438
5097           68    1                  85      83     1 0.3438
5098           37    0                  85       3     0 0.3438
5099           71    0                  85      61     1 0.3438
5100           41    0                  85      41     1 0.3438
5101            1    1                  86       1     0 0.6087
5102           76    1                  86      69     1 0.6087
5103           81    0                  86      21     1 0.6087
5104           54    0                  86      65     1 0.6087
5105            7    0                  86       1     0 0.6087
5106           71    0                  86      73     1 0.6087
5107            1    1                  86       1     0 0.6087
5108           75    1                  86      77     1 0.6087
5109           12    1                  86       1     0 0.6087
5110           30    0                  86       1     0 0.6087
5111            1    1                  86       1     0 0.6087
5112           70    1                  86      64     1 0.6087
5113           28    1                  86       1     0 0.6087
5114           34    0                  86      27     1 0.6087
5115           91    0                  86      19     1 0.6087
5116           78    0                  86      86     0 0.6087
5117           45    0                  86      15     0 0.6087
5118           67    1                  86      71     1 0.6087
5119           77    1                  86      63     1 0.6087
5120           90    0                  86      96     1 0.6087
5121            8    1                  86       1     0 0.6087
5122           19    1                  86       4     0 0.6087
5123           84    0                  86      85     1 0.6087
5124           92    1                  86      88     1 0.6087
5125           69    1                  86      67     1 0.6087
5126           85    1                  86      58     1 0.6087
5127            1    1                  86       3     0 0.6087
5128           68    1                  86       2     1 0.6087
5129           32    1                  86       3     0 0.6087
5130           44    0                  86       1     0 0.6087
5131            1    0                  86       1     0 0.6087
5132           39    1                  86      38     0 0.6087
5133           14    0                  86       1     0 0.6087
5134           35    1                  86      81     0 0.6087
5135           34    1                  86       7     0 0.6087
5136           60    1                  86      59     0 0.6087
5137            1    1                  86       1     0 0.6087
5138            1    1                  86       1     0 0.6087
5139           62    0                  86      83     0 0.6087
5140            1    0                  86       1     0 0.6087
5141           71    0                  86      72     1 0.6087
5142           67    1                  86      58     1 0.6087
5143          100    0                  86      94     1 0.6087
5144           78    1                  86      58     0 0.6087
5145           14    0                  86       4     0 0.6087
5146           29    0                  86       1     0 0.6087
5147           71    1                  86      80     1 0.6087
5148            1    0                  86       2     0 0.6087
5149           25    1                  86       1     0 0.6087
5150           41    0                  86      66     1 0.6087
5151          100    0                  86      99     1 0.6087
5152           55    1                  86      77     1 0.6087
5153           80    0                  86      80     1 0.6087
5154          100    0                  86     100     1 0.6087
5155           61    0                  86      63     1 0.6087
5156           55    1                  86      81     1 0.6087
5157          100    0                  86      26     1 0.6087
5158           15    0                  86      80     0 0.6087
5159           63    0                  86      95     1 0.6087
5160           82    0                  86      81     1 0.6087
5161            1    0                  87      22     0 0.6340
5162          100    1                  87     100     1 0.6340
5163           66    1                  87     100     1 0.6340
5164           54    1                  87      59     1 0.6340
5165           50    0                  87      45     0 0.6340
5166           56    0                  87      55     1 0.6340
5167           11    0                  87      16     0 0.6340
5168           31    0                  87      19     1 0.6340
5169            1    0                  87       1     0 0.6340
5170           30    0                  87       1     0 0.6340
5171            1    0                  87       1     0 0.6340
5172           91    1                  87      60     1 0.6340
5173           50    1                  87      41     0 0.6340
5174          100    1                  87     100     1 0.6340
5175           50    0                  87      41     1 0.6340
5176           53    0                  87      26     0 0.6340
5177           36    1                  87       1     0 0.6340
5178           34    1                  87      44     1 0.6340
5179           63    0                  87      51     1 0.6340
5180           73    0                  87      79     1 0.6340
5181           35    0                  87       1     0 0.6340
5182           14    1                  87       1     0 0.6340
5183           54    1                  87      59     1 0.6340
5184           70    1                  87      56     1 0.6340
5185           42    0                  87      61     1 0.6340
5186           57    0                  87       1     1 0.6340
5187           66    1                  87     100     0 0.6340
5188           87    1                  87      80     1 0.6340
5189            1    1                  87       1     0 0.6340
5190           31    0                  87       1     0 0.6340
5191            5    0                  87       1     0 0.6340
5192           14    0                  87      44     0 0.6340
5193            6    0                  87       1     0 0.6340
5194            2    1                  87       1     0 0.6340
5195           36    0                  87      46     0 0.6340
5196           38    0                  87      45     0 0.6340
5197           33    1                  87      41     0 0.6340
5198           58    1                  87      42     0 0.6340
5199           55    0                  87      37     0 0.6340
5200           34    1                  87      40     0 0.6340
5201           57    1                  87      77     1 0.6340
5202          100    1                  87      78     1 0.6340
5203           75    1                  87      58     1 0.6340
5204           55    0                  87      53     0 0.6340
5205           57    1                  87      78     0 0.6340
5206           64    1                  87      55     0 0.6340
5207           98    1                  87      76     1 0.6340
5208           20    0                  87      35     0 0.6340
5209           37    0                  87      35     0 0.6340
5210           72    1                  87      78     1 0.6340
5211           56    1                  87      60     1 0.6340
5212           67    0                  87      70     1 0.6340
5213            1    0                  87       1     1 0.6340
5214           67    1                  87     100     1 0.6340
5215           50    1                  87     100     1 0.6340
5216          100    0                  87     100     1 0.6340
5217           71    0                  87      66     1 0.6340
5218           53    0                  87      38     0 0.6340
5219           59    1                  87      97     1 0.6340
5220           90    1                  87      79     1 0.6340
5221           57    0                  88      70     0 0.4997
5222           64    0                  88      71     1 0.4997
5223           83    1                  88      79     1 0.4997
5224          100    0                  88      98     1 0.4997
5225           77    0                  88      80     0 0.4997
5226           64    0                  88      78     1 0.4997
5227           57    0                  88      78     0 0.4997
5228           72    1                  88      73     1 0.4997
5229           26    1                  88      77     0 0.4997
5230           18    0                  88      20     0 0.4997
5231           65    0                  88      17     0 0.4997
5232           88    1                  88      70     1 0.4997
5233            6    1                  88      82     0 0.4997
5234           40    0                  88      16     1 0.4997
5235           69    1                  88      82     1 0.4997
5236           78    1                  88      79     0 0.4997
5237           66    1                  88      74     0 0.4997
5238           88    0                  88      22     1 0.4997
5239           72    0                  88      81     1 0.4997
5240           65    1                  88      72     1 0.4997
5241           14    0                  88      34     0 0.4997
5242           98    0                  88      83     0 0.4997
5243           80    1                  88      79     1 0.4997
5244           97    0                  88      78     1 0.4997
5245           80    1                  88      72     1 0.4997
5246           59    0                  88      42     1 0.4997
5247           61    0                  88      83     0 0.4997
5248           84    0                  88      71     1 0.4997
5249           84    0                  88      77     0 0.4997
5250           35    1                  88      83     0 0.4997
5251           93    1                  88      76     0 0.4997
5252           64    0                  88      64     0 0.4997
5253           82    1                  88      84     0 0.4997
5254           87    1                  88      77     0 0.4997
5255           79    1                  88      79     0 0.4997
5256           26    1                  88      60     0 0.4997
5257           32    1                  88      78     0 0.4997
5258           32    0                  88      21     0 0.4997
5259           92    1                  88      81     0 0.4997
5260           43    1                  88      29     0 0.4997
5261           73    1                  88      70     1 0.4997
5262           81    0                  88      78     1 0.4997
5263           98    0                  88      82     1 0.4997
5264           75    1                  88      78     0 0.4997
5265           69    0                  88      78     0 0.4997
5266           30    1                  88      66     0 0.4997
5267           75    1                  88      74     1 0.4997
5268           72    0                  88      89     0 0.4997
5269           28    1                  88      79     0 0.4997
5270           92    0                  88      88     1 0.4997
5271           74    1                  88      81     1 0.4997
5272           71    0                  88      67     1 0.4997
5273           32    0                  88      73     1 0.4997
5274           89    1                  88      78     1 0.4997
5275           68    1                  88      39     1 0.4997
5276           79    0                  88      71     1 0.4997
5277           90    0                  88      84     1 0.4997
5278           17    0                  88      72     0 0.4997
5279           74    1                  88      83     1 0.4997
5280           59    1                  88      84     1 0.4997
5281            1    1                  89      53     0 0.8247
5282           96    1                  89      60     1 0.8247
5283           61    0                  89      43     1 0.8247
5284          100    0                  89      81     1 0.8247
5285           69    0                  89      76     0 0.8247
5286           80    0                  89      96     1 0.8247
5287           87    0                  89      62     0 0.8247
5288           81    0                  89      81     1 0.8247
5289           41    1                  89      26     0 0.8247
5290            1    0                  89      56     0 0.8247
5291           60    1                  89      96     0 0.8247
5292           80    0                  89      72     1 0.8247
5293           43    0                  89      22     0 0.8247
5294           96    0                  89      81     1 0.8247
5295          100    0                  89      81     1 0.8247
5296           99    0                  89      42     0 0.8247
5297           78    1                  89      63     0 0.8247
5298           62    0                  89      90     1 0.8247
5299           97    1                  89      89     1 0.8247
5300           97    0                  89      80     1 0.8247
5301            1    0                  89      77     0 0.8247
5302           92    0                  89      41     0 0.8247
5303           91    1                  89      81     1 0.8247
5304           97    1                  89      89     1 0.8247
5305           90    0                  89      43     1 0.8247
5306          100    1                  89      80     1 0.8247
5307           40    1                  89      59     0 0.8247
5308          100    0                  89      61     1 0.8247
5309           63    0                  89      41     0 0.8247
5310           81    1                  89      44     0 0.8247
5311            1    1                  89      87     0 0.8247
5312           61    1                  89      81     0 0.8247
5313           62    1                  89      53     0 0.8247
5314           60    0                  89      31     0 0.8247
5315           63    0                  89      41     0 0.8247
5316           99    1                  89      81     0 0.8247
5317           61    0                  89      75     0 0.8247
5318          100    1                  89      76     0 0.8247
5319          100    1                  89      79     0 0.8247
5320           78    1                  89      63     0 0.8247
5321           77    0                  89      80     1 0.8247
5322          100    0                  89      61     1 0.8247
5323           97    0                  89      98     1 0.8247
5324           41    0                  89      41     0 0.8247
5325           87    0                  89      42     0 0.8247
5326           22    1                  89      59     0 0.8247
5327          100    1                  89      75     1 0.8247
5328           25    1                  89      20     0 0.8247
5329            2    1                  89      22     0 0.8247
5330           80    1                  89      96     1 0.8247
5331           97    0                  89      55     1 0.8247
5332           90    0                  89      61     1 0.8247
5333           83    1                  89      79     1 0.8247
5334           99    0                  89      79     1 0.8247
5335           65    1                  89      61     1 0.8247
5336           98    1                  89      73     1 0.8247
5337          100    1                  89      61     1 0.8247
5338           60    1                  89      40     0 0.8247
5339           99    1                  89      72     1 0.8247
5340           81    1                  89      65     1 0.8247
5341            7    0                  90      42     0 0.5885
5342           96    1                  90      96     1 0.5885
5343           61    1                  90      81     1 0.5885
5344           94    1                  90      96     1 0.5885
5345           62    1                  90      63     0 0.5885
5346           82    1                  90      80     1 0.5885
5347           20    0                  90       3     0 0.5885
5348           60    1                  90      58     1 0.5885
5349            2    0                  90       2     0 0.5885
5350           98    1                  90      97     0 0.5885
5351           62    0                  90       2     0 0.5885
5352           24    0                  90      40     1 0.5885
5353           98    1                  90      63     0 0.5885
5354           23    0                  90      19     1 0.5885
5355           96    1                  90      80     1 0.5885
5356           97    1                  90      81     0 0.5885
5357           41    1                  90      39     0 0.5885
5358           39    0                  90      59     1 0.5885
5359           63    1                  90      80     1 0.5885
5360           62    1                  90      62     1 0.5885
5361           23    0                  90       1     0 0.5885
5362           76    1                  90      62     0 0.5885
5363            8    1                  90      61     1 0.5885
5364          100    0                  90      97     1 0.5885
5365           63    0                  90      97     1 0.5885
5366           62    0                  90      63     1 0.5885
5367           38    1                  90       3     0 0.5885
5368           62    1                  90      63     1 0.5885
5369            3    1                  90       2     0 0.5885
5370            5    1                  90       3     0 0.5885
5371            2    0                  90       2     0 0.5885
5372           43    0                  90      82     0 0.5885
5373           40    1                  90       4     0 0.5885
5374            3    0                  90       1     0 0.5885
5375           22    0                  90       1     0 0.5885
5376           21    0                  90       5     0 0.5885
5377           41    1                  90       4     0 0.5885
5378            5    0                  90       2     0 0.5885
5379           60    0                  90      61     0 0.5885
5380           63    1                  90      60     0 0.5885
5381           64    1                  90      60     1 0.5885
5382           94    0                  90      79     1 0.5885
5383           96    1                  90      99     1 0.5885
5384           41    1                  90      40     0 0.5885
5385           58    1                  90      80     0 0.5885
5386            5    0                  90       1     0 0.5885
5387           97    0                  90      80     1 0.5885
5388            5    0                  90       4     0 0.5885
5389            6    0                  90      42     0 0.5885
5390           80    0                  90      97     1 0.5885
5391           96    0                  90      82     1 0.5885
5392           41    0                  90      61     1 0.5885
5393           85    1                  90      62     1 0.5885
5394           99    0                  90      96     1 0.5885
5395           65    0                  90      60     1 0.5885
5396           98    0                  90      98     1 0.5885
5397           96    1                  90      64     1 0.5885
5398           43    1                  90      41     0 0.5885
5399           83    1                  90      98     1 0.5885
5400           60    0                  90      57     1 0.5885
5401            3    0                  91      22     0 0.6667
5402           99    1                  91     100     1 0.6667
5403           65    0                  91      63     1 0.6667
5404           88    0                  91      83     1 0.6667
5405           89    0                  91     100     0 0.6667
5406           65    0                  91     100     1 0.6667
5407           56    0                  91      17     0 0.6667
5408           57    1                  91      30     1 0.6667
5409           60    0                  91      14     0 0.6667
5410           39    0                  91      22     0 0.6667
5411            3    0                  91       3     0 0.6667
5412           76    0                  91      11     1 0.6667
5413            3    1                  91      19     0 0.6667
5414           90    1                  91      87     1 0.6667
5415           89    1                  91      72     1 0.6667
5416           89    1                  91      57     0 0.6667
5417            9    0                  91      21     0 0.6667
5418           32    1                  91      30     1 0.6667
5419           73    1                  91      80     1 0.6667
5420           76    0                  91      82     1 0.6667
5421           82    1                  91      54     0 0.6667
5422           89    0                  91      21     0 0.6667
5423           76    1                  91      87     1 0.6667
5424           87    1                  91      76     1 0.6667
5425           56    0                  91      85     1 0.6667
5426           58    1                  91      19     1 0.6667
5427           75    1                  91      13     0 0.6667
5428           80    1                  91      82     1 0.6667
5429            9    0                  91       7     0 0.6667
5430           27    1                  91      17     0 0.6667
5431           21    1                  91      16     0 0.6667
5432           56    0                  91      15     0 0.6667
5433           67    1                  91      19     0 0.6667
5434           14    0                  91      11     0 0.6667
5435           56    0                  91      55     0 0.6667
5436           83    1                  91      19     0 0.6667
5437           36    0                  91      16     0 0.6667
5438           22    1                  91      19     0 0.6667
5439           85    1                  91      87     0 0.6667
5440           33    1                  91      15     0 0.6667
5441           73    0                  91      76     1 0.6667
5442           85    0                  91      13     1 0.6667
5443           91    1                  91      98     1 0.6667
5444           64    0                  91      17     0 0.6667
5445           85    0                  91      80     0 0.6667
5446           61    0                  91      22     0 0.6667
5447           97    0                  91      74     1 0.6667
5448           20    1                  91      17     0 0.6667
5449            4    1                  91      17     0 0.6667
5450           36    0                  91      37     1 0.6667
5451           73    1                  91      73     1 0.6667
5452           73    1                  91      78     1 0.6667
5453           61    1                  91      37     1 0.6667
5454           84    0                  91      80     1 0.6667
5455           68    1                  91      24     1 0.6667
5456           86    0                  91      81     1 0.6667
5457           89    1                  91      16     1 0.6667
5458           38    1                  91      20     0 0.6667
5459           66    0                  91      89     1 0.6667
5460           61    0                  91      22     1 0.6667
5461           23    0                  92       2     0 0.6177
5462           57    0                  92       8     1 0.6177
5463           64    0                  92      18     1 0.6177
5464           77    1                  92      12     1 0.6177
5465           55    0                  92       2     0 0.6177
5466           55    0                  92      31     1 0.6177
5467           47    1                  92      13     0 0.6177
5468           60    1                  92      13     1 0.6177
5469           54    1                  92      10     0 0.6177
5470           51    0                  92       8     0 0.6177
5471           52    1                  92       6     0 0.6177
5472           90    1                  92      17     1 0.6177
5473           45    0                  92       3     0 0.6177
5474           68    1                  92      13     1 0.6177
5475           61    1                  92       5     1 0.6177
5476           42    0                  92       4     0 0.6177
5477           42    0                  92       8     0 0.6177
5478           62    1                  92      13     1 0.6177
5479           74    1                  92      18     1 0.6177
5480           69    0                  92      16     1 0.6177
5481           12    0                  92       1     0 0.6177
5482           61    0                  92      12     0 0.6177
5483           67    1                  92      19     1 0.6177
5484           76    0                  92       3     1 0.6177
5485           62    0                  92       6     1 0.6177
5486           77    1                  92      11     1 0.6177
5487           11    1                  92       1     0 0.6177
5488           43    1                  92       1     1 0.6177
5489           22    0                  92       1     0 0.6177
5490           20    1                  92       1     0 0.6177
5491           17    0                  92       1     0 0.6177
5492           50    0                  92       3     0 0.6177
5493           53    0                  92       1     0 0.6177
5494           51    0                  92       1     0 0.6177
5495           41    0                  92       5     0 0.6177
5496           61    0                  92      15     0 0.6177
5497           45    0                  92       7     0 0.6177
5498           41    0                  92       1     0 0.6177
5499           64    1                  92      12     0 0.6177
5500           54    0                  92       4     0 0.6177
5501           71    1                  92       7     1 0.6177
5502           93    1                  92      10     1 0.6177
5503           96    1                  92       7     1 0.6177
5504           48    0                  92       3     0 0.6177
5505           55    1                  92       1     0 0.6177
5506           71    0                  92      20     0 0.6177
5507           59    0                  92       1     1 0.6177
5508           40    1                  92       5     0 0.6177
5509           24    1                  92       6     0 0.6177
5510           62    1                  92      11     1 0.6177
5511           63    0                  92      14     1 0.6177
5512           46    1                  92       5     1 0.6177
5513           56    0                  92       3     1 0.6177
5514           87    1                  92       6     1 0.6177
5515           56    1                  92       6     1 0.6177
5516           81    1                  92       3     1 0.6177
5517           97    1                  92       5     1 0.6177
5518           61    1                  92       6     0 0.6177
5519           79    0                  92      12     1 0.6177
5520           41    1                  92       2     1 0.6177
5521           81    0                  93       1     0 0.6656
5522           75    0                  93       1     1 0.6656
5523           42    0                  93      19     1 0.6656
5524           71    0                  93       1     1 0.6656
5525           57    1                  93       1     0 0.6656
5526           64    0                  93       1     1 0.6656
5527           40    0                  93       1     0 0.6656
5528           66    1                  93       1     1 0.6656
5529           17    1                  93       1     0 0.6656
5530           77    0                  93       1     0 0.6656
5531           23    0                  93       1     0 0.6656
5532           62    0                  93       1     1 0.6656
5533           50    1                  93       1     0 0.6656
5534            6    0                  93       1     1 0.6656
5535           92    0                  93       1     1 0.6656
5536           90    1                  93      22     0 0.6656
5537           61    0                  93       1     0 0.6656
5538           54    1                  93       1     1 0.6656
5539           88    0                  93       1     1 0.6656
5540           94    1                  93      42     1 0.6656
5541           45    0                  93       1     0 0.6656
5542           94    1                  93       1     0 0.6656
5543           79    1                  93      23     1 0.6656
5544           79    1                  93       1     1 0.6656
5545           72    1                  93      22     1 0.6656
5546           60    1                  93       1     1 0.6656
5547           34    1                  93       1     0 0.6656
5548          100    0                  93      22     1 0.6656
5549           87    0                  93       1     0 0.6656
5550           68    1                  93       1     0 0.6656
5551           15    0                  93       1     0 0.6656
5552           62    0                  93       1     0 0.6656
5553           74    0                  93       1     0 0.6656
5554           29    1                  93       1     0 0.6656
5555           41    0                  93       1     0 0.6656
5556           68    0                  93       1     0 0.6656
5557           54    1                  93       1     0 0.6656
5558           62    1                  93       1     0 0.6656
5559           62    0                  93       1     0 0.6656
5560           17    1                  93       1     0 0.6656
5561           80    0                  93       1     1 0.6656
5562           91    1                  93       1     1 0.6656
5563           86    0                  93       1     1 0.6656
5564           81    0                  93       1     0 0.6656
5565           86    1                  93       1     0 0.6656
5566           11    1                  93       1     0 0.6656
5567           68    0                  93       1     1 0.6656
5568           63    1                  93       1     0 0.6656
5569           22    1                  93       1     0 0.6656
5570           79    1                  93      21     1 0.6656
5571           87    1                  93       1     1 0.6656
5572           54    1                  93       1     1 0.6656
5573           54    1                  93       1     1 0.6656
5574           95    1                  93       1     1 0.6656
5575           62    0                  93       1     1 0.6656
5576           73    0                  93       1     1 0.6656
5577           83    0                  93       1     1 0.6656
5578           53    1                  93       1     0 0.6656
5579           82    1                  93       1     1 0.6656
5580           82    0                  93       1     1 0.6656
5581            1    0                  94       1     0 0.3104
5582            1    0                  94       1     1 0.3104
5583          100    0                  94       1     1 0.3104
5584          100    0                  94       1     1 0.3104
5585            1    0                  94       1     0 0.3104
5586            1    0                  94       1     1 0.3104
5587            1    0                  94       1     0 0.3104
5588            1    0                  94       1     1 0.3104
5589            2    1                  94       1     0 0.3104
5590            1    0                  94       1     0 0.3104
5591          100    0                  94       1     0 0.3104
5592          100    0                  94       1     1 0.3104
5593            1    1                  94       1     0 0.3104
5594           51    0                  94       1     1 0.3104
5595            1    1                  94       1     1 0.3104
5596          100    1                  94       1     0 0.3104
5597            1    0                  94       1     0 0.3104
5598           50    1                  94       1     1 0.3104
5599            1    1                  94       1     1 0.3104
5600          100    1                  94       1     1 0.3104
5601            1    0                  94       1     0 0.3104
5602            1    0                  94       1     0 0.3104
5603          100    1                  94       1     1 0.3104
5604          100    0                  94       1     1 0.3104
5605          100    0                  94       1     1 0.3104
5606          100    0                  94       1     1 0.3104
5607            1    1                  94       1     0 0.3104
5608          100    1                  94       1     1 0.3104
5609            1    1                  94       1     0 0.3104
5610            1    1                  94       1     0 0.3104
5611            1    1                  94       1     0 0.3104
5612           50    1                  94       1     0 0.3104
5613            1    1                  94       1     0 0.3104
5614            1    1                  94       1     0 0.3104
5615            1    0                  94       1     0 0.3104
5616            1    1                  94       1     0 0.3104
5617           50    0                  94       1     0 0.3104
5618            2    1                  94       1     0 0.3104
5619          100    0                  94       1     0 0.3104
5620            1    0                  94       1     0 0.3104
5621          100    1                  94       1     1 0.3104
5622          100    1                  94       1     1 0.3104
5623          100    0                  94       1     1 0.3104
5624          100    0                  94       1     0 0.3104
5625          100    1                  94       1     0 0.3104
5626            1    1                  94       1     0 0.3104
5627          100    1                  94       1     1 0.3104
5628            1    0                  94       1     0 0.3104
5629            1    0                  94       1     0 0.3104
5630           76    0                  94       1     1 0.3104
5631          100    1                  94       1     1 0.3104
5632            1    0                  94       1     1 0.3104
5633            1    0                  94       1     1 0.3104
5634          100    1                  94       1     1 0.3104
5635          100    1                  94       1     1 0.3104
5636          100    1                  94       1     1 0.3104
5637          100    1                  94       1     1 0.3104
5638            1    1                  94       1     0 0.3104
5639          100    1                  94       1     1 0.3104
5640          100    0                  94       1     1 0.3104
5641            1    0                  95       1     0 0.1719
5642          100    1                  95      63     1 0.1719
5643           78    0                  95      64     1 0.1719
5644           80    1                  95      82     1 0.1719
5645           63    0                  95       2     0 0.1719
5646          100    1                  95     100     1 0.1719
5647           21    1                  95       1     0 0.1719
5648           81    1                  95      62     1 0.1719
5649           39    0                  95       2     0 0.1719
5650           41    0                  95       2     0 0.1719
5651            1    1                  95       1     0 0.1719
5652          100    1                  95      61     1 0.1719
5653            1    0                  95       1     0 0.1719
5654           93    0                  95      21     1 0.1719
5655          100    0                  95     100     1 0.1719
5656           62    0                  95       2     0 0.1719
5657          100    1                  95      64     0 0.1719
5658           79    0                  95       1     1 0.1719
5659           92    0                  95      62     1 0.1719
5660           79    0                  95     100     1 0.1719
5661           79    1                  95       1     0 0.1719
5662          100    0                  95      60     0 0.1719
5663          100    0                  95     100     1 0.1719
5664          100    1                  95      62     1 0.1719
5665           93    0                  95      81     1 0.1719
5666          100    1                  95      82     1 0.1719
5667           81    1                  95       1     0 0.1719
5668          100    0                  95      22     1 0.1719
5669           61    0                  95       1     0 0.1719
5670            1    1                  95       1     0 0.1719
5671            1    1                  95       1     0 0.1719
5672           61    1                  95       2     0 0.1719
5673          100    1                  95     100     0 0.1719
5674           43    0                  95       5     0 0.1719
5675           41    1                  95      22     0 0.1719
5676           79    0                  95      60     0 0.1719
5677           65    0                  95       1     0 0.1719
5678           20    0                  95       1     0 0.1719
5679           81    0                  95      20     0 0.1719
5680           17    1                  95       1     0 0.1719
5681          100    1                  95      80     1 0.1719
5682          100    0                  95     100     1 0.1719
5683          100    0                  95      81     1 0.1719
5684           91    1                  95      61     0 0.1719
5685           79    1                  95      61     0 0.1719
5686           62    1                  95       1     0 0.1719
5687           79    1                  95      81     1 0.1719
5688          100    1                  95      80     0 0.1719
5689            1    0                  95       1     0 0.1719
5690          100    0                  95     100     1 0.1719
5691          100    1                  95     100     1 0.1719
5692           81    0                  95      61     1 0.1719
5693           60    1                  95       1     1 0.1719
5694          100    1                  95     100     1 0.1719
5695          100    0                  95      62     1 0.1719
5696          100    1                  95     100     1 0.1719
5697          100    1                  95       1     1 0.1719
5698          100    1                  95      82     0 0.1719
5699          100    0                  95      87     1 0.1719
5700          100    0                  95      63     1 0.1719
5701            1    1                  96      27     0 0.7750
5702           74    0                  96      60     1 0.7750
5703           68    1                  96      61     1 0.7750
5704           77    1                  96      76     1 0.7750
5705           35    0                  96      56     0 0.7750
5706           21    0                  96      19     1 0.7750
5707            5    0                  96       1     0 0.7750
5708           57    1                  96      83     1 0.7750
5709           72    1                  96      22     0 0.7750
5710           25    0                  96       2     0 0.7750
5711           60    0                  96      57     0 0.7750
5712           82    0                  96      40     1 0.7750
5713            6    0                  96       1     0 0.7750
5714           40    0                  96      41     1 0.7750
5715           93    1                  96      82     1 0.7750
5716           71    1                  96      63     0 0.7750
5717           20    0                  96       1     0 0.7750
5718           82    1                  96      76     1 0.7750
5719           72    0                  96      80     1 0.7750
5720           68    0                  96      80     1 0.7750
5721           11    0                  96       5     0 0.7750
5722           96    1                  96      63     0 0.7750
5723           44    0                  96      11     1 0.7750
5724           60    0                  96      41     1 0.7750
5725          100    1                  96      88     1 0.7750
5726           56    1                  96      58     1 0.7750
5727           95    1                  96      72     0 0.7750
5728           90    0                  96       7     1 0.7750
5729           55    0                  96       1     0 0.7750
5730           18    0                  96       1     0 0.7750
5731           57    0                  96      18     0 0.7750
5732           88    1                  96      67     0 0.7750
5733           91    1                  96      61     0 0.7750
5734           18    1                  96      14     0 0.7750
5735           14    0                  96       8     0 0.7750
5736           20    1                  96      17     0 0.7750
5737           46    0                  96      28     0 0.7750
5738           76    1                  96      59     0 0.7750
5739           91    1                  96      60     0 0.7750
5740           77    1                  96      58     0 0.7750
5741           66    0                  96      78     1 0.7750
5742           79    0                  96      24     1 0.7750
5743           91    1                  96      90     1 0.7750
5744           31    0                  96      23     0 0.7750
5745           85    1                  96      74     0 0.7750
5746           29    1                  96      40     0 0.7750
5747           80    0                  96      73     1 0.7750
5748           57    0                  96      57     0 0.7750
5749            1    1                  96       1     0 0.7750
5750           80    1                  96     100     1 0.7750
5751           90    0                  96     100     1 0.7750
5752           44    0                  96      59     1 0.7750
5753           17    0                  96      21     1 0.7750
5754           81    1                  96      62     1 0.7750
5755           36    1                  96      41     1 0.7750
5756           92    0                  96      61     1 0.7750
5757          100    1                  96      60     1 0.7750
5758           63    1                  96      81     0 0.7750
5759           68    1                  96      60     1 0.7750
5760           90    1                  96      81     1 0.7750
5761           93    1                  97       2     0 0.4354
5762          100    1                  97       3     1 0.4354
5763          100    1                  97      54     1 0.4354
5764           90    0                  97      12     1 0.4354
5765           86    1                  97      79     0 0.4354
5766           95    1                  97       2     1 0.4354
5767           21    0                  97       2     0 0.4354
5768            2    1                  97       2     1 0.4354
5769           68    1                  97       2     0 0.4354
5770           78    0                  97       1     0 0.4354
5771            1    1                  97       1     0 0.4354
5772          100    1                  97      42     1 0.4354
5773            1    0                  97      74     0 0.4354
5774          100    0                  97       1     1 0.4354
5775           69    0                  97      90     1 0.4354
5776          100    0                  97       1     0 0.4354
5777            8    0                  97      20     0 0.4354
5778          100    0                  97       1     1 0.4354
5779          100    0                  97      54     1 0.4354
5780           78    0                  97       2     1 0.4354
5781            2    1                  97       1     0 0.4354
5782            1    0                  97       1     0 0.4354
5783           88    0                  97      12     1 0.4354
5784           85    1                  97       5     1 0.4354
5785          100    0                  97       4     1 0.4354
5786          100    1                  97       3     1 0.4354
5787           73    1                  97       1     0 0.4354
5788          100    1                  97       1     1 0.4354
5789           59    0                  97       2     0 0.4354
5790           75    1                  97       2     0 0.4354
5791            1    1                  97       1     0 0.4354
5792          100    0                  97       2     0 0.4354
5793           74    0                  97       1     0 0.4354
5794           87    0                  97       2     0 0.4354
5795            9    0                  97       1     0 0.4354
5796           80    1                  97      37     0 0.4354
5797            1    1                  97       4     0 0.4354
5798           67    0                  97       3     0 0.4354
5799           86    0                  97      76     0 0.4354
5800            1    1                  97       3     0 0.4354
5801           92    1                  97       4     1 0.4354
5802          100    1                  97       8     1 0.4354
5803          100    1                  97       1     1 0.4354
5804           34    1                  97       2     0 0.4354
5805           83    0                  97      30     0 0.4354
5806           31    1                  97       2     0 0.4354
5807           81    1                  97      26     1 0.4354
5808           87    0                  97       3     0 0.4354
5809            8    1                  97       1     0 0.4354
5810           97    0                  97      76     1 0.4354
5811           98    0                  97      33     1 0.4354
5812           61    1                  97       1     1 0.4354
5813           73    1                  97      62     1 0.4354
5814            1    0                  97       4     1 0.4354
5815           63    0                  97       7     1 0.4354
5816           98    0                  97      51     1 0.4354
5817          100    0                  97       3     1 0.4354
5818           14    1                  97       2     0 0.4354
5819          100    0                  97       1     1 0.4354
5820           95    1                  97      64     1 0.4354
5821           24    0                  98       2     0 0.7010
5822           61    0                  98      64     1 0.7010
5823           97    0                  98      82     1 0.7010
5824           61    0                  98      61     1 0.7010
5825           81    1                  98      81     0 0.7010
5826           84    1                  98      99     1 0.7010
5827           21    1                  98       5     0 0.7010
5828           40    1                  98      20     1 0.7010
5829            8    0                  98       2     0 0.7010
5830            4    0                  98       3     0 0.7010
5831            7    1                  98       1     0 0.7010
5832           62    1                  98     100     1 0.7010
5833           61    0                  98      60     0 0.7010
5834            4    1                  98       3     1 0.7010
5835           84    1                  98     100     1 0.7010
5836           79    0                  98      62     0 0.7010
5837           40    1                  98      21     0 0.7010
5838           65    1                  98      61     1 0.7010
5839           80    1                  98      62     1 0.7010
5840           84    0                  98      62     1 0.7010
5841            3    0                  98       3     0 0.7010
5842           83    0                  98     100     0 0.7010
5843           80    1                  98      63     1 0.7010
5844           81    0                  98      99     1 0.7010
5845           97    1                  98      99     1 0.7010
5846           84    0                  98      82     1 0.7010
5847           61    1                  98      62     0 0.7010
5848           96    0                  98     100     1 0.7010
5849           20    0                  98       2     0 0.7010
5850            5    0                  98       4     0 0.7010
5851           60    1                  98      61     0 0.7010
5852           61    0                  98      60     0 0.7010
5853           60    0                  98      42     0 0.7010
5854            4    1                  98       2     0 0.7010
5855           43    1                  98       3     0 0.7010
5856           61    0                  98      81     0 0.7010
5857           40    0                  98      23     0 0.7010
5858           20    1                  98       3     0 0.7010
5859           59    0                  98      62     0 0.7010
5860           40    0                  98       2     0 0.7010
5861           77    1                  98      61     1 0.7010
5862          100    1                  98      81     1 0.7010
5863           99    0                  98      99     1 0.7010
5864           62    0                  98      61     0 0.7010
5865           80    1                  98      99     0 0.7010
5866           62    1                  98      62     0 0.7010
5867           57    1                  98      40     1 0.7010
5868           79    0                  98      58     0 0.7010
5869            6    0                  98       2     0 0.7010
5870           97    1                  98     100     1 0.7010
5871           97    0                  98     100     1 0.7010
5872           81    0                  98      82     1 0.7010
5873           42    1                  98       4     1 0.7010
5874           98    1                  98     100     1 0.7010
5875           63    1                  98      62     1 0.7010
5876           98    1                  98     100     1 0.7010
5877          100    1                  98      97     1 0.7010
5878           80    0                  98      60     0 0.7010
5879           96    0                  98      82     1 0.7010
5880           98    1                  98      99     1 0.7010
5881           28    0                  99       1     0 0.9479
5882           78    1                  99       1     1 0.9479
5883           87    1                  99      90     1 0.9479
5884           32    0                  99       1     1 0.9479
5885           38    1                  99       1     0 0.9479
5886           43    1                  99      16     1 0.9479
5887           63    1                  99       1     0 0.9479
5888           19    0                  99       1     1 0.9479
5889           40    0                  99       1     0 0.9479
5890           28    1                  99       1     0 0.9479
5891           24    0                  99       1     0 0.9479
5892           37    1                  99       1     1 0.9479
5893           42    1                  99       1     0 0.9479
5894           58    0                  99       1     1 0.9479
5895           94    1                  99       1     1 0.9479
5896           92    1                  99       2     0 0.9479
5897           81    0                  99       1     0 0.9479
5898           59    0                  99       1     1 0.9479
5899           83    0                  99       1     1 0.9479
5900           89    0                  99       1     1 0.9479
5901           18    0                  99      15     0 0.9479
5902           20    1                  99      58     0 0.9479
5903           86    1                  99      91     1 0.9479
5904           88    0                  99       1     1 0.9479
5905           82    1                  99      42     1 0.9479
5906           63    1                  99       2     1 0.9479
5907           56    1                  99       1     0 0.9479
5908           72    1                  99      63     1 0.9479
5909           15    0                  99       1     0 0.9479
5910           41    1                  99       1     0 0.9479
5911           59    0                  99       1     0 0.9479
5912           56    0                  99       1     0 0.9479
5913           23    0                  99       1     0 0.9479
5914           58    1                  99       1     0 0.9479
5915           65    1                  99       1     0 0.9479
5916           76    1                  99      19     0 0.9479
5917           27    0                  99       1     0 0.9479
5918           26    1                  99       1     0 0.9479
5919           92    0                  99       1     0 0.9479
5920           28    1                  99       1     0 0.9479
5921           69    1                  99       2     1 0.9479
5922           94    0                  99       2     1 0.9479
5923           80    0                  99       1     1 0.9479
5924           40    1                  99       1     0 0.9479
5925           62    0                  99       1     0 0.9479
5926           61    1                  99       1     0 0.9479
5927           69    0                  99       1     1 0.9479
5928           38    0                  99       1     0 0.9479
5929           40    0                  99       1     0 0.9479
5930           94    1                  99      81     1 0.9479
5931           85    1                  99      64     1 0.9479
5932           61    0                  99       1     1 0.9479
5933           61    0                  99       1     1 0.9479
5934           92    1                  99       1     1 0.9479
5935           80    1                  99       1     1 0.9479
5936           84    0                  99       2     1 0.9479
5937           94    1                  99       2     1 0.9479
5938           41    0                  99       1     0 0.9479
5939           92    0                  99      20     1 0.9479
5940           44    0                  99       2     1 0.9479
5941            1    0                 100       1     0 0.6375
5942           84    0                 100      75     1 0.6375
5943           99    1                 100      82     1 0.6375
5944          100    0                 100      88     1 0.6375
5945           52    1                 100      24     0 0.6375
5946           88    0                 100      81     1 0.6375
5947           59    1                 100      34     0 0.6375
5948           69    0                 100      62     1 0.6375
5949           60    0                 100      46     0 0.6375
5950           19    0                 100       7     0 0.6375
5951           10    0                 100       1     0 0.6375
5952           85    0                 100      22     1 0.6375
5953           77    1                 100      12     0 0.6375
5954           70    1                 100      37     1 0.6375
5955           76    0                 100      76     1 0.6375
5956           50    0                 100      49     0 0.6375
5957           71    1                 100      39     0 0.6375
5958           60    0                 100      20     1 0.6375
5959          100    1                 100      75     1 0.6375
5960           88    0                 100      69     1 0.6375
5961            3    0                 100       6     0 0.6375
5962           76    1                 100      15     0 0.6375
5963           99    1                 100      76     1 0.6375
5964           86    1                 100      74     1 0.6375
5965           87    0                 100      71     1 0.6375
5966           17    0                 100      11     1 0.6375
5967           82    1                 100      65     0 0.6375
5968           47    0                 100       8     1 0.6375
5969           54    1                 100      21     0 0.6375
5970           54    1                 100      10     0 0.6375
5971            3    1                 100       6     0 0.6375
5972           22    1                 100      33     0 0.6375
5973           63    0                 100      44     0 0.6375
5974           25    0                 100       7     0 0.6375
5975           17    1                 100      11     0 0.6375
5976           61    1                 100      40     0 0.6375
5977            4    0                 100       6     0 0.6375
5978           50    0                 100      12     0 0.6375
5979           79    1                 100      62     0 0.6375
5980            3    0                 100      10     0 0.6375
5981           65    0                 100      39     1 0.6375
5982           87    1                 100      75     1 0.6375
5983           87    1                 100      43     1 0.6375
5984           50    0                 100       4     0 0.6375
5985           74    0                 100      20     0 0.6375
5986           55    1                 100      13     0 0.6375
5987           71    1                 100       6     1 0.6375
5988           47    0                 100      10     0 0.6375
5989           18    1                 100       6     0 0.6375
5990           67    0                 100      67     1 0.6375
5991           91    1                 100      83     1 0.6375
5992           86    0                 100      82     1 0.6375
5993           61    1                 100      24     1 0.6375
5994          100    0                 100      70     1 0.6375
5995           84    1                 100      61     1 0.6375
5996           89    1                 100      83     1 0.6375
5997           88    1                 100      21     1 0.6375
5998           87    1                 100      60     0 0.6375
5999           91    1                 100     100     1 0.6375
6000           91    0                 100      91     1 0.6375
6001           60    0                 101       1     0 0.7431
6002           60    0                 101      71     1 0.7431
6003           60    0                 101      41     1 0.7431
6004           61    1                 101      91     1 0.7431
6005           41    0                 101       2     0 0.7431
6006           61    0                 101       1     1 0.7431
6007            2    1                 101       1     0 0.7431
6008           39    1                 101      32     1 0.7431
6009            4    0                 101       2     0 0.7431
6010            3    0                 101       1     0 0.7431
6011           58    0                 101      21     0 0.7431
6012           41    1                 101      64     1 0.7431
6013           41    1                 101      44     0 0.7431
6014           99    1                 101      76     1 0.7431
6015           97    1                 101     100     1 0.7431
6016            6    0                 101      42     0 0.7431
6017            3    0                 101       1     0 0.7431
6018           97    1                 101      60     1 0.7431
6019           80    1                 101      78     1 0.7431
6020           82    0                 101      54     1 0.7431
6021            2    1                 101       1     0 0.7431
6022            1    0                 101       1     0 0.7431
6023           59    0                 101      40     1 0.7431
6024           59    1                 101      81     1 0.7431
6025           83    1                 101      80     1 0.7431
6026           59    1                 101      61     1 0.7431
6027            3    1                 101       1     0 0.7431
6028          100    0                 101     100     1 0.7431
6029            3    0                 101      41     0 0.7431
6030            3    1                 101       1     0 0.7431
6031            2    1                 101       1     0 0.7431
6032           97    0                 101      82     0 0.7431
6033            3    0                 101       1     0 0.7431
6034            5    0                 101       1     0 0.7431
6035            3    1                 101       1     0 0.7431
6036           61    0                 101      60     0 0.7431
6037            2    0                 101       1     0 0.7431
6038            4    1                 101       1     0 0.7431
6039           42    1                 101       1     0 0.7431
6040           58    0                 101      14     0 0.7431
6041           60    1                 101      52     1 0.7431
6042           75    1                 101     100     1 0.7431
6043           80    1                 101      61     1 0.7431
6044           23    1                 101       1     0 0.7431
6045           63    0                 101      23     0 0.7431
6046           97    0                 101     100     0 0.7431
6047           61    0                 101       1     1 0.7431
6048            3    0                 101       1     0 0.7431
6049            3    1                 101       1     0 0.7431
6050           61    1                 101      58     1 0.7431
6051           96    0                 101     100     1 0.7431
6052           59    1                 101      58     1 0.7431
6053           60    0                 101      40     1 0.7431
6054           82    1                 101      81     1 0.7431
6055           40    0                 101      63     1 0.7431
6056           79    0                 101     100     1 0.7431
6057           99    0                 101      69     1 0.7431
6058           42    1                 101      32     0 0.7431
6059           81    1                 101     100     1 0.7431
6060           41    1                 101      77     1 0.7431
6061            1    0                 102       1     0 0.6344
6062           97    1                 102      14     1 0.6344
6063           68    0                 102      67     1 0.6344
6064           69    0                 102       1     1 0.6344
6065           80    1                 102      10     0 0.6344
6066           33    0                 102      56     1 0.6344
6067           92    0                 102      79     0 0.6344
6068           21    0                 102       1     1 0.6344
6069           21    0                 102       1     0 0.6344
6070            4    0                 102       1     0 0.6344
6071           43    1                 102       1     0 0.6344
6072           63    1                 102      16     1 0.6344
6073          100    1                 102       1     0 0.6344
6074           86    1                 102       1     1 0.6344
6075           87    1                 102      42     1 0.6344
6076           98    1                 102      84     0 0.6344
6077           99    1                 102      18     0 0.6344
6078           94    1                 102      78     1 0.6344
6079           89    0                 102      86     1 0.6344
6080           97    1                 102      89     1 0.6344
6081           33    0                 102       1     0 0.6344
6082           78    0                 102      69     0 0.6344
6083           78    0                 102      88     1 0.6344
6084           93    1                 102      20     1 0.6344
6085           97    1                 102      97     1 0.6344
6086           98    1                 102      58     1 0.6344
6087           91    1                 102      13     0 0.6344
6088           93    0                 102      26     1 0.6344
6089           97    1                 102      56     0 0.6344
6090           92    0                 102       1     0 0.6344
6091           95    1                 102       1     0 0.6344
6092           67    1                 102      19     0 0.6344
6093           54    0                 102      25     0 0.6344
6094           76    0                 102      13     0 0.6344
6095           88    0                 102      57     0 0.6344
6096           87    0                 102      44     0 0.6344
6097           63    0                 102       1     0 0.6344
6098           31    1                 102      12     0 0.6344
6099          100    1                 102      29     0 0.6344
6100           46    0                 102      17     0 0.6344
6101           94    1                 102      53     1 0.6344
6102          100    0                 102      38     1 0.6344
6103           82    1                 102      39     1 0.6344
6104           96    0                 102       3     0 0.6344
6105           91    1                 102      40     0 0.6344
6106           46    1                 102       2     0 0.6344
6107           93    0                 102      63     1 0.6344
6108           72    1                 102      17     0 0.6344
6109           36    0                 102      36     0 0.6344
6110           64    0                 102      53     1 0.6344
6111           95    1                 102      72     1 0.6344
6112           87    1                 102      39     1 0.6344
6113           41    0                 102      27     1 0.6344
6114           93    1                 102      29     1 0.6344
6115           55    0                 102       6     1 0.6344
6116           90    0                 102     100     1 0.6344
6117          100    0                 102       1     1 0.6344
6118          100    1                 102      68     0 0.6344
6119           83    1                 102      64     1 0.6344
6120           63    0                 102      55     1 0.6344
6121           92    1                 103       3     0 0.5875
6122          100    0                 103      80     1 0.5875
6123           87    1                 103      97     1 0.5875
6124          100    1                 103      22     1 0.5875
6125           46    0                 103       3     0 0.5875
6126           60    1                 103      61     1 0.5875
6127            4    1                 103       2     0 0.5875
6128           78    1                 103       4     1 0.5875
6129           39    1                 103       3     0 0.5875
6130           34    1                 103       2     0 0.5875
6131           25    0                 103       3     0 0.5875
6132           96    0                 103      21     1 0.5875
6133            9    0                 103       4     0 0.5875
6134           61    0                 103       3     1 0.5875
6135          100    1                 103      87     1 0.5875
6136           72    1                 103      80     0 0.5875
6137           62    0                 103       3     0 0.5875
6138           47    1                 103       3     1 0.5875
6139           87    0                 103      21     1 0.5875
6140          100    1                 103      98     1 0.5875
6141           64    0                 103       4     0 0.5875
6142           83    0                 103      41     0 0.5875
6143           80    0                 103      21     1 0.5875
6144           96    1                 103      62     1 0.5875
6145           82    1                 103      99     1 0.5875
6146           67    1                 103      82     1 0.5875
6147           38    0                 103       3     0 0.5875
6148           65    1                 103       3     1 0.5875
6149           18    1                 103       4     0 0.5875
6150            2    1                 103       3     0 0.5875
6151            6    1                 103       3     0 0.5875
6152           11    1                 103       3     0 0.5875
6153           14    0                 103       3     0 0.5875
6154           23    1                 103       2     0 0.5875
6155            4    0                 103       2     0 0.5875
6156           73    0                 103       3     0 0.5875
6157           54    0                 103       3     0 0.5875
6158            9    0                 103       4     0 0.5875
6159           79    1                 103      21     0 0.5875
6160           41    1                 103       2     0 0.5875
6161           98    1                 103      81     1 0.5875
6162           92    1                 103      22     1 0.5875
6163          100    1                 103      82     1 0.5875
6164           82    1                 103       4     0 0.5875
6165           94    0                 103      82     0 0.5875
6166            4    0                 103       3     0 0.5875
6167           99    0                 103      82     1 0.5875
6168           21    0                 103       3     0 0.5875
6169           37    0                 103      41     0 0.5875
6170           89    0                 103      20     1 0.5875
6171           99    1                 103      97     1 0.5875
6172           86    0                 103      21     1 0.5875
6173           81    0                 103       3     1 0.5875
6174           99    1                 103      98     1 0.5875
6175          100    0                 103      39     1 0.5875
6176          100    0                 103      99     1 0.5875
6177          100    0                 103       4     1 0.5875
6178           32    1                 103       3     0 0.5875
6179          100    0                 103      98     1 0.5875
6180           95    0                 103       2     1 0.5875
6181           78    1                 104       1     0 0.5708
6182           70    0                 104       1     1 0.5708
6183           74    1                 104      58     1 0.5708
6184           78    1                 104       1     1 0.5708
6185           60    1                 104       1     0 0.5708
6186           77    1                 104       1     1 0.5708
6187           65    1                 104       1     0 0.5708
6188           63    1                 104       1     1 0.5708
6189            7    1                 104       1     0 0.5708
6190           10    0                 104       1     0 0.5708
6191           13    0                 104       1     0 0.5708
6192           65    0                 104       1     1 0.5708
6193           43    0                 104       1     0 0.5708
6194           22    1                 104       1     1 0.5708
6195           78    0                 104       1     1 0.5708
6196           92    0                 104      60     0 0.5708
6197           75    1                 104       3     0 0.5708
6198           70    1                 104       1     1 0.5708
6199           79    0                 104      57     1 0.5708
6200           76    1                 104      59     1 0.5708
6201           81    0                 104       1     0 0.5708
6202           76    1                 104      19     0 0.5708
6203           81    0                 104       1     1 0.5708
6204           82    0                 104      61     1 0.5708
6205           41    0                 104       1     1 0.5708
6206           76    1                 104      60     1 0.5708
6207           65    1                 104       1     0 0.5708
6208           84    0                 104      60     1 0.5708
6209            9    1                 104       1     0 0.5708
6210           32    1                 104       1     0 0.5708
6211           75    0                 104       1     0 0.5708
6212           60    0                 104       1     0 0.5708
6213           17    0                 104       1     0 0.5708
6214           20    1                 104       1     0 0.5708
6215           31    0                 104       1     0 0.5708
6216           76    1                 104       1     0 0.5708
6217           39    0                 104       1     0 0.5708
6218           58    0                 104      20     0 0.5708
6219           78    1                 104       1     0 0.5708
6220           23    0                 104       1     0 0.5708
6221           72    1                 104       1     1 0.5708
6222           74    0                 104       1     1 0.5708
6223           93    1                 104      59     1 0.5708
6224           82    0                 104       1     0 0.5708
6225           77    0                 104       1     0 0.5708
6226           19    1                 104       1     0 0.5708
6227           82    0                 104       1     1 0.5708
6228           61    1                 104       1     0 0.5708
6229           10    0                 104       1     0 0.5708
6230           56    1                 104       1     1 0.5708
6231           65    0                 104      59     1 0.5708
6232           74    1                 104      60     1 0.5708
6233           26    0                 104       1     1 0.5708
6234           93    0                 104      63     1 0.5708
6235           70    1                 104       1     1 0.5708
6236           72    0                 104      61     1 0.5708
6237           97    1                 104      61     1 0.5708
6238           75    1                 104       1     0 0.5708
6239           81    0                 104       1     1 0.5708
6240           64    1                 104       1     1 0.5708
6241            1    1                 105       1     0 0.5566
6242           94    1                 105       1     1 0.5566
6243           82    1                 105      23     1 0.5566
6244           87    1                 105       1     1 0.5566
6245           39    0                 105      19     0 0.5566
6246           84    0                 105       1     1 0.5566
6247           21    1                 105       1     0 0.5566
6248           62    1                 105       1     1 0.5566
6249           39    0                 105       1     0 0.5566
6250           61    0                 105       1     0 0.5566
6251           12    0                 105       1     0 0.5566
6252           79    0                 105       1     1 0.5566
6253           40    1                 105       1     0 0.5566
6254           50    1                 105       1     1 0.5566
6255           81    1                 105       1     1 0.5566
6256           92    1                 105       1     0 0.5566
6257           44    0                 105       1     0 0.5566
6258           50    0                 105       1     1 0.5566
6259           63    1                 105       1     1 0.5566
6260           68    0                 105       1     1 0.5566
6261           30    0                 105       1     0 0.5566
6262           69    0                 105       1     0 0.5566
6263           84    0                 105       1     1 0.5566
6264           76    0                 105       1     1 0.5566
6265           63    0                 105       1     1 0.5566
6266           82    0                 105       1     1 0.5566
6267           62    1                 105       1     0 0.5566
6268           86    1                 105      19     1 0.5566
6269           50    1                 105       1     0 0.5566
6270           47    1                 105       1     0 0.5566
6271           96    0                 105      64     0 0.5566
6272           87    1                 105       1     0 0.5566
6273           50    1                 105       1     0 0.5566
6274           37    1                 105       1     0 0.5566
6275           21    1                 105       1     0 0.5566
6276           20    1                 105       1     0 0.5566
6277           60    1                 105       1     0 0.5566
6278           38    0                 105       1     0 0.5566
6279           65    0                 105       1     0 0.5566
6280           68    1                 105       1     0 0.5566
6281           47    0                 105       1     1 0.5566
6282           80    1                 105       1     1 0.5566
6283           82    1                 105       1     1 0.5566
6284           90    1                 105       1     0 0.5566
6285           56    0                 105       1     0 0.5566
6286           34    0                 105       1     0 0.5566
6287           50    0                 105       1     1 0.5566
6288           69    1                 105       1     0 0.5566
6289           24    0                 105       1     0 0.5566
6290           59    0                 105       1     1 0.5566
6291           85    1                 105       1     1 0.5566
6292           50    0                 105       1     1 0.5566
6293           40    1                 105       1     1 0.5566
6294          100    0                 105       1     1 0.5566
6295           37    0                 105       1     1 0.5566
6296           93    0                 105       2     1 0.5566
6297           65    0                 105       1     1 0.5566
6298           16    1                 105       1     0 0.5566
6299           88    1                 105       1     1 0.5566
6300           78    0                 105       1     1 0.5566
6301           12    0                 106       1     0 0.7212
6302           80    0                 106      18     1 0.7212
6303          100    0                 106      99     1 0.7212
6304           76    1                 106      40     1 0.7212
6305           37    1                 106      13     0 0.7212
6306           82    1                 106      21     1 0.7212
6307           19    1                 106       1     0 0.7212
6308           54    0                 106       1     1 0.7212
6309            6    0                 106       1     0 0.7212
6310           22    0                 106       1     0 0.7212
6311           43    1                 106       1     0 0.7212
6312           81    0                 106      58     1 0.7212
6313           53    0                 106      17     0 0.7212
6314           79    0                 106      38     1 0.7212
6315           75    0                 106      18     1 0.7212
6316           41    1                 106       1     0 0.7212
6317           52    1                 106       1     0 0.7212
6318           43    1                 106       2     1 0.7212
6319           84    1                 106      43     1 0.7212
6320           84    1                 106      81     1 0.7212
6321            5    0                 106       1     0 0.7212
6322            1    1                 106       1     0 0.7212
6323           85    1                 106      81     1 0.7212
6324           54    0                 106       2     1 0.7212
6325           84    0                 106      81     1 0.7212
6326           55    1                 106       5     1 0.7212
6327           34    0                 106       2     0 0.7212
6328           80    1                 106      60     1 0.7212
6329           14    0                 106       2     0 0.7212
6330           10    1                 106       1     0 0.7212
6331           23    0                 106       1     0 0.7212
6332           18    0                 106       2     0 0.7212
6333            7    1                 106       1     0 0.7212
6334            7    0                 106       2     0 0.7212
6335           19    1                 106       1     0 0.7212
6336           62    1                 106       2     0 0.7212
6337           21    1                 106       1     0 0.7212
6338           22    1                 106       1     0 0.7212
6339           66    1                 106      41     0 0.7212
6340           40    0                 106      22     0 0.7212
6341           76    0                 106      78     1 0.7212
6342           78    1                 106      60     1 0.7212
6343           54    1                 106       7     1 0.7212
6344           23    0                 106       1     0 0.7212
6345           60    1                 106      22     0 0.7212
6346           22    1                 106       2     0 0.7212
6347           95    0                 106      82     1 0.7212
6348           19    0                 106       1     0 0.7212
6349           12    1                 106       1     0 0.7212
6350           81    1                 106      59     1 0.7212
6351           95    0                 106      81     1 0.7212
6352           55    0                 106      15     1 0.7212
6353           40    1                 106       6     1 0.7212
6354           95    0                 106      80     1 0.7212
6355           54    0                 106       3     1 0.7212
6356           63    0                 106      21     1 0.7212
6357           80    1                 106      25     1 0.7212
6358           39    0                 106       2     0 0.7212
6359           77    1                 106      62     1 0.7212
6360           90    0                 106      62     1 0.7212
6361            4    0                 107      60     0 0.5521
6362           61    1                 107      79     1 0.5521
6363           61    1                 107      59     1 0.5521
6364           78    1                 107      81     1 0.5521
6365           20    1                 107      22     0 0.5521
6366           61    0                 107      60     1 0.5521
6367            2    1                 107       2     0 0.5521
6368           39    0                 107       4     1 0.5521
6369           60    1                 107      22     0 0.5521
6370           42    1                 107      20     0 0.5521
6371            4    1                 107       3     0 0.5521
6372           59    1                 107      42     1 0.5521
6373           83    1                 107      62     0 0.5521
6374           22    1                 107       4     1 0.5521
6375           97    1                 107      97     1 0.5521
6376           61    0                 107      81     0 0.5521
6377           59    1                 107      40     0 0.5521
6378           61    0                 107      40     1 0.5521
6379           79    0                 107      40     1 0.5521
6380           79    0                 107      59     1 0.5521
6381            5    0                 107      20     0 0.5521
6382           80    0                 107      62     0 0.5521
6383           21    0                 107      41     1 0.5521
6384           59    1                 107      60     1 0.5521
6385           81    0                 107      61     1 0.5521
6386           80    1                 107      80     1 0.5521
6387           80    1                 107      43     0 0.5521
6388            1    0                 107       3     1 0.5521
6389            4    0                 107       4     0 0.5521
6390           39    1                 107       4     0 0.5521
6391           19    1                 107      21     0 0.5521
6392           19    0                 107      20     0 0.5521
6393           61    0                 107      41     0 0.5521
6394           42    1                 107      41     0 0.5521
6395            4    0                 107       2     0 0.5521
6396           21    1                 107      40     0 0.5521
6397           40    0                 107      19     0 0.5521
6398            4    0                 107       2     0 0.5521
6399           78    0                 107      61     0 0.5521
6400            4    0                 107       2     0 0.5521
6401           80    1                 107      62     1 0.5521
6402           81    1                 107      80     1 0.5521
6403           79    0                 107      81     1 0.5521
6404           40    1                 107      41     0 0.5521
6405           62    1                 107      40     0 0.5521
6406           21    0                 107       4     0 0.5521
6407           99    1                 107      98     1 0.5521
6408            4    0                 107      21     0 0.5521
6409            4    0                 107       4     0 0.5521
6410           78    1                 107      41     1 0.5521
6411           61    0                 107      61     1 0.5521
6412           63    1                 107      60     1 0.5521
6413           40    1                 107      18     1 0.5521
6414           97    0                 107      81     1 0.5521
6415           80    0                 107      60     1 0.5521
6416           79    0                 107      80     1 0.5521
6417          100    0                 107      98     1 0.5521
6418           60    1                 107      41     0 0.5521
6419           80    1                 107      61     1 0.5521
6420           40    0                 107      40     1 0.5521
6421           40    0                 108       6     0 0.7125
6422           84    1                 108      70     1 0.7125
6423           86    1                 108      73     1 0.7125
6424           68    1                 108      67     1 0.7125
6425           56    1                 108      46     0 0.7125
6426           67    1                 108      78     1 0.7125
6427           34    0                 108       7     0 0.7125
6428           47    1                 108      69     1 0.7125
6429           27    1                 108       6     0 0.7125
6430           38    0                 108       3     0 0.7125
6431           30    1                 108       4     0 0.7125
6432           66    0                 108      77     1 0.7125
6433           83    0                 108       4     0 0.7125
6434           66    0                 108      68     1 0.7125
6435           73    1                 108      73     1 0.7125
6436           38    0                 108      44     0 0.7125
6437           39    1                 108       4     0 0.7125
6438           57    1                 108       4     1 0.7125
6439           62    0                 108      62     1 0.7125
6440           74    1                 108      76     1 0.7125
6441           10    0                 108       2     0 0.7125
6442           11    1                 108       3     0 0.7125
6443           74    1                 108      81     1 0.7125
6444           61    0                 108      67     1 0.7125
6445           70    0                 108      74     1 0.7125
6446           60    1                 108      68     1 0.7125
6447           29    0                 108       7     0 0.7125
6448           80    0                 108      88     1 0.7125
6449           26    0                 108       2     0 0.7125
6450           42    1                 108       2     0 0.7125
6451            1    1                 108       1     0 0.7125
6452           37    1                 108       7     0 0.7125
6453           44    1                 108       3     0 0.7125
6454           28    0                 108       4     0 0.7125
6455           43    0                 108       2     0 0.7125
6456           41    1                 108      66     0 0.7125
6457           26    0                 108       3     0 0.7125
6458           27    0                 108       3     0 0.7125
6459           62    1                 108      67     0 0.7125
6460           29    0                 108       6     0 0.7125
6461           59    1                 108      75     1 0.7125
6462           75    0                 108      73     1 0.7125
6463           74    0                 108      75     1 0.7125
6464           29    1                 108       3     0 0.7125
6465           63    0                 108      60     0 0.7125
6466           63    1                 108      71     0 0.7125
6467           76    1                 108      70     1 0.7125
6468            6    1                 108       2     0 0.7125
6469           20    1                 108       4     0 0.7125
6470           69    1                 108      90     1 0.7125
6471           79    0                 108      75     1 0.7125
6472           56    1                 108      44     1 0.7125
6473           40    0                 108       3     1 0.7125
6474           89    0                 108      82     1 0.7125
6475           41    0                 108       3     1 0.7125
6476           61    0                 108      67     1 0.7125
6477           80    0                 108       6     1 0.7125
6478           56    1                 108       6     0 0.7125
6479           68    0                 108      90     1 0.7125
6480           65    0                 108      82     1 0.7125
6481            1    1                 109      78     0 0.6444
6482           80    1                 109      67     1 0.6444
6483           69    1                 109      78     1 0.6444
6484           68    1                 109      26     1 0.6444
6485           81    0                 109      55     0 0.6444
6486           57    1                 109      74     1 0.6444
6487            2    0                 109       1     0 0.6444
6488           29    0                 109       9     1 0.6444
6489           12    0                 109       5     0 0.6444
6490            1    1                 109       1     0 0.6444
6491            8    1                 109       3     0 0.6444
6492           59    0                 109      63     1 0.6444
6493           17    0                 109       5     0 0.6444
6494           81    1                 109      23     1 0.6444
6495           96    0                 109      75     1 0.6444
6496           89    1                 109      81     0 0.6444
6497           20    0                 109      27     0 0.6444
6498            5    0                 109       3     1 0.6444
6499           63    1                 109      68     1 0.6444
6500           76    0                 109      89     1 0.6444
6501           24    1                 109       5     0 0.6444
6502           86    0                 109      67     0 0.6444
6503           53    1                 109      73     1 0.6444
6504           99    0                 109      87     1 0.6444
6505           90    1                 109      91     1 0.6444
6506           92    0                 109      92     1 0.6444
6507           40    1                 109       6     0 0.6444
6508           63    0                 109      86     1 0.6444
6509           62    1                 109      62     0 0.6444
6510           53    1                 109      17     0 0.6444
6511            6    1                 109       2     0 0.6444
6512           28    0                 109      17     0 0.6444
6513            1    0                 109       1     0 0.6444
6514           10    0                 109       6     0 0.6444
6515            1    1                 109       6     0 0.6444
6516           62    0                 109      14     0 0.6444
6517            8    1                 109      15     0 0.6444
6518           16    1                 109       4     0 0.6444
6519           68    1                 109      57     0 0.6444
6520           60    0                 109      87     0 0.6444
6521           94    1                 109      71     1 0.6444
6522           99    0                 109      97     1 0.6444
6523           81    1                 109      35     1 0.6444
6524           63    1                 109      20     0 0.6444
6525           67    0                 109      24     0 0.6444
6526           44    0                 109      47     0 0.6444
6527            8    0                 109       1     1 0.6444
6528           30    0                 109       9     0 0.6444
6529           19    1                 109      30     0 0.6444
6530           81    1                 109      90     1 0.6444
6531           76    0                 109      80     1 0.6444
6532           20    0                 109       7     1 0.6444
6533           31    0                 109      26     1 0.6444
6534           88    0                 109      85     1 0.6444
6535           68    0                 109      16     1 0.6444
6536          100    1                 109      99     1 0.6444
6537           60    1                 109      54     1 0.6444
6538           38    1                 109      26     0 0.6444
6539           94    1                 109      88     1 0.6444
6540           83    0                 109      95     1 0.6444
6541           21    1                 110       3     0 0.6938
6542           75    1                 110      60     1 0.6938
6543           85    0                 110      66     1 0.6938
6544           21    1                 110      19     1 0.6938
6545           63    1                 110      72     0 0.6938
6546           62    1                 110      30     1 0.6938
6547           18    0                 110      13     0 0.6938
6548           73    1                 110      66     1 0.6938
6549           59    1                 110      28     0 0.6938
6550           11    0                 110       1     0 0.6938
6551           65    0                 110      23     0 0.6938
6552           88    1                 110      19     1 0.6938
6553           74    1                 110      61     0 0.6938
6554           13    0                 110      11     1 0.6938
6555           78    0                 110      56     1 0.6938
6556           23    0                 110      20     0 0.6938
6557           13    1                 110       1     0 0.6938
6558           50    0                 110      59     1 0.6938
6559           88    1                 110      60     1 0.6938
6560           85    1                 110      37     1 0.6938
6561            1    1                 110       1     0 0.6938
6562           18    1                 110      13     0 0.6938
6563           73    0                 110      59     1 0.6938
6564           91    0                 110      65     1 0.6938
6565           65    1                 110      32     1 0.6938
6566          100    1                 110      82     1 0.6938
6567           19    1                 110      13     0 0.6938
6568           91    0                 110      72     1 0.6938
6569            9    0                 110      10     0 0.6938
6570           28    1                 110      13     0 0.6938
6571            1    1                 110       1     0 0.6938
6572           77    0                 110      75     0 0.6938
6573            1    0                 110       1     0 0.6938
6574           15    0                 110       1     0 0.6938
6575           36    0                 110       8     0 0.6938
6576           58    1                 110      11     0 0.6938
6577           79    1                 110      59     0 0.6938
6578           23    0                 110      16     0 0.6938
6579           67    0                 110      68     0 0.6938
6580           96    1                 110       9     0 0.6938
6581           91    0                 110      68     1 0.6938
6582           91    1                 110      59     1 0.6938
6583           76    0                 110      60     1 0.6938
6584           96    0                 110      63     0 0.6938
6585           89    0                 110      70     0 0.6938
6586           70    1                 110      62     0 0.6938
6587           91    0                 110      69     1 0.6938
6588           67    0                 110      29     0 0.6938
6589           20    0                 110      17     0 0.6938
6590           60    0                 110      15     1 0.6938
6591           90    1                 110      75     1 0.6938
6592          100    1                 110      61     1 0.6938
6593           64    0                 110      37     1 0.6938
6594           91    1                 110      62     1 0.6938
6595           32    0                 110      17     1 0.6938
6596           84    0                 110      66     1 0.6938
6597           91    1                 110      25     1 0.6938
6598           15    1                 110      13     0 0.6938
6599           76    1                 110      95     1 0.6938
6600           64    0                 110      62     1 0.6938
6601            1    1                 111       1     0 0.8358
6602           79    0                 111      61     1 0.8358
6603           50    0                 111      38     1 0.8358
6604           63    0                 111      75     1 0.8358
6605          100    1                 111     100     0 0.8358
6606           52    0                 111      62     1 0.8358
6607            1    1                 111       1     0 0.8358
6608           70    1                 111       9     1 0.8358
6609            1    0                 111       1     0 0.8358
6610            1    1                 111       1     0 0.8358
6611           75    0                 111      14     0 0.8358
6612           79    1                 111      41     1 0.8358
6613           21    1                 111      11     0 0.8358
6614           95    0                 111      58     1 0.8358
6615          100    0                 111     100     1 0.8358
6616           79    1                 111      56     0 0.8358
6617            1    1                 111       1     0 0.8358
6618           39    1                 111       1     1 0.8358
6619           88    0                 111      78     1 0.8358
6620          100    1                 111      81     1 0.8358
6621            1    0                 111       1     0 0.8358
6622           98    0                 111      65     0 0.8358
6623           89    1                 111      63     1 0.8358
6624           56    1                 111       1     1 0.8358
6625          100    0                 111      99     1 0.8358
6626           69    1                 111      67     1 0.8358
6627            1    1                 111       1     0 0.8358
6628          100    0                 111     100     1 0.8358
6629            2    1                 111       1     0 0.8358
6630            2    1                 111       1     0 0.8358
6631           60    0                 111       1     0 0.8358
6632           38    0                 111       1     0 0.8358
6633           50    0                 111       1     0 0.8358
6634            1    1                 111       1     0 0.8358
6635            1    0                 111       1     0 0.8358
6636           55    0                 111       1     0 0.8358
6637           50    0                 111       1     0 0.8358
6638            1    0                 111       1     0 0.8358
6639           58    1                 111       1     0 0.8358
6640            1    0                 111       1     0 0.8358
6641          100    0                 111     100     1 0.8358
6642          100    1                 111     100     1 0.8358
6643          100    0                 111     100     1 0.8358
6644           56    1                 111       1     0 0.8358
6645           60    1                 111      43     0 0.8358
6646           40    0                 111       1     0 0.8358
6647           88    1                 111      80     1 0.8358
6648           20    1                 111       1     0 0.8358
6649           11    0                 111       1     0 0.8358
6650           81    0                 111      99     1 0.8358
6651           82    1                 111      84     1 0.8358
6652           45    1                 111       5     1 0.8358
6653           50    0                 111       1     1 0.8358
6654          100    0                 111      84     1 0.8358
6655           50    0                 111       1     1 0.8358
6656           99    0                 111     100     1 0.8358
6657           97    1                 111     100     1 0.8358
6658           56    1                 111      23     0 0.8358
6659           97    1                 111      55     1 0.8358
6660           97    1                 111      60     1 0.8358
6661           15    1                 112       1     0 0.2292
6662           75    0                 112      54     1 0.2292
6663           55    0                 112      38     1 0.2292
6664           73    0                 112      60     1 0.2292
6665           38    0                 112       1     0 0.2292
6666           80    1                 112      71     1 0.2292
6667           10    0                 112       1     0 0.2292
6668           38    1                 112       2     1 0.2292
6669           13    0                 112       1     0 0.2292
6670           31    1                 112       1     0 0.2292
6671           24    0                 112       1     0 0.2292
6672           81    0                 112      84     1 0.2292
6673           91    1                 112      86     0 0.2292
6674           68    1                 112       2     1 0.2292
6675           90    1                 112      64     1 0.2292
6676           60    1                 112      90     0 0.2292
6677           35    0                 112      42     0 0.2292
6678           34    1                 112      22     1 0.2292
6679           76    1                 112      58     1 0.2292
6680           91    1                 112      78     1 0.2292
6681           34    1                 112       1     0 0.2292
6682           73    1                 112      74     0 0.2292
6683           81    0                 112      80     1 0.2292
6684           91    1                 112      44     1 0.2292
6685           77    1                 112      80     1 0.2292
6686           91    0                 112      88     1 0.2292
6687           22    1                 112      20     0 0.2292
6688           81    0                 112      90     1 0.2292
6689            2    0                 112       1     0 0.2292
6690           34    0                 112       1     0 0.2292
6691           33    1                 112       1     0 0.2292
6692            1    1                 112       1     0 0.2292
6693           44    1                 112       1     0 0.2292
6694           33    1                 112       1     0 0.2292
6695           62    0                 112     100     0 0.2292
6696           57    0                 112       1     0 0.2292
6697           20    1                 112       1     0 0.2292
6698           37    0                 112      22     0 0.2292
6699           87    0                 112      86     0 0.2292
6700           13    1                 112       1     0 0.2292
6701           58    0                 112      61     1 0.2292
6702           80    1                 112      73     1 0.2292
6703           79    0                 112      87     1 0.2292
6704           61    1                 112      71     0 0.2292
6705           40    0                 112       2     0 0.2292
6706           43    0                 112      41     0 0.2292
6707           62    1                 112      74     1 0.2292
6708            1    1                 112       1     0 0.2292
6709           26    1                 112       1     0 0.2292
6710           67    0                 112      87     1 0.2292
6711           59    0                 112      42     1 0.2292
6712           61    0                 112      54     1 0.2292
6713           16    1                 112       1     1 0.2292
6714           91    1                 112      83     1 0.2292
6715           91    1                 112      73     1 0.2292
6716           73    0                 112      91     1 0.2292
6717           74    0                 112      46     1 0.2292
6718           61    0                 112      91     0 0.2292
6719           63    0                 112      85     1 0.2292
6720           13    0                 112       2     1 0.2292
6721            4    1                 113       1     0 0.6000
6722           50    0                 113      12     1 0.6000
6723           79    1                 113      81     1 0.6000
6724           80    0                 113      40     1 0.6000
6725           41    0                 113      21     0 0.6000
6726           81    1                 113      66     1 0.6000
6727           21    1                 113       1     0 0.6000
6728           80    1                 113      41     1 0.6000
6729            2    1                 113       1     0 0.6000
6730           21    1                 113       3     0 0.6000
6731           21    0                 113       1     0 0.6000
6732           80    0                 113      81     1 0.6000
6733           50    1                 113       6     0 0.6000
6734           20    1                 113       1     1 0.6000
6735           97    0                 113      81     1 0.6000
6736           59    0                 113      80     0 0.6000
6737           61    0                 113      27     0 0.6000
6738           50    0                 113      12     1 0.6000
6739           77    0                 113      40     1 0.6000
6740           82    1                 113      82     1 0.6000
6741           41    1                 113      13     0 0.6000
6742           80    1                 113       6     0 0.6000
6743           82    0                 113      83     1 0.6000
6744           79    0                 113      60     1 0.6000
6745           80    1                 113      89     1 0.6000
6746           81    0                 113      96     1 0.6000
6747           40    0                 113      11     0 0.6000
6748           95    1                 113      96     1 0.6000
6749           59    1                 113      26     0 0.6000
6750           50    0                 113      20     0 0.6000
6751            1    1                 113       6     0 0.6000
6752           41    0                 113      62     0 0.6000
6753           21    0                 113       6     0 0.6000
6754            4    0                 113       1     0 0.6000
6755           50    1                 113       8     0 0.6000
6756           80    1                 113      42     0 0.6000
6757           60    1                 113      21     0 0.6000
6758           20    1                 113       7     0 0.6000
6759           80    0                 113      80     0 0.6000
6760            6    1                 113       1     0 0.6000
6761           80    1                 113      81     1 0.6000
6762           81    0                 113       3     1 0.6000
6763           96    1                 113      86     1 0.6000
6764           81    0                 113      73     0 0.6000
6765           81    0                 113      79     0 0.6000
6766           50    0                 113      20     0 0.6000
6767           96    1                 113      82     1 0.6000
6768           40    0                 113      20     0 0.6000
6769           61    1                 113       6     0 0.6000
6770           79    1                 113      93     1 0.6000
6771           89    0                 113      80     1 0.6000
6772           50    0                 113      15     1 0.6000
6773           41    0                 113       4     1 0.6000
6774           79    0                 113      88     1 0.6000
6775           80    1                 113      39     1 0.6000
6776           96    1                 113      41     1 0.6000
6777           98    1                 113      80     1 0.6000
6778           50    0                 113      16     0 0.6000
6779           79    1                 113      91     1 0.6000
6780           61    0                 113      21     1 0.6000
6781            2    0                 114       1     0 0.6910
6782           83    0                 114      99     1 0.6910
6783           99    0                 114      55     1 0.6910
6784           95    0                 114      99     1 0.6910
6785           50    0                 114      80     0 0.6910
6786           74    1                 114      95     1 0.6910
6787           88    0                 114      24     0 0.6910
6788            2    0                 114       2     1 0.6910
6789           50    0                 114       3     0 0.6910
6790            1    0                 114       2     0 0.6910
6791            1    1                 114       5     0 0.6910
6792           92    0                 114      99     1 0.6910
6793          100    1                 114      64     0 0.6910
6794           50    1                 114       2     1 0.6910
6795           99    1                 114      99     1 0.6910
6796           74    1                 114      95     0 0.6910
6797           90    1                 114      29     0 0.6910
6798            2    0                 114       2     1 0.6910
6799           94    1                 114      99     1 0.6910
6800           88    1                 114      88     1 0.6910
6801            1    0                 114       1     0 0.6910
6802           98    1                 114      80     0 0.6910
6803           74    1                 114      71     1 0.6910
6804           93    0                 114      79     1 0.6910
6805           99    1                 114      98     1 0.6910
6806           82    1                 114      97     1 0.6910
6807           94    1                 114      95     0 0.6910
6808          100    0                 114      99     1 0.6910
6809           50    0                 114      39     0 0.6910
6810           50    0                 114       3     0 0.6910
6811            4    1                 114       4     0 0.6910
6812           71    0                 114      81     0 0.6910
6813           15    0                 114      42     0 0.6910
6814           19    0                 114      38     0 0.6910
6815           15    0                 114      11     0 0.6910
6816           48    1                 114      27     0 0.6910
6817            3    1                 114       5     0 0.6910
6818           50    1                 114      24     0 0.6910
6819           76    0                 114      96     0 0.6910
6820           44    0                 114      97     0 0.6910
6821           87    0                 114      98     1 0.6910
6822           95    0                 114      98     1 0.6910
6823           50    1                 114      79     1 0.6910
6824           70    1                 114      61     0 0.6910
6825           80    0                 114      33     0 0.6910
6826           54    1                 114      57     0 0.6910
6827           99    1                 114      61     1 0.6910
6828           84    0                 114      61     0 0.6910
6829            5    0                 114       1     0 0.6910
6830           50    1                 114      29     1 0.6910
6831           86    1                 114      97     1 0.6910
6832           67    0                 114      65     1 0.6910
6833           50    0                 114      42     1 0.6910
6834           99    0                 114      82     1 0.6910
6835           50    1                 114      41     1 0.6910
6836           96    1                 114      81     1 0.6910
6837           99    1                 114      97     1 0.6910
6838           49    1                 114      24     0 0.6910
6839           98    1                 114     100     1 0.6910
6840           64    1                 114      42     1 0.6910
6841            1    1                 115       1     0 0.4333
6842           73    0                 115       1     1 0.4333
6843           54    0                 115       1     1 0.4333
6844           98    0                 115      64     1 0.4333
6845           68    1                 115       1     0 0.4333
6846           60    1                 115       1     1 0.4333
6847           74    1                 115       1     0 0.4333
6848           47    1                 115       1     1 0.4333
6849            1    0                 115       1     0 0.4333
6850           31    0                 115       1     0 0.4333
6851           22    1                 115       1     0 0.4333
6852           90    0                 115      62     1 0.4333
6853           30    0                 115       1     0 0.4333
6854           61    0                 115       1     1 0.4333
6855           98    1                 115       1     1 0.4333
6856           65    0                 115      29     0 0.4333
6857           35    0                 115       1     0 0.4333
6858           35    0                 115       1     1 0.4333
6859           50    1                 115       1     1 0.4333
6860           93    0                 115      83     1 0.4333
6861           51    1                 115       1     0 0.4333
6862           88    1                 115       1     0 0.4333
6863           62    1                 115      68     1 0.4333
6864           93    0                 115      67     1 0.4333
6865           88    1                 115      79     1 0.4333
6866           98    0                 115      60     1 0.4333
6867           61    0                 115      29     0 0.4333
6868           81    0                 115      84     1 0.4333
6869           91    0                 115      18     0 0.4333
6870           52    1                 115      22     0 0.4333
6871           56    0                 115      59     0 0.4333
6872           69    1                 115       1     0 0.4333
6873           11    1                 115       1     0 0.4333
6874           95    0                 115      22     0 0.4333
6875            4    1                 115       1     0 0.4333
6876            8    0                 115       1     0 0.4333
6877           87    0                 115      69     0 0.4333
6878           88    1                 115      59     0 0.4333
6879           82    1                 115       1     0 0.4333
6880           14    1                 115       1     0 0.4333
6881           88    1                 115      40     1 0.4333
6882           86    1                 115      60     1 0.4333
6883           91    1                 115      83     1 0.4333
6884           54    1                 115       1     0 0.4333
6885           67    0                 115      15     0 0.4333
6886           16    0                 115       1     0 0.4333
6887           90    1                 115      71     1 0.4333
6888           58    0                 115       1     0 0.4333
6889           81    1                 115       1     0 0.4333
6890           58    0                 115      68     1 0.4333
6891           86    0                 115      74     1 0.4333
6892           52    0                 115       1     1 0.4333
6893           52    1                 115       1     1 0.4333
6894          100    0                 115      76     1 0.4333
6895           65    1                 115       1     1 0.4333
6896           90    1                 115      75     1 0.4333
6897           75    0                 115      42     1 0.4333
6898           57    1                 115       1     0 0.4333
6899           39    0                 115       1     1 0.4333
6900           76    1                 115      40     1 0.4333
6901            6    1                 116       1     0 0.3427
6902           71    0                 116      40     1 0.3427
6903           71    0                 116     100     1 0.3427
6904           91    0                 116       1     1 0.3427
6905           80    0                 116       4     0 0.3427
6906           71    1                 116      61     1 0.3427
6907           36    1                 116       1     0 0.3427
6908           48    1                 116      23     1 0.3427
6909           38    1                 116       9     0 0.3427
6910            4    0                 116       1     0 0.3427
6911            7    1                 116       1     0 0.3427
6912           76    1                 116       1     1 0.3427
6913           61    1                 116       5     0 0.3427
6914           28    0                 116      25     1 0.3427
6915           63    0                 116       3     1 0.3427
6916           61    0                 116       9     0 0.3427
6917           70    1                 116       5     0 0.3427
6918           42    1                 116       1     1 0.3427
6919           61    1                 116       4     1 0.3427
6920           95    1                 116      18     1 0.3427
6921           47    0                 116       1     0 0.3427
6922           10    1                 116       1     0 0.3427
6923           71    0                 116      30     1 0.3427
6924           60    1                 116       3     1 0.3427
6925           40    0                 116       1     1 0.3427
6926           72    0                 116      26     1 0.3427
6927           81    1                 116       1     0 0.3427
6928           88    1                 116      10     1 0.3427
6929           64    1                 116       1     0 0.3427
6930            2    0                 116       1     0 0.3427
6931            2    0                 116       1     0 0.3427
6932           38    1                 116       2     0 0.3427
6933           59    0                 116       4     0 0.3427
6934           38    1                 116       7     0 0.3427
6935           46    1                 116       2     0 0.3427
6936           49    0                 116       1     0 0.3427
6937           41    0                 116       1     0 0.3427
6938           38    1                 116       5     0 0.3427
6939           71    1                 116      36     0 0.3427
6940           53    1                 116       3     0 0.3427
6941           88    0                 116      14     1 0.3427
6942           95    0                 116       4     1 0.3427
6943           85    1                 116       4     1 0.3427
6944           71    0                 116      55     0 0.3427
6945           84    0                 116      54     0 0.3427
6946           52    0                 116       4     0 0.3427
6947           71    1                 116       1     1 0.3427
6948           53    0                 116       2     0 0.3427
6949            9    1                 116       1     0 0.3427
6950           90    1                 116     100     1 0.3427
6951           59    0                 116       3     1 0.3427
6952           52    0                 116       9     1 0.3427
6953           10    0                 116       1     1 0.3427
6954           93    0                 116      55     1 0.3427
6955           92    1                 116       3     1 0.3427
6956           86    0                 116      62     1 0.3427
6957           72    0                 116       1     1 0.3427
6958           55    1                 116       1     0 0.3427
6959           72    0                 116      60     1 0.3427
6960           63    1                 116      59     1 0.3427
6961            1    0                 117       1     0 0.3083
6962          100    1                 117      66     1 0.3083
6963           74    1                 117      84     1 0.3083
6964           65    1                 117       4     1 0.3083
6965           19    0                 117       7     0 0.3083
6966           86    0                 117      88     1 0.3083
6967            2    1                 117       1     0 0.3083
6968           51    0                 117       2     1 0.3083
6969            1    1                 117       1     0 0.3083
6970            1    0                 117       1     0 0.3083
6971            1    1                 117       1     0 0.3083
6972           37    1                 117      11     1 0.3083
6973           69    1                 117      18     0 0.3083
6974           96    0                 117     100     1 0.3083
6975           98    1                 117      78     1 0.3083
6976           88    1                 117     100     0 0.3083
6977           54    0                 117       1     0 0.3083
6978           87    1                 117      40     1 0.3083
6979          100    1                 117     100     1 0.3083
6980           92    1                 117      76     1 0.3083
6981           55    0                 117       1     0 0.3083
6982           89    0                 117      54     0 0.3083
6983           95    0                 117      54     1 0.3083
6984           98    0                 117      97     1 0.3083
6985           69    1                 117      27     1 0.3083
6986           94    1                 117      64     1 0.3083
6987            7    1                 117       1     0 0.3083
6988           98    0                 117      94     1 0.3083
6989           14    1                 117       1     0 0.3083
6990            1    0                 117       1     0 0.3083
6991            1    0                 117       1     0 0.3083
6992           18    1                 117       1     0 0.3083
6993            1    1                 117       1     0 0.3083
6994            1    1                 117       1     0 0.3083
6995            1    0                 117       1     0 0.3083
6996           30    0                 117      15     0 0.3083
6997            1    0                 117       1     0 0.3083
6998            1    1                 117       1     0 0.3083
6999           91    1                 117      58     0 0.3083
7000            1    1                 117       1     0 0.3083
7001           98    0                 117      92     1 0.3083
7002          100    0                 117      92     1 0.3083
7003           70    0                 117      57     1 0.3083
7004           92    0                 117       1     0 0.3083
7005           79    0                 117      84     0 0.3083
7006           14    1                 117       1     0 0.3083
7007           84    0                 117       1     1 0.3083
7008            1    1                 117       1     0 0.3083
7009            3    0                 117       1     0 0.3083
7010           87    0                 117      78     1 0.3083
7011           83    0                 117      56     1 0.3083
7012           64    0                 117       1     1 0.3083
7013            1    0                 117       1     1 0.3083
7014          100    1                 117     100     1 0.3083
7015           91    1                 117      23     1 0.3083
7016          100    1                 117      89     1 0.3083
7017          100    0                 117      88     1 0.3083
7018           13    1                 117       4     0 0.3083
7019           79    0                 117      93     1 0.3083
7020           82    1                 117      57     1 0.3083
7021           86    1                 118      77     0 1.1396
7022           86    0                 118      41     1 1.1396
7023           92    0                 118      78     1 1.1396
7024           96    1                 118      92     1 1.1396
7025           94    1                 118      95     0 1.1396
7026           78    0                 118      83     1 1.1396
7027           80    1                 118      94     0 1.1396
7028           88    1                 118      91     1 1.1396
7029           60    0                 118      97     0 1.1396
7030           92    0                 118      92     0 1.1396
7031            7    0                 118      66     0 1.1396
7032           87    0                 118      59     1 1.1396
7033           42    0                 118      91     0 1.1396
7034           89    1                 118      88     1 1.1396
7035           95    1                 118      83     1 1.1396
7036           93    1                 118      82     0 1.1396
7037           95    1                 118      76     0 1.1396
7038           93    1                 118      87     1 1.1396
7039           79    0                 118      92     1 1.1396
7040           92    0                 118      81     1 1.1396
7041           90    1                 118      76     0 1.1396
7042           65    1                 118      80     0 1.1396
7043           96    1                 118      65     1 1.1396
7044           87    1                 118      94     1 1.1396
7045           88    0                 118      82     1 1.1396
7046           95    1                 118      83     1 1.1396
7047           83    1                 118      80     0 1.1396
7048           94    0                 118      75     1 1.1396
7049           91    1                 118      93     0 1.1396
7050           92    0                 118      81     0 1.1396
7051           93    0                 118      80     0 1.1396
7052           76    1                 118      78     0 1.1396
7053           95    0                 118      83     0 1.1396
7054           85    1                 118      96     0 1.1396
7055           76    0                 118      92     0 1.1396
7056           63    0                 118      78     0 1.1396
7057           84    0                 118      82     0 1.1396
7058           93    0                 118      80     0 1.1396
7059           80    1                 118      83     0 1.1396
7060           27    0                 118      95     0 1.1396
7061           92    0                 118      85     1 1.1396
7062           93    0                 118      62     1 1.1396
7063           83    0                 118      82     1 1.1396
7064           93    1                 118      91     0 1.1396
7065           86    1                 118      93     0 1.1396
7066           73    1                 118      41     0 1.1396
7067           92    1                 118      91     1 1.1396
7068           86    1                 118      60     0 1.1396
7069           36    0                 118      39     0 1.1396
7070           84    0                 118      92     1 1.1396
7071           94    1                 118      82     1 1.1396
7072           93    1                 118      84     1 1.1396
7073           95    1                 118      90     1 1.1396
7074           79    0                 118      88     1 1.1396
7075           79    0                 118      94     1 1.1396
7076           95    0                 118      95     1 1.1396
7077           92    1                 118      94     1 1.1396
7078           66    0                 118      81     0 1.1396
7079           88    0                 118      84     1 1.1396
7080           94    1                 118      90     1 1.1396
7081           11    1                 119      21     0 0.2010
7082           90    0                 119       4     1 0.2010
7083           90    0                 119      21     1 0.2010
7084           81    1                 119      74     1 0.2010
7085           79    1                 119       4     0 0.2010
7086           91    1                 119      80     1 0.2010
7087            3    0                 119       3     0 0.2010
7088           55    1                 119      15     1 0.2010
7089            2    1                 119       6     0 0.2010
7090            3    0                 119      11     0 0.2010
7091            2    0                 119       1     0 0.2010
7092           72    0                 119      13     1 0.2010
7093           24    1                 119      12     0 0.2010
7094           91    0                 119      25     1 0.2010
7095           80    1                 119       9     1 0.2010
7096           89    1                 119      35     0 0.2010
7097            1    0                 119      22     0 0.2010
7098           42    0                 119      15     1 0.2010
7099           85    1                 119      72     1 0.2010
7100           79    0                 119      77     1 0.2010
7101            6    0                 119       3     0 0.2010
7102           35    0                 119      28     0 0.2010
7103           80    1                 119      71     1 0.2010
7104           57    0                 119       9     1 0.2010
7105           88    1                 119       4     1 0.2010
7106           18    0                 119       5     1 0.2010
7107            4    1                 119       9     0 0.2010
7108           91    0                 119      77     1 0.2010
7109            3    0                 119       1     0 0.2010
7110            2    1                 119       4     0 0.2010
7111           71    0                 119       6     0 0.2010
7112           62    1                 119       9     0 0.2010
7113            4    1                 119       6     0 0.2010
7114            6    0                 119      19     0 0.2010
7115            7    1                 119       6     0 0.2010
7116           60    0                 119      65     0 0.2010
7117            6    0                 119       2     0 0.2010
7118           11    1                 119       3     0 0.2010
7119           85    1                 119       9     0 0.2010
7120           20    0                 119       2     0 0.2010
7121           79    1                 119      13     1 0.2010
7122           82    0                 119      20     1 0.2010
7123           72    0                 119      19     1 0.2010
7124           76    1                 119      15     0 0.2010
7125           69    1                 119      78     0 0.2010
7126           15    0                 119       2     0 0.2010
7127           83    0                 119      11     1 0.2010
7128            1    0                 119       3     0 0.2010
7129            8    1                 119       1     0 0.2010
7130           57    0                 119      25     1 0.2010
7131           78    1                 119       6     1 0.2010
7132           61    1                 119      16     1 0.2010
7133            2    0                 119       3     1 0.2010
7134           80    0                 119      18     1 0.2010
7135           78    1                 119      17     1 0.2010
7136           91    1                 119       5     1 0.2010
7137           84    1                 119       3     1 0.2010
7138           88    1                 119      40     0 0.2010
7139           72    1                 119      70     1 0.2010
7140           78    0                 119      10     1 0.2010
7141           15    0                 120       1     0 0.4799
7142          100    1                 120      32     1 0.4799
7143          100    1                 120      80     1 0.4799
7144          100    1                 120      67     1 0.4799
7145           89    1                 120      61     0 0.4799
7146           83    0                 120      87     1 0.4799
7147           59    0                 120       1     0 0.4799
7148           61    0                 120       3     1 0.4799
7149           58    0                 120       9     0 0.4799
7150           62    1                 120      32     0 0.4799
7151           93    1                 120       2     0 0.4799
7152           81    0                 120      62     1 0.4799
7153           17    1                 120       1     0 0.4799
7154           19    0                 120       1     1 0.4799
7155          100    1                 120      82     1 0.4799
7156           59    1                 120       1     0 0.4799
7157           45    0                 120      29     0 0.4799
7158           61    0                 120      38     1 0.4799
7159           99    1                 120      61     1 0.4799
7160           85    1                 120      73     1 0.4799
7161            1    1                 120       1     0 0.4799
7162           81    0                 120      24     0 0.4799
7163           71    0                 120      18     1 0.4799
7164          100    1                 120      16     1 0.4799
7165          100    1                 120     100     1 0.4799
7166          100    1                 120      81     1 0.4799
7167           61    0                 120       1     0 0.4799
7168          100    0                 120      61     1 0.4799
7169           20    0                 120       1     0 0.4799
7170           60    0                 120       1     0 0.4799
7171            1    1                 120       1     0 0.4799
7172           93    1                 120      17     0 0.4799
7173            1    1                 120       1     0 0.4799
7174           16    0                 120       1     0 0.4799
7175           35    0                 120       1     0 0.4799
7176           70    1                 120      59     0 0.4799
7177           50    0                 120       1     0 0.4799
7178            1    0                 120       1     0 0.4799
7179           80    0                 120      60     0 0.4799
7180           79    1                 120       1     0 0.4799
7181           81    0                 120      55     1 0.4799
7182           99    0                 120      55     1 0.4799
7183          100    1                 120      72     1 0.4799
7184           30    1                 120       1     0 0.4799
7185           80    0                 120      69     0 0.4799
7186           60    1                 120      35     0 0.4799
7187          100    0                 120      66     1 0.4799
7188           61    0                 120      32     0 0.4799
7189           38    1                 120       6     0 0.4799
7190          100    1                 120      88     1 0.4799
7191          100    0                 120      91     1 0.4799
7192          100    0                 120      65     1 0.4799
7193           69    0                 120      53     1 0.4799
7194          100    1                 120      77     1 0.4799
7195           81    0                 120       7     1 0.4799
7196          100    1                 120     100     1 0.4799
7197          100    0                 120       1     1 0.4799
7198           57    1                 120      17     0 0.4799
7199           99    1                 120      68     1 0.4799
7200           89    1                 120      69     1 0.4799
7201           29    0                 121       5     0 0.7590
7202           59    1                 121      15     1 0.7590
7203           77    1                 121      21     1 0.7590
7204           70    1                 121      18     1 0.7590
7205           52    1                 121       3     0 0.7590
7206           76    0                 121      21     1 0.7590
7207           56    1                 121      16     0 0.7590
7208           54    1                 121      10     1 0.7590
7209           52    0                 121       8     0 0.7590
7210           52    1                 121       3     0 0.7590
7211           43    1                 121       5     0 0.7590
7212           59    0                 121      12     1 0.7590
7213           56    0                 121      10     0 0.7590
7214           43    1                 121       7     1 0.7590
7215           77    0                 121      34     1 0.7590
7216           57    0                 121       9     0 0.7590
7217           48    0                 121       8     0 0.7590
7218           58    1                 121      11     1 0.7590
7219           72    0                 121      13     1 0.7590
7220           80    0                 121      20     1 0.7590
7221           48    1                 121      11     0 0.7590
7222           45    1                 121       1     0 0.7590
7223           64    1                 121      16     1 0.7590
7224           73    1                 121      27     1 0.7590
7225           67    0                 121       6     1 0.7590
7226           65    1                 121       3     1 0.7590
7227           64    1                 121      16     0 0.7590
7228           90    1                 121      38     1 0.7590
7229           48    0                 121       6     0 0.7590
7230           45    1                 121      11     0 0.7590
7231           64    0                 121      15     0 0.7590
7232           61    1                 121      15     0 0.7590
7233           45    0                 121       8     0 0.7590
7234           37    0                 121       8     0 0.7590
7235           37    0                 121       3     0 0.7590
7236           59    0                 121      17     0 0.7590
7237           56    1                 121       9     0 0.7590
7238           46    0                 121       7     0 0.7590
7239           76    1                 121      15     0 0.7590
7240           48    1                 121       7     0 0.7590
7241           71    0                 121       8     1 0.7590
7242           82    1                 121      11     1 0.7590
7243           64    0                 121      14     1 0.7590
7244           58    1                 121      17     0 0.7590
7245           66    1                 121      23     0 0.7590
7246           51    0                 121      11     0 0.7590
7247           67    0                 121      20     1 0.7590
7248           60    0                 121      12     0 0.7590
7249           49    1                 121       6     0 0.7590
7250           69    0                 121      30     1 0.7590
7251           74    1                 121      25     1 0.7590
7252           58    1                 121      15     1 0.7590
7253           56    1                 121      16     1 0.7590
7254           72    0                 121      25     1 0.7590
7255           67    1                 121      16     1 0.7590
7256           88    0                 121      32     1 0.7590
7257           86    0                 121      15     1 0.7590
7258           39    0                 121       8     0 0.7590
7259           67    0                 121      14     1 0.7590
7260           85    0                 121      20     1 0.7590
7261           90    1                 122      80     0 0.7576
7262          100    0                 122      81     1 0.7576
7263           88    1                 122      89     1 0.7576
7264           84    0                 122      81     1 0.7576
7265           30    0                 122      42     0 0.7576
7266           79    1                 122      89     1 0.7576
7267           15    0                 122       1     0 0.7576
7268           60    0                 122      62     1 0.7576
7269            1    0                 122       1     0 0.7576
7270            1    1                 122       1     0 0.7576
7271            2    1                 122       1     0 0.7576
7272           93    0                 122      80     1 0.7576
7273            1    1                 122       1     0 0.7576
7274            1    0                 122       1     1 0.7576
7275          100    1                 122      82     1 0.7576
7276           91    0                 122      83     0 0.7576
7277           27    1                 122       1     0 0.7576
7278           54    0                 122      19     1 0.7576
7279           80    1                 122      61     1 0.7576
7280           78    0                 122     100     1 0.7576
7281            1    0                 122       1     0 0.7576
7282           29    1                 122       2     0 0.7576
7283           91    0                 122      89     1 0.7576
7284           93    0                 122      88     1 0.7576
7285           90    1                 122      90     1 0.7576
7286           90    1                 122      89     1 0.7576
7287           94    0                 122      82     0 0.7576
7288          100    0                 122     100     1 0.7576
7289            1    1                 122       1     0 0.7576
7290            9    1                 122       1     0 0.7576
7291            1    1                 122       1     0 0.7576
7292           22    1                 122       1     0 0.7576
7293            9    1                 122       2     0 0.7576
7294           23    0                 122       1     0 0.7576
7295           21    0                 122       1     0 0.7576
7296           67    1                 122      60     0 0.7576
7297           60    1                 122      30     0 0.7576
7298           71    1                 122      64     0 0.7576
7299           60    1                 122      60     0 0.7576
7300            1    1                 122       1     0 0.7576
7301           89    0                 122      80     1 0.7576
7302          100    0                 122     100     1 0.7576
7303          100    0                 122      91     1 0.7576
7304           61    1                 122      28     0 0.7576
7305           54    1                 122      41     0 0.7576
7306           23    0                 122       1     0 0.7576
7307          100    0                 122     100     1 0.7576
7308           24    0                 122       1     0 0.7576
7309            1    1                 122       1     0 0.7576
7310           61    0                 122      71     1 0.7576
7311           89    0                 122      92     1 0.7576
7312           60    1                 122       4     1 0.7576
7313           15    0                 122      10     1 0.7576
7314           94    1                 122      82     1 0.7576
7315           93    0                 122      72     1 0.7576
7316          100    0                 122      93     1 0.7576
7317          100    1                 122     100     1 0.7576
7318           60    1                 122       1     0 0.7576
7319           90    1                 122      80     1 0.7576
7320           87    0                 122      81     1 0.7576
7321           43    1                 123      27     0 0.3365
7322           50    1                 123      60     1 0.3365
7323           36    1                 123      26     1 0.3365
7324           50    1                 123      40     1 0.3365
7325           49    1                 123      37     0 0.3365
7326           35    1                 123      17     1 0.3365
7327           39    0                 123      26     0 0.3365
7328           55    0                 123      39     1 0.3365
7329           34    1                 123       1     0 0.3365
7330           50    1                 123       1     0 0.3365
7331           33    1                 123       1     0 0.3365
7332           60    1                 123      73     1 0.3365
7333           68    0                 123       1     0 0.3365
7334            2    1                 123       1     1 0.3365
7335           98    1                 123      90     1 0.3365
7336           71    0                 123      79     0 0.3365
7337           54    0                 123      25     0 0.3365
7338           77    0                 123      79     1 0.3365
7339           67    1                 123      78     1 0.3365
7340           61    0                 123      56     1 0.3365
7341           50    1                 123      30     0 0.3365
7342           58    0                 123      80     0 0.3365
7343           13    0                 123       1     1 0.3365
7344          100    1                 123     100     1 0.3365
7345           42    1                 123       2     1 0.3365
7346           66    1                 123      69     1 0.3365
7347           35    0                 123      18     0 0.3365
7348           94    1                 123     100     1 0.3365
7349           18    1                 123       6     0 0.3365
7350            1    0                 123       3     0 0.3365
7351           50    0                 123      49     0 0.3365
7352           68    0                 123      60     0 0.3365
7353           55    0                 123      25     0 0.3365
7354           10    0                 123       6     0 0.3365
7355           50    1                 123      28     0 0.3365
7356           70    0                 123     100     0 0.3365
7357           43    1                 123      41     0 0.3365
7358           35    0                 123      19     0 0.3365
7359           35    0                 123      61     0 0.3365
7360           29    1                 123       3     0 0.3365
7361          100    0                 123      78     1 0.3365
7362           97    0                 123      82     1 0.3365
7363            1    0                 123       1     1 0.3365
7364           53    1                 123      48     0 0.3365
7365           59    0                 123      78     0 0.3365
7366           31    0                 123      23     0 0.3365
7367           98    0                 123     100     1 0.3365
7368           56    1                 123      59     0 0.3365
7369           31    0                 123      51     0 0.3365
7370           55    0                 123      43     1 0.3365
7371           90    1                 123      59     1 0.3365
7372           36    1                 123      18     1 0.3365
7373           50    1                 123      24     1 0.3365
7374           77    1                 123     100     1 0.3365
7375           47    0                 123      22     1 0.3365
7376           87    0                 123      84     1 0.3365
7377          100    1                 123      88     1 0.3365
7378            8    0                 123       1     0 0.3365
7379           39    1                 123      32     1 0.3365
7380           42    0                 123      38     1 0.3365
7381            5    0                 124       4     0 0.5688
7382           96    0                 124      21     1 0.5688
7383           72    0                 124      23     1 0.5688
7384           94    1                 124      24     1 0.5688
7385           19    0                 124       2     0 0.5688
7386           80    0                 124      60     1 0.5688
7387           20    0                 124       3     0 0.5688
7388           59    0                 124       3     1 0.5688
7389           60    0                 124       5     0 0.5688
7390           61    0                 124       3     0 0.5688
7391            6    1                 124       3     0 0.5688
7392           80    0                 124       3     1 0.5688
7393           21    1                 124       3     0 0.5688
7394           50    0                 124       4     1 0.5688
7395           94    1                 124      20     1 0.5688
7396           81    1                 124      41     0 0.5688
7397           20    1                 124       4     0 0.5688
7398           20    0                 124       2     1 0.5688
7399           94    0                 124      62     1 0.5688
7400           81    0                 124      23     1 0.5688
7401            5    0                 124       3     0 0.5688
7402           17    0                 124       1     0 0.5688
7403           60    0                 124      22     1 0.5688
7404           96    1                 124      81     1 0.5688
7405           63    0                 124      21     1 0.5688
7406           79    0                 124       3     1 0.5688
7407           21    0                 124       3     0 0.5688
7408           95    1                 124      21     1 0.5688
7409            5    1                 124       4     0 0.5688
7410            3    1                 124       2     0 0.5688
7411           20    1                 124       4     0 0.5688
7412           10    0                 124       4     0 0.5688
7413           28    0                 124       4     0 0.5688
7414           22    0                 124       2     0 0.5688
7415           25    1                 124       3     0 0.5688
7416           42    1                 124       2     0 0.5688
7417           81    1                 124       3     0 0.5688
7418            5    1                 124       4     0 0.5688
7419           68    1                 124       4     0 0.5688
7420           20    1                 124       4     0 0.5688
7421           61    1                 124       3     1 0.5688
7422           96    0                 124      81     1 0.5688
7423           93    1                 124      41     1 0.5688
7424           76    0                 124       4     0 0.5688
7425           81    0                 124       3     0 0.5688
7426           62    1                 124      21     0 0.5688
7427           94    0                 124      63     1 0.5688
7428           14    1                 124       3     0 0.5688
7429            3    1                 124       2     0 0.5688
7430           94    0                 124      80     1 0.5688
7431           96    0                 124      22     1 0.5688
7432           81    1                 124      23     1 0.5688
7433            6    1                 124       3     1 0.5688
7434           95    1                 124      82     1 0.5688
7435           40    1                 124       3     1 0.5688
7436           95    1                 124      57     1 0.5688
7437           96    1                 124      21     1 0.5688
7438           61    0                 124       4     0 0.5688
7439           96    1                 124      80     1 0.5688
7440           61    1                 124      22     1 0.5688
7441           41    0                 125      38     0 0.5760
7442           99    0                 125      61     1 0.5760
7443           72    0                 125      27     1 0.5760
7444          100    0                 125      83     1 0.5760
7445           65    0                 125      19     0 0.5760
7446           82    1                 125      38     1 0.5760
7447           80    1                 125      40     0 0.5760
7448           61    1                 125      27     1 0.5760
7449           98    1                 125      35     0 0.5760
7450           63    1                 125      28     0 0.5760
7451           54    0                 125      39     0 0.5760
7452           76    0                 125      39     1 0.5760
7453           80    0                 125      41     0 0.5760
7454           13    0                 125      40     1 0.5760
7455          100    0                 125      41     1 0.5760
7456          100    0                 125      43     0 0.5760
7457           92    0                 125      40     0 0.5760
7458           63    1                 125      30     1 0.5760
7459           99    0                 125      58     1 0.5760
7460           97    1                 125      59     1 0.5760
7461           39    0                 125      40     0 0.5760
7462           86    1                 125      43     0 0.5760
7463           89    1                 125      77     1 0.5760
7464           92    0                 125      35     1 0.5760
7465           81    1                 125      45     1 0.5760
7466           94    0                 125      20     1 0.5760
7467            1    0                 125       6     0 0.5760
7468           99    1                 125      62     1 0.5760
7469           62    1                 125      34     0 0.5760
7470           82    1                 125      23     0 0.5760
7471          100    0                 125      43     0 0.5760
7472           93    1                 125      42     0 0.5760
7473           83    0                 125      44     0 0.5760
7474           15    0                 125      39     0 0.5760
7475           39    1                 125      20     0 0.5760
7476           76    1                 125      61     0 0.5760
7477           61    1                 125      22     0 0.5760
7478           65    1                 125      41     0 0.5760
7479           99    0                 125      42     0 0.5760
7480           96    1                 125      21     0 0.5760
7481           96    1                 125      58     1 0.5760
7482          100    0                 125      43     1 0.5760
7483          100    1                 125      40     1 0.5760
7484           90    1                 125      31     0 0.5760
7485           93    1                 125      41     0 0.5760
7486           69    0                 125      33     0 0.5760
7487          100    1                 125      59     1 0.5760
7488           96    1                 125      63     0 0.5760
7489           11    1                 125      10     0 0.5760
7490           74    0                 125      58     1 0.5760
7491           96    1                 125      41     1 0.5760
7492           82    1                 125      61     1 0.5760
7493           60    0                 125      41     1 0.5760
7494          100    1                 125      40     1 0.5760
7495           84    0                 125      21     1 0.5760
7496           99    0                 125      81     1 0.5760
7497          100    0                 125      41     1 0.5760
7498           65    1                 125      21     0 0.5760
7499          100    0                 125      44     1 0.5760
7500           79    0                 125      44     1 0.5760
7501           30    0                 126      11     0 0.5247
7502           75    1                 126      59     1 0.5247
7503           69    0                 126      80     1 0.5247
7504           50    0                 126      51     1 0.5247
7505           38    0                 126       6     0 0.5247
7506           70    1                 126      60     1 0.5247
7507           31    0                 126      12     0 0.5247
7508           32    1                 126      14     1 0.5247
7509           37    1                 126      11     0 0.5247
7510           34    0                 126       1     0 0.5247
7511           29    0                 126      12     0 0.5247
7512           65    1                 126      58     1 0.5247
7513           40    0                 126      18     0 0.5247
7514           82    1                 126      54     1 0.5247
7515           71    0                 126      68     1 0.5247
7516           60    1                 126      50     0 0.5247
7517           59    0                 126      28     0 0.5247
7518           43    0                 126      12     1 0.5247
7519           64    0                 126      63     1 0.5247
7520           67    0                 126      59     1 0.5247
7521           29    1                 126       1     0 0.5247
7522           32    0                 126      10     0 0.5247
7523           69    0                 126      61     1 0.5247
7524           56    0                 126      57     1 0.5247
7525           56    1                 126      59     1 0.5247
7526           65    0                 126      53     1 0.5247
7527           30    0                 126      11     0 0.5247
7528           66    1                 126      60     1 0.5247
7529           39    0                 126      23     0 0.5247
7530           32    1                 126       4     0 0.5247
7531           43    1                 126       3     0 0.5247
7532           50    0                 126      39     0 0.5247
7533           33    1                 126       8     0 0.5247
7534           40    0                 126      19     0 0.5247
7535           21    1                 126       3     0 0.5247
7536           32    0                 126       4     0 0.5247
7537           50    1                 126      21     0 0.5247
7538           34    1                 126       8     0 0.5247
7539           60    1                 126      54     0 0.5247
7540           44    1                 126       9     0 0.5247
7541           69    0                 126      62     1 0.5247
7542           64    0                 126      65     1 0.5247
7543           63    0                 126      38     1 0.5247
7544           56    0                 126      62     0 0.5247
7545           62    1                 126      59     0 0.5247
7546           26    1                 126      27     0 0.5247
7547           66    1                 126      60     1 0.5247
7548           37    1                 126      11     0 0.5247
7549           37    0                 126      51     0 0.5247
7550           62    1                 126      62     1 0.5247
7551           67    1                 126      56     1 0.5247
7552           60    0                 126      42     1 0.5247
7553           40    1                 126      34     1 0.5247
7554           77    1                 126      65     1 0.5247
7555           74    1                 126      65     1 0.5247
7556           71    0                 126      61     1 0.5247
7557           94    1                 126      39     1 0.5247
7558           59    0                 126      36     0 0.5247
7559           63    1                 126      62     1 0.5247
7560           45    1                 126      30     1 0.5247
7561            1    0                 127       1     0 0.2083
7562          100    1                 127      82     1 0.2083
7563          100    1                 127     100     1 0.2083
7564           82    0                 127       1     1 0.2083
7565           61    1                 127     100     0 0.2083
7566          100    0                 127     100     1 0.2083
7567           61    1                 127      41     0 0.2083
7568           40    0                 127       1     1 0.2083
7569           61    0                 127      40     0 0.2083
7570           20    0                 127       1     0 0.2083
7571           61    1                 127       1     0 0.2083
7572           81    0                 127      42     1 0.2083
7573           22    1                 127       1     0 0.2083
7574          100    0                 127      61     1 0.2083
7575          100    1                 127      81     1 0.2083
7576           62    0                 127      62     0 0.2083
7577           63    0                 127       1     0 0.2083
7578          100    1                 127      61     1 0.2083
7579          100    1                 127     100     1 0.2083
7580          100    1                 127     100     1 0.2083
7581           61    0                 127       1     0 0.2083
7582           81    1                 127      63     0 0.2083
7583          100    1                 127     100     1 0.2083
7584           80    1                 127      39     1 0.2083
7585          100    0                 127     100     1 0.2083
7586           61    0                 127     100     1 0.2083
7587           64    1                 127       1     0 0.2083
7588          100    1                 127      61     1 0.2083
7589            1    0                 127       1     0 0.2083
7590           62    0                 127       1     0 0.2083
7591           61    0                 127       1     0 0.2083
7592           62    0                 127       1     0 0.2083
7593           61    0                 127       1     0 0.2083
7594           61    0                 127      41     0 0.2083
7595           62    1                 127      63     0 0.2083
7596           80    1                 127      61     0 0.2083
7597           41    1                 127       1     0 0.2083
7598           22    0                 127       1     0 0.2083
7599          100    0                 127     100     0 0.2083
7600           23    0                 127       1     0 0.2083
7601          100    1                 127     100     1 0.2083
7602          100    1                 127      62     1 0.2083
7603           61    0                 127      61     1 0.2083
7604           82    1                 127      61     0 0.2083
7605           61    0                 127       1     0 0.2083
7606          100    0                 127      82     0 0.2083
7607           63    1                 127       1     1 0.2083
7608           99    1                 127      62     0 0.2083
7609            1    1                 127       1     0 0.2083
7610          100    1                 127      81     1 0.2083
7611          100    1                 127     100     1 0.2083
7612           61    0                 127      64     1 0.2083
7613           81    1                 127      60     1 0.2083
7614          100    0                 127     100     1 0.2083
7615           80    1                 127     100     1 0.2083
7616          100    0                 127     100     1 0.2083
7617          100    1                 127      41     1 0.2083
7618           80    0                 127      65     0 0.2083
7619          100    0                 127     100     1 0.2083
7620          100    1                 127     100     1 0.2083
7621            2    1                 128      84     0 0.0625
7622           99    1                 128      88     1 0.0625
7623           57    0                 128      88     1 0.0625
7624           51    1                 128      24     1 0.0625
7625           53    1                 128      68     0 0.0625
7626           86    0                 128      88     1 0.0625
7627            4    1                 128       3     0 0.0625
7628           40    0                 128       1     1 0.0625
7629           13    1                 128      22     0 0.0625
7630           20    1                 128      24     0 0.0625
7631            3    0                 128       3     0 0.0625
7632           77    0                 128      90     1 0.0625
7633           72    0                 128      77     0 0.0625
7634            2    1                 128       1     1 0.0625
7635           84    0                 128      89     1 0.0625
7636           57    0                 128      87     0 0.0625
7637           60    1                 128      86     0 0.0625
7638           53    1                 128      39     1 0.0625
7639           72    1                 128      74     1 0.0625
7640           70    0                 128      89     1 0.0625
7641           59    1                 128      20     0 0.0625
7642           90    1                 128      85     0 0.0625
7643           60    0                 128      89     1 0.0625
7644           78    0                 128      86     1 0.0625
7645           63    0                 128      82     1 0.0625
7646           63    0                 128      83     1 0.0625
7647           66    0                 128      65     0 0.0625
7648           87    1                 128     100     1 0.0625
7649           41    0                 128       3     0 0.0625
7650            7    0                 128      17     0 0.0625
7651           82    0                 128      90     0 0.0625
7652           38    1                 128      37     0 0.0625
7653           16    0                 128       2     0 0.0625
7654           38    1                 128      23     0 0.0625
7655           22    1                 128      88     0 0.0625
7656            3    1                 128       2     0 0.0625
7657           42    0                 128      17     0 0.0625
7658           28    1                 128      16     0 0.0625
7659           62    0                 128      85     0 0.0625
7660           15    0                 128       4     0 0.0625
7661           56    0                 128      83     1 0.0625
7662           88    0                 128      87     1 0.0625
7663           99    0                 128      89     1 0.0625
7664           84    0                 128      70     0 0.0625
7665           50    1                 128      40     0 0.0625
7666           55    0                 128      22     0 0.0625
7667           90    1                 128      84     1 0.0625
7668           31    1                 128      14     0 0.0625
7669            2    1                 128       1     0 0.0625
7670           71    0                 128      91     1 0.0625
7671           67    0                 128      91     1 0.0625
7672           55    1                 128      71     1 0.0625
7673           38    1                 128      19     1 0.0625
7674           89    1                 128      90     1 0.0625
7675           83    1                 128      91     1 0.0625
7676          100    0                 128      99     1 0.0625
7677          100    1                 128      69     1 0.0625
7678           59    1                 128      26     0 0.0625
7679           88    1                 128      87     1 0.0625
7680           67    0                 128      87     1 0.0625
7681           22    0                 129      12     0 0.5889
7682           87    1                 129      79     1 0.5889
7683           76    0                 129      27     1 0.5889
7684           23    0                 129       7     1 0.5889
7685            7    1                 129       1     0 0.5889
7686           69    0                 129      64     1 0.5889
7687           25    0                 129      16     0 0.5889
7688           12    1                 129       2     1 0.5889
7689           66    0                 129      80     0 0.5889
7690           38    1                 129      18     0 0.5889
7691           52    1                 129       6     0 0.5889
7692           60    1                 129      42     1 0.5889
7693           42    0                 129      59     0 0.5889
7694           66    1                 129       7     1 0.5889
7695           82    0                 129      62     1 0.5889
7696           42    0                 129      76     0 0.5889
7697           59    0                 129       7     0 0.5889
7698           43    1                 129      93     1 0.5889
7699           93    1                 129      77     1 0.5889
7700           81    1                 129      85     1 0.5889
7701           28    0                 129       1     0 0.5889
7702           21    0                 129       5     0 0.5889
7703           81    0                 129      70     1 0.5889
7704           73    1                 129      64     1 0.5889
7705           95    1                 129      93     1 0.5889
7706           70    1                 129      22     1 0.5889
7707           63    1                 129      77     0 0.5889
7708           59    1                 129      72     1 0.5889
7709           63    1                 129      40     0 0.5889
7710           63    1                 129      37     0 0.5889
7711           41    0                 129      37     0 0.5889
7712           43    0                 129      16     0 0.5889
7713           79    1                 129      11     0 0.5889
7714           22    0                 129       6     0 0.5889
7715           21    0                 129       1     0 0.5889
7716           79    1                 129      81     0 0.5889
7717            4    0                 129      27     0 0.5889
7718           61    0                 129      37     0 0.5889
7719           83    1                 129      67     0 0.5889
7720           23    1                 129       1     0 0.5889
7721           41    1                 129      80     1 0.5889
7722           79    1                 129      94     1 0.5889
7723           74    1                 129      68     1 0.5889
7724           69    0                 129      40     0 0.5889
7725           84    0                 129      79     0 0.5889
7726           83    0                 129      25     0 0.5889
7727           81    0                 129      65     1 0.5889
7728           69    1                 129      46     0 0.5889
7729            2    0                 129      14     0 0.5889
7730           86    0                 129      92     1 0.5889
7731           82    0                 129      66     1 0.5889
7732           59    1                 129      14     1 0.5889
7733           66    1                 129      32     1 0.5889
7734           85    0                 129      23     1 0.5889
7735           43    0                 129       1     1 0.5889
7736           98    1                 129     100     1 0.5889
7737           94    1                 129      56     1 0.5889
7738           42    0                 129      39     0 0.5889
7739           54    0                 129      80     1 0.5889
7740           62    1                 129      92     1 0.5889
7741            2    1                 130       1     0 0.7188
7742           95    0                 130       1     1 0.7188
7743           94    1                 130       1     1 0.7188
7744           91    1                 130       1     1 0.7188
7745           44    1                 130       1     0 0.7188
7746           94    1                 130       1     1 0.7188
7747           89    0                 130       1     0 0.7188
7748           95    0                 130       1     1 0.7188
7749           34    1                 130       1     0 0.7188
7750           66    0                 130       1     0 0.7188
7751           18    1                 130       1     0 0.7188
7752           83    0                 130       1     1 0.7188
7753            1    0                 130       1     0 0.7188
7754           22    1                 130       1     1 0.7188
7755           64    1                 130      77     1 0.7188
7756           74    1                 130       1     0 0.7188
7757          100    0                 130      97     0 0.7188
7758          100    1                 130     100     1 0.7188
7759          100    0                 130     100     1 0.7188
7760           66    0                 130       1     1 0.7188
7761           34    1                 130       1     0 0.7188
7762           29    0                 130       1     0 0.7188
7763           80    1                 130       1     1 0.7188
7764          100    0                 130       1     1 0.7188
7765           99    0                 130      78     1 0.7188
7766           99    0                 130       1     1 0.7188
7767           65    0                 130       1     0 0.7188
7768           90    1                 130       1     1 0.7188
7769           91    0                 130       1     0 0.7188
7770          100    0                 130       1     0 0.7188
7771           21    1                 130       1     0 0.7188
7772           12    1                 130       1     0 0.7188
7773          100    1                 130     100     0 0.7188
7774           76    1                 130      59     0 0.7188
7775           90    0                 130       1     0 0.7188
7776          100    0                 130       1     0 0.7188
7777           28    0                 130      63     0 0.7188
7778           35    1                 130       1     0 0.7188
7779           88    0                 130       1     0 0.7188
7780           28    1                 130       1     0 0.7188
7781           96    0                 130      84     1 0.7188
7782           63    0                 130       1     1 0.7188
7783          100    1                 130       1     1 0.7188
7784           80    1                 130       1     0 0.7188
7785          100    1                 130       1     0 0.7188
7786            3    0                 130       1     0 0.7188
7787          100    0                 130       1     1 0.7188
7788          100    1                 130      82     0 0.7188
7789            1    1                 130       1     0 0.7188
7790           94    1                 130      83     1 0.7188
7791           99    0                 130      91     1 0.7188
7792          100    1                 130       1     1 0.7188
7793           78    0                 130      81     1 0.7188
7794          100    0                 130      77     1 0.7188
7795           89    1                 130       1     1 0.7188
7796          100    1                 130     100     1 0.7188
7797          100    0                 130       1     1 0.7188
7798          100    0                 130      83     0 0.7188
7799           92    0                 130      86     1 0.7188
7800           85    1                 130      89     1 0.7188
7801           30    1                 131       9     0 0.7799
7802           75    0                 131       4     1 0.7799
7803           77    0                 131      82     1 0.7799
7804           87    1                 131       7     1 0.7799
7805           55    0                 131       4     0 0.7799
7806           73    1                 131      73     1 0.7799
7807           31    0                 131      10     0 0.7799
7808           34    0                 131      32     1 0.7799
7809           31    0                 131       3     0 0.7799
7810           84    1                 131      32     0 0.7799
7811           82    0                 131      61     0 0.7799
7812           37    1                 131       6     1 0.7799
7813           50    1                 131       5     0 0.7799
7814           71    0                 131      66     1 0.7799
7815           92    0                 131      78     1 0.7799
7816           99    0                 131      71     0 0.7799
7817            5    1                 131       1     0 0.7799
7818           45    0                 131      61     1 0.7799
7819           81    0                 131      54     1 0.7799
7820           85    0                 131      83     1 0.7799
7821           11    1                 131      34     0 0.7799
7822           90    1                 131      13     0 0.7799
7823           59    0                 131      75     1 0.7799
7824           94    1                 131       6     1 0.7799
7825           96    0                 131      86     1 0.7799
7826           61    1                 131       6     1 0.7799
7827           81    1                 131      10     0 0.7799
7828           78    0                 131       3     1 0.7799
7829           19    0                 131       4     0 0.7799
7830           32    0                 131       5     0 0.7799
7831           44    0                 131       1     0 0.7799
7832           70    1                 131      23     0 0.7799
7833           70    0                 131      21     0 0.7799
7834           35    1                 131       5     0 0.7799
7835           30    1                 131       1     0 0.7799
7836          100    1                 131      33     0 0.7799
7837           69    1                 131       5     0 0.7799
7838           11    0                 131      10     0 0.7799
7839           89    0                 131       3     0 0.7799
7840           31    1                 131      61     0 0.7799
7841           68    0                 131      10     1 0.7799
7842           69    1                 131       7     1 0.7799
7843          100    1                 131       4     1 0.7799
7844           56    1                 131       4     0 0.7799
7845          100    1                 131       6     0 0.7799
7846           28    1                 131      12     0 0.7799
7847           93    0                 131       7     1 0.7799
7848           69    1                 131       6     0 0.7799
7849           32    1                 131       8     0 0.7799
7850           67    0                 131      66     1 0.7799
7851           73    0                 131      73     1 0.7799
7852           56    1                 131      14     1 0.7799
7853           71    1                 131       6     1 0.7799
7854           94    0                 131      60     1 0.7799
7855           75    1                 131      11     1 0.7799
7856           89    0                 131      41     1 0.7799
7857           75    0                 131       9     1 0.7799
7858           31    1                 131      14     0 0.7799
7859           54    0                 131       8     1 0.7799
7860           47    1                 131      13     1 0.7799
7861            1    1                 132       1     0 0.6813
7862           60    1                 132      42     1 0.6813
7863           62    1                 132      40     1 0.6813
7864           82    0                 132      81     1 0.6813
7865           47    1                 132      11     0 0.6813
7866           50    0                 132      46     1 0.6813
7867           42    0                 132      78     0 0.6813
7868           62    1                 132      32     1 0.6813
7869            4    0                 132      15     0 0.6813
7870           43    0                 132      21     0 0.6813
7871            1    0                 132       1     0 0.6813
7872           61    0                 132      45     1 0.6813
7873           48    1                 132      41     0 0.6813
7874           51    1                 132       8     1 0.6813
7875           60    1                 132      33     1 0.6813
7876           61    1                 132      22     0 0.6813
7877           35    0                 132       2     0 0.6813
7878           50    0                 132      20     1 0.6813
7879           78    1                 132      63     1 0.6813
7880           62    0                 132      81     1 0.6813
7881           40    0                 132      11     0 0.6813
7882           50    0                 132      43     0 0.6813
7883           62    1                 132      41     1 0.6813
7884           60    1                 132      36     1 0.6813
7885           79    0                 132      62     1 0.6813
7886           22    1                 132      40     1 0.6813
7887           23    0                 132       4     0 0.6813
7888           59    0                 132      57     1 0.6813
7889           60    1                 132      18     0 0.6813
7890           52    0                 132      21     0 0.6813
7891           50    1                 132      31     0 0.6813
7892            2    1                 132       3     0 0.6813
7893           42    0                 132      58     0 0.6813
7894           63    1                 132       4     0 0.6813
7895           32    1                 132      38     0 0.6813
7896           81    1                 132      80     0 0.6813
7897           18    0                 132       1     0 0.6813
7898           46    1                 132      18     0 0.6813
7899           50    0                 132      43     0 0.6813
7900           42    0                 132      29     0 0.6813
7901           61    0                 132      61     1 0.6813
7902           79    0                 132      61     1 0.6813
7903           78    1                 132      49     1 0.6813
7904           39    1                 132      19     0 0.6813
7905           62    0                 132      73     0 0.6813
7906           43    0                 132      13     0 0.6813
7907           61    1                 132      60     1 0.6813
7908           47    0                 132      38     0 0.6813
7909           20    0                 132       1     0 0.6813
7910           50    1                 132      59     1 0.6813
7911           82    1                 132      63     1 0.6813
7912           55    0                 132      60     1 0.6813
7913           82    0                 132      55     1 0.6813
7914           78    1                 132      57     1 0.6813
7915           62    1                 132      60     1 0.6813
7916           98    1                 132      40     1 0.6813
7917           71    1                 132      82     1 0.6813
7918           62    0                 132      59     0 0.6813
7919           61    0                 132      62     1 0.6813
7920           86    1                 132      59     1 0.6813
7921           73    0                 133       1     0 0.8007
7922           52    0                 133      63     1 0.8007
7923           53    1                 133      47     1 0.8007
7924           84    1                 133      59     1 0.8007
7925           45    0                 133      40     0 0.8007
7926           62    1                 133      60     1 0.8007
7927           55    1                 133      47     0 0.8007
7928           95    1                 133      89     1 0.8007
7929           16    0                 133       6     0 0.8007
7930           26    1                 133       1     0 0.8007
7931           35    0                 133       4     0 0.8007
7932           69    0                 133      59     1 0.8007
7933           54    1                 133      32     0 0.8007
7934           29    0                 133       4     1 0.8007
7935           95    1                 133      81     1 0.8007
7936           52    0                 133      70     0 0.8007
7937           67    0                 133      96     0 0.8007
7938           35    1                 133       3     1 0.8007
7939           64    0                 133      46     1 0.8007
7940           61    1                 133      77     1 0.8007
7941           41    0                 133       9     0 0.8007
7942           69    0                 133      59     0 0.8007
7943           57    1                 133      35     1 0.8007
7944           91    1                 133      52     1 0.8007
7945           96    1                 133      78     1 0.8007
7946           86    1                 133      95     1 0.8007
7947           46    0                 133      38     0 0.8007
7948           91    1                 133      53     1 0.8007
7949           52    1                 133      46     0 0.8007
7950           55    1                 133       4     0 0.8007
7951           66    1                 133      13     0 0.8007
7952            4    0                 133       2     0 0.8007
7953           61    1                 133       6     0 0.8007
7954           51    0                 133      47     0 0.8007
7955           76    1                 133      85     0 0.8007
7956           48    1                 133       6     0 0.8007
7957           46    0                 133      10     0 0.8007
7958           52    0                 133      16     0 0.8007
7959           60    0                 133      57     0 0.8007
7960           43    0                 133       8     0 0.8007
7961          100    1                 133      97     1 0.8007
7962           95    1                 133      83     1 0.8007
7963           78    1                 133      82     1 0.8007
7964           96    0                 133     100     0 0.8007
7965           73    1                 133      94     0 0.8007
7966           42    0                 133       4     0 0.8007
7967           94    0                 133      87     1 0.8007
7968           63    1                 133      32     0 0.8007
7969           13    0                 133       5     0 0.8007
7970           69    1                 133      76     1 0.8007
7971           80    1                 133      81     1 0.8007
7972           93    0                 133      95     1 0.8007
7973           23    0                 133       2     1 0.8007
7974           97    0                 133      91     1 0.8007
7975           94    0                 133      93     1 0.8007
7976           87    1                 133      94     1 0.8007
7977           89    0                 133      83     1 0.8007
7978           63    0                 133      55     0 0.8007
7979           52    1                 133      52     1 0.8007
7980           54    0                 133      51     1 0.8007
7981            1    0                 134       1     0 0.1042
7982           69    1                 134       1     1 0.1042
7983          100    0                 134      81     1 0.1042
7984          100    0                 134     100     1 0.1042
7985           50    0                 134       1     0 0.1042
7986           79    1                 134      89     1 0.1042
7987            1    0                 134       1     0 0.1042
7988           14    0                 134       1     1 0.1042
7989           84    1                 134      27     0 0.1042
7990           46    1                 134       1     0 0.1042
7991           66    0                 134       1     0 0.1042
7992           86    0                 134      94     1 0.1042
7993           59    1                 134       1     0 0.1042
7994           47    0                 134       1     1 0.1042
7995          100    0                 134      80     1 0.1042
7996           67    0                 134       1     0 0.1042
7997           54    1                 134       1     0 0.1042
7998           55    0                 134      23     1 0.1042
7999          100    1                 134     100     1 0.1042
8000           87    0                 134      94     1 0.1042
8001           20    1                 134       1     0 0.1042
8002           92    0                 134      21     0 0.1042
8003           87    1                 134      76     1 0.1042
8004          100    1                 134     100     1 0.1042
8005           76    1                 134      80     1 0.1042
8006           98    1                 134     100     1 0.1042
8007           65    1                 134       1     0 0.1042
8008          100    1                 134     100     1 0.1042
8009           18    0                 134       1     0 0.1042
8010            6    0                 134       1     0 0.1042
8011            1    0                 134       1     0 0.1042
8012           50    1                 134       1     0 0.1042
8013            1    1                 134       1     0 0.1042
8014            1    1                 134       1     0 0.1042
8015            1    0                 134       1     0 0.1042
8016           72    1                 134      83     0 0.1042
8017            3    1                 134       1     0 0.1042
8018           52    1                 134       1     0 0.1042
8019           90    0                 134      79     0 0.1042
8020           12    1                 134       1     0 0.1042
8021          100    0                 134      86     1 0.1042
8022          100    1                 134     100     1 0.1042
8023           91    0                 134      79     1 0.1042
8024           19    0                 134       1     0 0.1042
8025           90    0                 134     100     0 0.1042
8026            1    0                 134       1     0 0.1042
8027          100    1                 134     100     1 0.1042
8028            1    1                 134       1     0 0.1042
8029            1    0                 134       1     0 0.1042
8030           75    1                 134       1     1 0.1042
8031           77    0                 134     100     1 0.1042
8032           84    0                 134      65     1 0.1042
8033           12    0                 134       1     1 0.1042
8034          100    0                 134     100     1 0.1042
8035          100    1                 134      81     1 0.1042
8036          100    0                 134       1     1 0.1042
8037          100    1                 134     100     1 0.1042
8038           95    1                 134       1     0 0.1042
8039           85    1                 134      77     1 0.1042
8040           93    1                 134     100     1 0.1042
8041           22    0                 135      42     0 0.4382
8042           61    1                 135      64     1 0.4382
8043           23    0                 135      20     1 0.4382
8044           61    1                 135      62     1 0.4382
8045           60    1                 135      21     0 0.4382
8046           64    1                 135      62     1 0.4382
8047           18    1                 135      22     0 0.4382
8048           73    0                 135      60     1 0.4382
8049           76    0                 135      61     0 0.4382
8050           79    0                 135      40     0 0.4382
8051           43    0                 135      19     0 0.4382
8052           62    1                 135      63     1 0.4382
8053           41    0                 135      42     0 0.4382
8054          100    0                 135      82     1 0.4382
8055           81    0                 135      60     1 0.4382
8056           63    0                 135      80     0 0.4382
8057           40    1                 135       1     0 0.4382
8058           44    0                 135      41     1 0.4382
8059           61    0                 135      60     1 0.4382
8060           60    1                 135      60     1 0.4382
8061           80    1                 135      22     0 0.4382
8062           42    1                 135      40     0 0.4382
8063           79    1                 135      61     1 0.4382
8064           80    0                 135      60     1 0.4382
8065           61    1                 135      82     1 0.4382
8066           77    0                 135      41     1 0.4382
8067           38    0                 135      62     0 0.4382
8068           61    0                 135      61     1 0.4382
8069           97    1                 135      81     0 0.4382
8070           65    0                 135      59     0 0.4382
8071            1    0                 135      43     0 0.4382
8072           61    0                 135      79     0 0.4382
8073           36    1                 135      21     0 0.4382
8074           21    0                 135      21     0 0.4382
8075           21    1                 135      24     0 0.4382
8076           63    1                 135      62     0 0.4382
8077           41    0                 135      40     0 0.4382
8078           63    1                 135      22     0 0.4382
8079           61    1                 135      61     0 0.4382
8080           41    0                 135      41     0 0.4382
8081           82    1                 135      62     1 0.4382
8082           81    1                 135      41     1 0.4382
8083           61    1                 135      62     1 0.4382
8084           39    0                 135      41     0 0.4382
8085           79    0                 135      22     0 0.4382
8086           40    1                 135      40     0 0.4382
8087           63    1                 135      80     1 0.4382
8088           41    0                 135      41     0 0.4382
8089           43    0                 135      62     0 0.4382
8090           80    1                 135      79     1 0.4382
8091           81    1                 135     100     1 0.4382
8092           82    1                 135      60     1 0.4382
8093           41    0                 135      42     1 0.4382
8094           82    1                 135      61     1 0.4382
8095           39    0                 135      63     1 0.4382
8096           76    0                 135      82     1 0.4382
8097           98    1                 135      62     1 0.4382
8098           62    1                 135      40     0 0.4382
8099           60    1                 135      81     1 0.4382
8100           75    0                 135      62     1 0.4382
8101           13    0                 136       1     0 0.4580
8102           61    1                 136      18     1 0.4580
8103           82    0                 136      35     1 0.4580
8104           91    1                 136      24     1 0.4580
8105           36    1                 136       7     0 0.4580
8106           69    1                 136      48     1 0.4580
8107           30    1                 136       4     0 0.4580
8108           46    1                 136       3     1 0.4580
8109           40    0                 136       1     0 0.4580
8110           53    0                 136       2     0 0.4580
8111           66    0                 136      31     0 0.4580
8112           97    1                 136      21     1 0.4580
8113           23    1                 136       1     0 0.4580
8114           54    0                 136       1     1 0.4580
8115           87    1                 136      44     1 0.4580
8116           25    1                 136      32     0 0.4580
8117           13    0                 136       5     0 0.4580
8118           51    0                 136       9     1 0.4580
8119           71    1                 136      35     1 0.4580
8120           85    1                 136      54     1 0.4580
8121           10    0                 136       1     0 0.4580
8122           16    0                 136       4     0 0.4580
8123           91    1                 136      32     1 0.4580
8124           51    0                 136      22     1 0.4580
8125           56    0                 136      11     1 0.4580
8126           52    0                 136       9     1 0.4580
8127           23    0                 136       5     0 0.4580
8128           60    0                 136      43     1 0.4580
8129           61    0                 136      33     0 0.4580
8130           52    0                 136      21     0 0.4580
8131           55    0                 136      13     0 0.4580
8132           12    1                 136       3     0 0.4580
8133           16    1                 136       1     0 0.4580
8134           27    1                 136       2     0 0.4580
8135           52    1                 136       6     0 0.4580
8136           35    1                 136       6     0 0.4580
8137           55    1                 136      12     0 0.4580
8138           55    0                 136      29     0 0.4580
8139           75    1                 136      15     0 0.4580
8140           32    1                 136       5     0 0.4580
8141           71    1                 136      31     1 0.4580
8142           85    0                 136      41     1 0.4580
8143           84    0                 136      41     1 0.4580
8144           65    0                 136      20     0 0.4580
8145           55    0                 136      23     0 0.4580
8146           54    0                 136      16     0 0.4580
8147           85    0                 136      45     1 0.4580
8148           52    1                 136      16     0 0.4580
8149            6    0                 136       1     0 0.4580
8150           65    1                 136      15     1 0.4580
8151           86    1                 136      48     1 0.4580
8152           62    1                 136      19     1 0.4580
8153           66    1                 136      17     1 0.4580
8154          100    1                 136      51     1 0.4580
8155           81    0                 136      23     1 0.4580
8156            7    0                 136       1     1 0.4580
8157           91    0                 136      30     1 0.4580
8158           56    1                 136      13     0 0.4580
8159           88    1                 136      51     1 0.4580
8160           81    0                 136      29     1 0.4580
8161           19    0                 137      41     0 0.5056
8162           63    0                 137      59     1 0.5056
8163           64    0                 137      87     1 0.5056
8164           80    1                 137      67     1 0.5056
8165           39    0                 137      35     0 0.5056
8166           78    0                 137      62     1 0.5056
8167            4    0                 137      60     0 0.5056
8168           18    0                 137      60     1 0.5056
8169            6    0                 137      26     0 0.5056
8170           25    1                 137      90     0 0.5056
8171           81    1                 137      22     0 0.5056
8172           93    1                 137      65     1 0.5056
8173           75    0                 137      32     0 0.5056
8174           20    0                 137      25     1 0.5056
8175           85    0                 137      55     1 0.5056
8176           81    1                 137      25     0 0.5056
8177           61    0                 137      26     0 0.5056
8178           92    1                 137      61     1 0.5056
8179           98    1                 137      59     1 0.5056
8180           90    0                 137      69     1 0.5056
8181           19    1                 137      22     0 0.5056
8182           61    1                 137      21     0 0.5056
8183           64    1                 137      61     1 0.5056
8184           75    1                 137      60     1 0.5056
8185           85    1                 137      97     1 0.5056
8186           95    1                 137      60     1 0.5056
8187           93    1                 137      24     0 0.5056
8188           94    1                 137      80     1 0.5056
8189           63    0                 137      26     0 0.5056
8190           61    1                 137      42     0 0.5056
8191           23    0                 137      21     0 0.5056
8192           78    1                 137      30     0 0.5056
8193           39    0                 137      45     0 0.5056
8194           72    1                 137      38     0 0.5056
8195           27    1                 137      24     0 0.5056
8196           42    0                 137      61     0 0.5056
8197           15    1                 137      58     0 0.5056
8198           49    1                 137      38     0 0.5056
8199           60    1                 137      59     0 0.5056
8200           19    1                 137      68     0 0.5056
8201           72    0                 137      61     1 0.5056
8202           79    1                 137      73     1 0.5056
8203           24    0                 137      56     1 0.5056
8204           83    0                 137      41     0 0.5056
8205           68    0                 137      61     0 0.5056
8206           21    0                 137      30     0 0.5056
8207           80    0                 137      64     1 0.5056
8208           35    0                 137      79     0 0.5056
8209           20    0                 137      39     0 0.5056
8210           20    1                 137      57     1 0.5056
8211           98    1                 137      99     1 0.5056
8212           27    0                 137      64     1 0.5056
8213           57    0                 137      35     1 0.5056
8214           98    0                 137      77     1 0.5056
8215           56    0                 137      41     1 0.5056
8216           84    1                 137      88     1 0.5056
8217           86    0                 137      12     1 0.5056
8218           78    1                 137      63     0 0.5056
8219           75    1                 137      65     1 0.5056
8220           60    1                 137      80     1 0.5056
8221           21    0                 138       3     0 0.5042
8222           78    1                 138       2     1 0.5042
8223           73    1                 138      56     1 0.5042
8224           67    0                 138       6     1 0.5042
8225           50    1                 138       2     0 0.5042
8226           76    0                 138       3     1 0.5042
8227           52    0                 138       2     0 0.5042
8228           74    0                 138       3     1 0.5042
8229           14    0                 138       2     0 0.5042
8230           31    1                 138       3     0 0.5042
8231           64    0                 138      21     0 0.5042
8232           69    1                 138       2     1 0.5042
8233           48    0                 138       1     0 0.5042
8234           20    0                 138       1     1 0.5042
8235           74    1                 138       3     1 0.5042
8236           70    1                 138       2     0 0.5042
8237           27    0                 138       1     0 0.5042
8238           54    0                 138       3     1 0.5042
8239           69    0                 138       1     1 0.5042
8240           91    0                 138      22     1 0.5042
8241           32    1                 138       1     0 0.5042
8242           54    0                 138       3     0 0.5042
8243           89    1                 138      39     1 0.5042
8244           80    0                 138       2     1 0.5042
8245           65    1                 138      38     1 0.5042
8246           84    0                 138      40     1 0.5042
8247           65    1                 138       2     0 0.5042
8248           97    0                 138      23     1 0.5042
8249           31    1                 138       2     0 0.5042
8250           38    1                 138       2     0 0.5042
8251           77    0                 138      42     0 0.5042
8252           75    0                 138       4     0 0.5042
8253           31    1                 138       5     0 0.5042
8254           35    1                 138       4     0 0.5042
8255            7    1                 138       2     0 0.5042
8256           64    1                 138      20     0 0.5042
8257           19    1                 138       1     0 0.5042
8258           42    1                 138       2     0 0.5042
8259           59    0                 138       2     0 0.5042
8260           56    0                 138      21     0 0.5042
8261           69    0                 138       2     1 0.5042
8262           85    0                 138       3     1 0.5042
8263           71    1                 138       3     1 0.5042
8264           53    0                 138       2     0 0.5042
8265           73    0                 138       1     0 0.5042
8266           33    1                 138       3     0 0.5042
8267           63    1                 138       4     1 0.5042
8268           67    1                 138      21     0 0.5042
8269            8    1                 138       2     0 0.5042
8270           50    1                 138      40     1 0.5042
8271           94    1                 138      41     1 0.5042
8272           42    1                 138       2     1 0.5042
8273           45    0                 138       1     1 0.5042
8274           95    1                 138       3     1 0.5042
8275           56    0                 138       4     1 0.5042
8276           90    0                 138      23     1 0.5042
8277          100    0                 138      18     1 0.5042
8278           62    0                 138       2     0 0.5042
8279           78    1                 138      41     1 0.5042
8280           86    1                 138      20     1 0.5042
8281           61    0                 139       1     0 0.7188
8282           80    1                 139      23     1 0.7188
8283          100    1                 139      82     1 0.7188
8284           81    0                 139      21     1 0.7188
8285          100    0                 139      61     0 0.7188
8286          100    1                 139      63     1 0.7188
8287            1    0                 139       1     0 0.7188
8288            1    1                 139       1     1 0.7188
8289           61    1                 139       1     0 0.7188
8290            1    0                 139       1     0 0.7188
8291            1    1                 139       1     0 0.7188
8292           81    0                 139      62     1 0.7188
8293            1    0                 139       1     0 0.7188
8294          100    1                 139       2     1 0.7188
8295          100    1                 139      40     1 0.7188
8296           61    0                 139      22     0 0.7188
8297            1    1                 139       1     0 0.7188
8298           42    0                 139       1     1 0.7188
8299          100    0                 139      82     1 0.7188
8300          100    1                 139      61     1 0.7188
8301           21    0                 139       1     0 0.7188
8302           61    0                 139       1     0 0.7188
8303           81    0                 139     100     1 0.7188
8304           80    1                 139      24     1 0.7188
8305          100    1                 139      83     1 0.7188
8306           81    0                 139      21     1 0.7188
8307            1    0                 139       1     0 0.7188
8308          100    1                 139     100     1 0.7188
8309            1    0                 139       1     0 0.7188
8310            1    0                 139       1     0 0.7188
8311            1    1                 139       1     0 0.7188
8312           41    1                 139       1     0 0.7188
8313            1    1                 139       1     0 0.7188
8314            1    1                 139       1     0 0.7188
8315            1    1                 139       1     0 0.7188
8316            1    1                 139       1     0 0.7188
8317           40    0                 139       1     0 0.7188
8318            1    1                 139       1     0 0.7188
8319           22    0                 139       1     0 0.7188
8320            1    0                 139       1     0 0.7188
8321           82    1                 139      22     1 0.7188
8322          100    1                 139      82     1 0.7188
8323          100    0                 139      79     1 0.7188
8324            1    0                 139       1     0 0.7188
8325           62    1                 139       1     0 0.7188
8326            1    1                 139       1     0 0.7188
8327          100    1                 139      41     1 0.7188
8328            1    0                 139       1     0 0.7188
8329            1    0                 139       1     0 0.7188
8330          100    1                 139     100     1 0.7188
8331           81    0                 139      62     1 0.7188
8332          100    1                 139     100     1 0.7188
8333           42    0                 139       1     1 0.7188
8334          100    1                 139     100     1 0.7188
8335          100    0                 139      21     1 0.7188
8336          100    0                 139     100     1 0.7188
8337          100    1                 139       1     1 0.7188
8338           83    0                 139       1     0 0.7188
8339           81    0                 139      63     1 0.7188
8340           62    1                 139       1     1 0.7188
8341           75    1                 140      75     0 0.7674
8342           96    0                 140      65     1 0.7674
8343           83    0                 140      93     1 0.7674
8344           81    0                 140      71     1 0.7674
8345           78    1                 140      66     0 0.7674
8346           81    0                 140      74     1 0.7674
8347           65    0                 140      60     0 0.7674
8348           63    0                 140      44     1 0.7674
8349           30    0                 140      37     0 0.7674
8350           86    0                 140      29     0 0.7674
8351            7    1                 140      72     0 0.7674
8352           95    1                 140      45     1 0.7674
8353           23    0                 140      62     0 0.7674
8354           62    1                 140      78     1 0.7674
8355           99    0                 140      65     1 0.7674
8356           94    1                 140      99     0 0.7674
8357           89    1                 140      96     0 0.7674
8358           77    1                 140      42     1 0.7674
8359           79    0                 140      71     1 0.7674
8360           78    1                 140      42     1 0.7674
8361           62    1                 140      81     0 0.7674
8362          100    0                 140      81     0 0.7674
8363           84    1                 140      80     1 0.7674
8364           97    0                 140      98     1 0.7674
8365           59    0                 140      63     1 0.7674
8366           96    0                 140      44     1 0.7674
8367           40    1                 140      64     0 0.7674
8368           80    0                 140      42     1 0.7674
8369           63    1                 140      80     0 0.7674
8370           39    0                 140      82     0 0.7674
8371           42    1                 140      68     0 0.7674
8372           41    0                 140      25     0 0.7674
8373           74    1                 140      44     0 0.7674
8374           41    1                 140      36     0 0.7674
8375           41    0                 140      83     0 0.7674
8376           98    0                 140     100     0 0.7674
8377           76    0                 140      78     0 0.7674
8378           57    0                 140      32     0 0.7674
8379           97    1                 140      98     0 0.7674
8380            6    0                 140      94     0 0.7674
8381           98    0                 140      70     1 0.7674
8382           96    1                 140      96     1 0.7674
8383           80    1                 140      60     1 0.7674
8384            6    1                 140      58     0 0.7674
8385           97    0                 140     100     0 0.7674
8386           32    1                 140      40     0 0.7674
8387           80    0                 140      62     1 0.7674
8388           61    1                 140      32     0 0.7674
8389           78    1                 140      88     0 0.7674
8390           95    1                 140      78     1 0.7674
8391           93    0                 140      42     1 0.7674
8392           40    0                 140      60     1 0.7674
8393           61    1                 140      44     1 0.7674
8394           97    1                 140      60     1 0.7674
8395           74    1                 140      83     1 0.7674
8396           95    0                 140      69     1 0.7674
8397           93    0                 140      38     1 0.7674
8398           92    1                 140      27     0 0.7674
8399           95    1                 140      78     1 0.7674
8400           96    1                 140      77     1 0.7674
8401            3    0                 141       1     0 0.6354
8402           42    0                 141       1     1 0.6354
8403           80    0                 141      72     1 0.6354
8404           62    0                 141       1     1 0.6354
8405           79    1                 141      62     0 0.6354
8406           42    1                 141      43     1 0.6354
8407           39    1                 141       1     0 0.6354
8408           60    1                 141       1     1 0.6354
8409            1    1                 141       1     0 0.6354
8410           23    0                 141       1     0 0.6354
8411           22    1                 141       5     0 0.6354
8412           62    0                 141      63     1 0.6354
8413           61    1                 141       1     0 0.6354
8414          100    1                 141      62     1 0.6354
8415           97    1                 141      72     1 0.6354
8416           80    0                 141      22     0 0.6354
8417            4    1                 141       1     0 0.6354
8418           78    0                 141      22     1 0.6354
8419           81    0                 141      42     1 0.6354
8420           63    1                 141      73     1 0.6354
8421           22    1                 141       1     0 0.6354
8422           41    1                 141       1     0 0.6354
8423           69    0                 141      42     1 0.6354
8424           81    0                 141      62     1 0.6354
8425           62    1                 141      73     1 0.6354
8426           80    1                 141      61     1 0.6354
8427           63    0                 141      42     0 0.6354
8428           79    1                 141      81     1 0.6354
8429           61    0                 141       1     0 0.6354
8430            7    1                 141       1     0 0.6354
8431           61    1                 141       3     0 0.6354
8432           22    1                 141       1     0 0.6354
8433            5    1                 141       1     0 0.6354
8434            3    0                 141       1     0 0.6354
8435           41    1                 141       1     0 0.6354
8436           80    0                 141      73     0 0.6354
8437           61    0                 141      41     0 0.6354
8438            6    1                 141       1     0 0.6354
8439           61    0                 141      42     0 0.6354
8440            1    1                 141       1     0 0.6354
8441           89    0                 141      61     1 0.6354
8442           99    1                 141      62     1 0.6354
8443           61    0                 141      41     1 0.6354
8444           21    0                 141       1     0 0.6354
8445           73    0                 141      73     0 0.6354
8446           20    0                 141       1     0 0.6354
8447           99    1                 141      81     1 0.6354
8448            2    1                 141       1     0 0.6354
8449            1    0                 141       1     0 0.6354
8450           70    1                 141      81     1 0.6354
8451           71    1                 141      72     1 0.6354
8452           81    0                 141      30     1 0.6354
8453           60    0                 141      62     1 0.6354
8454          100    0                 141      61     1 0.6354
8455           61    0                 141       1     1 0.6354
8456           95    1                 141      90     1 0.6354
8457           99    1                 141      63     1 0.6354
8458           22    0                 141       1     0 0.6354
8459           89    0                 141      82     1 0.6354
8460           75    0                 141      82     1 0.6354
8461            4    1                 142       9     0 0.7278
8462           57    0                 142      21     1 0.7278
8463           42    0                 142      25     1 0.7278
8464           87    1                 142      86     1 0.7278
8465           34    0                 142      13     0 0.7278
8466           57    1                 142      64     1 0.7278
8467           58    0                 142      60     0 0.7278
8468           22    0                 142      22     1 0.7278
8469           41    1                 142      22     0 0.7278
8470           56    1                 142      77     0 0.7278
8471            1    1                 142       2     0 0.7278
8472           63    1                 142      69     1 0.7278
8473           25    0                 142       8     0 0.7278
8474           10    0                 142       5     1 0.7278
8475           66    0                 142      63     1 0.7278
8476           91    1                 142      65     0 0.7278
8477           57    0                 142      32     0 0.7278
8478           59    1                 142      65     1 0.7278
8479           74    0                 142      41     1 0.7278
8480           60    0                 142       9     1 0.7278
8481           18    0                 142      62     0 0.7278
8482           23    1                 142       2     0 0.7278
8483           42    0                 142       3     1 0.7278
8484           64    0                 142      74     1 0.7278
8485           67    1                 142      69     1 0.7278
8486           68    0                 142      84     1 0.7278
8487           17    0                 142      18     0 0.7278
8488           71    1                 142      61     1 0.7278
8489           99    0                 142      77     0 0.7278
8490           59    1                 142      23     0 0.7278
8491           37    1                 142      26     0 0.7278
8492           43    1                 142      38     0 0.7278
8493           58    1                 142      66     0 0.7278
8494           40    1                 142      40     0 0.7278
8495           65    1                 142      77     0 0.7278
8496           27    0                 142       3     0 0.7278
8497           59    1                 142      65     0 0.7278
8498           40    1                 142       7     0 0.7278
8499           57    0                 142       4     0 0.7278
8500           17    0                 142      13     0 0.7278
8501           72    0                 142      83     1 0.7278
8502           83    1                 142      69     1 0.7278
8503           61    1                 142      22     1 0.7278
8504           57    0                 142      61     0 0.7278
8505           64    1                 142      75     0 0.7278
8506           41    0                 142      27     0 0.7278
8507           60    1                 142       3     1 0.7278
8508           22    0                 142      18     0 0.7278
8509           20    0                 142       2     0 0.7278
8510           57    0                 142      69     1 0.7278
8511           82    0                 142      67     1 0.7278
8512           39    0                 142      22     1 0.7278
8513           30    1                 142      40     1 0.7278
8514           96    1                 142      81     1 0.7278
8515           58    1                 142      62     1 0.7278
8516           78    1                 142      67     1 0.7278
8517           33    0                 142      79     1 0.7278
8518           45    0                 142      26     0 0.7278
8519           72    1                 142      77     1 0.7278
8520           43    1                 142      65     1 0.7278
8521            1    1                 143      82     0 0.9271
8522           44    1                 143      24     1 0.9271
8523          100    0                 143     100     1 0.9271
8524           61    1                 143       6     1 0.9271
8525           61    1                 143      53     0 0.9271
8526           71    1                 143      82     1 0.9271
8527           37    0                 143       4     0 0.9271
8528           33    1                 143      13     1 0.9271
8529           68    1                 143      85     0 0.9271
8530           59    0                 143      71     0 0.9271
8531           21    1                 143      14     0 0.9271
8532           82    0                 143      70     1 0.9271
8533           41    0                 143      12     0 0.9271
8534           64    0                 143      30     1 0.9271
8535           64    1                 143      40     1 0.9271
8536           31    0                 143      44     0 0.9271
8537            9    0                 143       4     0 0.9271
8538           31    1                 143       8     1 0.9271
8539           86    0                 143      86     1 0.9271
8540           69    0                 143     100     1 0.9271
8541           22    1                 143       5     0 0.9271
8542            1    1                 143       2     0 0.9271
8543           54    0                 143      89     1 0.9271
8544           81    0                 143      94     1 0.9271
8545           83    1                 143     100     1 0.9271
8546           67    1                 143      81     1 0.9271
8547           95    0                 143      92     0 0.9271
8548           63    1                 143     100     1 0.9271
8549           65    1                 143      86     0 0.9271
8550            9    0                 143       1     0 0.9271
8551           39    1                 143      11     0 0.9271
8552           64    0                 143      41     0 0.9271
8553           36    1                 143      10     0 0.9271
8554           43    0                 143      16     0 0.9271
8555           51    1                 143      22     0 0.9271
8556           29    1                 143      21     0 0.9271
8557           32    1                 143       9     0 0.9271
8558           81    1                 143      56     0 0.9271
8559           53    0                 143      40     0 0.9271
8560           43    0                 143      21     0 0.9271
8561           81    0                 143      85     1 0.9271
8562          100    1                 143     100     1 0.9271
8563           67    0                 143     100     1 0.9271
8564           78    0                 143      81     0 0.9271
8565           66    1                 143      97     0 0.9271
8566           62    0                 143       3     0 0.9271
8567           90    1                 143      55     1 0.9271
8568           90    1                 143      98     0 0.9271
8569           24    0                 143      11     0 0.9271
8570           98    0                 143      53     1 0.9271
8571           65    0                 143     100     1 0.9271
8572           83    0                 143      82     1 0.9271
8573           35    0                 143       4     1 0.9271
8574           99    0                 143     100     1 0.9271
8575           23    0                 143       8     1 0.9271
8576           66    1                 143      80     1 0.9271
8577           59    1                 143      13     1 0.9271
8578           43    1                 143      34     0 0.9271
8579          100    0                 143     100     1 0.9271
8580           74    1                 143      83     1 0.9271
8581           86    1                 144      82     0 0.7938
8582           96    0                 144      83     1 0.7938
8583           84    1                 144      96     1 0.7938
8584           96    1                 144      83     1 0.7938
8585            8    0                 144      91     0 0.7938
8586           96    1                 144      89     1 0.7938
8587            2    0                 144      80     0 0.7938
8588           18    0                 144       6     1 0.7938
8589            1    1                 144       6     0 0.7938
8590            4    0                 144       2     0 0.7938
8591           96    1                 144       2     0 0.7938
8592           82    0                 144      85     1 0.7938
8593           96    1                 144      91     0 0.7938
8594           96    0                 144      95     1 0.7938
8595           81    0                 144      95     1 0.7938
8596           36    0                 144      87     0 0.7938
8597           18    0                 144      10     0 0.7938
8598            8    0                 144      95     1 0.7938
8599           96    1                 144     100     1 0.7938
8600           96    1                 144     100     1 0.7938
8601           96    1                 144      94     0 0.7938
8602           79    0                 144      79     0 0.7938
8603           96    0                 144      95     1 0.7938
8604           93    0                 144      78     1 0.7938
8605           96    1                 144      37     1 0.7938
8606           96    0                 144     100     1 0.7938
8607           81    0                 144      82     0 0.7938
8608           96    1                 144      87     1 0.7938
8609            3    0                 144       2     0 0.7938
8610            5    0                 144       8     0 0.7938
8611           96    0                 144      93     0 0.7938
8612           36    0                 144       3     0 0.7938
8613           96    1                 144      94     0 0.7938
8614           76    1                 144       4     0 0.7938
8615            2    0                 144       5     0 0.7938
8616            2    0                 144       6     0 0.7938
8617           25    0                 144       1     0 0.7938
8618            7    1                 144       1     0 0.7938
8619          100    1                 144      85     0 0.7938
8620            5    0                 144       5     0 0.7938
8621           85    0                 144      71     1 0.7938
8622           96    1                 144      80     1 0.7938
8623           88    1                 144      68     1 0.7938
8624           12    1                 144       3     0 0.7938
8625           89    1                 144      83     0 0.7938
8626           24    0                 144      80     0 0.7938
8627           96    1                 144      98     1 0.7938
8628           95    1                 144       8     0 0.7938
8629            2    0                 144       8     0 0.7938
8630           96    1                 144      88     1 0.7938
8631           96    1                 144      65     1 0.7938
8632           26    0                 144      10     1 0.7938
8633           78    1                 144     100     1 0.7938
8634           94    0                 144      82     1 0.7938
8635           95    1                 144      85     1 0.7938
8636           96    1                 144      95     1 0.7938
8637           96    1                 144      21     1 0.7938
8638           96    1                 144     100     0 0.7938
8639           27    0                 144      86     1 0.7938
8640           12    1                 144       7     1 0.7938
8641            9    0                 145       2     0 0.4063
8642           40    0                 145      65     1 0.4063
8643          100    0                 145     100     1 0.4063
8644          100    1                 145     100     1 0.4063
8645           31    0                 145      83     0 0.4063
8646          100    1                 145     100     1 0.4063
8647           20    1                 145       1     0 0.4063
8648           87    1                 145      87     1 0.4063
8649           77    1                 145      54     0 0.4063
8650            1    1                 145       1     0 0.4063
8651           67    0                 145       1     0 0.4063
8652           90    1                 145      82     1 0.4063
8653           63    1                 145      25     0 0.4063
8654           73    0                 145       9     1 0.4063
8655           99    1                 145     100     1 0.4063
8656           70    1                 145      87     0 0.4063
8657           22    1                 145       5     0 0.4063
8658           60    1                 145      77     1 0.4063
8659          100    1                 145      69     1 0.4063
8660           99    1                 145     100     1 0.4063
8661           97    1                 145      91     0 0.4063
8662           81    0                 145      22     0 0.4063
8663           76    0                 145     100     1 0.4063
8664          100    1                 145      80     1 0.4063
8665           99    0                 145     100     1 0.4063
8666           86    0                 145      57     1 0.4063
8667           77    0                 145      25     0 0.4063
8668           99    1                 145      98     1 0.4063
8669           84    0                 145      24     0 0.4063
8670           72    1                 145      14     0 0.4063
8671           80    1                 145      18     0 0.4063
8672            7    0                 145      21     0 0.4063
8673           64    0                 145      17     0 0.4063
8674           32    1                 145      23     0 0.4063
8675           50    0                 145       9     0 0.4063
8676           83    1                 145      85     0 0.4063
8677           52    0                 145      58     0 0.4063
8678          100    0                 145      65     0 0.4063
8679           79    0                 145      65     0 0.4063
8680           22    0                 145      16     0 0.4063
8681           75    0                 145      71     1 0.4063
8682           94    1                 145      93     1 0.4063
8683           99    1                 145      43     1 0.4063
8684           25    1                 145      29     0 0.4063
8685           78    0                 145      80     0 0.4063
8686           93    0                 145      88     0 0.4063
8687           89    0                 145      74     1 0.4063
8688           81    1                 145      11     0 0.4063
8689            2    0                 145      14     0 0.4063
8690           98    0                 145     100     1 0.4063
8691          100    1                 145     100     1 0.4063
8692           97    0                 145     100     1 0.4063
8693           42    0                 145      90     1 0.4063
8694           99    0                 145     100     1 0.4063
8695           43    0                 145      30     1 0.4063
8696           99    1                 145     100     1 0.4063
8697           99    1                 145      28     1 0.4063
8698           78    1                 145      99     0 0.4063
8699          100    0                 145     100     1 0.4063
8700          100    1                 145     100     1 0.4063
8701           15    1                 146      16     0 0.8736
8702           80    0                 146      45     1 0.8736
8703           80    1                 146      75     1 0.8736
8704           91    1                 146      39     1 0.8736
8705           70    1                 146      59     0 0.8736
8706           86    1                 146      58     1 0.8736
8707           12    0                 146      23     0 0.8736
8708           37    0                 146      41     1 0.8736
8709           17    0                 146      16     0 0.8736
8710           15    1                 146       6     0 0.8736
8711            2    0                 146       8     0 0.8736
8712           74    1                 146      63     1 0.8736
8713           38    1                 146      28     0 0.8736
8714           77    0                 146      21     1 0.8736
8715           91    1                 146      73     1 0.8736
8716           94    1                 146      74     0 0.8736
8717           62    1                 146      16     0 0.8736
8718           82    1                 146      62     1 0.8736
8719           76    1                 146      69     1 0.8736
8720           85    0                 146      80     1 0.8736
8721           10    0                 146      12     0 0.8736
8722           42    1                 146      27     0 0.8736
8723           83    0                 146      70     1 0.8736
8724           79    1                 146      79     1 0.8736
8725           76    1                 146      63     1 0.8736
8726           81    0                 146      30     1 0.8736
8727           19    0                 146      29     0 0.8736
8728           90    0                 146      65     1 0.8736
8729           75    1                 146      39     0 0.8736
8730           66    0                 146      37     0 0.8736
8731           13    0                 146      15     0 0.8736
8732           16    0                 146      13     0 0.8736
8733           12    0                 146      14     0 0.8736
8734           19    0                 146       5     0 0.8736
8735           12    1                 146      12     0 0.8736
8736           90    1                 146      66     0 0.8736
8737           78    1                 146      29     0 0.8736
8738           10    0                 146      70     0 0.8736
8739           78    0                 146      74     0 0.8736
8740           14    1                 146      39     0 0.8736
8741           97    0                 146      71     1 0.8736
8742           76    0                 146      57     1 0.8736
8743           81    0                 146      70     1 0.8736
8744           18    1                 146      70     0 0.8736
8745           69    0                 146      76     0 0.8736
8746           15    1                 146      30     0 0.8736
8747           98    1                 146      68     1 0.8736
8748           54    0                 146      29     0 0.8736
8749           18    1                 146      31     0 0.8736
8750           73    1                 146      75     1 0.8736
8751           89    0                 146      83     1 0.8736
8752           71    0                 146      69     1 0.8736
8753           38    0                 146      31     1 0.8736
8754          100    1                 146      74     1 0.8736
8755           70    1                 146      35     1 0.8736
8756           94    0                 146      41     1 0.8736
8757           90    1                 146      62     1 0.8736
8758           59    0                 146      24     0 0.8736
8759           79    1                 146      61     1 0.8736
8760           60    0                 146      31     1 0.8736
8761            7    1                 147       2     0 0.5285
8762           57    0                 147      84     1 0.5285
8763           76    0                 147      79     1 0.5285
8764           66    1                 147      65     1 0.5285
8765           41    0                 147      24     0 0.5285
8766           67    1                 147      84     1 0.5285
8767           15    0                 147       2     0 0.5285
8768           42    1                 147      12     1 0.5285
8769           27    0                 147      64     0 0.5285
8770            7    0                 147       3     0 0.5285
8771            4    1                 147      13     0 0.5285
8772           73    0                 147      70     1 0.5285
8773           41    1                 147      40     0 0.5285
8774           45    1                 147      21     1 0.5285
8775           61    1                 147      72     1 0.5285
8776           88    0                 147      93     0 0.5285
8777           26    0                 147      23     0 0.5285
8778           39    1                 147      26     1 0.5285
8779           79    1                 147      20     1 0.5285
8780           70    1                 147      89     1 0.5285
8781           58    0                 147      68     0 0.5285
8782           72    0                 147      40     0 0.5285
8783           76    0                 147      73     1 0.5285
8784           70    1                 147       9     1 0.5285
8785           70    0                 147      92     1 0.5285
8786           97    0                 147      83     1 0.5285
8787           43    1                 147      43     0 0.5285
8788           96    0                 147      98     1 0.5285
8789           77    1                 147      73     0 0.5285
8790           24    0                 147      31     0 0.5285
8791           69    1                 147      88     0 0.5285
8792           31    1                 147      18     0 0.5285
8793           42    1                 147      25     0 0.5285
8794           22    0                 147       7     0 0.5285
8795           22    0                 147      12     0 0.5285
8796           76    1                 147      70     0 0.5285
8797           76    0                 147      75     0 0.5285
8798           21    0                 147      28     0 0.5285
8799           73    1                 147      74     0 0.5285
8800           37    1                 147      19     0 0.5285
8801           65    1                 147      67     1 0.5285
8802           93    0                 147      88     1 0.5285
8803           77    0                 147      82     1 0.5285
8804           61    1                 147      70     0 0.5285
8805           80    1                 147      90     0 0.5285
8806           21    1                 147      28     0 0.5285
8807           98    0                 147      71     1 0.5285
8808           60    1                 147      34     0 0.5285
8809            3    1                 147      23     0 0.5285
8810           70    1                 147      78     1 0.5285
8811           87    1                 147      89     1 0.5285
8812           58    0                 147      67     1 0.5285
8813           21    1                 147      19     1 0.5285
8814           94    0                 147      83     1 0.5285
8815           37    0                 147      33     1 0.5285
8816           86    0                 147      91     1 0.5285
8817           96    0                 147      74     1 0.5285
8818           76    0                 147      69     0 0.5285
8819           91    1                 147      73     1 0.5285
8820           80    0                 147      87     1 0.5285
8821            5    1                 148       1     0 0.8090
8822           85    1                 148      58     1 0.8090
8823           47    1                 148      60     1 0.8090
8824           57    0                 148      25     1 0.8090
8825           53    1                 148      33     0 0.8090
8826           62    1                 148      59     1 0.8090
8827           16    1                 148      80     0 0.8090
8828           55    1                 148      52     1 0.8090
8829            9    1                 148       1     0 0.8090
8830           20    1                 148       1     0 0.8090
8831           21    0                 148       1     0 0.8090
8832           62    0                 148      80     1 0.8090
8833           50    0                 148       1     0 0.8090
8834           42    1                 148      10     1 0.8090
8835           96    1                 148     100     1 0.8090
8836           69    0                 148      88     0 0.8090
8837           46    1                 148      22     0 0.8090
8838           47    0                 148      49     1 0.8090
8839           50    0                 148      23     1 0.8090
8840           70    0                 148      62     1 0.8090
8841           54    0                 148      48     0 0.8090
8842           86    1                 148     100     0 0.8090
8843           69    0                 148      89     1 0.8090
8844           81    1                 148      87     1 0.8090
8845           73    0                 148      82     1 0.8090
8846           80    0                 148      61     1 0.8090
8847           50    1                 148      51     0 0.8090
8848           74    1                 148      69     1 0.8090
8849           69    0                 148      77     0 0.8090
8850           75    1                 148      64     0 0.8090
8851           49    1                 148      20     0 0.8090
8852           65    0                 148      96     0 0.8090
8853           41    1                 148      18     0 0.8090
8854           18    0                 148      31     0 0.8090
8855           43    0                 148      19     0 0.8090
8856           41    0                 148      13     0 0.8090
8857           44    0                 148      19     0 0.8090
8858           50    0                 148      18     0 0.8090
8859           61    0                 148      61     0 0.8090
8860           74    0                 148      28     0 0.8090
8861           62    1                 148      81     1 0.8090
8862           61    1                 148      64     1 0.8090
8863           89    1                 148      98     1 0.8090
8864           58    0                 148      59     0 0.8090
8865           72    0                 148      49     0 0.8090
8866           50    1                 148      21     0 0.8090
8867           62    0                 148      59     1 0.8090
8868           57    0                 148      29     0 0.8090
8869           36    1                 148      81     0 0.8090
8870           73    1                 148      85     1 0.8090
8871           92    1                 148      99     1 0.8090
8872           47    1                 148      21     1 0.8090
8873           49    0                 148       8     1 0.8090
8874           94    0                 148      97     1 0.8090
8875           60    0                 148      27     1 0.8090
8876           65    1                 148      76     1 0.8090
8877           55    1                 148      52     1 0.8090
8878           54    0                 148      11     0 0.8090
8879           80    1                 148      80     1 0.8090
8880           55    0                 148      59     1 0.8090
8881            1    0                 149      80     0 0.6896
8882           71    0                 149      59     1 0.6896
8883           94    1                 149      95     1 0.6896
8884           60    0                 149      73     1 0.6896
8885           36    0                 149      98     0 0.6896
8886           93    1                 149      86     1 0.6896
8887           94    1                 149      83     0 0.6896
8888           62    1                 149      61     1 0.6896
8889            1    0                 149      87     0 0.6896
8890          100    1                 149      78     0 0.6896
8891           90    1                 149      84     0 0.6896
8892           92    0                 149      80     1 0.6896
8893           94    1                 149      80     0 0.6896
8894           99    1                 149      98     1 0.6896
8895           91    1                 149      97     1 0.6896
8896           97    1                 149      78     0 0.6896
8897           39    0                 149      80     0 0.6896
8898            4    1                 149      41     1 0.6896
8899          100    0                 149      72     1 0.6896
8900           95    1                 149      78     1 0.6896
8901           36    0                 149      91     0 0.6896
8902           97    1                 149      90     0 0.6896
8903           89    1                 149      80     1 0.6896
8904          100    1                 149      39     1 0.6896
8905           93    1                 149      21     1 0.6896
8906           70    0                 149      81     1 0.6896
8907           87    0                 149      62     0 0.6896
8908           99    0                 149      96     1 0.6896
8909           92    0                 149      24     0 0.6896
8910           31    0                 149      72     0 0.6896
8911            6    0                 149      61     0 0.6896
8912           96    1                 149      78     0 0.6896
8913           92    1                 149      79     0 0.6896
8914           60    0                 149      78     0 0.6896
8915           10    1                 149      71     0 0.6896
8916           96    1                 149      31     0 0.6896
8917          100    1                 149      29     0 0.6896
8918           93    1                 149      78     0 0.6896
8919           93    0                 149      93     0 0.6896
8920           90    1                 149      88     0 0.6896
8921           89    0                 149      62     1 0.6896
8922           62    0                 149      78     1 0.6896
8923          100    1                 149      80     1 0.6896
8924           94    1                 149      63     0 0.6896
8925            7    0                 149      80     0 0.6896
8926           81    0                 149      81     0 0.6896
8927           92    0                 149      40     1 0.6896
8928          100    0                 149      41     0 0.6896
8929            6    1                 149      58     0 0.6896
8930           81    0                 149      81     1 0.6896
8931           98    1                 149      81     1 0.6896
8932           59    0                 149      63     1 0.6896
8933           41    0                 149      24     1 0.6896
8934           97    0                 149      96     1 0.6896
8935           79    1                 149      40     1 0.6896
8936           94    1                 149      32     1 0.6896
8937           94    0                 149      40     1 0.6896
8938           38    1                 149      35     0 0.6896
8939           93    0                 149      81     1 0.6896
8940           95    0                 149      64     1 0.6896
8941           24    1                 150       1     0 0.6764
8942           82    1                 150      60     1 0.6764
8943           56    1                 150      61     1 0.6764
8944           80    0                 150      78     1 0.6764
8945           66    0                 150      32     0 0.6764
8946           62    0                 150      81     1 0.6764
8947           67    0                 150      48     0 0.6764
8948           77    0                 150      47     1 0.6764
8949           15    0                 150      18     0 0.6764
8950           53    0                 150      49     0 0.6764
8951           13    1                 150       3     0 0.6764
8952           80    1                 150      44     1 0.6764
8953           50    1                 150      15     0 0.6764
8954          100    1                 150      82     1 0.6764
8955          100    1                 150      97     1 0.6764
8956           77    1                 150      79     0 0.6764
8957           15    0                 150       7     0 0.6764
8958           67    1                 150      41     1 0.6764
8959           89    0                 150      76     1 0.6764
8960           61    1                 150      79     1 0.6764
8961            7    0                 150       8     0 0.6764
8962           56    0                 150      48     0 0.6764
8963           72    0                 150      76     1 0.6764
8964           77    0                 150      64     1 0.6764
8965           65    0                 150      78     1 0.6764
8966           56    1                 150      54     1 0.6764
8967           45    1                 150      45     0 0.6764
8968          100    1                 150     100     1 0.6764
8969           38    0                 150      15     0 0.6764
8970           54    1                 150      58     0 0.6764
8971           39    0                 150      30     0 0.6764
8972           15    0                 150       1     0 0.6764
8973           50    0                 150      11     0 0.6764
8974           21    0                 150       1     0 0.6764
8975           17    1                 150       1     0 0.6764
8976           69    0                 150      74     0 0.6764
8977           57    1                 150      49     0 0.6764
8978           21    0                 150       1     0 0.6764
8979           63    1                 150      67     0 0.6764
8980           27    0                 150       1     0 0.6764
8981           75    1                 150      71     1 0.6764
8982           89    1                 150     100     1 0.6764
8983          100    0                 150     100     1 0.6764
8984           62    0                 150      61     0 0.6764
8985           80    1                 150      70     0 0.6764
8986           37    1                 150       1     0 0.6764
8987           84    0                 150      89     1 0.6764
8988            1    1                 150       1     0 0.6764
8989            1    1                 150       1     0 0.6764
8990           66    1                 150      71     1 0.6764
8991           73    0                 150      82     1 0.6764
8992           78    1                 150      82     1 0.6764
8993           52    1                 150      54     1 0.6764
8994           94    0                 150      86     1 0.6764
8995           58    0                 150      62     1 0.6764
8996           91    1                 150      97     1 0.6764
8997          100    1                 150     100     1 0.6764
8998           53    0                 150      35     0 0.6764
8999           65    0                 150      54     1 0.6764
9000           82    1                 150      80     1 0.6764
9001           37    1                 151       1     0 0.5861
9002           41    1                 151       1     1 0.5861
9003           67    1                 151       1     1 0.5861
9004           72    0                 151       1     1 0.5861
9005           59    0                 151       1     0 0.5861
9006           43    0                 151       1     1 0.5861
9007           61    0                 151       1     0 0.5861
9008           42    1                 151      20     1 0.5861
9009            1    1                 151       1     0 0.5861
9010            3    1                 151       1     0 0.5861
9011           39    1                 151       1     0 0.5861
9012           72    0                 151       1     1 0.5861
9013           61    1                 151       1     0 0.5861
9014           50    1                 151       1     1 0.5861
9015           80    1                 151      25     1 0.5861
9016           79    0                 151      25     0 0.5861
9017            1    0                 151       1     0 0.5861
9018           50    1                 151      24     1 0.5861
9019           73    0                 151      22     1 0.5861
9020           81    1                 151      21     1 0.5861
9021           41    1                 151       1     0 0.5861
9022           68    0                 151       1     0 0.5861
9023           40    0                 151       1     1 0.5861
9024           94    0                 151      23     1 0.5861
9025           86    0                 151      42     1 0.5861
9026           66    0                 151       1     1 0.5861
9027           43    0                 151       1     0 0.5861
9028           40    0                 151       1     1 0.5861
9029           62    1                 151       1     0 0.5861
9030           40    0                 151       1     0 0.5861
9031           40    0                 151       1     0 0.5861
9032           37    1                 151       1     0 0.5861
9033           37    1                 151       1     0 0.5861
9034           41    0                 151       1     0 0.5861
9035           29    0                 151       1     0 0.5861
9036           60    1                 151       1     0 0.5861
9037           50    1                 151       1     0 0.5861
9038           40    0                 151       1     0 0.5861
9039           35    0                 151       1     0 0.5861
9040           58    1                 151       1     0 0.5861
9041           99    1                 151      21     1 0.5861
9042           78    0                 151      21     1 0.5861
9043           98    1                 151      22     1 0.5861
9044           67    0                 151       1     0 0.5861
9045           69    0                 151      19     0 0.5861
9046           31    0                 151       1     0 0.5861
9047           63    0                 151      20     1 0.5861
9048           61    1                 151       1     0 0.5861
9049            1    1                 151       1     0 0.5861
9050           80    0                 151      21     1 0.5861
9051           81    1                 151      42     1 0.5861
9052           32    1                 151       1     1 0.5861
9053           29    1                 151       1     1 0.5861
9054           88    1                 151      21     1 0.5861
9055           60    0                 151      21     1 0.5861
9056           99    0                 151       1     1 0.5861
9057          100    1                 151       1     1 0.5861
9058           38    1                 151       1     0 0.5861
9059           64    0                 151      21     1 0.5861
9060           80    1                 151      41     1 0.5861
9061           61    0                 152      22     0 0.7833
9062           82    0                 152       6     1 0.7833
9063           77    0                 152      89     1 0.7833
9064           93    0                 152      66     1 0.7833
9065           69    0                 152       2     0 0.7833
9066          100    1                 152      97     1 0.7833
9067           34    0                 152       4     0 0.7833
9068           95    1                 152      40     1 0.7833
9069           36    1                 152      24     0 0.7833
9070           13    0                 152       8     0 0.7833
9071           32    1                 152      41     0 0.7833
9072           83    1                 152       1     1 0.7833
9073           47    0                 152       2     0 0.7833
9074          100    1                 152      67     1 0.7833
9075          100    1                 152      39     1 0.7833
9076           36    0                 152      19     0 0.7833
9077           86    0                 152       3     0 0.7833
9078           77    0                 152      38     1 0.7833
9079          100    1                 152      18     1 0.7833
9080          100    0                 152      65     1 0.7833
9081           76    0                 152      11     0 0.7833
9082           81    0                 152      61     0 0.7833
9083           82    1                 152      60     1 0.7833
9084           97    0                 152      73     1 0.7833
9085           99    0                 152     100     1 0.7833
9086           69    0                 152      10     1 0.7833
9087           42    1                 152       1     0 0.7833
9088           73    1                 152      23     1 0.7833
9089            5    1                 152       1     0 0.7833
9090           29    0                 152       3     0 0.7833
9091           71    1                 152      10     0 0.7833
9092           34    1                 152      10     0 0.7833
9093           65    1                 152      22     0 0.7833
9094           36    1                 152       6     0 0.7833
9095           62    1                 152      39     0 0.7833
9096          100    1                 152      56     0 0.7833
9097           57    1                 152       1     0 0.7833
9098           36    0                 152       1     0 0.7833
9099           91    1                 152       5     0 0.7833
9100            8    1                 152       1     0 0.7833
9101           88    1                 152       5     1 0.7833
9102           97    1                 152      15     1 0.7833
9103          100    0                 152       9     1 0.7833
9104           77    0                 152       9     0 0.7833
9105           86    1                 152      40     0 0.7833
9106           42    0                 152      11     0 0.7833
9107          100    1                 152       6     1 0.7833
9108           67    0                 152       2     0 0.7833
9109           18    0                 152       9     0 0.7833
9110           93    0                 152      77     1 0.7833
9111          100    0                 152      96     1 0.7833
9112           70    1                 152      23     1 0.7833
9113           60    1                 152       6     1 0.7833
9114           99    1                 152       4     1 0.7833
9115           57    0                 152       1     1 0.7833
9116          100    0                 152      98     1 0.7833
9117           90    0                 152      16     1 0.7833
9118           79    0                 152       4     0 0.7833
9119          100    1                 152      65     1 0.7833
9120           95    1                 152      83     1 0.7833
9121            1    0                 153       2     0 0.7986
9122           97    0                 153      80     1 0.7986
9123           56    1                 153      21     1 0.7986
9124           76    1                 153      42     1 0.7986
9125           60    1                 153      40     0 0.7986
9126           65    0                 153      78     1 0.7986
9127            1    0                 153       2     0 0.7986
9128           64    1                 153      42     1 0.7986
9129           59    1                 153       3     0 0.7986
9130           41    0                 153       4     0 0.7986
9131            8    0                 153       3     0 0.7986
9132           69    1                 153      38     1 0.7986
9133           50    0                 153       2     0 0.7986
9134           81    0                 153      19     1 0.7986
9135           76    0                 153      79     1 0.7986
9136           76    1                 153      62     0 0.7986
9137           29    1                 153       4     0 0.7986
9138           50    1                 153       3     1 0.7986
9139           74    0                 153      46     1 0.7986
9140           80    0                 153      61     1 0.7986
9141            2    1                 153       3     0 0.7986
9142           77    1                 153      52     0 0.7986
9143           57    0                 153      32     1 0.7986
9144           60    0                 153      20     1 0.7986
9145           59    1                 153      40     1 0.7986
9146           63    0                 153      40     1 0.7986
9147           14    0                 153      23     0 0.7986
9148           90    0                 153      22     1 0.7986
9149           21    0                 153       3     0 0.7986
9150            5    0                 153       4     0 0.7986
9151           21    1                 153       3     0 0.7986
9152           37    0                 153      19     0 0.7986
9153            2    0                 153       2     0 0.7986
9154            5    0                 153       2     0 0.7986
9155            5    0                 153       3     0 0.7986
9156           58    0                 153      18     0 0.7986
9157           28    0                 153       4     0 0.7986
9158           27    1                 153       4     0 0.7986
9159           75    1                 153      20     0 0.7986
9160           40    1                 153      22     0 0.7986
9161           99    0                 153      97     1 0.7986
9162           96    1                 153      81     1 0.7986
9163           88    1                 153      83     1 0.7986
9164           37    1                 153       1     0 0.7986
9165           72    1                 153      24     0 0.7986
9166           25    1                 153       5     0 0.7986
9167           86    0                 153      77     1 0.7986
9168            1    1                 153       3     0 0.7986
9169           12    0                 153       3     0 0.7986
9170           84    1                 153      96     1 0.7986
9171           69    1                 153      60     1 0.7986
9172           66    1                 153      24     1 0.7986
9173           73    0                 153      21     1 0.7986
9174           95    1                 153      78     1 0.7986
9175           92    1                 153      37     1 0.7986
9176           99    1                 153      99     1 0.7986
9177          100    0                 153      21     1 0.7986
9178           61    0                 153       3     0 0.7986
9179           94    1                 153      98     1 0.7986
9180           76    1                 153      59     1 0.7986
9181           32    1                 154      26     0 0.7125
9182           61    0                 154      63     1 0.7125
9183           40    0                 154      64     1 0.7125
9184           77    0                 154      79     1 0.7125
9185           18    0                 154       9     0 0.7125
9186           59    1                 154      80     1 0.7125
9187            1    0                 154       1     0 0.7125
9188           28    1                 154      26     1 0.7125
9189           54    1                 154       6     0 0.7125
9190           11    1                 154       6     0 0.7125
9191            4    0                 154       3     0 0.7125
9192           77    0                 154       5     1 0.7125
9193           37    1                 154      29     0 0.7125
9194           69    1                 154      42     1 0.7125
9195           95    1                 154      20     1 0.7125
9196           32    1                 154      19     0 0.7125
9197            1    0                 154      19     0 0.7125
9198           57    0                 154      16     1 0.7125
9199           70    1                 154      55     1 0.7125
9200           74    0                 154      61     1 0.7125
9201           12    0                 154       3     0 0.7125
9202           55    1                 154      39     0 0.7125
9203           60    0                 154      60     1 0.7125
9204           69    1                 154      78     1 0.7125
9205           84    0                 154      65     1 0.7125
9206           81    1                 154      22     1 0.7125
9207           14    1                 154      14     0 0.7125
9208           33    0                 154      41     1 0.7125
9209            4    1                 154       1     0 0.7125
9210            1    0                 154       1     0 0.7125
9211            1    1                 154      36     0 0.7125
9212            2    1                 154       6     0 0.7125
9213           12    0                 154      13     0 0.7125
9214            6    0                 154       1     0 0.7125
9215            3    0                 154       1     0 0.7125
9216           58    0                 154       7     0 0.7125
9217            8    0                 154       3     0 0.7125
9218           25    0                 154      30     0 0.7125
9219           74    0                 154      36     0 0.7125
9220           24    1                 154       5     0 0.7125
9221           79    1                 154      20     1 0.7125
9222           75    1                 154      18     1 0.7125
9223           62    0                 154      39     1 0.7125
9224           71    1                 154      19     0 0.7125
9225           55    0                 154      39     0 0.7125
9226           59    1                 154      14     0 0.7125
9227           73    0                 154      65     1 0.7125
9228            9    0                 154       4     0 0.7125
9229           19    0                 154      32     0 0.7125
9230           40    0                 154      61     1 0.7125
9231           60    0                 154      66     1 0.7125
9232           54    1                 154      44     1 0.7125
9233           34    1                 154      14     1 0.7125
9234           78    1                 154      37     1 0.7125
9235           59    0                 154      22     1 0.7125
9236           82    1                 154      33     1 0.7125
9237          100    1                 154      99     1 0.7125
9238           36    1                 154      33     0 0.7125
9239           67    1                 154      59     1 0.7125
9240           63    1                 154      55     1 0.7125
9241           84    0                 155       1     0 0.4767
9242           60    0                 155       2     1 0.4767
9243           83    0                 155      35     1 0.4767
9244           73    0                 155       9     1 0.4767
9245           49    1                 155       1     0 0.4767
9246           66    0                 155      15     1 0.4767
9247           64    1                 155       3     0 0.4767
9248           65    0                 155      40     1 0.4767
9249           33    0                 155      22     0 0.4767
9250           60    0                 155       3     0 0.4767
9251            3    0                 155       1     0 0.4767
9252           75    1                 155       9     1 0.4767
9253           91    0                 155      65     0 0.4767
9254           59    0                 155       1     1 0.4767
9255           87    0                 155      19     1 0.4767
9256           69    1                 155       7     0 0.4767
9257           38    1                 155       1     0 0.4767
9258           61    1                 155       9     1 0.4767
9259           80    1                 155      13     1 0.4767
9260           81    1                 155      34     1 0.4767
9261           22    1                 155       4     0 0.4767
9262           46    0                 155       1     0 0.4767
9263           71    0                 155      32     1 0.4767
9264           83    0                 155      39     1 0.4767
9265           76    1                 155      23     1 0.4767
9266           22    1                 155       4     1 0.4767
9267           71    1                 155      14     0 0.4767
9268           99    0                 155      36     1 0.4767
9269           61    1                 155       5     0 0.4767
9270           38    0                 155       1     0 0.4767
9271            3    1                 155       3     0 0.4767
9272           18    0                 155       2     0 0.4767
9273           43    1                 155       1     0 0.4767
9274           53    0                 155      12     0 0.4767
9275           16    1                 155       3     0 0.4767
9276           54    0                 155       4     0 0.4767
9277           63    1                 155       1     0 0.4767
9278           68    1                 155       4     0 0.4767
9279           81    1                 155      25     0 0.4767
9280           82    1                 155      60     0 0.4767
9281           71    0                 155      13     1 0.4767
9282           90    0                 155      27     1 0.4767
9283           84    0                 155      28     1 0.4767
9284           62    0                 155       6     0 0.4767
9285           91    1                 155      36     0 0.4767
9286           61    1                 155      15     0 0.4767
9287           77    1                 155      13     1 0.4767
9288           60    0                 155      10     0 0.4767
9289           20    1                 155       5     0 0.4767
9290           61    1                 155      16     1 0.4767
9291           88    1                 155      57     1 0.4767
9292           12    0                 155       1     1 0.4767
9293           52    1                 155       5     1 0.4767
9294           97    1                 155       5     1 0.4767
9295           52    0                 155       3     1 0.4767
9296           98    1                 155      35     1 0.4767
9297           99    1                 155      20     1 0.4767
9298           63    0                 155       8     0 0.4767
9299           97    0                 155      28     1 0.4767
9300           80    0                 155      26     1 0.4767
9301            4    0                 156       2     0 0.8542
9302           80    1                 156      83     1 0.8542
9303           83    1                 156      61     1 0.8542
9304           97    1                 156      82     1 0.8542
9305           61    1                 156      61     0 0.8542
9306           40    0                 156      22     1 0.8542
9307           87    1                 156     100     0 0.8542
9308           97    1                 156      99     1 0.8542
9309           78    1                 156      82     0 0.8542
9310            4    0                 156       4     0 0.8542
9311           61    0                 156       2     0 0.8542
9312           86    0                 156      99     1 0.8542
9313           43    0                 156      83     0 0.8542
9314           97    0                 156      80     1 0.8542
9315           84    0                 156      62     1 0.8542
9316           98    1                 156     100     0 0.8542
9317           63    1                 156      41     0 0.8542
9318           81    1                 156      82     1 0.8542
9319           97    0                 156      83     1 0.8542
9320           85    0                 156     100     1 0.8542
9321           21    1                 156       4     0 0.8542
9322           82    0                 156      61     0 0.8542
9323           42    0                 156      62     1 0.8542
9324           99    0                 156      98     1 0.8542
9325           98    0                 156      97     1 0.8542
9326           61    1                 156      43     1 0.8542
9327           63    0                 156      40     0 0.8542
9328           98    0                 156      98     1 0.8542
9329           98    1                 156      99     0 0.8542
9330           99    0                 156      99     0 0.8542
9331           40    0                 156       3     0 0.8542
9332           97    1                 156      83     0 0.8542
9333            7    0                 156       1     0 0.8542
9334           22    0                 156       1     0 0.8542
9335           21    1                 156       1     0 0.8542
9336           81    1                 156      61     0 0.8542
9337           21    0                 156       4     0 0.8542
9338            5    1                 156       2     0 0.8542
9339           61    0                 156      83     0 0.8542
9340           83    1                 156      97     0 0.8542
9341           80    0                 156      83     1 0.8542
9342           81    0                 156      81     1 0.8542
9343           97    0                 156     100     1 0.8542
9344           42    1                 156      21     0 0.8542
9345           82    1                 156      40     0 0.8542
9346           40    1                 156       1     0 0.8542
9347           96    1                 156      84     1 0.8542
9348           78    1                 156      81     0 0.8542
9349           80    1                 156      66     0 0.8542
9350           81    1                 156      98     1 0.8542
9351           82    0                 156      99     1 0.8542
9352           61    1                 156      83     1 0.8542
9353           60    0                 156      62     1 0.8542
9354           99    1                 156      98     1 0.8542
9355           60    0                 156       2     1 0.8542
9356           99    1                 156     100     1 0.8542
9357           99    1                 156      99     1 0.8542
9358           23    0                 156       1     0 0.8542
9359           99    1                 156      81     1 0.8542
9360           81    0                 156      81     1 0.8542
9361           29    1                 157      65     0 0.5781
9362           64    0                 157      70     1 0.5781
9363           97    0                 157     100     1 0.5781
9364           87    0                 157      98     1 0.5781
9365           89    1                 157      88     0 0.5781
9366           88    0                 157      95     1 0.5781
9367            3    0                 157       8     0 0.5781
9368           79    1                 157      90     1 0.5781
9369           35    0                 157      59     0 0.5781
9370           12    0                 157       5     0 0.5781
9371           38    0                 157      40     0 0.5781
9372           74    0                 157      84     1 0.5781
9373           89    1                 157      44     0 0.5781
9374           78    0                 157      39     1 0.5781
9375           93    0                 157      95     1 0.5781
9376           37    1                 157      63     0 0.5781
9377            9    0                 157       8     0 0.5781
9378           87    1                 157      59     1 0.5781
9379           90    1                 157     100     1 0.5781
9380           89    1                 157      96     1 0.5781
9381           35    1                 157      20     0 0.5781
9382           60    0                 157      60     0 0.5781
9383           87    0                 157      93     1 0.5781
9384           98    0                 157      97     1 0.5781
9385           87    1                 157      95     1 0.5781
9386           97    1                 157     100     1 0.5781
9387           20    0                 157      27     0 0.5781
9388           99    1                 157      91     1 0.5781
9389           31    1                 157      21     0 0.5781
9390           24    1                 157      13     0 0.5781
9391           17    0                 157      15     0 0.5781
9392           77    1                 157      42     0 0.5781
9393           37    0                 157      28     0 0.5781
9394           13    0                 157       8     0 0.5781
9395            8    0                 157      20     0 0.5781
9396           71    1                 157      30     0 0.5781
9397           53    0                 157      23     0 0.5781
9398           70    0                 157      30     0 0.5781
9399           67    1                 157      62     0 0.5781
9400           26    0                 157      57     0 0.5781
9401           93    1                 157      96     1 0.5781
9402           97    1                 157      96     1 0.5781
9403           98    0                 157      91     1 0.5781
9404           92    1                 157      72     0 0.5781
9405           27    0                 157      64     0 0.5781
9406           76    1                 157      40     0 0.5781
9407           97    1                 157      93     1 0.5781
9408           39    1                 157      17     0 0.5781
9409           20    0                 157      45     0 0.5781
9410           94    0                 157      91     1 0.5781
9411           88    1                 157      95     1 0.5781
9412           92    1                 157      84     1 0.5781
9413           56    0                 157      32     1 0.5781
9414           97    0                 157      98     1 0.5781
9415           92    1                 157      87     1 0.5781
9416           97    1                 157      98     1 0.5781
9417           99    1                 157      97     1 0.5781
9418           93    1                 157      78     0 0.5781
9419           98    1                 157      95     1 0.5781
9420           79    0                 157      72     1 0.5781
9421           32    0                 158      25     0 0.4750
9422           85    0                 158      67     1 0.4750
9423           86    1                 158      54     1 0.4750
9424           85    1                 158      39     1 0.4750
9425           71    0                 158      22     0 0.4750
9426           92    0                 158      57     1 0.4750
9427           14    1                 158       2     0 0.4750
9428           62    1                 158      16     1 0.4750
9429            4    0                 158       2     0 0.4750
9430           13    0                 158       2     0 0.4750
9431           33    0                 158       1     0 0.4750
9432           80    1                 158      23     1 0.4750
9433           74    0                 158      22     0 0.4750
9434           81    1                 158       7     1 0.4750
9435           93    1                 158      42     1 0.4750
9436           43    1                 158      24     0 0.4750
9437           54    1                 158       7     0 0.4750
9438           61    0                 158      27     1 0.4750
9439           88    1                 158      58     1 0.4750
9440           97    0                 158      61     1 0.4750
9441           27    1                 158      10     0 0.4750
9442           10    0                 158       2     0 0.4750
9443           90    0                 158      55     1 0.4750
9444           74    1                 158      41     1 0.4750
9445           94    0                 158      61     1 0.4750
9446           58    1                 158      54     1 0.4750
9447           68    1                 158      25     0 0.4750
9448          100    1                 158      64     1 0.4750
9449           22    1                 158       2     0 0.4750
9450           23    0                 158       2     0 0.4750
9451           34    1                 158       7     0 0.4750
9452           11    1                 158       6     0 0.4750
9453           18    0                 158       2     0 0.4750
9454           15    1                 158       4     0 0.4750
9455            8    1                 158       3     0 0.4750
9456           55    0                 158      10     0 0.4750
9457           67    0                 158      41     0 0.4750
9458           59    1                 158      11     0 0.4750
9459           77    1                 158      41     0 0.4750
9460           13    0                 158       5     0 0.4750
9461           96    1                 158      40     1 0.4750
9462          100    1                 158      55     1 0.4750
9463           97    1                 158      55     1 0.4750
9464           59    1                 158       7     0 0.4750
9465           68    1                 158      26     0 0.4750
9466           60    0                 158      32     0 0.4750
9467           95    0                 158      42     1 0.4750
9468           82    1                 158      24     0 0.4750
9469            1    0                 158       3     0 0.4750
9470           93    0                 158      55     1 0.4750
9471          100    0                 158      41     1 0.4750
9472           71    0                 158      57     1 0.4750
9473           40    0                 158      24     1 0.4750
9474          100    0                 158      44     1 0.4750
9475           93    1                 158      25     1 0.4750
9476           60    1                 158      19     1 0.4750
9477           98    0                 158      21     1 0.4750
9478           58    0                 158      29     0 0.4750
9479           81    0                 158      33     1 0.4750
9480           90    0                 158      40     1 0.4750
9481            1    1                 159       1     0 0.5253
9482           77    0                 159      66     1 0.5253
9483           77    0                 159      75     1 0.5253
9484           61    0                 159      22     1 0.5253
9485           38    1                 159      27     0 0.5253
9486           77    0                 159      69     1 0.5253
9487           26    1                 159       9     0 0.5253
9488           40    1                 159       9     1 0.5253
9489           42    0                 159      20     0 0.5253
9490           23    0                 159       1     0 0.5253
9491           35    0                 159      10     0 0.5253
9492           81    0                 159      58     1 0.5253
9493           34    0                 159       7     0 0.5253
9494           63    1                 159      21     1 0.5253
9495           84    1                 159      57     1 0.5253
9496           77    0                 159      60     0 0.5253
9497           36    1                 159      27     0 0.5253
9498           40    1                 159      22     1 0.5253
9499           76    1                 159      58     1 0.5253
9500           82    1                 159      61     1 0.5253
9501           39    1                 159      41     0 0.5253
9502           67    1                 159      54     0 0.5253
9503           87    0                 159      71     1 0.5253
9504          100    1                 159      69     1 0.5253
9505           76    1                 159      62     1 0.5253
9506           82    0                 159      57     1 0.5253
9507           62    0                 159      56     0 0.5253
9508           99    1                 159      67     1 0.5253
9509           38    1                 159       1     0 0.5253
9510            1    1                 159       1     0 0.5253
9511           41    0                 159      21     0 0.5253
9512           61    1                 159      39     0 0.5253
9513           35    0                 159      13     0 0.5253
9514           61    1                 159      57     0 0.5253
9515           39    0                 159      21     0 0.5253
9516           83    0                 159      64     0 0.5253
9517           91    1                 159      61     0 0.5253
9518           32    0                 159       2     0 0.5253
9519           66    0                 159      55     0 0.5253
9520           63    0                 159      29     0 0.5253
9521           84    1                 159      61     1 0.5253
9522          100    1                 159      71     1 0.5253
9523           82    0                 159      61     1 0.5253
9524           88    0                 159      56     0 0.5253
9525           88    0                 159      71     0 0.5253
9526           58    1                 159      32     0 0.5253
9527           99    0                 159      65     1 0.5253
9528           59    0                 159      12     0 0.5253
9529            2    1                 159       1     0 0.5253
9530           61    1                 159      67     1 0.5253
9531           93    1                 159      72     1 0.5253
9532           93    1                 159      59     1 0.5253
9533           40    0                 159       4     1 0.5253
9534           92    0                 159      61     1 0.5253
9535           87    0                 159      64     1 0.5253
9536           87    1                 159      61     1 0.5253
9537          100    1                 159      55     1 0.5253
9538           63    0                 159      39     0 0.5253
9539           81    1                 159      60     1 0.5253
9540           86    0                 159      64     1 0.5253
9541            1    1                 160      39     0 0.4771
9542           43    0                 160      19     1 0.4771
9543           82    1                 160      40     1 0.4771
9544          100    0                 160      41     1 0.4771
9545           24    1                 160      62     0 0.4771
9546           60    0                 160      84     1 0.4771
9547            1    0                 160      63     0 0.4771
9548           58    0                 160      60     1 0.4771
9549            1    1                 160       1     0 0.4771
9550           22    1                 160      79     0 0.4771
9551           20    0                 160      62     0 0.4771
9552           62    0                 160      21     1 0.4771
9553           60    1                 160      81     0 0.4771
9554           79    1                 160      22     1 0.4771
9555          100    1                 160       2     1 0.4771
9556           21    0                 160      18     0 0.4771
9557            4    1                 160      63     0 0.4771
9558           60    0                 160      81     1 0.4771
9559           82    1                 160      41     1 0.4771
9560           82    1                 160      20     1 0.4771
9561            1    1                 160      21     0 0.4771
9562           23    1                 160      63     0 0.4771
9563           81    1                 160      21     1 0.4771
9564          100    1                 160      61     1 0.4771
9565           84    1                 160      22     1 0.4771
9566           42    0                 160      20     1 0.4771
9567           21    0                 160      38     0 0.4771
9568          100    0                 160       1     1 0.4771
9569            1    0                 160      21     0 0.4771
9570            1    0                 160       1     0 0.4771
9571            1    1                 160      79     0 0.4771
9572            1    1                 160       1     0 0.4771
9573           41    1                 160      40     0 0.4771
9574            4    0                 160      60     0 0.4771
9575           21    0                 160      40     0 0.4771
9576           30    1                 160       1     0 0.4771
9577           24    1                 160      81     0 0.4771
9578            1    1                 160      20     0 0.4771
9579           81    0                 160      21     0 0.4771
9580           62    0                 160      81     0 0.4771
9581           97    0                 160      80     1 0.4771
9582          100    0                 160      20     1 0.4771
9583           80    1                 160      22     1 0.4771
9584           81    1                 160      22     0 0.4771
9585           63    0                 160      20     0 0.4771
9586            1    1                 160      62     0 0.4771
9587          100    0                 160      62     1 0.4771
9588            3    1                 160      21     0 0.4771
9589            1    0                 160      38     0 0.4771
9590          100    0                 160      62     1 0.4771
9591          100    1                 160      20     1 0.4771
9592           99    0                 160      39     1 0.4771
9593           20    0                 160      82     1 0.4771
9594          100    0                 160      21     1 0.4771
9595           79    0                 160      80     1 0.4771
9596          100    1                 160      21     1 0.4771
9597           82    1                 160      18     1 0.4771
9598           63    0                 160      63     0 0.4771
9599           81    1                 160      23     1 0.4771
9600           62    0                 160      62     1 0.4771
     PercAccuracy Rep1 ParticipantPublicID Sharing True1     SM
1              22    0                   1      37     0 0.4750
2              22    1                   1      40     1 0.4750
3             100    1                   1     100     1 0.4750
4              99    0                   1      99     1 0.4750
5              60    1                   1      17     0 0.4750
6              79    1                   1      81     1 0.4750
7              17    0                   1       5     0 0.4750
8              63    1                   1      79     1 0.4750
9              37    1                   1      21     0 0.4750
10             33    1                   1      21     0 0.4750
11             83    0                   1      67     0 0.4750
12             95    0                   1      63     1 0.4750
13             82    0                   1      64     0 0.4750
14             62    0                   1      69     1 0.4750
15            100    0                   1      72     1 0.4750
16             87    0                   1       5     0 0.4750
17             63    0                   1       1     0 0.4750
18             56    1                   1      88     1 0.4750
19             80    1                   1      89     1 0.4750
20             98    1                   1      99     1 0.4750
21              9    1                   1       7     0 0.4750
22             97    0                   1      57     0 0.4750
23             93    0                   1      75     1 0.4750
24             86    0                   1      22     1 0.4750
25             80    0                   1      85     1 0.4750
26             23    0                   1      59     1 0.4750
27             60    1                   1       6     0 0.4750
28            100    1                   1       6     1 0.4750
29             22    1                   1      25     0 0.4750
30             20    0                   1      22     0 0.4750
31             26    0                   1     100     0 0.4750
32             51    0                   1      30     0 0.4750
33              9    1                   1       1     0 0.4750
34             11    1                   1       1     0 0.4750
35             34    1                   1       2     0 0.4750
36             99    1                   1      81     0 0.4750
37             23    1                   1      71     0 0.4750
38              4    0                   1       3     0 0.4750
39             64    1                   1      61     0 0.4750
40             95    0                   1      81     0 0.4750
41             73    0                   1      63     1 0.4750
42             85    0                   1      10     1 0.4750
43             96    1                   1     100     1 0.4750
44             35    0                   1       7     0 0.4750
45             99    1                   1      82     0 0.4750
46              6    0                   1       6     0 0.4750
47             95    0                   1      83     1 0.4750
48              3    0                   1       6     0 0.4750
49             18    1                   1      22     0 0.4750
50             81    1                   1     100     1 0.4750
51             95    0                   1      79     1 0.4750
52             82    1                   1      26     1 0.4750
53             21    0                   1      64     1 0.4750
54             99    0                   1      80     1 0.4750
55             20    1                   1      12     1 0.4750
56            100    0                   1     100     1 0.4750
57             77    1                   1      61     1 0.4750
58             80    1                   1       5     0 0.4750
59             99    1                   1      94     1 0.4750
60             85    1                   1      72     1 0.4750
61              1    0                   2       1     0 0.4042
62             82    1                   2       1     1 0.4042
63             22    1                   2       1     1 0.4042
64             80    1                   2       1     1 0.4042
65              8    0                   2       1     0 0.4042
66              5    0                   2      52     1 0.4042
67              2    1                   2       1     0 0.4042
68             78    0                   2       1     1 0.4042
69              3    0                   2       1     0 0.4042
70             59    0                   2       1     0 0.4042
71              5    1                   2       1     0 0.4042
72             98    0                   2       1     1 0.4042
73             83    0                   2       1     0 0.4042
74              1    1                   2       1     1 0.4042
75             79    0                   2       1     1 0.4042
76             19    1                   2       1     0 0.4042
77              2    1                   2       1     0 0.4042
78             39    1                   2       1     1 0.4042
79             82    1                   2      15     1 0.4042
80             79    1                   2      11     1 0.4042
81              6    1                   2       1     0 0.4042
82             19    1                   2       1     0 0.4042
83             25    1                   2       1     1 0.4042
84             80    1                   2       1     1 0.4042
85             60    0                   2       1     1 0.4042
86             78    0                   2       1     1 0.4042
87             62    0                   2      18     0 0.4042
88             94    0                   2       1     1 0.4042
89              2    1                   2       1     0 0.4042
90              4    1                   2       1     0 0.4042
91             23    1                   2       1     0 0.4042
92             70    1                   2       1     0 0.4042
93              1    1                   2       1     0 0.4042
94              2    1                   2       1     0 0.4042
95              4    0                   2       1     0 0.4042
96              5    0                   2       1     0 0.4042
97             57    0                   2       1     0 0.4042
98             34    1                   2       1     0 0.4042
99             89    0                   2       1     0 0.4042
100             6    0                   2       1     0 0.4042
101            78    1                   2       1     1 0.4042
102            98    1                   2       1     1 0.4042
103            83    0                   2      12     1 0.4042
104            81    1                   2       1     0 0.4042
105            64    0                   2       1     0 0.4042
106            72    1                   2       1     0 0.4042
107            82    0                   2      40     1 0.4042
108             3    0                   2       1     0 0.4042
109             4    1                   2       1     0 0.4042
110            73    0                   2      20     1 0.4042
111            99    1                   2       1     1 0.4042
112            61    0                   2       1     1 0.4042
113            16    0                   2       1     1 0.4042
114            98    1                   2       1     1 0.4042
115            79    0                   2       1     1 0.4042
116            89    0                   2      41     1 0.4042
117           100    0                   2      18     1 0.4042
118            21    0                   2       1     0 0.4042
119            19    0                   2      11     1 0.4042
120            53    1                   2       1     1 0.4042
121             1    1                   3       1     0 0.0938
122            79    0                   3      57     1 0.0938
123            78    0                   3      59     1 0.0938
124            68    1                   3      21     1 0.0938
125            53    0                   3       1     0 0.0938
126            82    0                   3      36     1 0.0938
127            16    0                   3       1     0 0.0938
128            17    1                   3       1     1 0.0938
129            12    1                   3       1     0 0.0938
130             1    1                   3       1     0 0.0938
131            37    1                   3       1     0 0.0938
132            61    1                   3      16     1 0.0938
133            27    0                   3       1     0 0.0938
134            76    1                   3      15     1 0.0938
135            79    0                   3      38     1 0.0938
136            31    1                   3       1     0 0.0938
137            34    0                   3      16     0 0.0938
138            57    0                   3      19     1 0.0938
139            84    0                   3      39     1 0.0938
140            82    1                   3      58     1 0.0938
141            17    0                   3       1     0 0.0938
142            13    1                   3       1     0 0.0938
143            85    1                   3      66     1 0.0938
144            87    0                   3      64     1 0.0938
145            70    0                   3      42     1 0.0938
146            72    0                   3      39     1 0.0938
147             1    0                   3       1     0 0.0938
148            86    1                   3      41     1 0.0938
149             1    1                   3       1     0 0.0938
150             1    1                   3       1     0 0.0938
151             1    0                   3       1     0 0.0938
152            34    0                   3       1     0 0.0938
153             1    1                   3       1     0 0.0938
154             1    0                   3       1     0 0.0938
155             1    1                   3       1     0 0.0938
156            39    1                   3       1     0 0.0938
157            14    0                   3       1     0 0.0938
158             1    1                   3       1     0 0.0938
159            74    0                   3      18     0 0.0938
160            13    1                   3       1     0 0.0938
161            60    1                   3      20     1 0.0938
162            85    1                   3      63     1 0.0938
163            86    0                   3      41     1 0.0938
164            60    0                   3      21     0 0.0938
165            56    0                   3      17     0 0.0938
166            17    0                   3       1     0 0.0938
167            82    0                   3      61     1 0.0938
168             1    1                   3       1     0 0.0938
169            21    1                   3       1     0 0.0938
170            82    1                   3      38     1 0.0938
171            75    1                   3      61     1 0.0938
172            64    0                   3      20     1 0.0938
173            37    1                   3       1     1 0.0938
174            81    1                   3      41     1 0.0938
175            76    0                   3      60     1 0.0938
176            85    1                   3      40     1 0.0938
177            81    0                   3      21     1 0.0938
178             1    0                   3       1     0 0.0938
179            82    1                   3      39     1 0.0938
180            90    0                   3      62     1 0.0938
181            24    1                   4      26     0 0.5424
182            43    0                   4      79     1 0.5424
183            82    0                   4      79     1 0.5424
184            75    1                   4      74     1 0.5424
185            23    0                   4      82     0 0.5424
186            78    1                   4      82     1 0.5424
187             6    0                   4       2     0 0.5424
188             6    1                   4      16     1 0.5424
189             9    1                   4      16     0 0.5424
190             4    0                   4       2     0 0.5424
191            69    0                   4      80     0 0.5424
192            78    1                   4      91     1 0.5424
193            39    1                   4      21     0 0.5424
194            83    1                   4      96     1 0.5424
195            82    1                   4      83     1 0.5424
196            60    0                   4      60     0 0.5424
197            81    1                   4      61     0 0.5424
198            60    0                   4      83     1 0.5424
199            86    0                   4      73     1 0.5424
200            84    0                   4      97     1 0.5424
201             8    1                   4      23     0 0.5424
202            22    0                   4      37     0 0.5424
203            92    1                   4      80     1 0.5424
204            58    0                   4      79     1 0.5424
205            81    1                   4      91     1 0.5424
206            79    0                   4       6     1 0.5424
207            23    0                   4      20     0 0.5424
208            95    1                   4      19     1 0.5424
209             7    0                   4       8     0 0.5424
210             4    0                   4       6     0 0.5424
211            25    1                   4       2     0 0.5424
212            23    1                   4      24     0 0.5424
213             4    0                   4      22     0 0.5424
214            16    0                   4      12     0 0.5424
215             9    1                   4       7     0 0.5424
216            45    0                   4      83     0 0.5424
217            64    1                   4      82     0 0.5424
218             5    0                   4       2     0 0.5424
219            78    0                   4      79     0 0.5424
220            29    1                   4      14     0 0.5424
221            62    0                   4      87     1 0.5424
222            88    0                   4      80     1 0.5424
223            83    0                   4      61     1 0.5424
224            76    0                   4      15     0 0.5424
225            79    1                   4      90     0 0.5424
226            70    0                   4      62     0 0.5424
227            82    0                   4      88     1 0.5424
228            39    0                   4      21     0 0.5424
229             6    1                   4       3     0 0.5424
230            80    1                   4      92     1 0.5424
231            90    1                   4      80     1 0.5424
232            66    0                   4      82     1 0.5424
233            40    1                   4      17     1 0.5424
234           100    1                   4      16     1 0.5424
235            82    1                   4      95     1 0.5424
236            96    1                   4      88     1 0.5424
237           100    1                   4       3     1 0.5424
238            62    1                   4      88     0 0.5424
239            72    0                   4      78     1 0.5424
240            65    1                   4      39     1 0.5424
241             1    0                   5       9     0 0.5639
242            84    0                   5      61     1 0.5639
243            65    1                   5      64     1 0.5639
244            49    0                   5      53     1 0.5639
245            49    1                   5      51     0 0.5639
246            53    1                   5      53     1 0.5639
247            21    0                   5      44     0 0.5639
248            57    1                   5      53     1 0.5639
249            19    1                   5      43     0 0.5639
250             6    0                   5      31     0 0.5639
251             9    1                   5      11     0 0.5639
252            80    1                   5      70     1 0.5639
253            94    0                   5      73     0 0.5639
254             7    1                   5      24     1 0.5639
255            70    1                   5      75     1 0.5639
256            94    1                   5      62     0 0.5639
257            18    1                   5      13     0 0.5639
258            37    1                   5      42     1 0.5639
259            57    1                   5      63     1 0.5639
260            73    0                   5      55     1 0.5639
261            50    0                   5      80     0 0.5639
262            13    1                   5      17     0 0.5639
263            70    0                   5      68     1 0.5639
264            81    1                   5      79     1 0.5639
265            67    0                   5      59     1 0.5639
266            59    1                   5      74     1 0.5639
267            62    1                   5      58     0 0.5639
268            96    1                   5      71     1 0.5639
269            83    1                   5      35     0 0.5639
270            61    0                   5      67     0 0.5639
271            29    1                   5      71     0 0.5639
272            57    0                   5      66     0 0.5639
273            35    0                   5      56     0 0.5639
274            10    0                   5      17     0 0.5639
275             3    0                   5       6     0 0.5639
276            22    1                   5      22     0 0.5639
277            62    0                   5      58     0 0.5639
278            49    0                   5      63     0 0.5639
279            73    1                   5      57     0 0.5639
280            12    0                   5      18     0 0.5639
281            92    0                   5      59     1 0.5639
282            95    0                   5      71     1 0.5639
283            94    0                   5      87     1 0.5639
284            62    0                   5      67     0 0.5639
285            88    1                   5      67     0 0.5639
286            35    0                   5      55     0 0.5639
287            39    1                   5      50     1 0.5639
288            37    0                   5      20     0 0.5639
289             8    1                   5      15     0 0.5639
290            63    0                   5      62     1 0.5639
291            86    1                   5      68     1 0.5639
292            86    1                   5      81     1 0.5639
293            41    0                   5      59     1 0.5639
294            96    0                   5      66     1 0.5639
295            92    0                   5      71     1 0.5639
296            94    1                   5      60     1 0.5639
297            98    0                   5      69     1 0.5639
298            40    0                   5      49     0 0.5639
299            94    1                   5      73     1 0.5639
300            63    1                   5      73     1 0.5639
301             5    0                   6       4     0 0.5997
302           100    1                   6      64     1 0.5997
303            99    0                   6      80     1 0.5997
304            63    1                   6      76     1 0.5997
305            52    1                   6      58     0 0.5997
306            84    0                   6      62     1 0.5997
307             6    0                   6       1     0 0.5997
308            36    1                   6       1     1 0.5997
309             1    0                   6       1     0 0.5997
310            19    0                   6      62     0 0.5997
311            11    1                   6      28     0 0.5997
312            92    0                   6      64     1 0.5997
313            21    0                   6      42     0 0.5997
314            99    1                   6      45     1 0.5997
315           100    1                   6     100     1 0.5997
316            78    0                   6      82     0 0.5997
317            61    1                   6      62     0 0.5997
318            69    0                   6      65     1 0.5997
319           100    1                   6      85     1 0.5997
320           100    1                   6     100     1 0.5997
321            21    0                   6      21     0 0.5997
322             1    1                   6       1     0 0.5997
323            91    1                   6      67     1 0.5997
324           100    1                   6     100     1 0.5997
325            70    0                   6      46     1 0.5997
326            82    1                   6     100     1 0.5997
327             9    0                   6      53     0 0.5997
328            85    1                   6      71     1 0.5997
329            60    1                   6      19     0 0.5997
330            10    1                   6       1     0 0.5997
331             1    1                   6       1     0 0.5997
332             1    1                   6       2     0 0.5997
333            19    1                   6      36     0 0.5997
334            39    1                   6      39     0 0.5997
335             1    0                   6       1     0 0.5997
336            34    0                   6       1     0 0.5997
337            62    1                   6       5     0 0.5997
338             1    0                   6      22     0 0.5997
339           100    1                   6      82     0 0.5997
340             1    1                   6       1     0 0.5997
341            81    1                   6      63     1 0.5997
342           100    0                   6     100     1 0.5997
343           100    0                   6      61     1 0.5997
344            64    0                   6      63     0 0.5997
345            83    1                   6      79     0 0.5997
346           100    1                   6      97     0 0.5997
347            23    0                   6       1     1 0.5997
348             1    0                   6       1     0 0.5997
349             1    1                   6       4     0 0.5997
350            90    0                   6      73     1 0.5997
351            89    1                   6     100     1 0.5997
352            61    0                   6      20     1 0.5997
353            64    0                   6      47     1 0.5997
354           100    0                   6     100     1 0.5997
355           100    0                   6     100     1 0.5997
356           100    0                   6     100     1 0.5997
357           100    0                   6     100     1 0.5997
358            80    1                   6      65     0 0.5997
359            91    0                   6      80     1 0.5997
360            73    0                   6      78     1 0.5997
361            95    0                   7      87     0 0.9618
362            80    1                   7      41     1 0.9618
363            99    0                   7      98     1 0.9618
364            99    1                   7      98     1 0.9618
365            93    1                   7      15     0 0.9618
366            97    0                   7      97     1 0.9618
367            12    0                   7       2     0 0.9618
368           100    0                   7      99     1 0.9618
369             1    0                   7       1     0 0.9618
370            98    1                   7      78     0 0.9618
371            82    1                   7      65     0 0.9618
372             5    1                   7       3     1 0.9618
373            90    0                   7      35     0 0.9618
374            98    1                   7      71     1 0.9618
375            91    1                   7      94     1 0.9618
376            84    1                   7      75     0 0.9618
377            77    1                   7      33     0 0.9618
378            37    0                   7      20     1 0.9618
379            99    1                   7      95     1 0.9618
380            93    0                   7      87     1 0.9618
381             1    1                   7       1     0 0.9618
382            61    0                   7      85     0 0.9618
383            94    0                   7      97     1 0.9618
384            96    0                   7      98     1 0.9618
385            99    1                   7      98     1 0.9618
386            97    0                   7      96     1 0.9618
387            75    0                   7      84     0 0.9618
388           100    0                   7      97     1 0.9618
389            98    1                   7      84     0 0.9618
390            96    1                   7      91     0 0.9618
391             1    0                   7       2     0 0.9618
392            96    1                   7      55     0 0.9618
393             5    1                   7       4     0 0.9618
394            13    0                   7       3     0 0.9618
395             2    1                   7       2     0 0.9618
396            80    1                   7      74     0 0.9618
397             6    0                   7       7     0 0.9618
398             4    0                   7      13     0 0.9618
399            65    1                   7      82     0 0.9618
400            40    0                   7      19     0 0.9618
401            94    0                   7      97     1 0.9618
402            99    1                   7      98     1 0.9618
403            99    0                   7      99     1 0.9618
404            97    1                   7      99     0 0.9618
405            99    1                   7      98     0 0.9618
406             3    1                   7       9     0 0.9618
407           100    0                   7     100     1 0.9618
408            86    0                   7      65     0 0.9618
409             4    1                   7       3     0 0.9618
410            98    0                   7      97     1 0.9618
411            84    1                   7      99     1 0.9618
412            96    0                   7     100     1 0.9618
413            95    1                   7      89     1 0.9618
414           100    1                   7      95     1 0.9618
415            83    0                   7      78     1 0.9618
416            99    1                   7      98     1 0.9618
417            98    0                   7      98     1 0.9618
418            99    0                   7      93     0 0.9618
419            99    0                   7      99     1 0.9618
420            97    1                   7      97     1 0.9618
421             1    1                   8       2     0 0.7174
422            82    1                   8      99     1 0.7174
423            83    1                   8      96     1 0.7174
424            52    0                   8      41     1 0.7174
425            61    0                   8       8     0 0.7174
426            80    1                   8     100     1 0.7174
427            61    0                   8      81     0 0.7174
428            39    0                   8      20     1 0.7174
429            21    1                   8      20     0 0.7174
430            49    0                   8      30     0 0.7174
431             3    0                   8       1     0 0.7174
432            81    1                   8      62     1 0.7174
433            82    0                   8      80     0 0.7174
434            56    0                   8      10     1 0.7174
435            82    1                   8     100     1 0.7174
436            82    1                   8     100     0 0.7174
437            52    0                   8      41     0 0.7174
438            47    0                   8      40     1 0.7174
439            51    0                   8      61     1 0.7174
440            60    1                   8       3     1 0.7174
441            62    0                   8      81     0 0.7174
442            51    1                   8      21     0 0.7174
443            49    1                   8      61     1 0.7174
444            80    1                   8      61     1 0.7174
445            81    1                   8      99     1 0.7174
446            78    0                   8      71     1 0.7174
447            55    1                   8      81     0 0.7174
448            81    1                   8      99     1 0.7174
449            56    0                   8      72     0 0.7174
450            61    1                   8      80     0 0.7174
451            49    0                   8      41     0 0.7174
452            50    1                   8      40     0 0.7174
453            80    1                   8      61     0 0.7174
454            60    0                   8      60     0 0.7174
455            45    1                   8      21     0 0.7174
456            62    0                   8       1     0 0.7174
457            53    1                   8      61     0 0.7174
458            97    0                   8      61     0 0.7174
459            81    1                   8     100     0 0.7174
460            11    0                   8      20     0 0.7174
461            61    1                   8      62     1 0.7174
462            70    0                   8      80     1 0.7174
463            72    0                   8      61     1 0.7174
464            80    1                   8      99     0 0.7174
465            60    1                   8      81     0 0.7174
466            49    0                   8      38     0 0.7174
467            81    0                   8      81     1 0.7174
468            62    1                   8      41     0 0.7174
469            41    0                   8      21     0 0.7174
470            81    1                   8      98     1 0.7174
471            60    0                   8      81     1 0.7174
472            70    1                   8      81     1 0.7174
473            41    0                   8      18     1 0.7174
474            82    0                   8      80     1 0.7174
475            60    1                   8      80     1 0.7174
476            81    1                   8      96     1 0.7174
477            81    0                   8      97     1 0.7174
478            51    1                   8      61     0 0.7174
479            83    0                   8      80     1 0.7174
480            61    0                   8      98     1 0.7174
481            19    0                   9       1     0 0.8146
482            85    1                   9       1     1 0.8146
483            61    0                   9       1     1 0.8146
484            65    0                   9       1     1 0.8146
485            61    1                   9       1     0 0.8146
486            67    0                   9       1     1 0.8146
487            39    0                   9       1     0 0.8146
488            55    1                   9       2     1 0.8146
489            18    0                   9       2     0 0.8146
490            11    1                   9       1     0 0.8146
491            36    0                   9       2     0 0.8146
492            44    0                   9       4     1 0.8146
493            51    1                   9       1     0 0.8146
494            71    1                   9       1     1 0.8146
495            72    1                   9       1     1 0.8146
496            45    1                   9       1     0 0.8146
497            22    0                   9       1     0 0.8146
498            15    0                   9       1     1 0.8146
499            64    0                   9       1     1 0.8146
500            66    0                   9       1     1 0.8146
501            60    0                   9       1     0 0.8146
502            56    0                   9       2     0 0.8146
503            73    1                   9       1     1 0.8146
504            59    0                   9       1     1 0.8146
505            58    0                   9       1     1 0.8146
506            39    1                   9       1     1 0.8146
507             8    1                   9       1     0 0.8146
508            74    1                   9       1     1 0.8146
509            23    1                   9       2     0 0.8146
510            22    1                   9       1     0 0.8146
511            28    1                   9       1     0 0.8146
512            41    1                   9       2     0 0.8146
513            56    1                   9       1     0 0.8146
514            18    1                   9       1     0 0.8146
515            18    0                   9       2     0 0.8146
516            26    0                   9       1     0 0.8146
517            30    0                   9       1     0 0.8146
518            59    1                   9       1     0 0.8146
519            70    0                   9       1     0 0.8146
520            18    0                   9       1     0 0.8146
521            62    1                   9       1     1 0.8146
522            58    0                   9       1     1 0.8146
523            62    0                   9       3     1 0.8146
524            55    0                   9       1     0 0.8146
525            61    0                   9       1     0 0.8146
526            39    1                   9       1     0 0.8146
527            69    1                   9       1     1 0.8146
528            59    1                   9       1     0 0.8146
529            67    1                   9       1     0 0.8146
530            62    1                   9       4     1 0.8146
531            65    0                   9       1     1 0.8146
532            58    1                   9       1     1 0.8146
533            14    0                   9       1     1 0.8146
534            67    0                   9       1     1 0.8146
535            33    1                   9       1     1 0.8146
536            70    1                   9       1     1 0.8146
537            80    0                   9       2     1 0.8146
538            34    0                   9       1     0 0.8146
539            69    1                   9       2     1 0.8146
540            71    1                   9       5     1 0.8146
541             4    0                  10       2     0 0.5118
542            78    1                  10      81     1 0.5118
543            81    1                  10      81     1 0.5118
544            83    0                  10      79     1 0.5118
545            80    0                  10      81     0 0.5118
546            81    1                  10      81     1 0.5118
547             6    0                  10       1     0 0.5118
548            61    0                  10      80     1 0.5118
549             5    1                  10       3     0 0.5118
550             5    0                  10       3     0 0.5118
551             4    0                  10       2     0 0.5118
552            70    1                  10      61     1 0.5118
553            20    1                  10      40     0 0.5118
554            97    1                  10      96     1 0.5118
555            97    0                  10      80     1 0.5118
556            61    0                  10      62     0 0.5118
557            19    1                  10      21     0 0.5118
558            43    1                  10      60     1 0.5118
559            82    0                  10      79     1 0.5118
560            83    1                  10      80     1 0.5118
561            21    1                  10       1     0 0.5118
562            41    0                  10       1     0 0.5118
563            61    1                  10      61     1 0.5118
564            60    0                  10      63     1 0.5118
565            99    1                  10      94     1 0.5118
566            22    0                  10       5     1 0.5118
567             6    1                  10       2     0 0.5118
568            97    1                  10      55     1 0.5118
569            40    1                  10       1     0 0.5118
570            20    0                  10       2     0 0.5118
571            33    1                  10      60     0 0.5118
572            62    1                  10      61     0 0.5118
573            40    1                  10       2     0 0.5118
574             4    1                  10       2     0 0.5118
575             3    0                  10       1     0 0.5118
576            61    0                  10      81     0 0.5118
577            42    0                  10      62     0 0.5118
578             4    0                  10       3     0 0.5118
579            80    0                  10      80     0 0.5118
580            62    1                  10      81     0 0.5118
581            81    0                  10      80     1 0.5118
582            80    0                  10      61     1 0.5118
583            95    1                  10      61     1 0.5118
584            21    0                  10       1     0 0.5118
585            81    0                  10      60     0 0.5118
586            41    1                  10       2     0 0.5118
587            62    0                  10      81     1 0.5118
588            22    1                  10      40     0 0.5118
589            25    1                  10       1     0 0.5118
590            80    0                  10      97     1 0.5118
591            92    0                  10      96     1 0.5118
592            40    0                  10      97     1 0.5118
593            41    1                  10      61     1 0.5118
594            93    1                  10      81     1 0.5118
595            81    1                  10      81     1 0.5118
596            94    1                  10      96     1 0.5118
597            99    0                  10      97     1 0.5118
598            61    1                  10      61     0 0.5118
599            96    0                  10      96     1 0.5118
600            80    0                  10      61     1 0.5118
601            11    1                  11       1     0 0.8111
602            81    1                  11       1     1 0.8111
603            79    0                  11       1     1 0.8111
604            92    0                  11       1     1 0.8111
605            49    1                  11       1     0 0.8111
606            46    0                  11       1     1 0.8111
607            48    1                  11       1     0 0.8111
608            41    1                  11       1     1 0.8111
609            21    1                  11       1     0 0.8111
610            15    1                  11       1     0 0.8111
611            19    1                  11       1     0 0.8111
612            60    1                  11       1     1 0.8111
613            40    0                  11      18     0 0.8111
614            52    0                  11       1     1 0.8111
615            59    0                  11       1     1 0.8111
616            90    1                  11       1     0 0.8111
617            56    0                  11       1     0 0.8111
618            55    1                  11       1     1 0.8111
619            62    0                  11       1     1 0.8111
620            64    1                  11       1     1 0.8111
621            53    0                  11       1     0 0.8111
622            46    1                  11       1     0 0.8111
623            52    1                  11       1     1 0.8111
624            71    1                  11       1     1 0.8111
625            39    0                  11       1     1 0.8111
626            27    0                  11       1     1 0.8111
627            58    0                  11       1     0 0.8111
628            89    1                  11       1     1 0.8111
629            70    1                  11      19     0 0.8111
630            65    0                  11       1     0 0.8111
631            10    0                  11       1     0 0.8111
632            72    0                  11       1     0 0.8111
633            55    0                  11       1     0 0.8111
634            77    0                  11       1     0 0.8111
635            56    1                  11       1     0 0.8111
636            39    0                  11       1     0 0.8111
637            45    0                  11       1     0 0.8111
638            54    0                  11       1     0 0.8111
639            92    1                  11       1     0 0.8111
640            51    0                  11       1     0 0.8111
641            80    1                  11       1     1 0.8111
642            55    0                  11       1     1 0.8111
643            73    0                  11       1     1 0.8111
644            72    0                  11       1     0 0.8111
645            57    1                  11       1     0 0.8111
646            50    0                  11       1     0 0.8111
647            98    1                  11       1     1 0.8111
648             8    0                  11       1     0 0.8111
649            43    0                  11       1     0 0.8111
650            65    0                  11       1     1 0.8111
651            66    1                  11       1     1 0.8111
652            47    1                  11       1     1 0.8111
653            21    1                  11       1     1 0.8111
654            94    1                  11       1     1 0.8111
655            49    1                  11       1     1 0.8111
656            72    0                  11       1     1 0.8111
657            94    1                  11       1     1 0.8111
658            56    1                  11       1     0 0.8111
659            55    0                  11       1     1 0.8111
660            51    1                  11       1     1 0.8111
661             5    0                  12      40     0 0.7271
662            47    1                  12      37     1 0.7271
663            61    0                  12      75     1 0.7271
664            61    0                  12      80     1 0.7271
665            91    0                  12       9     0 0.7271
666            76    1                  12      90     1 0.7271
667            93    0                  12      95     0 0.7271
668            83    1                  12      79     1 0.7271
669             8    0                  12      36     0 0.7271
670            27    0                  12      41     0 0.7271
671             3    1                  12       3     0 0.7271
672            78    0                  12      72     1 0.7271
673            70    1                  12      30     0 0.7271
674            26    0                  12       5     1 0.7271
675            92    0                  12      78     1 0.7271
676            96    1                  12      83     0 0.7271
677            83    0                  12      65     0 0.7271
678            78    0                  12      84     1 0.7271
679            77    1                  12      62     1 0.7271
680            90    0                  12      79     1 0.7271
681            15    1                  12      68     0 0.7271
682            74    1                  12      32     0 0.7271
683            59    0                  12      65     1 0.7271
684            89    0                  12      85     1 0.7271
685            95    0                  12      97     1 0.7271
686            91    0                  12      85     1 0.7271
687            59    1                  12      58     0 0.7271
688            87    1                  12      89     1 0.7271
689            41    1                  12      68     0 0.7271
690            40    0                  12      82     0 0.7271
691            22    1                  12      27     0 0.7271
692            70    0                  12      77     0 0.7271
693            77    0                  12      21     0 0.7271
694            90    1                  12      71     0 0.7271
695            60    0                  12      73     0 0.7271
696            65    1                  12      24     0 0.7271
697            20    1                  12      54     0 0.7271
698            48    1                  12      60     0 0.7271
699            94    1                  12      80     0 0.7271
700            41    1                  12      80     0 0.7271
701            89    1                  12      75     1 0.7271
702            99    1                  12      84     1 0.7271
703            62    1                  12      64     1 0.7271
704            10    0                  12      31     0 0.7271
705            74    0                  12      62     0 0.7271
706            34    0                  12      21     0 0.7271
707            73    0                  12      84     1 0.7271
708            62    1                  12      81     0 0.7271
709            37    1                  12      60     0 0.7271
710            78    0                  12      92     1 0.7271
711            85    0                  12      90     1 0.7271
712            86    0                  12      73     1 0.7271
713            24    1                  12      56     1 0.7271
714            77    1                  12      77     1 0.7271
715            71    0                  12      42     1 0.7271
716            89    0                  12      86     1 0.7271
717            84    1                  12      85     1 0.7271
718            36    1                  12      57     0 0.7271
719            60    1                  12      79     1 0.7271
720            79    1                  12      88     1 0.7271
721            62    0                  13       3     0 0.6813
722            59    1                  13      61     1 0.6813
723            56    0                  13      58     1 0.6813
724            75    1                  13      63     1 0.6813
725            38    0                  13      31     0 0.6813
726            69    1                  13      81     1 0.6813
727            33    1                  13       1     0 0.6813
728            63    0                  13       9     1 0.6813
729            64    1                  13      57     0 0.6813
730             8    0                  13       6     0 0.6813
731             1    0                  13       1     0 0.6813
732            71    0                  13      71     1 0.6813
733            26    0                  13      28     0 0.6813
734            60    1                  13      36     1 0.6813
735            79    1                  13      71     1 0.6813
736            89    1                  13     100     0 0.6813
737            59    1                  13      20     0 0.6813
738            89    1                  13      74     1 0.6813
739            91    0                  13      79     1 0.6813
740            84    1                  13      79     1 0.6813
741            41    1                  13      17     0 0.6813
742            86    0                  13      81     0 0.6813
743            87    0                  13      78     1 0.6813
744            90    0                  13      78     1 0.6813
745            76    0                  13      80     1 0.6813
746            78    1                  13      65     1 0.6813
747            59    0                  13      42     0 0.6813
748            63    1                  13      63     1 0.6813
749            26    1                  13      19     0 0.6813
750            21    1                  13      40     0 0.6813
751             1    1                  13      22     0 0.6813
752            72    0                  13      65     0 0.6813
753            24    1                  13       8     0 0.6813
754             1    0                  13       5     0 0.6813
755            23    1                  13      37     0 0.6813
756            37    1                  13      18     0 0.6813
757            32    1                  13      63     0 0.6813
758            14    1                  13      34     0 0.6813
759            77    1                  13      41     0 0.6813
760            11    0                  13      21     0 0.6813
761            78    0                  13      68     1 0.6813
762            89    0                  13      80     1 0.6813
763            72    1                  13      62     1 0.6813
764            60    1                  13      61     0 0.6813
765            66    0                  13      67     0 0.6813
766             3    1                  13      17     0 0.6813
767            84    0                  13      74     1 0.6813
768            30    1                  13      19     0 0.6813
769            10    0                  13       1     0 0.6813
770            77    0                  13      81     1 0.6813
771            92    0                  13      80     1 0.6813
772            79    0                  13      62     1 0.6813
773            35    0                  13      24     1 0.6813
774           100    1                  13      81     1 0.6813
775            61    0                  13      29     1 0.6813
776            82    1                  13      78     1 0.6813
777           100    0                  13     100     1 0.6813
778            40    1                  13      20     0 0.6813
779            60    0                  13      72     1 0.6813
780            72    0                  13      68     1 0.6813
781             4    0                  14       3     0 0.6257
782            80    1                  14      40     1 0.6257
783            90    1                  14      62     1 0.6257
784            92    0                  14      81     1 0.6257
785            58    1                  14      82     0 0.6257
786            76    0                  14       3     1 0.6257
787            86    1                  14      60     0 0.6257
788            75    0                  14      98     1 0.6257
789            90    0                  14      62     0 0.6257
790            95    1                  14      82     0 0.6257
791            80    1                  14      79     0 0.6257
792            80    1                  14      81     1 0.6257
793             7    0                  14      61     0 0.6257
794            55    1                  14      41     1 0.6257
795            56    1                  14      21     1 0.6257
796            98    1                  14      20     0 0.6257
797            94    1                  14      62     0 0.6257
798            60    0                  14      40     1 0.6257
799            87    0                  14      61     1 0.6257
800            96    1                  14      81     1 0.6257
801            73    1                  14      98     0 0.6257
802            45    1                  14      62     0 0.6257
803            81    0                  14      79     1 0.6257
804            87    1                  14      63     1 0.6257
805            83    1                  14     100     1 0.6257
806            89    0                  14      80     1 0.6257
807            81    0                  14      40     0 0.6257
808            96    0                  14      80     1 0.6257
809            94    1                  14       2     0 0.6257
810            92    0                  14      17     0 0.6257
811             5    0                  14      99     0 0.6257
812            78    0                  14      61     0 0.6257
813            61    0                  14      98     0 0.6257
814            97    1                  14      98     0 0.6257
815            54    1                  14       3     0 0.6257
816            94    1                  14      99     0 0.6257
817            81    0                  14      99     0 0.6257
818            95    1                  14      60     0 0.6257
819            97    0                  14      98     0 0.6257
820            96    0                  14      81     0 0.6257
821            91    0                  14      63     1 0.6257
822            84    0                  14      20     1 0.6257
823            90    1                  14      81     1 0.6257
824            94    1                  14      98     0 0.6257
825            92    1                  14      58     0 0.6257
826            21    0                  14      82     0 0.6257
827            86    0                  14      21     1 0.6257
828            58    0                  14      62     0 0.6257
829            19    0                  14      62     0 0.6257
830            89    0                  14      96     1 0.6257
831            84    1                  14      98     1 0.6257
832            93    0                  14      97     1 0.6257
833            65    0                  14      80     1 0.6257
834            90    1                  14      60     1 0.6257
835            71    1                  14      40     1 0.6257
836            95    1                  14      61     1 0.6257
837            97    1                  14      81     1 0.6257
838            93    0                  14      97     0 0.6257
839            88    0                  14      81     1 0.6257
840            85    1                  14      61     1 0.6257
841            31    0                  15      37     0 0.5323
842            58    1                  15      54     1 0.5323
843            65    1                  15      61     1 0.5323
844            63    0                  15      62     1 0.5323
845            55    1                  15      47     0 0.5323
846            54    0                  15      47     1 0.5323
847            28    0                  15       3     0 0.5323
848            42    0                  15      43     1 0.5323
849            40    0                  15      24     0 0.5323
850            43    0                  15      44     0 0.5323
851            42    1                  15      39     0 0.5323
852            65    0                  15      55     1 0.5323
853            44    0                  15      29     0 0.5323
854            54    0                  15      53     1 0.5323
855            82    1                  15      63     1 0.5323
856            57    1                  15      63     0 0.5323
857            56    0                  15       8     0 0.5323
858            53    1                  15      26     1 0.5323
859            67    0                  15      53     1 0.5323
860            71    0                  15      55     1 0.5323
861            36    1                  15      27     0 0.5323
862            57    1                  15      56     0 0.5323
863            67    1                  15      52     1 0.5323
864            76    1                  15      71     1 0.5323
865            70    1                  15      48     1 0.5323
866            70    0                  15      70     1 0.5323
867            38    1                  15      39     0 0.5323
868            95    1                  15      82     1 0.5323
869            56    1                  15      30     0 0.5323
870            53    0                  15      39     0 0.5323
871            40    0                  15      20     0 0.5323
872            42    1                  15      48     0 0.5323
873            41    1                  15      34     0 0.5323
874            24    1                  15      25     0 0.5323
875            19    0                  15      12     0 0.5323
876            55    1                  15      51     0 0.5323
877            52    0                  15      33     0 0.5323
878            54    0                  15      26     0 0.5323
879            77    0                  15      53     0 0.5323
880            36    1                  15      45     0 0.5323
881            62    1                  15      52     1 0.5323
882            83    0                  15      84     1 0.5323
883            90    1                  15      74     1 0.5323
884            69    1                  15      52     0 0.5323
885            77    0                  15      78     0 0.5323
886            47    0                  15      33     0 0.5323
887            80    1                  15      67     1 0.5323
888            38    0                  15      15     0 0.5323
889            25    1                  15      17     0 0.5323
890            52    0                  15      80     1 0.5323
891            71    1                  15      53     1 0.5323
892            57    0                  15      54     1 0.5323
893            58    0                  15      40     1 0.5323
894            92    1                  15      74     1 0.5323
895            56    0                  15      54     1 0.5323
896            90    0                  15      55     1 0.5323
897            73    1                  15      59     1 0.5323
898            37    1                  15      26     0 0.5323
899            66    1                  15      62     1 0.5323
900            56    0                  15      75     1 0.5323
901            39    0                  16      21     0 0.5278
902            49    1                  16      17     1 0.5278
903            53    1                  16      38     1 0.5278
904            54    0                  16      21     1 0.5278
905            54    1                  16      20     0 0.5278
906            79    1                  16       7     1 0.5278
907            55    0                  16      24     0 0.5278
908            48    0                  16      24     1 0.5278
909            41    1                  16      11     0 0.5278
910            56    0                  16      19     0 0.5278
911             6    1                  16      16     0 0.5278
912            49    1                  16      38     1 0.5278
913            47    0                  16       5     0 0.5278
914             1    0                  16      35     1 0.5278
915            55    0                  16      24     1 0.5278
916            54    1                  16      20     0 0.5278
917            49    1                  16      23     0 0.5278
918            53    1                  16      18     1 0.5278
919            69    0                  16      61     1 0.5278
920            53    0                  16      21     1 0.5278
921            57    0                  16      23     0 0.5278
922            54    1                  16      23     0 0.5278
923            78    1                  16      22     1 0.5278
924            51    1                  16      21     1 0.5278
925            51    0                  16      32     1 0.5278
926            52    0                  16      21     1 0.5278
927            52    0                  16      17     0 0.5278
928            75    1                  16      81     1 0.5278
929            39    0                  16      23     0 0.5278
930            58    1                  16      20     0 0.5278
931            39    0                  16       7     0 0.5278
932            48    1                  16      22     0 0.5278
933            54    0                  16      24     0 0.5278
934            52    1                  16      25     0 0.5278
935            41    0                  16      24     0 0.5278
936            43    0                  16      10     0 0.5278
937            51    0                  16       1     0 0.5278
938            51    0                  16      15     0 0.5278
939            52    1                  16      22     0 0.5278
940            30    1                  16      14     0 0.5278
941            44    0                  16      19     1 0.5278
942            63    1                  16      17     1 0.5278
943            60    0                  16      20     1 0.5278
944            53    1                  16      45     0 0.5278
945            52    0                  16      45     0 0.5278
946            41    1                  16      17     0 0.5278
947            51    1                  16      63     1 0.5278
948            53    1                  16      18     0 0.5278
949             7    1                  16       6     0 0.5278
950            75    0                  16      46     1 0.5278
951            52    1                  16      12     1 0.5278
952            52    0                  16      14     1 0.5278
953            46    1                  16      19     1 0.5278
954            47    0                  16      41     1 0.5278
955            46    1                  16      11     1 0.5278
956            49    0                  16      42     1 0.5278
957            59    0                  16      42     1 0.5278
958            59    1                  16      23     0 0.5278
959            53    1                  16      57     1 0.5278
960            53    0                  16      23     1 0.5278
961             2    0                  17      20     0 0.8438
962            81    0                  17      41     1 0.8438
963            78    0                  17      61     1 0.8438
964            81    0                  17      60     1 0.8438
965            81    1                  17      41     0 0.8438
966            80    0                  17      81     1 0.8438
967            82    0                  17      81     0 0.8438
968            81    0                  17      81     1 0.8438
969            60    1                  17      62     0 0.8438
970            61    1                  17      81     0 0.8438
971            81    1                  17      60     0 0.8438
972            80    0                  17      61     1 0.8438
973            61    0                  17      81     0 0.8438
974            60    0                  17      80     1 0.8438
975            80    1                  17      61     1 0.8438
976            80    1                  17      80     0 0.8438
977            19    0                  17      62     0 0.8438
978            80    1                  17      62     1 0.8438
979            61    1                  17      61     1 0.8438
980            82    1                  17      61     1 0.8438
981            61    1                  17      42     0 0.8438
982            63    0                  17      62     0 0.8438
983            80    1                  17      80     1 0.8438
984            81    1                  17      81     1 0.8438
985            81    1                  17      62     1 0.8438
986            62    0                  17      61     1 0.8438
987            81    1                  17      20     0 0.8438
988            81    1                  17      81     1 0.8438
989            39    1                  17      61     0 0.8438
990            79    1                  17      62     0 0.8438
991            81    1                  17      61     0 0.8438
992            62    0                  17      81     0 0.8438
993            61    1                  17      41     0 0.8438
994            20    0                  17      20     0 0.8438
995            20    0                  17      40     0 0.8438
996            80    1                  17      80     0 0.8438
997            39    0                  17      81     0 0.8438
998            80    0                  17      61     0 0.8438
999            80    0                  17      62     0 0.8438
1000           18    1                  17      61     0 0.8438
1001           80    1                  17      81     1 0.8438
1002           80    0                  17      20     1 0.8438
1003           61    1                  17      80     1 0.8438
1004           60    0                  17      61     0 0.8438
1005           82    0                  17      61     0 0.8438
1006           18    1                  17      83     0 0.8438
1007           61    1                  17      40     1 0.8438
1008           81    0                  17      81     0 0.8438
1009           19    0                  17      20     0 0.8438
1010           82    0                  17      60     1 0.8438
1011           80    0                  17      81     1 0.8438
1012           81    0                  17      80     1 0.8438
1013           61    1                  17      61     1 0.8438
1014           82    0                  17      40     1 0.8438
1015           81    0                  17      61     1 0.8438
1016           81    1                  17      61     1 0.8438
1017           81    1                  17      81     1 0.8438
1018           80    1                  17      80     0 0.8438
1019           82    0                  17      81     1 0.8438
1020           61    1                  17      81     1 0.8438
1021            1    0                  18       1     0 0.6451
1022           98    1                  18      40     1 0.6451
1023          100    1                  18      80     1 0.6451
1024           80    1                  18      41     1 0.6451
1025           38    1                  18       1     0 0.6451
1026          100    0                  18      81     1 0.6451
1027           41    0                  18      22     0 0.6451
1028           60    0                  18      19     1 0.6451
1029            4    1                  18       1     0 0.6451
1030            1    0                  18       1     0 0.6451
1031           62    1                  18      41     0 0.6451
1032           60    1                  18      41     1 0.6451
1033           80    1                  18       1     0 0.6451
1034           82    0                  18      40     1 0.6451
1035           82    0                  18      62     1 0.6451
1036           40    0                  18       1     0 0.6451
1037           60    1                  18      41     0 0.6451
1038           61    1                  18      65     1 0.6451
1039           81    0                  18      60     1 0.6451
1040           80    0                  18      81     1 0.6451
1041            1    1                  18       1     0 0.6451
1042           41    0                  18       1     0 0.6451
1043           81    1                  18      81     1 0.6451
1044           62    0                  18      42     1 0.6451
1045           80    1                  18      61     1 0.6451
1046           63    0                  18      23     1 0.6451
1047           17    1                  18       1     0 0.6451
1048           81    0                  18      80     1 0.6451
1049            1    1                  18       1     0 0.6451
1050            1    0                  18       1     0 0.6451
1051            1    0                  18       1     0 0.6451
1052            1    0                  18      17     0 0.6451
1053           60    0                  18      20     0 0.6451
1054            1    0                  18       1     0 0.6451
1055           40    1                  18      21     0 0.6451
1056            1    0                  18       1     0 0.6451
1057           25    1                  18       1     0 0.6451
1058            1    0                  18       1     0 0.6451
1059           61    0                  18      42     0 0.6451
1060           39    1                  18      19     0 0.6451
1061          100    1                  18      59     1 0.6451
1062           82    0                  18      62     1 0.6451
1063           60    1                  18      22     1 0.6451
1064           60    1                  18      39     0 0.6451
1065           42    1                  18      20     0 0.6451
1066           20    0                  18      22     0 0.6451
1067           60    1                  18       1     1 0.6451
1068            1    0                  18      19     0 0.6451
1069            1    0                  18       1     0 0.6451
1070          100    1                  18     100     1 0.6451
1071          100    1                  18     100     1 0.6451
1072           59    1                  18      19     1 0.6451
1073           22    0                  18      23     1 0.6451
1074          100    1                  18      80     1 0.6451
1075          100    0                  18      42     1 0.6451
1076           77    1                  18      81     1 0.6451
1077           79    1                  18      41     1 0.6451
1078           61    0                  18      82     0 0.6451
1079          100    0                  18      80     1 0.6451
1080          100    1                  18      82     1 0.6451
1081           99    0                  19       1     0 0.7903
1082           82    1                  19       1     1 0.7903
1083           99    1                  19     100     1 0.7903
1084           96    0                  19     100     1 0.7903
1085           86    0                  19      55     0 0.7903
1086           80    0                  19      95     1 0.7903
1087           98    1                  19     100     0 0.7903
1088           60    0                  19      13     1 0.7903
1089           79    1                  19      64     0 0.7903
1090           86    1                  19      61     0 0.7903
1091            1    0                  19       1     0 0.7903
1092           90    1                  19      91     1 0.7903
1093            2    1                  19       1     0 0.7903
1094           80    0                  19      58     1 0.7903
1095           82    0                  19      36     1 0.7903
1096           61    0                  19      61     0 0.7903
1097           98    1                  19      82     0 0.7903
1098           69    1                  19      33     1 0.7903
1099           98    0                  19     100     1 0.7903
1100           80    0                  19     100     1 0.7903
1101            3    0                  19       1     0 0.7903
1102           95    1                  19      97     0 0.7903
1103           79    0                  19      69     1 0.7903
1104            2    1                  19       1     1 0.7903
1105           98    1                  19     100     1 0.7903
1106           96    1                  19     100     1 0.7903
1107           17    0                  19      17     0 0.7903
1108           98    1                  19      88     1 0.7903
1109           95    1                  19     100     0 0.7903
1110           43    0                  19      14     0 0.7903
1111            1    0                  19       1     0 0.7903
1112            1    0                  19       1     0 0.7903
1113           98    1                  19     100     0 0.7903
1114           95    1                  19     100     0 0.7903
1115           90    1                  19     100     0 0.7903
1116          100    0                  19      91     0 0.7903
1117           21    1                  19       9     0 0.7903
1118           26    0                  19      33     0 0.7903
1119          100    1                  19     100     0 0.7903
1120           64    1                  19      68     0 0.7903
1121           73    0                  19      33     1 0.7903
1122           95    1                  19      95     1 0.7903
1123           90    0                  19      40     1 0.7903
1124           99    1                  19      84     0 0.7903
1125           97    1                  19     100     0 0.7903
1126           78    1                  19      64     0 0.7903
1127          100    0                  19     100     1 0.7903
1128           99    1                  19      80     0 0.7903
1129            1    1                  19       1     0 0.7903
1130           90    1                  19      87     1 0.7903
1131          100    0                  19      61     1 0.7903
1132           95    0                  19      80     1 0.7903
1133           63    0                  19      28     1 0.7903
1134           93    0                  19     100     1 0.7903
1135           79    0                  19      71     1 0.7903
1136           97    1                  19      99     1 0.7903
1137           74    0                  19      62     1 0.7903
1138          100    0                  19      87     0 0.7903
1139           73    1                  19      55     1 0.7903
1140           83    0                  19      79     1 0.7903
1141            1    0                  20       1     0 0.5469
1142           70    0                  20      62     1 0.5469
1143          100    1                  20      86     1 0.5469
1144           78    1                  20      64     1 0.5469
1145           88    1                  20      73     0 0.5469
1146           94    1                  20      68     1 0.5469
1147           58    0                  20      70     0 0.5469
1148           87    0                  20      40     1 0.5469
1149            1    0                  20       1     0 0.5469
1150           21    1                  20      17     0 0.5469
1151            1    0                  20       1     0 0.5469
1152          100    1                  20      81     1 0.5469
1153            1    0                  20      25     0 0.5469
1154           18    0                  20       1     1 0.5469
1155          100    0                  20      78     1 0.5469
1156           38    1                  20      22     0 0.5469
1157           19    1                  20      24     0 0.5469
1158           71    0                  20      64     1 0.5469
1159           91    0                  20      61     1 0.5469
1160          100    0                  20      81     1 0.5469
1161            1    1                  20       1     0 0.5469
1162           80    1                  20      63     0 0.5469
1163          100    0                  20      76     1 0.5469
1164          100    1                  20     100     1 0.5469
1165          100    1                  20      40     1 0.5469
1166          100    1                  20      93     1 0.5469
1167            1    0                  20       1     0 0.5469
1168          100    0                  20      86     1 0.5469
1169           88    1                  20      61     0 0.5469
1170          100    1                  20      59     0 0.5469
1171            1    1                  20       1     0 0.5469
1172           72    1                  20      71     0 0.5469
1173            1    0                  20       1     0 0.5469
1174           33    1                  20      25     0 0.5469
1175           58    1                  20      35     0 0.5469
1176          100    0                  20       1     0 0.5469
1177           89    0                  20      83     0 0.5469
1178            1    0                  20       1     0 0.5469
1179           91    0                  20      66     0 0.5469
1180            1    0                  20       1     0 0.5469
1181           83    1                  20      65     1 0.5469
1182           79    0                  20      66     1 0.5469
1183           86    1                  20      78     1 0.5469
1184          100    1                  20     100     0 0.5469
1185           92    1                  20      77     0 0.5469
1186           80    0                  20       1     0 0.5469
1187           79    1                  20      75     1 0.5469
1188            1    0                  20      34     0 0.5469
1189           33    1                  20      20     0 0.5469
1190           91    0                  20      69     1 0.5469
1191          100    0                  20      91     1 0.5469
1192           25    1                  20      72     1 0.5469
1193           30    1                  20      59     1 0.5469
1194           82    0                  20      80     1 0.5469
1195           56    0                  20       1     1 0.5469
1196          100    0                  20     100     1 0.5469
1197          100    1                  20       1     1 0.5469
1198           94    0                  20      85     0 0.5469
1199          100    1                  20      77     1 0.5469
1200           91    1                  20      78     1 0.5469
1201           19    1                  21       1     0 0.6514
1202           63    0                  21       1     1 0.6514
1203           62    0                  21       1     1 0.6514
1204           24    0                  21       1     1 0.6514
1205           38    0                  21       1     0 0.6514
1206           79    1                  21       1     1 0.6514
1207            1    1                  21       1     0 0.6514
1208            1    0                  21       1     1 0.6514
1209            4    0                  21       1     0 0.6514
1210            1    1                  21       1     0 0.6514
1211           19    1                  21       1     0 0.6514
1212           60    0                  21       1     1 0.6514
1213           51    0                  21       1     0 0.6514
1214            1    1                  21       1     1 0.6514
1215           77    1                  21       1     1 0.6514
1216           90    1                  21      42     0 0.6514
1217            9    0                  21       1     0 0.6514
1218           17    1                  21       1     1 0.6514
1219           23    1                  21       1     1 0.6514
1220           80    0                  21      40     1 0.6514
1221            1    1                  21       1     0 0.6514
1222           66    0                  21       1     0 0.6514
1223           60    1                  21      20     1 0.6514
1224           52    1                  21       1     1 0.6514
1225           88    0                  21      21     1 0.6514
1226           39    1                  21       1     1 0.6514
1227           24    1                  21       1     0 0.6514
1228            7    1                  21       1     1 0.6514
1229           40    0                  21       1     0 0.6514
1230           22    0                  21       1     0 0.6514
1231           78    0                  21       1     0 0.6514
1232            1    1                  21       1     0 0.6514
1233            5    1                  21       1     0 0.6514
1234           32    0                  21       1     0 0.6514
1235            8    0                  21       1     0 0.6514
1236           41    1                  21       1     0 0.6514
1237           47    0                  21       1     0 0.6514
1238            1    1                  21       1     0 0.6514
1239           22    1                  21       1     0 0.6514
1240            1    0                  21       1     0 0.6514
1241           80    1                  21      21     1 0.6514
1242           60    0                  21       1     1 0.6514
1243            5    1                  21       1     1 0.6514
1244           26    0                  21       1     0 0.6514
1245           20    0                  21       1     0 0.6514
1246           22    0                  21       1     0 0.6514
1247           77    0                  21       1     1 0.6514
1248           42    1                  21      20     0 0.6514
1249            1    0                  21       1     0 0.6514
1250           81    1                  21      41     1 0.6514
1251           61    0                  21      20     1 0.6514
1252           40    1                  21       1     1 0.6514
1253           29    1                  21       1     1 0.6514
1254          100    1                  21      39     1 0.6514
1255           38    0                  21       1     1 0.6514
1256           61    1                  21       1     1 0.6514
1257           24    0                  21       1     1 0.6514
1258           60    1                  21       1     0 0.6514
1259           80    0                  21       1     1 0.6514
1260           70    0                  21       1     1 0.6514
1261            2    1                  22       1     0 0.5479
1262           75    0                  22      30     1 0.5479
1263           87    0                  22      93     1 0.5479
1264           92    1                  22      76     1 0.5479
1265           68    0                  22      56     0 0.5479
1266           61    1                  22       4     1 0.5479
1267            3    1                  22       2     0 0.5479
1268           38    0                  22       8     1 0.5479
1269            2    0                  22       3     0 0.5479
1270            9    1                  22       9     0 0.5479
1271            2    0                  22       1     0 0.5479
1272           96    0                  22      71     1 0.5479
1273           12    0                  22       5     0 0.5479
1274           90    0                  22      69     1 0.5479
1275           81    0                  22      57     1 0.5479
1276           61    1                  22      30     0 0.5479
1277           16    0                  22      19     0 0.5479
1278           49    0                  22      36     1 0.5479
1279           86    0                  22      71     1 0.5479
1280           88    1                  22      93     1 0.5479
1281            1    1                  22       2     0 0.5479
1282           76    1                  22      50     0 0.5479
1283           77    1                  22      43     1 0.5479
1284           79    1                  22      65     1 0.5479
1285           74    0                  22      20     1 0.5479
1286           82    1                  22      69     1 0.5479
1287            6    1                  22       2     0 0.5479
1288           79    0                  22      95     1 0.5479
1289           14    1                  22      24     0 0.5479
1290           10    1                  22      42     0 0.5479
1291            1    1                  22       1     0 0.5479
1292           51    1                  22      49     0 0.5479
1293            4    0                  22       4     0 0.5479
1294            2    0                  22       3     0 0.5479
1295           11    0                  22       6     0 0.5479
1296           97    0                  22      60     0 0.5479
1297           19    1                  22       2     0 0.5479
1298            2    0                  22       6     0 0.5479
1299           94    1                  22      53     0 0.5479
1300            8    0                  22       2     0 0.5479
1301           97    0                  22      72     1 0.5479
1302           98    1                  22      97     1 0.5479
1303           91    0                  22      81     1 0.5479
1304           14    1                  22      21     0 0.5479
1305           61    1                  22      28     0 0.5479
1306           11    0                  22       2     0 0.5479
1307           93    0                  22      88     1 0.5479
1308            9    0                  22       4     0 0.5479
1309            6    1                  22       1     0 0.5479
1310           79    1                  22      75     1 0.5479
1311           87    1                  22      65     1 0.5479
1312           84    0                  22      39     1 0.5479
1313           10    1                  22       2     1 0.5479
1314           97    0                  22      95     1 0.5479
1315           41    1                  22      14     1 0.5479
1316           89    1                  22      81     1 0.5479
1317           96    0                  22      90     1 0.5479
1318            9    1                  22       1     0 0.5479
1319           97    0                  22      79     1 0.5479
1320           78    1                  22      68     1 0.5479
1321            1    0                  23       1     0 0.6549
1322          100    1                  23       1     1 0.6549
1323           78    0                  23      60     1 0.6549
1324           59    0                  23       1     1 0.6549
1325          100    0                  23       1     0 0.6549
1326           79    0                  23       1     1 0.6549
1327           20    0                  23       1     0 0.6549
1328           57    0                  23      23     1 0.6549
1329           20    1                  23       1     0 0.6549
1330            1    0                  23       1     0 0.6549
1331           79    1                  23       1     0 0.6549
1332           62    1                  23       1     1 0.6549
1333            1    0                  23       1     0 0.6549
1334          100    1                  23      23     1 0.6549
1335          100    1                  23       1     1 0.6549
1336          100    1                  23       1     0 0.6549
1337           40    0                  23       1     0 0.6549
1338           38    1                  23       1     1 0.6549
1339           82    0                  23       1     1 0.6549
1340           62    0                  23       1     1 0.6549
1341           62    0                  23       1     0 0.6549
1342           77    1                  23       1     0 0.6549
1343           64    1                  23       1     1 0.6549
1344           69    1                  23       1     1 0.6549
1345           79    0                  23       1     1 0.6549
1346          100    1                  23       1     1 0.6549
1347           80    1                  23       1     0 0.6549
1348          100    1                  23       1     1 0.6549
1349            3    1                  23       1     0 0.6549
1350           18    1                  23       1     0 0.6549
1351           18    0                  23       1     0 0.6549
1352           41    0                  23      20     0 0.6549
1353           60    1                  23       1     0 0.6549
1354           60    0                  23       1     0 0.6549
1355           41    1                  23       1     0 0.6549
1356           80    0                  23      20     0 0.6549
1357           80    0                  23       1     0 0.6549
1358           60    1                  23       1     0 0.6549
1359           64    0                  23       1     0 0.6549
1360            1    0                  23       1     0 0.6549
1361           80    0                  23       1     1 0.6549
1362          100    0                  23       1     1 0.6549
1363          100    0                  23      42     1 0.6549
1364           79    0                  23       1     0 0.6549
1365          100    1                  23       1     0 0.6549
1366           39    0                  23       1     0 0.6549
1367           78    1                  23       1     1 0.6549
1368           38    0                  23       1     0 0.6549
1369           80    1                  23       1     0 0.6549
1370           79    1                  23       1     1 0.6549
1371           80    0                  23       1     1 0.6549
1372           62    1                  23       1     1 0.6549
1373           39    0                  23      40     1 0.6549
1374          100    1                  23       1     1 0.6549
1375           41    1                  23       1     1 0.6549
1376          100    1                  23       1     1 0.6549
1377          100    1                  23       1     1 0.6549
1378           22    1                  23      20     0 0.6549
1379           75    1                  23       1     1 0.6549
1380           60    0                  23      19     1 0.6549
1381           59    1                  24      17     0 0.5750
1382           41    1                  24      21     1 0.5750
1383           82    1                  24      64     1 0.5750
1384           89    0                  24      14     1 0.5750
1385           58    1                  24      30     0 0.5750
1386           65    1                  24      81     1 0.5750
1387           21    1                  24       8     0 0.5750
1388           64    0                  24      23     1 0.5750
1389           61    0                  24      47     0 0.5750
1390           23    1                  24       4     0 0.5750
1391           41    1                  24       1     0 0.5750
1392           76    0                  24      54     1 0.5750
1393           34    0                  24      23     0 0.5750
1394           86    0                  24      66     1 0.5750
1395           73    1                  24      60     1 0.5750
1396           62    0                  24      13     0 0.5750
1397           30    0                  24      11     0 0.5750
1398           62    0                  24      70     1 0.5750
1399           79    1                  24      53     1 0.5750
1400           84    0                  24      62     1 0.5750
1401           59    0                  24      17     0 0.5750
1402           60    1                  24      58     0 0.5750
1403           69    0                  24      59     1 0.5750
1404           56    0                  24      29     1 0.5750
1405           87    1                  24      57     1 0.5750
1406           72    0                  24      10     1 0.5750
1407           29    0                  24      18     0 0.5750
1408           87    0                  24      67     1 0.5750
1409            9    0                  24       1     0 0.5750
1410           17    1                  24       8     0 0.5750
1411            3    1                  24       1     0 0.5750
1412           66    0                  24       9     0 0.5750
1413           26    1                  24      10     0 0.5750
1414           20    0                  24       9     0 0.5750
1415           17    1                  24       3     0 0.5750
1416           62    0                  24      58     0 0.5750
1417           25    0                  24      41     0 0.5750
1418           62    0                  24      61     0 0.5750
1419           70    1                  24       9     0 0.5750
1420           18    1                  24       4     0 0.5750
1421           73    1                  24      57     1 0.5750
1422           85    1                  24      43     1 0.5750
1423           74    1                  24      47     1 0.5750
1424           76    1                  24      10     0 0.5750
1425           77    1                  24      57     0 0.5750
1426           42    0                  24      25     0 0.5750
1427           94    0                  24      56     1 0.5750
1428           84    1                  24      12     0 0.5750
1429            1    1                  24       1     0 0.5750
1430           79    0                  24      61     1 0.5750
1431           82    0                  24      54     1 0.5750
1432           56    0                  24      40     1 0.5750
1433           60    1                  24       9     1 0.5750
1434           97    1                  24      37     1 0.5750
1435           61    0                  24      47     1 0.5750
1436           79    1                  24      53     1 0.5750
1437          100    0                  24      45     1 0.5750
1438           21    0                  24      27     0 0.5750
1439           88    1                  24      55     1 0.5750
1440           68    1                  24      59     1 0.5750
1441            4    0                  25      14     0 0.5771
1442           63    0                  25      62     1 0.5771
1443           58    0                  25      65     1 0.5771
1444           80    1                  25      62     1 0.5771
1445           22    1                  25      54     0 0.5771
1446           61    0                  25      61     1 0.5771
1447           17    0                  25      59     0 0.5771
1448           62    0                  25      57     1 0.5771
1449            7    1                  25      12     0 0.5771
1450           13    1                  25      35     0 0.5771
1451            3    0                  25      24     0 0.5771
1452           81    1                  25      57     1 0.5771
1453           24    0                  25      35     0 0.5771
1454           21    1                  25      31     1 0.5771
1455           59    0                  25      58     1 0.5771
1456           81    1                  25      88     0 0.5771
1457           56    0                  25      55     0 0.5771
1458           18    0                  25      19     1 0.5771
1459           94    1                  25      67     1 0.5771
1460           64    0                  25      62     1 0.5771
1461            2    1                  25       3     0 0.5771
1462           42    0                  25      23     0 0.5771
1463           63    1                  25      57     1 0.5771
1464           94    0                  25      62     1 0.5771
1465           83    1                  25      65     1 0.5771
1466           85    1                  25      59     1 0.5771
1467           58    1                  25      11     0 0.5771
1468           78    0                  25      76     1 0.5771
1469           56    0                  25      45     0 0.5771
1470           40    0                  25      18     0 0.5771
1471           36    0                  25      41     0 0.5771
1472           24    1                  25      26     0 0.5771
1473           41    0                  25       7     0 0.5771
1474           20    0                  25      12     0 0.5771
1475           60    1                  25      31     0 0.5771
1476           63    0                  25      62     0 0.5771
1477           58    0                  25      74     0 0.5771
1478           38    0                  25      23     0 0.5771
1479           58    1                  25      58     0 0.5771
1480           20    0                  25      25     0 0.5771
1481           83    1                  25      68     1 0.5771
1482           82    1                  25      69     1 0.5771
1483           79    1                  25      72     1 0.5771
1484           60    1                  25      58     0 0.5771
1485           78    1                  25      61     0 0.5771
1486           83    0                  25      72     0 0.5771
1487           82    1                  25      57     1 0.5771
1488            6    1                  25      53     0 0.5771
1489           17    0                  25      31     0 0.5771
1490           64    0                  25      66     1 0.5771
1491           94    1                  25      70     1 0.5771
1492           60    1                  25      54     1 0.5771
1493           20    0                  25      17     1 0.5771
1494           96    1                  25      56     1 0.5771
1495           56    1                  25      38     1 0.5771
1496           81    0                  25      60     1 0.5771
1497           78    0                  25      63     1 0.5771
1498           62    1                  25      42     0 0.5771
1499           75    1                  25      68     1 0.5771
1500           80    1                  25      71     1 0.5771
1501            1    1                  26       1     0 0.5406
1502           61    0                  26       1     1 0.5406
1503          100    0                  26      24     1 0.5406
1504           85    1                  26      11     1 0.5406
1505           61    1                  26       1     0 0.5406
1506          100    1                  26      17     1 0.5406
1507           61    0                  26       1     0 0.5406
1508           73    1                  26      26     1 0.5406
1509            1    0                  26       4     0 0.5406
1510            1    0                  26       1     0 0.5406
1511            1    0                  26       1     0 0.5406
1512           66    0                  26       7     1 0.5406
1513           63    1                  26      11     0 0.5406
1514            8    1                  26       1     1 0.5406
1515           97    1                  26      15     1 0.5406
1516           82    0                  26       1     0 0.5406
1517            5    0                  26       1     0 0.5406
1518           60    1                  26       7     1 0.5406
1519           82    0                  26       1     1 0.5406
1520          100    0                  26      40     1 0.5406
1521            1    1                  26       3     0 0.5406
1522           27    0                  26       1     0 0.5406
1523           81    1                  26      21     1 0.5406
1524           69    0                  26       2     1 0.5406
1525           73    0                  26      35     1 0.5406
1526           61    1                  26       6     1 0.5406
1527           61    1                  26       1     0 0.5406
1528           74    0                  26       5     1 0.5406
1529            1    1                  26       1     0 0.5406
1530            1    0                  26       1     0 0.5406
1531           38    1                  26       5     0 0.5406
1532           21    1                  26       1     0 0.5406
1533           23    1                  26       1     0 0.5406
1534            1    0                  26       3     0 0.5406
1535            1    1                  26       1     0 0.5406
1536           58    0                  26       4     0 0.5406
1537           60    0                  26       4     0 0.5406
1538           61    0                  26       1     0 0.5406
1539           68    1                  26       5     0 0.5406
1540            3    1                  26       3     0 0.5406
1541          100    0                  26      38     1 0.5406
1542           76    1                  26       1     1 0.5406
1543          100    0                  26       1     1 0.5406
1544           20    1                  26       2     0 0.5406
1545           41    0                  26      11     0 0.5406
1546            7    0                  26       1     0 0.5406
1547          100    1                  26      12     1 0.5406
1548           17    1                  26       1     0 0.5406
1549            2    0                  26       4     0 0.5406
1550           70    0                  26      21     1 0.5406
1551          100    1                  26      40     1 0.5406
1552           68    0                  26      12     1 0.5406
1553            1    1                  26       1     1 0.5406
1554          100    1                  26      19     1 0.5406
1555           65    0                  26       5     1 0.5406
1556          100    1                  26      40     1 0.5406
1557           80    1                  26       1     1 0.5406
1558            1    0                  26       3     0 0.5406
1559           82    0                  26       9     1 0.5406
1560           82    1                  26       4     1 0.5406
1561            1    0                  27       1     0 0.7378
1562          100    1                  27      24     1 0.7378
1563           83    1                  27      43     1 0.7378
1564           61    0                  27      37     1 0.7378
1565           26    0                  27       5     0 0.7378
1566           21    0                  27       5     1 0.7378
1567           61    0                  27      21     0 0.7378
1568           43    1                  27      16     1 0.7378
1569           19    0                  27       2     0 0.7378
1570           25    0                  27      10     0 0.7378
1571            7    1                  27       5     0 0.7378
1572           64    1                  27      14     1 0.7378
1573           65    0                  27      10     0 0.7378
1574           92    1                  27      24     1 0.7378
1575           59    1                  27      57     1 0.7378
1576           42    0                  27      51     0 0.7378
1577           84    0                  27      32     0 0.7378
1578           64    1                  27      58     1 0.7378
1579           79    0                  27      73     1 0.7378
1580           79    0                  27      63     1 0.7378
1581            5    0                  27       4     0 0.7378
1582           95    1                  27      42     0 0.7378
1583           81    1                  27      64     1 0.7378
1584           94    0                  27      63     1 0.7378
1585           79    1                  27      80     1 0.7378
1586           81    1                  27      29     1 0.7378
1587           53    1                  27       8     0 0.7378
1588          100    1                  27      25     1 0.7378
1589           62    1                  27      22     0 0.7378
1590           37    0                  27       6     0 0.7378
1591           39    1                  27       8     0 0.7378
1592           66    1                  27      33     0 0.7378
1593           62    0                  27       1     0 0.7378
1594           62    0                  27      23     0 0.7378
1595           40    0                  27      12     0 0.7378
1596           91    1                  27      60     0 0.7378
1597           64    0                  27      21     0 0.7378
1598            8    1                  27       3     0 0.7378
1599           62    1                  27      25     0 0.7378
1600           15    0                  27       5     0 0.7378
1601           79    1                  27      42     1 0.7378
1602           95    1                  27      38     1 0.7378
1603           81    0                  27      51     1 0.7378
1604           37    1                  27      10     0 0.7378
1605           67    0                  27      33     0 0.7378
1606           39    0                  27       2     0 0.7378
1607           78    0                  27      51     1 0.7378
1608           26    0                  27       2     0 0.7378
1609           13    0                  27       2     0 0.7378
1610           65    0                  27      63     1 0.7378
1611           92    1                  27      87     1 0.7378
1612           42    0                  27       1     1 0.7378
1613           38    1                  27      17     1 0.7378
1614          100    1                  27      60     1 0.7378
1615           19    0                  27      12     1 0.7378
1616          100    1                  27      48     1 0.7378
1617           84    1                  27      40     1 0.7378
1618           64    0                  27      11     0 0.7378
1619           69    1                  27      40     1 0.7378
1620           58    1                  27      62     1 0.7378
1621           11    1                  28       1     0 0.4396
1622           68    0                  28       1     1 0.4396
1623           16    0                  28       1     1 0.4396
1624           66    0                  28       1     1 0.4396
1625           49    1                  28       1     0 0.4396
1626           62    0                  28       4     1 0.4396
1627           65    1                  28       1     0 0.4396
1628           36    0                  28       1     1 0.4396
1629           35    0                  28       1     0 0.4396
1630           65    1                  28       1     0 0.4396
1631            1    0                  28       1     0 0.4396
1632           66    1                  28       6     1 0.4396
1633           27    1                  28      16     0 0.4396
1634           70    1                  28       1     1 0.4396
1635           46    0                  28       5     1 0.4396
1636           75    1                  28       1     0 0.4396
1637           44    1                  28       4     0 0.4396
1638           43    1                  28       1     1 0.4396
1639           48    0                  28       1     1 0.4396
1640           63    0                  28      14     1 0.4396
1641           58    0                  28       1     0 0.4396
1642           82    1                  28       1     0 0.4396
1643           37    0                  28       1     1 0.4396
1644           91    1                  28       1     1 0.4396
1645           61    0                  28       1     1 0.4396
1646           84    0                  28       6     1 0.4396
1647           58    1                  28       1     0 0.4396
1648           91    1                  28       2     1 0.4396
1649            1    1                  28       6     0 0.4396
1650            2    0                  28       1     0 0.4396
1651            1    1                  28       1     0 0.4396
1652           45    1                  28      11     0 0.4396
1653           43    0                  28       1     0 0.4396
1654           34    1                  28       1     0 0.4396
1655           32    1                  28       5     0 0.4396
1656           67    0                  28      16     0 0.4396
1657           43    1                  28       1     0 0.4396
1658           23    0                  28      12     0 0.4396
1659           68    1                  28       1     0 0.4396
1660           42    0                  28       5     0 0.4396
1661           69    0                  28       5     1 0.4396
1662           78    1                  28       2     1 0.4396
1663           68    1                  28       1     1 0.4396
1664           55    0                  28       1     0 0.4396
1665           67    1                  28       1     0 0.4396
1666           43    1                  28       1     0 0.4396
1667           82    0                  28       5     1 0.4396
1668           45    0                  28       1     0 0.4396
1669           15    1                  28       1     0 0.4396
1670           47    0                  28       1     1 0.4396
1671           62    0                  28       3     1 0.4396
1672           70    0                  28       4     1 0.4396
1673           45    1                  28       1     1 0.4396
1674           75    1                  28       5     1 0.4396
1675           51    0                  28       1     1 0.4396
1676           63    1                  28       1     1 0.4396
1677           91    0                  28       1     1 0.4396
1678           35    0                  28       1     0 0.4396
1679           57    1                  28       4     1 0.4396
1680           43    0                  28       6     1 0.4396
1681           41    1                  29       1     0 0.7229
1682           32    0                  29      40     1 0.7229
1683           57    0                  29      60     1 0.7229
1684           48    1                  29      20     1 0.7229
1685           38    0                  29      21     0 0.7229
1686           81    0                  29      79     1 0.7229
1687           42    0                  29      40     0 0.7229
1688           33    0                  29      21     1 0.7229
1689           41    0                  29      21     0 0.7229
1690            1    0                  29       1     0 0.7229
1691            1    1                  29       1     0 0.7229
1692           61    0                  29      54     1 0.7229
1693           64    1                  29      61     0 0.7229
1694           21    0                  29      21     1 0.7229
1695           81    1                  29      79     1 0.7229
1696           76    0                  29      80     0 0.7229
1697            7    0                  29       1     0 0.7229
1698           47    1                  29      41     1 0.7229
1699           70    0                  29      62     1 0.7229
1700           83    1                  29      89     1 0.7229
1701            1    0                  29       1     0 0.7229
1702           19    0                  29      20     0 0.7229
1703           73    1                  29      90     1 0.7229
1704           83    0                  29      72     1 0.7229
1705           80    1                  29      81     1 0.7229
1706           13    0                  29      41     1 0.7229
1707           33    1                  29      20     0 0.7229
1708          100    1                  29     100     1 0.7229
1709           22    1                  29      20     0 0.7229
1710           19    0                  29      21     0 0.7229
1711           60    0                  29      61     0 0.7229
1712           20    1                  29      20     0 0.7229
1713           21    0                  29      21     0 0.7229
1714            7    1                  29       1     0 0.7229
1715           23    0                  29      21     0 0.7229
1716           41    0                  29      38     0 0.7229
1717           60    1                  29      61     0 0.7229
1718            1    0                  29       1     0 0.7229
1719           35    0                  29      32     0 0.7229
1720            1    1                  29       1     0 0.7229
1721           81    1                  29      72     1 0.7229
1722          100    1                  29     100     1 0.7229
1723          100    1                  29      96     1 0.7229
1724           14    1                  29      20     0 0.7229
1725           70    0                  29      61     0 0.7229
1726           10    0                  29      22     0 0.7229
1727           91    0                  29      72     1 0.7229
1728            1    0                  29       1     0 0.7229
1729           14    1                  29      21     0 0.7229
1730           62    1                  29      61     1 0.7229
1731           88    1                  29      81     1 0.7229
1732           79    1                  29      60     1 0.7229
1733           61    1                  29      80     1 0.7229
1734           90    0                  29      72     1 0.7229
1735          100    1                  29      81     1 0.7229
1736           80    1                  29      80     1 0.7229
1737           80    0                  29      31     1 0.7229
1738           22    1                  29      10     0 0.7229
1739           69    1                  29      80     1 0.7229
1740           71    1                  29      80     1 0.7229
1741           24    0                  30       3     0 0.4438
1742           90    0                  30      74     1 0.4438
1743           64    1                  30      53     1 0.4438
1744           91    0                  30      72     1 0.4438
1745           16    0                  30      23     0 0.4438
1746           73    0                  30      69     1 0.4438
1747           64    0                  30      36     0 0.4438
1748           61    0                  30      60     1 0.4438
1749           48    0                  30      30     0 0.4438
1750           63    1                  30      71     0 0.4438
1751            1    0                  30       8     0 0.4438
1752           78    1                  30      61     1 0.4438
1753           49    1                  30      18     0 0.4438
1754           52    0                  30      15     1 0.4438
1755           82    1                  30      89     1 0.4438
1756           87    1                  30      72     0 0.4438
1757           53    0                  30      40     0 0.4438
1758           48    1                  30      20     1 0.4438
1759           78    0                  30      72     1 0.4438
1760           69    1                  30      73     1 0.4438
1761           51    1                  30      20     0 0.4438
1762           81    1                  30      62     0 0.4438
1763           72    0                  30      78     1 0.4438
1764           91    0                  30      89     1 0.4438
1765           77    0                  30      66     1 0.4438
1766           67    1                  30      78     1 0.4438
1767           71    0                  30      52     0 0.4438
1768           91    1                  30      91     1 0.4438
1769           32    0                  30      29     0 0.4438
1770           31    0                  30      42     0 0.4438
1771           69    1                  30      68     0 0.4438
1772           91    1                  30      88     0 0.4438
1773           35    0                  30       9     0 0.4438
1774           41    0                  30      53     0 0.4438
1775           34    1                  30      30     0 0.4438
1776           67    1                  30      75     0 0.4438
1777           52    1                  30      67     0 0.4438
1778           31    1                  30      30     0 0.4438
1779           70    1                  30      71     0 0.4438
1780           25    1                  30      24     0 0.4438
1781           91    0                  30      72     1 0.4438
1782           91    1                  30      91     1 0.4438
1783           89    1                  30      60     1 0.4438
1784           66    1                  30      73     0 0.4438
1785           91    1                  30      74     0 0.4438
1786           54    1                  30      77     0 0.4438
1787           91    0                  30      86     1 0.4438
1788           46    0                  30      15     0 0.4438
1789           21    0                  30       4     0 0.4438
1790           83    0                  30      71     1 0.4438
1791           91    1                  30      73     1 0.4438
1792           65    0                  30      62     1 0.4438
1793           48    0                  30      54     1 0.4438
1794           86    1                  30      74     1 0.4438
1795           91    1                  30      73     1 0.4438
1796           91    1                  30      85     1 0.4438
1797           91    0                  30      81     1 0.4438
1798           53    0                  30      51     0 0.4438
1799           87    1                  30      86     1 0.4438
1800           76    0                  30      63     1 0.4438
1801            1    0                  31       1     0 0.4660
1802           61    0                  31      10     1 0.4660
1803          100    0                  31      44     1 0.4660
1804           68    0                  31      21     1 0.4660
1805           70    1                  31       6     0 0.4660
1806          100    1                  31      23     1 0.4660
1807           42    0                  31      41     0 0.4660
1808           35    0                  31      11     1 0.4660
1809            1    1                  31       1     0 0.4660
1810           12    1                  31       2     0 0.4660
1811            1    1                  31       8     0 0.4660
1812           81    0                  31      15     1 0.4660
1813           61    1                  31       7     0 0.4660
1814            1    1                  31      62     1 0.4660
1815          100    0                  31      26     1 0.4660
1816           77    0                  31       2     0 0.4660
1817            1    1                  31       1     0 0.4660
1818           60    1                  31       2     1 0.4660
1819          100    1                  31      19     1 0.4660
1820           84    0                  31      17     1 0.4660
1821           62    0                  31      17     0 0.4660
1822           62    0                  31      20     0 0.4660
1823           84    0                  31      19     1 0.4660
1824           99    0                  31      22     1 0.4660
1825           96    1                  31      36     1 0.4660
1826           82    1                  31       1     1 0.4660
1827           83    1                  31       7     0 0.4660
1828          100    0                  31      32     1 0.4660
1829           60    0                  31       5     0 0.4660
1830           60    1                  31       4     0 0.4660
1831           20    0                  31      18     0 0.4660
1832           62    1                  31       1     0 0.4660
1833            7    0                  31      13     0 0.4660
1834          100    1                  31      10     0 0.4660
1835           14    0                  31       1     0 0.4660
1836           20    1                  31       7     0 0.4660
1837           62    0                  31       7     0 0.4660
1838           11    1                  31       1     0 0.4660
1839           72    1                  31       2     0 0.4660
1840           18    0                  31       1     0 0.4660
1841           79    0                  31       5     1 0.4660
1842           74    1                  31      26     1 0.4660
1843           83    0                  31      12     1 0.4660
1844           68    0                  31       4     0 0.4660
1845           78    0                  31      11     0 0.4660
1846           60    1                  31       1     0 0.4660
1847           79    0                  31       8     1 0.4660
1848           27    1                  31       4     0 0.4660
1849           10    0                  31       3     0 0.4660
1850           79    0                  31      15     1 0.4660
1851           95    1                  31      11     1 0.4660
1852           66    1                  31      23     1 0.4660
1853           64    0                  31      13     1 0.4660
1854          100    1                  31      22     1 0.4660
1855           74    1                  31       1     1 0.4660
1856           97    0                  31      27     1 0.4660
1857          100    1                  31      20     1 0.4660
1858           19    1                  31       1     0 0.4660
1859          100    1                  31      24     1 0.4660
1860           82    1                  31      21     1 0.4660
1861            1    0                  32       2     0 0.4438
1862           85    0                  32      50     1 0.4438
1863           89    1                  32      45     1 0.4438
1864           76    0                  32      21     1 0.4438
1865           54    1                  32      22     0 0.4438
1866           68    1                  32      62     1 0.4438
1867            1    0                  32       1     0 0.4438
1868            7    0                  32       8     1 0.4438
1869           60    1                  32       1     0 0.4438
1870            1    0                  32       3     0 0.4438
1871           10    0                  32      10     0 0.4438
1872           62    1                  32      21     1 0.4438
1873           72    0                  32       8     0 0.4438
1874           61    0                  32       5     1 0.4438
1875           91    1                  32      65     1 0.4438
1876            6    0                  32       3     0 0.4438
1877           54    1                  32      15     0 0.4438
1878           74    0                  32      22     1 0.4438
1879           96    1                  32      34     1 0.4438
1880           77    1                  32      54     1 0.4438
1881            7    0                  32       4     0 0.4438
1882           86    1                  32      11     0 0.4438
1883           67    1                  32      55     1 0.4438
1884           94    1                  32      22     1 0.4438
1885           83    1                  32      61     1 0.4438
1886           91    1                  32      59     1 0.4438
1887            1    0                  32       1     0 0.4438
1888          100    1                  32      46     1 0.4438
1889           16    0                  32      10     0 0.4438
1890           30    0                  32       4     0 0.4438
1891           58    1                  32      14     0 0.4438
1892           77    0                  32      28     0 0.4438
1893            2    1                  32       7     0 0.4438
1894            1    0                  32       1     0 0.4438
1895            7    1                  32       3     0 0.4438
1896           69    0                  32       6     0 0.4438
1897            6    0                  32       3     0 0.4438
1898            6    0                  32       7     0 0.4438
1899           93    1                  32      45     0 0.4438
1900            1    1                  32       3     0 0.4438
1901           69    0                  32      22     1 0.4438
1902           89    0                  32      40     1 0.4438
1903           84    1                  32      46     1 0.4438
1904           85    1                  32      53     0 0.4438
1905           94    1                  32      56     0 0.4438
1906            1    0                  32       1     0 0.4438
1907           94    0                  32      30     1 0.4438
1908            5    0                  32       5     0 0.4438
1909            1    1                  32       5     0 0.4438
1910           80    0                  32      62     1 0.4438
1911          100    0                  32      71     1 0.4438
1912           79    1                  32      41     1 0.4438
1913           10    1                  32       4     1 0.4438
1914          100    0                  32      62     1 0.4438
1915           75    0                  32      16     1 0.4438
1916          100    1                  32      56     1 0.4438
1917          100    1                  32      14     1 0.4438
1918            8    1                  32       7     0 0.4438
1919           95    1                  32      71     1 0.4438
1920           99    0                  32      25     1 0.4438
1921            1    1                  33       1     0 0.1250
1922           52    0                  33      65     1 0.1250
1923           50    1                  33      43     1 0.1250
1924           76    0                  33      80     1 0.1250
1925           20    1                  33      80     0 0.1250
1926           78    1                  33      90     1 0.1250
1927           65    0                  33      75     0 0.1250
1928           63    1                  33      76     1 0.1250
1929           19    1                  33      22     0 0.1250
1930           59    1                  33     100     0 0.1250
1931            1    0                  33       1     0 0.1250
1932           86    1                  33      74     1 0.1250
1933            1    1                  33       1     0 0.1250
1934            1    0                  33      38     1 0.1250
1935           63    0                  33      64     1 0.1250
1936           80    1                  33      73     0 0.1250
1937           61    0                  33      23     0 0.1250
1938           45    0                  33      71     1 0.1250
1939           65    1                  33      63     1 0.1250
1940           84    0                  33      82     1 0.1250
1941            4    0                  33      20     0 0.1250
1942            1    1                  33      48     0 0.1250
1943           64    0                  33      72     1 0.1250
1944           79    1                  33      82     1 0.1250
1945           62    0                  33      60     1 0.1250
1946           64    0                  33      67     1 0.1250
1947           61    0                  33      73     0 0.1250
1948           79    1                  33      79     1 0.1250
1949           50    1                  33       1     0 0.1250
1950           59    0                  33      72     0 0.1250
1951            1    0                  33       1     0 0.1250
1952           42    1                  33      63     0 0.1250
1953           42    0                  33      60     0 0.1250
1954           60    1                  33      75     0 0.1250
1955           41    0                  33      62     0 0.1250
1956           45    1                  33      38     0 0.1250
1957           12    1                  33      38     0 0.1250
1958           40    0                  33      19     0 0.1250
1959           51    1                  33      80     0 0.1250
1960           80    0                  33      82     0 0.1250
1961           78    0                  33      88     1 0.1250
1962          100    1                  33      62     1 0.1250
1963           81    0                  33      82     1 0.1250
1964           81    0                  33      60     0 0.1250
1965           80    0                  33      80     0 0.1250
1966            1    1                  33       1     0 0.1250
1967           82    1                  33      71     1 0.1250
1968           25    0                  33      68     0 0.1250
1969            1    1                  33      19     0 0.1250
1970           62    0                  33      65     1 0.1250
1971           61    1                  33      67     1 0.1250
1972           63    0                  33      41     1 0.1250
1973           48    0                  33      41     1 0.1250
1974           86    1                  33      78     1 0.1250
1975            1    1                  33       1     1 0.1250
1976           62    0                  33      64     1 0.1250
1977          100    1                  33      22     1 0.1250
1978           59    1                  33      49     0 0.1250
1979           80    0                  33      79     1 0.1250
1980           61    1                  33      76     1 0.1250
1981            1    0                  34       1     0 0.4354
1982          100    0                  34     100     1 0.4354
1983           81    1                  34      81     1 0.4354
1984           98    1                  34      90     1 0.4354
1985           69    0                  34      40     0 0.4354
1986           99    1                  34     100     1 0.4354
1987           88    1                  34      81     0 0.4354
1988           36    1                  34      29     1 0.4354
1989            1    1                  34       1     0 0.4354
1990          100    0                  34     100     0 0.4354
1991            1    1                  34       1     0 0.4354
1992           47    0                  34      40     1 0.4354
1993            1    1                  34       1     0 0.4354
1994            2    1                  34      20     1 0.4354
1995           90    1                  34      82     1 0.4354
1996           85    1                  34      82     0 0.4354
1997          100    0                  34      88     0 0.4354
1998           61    0                  34      49     1 0.4354
1999          100    1                  34     100     1 0.4354
2000           99    1                  34      89     1 0.4354
2001           70    1                  34      80     0 0.4354
2002           41    1                  34      48     0 0.4354
2003           70    1                  34      48     1 0.4354
2004          100    1                  34     100     1 0.4354
2005           98    0                  34     100     1 0.4354
2006          100    1                  34     100     1 0.4354
2007           92    0                  34      82     0 0.4354
2008          100    0                  34      99     1 0.4354
2009            1    0                  34      10     0 0.4354
2010            1    1                  34      19     0 0.4354
2011            9    1                  34      38     0 0.4354
2012           64    1                  34      43     0 0.4354
2013           23    1                  34      39     0 0.4354
2014           36    1                  34      35     0 0.4354
2015           31    0                  34      33     0 0.4354
2016           47    0                  34      32     0 0.4354
2017            9    0                  34      38     0 0.4354
2018           79    0                  34      79     0 0.4354
2019           84    0                  34      80     0 0.4354
2020            1    0                  34      16     0 0.4354
2021           91    0                  34      60     1 0.4354
2022           95    1                  34     100     1 0.4354
2023           10    0                  34       1     1 0.4354
2024           11    1                  34      24     0 0.4354
2025          100    0                  34      89     0 0.4354
2026           91    1                  34      92     0 0.4354
2027          100    0                  34     100     1 0.4354
2028           19    0                  34      20     0 0.4354
2029           91    0                  34      81     0 0.4354
2030           99    0                  34      80     1 0.4354
2031          100    0                  34      99     1 0.4354
2032           99    1                  34      99     1 0.4354
2033           41    0                  34      31     1 0.4354
2034          100    1                  34      99     1 0.4354
2035           49    0                  34      41     1 0.4354
2036          100    0                  34     100     1 0.4354
2037          100    1                  34     100     1 0.4354
2038           32    0                  34      33     0 0.4354
2039           79    0                  34      49     1 0.4354
2040           76    1                  34      81     1 0.4354
2041           64    1                  35      58     0 0.6361
2042           97    1                  35      94     1 0.6361
2043           91    0                  35      97     1 0.6361
2044           76    1                  35      73     1 0.6361
2045           56    0                  35      76     0 0.6361
2046           76    1                  35      99     1 0.6361
2047           59    1                  35      82     0 0.6361
2048           69    0                  35      81     1 0.6361
2049           63    1                  35      85     0 0.6361
2050           70    1                  35     100     0 0.6361
2051           12    1                  35       1     0 0.6361
2052           86    1                  35      82     1 0.6361
2053           59    1                  35      47     0 0.6361
2054           43    0                  35       1     1 0.6361
2055           97    1                  35      86     1 0.6361
2056           92    0                  35      82     0 0.6361
2057           83    0                  35      64     0 0.6361
2058           65    1                  35      68     1 0.6361
2059           94    0                  35      98     1 0.6361
2060          100    0                  35      96     1 0.6361
2061           56    1                  35      53     0 0.6361
2062           70    0                  35      64     0 0.6361
2063           94    1                  35      62     1 0.6361
2064           73    0                  35      62     1 0.6361
2065           91    1                  35      86     1 0.6361
2066           78    0                  35      76     1 0.6361
2067           58    0                  35      79     0 0.6361
2068           99    1                  35      95     1 0.6361
2069           27    0                  35      45     0 0.6361
2070           60    1                  35      58     0 0.6361
2071            3    1                  35      24     0 0.6361
2072           55    0                  35      84     0 0.6361
2073           34    0                  35       4     0 0.6361
2074           34    1                  35      39     0 0.6361
2075           30    1                  35      59     0 0.6361
2076           66    1                  35     100     0 0.6361
2077           87    1                  35      99     0 0.6361
2078           41    1                  35      56     0 0.6361
2079           73    0                  35      53     0 0.6361
2080           82    0                  35      94     0 0.6361
2081           80    0                  35      99     1 0.6361
2082           58    0                  35      99     1 0.6361
2083           94    0                  35      97     1 0.6361
2084           45    0                  35      20     0 0.6361
2085           98    0                  35      74     0 0.6361
2086           54    0                  35      22     0 0.6361
2087           95    0                  35      80     1 0.6361
2088           68    1                  35      77     0 0.6361
2089           13    0                  35       1     0 0.6361
2090          100    1                  35      92     1 0.6361
2091          100    0                  35      91     1 0.6361
2092           81    0                  35      97     1 0.6361
2093           78    0                  35      79     1 0.6361
2094          100    1                  35      96     1 0.6361
2095           57    0                  35      38     1 0.6361
2096           96    0                  35      94     1 0.6361
2097           93    1                  35      77     1 0.6361
2098           79    1                  35      58     0 0.6361
2099          100    1                  35     100     1 0.6361
2100           83    1                  35     100     1 0.6361
2101            4    0                  36      21     0 0.7396
2102           94    1                  36       1     1 0.7396
2103           95    1                  36       3     1 0.7396
2104           97    1                  36       4     1 0.7396
2105           61    0                  36      41     0 0.7396
2106           58    0                  36       1     1 0.7396
2107            4    0                  36      41     0 0.7396
2108           21    1                  36      22     1 0.7396
2109            6    0                  36       1     0 0.7396
2110            3    0                  36       3     0 0.7396
2111            5    0                  36      60     0 0.7396
2112           59    0                  36       3     1 0.7396
2113           78    1                  36      41     0 0.7396
2114           79    1                  36      40     1 0.7396
2115           96    1                  36       3     1 0.7396
2116           78    0                  36       1     0 0.7396
2117           61    1                  36       1     0 0.7396
2118           41    1                  36       1     1 0.7396
2119           95    0                  36       4     1 0.7396
2120           82    0                  36       3     1 0.7396
2121           77    1                  36       1     0 0.7396
2122            5    0                  36       3     0 0.7396
2123           61    1                  36       1     1 0.7396
2124           97    1                  36       1     1 0.7396
2125           58    0                  36       3     1 0.7396
2126           79    1                  36      21     1 0.7396
2127           17    0                  36       1     0 0.7396
2128           97    1                  36       1     1 0.7396
2129           60    1                  36      79     0 0.7396
2130           54    0                  36       3     0 0.7396
2131            5    1                  36       1     0 0.7396
2132           60    0                  36      20     0 0.7396
2133           15    0                  36       2     0 0.7396
2134            6    0                  36      20     0 0.7396
2135           17    0                  36       1     0 0.7396
2136           57    0                  36       1     0 0.7396
2137           27    1                  36      40     0 0.7396
2138           83    1                  36       1     0 0.7396
2139           95    1                  36       4     0 0.7396
2140            3    0                  36       4     0 0.7396
2141           94    1                  36       1     1 0.7396
2142           98    0                  36       1     1 0.7396
2143           97    0                  36      62     1 0.7396
2144           61    1                  36       3     0 0.7396
2145           79    1                  36       1     0 0.7396
2146           59    1                  36      21     0 0.7396
2147           95    1                  36       1     1 0.7396
2148            4    0                  36       1     0 0.7396
2149            6    1                  36      21     0 0.7396
2150           56    1                  36      41     1 0.7396
2151           96    0                  36       1     1 0.7396
2152           61    0                  36       3     1 0.7396
2153           40    0                  36      40     1 0.7396
2154           95    1                  36       3     1 0.7396
2155           80    0                  36       3     1 0.7396
2156           96    1                  36       1     1 0.7396
2157           96    0                  36       3     1 0.7396
2158           95    1                  36      59     0 0.7396
2159           56    0                  36      60     1 0.7396
2160           57    1                  36      41     1 0.7396
2161            1    1                  37       1     0 0.1667
2162           20    1                  37       1     1 0.1667
2163          100    0                  37     100     1 0.1667
2164           62    0                  37      79     1 0.1667
2165            1    0                  37       1     0 0.1667
2166           18    1                  37       1     1 0.1667
2167           39    0                  37       1     0 0.1667
2168           41    0                  37       1     1 0.1667
2169            1    1                  37       1     0 0.1667
2170           41    1                  37      55     0 0.1667
2171           19    0                  37       1     0 0.1667
2172           41    0                  37      76     1 0.1667
2173           22    1                  37       1     0 0.1667
2174           25    1                  37       1     1 0.1667
2175           80    1                  37      58     1 0.1667
2176           80    0                  37      83     0 0.1667
2177            1    0                  37      38     0 0.1667
2178           22    1                  37       1     1 0.1667
2179          100    0                  37      96     1 0.1667
2180           19    1                  37      18     1 0.1667
2181           18    1                  37       1     0 0.1667
2182           38    1                  37       1     0 0.1667
2183            3    0                  37       1     1 0.1667
2184          100    1                  37      82     1 0.1667
2185            3    0                  37       1     1 0.1667
2186           59    1                  37     100     1 0.1667
2187            1    0                  37       1     0 0.1667
2188           46    1                  37       1     1 0.1667
2189            1    0                  37       1     0 0.1667
2190           43    1                  37       1     0 0.1667
2191           36    1                  37       1     0 0.1667
2192           59    1                  37      19     0 0.1667
2193            1    0                  37       1     0 0.1667
2194            1    0                  37       1     0 0.1667
2195           59    1                  37     100     0 0.1667
2196           40    0                  37       1     0 0.1667
2197           57    0                  37      14     0 0.1667
2198            4    0                  37       1     0 0.1667
2199           41    0                  37       1     0 0.1667
2200           18    1                  37       1     0 0.1667
2201           73    0                  37      58     1 0.1667
2202          100    1                  37     100     1 0.1667
2203           57    1                  37      39     1 0.1667
2204            2    0                  37       1     0 0.1667
2205           62    1                  37      79     0 0.1667
2206           16    1                  37       1     0 0.1667
2207          100    1                  37     100     1 0.1667
2208           56    0                  37      21     0 0.1667
2209            1    1                  37       1     0 0.1667
2210           41    0                  37      55     1 0.1667
2211           57    1                  37      55     1 0.1667
2212           60    0                  37      81     1 0.1667
2213           54    1                  37      39     1 0.1667
2214          100    0                  37      82     1 0.1667
2215           55    0                  37      14     1 0.1667
2216          100    1                  37      19     1 0.1667
2217          100    0                  37     100     1 0.1667
2218           41    0                  37      13     0 0.1667
2219           40    1                  37      54     1 0.1667
2220           54    0                  37      39     1 0.1667
2221           28    1                  38      39     0 0.8056
2222          100    0                  38      62     1 0.8056
2223          100    0                  38     100     1 0.8056
2224          100    1                  38      55     1 0.8056
2225           80    1                  38      45     0 0.8056
2226          100    0                  38      63     1 0.8056
2227            1    0                  38       2     0 0.8056
2228           66    0                  38      66     1 0.8056
2229           88    0                  38      61     0 0.8056
2230           78    1                  38      27     0 0.8056
2231           67    0                  38      45     0 0.8056
2232           96    0                  38      61     1 0.8056
2233           62    0                  38      56     0 0.8056
2234           99    1                  38      80     1 0.8056
2235           99    0                  38      61     1 0.8056
2236           95    1                  38      65     0 0.8056
2237           80    0                  38      64     0 0.8056
2238          100    1                  38      35     1 0.8056
2239           99    0                  38      55     1 0.8056
2240          100    1                  38      64     1 0.8056
2241           62    0                  38      62     0 0.8056
2242          100    1                  38      58     0 0.8056
2243          100    0                  38      59     1 0.8056
2244          100    0                  38      46     1 0.8056
2245           82    1                  38      71     1 0.8056
2246           82    0                  38      55     1 0.8056
2247           69    0                  38      62     0 0.8056
2248           83    1                  38      70     1 0.8056
2249           68    0                  38       5     0 0.8056
2250           79    0                  38      32     0 0.8056
2251           79    1                  38      87     0 0.8056
2252           83    0                  38      62     0 0.8056
2253          100    0                  38      79     0 0.8056
2254           69    1                  38      38     0 0.8056
2255           70    1                  38      41     0 0.8056
2256           64    0                  38      93     0 0.8056
2257          100    1                  38      58     0 0.8056
2258           29    1                  38      15     0 0.8056
2259           74    0                  38      47     0 0.8056
2260           99    0                  38      53     0 0.8056
2261          100    1                  38      61     1 0.8056
2262           78    1                  38      28     1 0.8056
2263           83    0                  38      68     1 0.8056
2264           88    1                  38      65     0 0.8056
2265          100    1                  38      37     0 0.8056
2266           67    1                  38      56     0 0.8056
2267           99    1                  38      60     1 0.8056
2268          100    0                  38      63     0 0.8056
2269           43    1                  38      41     0 0.8056
2270           84    1                  38      98     1 0.8056
2271          100    0                  38      95     1 0.8056
2272           97    1                  38      56     1 0.8056
2273           93    0                  38      39     1 0.8056
2274           82    1                  38      59     1 0.8056
2275           73    0                  38      24     1 0.8056
2276          100    1                  38      80     1 0.8056
2277          100    1                  38      58     1 0.8056
2278           99    1                  38      39     0 0.8056
2279          100    1                  38      95     1 0.8056
2280           99    0                  38      72     1 0.8056
2281           17    1                  39       1     0 0.5417
2282           59    0                  39       1     1 0.5417
2283          100    0                  39      72     1 0.5417
2284           29    0                  39       1     1 0.5417
2285           55    1                  39       1     0 0.5417
2286           60    1                  39      41     1 0.5417
2287           38    1                  39       1     0 0.5417
2288           37    0                  39       3     1 0.5417
2289            3    0                  39       1     0 0.5417
2290            5    0                  39       1     0 0.5417
2291           17    0                  39       1     0 0.5417
2292           60    1                  39       1     1 0.5417
2293           64    1                  39      34     0 0.5417
2294           91    0                  39       1     1 0.5417
2295           76    1                  39       7     1 0.5417
2296           76    0                  39      15     0 0.5417
2297           24    1                  39       1     0 0.5417
2298           53    0                  39       1     1 0.5417
2299           58    0                  39      23     1 0.5417
2300           88    1                  39      27     1 0.5417
2301           13    1                  39       1     0 0.5417
2302           65    0                  39      12     0 0.5417
2303           62    1                  39      37     1 0.5417
2304           83    1                  39      17     1 0.5417
2305           83    1                  39      61     1 0.5417
2306           29    0                  39       1     1 0.5417
2307           72    0                  39       8     0 0.5417
2308          100    0                  39      44     1 0.5417
2309           47    1                  39       1     0 0.5417
2310           33    0                  39       1     0 0.5417
2311           26    1                  39       1     0 0.5417
2312           80    1                  39       1     0 0.5417
2313           17    1                  39       1     0 0.5417
2314           39    0                  39       1     0 0.5417
2315            9    0                  39       1     0 0.5417
2316           34    0                  39       2     0 0.5417
2317           54    0                  39      20     0 0.5417
2318           46    1                  39       1     0 0.5417
2319           63    1                  39       1     0 0.5417
2320           39    0                  39       2     0 0.5417
2321           79    0                  39       1     1 0.5417
2322           86    1                  39      12     1 0.5417
2323           77    0                  39      22     1 0.5417
2324           27    1                  39       1     0 0.5417
2325           77    1                  39       3     0 0.5417
2326           21    1                  39       1     0 0.5417
2327           63    0                  39       1     1 0.5417
2328           39    1                  39       1     0 0.5417
2329           37    1                  39       1     0 0.5417
2330           61    1                  39      28     1 0.5417
2331           87    0                  39      31     1 0.5417
2332           39    1                  39       6     1 0.5417
2333           44    0                  39       1     1 0.5417
2334           99    0                  39      18     1 0.5417
2335           58    0                  39       1     1 0.5417
2336           89    1                  39      39     1 0.5417
2337           95    1                  39      22     1 0.5417
2338           40    0                  39       4     0 0.5417
2339          100    1                  39      70     1 0.5417
2340           73    0                  39      41     1 0.5417
2341            1    1                  40       3     0 0.7715
2342           81    0                  40      78     1 0.7715
2343           72    0                  40      65     1 0.7715
2344           88    1                  40      95     1 0.7715
2345           64    1                  40      86     0 0.7715
2346           61    1                  40      60     1 0.7715
2347           16    1                  40      17     0 0.7715
2348           70    1                  40      66     1 0.7715
2349           12    0                  40       1     0 0.7715
2350            9    0                  40       4     0 0.7715
2351            5    1                  40      14     0 0.7715
2352           61    1                  40      62     1 0.7715
2353           22    0                  40      18     0 0.7715
2354           61    0                  40      57     1 0.7715
2355           79    0                  40      70     1 0.7715
2356           75    0                  40      75     0 0.7715
2357           18    0                  40      25     0 0.7715
2358           74    1                  40      70     1 0.7715
2359           90    0                  40      78     1 0.7715
2360           62    0                  40      58     1 0.7715
2361            1    1                  40       9     0 0.7715
2362           10    1                  40      25     0 0.7715
2363           70    1                  40      65     1 0.7715
2364           79    1                  40      77     1 0.7715
2365           62    0                  40      62     1 0.7715
2366           65    1                  40      63     1 0.7715
2367            9    0                  40       6     0 0.7715
2368           62    0                  40      69     1 0.7715
2369            9    1                  40       3     0 0.7715
2370            6    0                  40       2     0 0.7715
2371            3    0                  40       3     0 0.7715
2372           35    0                  40      36     0 0.7715
2373            8    0                  40      11     0 0.7715
2374           40    1                  40      36     0 0.7715
2375            7    0                  40       6     0 0.7715
2376           68    1                  40      69     0 0.7715
2377           70    0                  40      65     0 0.7715
2378           24    1                  40      21     0 0.7715
2379           20    0                  40      20     0 0.7715
2380           31    0                  40      37     0 0.7715
2381           81    1                  40      62     1 0.7715
2382           74    1                  40      74     1 0.7715
2383           68    0                  40      66     1 0.7715
2384           61    0                  40      57     0 0.7715
2385           69    1                  40      78     0 0.7715
2386           66    1                  40      64     0 0.7715
2387           78    1                  40      75     1 0.7715
2388           19    0                  40      24     0 0.7715
2389            1    1                  40       1     0 0.7715
2390           56    0                  40      70     1 0.7715
2391           68    0                  40      73     1 0.7715
2392           66    1                  40      79     1 0.7715
2393           61    1                  40      61     1 0.7715
2394           91    1                  40      72     1 0.7715
2395           79    0                  40      60     1 0.7715
2396           82    1                  40      85     1 0.7715
2397          100    0                  40      19     1 0.7715
2398           62    1                  40      22     0 0.7715
2399           79    1                  40      64     1 0.7715
2400           77    0                  40      58     1 0.7715
2401            1    1                  41       1     0 0.3917
2402          100    0                  41      83     1 0.3917
2403           88    0                  41      79     1 0.3917
2404          100    1                  41      99     1 0.3917
2405            1    0                  41       1     0 0.3917
2406           86    0                  41      61     1 0.3917
2407            1    0                  41       1     0 0.3917
2408          100    1                  41     100     1 0.3917
2409           58    1                  41       2     0 0.3917
2410            1    1                  41       1     0 0.3917
2411            1    0                  41       1     0 0.3917
2412           81    0                  41      62     1 0.3917
2413           89    1                  41      12     0 0.3917
2414            1    0                  41       1     1 0.3917
2415           63    1                  41      20     1 0.3917
2416           81    1                  41      81     0 0.3917
2417           55    0                  41      19     0 0.3917
2418           57    1                  41      10     1 0.3917
2419           80    0                  41      79     1 0.3917
2420          100    1                  41      64     1 0.3917
2421           26    1                  41       1     0 0.3917
2422           60    0                  41      59     0 0.3917
2423           57    1                  41      95     1 0.3917
2424           91    0                  41     100     1 0.3917
2425          100    1                  41      62     1 0.3917
2426           60    1                  41      82     1 0.3917
2427          100    1                  41     100     0 0.3917
2428           79    1                  41      62     1 0.3917
2429            1    0                  41       1     0 0.3917
2430            1    1                  41       1     0 0.3917
2431            1    1                  41       1     0 0.3917
2432            6    0                  41       1     0 0.3917
2433            1    1                  41       1     0 0.3917
2434            1    0                  41       1     0 0.3917
2435            1    0                  41       1     0 0.3917
2436           61    0                  41       9     0 0.3917
2437            7    0                  41       1     0 0.3917
2438            7    1                  41       4     0 0.3917
2439           81    0                  41      63     0 0.3917
2440           10    1                  41       1     0 0.3917
2441          100    1                  41     100     1 0.3917
2442           80    1                  41      62     1 0.3917
2443          100    0                  41     100     1 0.3917
2444            1    0                  41       1     0 0.3917
2445           14    0                  41      11     0 0.3917
2446            1    1                  41       1     0 0.3917
2447          100    0                  41     100     1 0.3917
2448            1    1                  41       1     0 0.3917
2449            1    0                  41       1     0 0.3917
2450          100    0                  41      62     1 0.3917
2451          100    1                  41     100     1 0.3917
2452          100    1                  41      91     1 0.3917
2453           99    0                  41      55     1 0.3917
2454          100    0                  41     100     1 0.3917
2455           79    0                  41       4     1 0.3917
2456          100    1                  41      78     1 0.3917
2457          100    1                  41      80     1 0.3917
2458            1    0                  41       1     0 0.3917
2459          100    0                  41      81     1 0.3917
2460           79    1                  41      40     1 0.3917
2461            9    1                  42       1     0 0.7125
2462           60    1                  42       8     1 0.7125
2463           62    1                  42      35     1 0.7125
2464           70    1                  42      27     1 0.7125
2465           37    0                  42      21     0 0.7125
2466           99    0                  42     100     1 0.7125
2467           13    1                  42      11     0 0.7125
2468            1    1                  42       5     1 0.7125
2469           17    0                  42       7     0 0.7125
2470           96    0                  42      19     0 0.7125
2471           67    0                  42       2     0 0.7125
2472           62    0                  42      32     1 0.7125
2473           72    1                  42       6     0 0.7125
2474           63    0                  42       9     1 0.7125
2475           78    0                  42      39     1 0.7125
2476           87    1                  42      38     0 0.7125
2477            1    0                  42       1     0 0.7125
2478           58    1                  42      13     1 0.7125
2479           62    0                  42      35     1 0.7125
2480           93    1                  42      85     1 0.7125
2481           60    1                  42       9     0 0.7125
2482           43    0                  42       1     0 0.7125
2483           64    0                  42      80     1 0.7125
2484           86    1                  42      38     1 0.7125
2485           99    0                  42      97     1 0.7125
2486            7    0                  42       1     1 0.7125
2487           69    1                  42      17     0 0.7125
2488           82    1                  42      69     1 0.7125
2489           13    1                  42       8     0 0.7125
2490           20    1                  42      15     0 0.7125
2491           11    0                  42      20     0 0.7125
2492           20    1                  42      10     0 0.7125
2493           59    1                  42      16     0 0.7125
2494           28    0                  42       9     0 0.7125
2495            4    0                  42       2     0 0.7125
2496           70    0                  42      31     0 0.7125
2497           69    0                  42      19     0 0.7125
2498           50    0                  42      19     0 0.7125
2499           16    0                  42      10     0 0.7125
2500           71    1                  42      19     0 0.7125
2501           84    0                  42      67     1 0.7125
2502           88    1                  42      70     1 0.7125
2503           68    1                  42       5     1 0.7125
2504           14    0                  42       1     0 0.7125
2505           81    1                  42      56     0 0.7125
2506           17    1                  42       1     0 0.7125
2507           94    1                  42      58     1 0.7125
2508           15    0                  42       9     0 0.7125
2509            2    1                  42       1     0 0.7125
2510           58    1                  42      56     1 0.7125
2511           83    0                  42      77     1 0.7125
2512           26    1                  42       5     1 0.7125
2513           14    0                  42      17     1 0.7125
2514           85    0                  42      40     1 0.7125
2515           15    0                  42      13     1 0.7125
2516           85    0                  42      61     1 0.7125
2517           87    0                  42      11     1 0.7125
2518           11    1                  42       1     0 0.7125
2519           89    1                  42      88     1 0.7125
2520           85    1                  42      82     1 0.7125
2521            1    1                  43       1     0 0.6740
2522           82    1                  43      45     1 0.6740
2523           85    1                  43      93     1 0.6740
2524           84    0                  43      68     1 0.6740
2525           28    0                  43      22     0 0.6740
2526           92    0                  43      97     1 0.6740
2527           13    1                  43       6     0 0.6740
2528           39    0                  43      23     1 0.6740
2529           40    1                  43      25     0 0.6740
2530           58    0                  43      31     0 0.6740
2531           16    1                  43       1     0 0.6740
2532           60    0                  43      34     1 0.6740
2533           35    1                  43      27     0 0.6740
2534           11    0                  43      15     1 0.6740
2535           92    1                  43      77     1 0.6740
2536           62    0                  43      34     0 0.6740
2537           57    0                  43      61     0 0.6740
2538           60    1                  43      53     1 0.6740
2539           95    1                  43      80     1 0.6740
2540           84    1                  43      95     1 0.6740
2541           40    0                  43      57     0 0.6740
2542           38    0                  43      35     0 0.6740
2543           75    0                  43      68     1 0.6740
2544          100    0                  43      72     1 0.6740
2545           96    0                  43      96     1 0.6740
2546           93    0                  43      41     1 0.6740
2547           72    1                  43      27     0 0.6740
2548           94    1                  43      44     1 0.6740
2549           62    0                  43      26     0 0.6740
2550           62    0                  43      28     0 0.6740
2551           29    1                  43      12     0 0.6740
2552           73    1                  43      69     0 0.6740
2553           20    1                  43      14     0 0.6740
2554            5    0                  43      10     0 0.6740
2555           32    0                  43       3     0 0.6740
2556           61    1                  43      60     0 0.6740
2557           79    0                  43      61     0 0.6740
2558           63    0                  43      43     0 0.6740
2559           73    1                  43      66     0 0.6740
2560           60    1                  43      56     0 0.6740
2561           92    0                  43      87     1 0.6740
2562           88    0                  43      64     1 0.6740
2563           59    0                  43      31     1 0.6740
2564           96    1                  43      59     0 0.6740
2565           86    0                  43      82     0 0.6740
2566           10    1                  43       6     0 0.6740
2567           90    1                  43      72     1 0.6740
2568           81    0                  43      61     0 0.6740
2569            5    1                  43       2     0 0.6740
2570           86    1                  43     100     1 0.6740
2571           95    1                  43      82     1 0.6740
2572           80    1                  43      70     1 0.6740
2573           78    1                  43      66     1 0.6740
2574          100    1                  43      75     1 0.6740
2575           26    0                  43      32     1 0.6740
2576           97    1                  43      75     1 0.6740
2577          100    0                  43      71     1 0.6740
2578           29    1                  43       8     0 0.6740
2579           96    0                  43      80     1 0.6740
2580           88    0                  43      78     1 0.6740
2581           19    1                  44      41     0 0.5958
2582           98    1                  44      59     1 0.5958
2583           61    0                  44      74     1 0.5958
2584           62    1                  44      41     1 0.5958
2585           42    1                  44      71     0 0.5958
2586           61    1                  44      41     1 0.5958
2587           63    0                  44      33     0 0.5958
2588            3    0                  44      31     1 0.5958
2589           19    0                  44      32     0 0.5958
2590           95    0                  44      79     0 0.5958
2591           21    1                  44      41     0 0.5958
2592           62    0                  44      14     1 0.5958
2593            3    0                  44      41     0 0.5958
2594           19    0                  44      42     1 0.5958
2595           97    1                  44      81     1 0.5958
2596           81    0                  44      81     0 0.5958
2597           21    0                  44      30     0 0.5958
2598           62    1                  44      62     1 0.5958
2599           61    0                  44      58     1 0.5958
2600           84    0                  44      83     1 0.5958
2601           60    1                  44      27     0 0.5958
2602           62    1                  44      27     0 0.5958
2603           21    0                  44      32     1 0.5958
2604          100    0                  44      71     1 0.5958
2605           77    0                  44      81     1 0.5958
2606           70    0                  44      71     1 0.5958
2607            1    1                  44       4     0 0.5958
2608           97    0                  44      87     1 0.5958
2609            3    0                  44      41     0 0.5958
2610           19    1                  44      30     0 0.5958
2611            3    0                  44       1     0 0.5958
2612           71    0                  44      41     0 0.5958
2613           42    1                  44      30     0 0.5958
2614           79    0                  44      37     0 0.5958
2615           41    0                  44      40     0 0.5958
2616           96    0                  44      40     0 0.5958
2617           60    0                  44      71     0 0.5958
2618           58    1                  44      20     0 0.5958
2619           71    1                  44      50     0 0.5958
2620           22    1                  44      30     0 0.5958
2621          100    0                  44      86     1 0.5958
2622           98    1                  44      72     1 0.5958
2623          100    1                  44      82     1 0.5958
2624           66    1                  44      71     0 0.5958
2625           91    1                  44      61     0 0.5958
2626           82    1                  44      72     0 0.5958
2627           85    1                  44      72     1 0.5958
2628            3    0                  44      21     0 0.5958
2629            5    0                  44      42     0 0.5958
2630           80    0                  44      92     1 0.5958
2631           91    1                  44      98     1 0.5958
2632           63    1                  44      38     1 0.5958
2633           81    1                  44      63     1 0.5958
2634           94    1                  44      81     1 0.5958
2635           43    1                  44      41     1 0.5958
2636           98    1                  44      82     1 0.5958
2637           96    0                  44      98     1 0.5958
2638           10    1                  44      22     0 0.5958
2639           82    0                  44      71     1 0.5958
2640           92    1                  44      81     1 0.5958
2641            1    0                  45       1     0 0.6701
2642           66    0                  45      58     1 0.6701
2643            1    1                  45       1     1 0.6701
2644          100    1                  45      61     1 0.6701
2645           51    1                  45      21     0 0.6701
2646           67    1                  45      18     1 0.6701
2647            1    0                  45       1     0 0.6701
2648           20    1                  45       7     1 0.6701
2649            1    1                  45       1     0 0.6701
2650            1    0                  45       1     0 0.6701
2651           34    1                  45      21     0 0.6701
2652           21    0                  45       1     1 0.6701
2653           18    0                  45       1     0 0.6701
2654           62    0                  45      20     1 0.6701
2655          100    1                  45      88     1 0.6701
2656            1    1                  45      15     0 0.6701
2657           15    0                  45       1     0 0.6701
2658           60    0                  45      21     1 0.6701
2659           79    1                  45      81     1 0.6701
2660           60    0                  45      40     1 0.6701
2661            1    0                  45       1     0 0.6701
2662          100    1                  45      80     0 0.6701
2663           62    0                  45      21     1 0.6701
2664           82    1                  45      65     1 0.6701
2665           55    0                  45      68     1 0.6701
2666           61    1                  45       1     1 0.6701
2667            1    0                  45       1     0 0.6701
2668          100    0                  45      81     1 0.6701
2669            1    0                  45       1     0 0.6701
2670            1    0                  45       1     0 0.6701
2671          100    0                  45       1     0 0.6701
2672           21    1                  45      40     0 0.6701
2673            1    1                  45       1     0 0.6701
2674            1    1                  45       1     0 0.6701
2675            1    1                  45      17     0 0.6701
2676            1    0                  45       1     0 0.6701
2677           17    0                  45      39     0 0.6701
2678           15    0                  45       1     0 0.6701
2679           62    0                  45      40     0 0.6701
2680            1    0                  45       1     0 0.6701
2681          100    1                  45     100     1 0.6701
2682           80    0                  45     100     1 0.6701
2683          100    1                  45      80     1 0.6701
2684            1    1                  45       1     0 0.6701
2685           61    1                  45      39     0 0.6701
2686           17    1                  45       1     0 0.6701
2687          100    0                  45      79     1 0.6701
2688           15    0                  45       1     0 0.6701
2689            1    1                  45       1     0 0.6701
2690           62    1                  45      65     1 0.6701
2691           48    1                  45       1     1 0.6701
2692           61    1                  45      59     1 0.6701
2693           51    1                  45       1     1 0.6701
2694          100    1                  45      80     1 0.6701
2695           80    1                  45      61     1 0.6701
2696          100    0                  45     100     1 0.6701
2697          100    0                  45     100     1 0.6701
2698           64    1                  45      12     0 0.6701
2699          100    0                  45      81     1 0.6701
2700           57    0                  45      21     1 0.6701
2701           70    1                  46      21     0 0.3524
2702           71    0                  46      96     1 0.3524
2703           92    1                  46      95     1 0.3524
2704           75    1                  46      90     1 0.3524
2705           87    1                  46      70     0 0.3524
2706           89    1                  46      83     1 0.3524
2707           82    0                  46      85     0 0.3524
2708           75    1                  46      84     1 0.3524
2709           24    0                  46      23     0 0.3524
2710            2    1                  46      21     0 0.3524
2711            5    0                  46       1     0 0.3524
2712           81    0                  46      81     1 0.3524
2713           32    0                  46      30     0 0.3524
2714           39    1                  46      40     1 0.3524
2715           40    0                  46      35     1 0.3524
2716           65    1                  46      96     0 0.3524
2717           39    0                  46      93     0 0.3524
2718           89    0                  46      78     1 0.3524
2719          100    1                  46     100     1 0.3524
2720           74    1                  46      77     1 0.3524
2721           41    1                  46      38     0 0.3524
2722           19    0                  46      32     0 0.3524
2723           33    0                  46      28     1 0.3524
2724           73    0                  46      90     1 0.3524
2725           92    0                  46      96     1 0.3524
2726           92    1                  46      83     1 0.3524
2727           80    1                  46      63     0 0.3524
2728           94    1                  46      76     1 0.3524
2729           93    1                  46      63     0 0.3524
2730           63    1                  46      96     0 0.3524
2731            2    1                  46       5     0 0.3524
2732           81    0                  46      71     0 0.3524
2733           85    0                  46      97     0 0.3524
2734           74    0                  46      95     0 0.3524
2735           45    0                  46      35     0 0.3524
2736           67    0                  46      40     0 0.3524
2737           68    1                  46      88     0 0.3524
2738           68    0                  46      79     0 0.3524
2739           96    1                  46      93     0 0.3524
2740           41    0                  46      42     0 0.3524
2741           86    1                  46      70     1 0.3524
2742           95    1                  46      95     1 0.3524
2743           99    1                  46      90     1 0.3524
2744           96    0                  46      97     0 0.3524
2745           90    0                  46      85     0 0.3524
2746           34    0                  46      37     0 0.3524
2747           66    0                  46      80     1 0.3524
2748           95    0                  46      80     0 0.3524
2749           35    0                  46      44     0 0.3524
2750           79    0                  46      99     1 0.3524
2751           72    0                  46      84     1 0.3524
2752           33    1                  46      40     1 0.3524
2753           57    1                  46      38     1 0.3524
2754           88    0                  46     100     1 0.3524
2755           63    1                  46      34     1 0.3524
2756           97    1                  46     100     1 0.3524
2757           77    1                  46      38     1 0.3524
2758           75    0                  46      62     0 0.3524
2759           99    1                  46     100     1 0.3524
2760           99    1                  46      87     1 0.3524
2761           47    1                  47       1     0 0.6340
2762           53    0                  47      12     1 0.6340
2763           83    0                  47      93     1 0.6340
2764          100    0                  47      69     1 0.6340
2765           41    0                  47       2     0 0.6340
2766          100    1                  47      84     1 0.6340
2767            1    1                  47       1     0 0.6340
2768           40    1                  47      21     1 0.6340
2769           61    1                  47      95     0 0.6340
2770            1    1                  47       1     0 0.6340
2771            1    1                  47       1     0 0.6340
2772           63    0                  47      85     1 0.6340
2773           70    1                  47      59     0 0.6340
2774          100    1                  47      18     1 0.6340
2775          100    0                  47     100     1 0.6340
2776          100    1                  47     100     0 0.6340
2777            1    0                  47       1     0 0.6340
2778           53    1                  47      22     1 0.6340
2779           87    0                  47     100     1 0.6340
2780           59    0                  47      79     1 0.6340
2781           48    0                  47      96     0 0.6340
2782           60    0                  47      82     0 0.6340
2783           48    0                  47      41     1 0.6340
2784           52    0                  47      65     1 0.6340
2785           82    0                  47     100     1 0.6340
2786           11    0                  47       1     1 0.6340
2787            1    1                  47       1     0 0.6340
2788           80    0                  47      62     1 0.6340
2789           18    1                  47       1     0 0.6340
2790           31    1                  47       1     0 0.6340
2791            1    1                  47       1     0 0.6340
2792           41    0                  47       1     0 0.6340
2793           15    0                  47       1     0 0.6340
2794           33    1                  47       1     0 0.6340
2795            9    1                  47       1     0 0.6340
2796           44    1                  47     100     0 0.6340
2797           51    1                  47     100     0 0.6340
2798           20    1                  47       1     0 0.6340
2799           52    1                  47      21     0 0.6340
2800          100    0                  47      73     0 0.6340
2801          100    0                  47      81     1 0.6340
2802          100    0                  47      91     1 0.6340
2803           82    0                  47      82     1 0.6340
2804            1    1                  47       1     0 0.6340
2805           62    0                  47      77     0 0.6340
2806           34    0                  47       1     0 0.6340
2807          100    1                  47     100     1 0.6340
2808            1    0                  47       1     0 0.6340
2809           13    1                  47      13     0 0.6340
2810           77    0                  47     100     1 0.6340
2811          100    1                  47     100     1 0.6340
2812           53    1                  47      76     1 0.6340
2813           47    1                  47       1     1 0.6340
2814          100    0                  47     100     1 0.6340
2815           56    1                  47      22     1 0.6340
2816          100    0                  47      90     1 0.6340
2817          100    1                  47     100     1 0.6340
2818            1    0                  47      16     0 0.6340
2819          100    1                  47     100     1 0.6340
2820           69    0                  47      91     1 0.6340
2821           60    0                  48      73     0 0.5458
2822           69    1                  48       1     1 0.5458
2823           75    0                  48      72     1 0.5458
2824           90    1                  48      42     1 0.5458
2825           78    0                  48      64     0 0.5458
2826           60    1                  48      83     1 0.5458
2827           21    0                  48      40     0 0.5458
2828           23    1                  48      87     1 0.5458
2829           24    0                  48       1     0 0.5458
2830           28    0                  48      91     0 0.5458
2831            1    1                  48       1     0 0.5458
2832           69    1                  48       1     1 0.5458
2833           68    0                  48      31     0 0.5458
2834           61    1                  48      71     1 0.5458
2835          100    0                  48      81     1 0.5458
2836          100    1                  48      20     0 0.5458
2837            1    1                  48       1     0 0.5458
2838           39    1                  48      88     1 0.5458
2839           62    1                  48      76     1 0.5458
2840           87    1                  48      75     1 0.5458
2841           32    0                  48      17     0 0.5458
2842           63    1                  48      61     0 0.5458
2843           41    0                  48      65     1 0.5458
2844           95    0                  48      28     1 0.5458
2845           80    1                  48      28     1 0.5458
2846           84    1                  48      28     1 0.5458
2847           95    0                  48      40     0 0.5458
2848           74    0                  48      64     1 0.5458
2849            1    1                  48       1     0 0.5458
2850           11    0                  48       1     0 0.5458
2851           64    0                  48      61     0 0.5458
2852           39    1                  48      40     0 0.5458
2853           22    1                  48       1     0 0.5458
2854           68    1                  48       1     0 0.5458
2855            1    0                  48      21     0 0.5458
2856           77    1                  48      23     0 0.5458
2857           82    0                  48      78     0 0.5458
2858           40    1                  48       4     0 0.5458
2859           71    0                  48      62     0 0.5458
2860           28    1                  48      21     0 0.5458
2861           81    0                  48      40     1 0.5458
2862           67    1                  48      90     1 0.5458
2863          100    0                  48      82     1 0.5458
2864           90    1                  48      62     0 0.5458
2865           68    0                  48      65     0 0.5458
2866            1    0                  48      18     0 0.5458
2867           89    0                  48      62     1 0.5458
2868           42    0                  48      63     0 0.5458
2869           32    1                  48       1     0 0.5458
2870           61    1                  48      90     1 0.5458
2871           92    1                  48      72     1 0.5458
2872           39    0                  48      71     1 0.5458
2873           43    1                  48      77     1 0.5458
2874           93    1                  48      41     1 0.5458
2875           72    1                  48      35     1 0.5458
2876          100    0                  48      87     1 0.5458
2877          100    0                  48       1     1 0.5458
2878           34    0                  48      72     0 0.5458
2879          100    0                  48      81     1 0.5458
2880           81    0                  48      74     1 0.5458
2881           63    0                  49      77     0 0.7000
2882           96    1                  49      88     1 0.7000
2883           95    1                  49     100     1 0.7000
2884           45    1                  49      80     1 0.7000
2885            1    0                  49      80     0 0.7000
2886           62    0                  49      65     1 0.7000
2887           34    0                  49      81     0 0.7000
2888           79    1                  49      97     1 0.7000
2889           56    1                  49      44     0 0.7000
2890          100    0                  49      82     0 0.7000
2891           86    1                  49      98     0 0.7000
2892          100    1                  49      98     1 0.7000
2893           99    1                  49      70     0 0.7000
2894           98    1                  49      92     1 0.7000
2895           74    1                  49      74     1 0.7000
2896           60    1                  49      54     0 0.7000
2897           42    0                  49      83     0 0.7000
2898           82    0                  49      81     1 0.7000
2899           60    0                  49      95     1 0.7000
2900           97    1                  49     100     1 0.7000
2901           54    0                  49      83     0 0.7000
2902           55    0                  49      66     0 0.7000
2903           59    1                  49     100     1 0.7000
2904           79    1                  49      99     1 0.7000
2905           84    1                  49      90     1 0.7000
2906           88    0                  49      72     1 0.7000
2907           83    0                  49      82     0 0.7000
2908           82    1                  49      96     1 0.7000
2909           95    0                  49      81     0 0.7000
2910           85    0                  49      81     0 0.7000
2911            1    0                  49      52     0 0.7000
2912          100    1                  49      64     0 0.7000
2913           21    1                  49      45     0 0.7000
2914           45    0                  49      42     0 0.7000
2915            1    0                  49      39     0 0.7000
2916            1    0                  49      46     0 0.7000
2917           27    1                  49      88     0 0.7000
2918           64    1                  49      54     0 0.7000
2919           77    0                  49      58     0 0.7000
2920           36    0                  49      55     0 0.7000
2921           98    0                  49      73     1 0.7000
2922           76    1                  49      97     1 0.7000
2923           98    1                  49      99     1 0.7000
2924           18    0                  49      82     0 0.7000
2925           74    0                  49      81     0 0.7000
2926           63    1                  49      60     0 0.7000
2927           40    0                  49      44     1 0.7000
2928           64    1                  49      63     0 0.7000
2929            2    1                  49      64     0 0.7000
2930           89    1                  49      81     1 0.7000
2931           79    0                  49      80     1 0.7000
2932           76    0                  49      97     1 0.7000
2933           40    0                  49      44     1 0.7000
2934           98    1                  49      83     1 0.7000
2935           62    1                  49      81     1 0.7000
2936           96    0                  49     100     1 0.7000
2937           87    1                  49      87     1 0.7000
2938           54    0                  49      43     0 0.7000
2939           95    1                  49      94     1 0.7000
2940           64    0                  49      81     1 0.7000
2941           13    0                  50       1     0 0.7083
2942           72    0                  50      43     1 0.7083
2943          100    0                  50      88     1 0.7083
2944           54    0                  50      53     1 0.7083
2945           36    1                  50      23     0 0.7083
2946           73    1                  50      82     1 0.7083
2947            1    0                  50       1     0 0.7083
2948           55    0                  50      56     1 0.7083
2949           54    1                  50      75     0 0.7083
2950            1    0                  50       1     0 0.7083
2951           12    1                  50       5     0 0.7083
2952           55    1                  50      54     1 0.7083
2953           34    1                  50      49     0 0.7083
2954           55    0                  50      34     1 0.7083
2955           72    1                  50      81     1 0.7083
2956           12    1                  50       5     0 0.7083
2957            1    1                  50       1     0 0.7083
2958           55    0                  50      62     1 0.7083
2959           73    1                  50      68     1 0.7083
2960           93    0                  50      77     1 0.7083
2961           34    1                  50       1     0 0.7083
2962           54    1                  50      65     0 0.7083
2963           72    0                  50      89     1 0.7083
2964           72    0                  50      76     1 0.7083
2965           72    0                  50      81     1 0.7083
2966           54    1                  50      53     1 0.7083
2967           13    1                  50       7     0 0.7083
2968          100    1                  50     100     1 0.7083
2969            1    0                  50       1     0 0.7083
2970            1    0                  50       1     0 0.7083
2971            1    0                  50       1     0 0.7083
2972           54    0                  50      48     0 0.7083
2973            1    0                  50       1     0 0.7083
2974            1    1                  50       1     0 0.7083
2975            1    0                  50       1     0 0.7083
2976           73    1                  50      81     0 0.7083
2977           54    0                  50       1     0 0.7083
2978            1    0                  50       1     0 0.7083
2979           73    1                  50      48     0 0.7083
2980            1    1                  50       1     0 0.7083
2981          100    1                  50      49     1 0.7083
2982           12    0                  50      48     1 0.7083
2983           73    0                  50      71     1 0.7083
2984            1    1                  50       1     0 0.7083
2985           72    0                  50      72     0 0.7083
2986           34    1                  50       3     0 0.7083
2987           71    0                  50      70     1 0.7083
2988           34    1                  50       1     0 0.7083
2989           34    1                  50       1     0 0.7083
2990           72    0                  50      84     1 0.7083
2991           72    1                  50      71     1 0.7083
2992           54    1                  50       1     1 0.7083
2993           55    1                  50      61     1 0.7083
2994          100    0                  50     100     1 0.7083
2995           54    1                  50       3     1 0.7083
2996          100    0                  50      92     1 0.7083
2997          100    0                  50      70     1 0.7083
2998           12    0                  50       1     0 0.7083
2999           72    1                  50      88     1 0.7083
3000           54    1                  50      58     1 0.7083
3001           64    0                  51       1     0 0.6174
3002           78    1                  51       1     1 0.6174
3003           82    0                  51       1     1 0.6174
3004           61    0                  51       3     1 0.6174
3005           24    1                  51       1     0 0.6174
3006           62    0                  51       1     1 0.6174
3007           17    0                  51       1     0 0.6174
3008           29    1                  51       2     1 0.6174
3009           42    1                  51       1     0 0.6174
3010           58    0                  51       1     0 0.6174
3011           27    0                  51       1     0 0.6174
3012           63    0                  51       2     1 0.6174
3013           41    1                  51       1     0 0.6174
3014           43    0                  51       1     1 0.6174
3015           47    0                  51       2     1 0.6174
3016           39    0                  51       2     0 0.6174
3017           44    1                  51       1     0 0.6174
3018           45    1                  51       2     1 0.6174
3019           58    1                  51       1     1 0.6174
3020           63    0                  51       1     1 0.6174
3021           25    0                  51       1     0 0.6174
3022           58    1                  51       3     0 0.6174
3023           64    0                  51       1     1 0.6174
3024           62    0                  51       2     1 0.6174
3025           59    0                  51       1     1 0.6174
3026           49    1                  51       1     1 0.6174
3027           57    0                  51       2     0 0.6174
3028           64    1                  51       1     1 0.6174
3029           18    0                  51       3     0 0.6174
3030           25    1                  51       1     0 0.6174
3031           48    1                  51       1     0 0.6174
3032           59    1                  51       1     0 0.6174
3033           22    1                  51       1     0 0.6174
3034           47    0                  51       1     0 0.6174
3035           43    0                  51       2     0 0.6174
3036           62    1                  51       1     0 0.6174
3037           41    1                  51       1     0 0.6174
3038           61    1                  51       1     0 0.6174
3039           75    1                  51       1     0 0.6174
3040           56    1                  51       1     0 0.6174
3041           62    1                  51       1     1 0.6174
3042           64    0                  51       1     1 0.6174
3043           60    0                  51       1     1 0.6174
3044           60    0                  51       1     0 0.6174
3045           64    1                  51       4     0 0.6174
3046           25    0                  51       1     0 0.6174
3047           81    0                  51       1     1 0.6174
3048           24    0                  51       1     0 0.6174
3049           62    1                  51       1     0 0.6174
3050           79    0                  51       1     1 0.6174
3051           77    0                  51       2     1 0.6174
3052           61    1                  51       1     1 0.6174
3053           47    0                  51       2     1 0.6174
3054           76    0                  51       1     1 0.6174
3055           48    1                  51       1     1 0.6174
3056           63    1                  51       2     1 0.6174
3057           58    1                  51       2     1 0.6174
3058           44    1                  51       1     0 0.6174
3059           65    1                  51       1     1 0.6174
3060           62    1                  51       2     1 0.6174
3061            1    1                  52       1     0 0.7052
3062           59    0                  52      38     1 0.7052
3063          100    1                  52     100     1 0.7052
3064          100    0                  52     100     1 0.7052
3065           57    1                  52      41     0 0.7052
3066          100    1                  52      99     1 0.7052
3067           60    0                  52      43     0 0.7052
3068           61    1                  52      96     1 0.7052
3069            1    1                  52      10     0 0.7052
3070            1    1                  52       1     0 0.7052
3071            1    1                  52       1     0 0.7052
3072           29    1                  52       1     1 0.7052
3073            1    0                  52       1     0 0.7052
3074           86    0                  52      39     1 0.7052
3075          100    1                  52     100     1 0.7052
3076           92    0                  52      89     0 0.7052
3077           59    1                  52       4     0 0.7052
3078          100    1                  52     100     1 0.7052
3079          100    0                  52     100     1 0.7052
3080          100    1                  52     100     1 0.7052
3081           73    0                  52      41     0 0.7052
3082           82    0                  52      83     0 0.7052
3083          100    1                  52     100     1 0.7052
3084          100    0                  52     100     1 0.7052
3085          100    0                  52     100     1 0.7052
3086           68    0                  52      14     1 0.7052
3087          100    1                  52      73     0 0.7052
3088          100    1                  52     100     1 0.7052
3089            1    0                  52       1     0 0.7052
3090            1    0                  52       1     0 0.7052
3091            1    0                  52       1     0 0.7052
3092          100    1                  52      41     0 0.7052
3093           43    1                  52      16     0 0.7052
3094           42    1                  52       1     0 0.7052
3095            1    1                  52       1     0 0.7052
3096           93    0                  52     100     0 0.7052
3097           21    1                  52      12     0 0.7052
3098            3    0                  52       1     0 0.7052
3099          100    0                  52      39     0 0.7052
3100           59    1                  52      38     0 0.7052
3101          100    1                  52     100     1 0.7052
3102          100    0                  52     100     1 0.7052
3103           58    1                  52       2     1 0.7052
3104           62    1                  52      16     0 0.7052
3105          100    0                  52     100     0 0.7052
3106            1    0                  52       1     0 0.7052
3107          100    0                  52     100     1 0.7052
3108            1    1                  52       1     0 0.7052
3109            1    1                  52       5     0 0.7052
3110          100    0                  52     100     1 0.7052
3111          100    0                  52     100     1 0.7052
3112          100    1                  52     100     1 0.7052
3113           61    1                  52     100     1 0.7052
3114          100    0                  52     100     1 0.7052
3115           94    1                  52     100     1 0.7052
3116          100    0                  52     100     1 0.7052
3117          100    0                  52     100     1 0.7052
3118           41    0                  52       1     0 0.7052
3119          100    0                  52     100     1 0.7052
3120          100    0                  52      99     1 0.7052
3121           60    0                  53      31     0 0.6882
3122           58    1                  53      53     1 0.6882
3123           78    0                  53      78     1 0.6882
3124           61    0                  53      27     1 0.6882
3125           57    1                  53      34     0 0.6882
3126           60    1                  53      74     1 0.6882
3127           45    0                  53      15     0 0.6882
3128           55    1                  53      12     1 0.6882
3129           41    0                  53      18     0 0.6882
3130           21    1                  53       1     0 0.6882
3131           63    1                  53      68     0 0.6882
3132           60    1                  53      37     1 0.6882
3133           62    0                  53      34     0 0.6882
3134           59    0                  53      31     1 0.6882
3135           80    1                  53      61     1 0.6882
3136           42    0                  53      40     0 0.6882
3137           57    1                  53      31     0 0.6882
3138           56    0                  53      54     1 0.6882
3139           82    1                  53      69     1 0.6882
3140           68    1                  53      72     1 0.6882
3141           42    0                  53      32     0 0.6882
3142           56    1                  53      45     0 0.6882
3143           60    1                  53      80     1 0.6882
3144           77    1                  53      60     1 0.6882
3145           62    1                  53      68     1 0.6882
3146           67    0                  53      54     1 0.6882
3147           37    1                  53      20     0 0.6882
3148           93    1                  53      63     1 0.6882
3149           23    0                  53      32     0 0.6882
3150           17    1                  53      23     0 0.6882
3151           24    0                  53      13     0 0.6882
3152           31    0                  53      23     0 0.6882
3153           32    0                  53      22     0 0.6882
3154           33    0                  53      24     0 0.6882
3155           33    1                  53      22     0 0.6882
3156           69    1                  53      15     0 0.6882
3157           71    1                  53      39     0 0.6882
3158           17    0                  53       1     0 0.6882
3159           64    1                  53      56     0 0.6882
3160           35    0                  53      42     0 0.6882
3161           69    0                  53      36     1 0.6882
3162           67    0                  53      65     1 0.6882
3163           71    0                  53      27     1 0.6882
3164           54    1                  53      24     0 0.6882
3165           56    0                  53      46     0 0.6882
3166           38    0                  53      27     0 0.6882
3167           89    1                  53      60     1 0.6882
3168           44    0                  53      31     0 0.6882
3169           23    1                  53      32     0 0.6882
3170           71    1                  53      81     1 0.6882
3171           80    1                  53      76     1 0.6882
3172           59    0                  53      44     1 0.6882
3173           56    0                  53      58     1 0.6882
3174           87    0                  53      24     1 0.6882
3175           63    1                  53      34     1 0.6882
3176           91    0                  53      77     1 0.6882
3177           92    1                  53      14     1 0.6882
3178           61    0                  53      58     0 0.6882
3179           64    0                  53      79     1 0.6882
3180           58    1                  53      63     1 0.6882
3181            7    0                  54       1     0 0.6396
3182           89    0                  54      87     1 0.6396
3183           96    0                  54      81     1 0.6396
3184           87    1                  54      83     1 0.6396
3185           77    1                  54      65     0 0.6396
3186           81    1                  54      86     1 0.6396
3187           24    1                  54      10     0 0.6396
3188           83    1                  54      59     1 0.6396
3189           22    1                  54      23     0 0.6396
3190           23    1                  54      62     0 0.6396
3191           32    0                  54      17     0 0.6396
3192           99    0                  54      64     1 0.6396
3193           36    0                  54      42     0 0.6396
3194          100    1                  54      76     1 0.6396
3195          100    0                  54      99     1 0.6396
3196           71    1                  54      66     0 0.6396
3197           91    0                  54      81     0 0.6396
3198           90    1                  54      82     1 0.6396
3199           92    0                  54      82     1 0.6396
3200           89    0                  54      82     1 0.6396
3201           22    1                  54      38     0 0.6396
3202           71    0                  54      78     0 0.6396
3203           96    1                  54      75     1 0.6396
3204          100    1                  54     100     1 0.6396
3205           94    0                  54      98     1 0.6396
3206           92    1                  54      89     1 0.6396
3207           93    1                  54      99     0 0.6396
3208          100    1                  54     100     1 0.6396
3209           24    1                  54      34     0 0.6396
3210           12    0                  54      23     0 0.6396
3211            5    0                  54      16     0 0.6396
3212           82    1                  54      87     0 0.6396
3213           67    0                  54      62     0 0.6396
3214           59    0                  54      67     0 0.6396
3215           78    1                  54      79     0 0.6396
3216           73    0                  54      65     0 0.6396
3217           59    1                  54      37     0 0.6396
3218           68    1                  54      43     0 0.6396
3219           94    0                  54      87     0 0.6396
3220           43    1                  54      32     0 0.6396
3221           85    1                  54      78     1 0.6396
3222          100    0                  54     100     1 0.6396
3223           82    1                  54      86     1 0.6396
3224           92    0                  54      72     0 0.6396
3225           99    1                  54      83     0 0.6396
3226           57    1                  54      42     0 0.6396
3227           98    1                  54      91     1 0.6396
3228           71    0                  54      63     0 0.6396
3229           33    0                  54      33     0 0.6396
3230           91    0                  54      89     1 0.6396
3231           91    0                  54      81     1 0.6396
3232           55    0                  54      66     1 0.6396
3233           59    0                  54      68     1 0.6396
3234          100    1                  54      83     1 0.6396
3235           81    0                  54      75     1 0.6396
3236          100    1                  54      91     1 0.6396
3237           72    1                  54      69     1 0.6396
3238           94    0                  54      91     0 0.6396
3239           86    0                  54      57     1 0.6396
3240           69    0                  54      91     1 0.6396
3241           24    1                  55      25     0 0.3521
3242           76    1                  55      69     1 0.3521
3243           86    1                  55      91     1 0.3521
3244           27    1                  55      20     1 0.3521
3245           12    0                  55       7     0 0.3521
3246           82    1                  55      71     1 0.3521
3247           12    0                  55       2     0 0.3521
3248           38    0                  55      36     1 0.3521
3249           11    1                  55      12     0 0.3521
3250           32    1                  55      29     0 0.3521
3251           23    0                  55      41     0 0.3521
3252           83    1                  55      55     1 0.3521
3253           12    0                  55       8     0 0.3521
3254           64    0                  55      54     1 0.3521
3255          100    0                  55     100     1 0.3521
3256           73    0                  55      42     0 0.3521
3257           14    0                  55      16     0 0.3521
3258           72    0                  55      54     1 0.3521
3259           92    1                  55      98     1 0.3521
3260           87    1                  55      86     1 0.3521
3261            6    0                  55       4     0 0.3521
3262           16    1                  55       7     0 0.3521
3263           81    1                  55      76     1 0.3521
3264           94    1                  55      95     1 0.3521
3265           82    1                  55      73     1 0.3521
3266           70    0                  55      68     1 0.3521
3267           25    0                  55      39     0 0.3521
3268           86    0                  55      77     1 0.3521
3269           77    0                  55      65     0 0.3521
3270           24    0                  55       5     0 0.3521
3271           42    1                  55      48     0 0.3521
3272           60    0                  55      49     0 0.3521
3273           18    1                  55      31     0 0.3521
3274           24    1                  55      15     0 0.3521
3275           22    0                  55      10     0 0.3521
3276           80    0                  55      60     0 0.3521
3277           58    1                  55      36     0 0.3521
3278            9    0                  55       6     0 0.3521
3279           84    0                  55      61     0 0.3521
3280            6    0                  55      15     0 0.3521
3281           82    1                  55      79     1 0.3521
3282           90    1                  55      85     1 0.3521
3283           61    0                  55      53     1 0.3521
3284           23    1                  55      24     0 0.3521
3285           93    0                  55      78     0 0.3521
3286           64    1                  55      37     0 0.3521
3287           94    0                  55      85     1 0.3521
3288           33    0                  55      28     0 0.3521
3289           10    0                  55      16     0 0.3521
3290           61    1                  55      46     1 0.3521
3291           96    1                  55      97     1 0.3521
3292           76    1                  55      58     1 0.3521
3293           42    1                  55      36     1 0.3521
3294          100    1                  55      93     1 0.3521
3295           66    1                  55      75     1 0.3521
3296           97    0                  55      93     1 0.3521
3297          100    0                  55      93     1 0.3521
3298           73    1                  55      57     0 0.3521
3299           73    1                  55      67     1 0.3521
3300           73    0                  55      66     1 0.3521
3301            1    1                  56       1     0 0.7396
3302           56    1                  56      58     1 0.7396
3303           66    0                  56      69     1 0.7396
3304           82    1                  56      69     1 0.7396
3305           67    1                  56      80     0 0.7396
3306           67    0                  56      75     1 0.7396
3307           26    0                  56      28     0 0.7396
3308           13    1                  56      14     1 0.7396
3309           26    0                  56      23     0 0.7396
3310           89    0                  56      81     0 0.7396
3311           24    0                  56      15     0 0.7396
3312           62    0                  56      34     1 0.7396
3313           31    0                  56      36     0 0.7396
3314           35    1                  56      36     1 0.7396
3315           94    0                  56      73     1 0.7396
3316           68    1                  56      72     0 0.7396
3317           16    0                  56      25     0 0.7396
3318           71    0                  56      65     1 0.7396
3319           76    1                  56      79     1 0.7396
3320           81    1                  56      83     1 0.7396
3321           21    0                  56      17     0 0.7396
3322            6    0                  56      10     0 0.7396
3323           63    1                  56      30     1 0.7396
3324           78    1                  56      79     1 0.7396
3325           88    0                  56     100     1 0.7396
3326           30    0                  56      40     1 0.7396
3327           59    0                  56      28     0 0.7396
3328           79    0                  56      81     1 0.7396
3329            1    1                  56       1     0 0.7396
3330            1    0                  56       1     0 0.7396
3331            1    0                  56       1     0 0.7396
3332           63    1                  56      70     0 0.7396
3333           41    1                  56      33     0 0.7396
3334           28    0                  56      27     0 0.7396
3335            1    0                  56      18     0 0.7396
3336           77    1                  56      78     0 0.7396
3337           29    1                  56       8     0 0.7396
3338            1    1                  56       1     0 0.7396
3339           63    0                  56      53     0 0.7396
3340            1    0                  56       5     0 0.7396
3341           94    0                  56      74     1 0.7396
3342           76    1                  56      66     1 0.7396
3343           72    1                  56      70     1 0.7396
3344           57    1                  56      61     0 0.7396
3345           68    1                  56      69     0 0.7396
3346           24    1                  56      27     0 0.7396
3347           78    0                  56     100     1 0.7396
3348           14    0                  56       1     0 0.7396
3349           29    0                  56      31     0 0.7396
3350           83    1                  56      86     1 0.7396
3351           79    1                  56      87     1 0.7396
3352           65    1                  56      60     1 0.7396
3353           29    0                  56      45     1 0.7396
3354           79    0                  56      89     1 0.7396
3355           70    1                  56      80     1 0.7396
3356          100    1                  56      75     1 0.7396
3357          100    0                  56     100     1 0.7396
3358           35    1                  56      21     0 0.7396
3359           79    1                  56      86     1 0.7396
3360           61    1                  56      81     1 0.7396
3361           25    1                  57      40     0 0.3819
3362           98    0                  57      82     1 0.3819
3363           83    0                  57      60     1 0.3819
3364           61    0                  57      81     1 0.3819
3365           41    0                  57      42     0 0.3819
3366           81    0                  57      60     1 0.3819
3367           41    0                  57      61     0 0.3819
3368           63    1                  57      61     1 0.3819
3369           21    1                  57       7     0 0.3819
3370            6    0                  57      61     0 0.3819
3371           58    1                  57      19     0 0.3819
3372           99    1                  57      41     1 0.3819
3373           64    1                  57      40     0 0.3819
3374           62    1                  57      59     1 0.3819
3375           60    0                  57      60     1 0.3819
3376           82    1                  57      62     0 0.3819
3377           62    0                  57       7     0 0.3819
3378           58    1                  57      61     1 0.3819
3379           82    1                  57      80     1 0.3819
3380           63    0                  57      63     1 0.3819
3381           62    1                  57      41     0 0.3819
3382           62    1                  57      63     0 0.3819
3383           97    1                  57      61     1 0.3819
3384           95    1                  57      82     1 0.3819
3385           99    1                  57      81     1 0.3819
3386           82    0                  57      61     1 0.3819
3387           96    0                  57      62     0 0.3819
3388           96    1                  57      81     1 0.3819
3389           41    1                  57       4     0 0.3819
3390           43    0                  57       5     0 0.3819
3391            3    1                  57       2     0 0.3819
3392           41    1                  57      62     0 0.3819
3393           62    0                  57       4     0 0.3819
3394           43    1                  57      20     0 0.3819
3395           23    0                  57       3     0 0.3819
3396           63    1                  57      61     0 0.3819
3397           60    0                  57      61     0 0.3819
3398           60    0                  57      61     0 0.3819
3399           79    1                  57      39     0 0.3819
3400           62    1                  57      62     0 0.3819
3401           83    0                  57      61     1 0.3819
3402           94    0                  57      82     1 0.3819
3403           99    0                  57      63     1 0.3819
3404           64    1                  57      62     0 0.3819
3405           98    0                  57      83     0 0.3819
3406           62    1                  57      41     0 0.3819
3407           61    0                  57       2     1 0.3819
3408           42    0                  57      61     0 0.3819
3409           22    0                  57       3     0 0.3819
3410           64    1                  57      62     1 0.3819
3411           84    0                  57      81     1 0.3819
3412           61    1                  57      62     1 0.3819
3413           22    0                  57      61     1 0.3819
3414           83    0                  57      81     1 0.3819
3415           96    0                  57      81     1 0.3819
3416           95    1                  57      81     1 0.3819
3417           97    0                  57      41     1 0.3819
3418           83    1                  57      97     0 0.3819
3419           79    1                  57      81     1 0.3819
3420           82    0                  57      80     1 0.3819
3421            1    0                  58      42     0 0.5847
3422           82    1                  58       4     1 0.5847
3423           63    1                  58      23     1 0.5847
3424           93    0                  58      43     1 0.5847
3425           21    0                  58       4     0 0.5847
3426           64    0                  58      60     1 0.5847
3427           61    1                  58      15     0 0.5847
3428           20    1                  58      22     1 0.5847
3429           63    1                  58      12     0 0.5847
3430           19    0                  58       5     0 0.5847
3431           42    0                  58       6     0 0.5847
3432           81    1                  58      22     1 0.5847
3433           22    1                  58      18     0 0.5847
3434          100    0                  58      22     1 0.5847
3435          100    0                  58      42     1 0.5847
3436           60    1                  58      62     0 0.5847
3437           82    1                  58      63     0 0.5847
3438           63    0                  58      43     1 0.5847
3439           61    1                  58      59     1 0.5847
3440           79    1                  58       7     1 0.5847
3441           61    0                  58       1     0 0.5847
3442           21    0                  58      58     0 0.5847
3443           21    1                  58      26     1 0.5847
3444          100    1                  58      21     1 0.5847
3445          100    0                  58      79     1 0.5847
3446           98    1                  58      61     1 0.5847
3447           26    0                  58      66     0 0.5847
3448          100    0                  58       8     1 0.5847
3449           80    0                  58      62     0 0.5847
3450           82    1                  58       3     0 0.5847
3451            4    1                  58      22     0 0.5847
3452           23    0                  58      21     0 0.5847
3453            1    1                  58       6     0 0.5847
3454           61    1                  58      61     0 0.5847
3455            1    1                  58      21     0 0.5847
3456            1    0                  58      62     0 0.5847
3457           62    1                  58      40     0 0.5847
3458           81    0                  58      63     0 0.5847
3459           23    1                  58      22     0 0.5847
3460           99    1                  58      24     0 0.5847
3461           61    1                  58      42     1 0.5847
3462           63    0                  58      22     1 0.5847
3463           82    1                  58      61     1 0.5847
3464           83    1                  58      45     0 0.5847
3465          100    1                  58      21     0 0.5847
3466           21    1                  58      63     0 0.5847
3467           83    0                  58      42     1 0.5847
3468           60    1                  58      21     0 0.5847
3469           41    1                  58      19     0 0.5847
3470           64    0                  58      60     1 0.5847
3471          100    1                  58      59     1 0.5847
3472           80    0                  58       5     1 0.5847
3473           21    0                  58       1     1 0.5847
3474          100    0                  58      39     1 0.5847
3475           23    0                  58      42     1 0.5847
3476          100    0                  58      62     1 0.5847
3477          100    0                  58       5     1 0.5847
3478           22    0                  58      20     0 0.5847
3479           59    0                  58      80     1 0.5847
3480           64    0                  58       5     1 0.5847
3481            4    1                  59      13     0 0.7955
3482           68    1                  59      72     1 0.7955
3483           85    1                  59      63     1 0.7955
3484           18    1                  59       7     1 0.7955
3485            5    0                  59       3     0 0.7955
3486           81    0                  59      81     1 0.7955
3487           79    1                  59       9     0 0.7955
3488           27    0                  59      10     1 0.7955
3489            3    1                  59       6     0 0.7955
3490           11    1                  59       6     0 0.7955
3491            4    0                  59       6     0 0.7955
3492           88    1                  59      75     1 0.7955
3493            2    1                  59       9     0 0.7955
3494           10    0                  59       5     1 0.7955
3495           68    0                  59      72     1 0.7955
3496           81    0                  59      94     0 0.7955
3497           84    1                  59      84     0 0.7955
3498           73    1                  59       8     1 0.7955
3499           59    1                  59      74     1 0.7955
3500           88    1                  59      83     1 0.7955
3501            7    1                  59      10     0 0.7955
3502           70    1                  59      36     0 0.7955
3503           90    0                  59      74     1 0.7955
3504           92    0                  59      88     1 0.7955
3505           95    0                  59      93     1 0.7955
3506           31    0                  59      28     1 0.7955
3507           16    1                  59       9     0 0.7955
3508           65    0                  59      50     1 0.7955
3509           27    1                  59       1     0 0.7955
3510           17    1                  59       5     0 0.7955
3511            2    0                  59       6     0 0.7955
3512           57    0                  59      16     0 0.7955
3513           59    1                  59       8     0 0.7955
3514           34    0                  59      84     0 0.7955
3515           38    1                  59      18     0 0.7955
3516           20    0                  59       4     0 0.7955
3517           39    0                  59       4     0 0.7955
3518           11    0                  59       4     0 0.7955
3519           28    1                  59      73     0 0.7955
3520            4    0                  59       2     0 0.7955
3521           67    1                  59      70     1 0.7955
3522           59    1                  59      11     1 0.7955
3523           98    0                  59      85     1 0.7955
3524            8    0                  59       1     0 0.7955
3525           35    0                  59      72     0 0.7955
3526           64    1                  59      43     0 0.7955
3527           40    0                  59       4     1 0.7955
3528           29    0                  59      69     0 0.7955
3529           37    1                  59       7     0 0.7955
3530           11    1                  59       8     1 0.7955
3531           82    0                  59      90     1 0.7955
3532           45    1                  59      13     1 0.7955
3533           19    0                  59       8     1 0.7955
3534           91    0                  59      90     1 0.7955
3535           66    0                  59       1     1 0.7955
3536           95    0                  59      93     1 0.7955
3537           78    1                  59     100     1 0.7955
3538           61    1                  59      94     0 0.7955
3539           93    1                  59      79     1 0.7955
3540           60    0                  59      80     1 0.7955
3541           33    1                  60       1     0 0.7889
3542           69    1                  60      83     1 0.7889
3543           70    0                  60      80     1 0.7889
3544           70    0                  60      25     1 0.7889
3545           36    0                  60      38     0 0.7889
3546           76    1                  60      67     1 0.7889
3547           29    0                  60      33     0 0.7889
3548           91    0                  60      91     1 0.7889
3549           77    1                  60      84     0 0.7889
3550           91    1                  60      96     0 0.7889
3551           49    1                  60      32     0 0.7889
3552           69    1                  60      78     1 0.7889
3553           73    1                  60      68     0 0.7889
3554           67    0                  60      69     1 0.7889
3555           72    0                  60      82     1 0.7889
3556           83    1                  60      88     0 0.7889
3557           43    0                  60      55     0 0.7889
3558           75    0                  60      58     1 0.7889
3559           73    0                  60      83     1 0.7889
3560           78    0                  60      79     1 0.7889
3561           71    0                  60      74     0 0.7889
3562           85    0                  60      62     0 0.7889
3563           79    1                  60      84     1 0.7889
3564           91    1                  60      78     1 0.7889
3565           94    1                  60      79     1 0.7889
3566           73    1                  60      88     1 0.7889
3567           78    1                  60      84     0 0.7889
3568           68    0                  60      60     1 0.7889
3569           56    1                  60      66     0 0.7889
3570           78    0                  60      65     0 0.7889
3571           77    0                  60      75     0 0.7889
3572           89    0                  60      77     0 0.7889
3573           76    1                  60      83     0 0.7889
3574           80    0                  60      38     0 0.7889
3575           93    0                  60      77     0 0.7889
3576           54    0                  60      57     0 0.7889
3577           64    0                  60      57     0 0.7889
3578           83    1                  60      80     0 0.7889
3579           40    0                  60      33     0 0.7889
3580           12    0                  60      13     0 0.7889
3581           84    1                  60      86     1 0.7889
3582           86    0                  60      69     1 0.7889
3583           94    1                  60      90     1 0.7889
3584           14    0                  60      24     0 0.7889
3585           88    0                  60      81     0 0.7889
3586           34    1                  60       5     0 0.7889
3587           80    1                  60      59     1 0.7889
3588           69    0                  60      67     0 0.7889
3589            7    0                  60      11     0 0.7889
3590           82    1                  60      86     1 0.7889
3591           79    1                  60      71     1 0.7889
3592           76    1                  60      80     1 0.7889
3593           62    0                  60      54     1 0.7889
3594           77    1                  60      87     1 0.7889
3595           70    1                  60      71     1 0.7889
3596           67    1                  60      71     1 0.7889
3597           67    0                  60      77     1 0.7889
3598           61    1                  60      77     0 0.7889
3599           72    1                  60      86     1 0.7889
3600           95    1                  60      79     1 0.7889
3601            2    1                  61       1     0 0.6799
3602           35    0                  61      60     1 0.6799
3603           70    1                  61      41     1 0.6799
3604           61    0                  61       6     1 0.6799
3605           78    1                  61      31     0 0.6799
3606           63    0                  61      20     1 0.6799
3607            2    1                  61       1     0 0.6799
3608           60    0                  61      24     1 0.6799
3609           22    1                  61       2     0 0.6799
3610            1    0                  61       1     0 0.6799
3611            5    0                  61       1     0 0.6799
3612           81    1                  61      19     1 0.6799
3613           22    0                  61       2     0 0.6799
3614           79    1                  61      24     1 0.6799
3615           98    0                  61      59     1 0.6799
3616           97    0                  61      70     0 0.6799
3617           59    0                  61       1     0 0.6799
3618           42    0                  61       3     1 0.6799
3619           95    1                  61      35     1 0.6799
3620           94    0                  61      88     1 0.6799
3621            4    1                  61       1     0 0.6799
3622           17    0                  61       2     0 0.6799
3623           98    0                  61      83     1 0.6799
3624           96    1                  61      20     1 0.6799
3625           61    1                  61      17     1 0.6799
3626           76    1                  61      22     1 0.6799
3627           18    1                  61       3     0 0.6799
3628           99    1                  61      64     1 0.6799
3629            3    0                  61       1     0 0.6799
3630            4    1                  61       1     0 0.6799
3631            3    0                  61       1     0 0.6799
3632           84    1                  61      43     0 0.6799
3633            2    1                  61       1     0 0.6799
3634            3    0                  61       1     0 0.6799
3635            4    1                  61       2     0 0.6799
3636           20    1                  61       1     0 0.6799
3637           85    1                  61      60     0 0.6799
3638            7    0                  61       1     0 0.6799
3639           96    1                  61      62     0 0.6799
3640            4    0                  61       1     0 0.6799
3641           95    1                  61      68     1 0.6799
3642           98    0                  61      57     1 0.6799
3643           97    1                  61      44     1 0.6799
3644           23    1                  61       1     0 0.6799
3645           66    1                  61       6     0 0.6799
3646           23    0                  61       1     0 0.6799
3647           94    0                  61      42     1 0.6799
3648            2    0                  61       1     0 0.6799
3649            2    0                  61       1     0 0.6799
3650           61    0                  61      54     1 0.6799
3651           98    0                  61      81     1 0.6799
3652           67    1                  61      30     1 0.6799
3653           61    1                  61       2     1 0.6799
3654           99    0                  61      91     1 0.6799
3655           99    1                  61      37     1 0.6799
3656           91    0                  61      65     1 0.6799
3657           98    1                  61      22     1 0.6799
3658           66    0                  61       4     0 0.6799
3659           94    0                  61      58     1 0.6799
3660           95    1                  61      55     1 0.6799
3661            4    1                  62       4     0 0.5035
3662           88    0                  62      82     1 0.5035
3663           99    1                  62      94     1 0.5035
3664           96    0                  62      95     1 0.5035
3665           87    0                  62     100     0 0.5035
3666           77    0                  62      65     1 0.5035
3667            3    0                  62       2     0 0.5035
3668           59    1                  62      39     1 0.5035
3669           22    1                  62      42     0 0.5035
3670            5    1                  62     100     0 0.5035
3671           89    1                  62      28     0 0.5035
3672          100    1                  62      98     1 0.5035
3673            5    0                  62      18     0 0.5035
3674            7    0                  62      80     1 0.5035
3675           98    0                  62      96     1 0.5035
3676           94    1                  62     100     0 0.5035
3677           95    1                  62      61     0 0.5035
3678           61    1                  62      80     1 0.5035
3679           93    1                  62      81     1 0.5035
3680           97    0                  62      94     1 0.5035
3681            2    0                  62      20     0 0.5035
3682           93    0                  62      59     0 0.5035
3683           98    0                  62      97     1 0.5035
3684           77    0                  62      79     1 0.5035
3685           62    0                  62      59     1 0.5035
3686          100    0                  62      59     1 0.5035
3687           79    1                  62      97     0 0.5035
3688           97    1                  62      97     1 0.5035
3689           86    1                  62      42     0 0.5035
3690           58    1                  62      80     0 0.5035
3691           85    1                  62      79     0 0.5035
3692           74    0                  62      22     0 0.5035
3693           97    1                  62      80     0 0.5035
3694           58    1                  62      61     0 0.5035
3695            3    0                  62      39     0 0.5035
3696           97    1                  62     100     0 0.5035
3697           22    1                  62      39     0 0.5035
3698           21    0                  62      41     0 0.5035
3699           81    0                  62      85     0 0.5035
3700            3    1                  62      62     0 0.5035
3701           78    1                  62      80     1 0.5035
3702           61    1                  62      59     1 0.5035
3703           40    0                  62      37     1 0.5035
3704           78    0                  62      41     0 0.5035
3705           63    0                  62      78     0 0.5035
3706           92    1                  62      59     0 0.5035
3707           95    1                  62     100     1 0.5035
3708           22    1                  62      42     0 0.5035
3709            2    0                  62      41     0 0.5035
3710          100    0                  62      96     1 0.5035
3711           92    0                  62      94     1 0.5035
3712           22    0                  62      81     1 0.5035
3713           43    0                  62      62     1 0.5035
3714          100    0                  62      98     1 0.5035
3715           79    0                  62      80     1 0.5035
3716           98    1                  62     100     1 0.5035
3717           98    1                  62      97     1 0.5035
3718           77    0                  62      59     0 0.5035
3719           94    1                  62      60     1 0.5035
3720           61    1                  62      67     1 0.5035
3721            1    1                  63       1     0 0.6622
3722           56    0                  63      27     1 0.6622
3723           84    1                  63      81     1 0.6622
3724           92    0                  63      56     1 0.6622
3725           83    1                  63      37     0 0.6622
3726           63    1                  63      54     1 0.6622
3727           11    1                  63      32     0 0.6622
3728           62    0                  63      93     1 0.6622
3729           62    0                  63      78     0 0.6622
3730            4    0                  63       1     0 0.6622
3731           36    0                  63       4     0 0.6622
3732           75    1                  63      43     1 0.6622
3733           89    1                  63       8     0 0.6622
3734           96    1                  63      78     1 0.6622
3735           87    1                  63      21     1 0.6622
3736           86    0                  63      56     0 0.6622
3737           67    0                  63      43     0 0.6622
3738           78    1                  63      52     1 0.6622
3739           72    1                  63      56     1 0.6622
3740           91    1                  63      54     1 0.6622
3741            4    0                  63       1     0 0.6622
3742           60    0                  63      70     0 0.6622
3743           83    0                  63      58     1 0.6622
3744           88    1                  63      44     1 0.6622
3745           76    0                  63      60     1 0.6622
3746           32    0                  63      44     1 0.6622
3747           19    0                  63      38     0 0.6622
3748           98    0                  63      56     1 0.6622
3749           36    0                  63      25     0 0.6622
3750           58    0                  63       2     0 0.6622
3751           37    0                  63      29     0 0.6622
3752           13    1                  63      18     0 0.6622
3753            3    0                  63       1     0 0.6622
3754           12    0                  63       9     0 0.6622
3755           12    0                  63       2     0 0.6622
3756           76    1                  63      34     0 0.6622
3757           66    1                  63      36     0 0.6622
3758           18    1                  63       1     0 0.6622
3759           92    0                  63      72     0 0.6622
3760            3    1                  63       3     0 0.6622
3761           81    1                  63      61     1 0.6622
3762           96    0                  63      57     1 0.6622
3763           95    0                  63      81     1 0.6622
3764           88    1                  63      76     0 0.6622
3765           81    0                  63      41     0 0.6622
3766           12    0                  63       3     0 0.6622
3767           92    1                  63      56     1 0.6622
3768           24    1                  63      26     0 0.6622
3769           20    1                  63      11     0 0.6622
3770           75    0                  63      72     1 0.6622
3771           85    1                  63      73     1 0.6622
3772           75    1                  63      74     1 0.6622
3773           83    0                  63      89     1 0.6622
3774           98    0                  63      57     1 0.6622
3775           74    1                  63      31     1 0.6622
3776           96    1                  63      69     1 0.6622
3777           92    1                  63      29     1 0.6622
3778           18    1                  63      36     0 0.6622
3779           79    0                  63      75     1 0.6622
3780           81    1                  63      72     1 0.6622
3781           16    0                  64       1     0 0.6292
3782            2    1                  64       1     1 0.6292
3783           79    0                  64      66     1 0.6292
3784           81    1                  64       4     1 0.6292
3785           22    0                  64       9     0 0.6292
3786           52    0                  64      81     1 0.6292
3787            1    0                  64       1     0 0.6292
3788           55    1                  64       3     1 0.6292
3789            3    1                  64      41     0 0.6292
3790            1    0                  64       1     0 0.6292
3791           10    0                  64       1     0 0.6292
3792           55    1                  64       4     1 0.6292
3793            1    1                  64      20     0 0.6292
3794           20    1                  64       1     1 0.6292
3795          100    0                  64       1     1 0.6292
3796           76    0                  64       4     0 0.6292
3797            1    1                  64       1     0 0.6292
3798           54    0                  64       1     1 0.6292
3799           81    1                  64      23     1 0.6292
3800           63    1                  64      59     1 0.6292
3801            2    1                  64       1     0 0.6292
3802           64    1                  64     100     0 0.6292
3803           51    0                  64      53     1 0.6292
3804           79    1                  64      20     1 0.6292
3805           58    1                  64      31     1 0.6292
3806           50    1                  64      13     1 0.6292
3807            9    1                  64       6     0 0.6292
3808          100    1                  64      64     1 0.6292
3809           20    0                  64       1     0 0.6292
3810            3    1                  64       1     0 0.6292
3811           23    0                  64       2     0 0.6292
3812            3    1                  64       5     0 0.6292
3813            1    1                  64       1     0 0.6292
3814            1    1                  64       1     0 0.6292
3815            1    0                  64       1     0 0.6292
3816            7    0                  64       1     0 0.6292
3817           11    0                  64      42     0 0.6292
3818            1    1                  64       1     0 0.6292
3819            4    0                  64       1     0 0.6292
3820            6    1                  64       7     0 0.6292
3821           68    1                  64       1     1 0.6292
3822           62    0                  64      40     1 0.6292
3823            9    1                  64       1     1 0.6292
3824           71    1                  64       1     0 0.6292
3825           62    0                  64      15     0 0.6292
3826            9    1                  64       2     0 0.6292
3827           90    0                  64      33     1 0.6292
3828           71    1                  64       7     0 0.6292
3829            1    0                  64      23     0 0.6292
3830           61    0                  64      83     1 0.6292
3831           49    0                  64      13     1 0.6292
3832           52    1                  64       1     1 0.6292
3833            1    0                  64      41     1 0.6292
3834           73    1                  64      10     1 0.6292
3835           66    0                  64       1     1 0.6292
3836           60    0                  64      56     1 0.6292
3837           79    0                  64      49     1 0.6292
3838            1    0                  64       1     0 0.6292
3839           90    0                  64       5     1 0.6292
3840           56    0                  64       1     1 0.6292
3841            3    0                  65      66     0 0.7938
3842          100    1                  65      78     1 0.7938
3843           77    0                  65      88     1 0.7938
3844           95    1                  65     100     1 0.7938
3845           61    0                  65      80     0 0.7938
3846           80    0                  65      80     1 0.7938
3847           23    0                  65      16     0 0.7938
3848           43    1                  65      61     1 0.7938
3849           60    1                  65      81     0 0.7938
3850           91    0                  65      24     0 0.7938
3851           20    1                  65      12     0 0.7938
3852           70    0                  65      89     1 0.7938
3853           36    1                  65      79     0 0.7938
3854           64    0                  65      20     1 0.7938
3855           78    1                  65      81     1 0.7938
3856           83    1                  65      61     0 0.7938
3857            4    1                  65      22     0 0.7938
3858           76    1                  65      75     1 0.7938
3859           79    0                  65     100     1 0.7938
3860           83    0                  65      87     1 0.7938
3861           22    0                  65      11     0 0.7938
3862           77    1                  65      75     0 0.7938
3863           89    1                  65      90     1 0.7938
3864           98    1                  65      96     1 0.7938
3865          100    1                  65     100     1 0.7938
3866           88    1                  65     100     1 0.7938
3867           31    1                  65      19     0 0.7938
3868          100    0                  65      99     1 0.7938
3869           20    0                  65      17     0 0.7938
3870           70    1                  65      59     0 0.7938
3871           59    1                  65      27     0 0.7938
3872           58    0                  65      81     0 0.7938
3873           41    1                  65      14     0 0.7938
3874           32    0                  65      80     0 0.7938
3875            1    0                  65       1     0 0.7938
3876           10    1                  65      17     0 0.7938
3877           80    1                  65      90     0 0.7938
3878           68    1                  65      80     0 0.7938
3879           54    0                  65      90     0 0.7938
3880           22    0                  65     100     0 0.7938
3881           38    1                  65      95     1 0.7938
3882           79    0                  65      91     1 0.7938
3883           85    0                  65     100     1 0.7938
3884            1    0                  65      22     0 0.7938
3885           79    0                  65      75     0 0.7938
3886           32    1                  65      15     0 0.7938
3887           95    0                  65      91     1 0.7938
3888           75    1                  65      71     0 0.7938
3889           19    1                  65      13     0 0.7938
3890           78    1                  65      94     1 0.7938
3891           95    0                  65      81     1 0.7938
3892           72    1                  65      81     1 0.7938
3893           59    0                  65      82     1 0.7938
3894          100    0                  65      88     1 0.7938
3895           67    1                  65      82     1 0.7938
3896           40    0                  65     100     1 0.7938
3897           79    0                  65       8     1 0.7938
3898          100    1                  65      99     0 0.7938
3899           58    0                  65      93     1 0.7938
3900           80    0                  65      92     1 0.7938
3901            1    0                  66       8     0 0.1823
3902          100    0                  66       1     1 0.1823
3903           79    1                  66       8     1 0.1823
3904           80    0                  66       6     1 0.1823
3905           21    1                  66       1     0 0.1823
3906           81    0                  66       4     1 0.1823
3907            1    0                  66       1     0 0.1823
3908          100    0                  66       8     1 0.1823
3909            1    0                  66       1     0 0.1823
3910            1    0                  66       1     0 0.1823
3911            1    0                  66       1     0 0.1823
3912          100    1                  66       4     1 0.1823
3913          100    1                  66       5     0 0.1823
3914          100    1                  66       8     1 0.1823
3915          100    0                  66      19     1 0.1823
3916           79    0                  66      21     0 0.1823
3917           80    0                  66       1     0 0.1823
3918          100    0                  66       9     1 0.1823
3919           81    0                  66       4     1 0.1823
3920           81    1                  66       1     1 0.1823
3921            1    1                  66       1     0 0.1823
3922            1    1                  66       1     0 0.1823
3923           82    1                  66       1     1 0.1823
3924           80    1                  66       7     1 0.1823
3925          100    0                  66       6     1 0.1823
3926           81    0                  66       1     1 0.1823
3927          100    0                  66       6     0 0.1823
3928          100    0                  66       9     1 0.1823
3929            1    1                  66       1     0 0.1823
3930            1    0                  66       1     0 0.1823
3931           19    0                  66       1     0 0.1823
3932          100    0                  66       6     0 0.1823
3933            1    1                  66       1     0 0.1823
3934            1    1                  66       1     0 0.1823
3935            1    1                  66       1     0 0.1823
3936            1    0                  66       1     0 0.1823
3937            1    1                  66       1     0 0.1823
3938            1    0                  66       1     0 0.1823
3939            1    1                  66       1     0 0.1823
3940            1    1                  66       1     0 0.1823
3941          100    0                  66      18     1 0.1823
3942          100    1                  66       8     1 0.1823
3943          100    1                  66      21     1 0.1823
3944           81    1                  66       1     0 0.1823
3945           80    0                  66       5     0 0.1823
3946           82    1                  66       1     0 0.1823
3947          100    1                  66      20     1 0.1823
3948            1    1                  66       1     0 0.1823
3949            1    1                  66       1     0 0.1823
3950          100    1                  66      10     1 0.1823
3951          100    0                  66      12     1 0.1823
3952           81    1                  66      10     1 0.1823
3953            1    1                  66       1     1 0.1823
3954          100    1                  66      17     1 0.1823
3955          100    0                  66       4     1 0.1823
3956          100    1                  66      19     1 0.1823
3957          100    0                  66       9     1 0.1823
3958            1    0                  66       1     0 0.1823
3959          100    0                  66      11     1 0.1823
3960          100    1                  66      13     1 0.1823
3961           87    0                  67     100     0 0.9167
3962          100    1                  67       1     1 0.9167
3963          100    0                  67     100     1 0.9167
3964           74    1                  67      95     1 0.9167
3965           91    1                  67     100     0 0.9167
3966           96    0                  67     100     1 0.9167
3967           96    0                  67       1     0 0.9167
3968          100    1                  67      97     1 0.9167
3969           92    0                  67      85     0 0.9167
3970            6    1                  67      11     0 0.9167
3971           80    0                  67      70     0 0.9167
3972           19    1                  67      94     1 0.9167
3973            8    0                  67      17     0 0.9167
3974           89    1                  67      82     1 0.9167
3975          100    1                  67      87     1 0.9167
3976           94    1                  67      98     0 0.9167
3977           21    0                  67       1     0 0.9167
3978            7    1                  67     100     1 0.9167
3979          100    1                  67      94     1 0.9167
3980           93    0                  67      89     1 0.9167
3981            4    0                  67      94     0 0.9167
3982            4    0                  67       1     0 0.9167
3983           14    1                  67       2     1 0.9167
3984           90    0                  67       1     1 0.9167
3985          100    0                  67     100     1 0.9167
3986          100    1                  67      93     1 0.9167
3987            1    1                  67       3     0 0.9167
3988            1    0                  67       1     1 0.9167
3989            2    1                  67       1     0 0.9167
3990           10    0                  67      97     0 0.9167
3991            7    0                  67       4     0 0.9167
3992           12    0                  67       9     0 0.9167
3993            7    0                  67      83     0 0.9167
3994           24    1                  67      25     0 0.9167
3995            1    0                  67       4     0 0.9167
3996           98    1                  67      21     0 0.9167
3997            3    1                  67       1     0 0.9167
3998            1    1                  67     100     0 0.9167
3999           18    1                  67      12     0 0.9167
4000          100    1                  67     100     0 0.9167
4001            5    1                  67       1     1 0.9167
4002           77    0                  67      16     1 0.9167
4003            1    0                  67       1     1 0.9167
4004           55    0                  67       1     0 0.9167
4005           98    0                  67      83     0 0.9167
4006            1    1                  67       1     0 0.9167
4007          100    0                  67     100     1 0.9167
4008          100    1                  67     100     0 0.9167
4009           91    1                  67      19     0 0.9167
4010           18    0                  67      93     1 0.9167
4011           78    0                  67     100     1 0.9167
4012            1    0                  67      91     1 0.9167
4013           21    1                  67     100     1 0.9167
4014          100    0                  67      93     1 0.9167
4015            1    1                  67       1     1 0.9167
4016           99    1                  67       1     1 0.9167
4017           80    0                  67      95     1 0.9167
4018          100    0                  67       1     0 0.9167
4019          100    1                  67      93     1 0.9167
4020           87    1                  67      98     1 0.9167
4021           10    0                  68      13     0 0.8021
4022           44    1                  68      60     1 0.8021
4023           96    0                  68      96     1 0.8021
4024           71    1                  68      64     1 0.8021
4025           72    0                  68      16     0 0.8021
4026           62    1                  68      55     1 0.8021
4027           34    1                  68      11     0 0.8021
4028            7    0                  68      27     1 0.8021
4029            1    0                  68       1     0 0.8021
4030            4    0                  68       1     0 0.8021
4031           26    1                  68      36     0 0.8021
4032           66    1                  68      61     1 0.8021
4033           92    1                  68      67     0 0.8021
4034            1    0                  68       1     1 0.8021
4035           21    1                  68      53     1 0.8021
4036           80    1                  68      42     0 0.8021
4037            7    1                  68       3     0 0.8021
4038           61    0                  68      44     1 0.8021
4039            2    1                  68      65     1 0.8021
4040           56    0                  68       2     1 0.8021
4041            1    1                  68       9     0 0.8021
4042           18    1                  68      14     0 0.8021
4043           63    0                  68       1     1 0.8021
4044           92    1                  68      73     1 0.8021
4045           78    1                  68      96     1 0.8021
4046           59    0                  68      61     1 0.8021
4047           44    1                  68      26     0 0.8021
4048           20    0                  68       1     1 0.8021
4049            1    0                  68       1     0 0.8021
4050            4    0                  68       6     0 0.8021
4051           55    0                  68       4     0 0.8021
4052           21    0                  68       2     0 0.8021
4053            1    0                  68       1     0 0.8021
4054           14    1                  68      33     0 0.8021
4055           14    0                  68       6     0 0.8021
4056           65    1                  68      91     0 0.8021
4057           22    0                  68       6     0 0.8021
4058            2    0                  68      32     0 0.8021
4059           62    1                  68      48     0 0.8021
4060           60    0                  68       9     0 0.8021
4061           69    1                  68      72     1 0.8021
4062           70    0                  68      13     1 0.8021
4063           63    0                  68      83     1 0.8021
4064            2    1                  68       1     0 0.8021
4065           77    0                  68      37     0 0.8021
4066           21    1                  68      31     0 0.8021
4067           79    1                  68      76     1 0.8021
4068            3    0                  68       1     0 0.8021
4069           18    1                  68       8     0 0.8021
4070           11    0                  68       2     1 0.8021
4071           84    1                  68      95     1 0.8021
4072           64    1                  68      51     1 0.8021
4073           58    1                  68      65     1 0.8021
4074           77    0                  68      62     1 0.8021
4075           37    0                  68      33     1 0.8021
4076           83    1                  68      81     1 0.8021
4077           87    0                  68      56     1 0.8021
4078           31    1                  68       7     0 0.8021
4079           77    0                  68      62     1 0.8021
4080           78    1                  68      23     1 0.8021
4081            1    0                  69       1     0 0.5000
4082           22    1                  69       1     1 0.5000
4083           74    1                  69       1     1 0.5000
4084           71    1                  69      70     1 0.5000
4085           45    0                  69     100     0 0.5000
4086           84    0                  69      77     1 0.5000
4087            1    0                  69       1     0 0.5000
4088           88    0                  69      89     1 0.5000
4089           91    1                  69      91     0 0.5000
4090            1    0                  69       1     0 0.5000
4091            1    0                  69      16     0 0.5000
4092          100    0                  69       1     1 0.5000
4093           91    1                  69      91     0 0.5000
4094           83    0                  69       3     1 0.5000
4095          100    1                  69     100     1 0.5000
4096            1    1                  69      11     0 0.5000
4097           85    0                  69      14     0 0.5000
4098           45    1                  69       1     1 0.5000
4099           91    0                  69      84     1 0.5000
4100           97    0                  69      60     1 0.5000
4101           81    1                  69      84     0 0.5000
4102           71    0                  69       3     0 0.5000
4103           88    1                  69      19     1 0.5000
4104           96    0                  69      63     1 0.5000
4105           59    0                  69       2     1 0.5000
4106          100    1                  69      68     1 0.5000
4107          100    1                  69     100     0 0.5000
4108          100    1                  69       1     1 0.5000
4109           58    1                  69      89     0 0.5000
4110            1    0                  69       1     0 0.5000
4111           89    1                  69      90     0 0.5000
4112            1    1                  69      86     0 0.5000
4113           17    1                  69       1     0 0.5000
4114            1    1                  69       1     0 0.5000
4115            1    1                  69       1     0 0.5000
4116            1    1                  69       1     0 0.5000
4117            1    0                  69     100     0 0.5000
4118            1    0                  69       1     0 0.5000
4119          100    1                  69      78     0 0.5000
4120            1    0                  69      88     0 0.5000
4121          100    0                  69      79     1 0.5000
4122           82    0                  69      63     1 0.5000
4123          100    0                  69      55     1 0.5000
4124          100    1                  69     100     0 0.5000
4125           65    1                  69      72     0 0.5000
4126            6    0                  69      41     0 0.5000
4127           99    0                  69     100     1 0.5000
4128            1    1                  69       1     0 0.5000
4129            1    1                  69       1     0 0.5000
4130           73    1                  69      96     1 0.5000
4131           87    0                  69       1     1 0.5000
4132          100    1                  69      59     1 0.5000
4133           48    0                  69       1     1 0.5000
4134          100    0                  69      15     1 0.5000
4135           78    0                  69       1     1 0.5000
4136          100    0                  69     100     1 0.5000
4137          100    0                  69      26     1 0.5000
4138           73    1                  69      91     0 0.5000
4139          100    1                  69     100     1 0.5000
4140           78    1                  69      84     1 0.5000
4141            1    0                  70       1     0 0.6813
4142           81    1                  70       7     1 0.6813
4143           87    0                  70      95     1 0.6813
4144           84    0                  70      71     1 0.6813
4145            3    1                  70      22     0 0.6813
4146           68    0                  70      58     1 0.6813
4147            1    0                  70      27     0 0.6813
4148           64    0                  70      32     1 0.6813
4149           73    1                  70       4     0 0.6813
4150           73    0                  70      14     0 0.6813
4151            3    1                  70      16     0 0.6813
4152           74    0                  70      18     1 0.6813
4153          100    0                  70       2     0 0.6813
4154           82    0                  70      22     1 0.6813
4155           69    1                  70      74     1 0.6813
4156           33    1                  70      68     0 0.6813
4157           21    0                  70      70     0 0.6813
4158           78    1                  70      37     1 0.6813
4159           95    1                  70      79     1 0.6813
4160           77    1                  70      70     1 0.6813
4161            1    0                  70      15     0 0.6813
4162           68    0                  70       1     0 0.6813
4163           71    1                  70      99     1 0.6813
4164          100    1                  70      62     1 0.6813
4165           77    1                  70      82     1 0.6813
4166           72    0                  70      65     1 0.6813
4167           35    1                  70      32     0 0.6813
4168           51    0                  70       3     1 0.6813
4169           17    0                  70       7     0 0.6813
4170           19    1                  70       1     0 0.6813
4171            1    0                  70       7     0 0.6813
4172           41    0                  70       1     0 0.6813
4173            1    0                  70       1     0 0.6813
4174           74    1                  70      34     0 0.6813
4175           27    0                  70       1     0 0.6813
4176           85    1                  70       1     0 0.6813
4177            1    1                  70       1     0 0.6813
4178            1    1                  70       1     0 0.6813
4179           70    0                  70      59     0 0.6813
4180           19    1                  70      19     0 0.6813
4181           81    0                  70      61     1 0.6813
4182           77    0                  70      66     1 0.6813
4183           90    1                  70      84     1 0.6813
4184           40    1                  70      26     0 0.6813
4185           94    1                  70      22     0 0.6813
4186           72    0                  70      81     0 0.6813
4187           71    1                  70      25     1 0.6813
4188           27    0                  70      24     0 0.6813
4189            2    0                  70       1     0 0.6813
4190           74    1                  70      85     1 0.6813
4191           93    1                  70      86     1 0.6813
4192           81    0                  70      70     1 0.6813
4193           83    1                  70      63     1 0.6813
4194           82    1                  70      15     1 0.6813
4195           83    0                  70      33     1 0.6813
4196           80    1                  70      86     1 0.6813
4197           93    0                  70      61     1 0.6813
4198            1    0                  70      69     0 0.6813
4199           89    1                  70      76     1 0.6813
4200           80    1                  70      74     1 0.6813
4201            1    0                  71       1     0 0.6118
4202           63    0                  71       1     1 0.6118
4203           84    0                  71      41     1 0.6118
4204           78    1                  71       1     1 0.6118
4205           42    1                  71       1     0 0.6118
4206           59    1                  71      20     1 0.6118
4207            1    0                  71       1     0 0.6118
4208           61    1                  71       1     1 0.6118
4209            1    1                  71       1     0 0.6118
4210            1    1                  71       1     0 0.6118
4211           60    0                  71       1     0 0.6118
4212           97    0                  71       1     1 0.6118
4213           40    1                  71       1     0 0.6118
4214           16    1                  71       1     1 0.6118
4215          100    1                  71       1     1 0.6118
4216           83    0                  71       1     0 0.6118
4217            1    0                  71       1     0 0.6118
4218           85    0                  71       1     1 0.6118
4219           85    0                  71       1     1 0.6118
4220           97    0                  71      20     1 0.6118
4221            1    0                  71       1     0 0.6118
4222           39    0                  71       1     0 0.6118
4223           62    1                  71      19     1 0.6118
4224           58    1                  71       1     1 0.6118
4225          100    0                  71      18     1 0.6118
4226           63    1                  71       1     1 0.6118
4227          100    1                  71       1     0 0.6118
4228           99    1                  71       1     1 0.6118
4229           21    0                  71       1     0 0.6118
4230            1    0                  71       1     0 0.6118
4231            1    0                  71       1     0 0.6118
4232           63    1                  71       1     0 0.6118
4233            1    0                  71       1     0 0.6118
4234           19    1                  71       1     0 0.6118
4235            1    0                  71       1     0 0.6118
4236           83    0                  71       1     0 0.6118
4237           27    1                  71       1     0 0.6118
4238           41    1                  71       1     0 0.6118
4239           18    1                  71       1     0 0.6118
4240            1    1                  71       1     0 0.6118
4241          100    0                  71      19     1 0.6118
4242          100    0                  71       1     1 0.6118
4243          100    1                  71       1     1 0.6118
4244            1    0                  71       1     0 0.6118
4245           81    1                  71       1     0 0.6118
4246           21    0                  71       1     0 0.6118
4247          100    0                  71       1     1 0.6118
4248            1    1                  71       1     0 0.6118
4249            2    1                  71       1     0 0.6118
4250           59    1                  71      21     1 0.6118
4251          100    1                  71      22     1 0.6118
4252           20    1                  71       1     1 0.6118
4253           60    0                  71       1     1 0.6118
4254          100    0                  71      16     1 0.6118
4255           62    1                  71       1     1 0.6118
4256          100    0                  71      22     1 0.6118
4257           83    0                  71       1     1 0.6118
4258           40    0                  71       1     0 0.6118
4259           81    1                  71       1     1 0.6118
4260           84    1                  71       1     1 0.6118
4261           14    1                  72       4     0 0.6465
4262           60    0                  72       6     1 0.6465
4263           71    1                  72      68     1 0.6465
4264           63    1                  72      63     1 0.6465
4265            9    1                  72      10     0 0.6465
4266           78    1                  72      64     1 0.6465
4267           19    0                  72       4     0 0.6465
4268           32    0                  72       8     1 0.6465
4269           54    0                  72      90     0 0.6465
4270           33    0                  72      62     0 0.6465
4271            7    0                  72       2     0 0.6465
4272           35    0                  72      65     1 0.6465
4273           60    1                  72      19     0 0.6465
4274           60    0                  72      22     1 0.6465
4275           63    1                  72      71     1 0.6465
4276           62    1                  72      85     0 0.6465
4277           19    1                  72       5     0 0.6465
4278           10    1                  72      21     1 0.6465
4279           73    1                  72      10     1 0.6465
4280           80    1                  72      93     1 0.6465
4281           22    0                  72      78     0 0.6465
4282           81    1                  72      62     0 0.6465
4283           83    0                  72      90     1 0.6465
4284           87    1                  72      84     1 0.6465
4285           63    0                  72      93     1 0.6465
4286           19    0                  72       6     1 0.6465
4287           38    1                  72       3     0 0.6465
4288           75    0                  72      95     1 0.6465
4289           13    1                  72       4     0 0.6465
4290           15    1                  72       5     0 0.6465
4291            4    1                  72       5     0 0.6465
4292           22    0                  72       5     0 0.6465
4293            8    0                  72       3     0 0.6465
4294            4    0                  72       4     0 0.6465
4295           44    1                  72      13     0 0.6465
4296           70    1                  72      85     0 0.6465
4297           56    1                  72      30     0 0.6465
4298            8    1                  72       4     0 0.6465
4299           43    1                  72       6     0 0.6465
4300           54    0                  72      62     0 0.6465
4301           71    0                  72      71     1 0.6465
4302           75    1                  72      84     1 0.6465
4303           63    0                  72      87     1 0.6465
4304           41    0                  72       6     0 0.6465
4305           66    0                  72      80     0 0.6465
4306           41    1                  72      14     0 0.6465
4307           82    1                  72      76     1 0.6465
4308            6    1                  72       6     0 0.6465
4309            4    1                  72       3     0 0.6465
4310           65    0                  72      83     1 0.6465
4311           82    1                  72      82     1 0.6465
4312           53    0                  72      61     1 0.6465
4313           60    0                  72      11     1 0.6465
4314           71    0                  72      61     1 0.6465
4315           59    0                  72       7     1 0.6465
4316           78    0                  72      86     1 0.6465
4317           96    0                  72      96     1 0.6465
4318            8    1                  72       4     0 0.6465
4319           74    0                  72      91     1 0.6465
4320           65    0                  72      89     1 0.6465
4321           39    0                  73      23     0 0.7035
4322           82    1                  73      82     1 0.7035
4323           76    1                  73      63     1 0.7035
4324           94    0                  73      96     1 0.7035
4325           79    0                  73      85     0 0.7035
4326           81    0                  73      36     1 0.7035
4327           83    1                  73      66     0 0.7035
4328           93    1                  73      63     1 0.7035
4329            7    1                  73      35     0 0.7035
4330           75    0                  73      83     0 0.7035
4331           22    0                  73      62     0 0.7035
4332           79    1                  73      66     1 0.7035
4333           25    0                  73      40     0 0.7035
4334           40    0                  73      23     1 0.7035
4335           80    1                  73      86     1 0.7035
4336           94    0                  73      96     0 0.7035
4337           25    0                  73      42     0 0.7035
4338           64    0                  73      66     1 0.7035
4339           91    1                  73      63     1 0.7035
4340           77    1                  73      86     1 0.7035
4341           93    0                  73      97     0 0.7035
4342           65    1                  73      24     0 0.7035
4343           62    1                  73      80     1 0.7035
4344           96    1                  73      98     1 0.7035
4345           87    1                  73      93     1 0.7035
4346           93    1                  73      96     1 0.7035
4347           38    0                  73       2     0 0.7035
4348           65    1                  73     100     1 0.7035
4349           59    1                  73      39     0 0.7035
4350           64    0                  73      42     0 0.7035
4351            5    0                  73       1     0 0.7035
4352           24    1                  73      69     0 0.7035
4353           76    0                  73      28     0 0.7035
4354           22    0                  73      65     0 0.7035
4355           37    0                  73      32     0 0.7035
4356           96    1                  73      79     0 0.7035
4357           40    1                  73      68     0 0.7035
4358           40    1                  73      61     0 0.7035
4359           80    0                  73      79     0 0.7035
4360           67    0                  73      41     0 0.7035
4361           92    1                  73      93     1 0.7035
4362           99    1                  73      79     1 0.7035
4363            3    1                  73      38     1 0.7035
4364           66    0                  73      39     0 0.7035
4365           95    0                  73      76     0 0.7035
4366           19    0                  73      71     0 0.7035
4367           83    0                  73      79     1 0.7035
4368          100    0                  73      80     0 0.7035
4369           40    1                  73      23     0 0.7035
4370           86    1                  73      83     1 0.7035
4371           96    0                  73      93     1 0.7035
4372           89    1                  73      97     1 0.7035
4373           63    1                  73      36     1 0.7035
4374           94    1                  73      66     1 0.7035
4375           64    0                  73      81     1 0.7035
4376           96    0                  73      65     1 0.7035
4377           91    0                  73      93     1 0.7035
4378           20    0                  73      36     0 0.7035
4379          100    1                  73      62     1 0.7035
4380           95    1                  73      99     1 0.7035
4381           90    0                  74      96     0 0.6778
4382           71    0                  74      45     1 0.6778
4383           88    1                  74      69     1 0.6778
4384           75    0                  74      71     1 0.6778
4385           54    1                  74      31     0 0.6778
4386           89    1                  74      91     1 0.6778
4387           60    1                  74      27     0 0.6778
4388           74    1                  74      66     1 0.6778
4389           84    0                  74      54     0 0.6778
4390           64    0                  74      26     0 0.6778
4391           39    1                  74      12     0 0.6778
4392           79    1                  74      66     1 0.6778
4393           30    0                  74       1     0 0.6778
4394           94    0                  74      62     1 0.6778
4395           81    1                  74      93     1 0.6778
4396           89    0                  74      87     0 0.6778
4397           76    1                  74      75     0 0.6778
4398           83    0                  74      67     1 0.6778
4399           70    0                  74      78     1 0.6778
4400           94    1                  74      84     1 0.6778
4401           48    0                  74      25     0 0.6778
4402           72    1                  74      57     0 0.6778
4403           87    1                  74      73     1 0.6778
4404           88    0                  74      85     1 0.6778
4405           88    0                  74      89     1 0.6778
4406           90    0                  74      92     1 0.6778
4407           55    0                  74      73     0 0.6778
4408           83    1                  74      96     1 0.6778
4409           61    1                  74      44     0 0.6778
4410           58    0                  74      26     0 0.6778
4411           92    1                  74      84     0 0.6778
4412           63    1                  74      66     0 0.6778
4413           94    1                  74      91     0 0.6778
4414           62    1                  74      64     0 0.6778
4415           58    1                  74      74     0 0.6778
4416           87    0                  74      56     0 0.6778
4417           67    0                  74      54     0 0.6778
4418           90    1                  74      79     0 0.6778
4419           74    0                  74      52     0 0.6778
4420           80    0                  74      83     0 0.6778
4421           82    1                  74      76     1 0.6778
4422           88    0                  74      88     1 0.6778
4423           74    1                  74      80     1 0.6778
4424           86    1                  74      90     0 0.6778
4425           86    0                  74      57     0 0.6778
4426           85    1                  74      16     0 0.6778
4427           92    1                  74      76     1 0.6778
4428           76    1                  74      82     0 0.6778
4429           61    1                  74       9     0 0.6778
4430           94    0                  74      92     1 0.6778
4431           70    0                  74      82     1 0.6778
4432           79    0                  74      90     1 0.6778
4433           72    0                  74      41     1 0.6778
4434           98    0                  74      82     1 0.6778
4435           87    0                  74      76     1 0.6778
4436           94    0                  74      98     1 0.6778
4437           94    1                  74      54     1 0.6778
4438           77    1                  74      95     0 0.6778
4439           76    1                  74      77     1 0.6778
4440           81    0                  74      56     1 0.6778
4441            2    0                  75       1     0 0.4354
4442           61    1                  75      58     1 0.4354
4443          100    1                  75     100     1 0.4354
4444           58    1                  75      58     1 0.4354
4445           24    1                  75      25     0 0.4354
4446           80    1                  75      87     1 0.4354
4447            8    1                  75      41     0 0.4354
4448           30    0                  75      57     1 0.4354
4449           35    1                  75       7     0 0.4354
4450            1    0                  75       1     0 0.4354
4451           12    1                  75       1     0 0.4354
4452           59    1                  75      57     1 0.4354
4453           77    1                  75      49     0 0.4354
4454           76    1                  75      54     1 0.4354
4455           85    0                  75      44     1 0.4354
4456           44    1                  75      36     0 0.4354
4457            1    0                  75       9     0 0.4354
4458           22    0                  75       1     1 0.4354
4459           47    1                  75      20     1 0.4354
4460          100    0                  75      68     1 0.4354
4461           41    1                  75      16     0 0.4354
4462           63    1                  75      56     0 0.4354
4463           89    0                  75      87     1 0.4354
4464           74    1                  75      56     1 0.4354
4465           28    0                  75      14     1 0.4354
4466           86    0                  75      65     1 0.4354
4467           99    0                  75      81     0 0.4354
4468          100    0                  75      82     1 0.4354
4469           54    0                  75      20     0 0.4354
4470           11    1                  75       1     0 0.4354
4471           40    1                  75      20     0 0.4354
4472           54    1                  75      44     0 0.4354
4473            1    0                  75       1     0 0.4354
4474           15    0                  75      24     0 0.4354
4475            1    0                  75       1     0 0.4354
4476           46    1                  75      22     0 0.4354
4477           78    1                  75      68     0 0.4354
4478            1    0                  75       7     0 0.4354
4479           64    0                  75      70     0 0.4354
4480            8    0                  75      25     0 0.4354
4481           76    1                  75      55     1 0.4354
4482           79    0                  75      30     1 0.4354
4483           53    0                  75      51     1 0.4354
4484           69    1                  75      60     0 0.4354
4485           36    0                  75      52     0 0.4354
4486           77    1                  75      62     0 0.4354
4487          100    0                  75      52     1 0.4354
4488            1    1                  75       1     0 0.4354
4489           17    0                  75      16     0 0.4354
4490           80    0                  75      65     1 0.4354
4491           55    1                  75       4     1 0.4354
4492           62    1                  75      58     1 0.4354
4493           16    0                  75       1     1 0.4354
4494          100    0                  75      54     1 0.4354
4495           29    0                  75      21     1 0.4354
4496           81    1                  75      28     1 0.4354
4497          100    0                  75     100     1 0.4354
4498           20    1                  75       4     0 0.4354
4499           70    0                  75      67     1 0.4354
4500           55    1                  75       5     1 0.4354
4501           59    1                  76      22     0 0.7597
4502           51    0                  76      41     1 0.7597
4503           55    1                  76      41     1 0.7597
4504           79    0                  76      80     1 0.7597
4505           41    0                  76      33     0 0.7597
4506           68    0                  76      61     1 0.7597
4507           71    0                  76      68     0 0.7597
4508           21    0                  76      60     1 0.7597
4509           61    0                  76      46     0 0.7597
4510           53    0                  76      42     0 0.7597
4511            1    1                  76      21     0 0.7597
4512           68    0                  76      68     1 0.7597
4513           23    1                  76      22     0 0.7597
4514           43    0                  76      42     1 0.7597
4515           55    1                  76      59     1 0.7597
4516           78    1                  76      68     0 0.7597
4517           20    0                  76      31     0 0.7597
4518           53    1                  76      71     1 0.7597
4519           60    0                  76      71     1 0.7597
4520           79    1                  76      77     1 0.7597
4521           59    0                  76      40     0 0.7597
4522            6    0                  76      21     0 0.7597
4523           72    1                  76      74     1 0.7597
4524           79    0                  76      41     1 0.7597
4525           80    1                  76      78     1 0.7597
4526           68    0                  76      71     1 0.7597
4527           70    1                  76      74     0 0.7597
4528           85    0                  76      79     1 0.7597
4529           77    0                  76      78     0 0.7597
4530           28    0                  76      39     0 0.7597
4531           19    0                  76      21     0 0.7597
4532           77    0                  76      65     0 0.7597
4533            1    0                  76      12     0 0.7597
4534           68    0                  76      63     0 0.7597
4535           20    1                  76      23     0 0.7597
4536           82    1                  76      80     0 0.7597
4537           40    1                  76      63     0 0.7597
4538           14    1                  76      10     0 0.7597
4539           59    0                  76      41     0 0.7597
4540            1    1                  76      11     0 0.7597
4541           77    1                  76      60     1 0.7597
4542           96    1                  76      81     1 0.7597
4543           55    0                  76      41     1 0.7597
4544           32    1                  76      41     0 0.7597
4545           80    0                  76      77     0 0.7597
4546           48    1                  76      41     0 0.7597
4547           82    1                  76      81     1 0.7597
4548           42    1                  76      42     0 0.7597
4549           41    1                  76      41     0 0.7597
4550           61    0                  76      60     1 0.7597
4551           62    1                  76      71     1 0.7597
4552           60    1                  76      60     1 0.7597
4553           38    1                  76      40     1 0.7597
4554           65    0                  76      64     1 0.7597
4555           43    1                  76      60     1 0.7597
4556           69    1                  76      72     1 0.7597
4557           79    1                  76      80     1 0.7597
4558           42    1                  76      21     0 0.7597
4559           80    0                  76      51     1 0.7597
4560           61    0                  76      58     1 0.7597
4561            1    1                  77       1     0 0.6656
4562           79    0                  77      72     1 0.6656
4563           40    0                  77      21     1 0.6656
4564           94    1                  77      74     1 0.6656
4565            1    1                  77       1     0 0.6656
4566           41    0                  77      31     1 0.6656
4567           13    1                  77      41     0 0.6656
4568           53    0                  77      32     1 0.6656
4569            1    1                  77       1     0 0.6656
4570            6    0                  77       1     0 0.6656
4571            1    0                  77       1     0 0.6656
4572          100    1                  77      98     1 0.6656
4573           41    1                  77       1     0 0.6656
4574          100    0                  77      81     1 0.6656
4575           52    1                  77      42     1 0.6656
4576            7    0                  77       7     0 0.6656
4577            1    0                  77       1     0 0.6656
4578           83    1                  77      63     1 0.6656
4579           94    1                  77      87     1 0.6656
4580           83    0                  77      79     1 0.6656
4581            1    1                  77       1     0 0.6656
4582          100    0                  77      99     0 0.6656
4583           42    1                  77      22     1 0.6656
4584           91    1                  77      71     1 0.6656
4585           86    1                  77      92     1 0.6656
4586          100    0                  77      99     1 0.6656
4587           14    1                  77       8     0 0.6656
4588           40    0                  77      15     1 0.6656
4589            1    1                  77       1     0 0.6656
4590            1    0                  77       1     0 0.6656
4591            1    0                  77       1     0 0.6656
4592            1    1                  77       1     0 0.6656
4593           53    1                  77      32     0 0.6656
4594           21    1                  77      42     0 0.6656
4595            1    0                  77       1     0 0.6656
4596           41    1                  77      27     0 0.6656
4597           63    0                  77      81     0 0.6656
4598            5    1                  77       1     0 0.6656
4599           22    1                  77      32     0 0.6656
4600            4    0                  77       8     0 0.6656
4601           97    0                  77      99     1 0.6656
4602          100    1                  77      96     1 0.6656
4603          100    0                  77     100     1 0.6656
4604           22    0                  77       1     0 0.6656
4605           95    0                  77      82     0 0.6656
4606           81    0                  77      61     0 0.6656
4607           92    0                  77      40     1 0.6656
4608            3    0                  77       4     0 0.6656
4609            6    0                  77       1     0 0.6656
4610           80    0                  77      61     1 0.6656
4611           91    0                  77      81     1 0.6656
4612           49    0                  77       6     1 0.6656
4613           91    0                  77      40     1 0.6656
4614          100    1                  77     100     1 0.6656
4615           76    1                  77      81     1 0.6656
4616           80    1                  77      62     1 0.6656
4617          100    1                  77      61     1 0.6656
4618            5    1                  77       9     0 0.6656
4619           62    1                  77      41     1 0.6656
4620           74    1                  77      42     1 0.6656
4621            1    1                  78       4     0 0.7542
4622           71    1                  78       2     1 0.7542
4623           59    0                  78      25     1 0.7542
4624          100    1                  78      43     1 0.7542
4625           69    0                  78      22     0 0.7542
4626           77    0                  78      52     1 0.7542
4627           23    1                  78      41     0 0.7542
4628           78    0                  78      41     1 0.7542
4629           54    1                  78      22     0 0.7542
4630           11    1                  78       4     0 0.7542
4631            1    0                  78       6     0 0.7542
4632           95    1                  78      27     1 0.7542
4633           22    0                  78      30     0 0.7542
4634           98    0                  78      14     1 0.7542
4635          100    1                  78      56     1 0.7542
4636           64    1                  78       4     0 0.7542
4637           69    0                  78       5     0 0.7542
4638           62    1                  78      25     1 0.7542
4639           92    1                  78      48     1 0.7542
4640           92    0                  78      48     1 0.7542
4641           90    0                  78      34     0 0.7542
4642           64    1                  78      31     0 0.7542
4643           75    1                  78      18     1 0.7542
4644           91    1                  78      27     1 0.7542
4645           71    0                  78      52     1 0.7542
4646           60    1                  78      14     1 0.7542
4647           72    0                  78      15     0 0.7542
4648           88    0                  78      28     1 0.7542
4649           12    1                  78       6     0 0.7542
4650            1    1                  78       7     0 0.7542
4651           89    0                  78       3     0 0.7542
4652           24    1                  78      16     0 0.7542
4653           12    1                  78      17     0 0.7542
4654           10    0                  78      18     0 0.7542
4655           10    1                  78      24     0 0.7542
4656           54    0                  78      35     0 0.7542
4657           63    1                  78      32     0 0.7542
4658           18    0                  78      29     0 0.7542
4659           90    0                  78      37     0 0.7542
4660           64    1                  78      60     0 0.7542
4661           79    1                  78      41     1 0.7542
4662           89    1                  78      33     1 0.7542
4663           89    1                  78      26     1 0.7542
4664           31    1                  78      35     0 0.7542
4665          100    1                  78      39     0 0.7542
4666           60    0                  78      30     0 0.7542
4667          100    0                  78      24     1 0.7542
4668           60    0                  78      45     0 0.7542
4669           10    0                  78       5     0 0.7542
4670           72    1                  78      66     1 0.7542
4671           84    0                  78      36     1 0.7542
4672           56    0                  78      41     1 0.7542
4673           76    1                  78      16     1 0.7542
4674          100    0                  78      41     1 0.7542
4675           75    0                  78      26     1 0.7542
4676          100    1                  78      33     1 0.7542
4677          100    0                  78      33     1 0.7542
4678           56    0                  78      54     0 0.7542
4679          100    0                  78      37     1 0.7542
4680           64    0                  78      28     1 0.7542
4681            1    1                  79      37     0 0.5042
4682           93    0                  79      58     1 0.5042
4683           57    0                  79       6     1 0.5042
4684           84    0                  79      78     1 0.5042
4685           32    0                  79      14     0 0.5042
4686           87    1                  79      63     1 0.5042
4687           15    1                  79       6     0 0.5042
4688           61    1                  79      37     1 0.5042
4689            1    0                  79       6     0 0.5042
4690           17    1                  79       1     0 0.5042
4691            3    0                  79       1     0 0.5042
4692           84    0                  79       1     1 0.5042
4693           40    0                  79      62     0 0.5042
4694           73    1                  79      69     1 0.5042
4695           42    0                  79      15     1 0.5042
4696           56    1                  79      16     0 0.5042
4697            9    0                  79       5     0 0.5042
4698           29    0                  79      69     1 0.5042
4699           83    0                  79      71     1 0.5042
4700           60    0                  79      17     1 0.5042
4701           90    1                  79       6     0 0.5042
4702          100    0                  79      35     0 0.5042
4703           59    0                  79      10     1 0.5042
4704           85    0                  79      68     1 0.5042
4705           96    0                  79      83     1 0.5042
4706           96    1                  79      13     1 0.5042
4707           75    1                  79       8     0 0.5042
4708           99    1                  79      33     1 0.5042
4709           75    1                  79       1     0 0.5042
4710           74    1                  79       5     0 0.5042
4711            2    1                  79       5     0 0.5042
4712           95    0                  79      36     0 0.5042
4713            4    0                  79       9     0 0.5042
4714            9    0                  79       8     0 0.5042
4715            6    1                  79       8     0 0.5042
4716           84    0                  79      21     0 0.5042
4717           40    1                  79       6     0 0.5042
4718            5    1                  79       5     0 0.5042
4719           96    1                  79       6     0 0.5042
4720           12    0                  79      18     0 0.5042
4721           75    0                  79      33     1 0.5042
4722           85    1                  79      58     1 0.5042
4723           90    1                  79      34     1 0.5042
4724           62    0                  79      24     0 0.5042
4725           97    1                  79      16     0 0.5042
4726           34    0                  79       1     0 0.5042
4727           74    0                  79      65     1 0.5042
4728           68    0                  79      69     0 0.5042
4729            1    1                  79      66     0 0.5042
4730           82    1                  79      59     1 0.5042
4731           88    1                  79      55     1 0.5042
4732           66    1                  79      67     1 0.5042
4733           79    1                  79      73     1 0.5042
4734           83    0                  79      23     1 0.5042
4735           62    1                  79      28     1 0.5042
4736           87    1                  79      39     1 0.5042
4737           83    1                  79      13     1 0.5042
4738            3    1                  79      35     0 0.5042
4739           71    0                  79      58     1 0.5042
4740           93    0                  79      43     1 0.5042
4741           35    1                  80       3     0 0.6083
4742           82    0                  80       2     1 0.6083
4743           56    1                  80       2     1 0.6083
4744           55    1                  80       3     1 0.6083
4745           35    1                  80       1     0 0.6083
4746           41    0                  80       1     1 0.6083
4747           48    0                  80       2     0 0.6083
4748           57    1                  80       1     1 0.6083
4749           16    0                  80       2     0 0.6083
4750           12    0                  80       1     0 0.6083
4751           40    0                  80       1     0 0.6083
4752           65    0                  80       1     1 0.6083
4753           77    0                  80       1     0 0.6083
4754           62    1                  80       2     1 0.6083
4755           82    1                  80       2     1 0.6083
4756           63    1                  80       2     0 0.6083
4757           37    1                  80       2     0 0.6083
4758           42    0                  80       1     1 0.6083
4759           59    0                  80       2     1 0.6083
4760           95    1                  80       1     1 0.6083
4761           34    0                  80       1     0 0.6083
4762           42    0                  80       1     0 0.6083
4763           62    1                  80       1     1 0.6083
4764           91    0                  80       2     1 0.6083
4765           75    1                  80      19     1 0.6083
4766           72    1                  80       4     1 0.6083
4767           63    1                  80       2     0 0.6083
4768           95    0                  80      17     1 0.6083
4769           55    1                  80       3     0 0.6083
4770           40    1                  80       1     0 0.6083
4771           32    1                  80       4     0 0.6083
4772           32    1                  80      18     0 0.6083
4773           42    1                  80       1     0 0.6083
4774           44    0                  80       1     0 0.6083
4775           45    0                  80       2     0 0.6083
4776           33    0                  80       1     0 0.6083
4777           34    1                  80       1     0 0.6083
4778           23    0                  80       1     0 0.6083
4779           60    1                  80       1     0 0.6083
4780            4    1                  80       1     0 0.6083
4781           58    0                  80       1     1 0.6083
4782           87    0                  80       4     1 0.6083
4783           55    0                  80       3     1 0.6083
4784           65    1                  80       1     0 0.6083
4785           64    0                  80      14     0 0.6083
4786           41    0                  80       4     0 0.6083
4787           69    1                  80       2     1 0.6083
4788           60    0                  80       1     0 0.6083
4789           19    1                  80       2     0 0.6083
4790           48    0                  80       1     1 0.6083
4791           65    0                  80       2     1 0.6083
4792           60    0                  80       5     1 0.6083
4793           21    1                  80      14     1 0.6083
4794           89    1                  80       2     1 0.6083
4795           84    1                  80       2     1 0.6083
4796           91    0                  80       2     1 0.6083
4797           94    0                  80       3     1 0.6083
4798           53    1                  80       3     0 0.6083
4799           84    0                  80      18     1 0.6083
4800           67    1                  80       1     1 0.6083
4801            5    1                  81      62     0 0.7500
4802           64    0                  81      24     1 0.7500
4803           77    1                  81      39     1 0.7500
4804           84    1                  81      66     1 0.7500
4805            5    1                  81      55     0 0.7500
4806           56    0                  81      63     1 0.7500
4807            7    1                  81       6     0 0.7500
4808           23    0                  81      62     1 0.7500
4809           46    1                  81      58     0 0.7500
4810            1    1                  81      28     0 0.7500
4811            1    0                  81      17     0 0.7500
4812           73    0                  81      65     1 0.7500
4813           71    0                  81      47     0 0.7500
4814           65    0                  81      55     1 0.7500
4815           94    1                  81      54     1 0.7500
4816           75    0                  81      62     0 0.7500
4817            1    0                  81      21     0 0.7500
4818           28    0                  81      65     1 0.7500
4819           99    0                  81      63     1 0.7500
4820           70    1                  81      62     1 0.7500
4821           71    1                  81      60     0 0.7500
4822           70    1                  81      80     0 0.7500
4823           63    0                  81      71     1 0.7500
4824           73    0                  81      63     1 0.7500
4825           77    1                  81      63     1 0.7500
4826            1    0                  81      20     1 0.7500
4827           67    0                  81      69     0 0.7500
4828           83    0                  81      17     1 0.7500
4829            1    0                  81       7     0 0.7500
4830           58    1                  81       7     0 0.7500
4831            4    1                  81      16     0 0.7500
4832           24    1                  81      21     0 0.7500
4833            1    0                  81      14     0 0.7500
4834            7    0                  81      23     0 0.7500
4835            1    0                  81      12     0 0.7500
4836           69    1                  81      34     0 0.7500
4837            1    1                  81      67     0 0.7500
4838            3    0                  81       6     0 0.7500
4839            1    0                  81       1     0 0.7500
4840           78    0                  81      59     0 0.7500
4841           90    1                  81      85     1 0.7500
4842           77    0                  81      71     1 0.7500
4843           91    1                  81      77     1 0.7500
4844           39    1                  81      25     0 0.7500
4845           81    0                  81      41     0 0.7500
4846            7    1                  81      22     0 0.7500
4847          100    0                  81      71     1 0.7500
4848           12    1                  81      58     0 0.7500
4849           66    0                  81      62     0 0.7500
4850           38    1                  81      69     1 0.7500
4851           92    1                  81      83     1 0.7500
4852           71    1                  81      63     1 0.7500
4853           68    1                  81      78     1 0.7500
4854           97    0                  81      65     1 0.7500
4855           76    0                  81      46     1 0.7500
4856           81    0                  81      67     1 0.7500
4857           86    1                  81      77     1 0.7500
4858           20    1                  81      35     0 0.7500
4859           57    1                  81      63     1 0.7500
4860           39    1                  81      60     1 0.7500
4861           15    1                  82      60     0 0.5872
4862           62    0                  82      39     1 0.5872
4863           87    1                  82      80     1 0.5872
4864           94    1                  82      80     1 0.5872
4865           33    1                  82      61     0 0.5872
4866           90    0                  82      81     1 0.5872
4867           85    1                  82      81     0 0.5872
4868           85    1                  82      62     1 0.5872
4869           83    1                  82      82     0 0.5872
4870           80    1                  82      21     0 0.5872
4871           27    0                  82      21     0 0.5872
4872           94    0                  82      76     1 0.5872
4873           21    0                  82       1     0 0.5872
4874           47    0                  82      19     1 0.5872
4875          100    1                  82      76     1 0.5872
4876           96    1                  82      80     0 0.5872
4877           90    1                  82      80     0 0.5872
4878           82    0                  82      68     1 0.5872
4879           98    1                  82      98     1 0.5872
4880           86    0                  82      71     1 0.5872
4881            4    0                  82      21     0 0.5872
4882           90    1                  82      74     0 0.5872
4883           82    1                  82      73     1 0.5872
4884           99    0                  82      98     1 0.5872
4885           98    0                  82     100     1 0.5872
4886           88    0                  82      76     1 0.5872
4887           96    1                  82      62     0 0.5872
4888           90    0                  82      78     1 0.5872
4889           34    0                  82      22     0 0.5872
4890           95    1                  82      74     0 0.5872
4891           15    1                  82       4     0 0.5872
4892           75    1                  82      79     0 0.5872
4893           66    0                  82       3     0 0.5872
4894           84    1                  82      40     0 0.5872
4895           25    0                  82      20     0 0.5872
4896          100    1                  82      95     0 0.5872
4897           82    1                  82      62     0 0.5872
4898            1    0                  82       4     0 0.5872
4899           75    1                  82      79     0 0.5872
4900           85    0                  82      60     0 0.5872
4901           86    1                  82      77     1 0.5872
4902           84    0                  82      79     1 0.5872
4903           86    1                  82      61     1 0.5872
4904           69    1                  82      73     0 0.5872
4905           83    0                  82      41     0 0.5872
4906           55    0                  82      40     0 0.5872
4907           87    0                  82      79     1 0.5872
4908           62    0                  82      63     0 0.5872
4909           89    1                  82      39     0 0.5872
4910           93    0                  82      78     1 0.5872
4911           94    0                  82      80     1 0.5872
4912           60    0                  82      65     1 0.5872
4913           80    0                  82      65     1 0.5872
4914           78    1                  82      79     1 0.5872
4915           61    1                  82      63     1 0.5872
4916           95    1                  82      60     1 0.5872
4917           53    0                  82      31     1 0.5872
4918           47    0                  82      45     0 0.5872
4919           86    0                  82      81     1 0.5872
4920           92    1                  82      60     1 0.5872
4921            3    0                  83       7     0 0.4625
4922           64    1                  83      40     1 0.4625
4923           82    0                  83      42     1 0.4625
4924           89    0                  83      62     1 0.4625
4925            1    1                  83      14     0 0.4625
4926           68    1                  83      64     1 0.4625
4927           31    0                  83      38     0 0.4625
4928           65    1                  83       9     1 0.4625
4929            1    0                  83       2     0 0.4625
4930           70    0                  83       2     0 0.4625
4931           76    0                  83      71     0 0.4625
4932           40    1                  83      35     1 0.4625
4933           39    1                  83       3     0 0.4625
4934           21    1                  83       3     1 0.4625
4935           94    0                  83       2     1 0.4625
4936           87    1                  83      63     0 0.4625
4937           34    1                  83      39     0 0.4625
4938           92    0                  83      75     1 0.4625
4939          100    0                  83      68     1 0.4625
4940           80    0                  83      80     1 0.4625
4941           17    1                  83       1     0 0.4625
4942           99    1                  83      80     0 0.4625
4943           93    0                  83      32     1 0.4625
4944           93    0                  83      62     1 0.4625
4945           91    1                  83      62     1 0.4625
4946           86    0                  83      74     1 0.4625
4947           86    0                  83      40     0 0.4625
4948          100    1                  83      84     1 0.4625
4949           11    1                  83       7     0 0.4625
4950            3    1                  83       3     0 0.4625
4951            1    0                  83       1     0 0.4625
4952            2    1                  83       3     0 0.4625
4953           19    1                  83      22     0 0.4625
4954           19    1                  83       7     0 0.4625
4955           16    1                  83       3     0 0.4625
4956           97    1                  83      63     0 0.4625
4957           57    1                  83       3     0 0.4625
4958           36    1                  83      10     0 0.4625
4959           69    0                  83      41     0 0.4625
4960            4    0                  83      22     0 0.4625
4961           99    0                  83      79     1 0.4625
4962           86    0                  83      41     1 0.4625
4963           71    0                  83      39     1 0.4625
4964           24    0                  83      60     0 0.4625
4965           77    1                  83      65     0 0.4625
4966           40    0                  83       5     0 0.4625
4967          100    1                  83      88     1 0.4625
4968           86    1                  83      10     0 0.4625
4969            1    0                  83       6     0 0.4625
4970           43    0                  83      41     1 0.4625
4971           99    1                  83      78     1 0.4625
4972           93    0                  83      57     1 0.4625
4973           16    0                  83      16     1 0.4625
4974          100    1                  83      86     1 0.4625
4975           69    0                  83      23     1 0.4625
4976           82    0                  83      21     1 0.4625
4977           99    1                  83      82     1 0.4625
4978           22    0                  83       5     0 0.4625
4979           96    1                  83      81     1 0.4625
4980           75    1                  83      70     1 0.4625
4981            1    0                  84       1     0 0.7660
4982           61    1                  84      11     1 0.7660
4983           40    0                  84      23     1 0.7660
4984          100    0                  84     100     1 0.7660
4985           58    1                  84      21     0 0.7660
4986           81    1                  84     100     1 0.7660
4987           90    1                  84       1     0 0.7660
4988           78    1                  84      66     1 0.7660
4989            1    0                  84       2     0 0.7660
4990            4    1                  84       2     0 0.7660
4991            1    1                  84       1     0 0.7660
4992          100    0                  84     100     1 0.7660
4993           67    1                  84       1     0 0.7660
4994          100    1                  84      86     1 0.7660
4995           55    0                  84       1     1 0.7660
4996           61    0                  84      22     0 0.7660
4997           21    0                  84       1     0 0.7660
4998           79    0                  84      71     1 0.7660
4999           99    1                  84     100     1 0.7660
5000           99    1                  84      98     1 0.7660
5001           18    1                  84       1     0 0.7660
5002            1    0                  84       3     0 0.7660
5003           66    0                  84     100     1 0.7660
5004           99    0                  84       5     1 0.7660
5005           61    0                  84     100     1 0.7660
5006          100    0                  84     100     1 0.7660
5007           32    1                  84      13     0 0.7660
5008           80    0                  84      11     1 0.7660
5009           59    1                  84       3     0 0.7660
5010           81    1                  84      72     0 0.7660
5011           18    1                  84       1     0 0.7660
5012           18    0                  84      18     0 0.7660
5013           63    0                  84      68     0 0.7660
5014           63    1                  84       1     0 0.7660
5015            2    0                  84       1     0 0.7660
5016           64    0                  84      90     0 0.7660
5017            1    1                  84       1     0 0.7660
5018            1    1                  84       1     0 0.7660
5019           98    0                  84     100     0 0.7660
5020            2    0                  84       2     0 0.7660
5021          100    0                  84      99     1 0.7660
5022           98    1                  84     100     1 0.7660
5023           75    0                  84      86     1 0.7660
5024           33    1                  84      70     0 0.7660
5025           99    1                  84     100     0 0.7660
5026           82    0                  84      88     0 0.7660
5027          100    1                  84     100     1 0.7660
5028            4    1                  84       1     0 0.7660
5029            1    1                  84       1     0 0.7660
5030           21    0                  84      19     1 0.7660
5031          100    1                  84     100     1 0.7660
5032           24    1                  84       2     1 0.7660
5033           40    0                  84       1     1 0.7660
5034           99    0                  84     100     1 0.7660
5035           25    0                  84      30     1 0.7660
5036          100    1                  84     100     1 0.7660
5037           98    0                  84       1     1 0.7660
5038           63    0                  84      91     0 0.7660
5039           86    1                  84      62     1 0.7660
5040           24    1                  84      91     1 0.7660
5041            2    1                  85       1     0 0.3438
5042           57    1                  85      86     1 0.3438
5043           82    1                  85      93     1 0.3438
5044           69    0                  85      65     1 0.3438
5045           56    0                  85      24     0 0.3438
5046           66    1                  85      72     1 0.3438
5047           37    1                  85      16     0 0.3438
5048           42    0                  85      23     1 0.3438
5049           60    0                  85      33     0 0.3438
5050            3    0                  85       1     0 0.3438
5051            4    0                  85       5     0 0.3438
5052           94    1                  85      91     1 0.3438
5053           43    0                  85      10     0 0.3438
5054           94    0                  85      85     1 0.3438
5055           95    1                  85      89     1 0.3438
5056           74    0                  85      57     0 0.3438
5057            4    1                  85       3     0 0.3438
5058            6    0                  85      22     1 0.3438
5059           66    0                  85      34     1 0.3438
5060           68    0                  85      89     1 0.3438
5061           21    0                  85       1     0 0.3438
5062           39    1                  85       7     0 0.3438
5063           69    0                  85      94     1 0.3438
5064           81    1                  85      58     1 0.3438
5065           79    1                  85      58     1 0.3438
5066           70    1                  85      93     1 0.3438
5067           36    1                  85      10     0 0.3438
5068           93    0                  85      86     1 0.3438
5069           36    1                  85      10     0 0.3438
5070            7    0                  85       1     0 0.3438
5071            2    0                  85       3     0 0.3438
5072           34    1                  85      30     0 0.3438
5073            2    0                  85       2     0 0.3438
5074           20    1                  85       2     0 0.3438
5075            3    0                  85       3     0 0.3438
5076           42    0                  85      12     0 0.3438
5077           57    0                  85       8     0 0.3438
5078           40    1                  85      21     0 0.3438
5079           67    1                  85      70     0 0.3438
5080           39    1                  85      10     0 0.3438
5081           59    1                  85      52     1 0.3438
5082           97    0                  85      97     1 0.3438
5083           85    1                  85      91     1 0.3438
5084            2    0                  85       4     0 0.3438
5085           57    1                  85      64     0 0.3438
5086           35    0                  85      21     0 0.3438
5087           75    0                  85      89     1 0.3438
5088           40    1                  85      29     0 0.3438
5089           16    1                  85      22     0 0.3438
5090           68    1                  85      56     1 0.3438
5091           88    1                  85      88     1 0.3438
5092           67    1                  85      26     1 0.3438
5093           42    0                  85      12     1 0.3438
5094           95    0                  85      95     1 0.3438
5095           91    1                  85      97     1 0.3438
5096           94    1                  85      94     1 0.3438
5097           68    1                  85      83     1 0.3438
5098           37    0                  85       3     0 0.3438
5099           71    0                  85      61     1 0.3438
5100           41    0                  85      41     1 0.3438
5101            1    1                  86       1     0 0.6087
5102           76    1                  86      69     1 0.6087
5103           81    0                  86      21     1 0.6087
5104           54    0                  86      65     1 0.6087
5105            7    0                  86       1     0 0.6087
5106           71    0                  86      73     1 0.6087
5107            1    1                  86       1     0 0.6087
5108           75    1                  86      77     1 0.6087
5109           12    1                  86       1     0 0.6087
5110           30    0                  86       1     0 0.6087
5111            1    1                  86       1     0 0.6087
5112           70    1                  86      64     1 0.6087
5113           28    1                  86       1     0 0.6087
5114           34    0                  86      27     1 0.6087
5115           91    0                  86      19     1 0.6087
5116           78    0                  86      86     0 0.6087
5117           45    0                  86      15     0 0.6087
5118           67    1                  86      71     1 0.6087
5119           77    1                  86      63     1 0.6087
5120           90    0                  86      96     1 0.6087
5121            8    1                  86       1     0 0.6087
5122           19    1                  86       4     0 0.6087
5123           84    0                  86      85     1 0.6087
5124           92    1                  86      88     1 0.6087
5125           69    1                  86      67     1 0.6087
5126           85    1                  86      58     1 0.6087
5127            1    1                  86       3     0 0.6087
5128           68    1                  86       2     1 0.6087
5129           32    1                  86       3     0 0.6087
5130           44    0                  86       1     0 0.6087
5131            1    0                  86       1     0 0.6087
5132           39    1                  86      38     0 0.6087
5133           14    0                  86       1     0 0.6087
5134           35    1                  86      81     0 0.6087
5135           34    1                  86       7     0 0.6087
5136           60    1                  86      59     0 0.6087
5137            1    1                  86       1     0 0.6087
5138            1    1                  86       1     0 0.6087
5139           62    0                  86      83     0 0.6087
5140            1    0                  86       1     0 0.6087
5141           71    0                  86      72     1 0.6087
5142           67    1                  86      58     1 0.6087
5143          100    0                  86      94     1 0.6087
5144           78    1                  86      58     0 0.6087
5145           14    0                  86       4     0 0.6087
5146           29    0                  86       1     0 0.6087
5147           71    1                  86      80     1 0.6087
5148            1    0                  86       2     0 0.6087
5149           25    1                  86       1     0 0.6087
5150           41    0                  86      66     1 0.6087
5151          100    0                  86      99     1 0.6087
5152           55    1                  86      77     1 0.6087
5153           80    0                  86      80     1 0.6087
5154          100    0                  86     100     1 0.6087
5155           61    0                  86      63     1 0.6087
5156           55    1                  86      81     1 0.6087
5157          100    0                  86      26     1 0.6087
5158           15    0                  86      80     0 0.6087
5159           63    0                  86      95     1 0.6087
5160           82    0                  86      81     1 0.6087
5161            1    0                  87      22     0 0.6340
5162          100    1                  87     100     1 0.6340
5163           66    1                  87     100     1 0.6340
5164           54    1                  87      59     1 0.6340
5165           50    0                  87      45     0 0.6340
5166           56    0                  87      55     1 0.6340
5167           11    0                  87      16     0 0.6340
5168           31    0                  87      19     1 0.6340
5169            1    0                  87       1     0 0.6340
5170           30    0                  87       1     0 0.6340
5171            1    0                  87       1     0 0.6340
5172           91    1                  87      60     1 0.6340
5173           50    1                  87      41     0 0.6340
5174          100    1                  87     100     1 0.6340
5175           50    0                  87      41     1 0.6340
5176           53    0                  87      26     0 0.6340
5177           36    1                  87       1     0 0.6340
5178           34    1                  87      44     1 0.6340
5179           63    0                  87      51     1 0.6340
5180           73    0                  87      79     1 0.6340
5181           35    0                  87       1     0 0.6340
5182           14    1                  87       1     0 0.6340
5183           54    1                  87      59     1 0.6340
5184           70    1                  87      56     1 0.6340
5185           42    0                  87      61     1 0.6340
5186           57    0                  87       1     1 0.6340
5187           66    1                  87     100     0 0.6340
5188           87    1                  87      80     1 0.6340
5189            1    1                  87       1     0 0.6340
5190           31    0                  87       1     0 0.6340
5191            5    0                  87       1     0 0.6340
5192           14    0                  87      44     0 0.6340
5193            6    0                  87       1     0 0.6340
5194            2    1                  87       1     0 0.6340
5195           36    0                  87      46     0 0.6340
5196           38    0                  87      45     0 0.6340
5197           33    1                  87      41     0 0.6340
5198           58    1                  87      42     0 0.6340
5199           55    0                  87      37     0 0.6340
5200           34    1                  87      40     0 0.6340
5201           57    1                  87      77     1 0.6340
5202          100    1                  87      78     1 0.6340
5203           75    1                  87      58     1 0.6340
5204           55    0                  87      53     0 0.6340
5205           57    1                  87      78     0 0.6340
5206           64    1                  87      55     0 0.6340
5207           98    1                  87      76     1 0.6340
5208           20    0                  87      35     0 0.6340
5209           37    0                  87      35     0 0.6340
5210           72    1                  87      78     1 0.6340
5211           56    1                  87      60     1 0.6340
5212           67    0                  87      70     1 0.6340
5213            1    0                  87       1     1 0.6340
5214           67    1                  87     100     1 0.6340
5215           50    1                  87     100     1 0.6340
5216          100    0                  87     100     1 0.6340
5217           71    0                  87      66     1 0.6340
5218           53    0                  87      38     0 0.6340
5219           59    1                  87      97     1 0.6340
5220           90    1                  87      79     1 0.6340
5221           57    0                  88      70     0 0.4997
5222           64    0                  88      71     1 0.4997
5223           83    1                  88      79     1 0.4997
5224          100    0                  88      98     1 0.4997
5225           77    0                  88      80     0 0.4997
5226           64    0                  88      78     1 0.4997
5227           57    0                  88      78     0 0.4997
5228           72    1                  88      73     1 0.4997
5229           26    1                  88      77     0 0.4997
5230           18    0                  88      20     0 0.4997
5231           65    0                  88      17     0 0.4997
5232           88    1                  88      70     1 0.4997
5233            6    1                  88      82     0 0.4997
5234           40    0                  88      16     1 0.4997
5235           69    1                  88      82     1 0.4997
5236           78    1                  88      79     0 0.4997
5237           66    1                  88      74     0 0.4997
5238           88    0                  88      22     1 0.4997
5239           72    0                  88      81     1 0.4997
5240           65    1                  88      72     1 0.4997
5241           14    0                  88      34     0 0.4997
5242           98    0                  88      83     0 0.4997
5243           80    1                  88      79     1 0.4997
5244           97    0                  88      78     1 0.4997
5245           80    1                  88      72     1 0.4997
5246           59    0                  88      42     1 0.4997
5247           61    0                  88      83     0 0.4997
5248           84    0                  88      71     1 0.4997
5249           84    0                  88      77     0 0.4997
5250           35    1                  88      83     0 0.4997
5251           93    1                  88      76     0 0.4997
5252           64    0                  88      64     0 0.4997
5253           82    1                  88      84     0 0.4997
5254           87    1                  88      77     0 0.4997
5255           79    1                  88      79     0 0.4997
5256           26    1                  88      60     0 0.4997
5257           32    1                  88      78     0 0.4997
5258           32    0                  88      21     0 0.4997
5259           92    1                  88      81     0 0.4997
5260           43    1                  88      29     0 0.4997
5261           73    1                  88      70     1 0.4997
5262           81    0                  88      78     1 0.4997
5263           98    0                  88      82     1 0.4997
5264           75    1                  88      78     0 0.4997
5265           69    0                  88      78     0 0.4997
5266           30    1                  88      66     0 0.4997
5267           75    1                  88      74     1 0.4997
5268           72    0                  88      89     0 0.4997
5269           28    1                  88      79     0 0.4997
5270           92    0                  88      88     1 0.4997
5271           74    1                  88      81     1 0.4997
5272           71    0                  88      67     1 0.4997
5273           32    0                  88      73     1 0.4997
5274           89    1                  88      78     1 0.4997
5275           68    1                  88      39     1 0.4997
5276           79    0                  88      71     1 0.4997
5277           90    0                  88      84     1 0.4997
5278           17    0                  88      72     0 0.4997
5279           74    1                  88      83     1 0.4997
5280           59    1                  88      84     1 0.4997
5281            1    1                  89      53     0 0.8247
5282           96    1                  89      60     1 0.8247
5283           61    0                  89      43     1 0.8247
5284          100    0                  89      81     1 0.8247
5285           69    0                  89      76     0 0.8247
5286           80    0                  89      96     1 0.8247
5287           87    0                  89      62     0 0.8247
5288           81    0                  89      81     1 0.8247
5289           41    1                  89      26     0 0.8247
5290            1    0                  89      56     0 0.8247
5291           60    1                  89      96     0 0.8247
5292           80    0                  89      72     1 0.8247
5293           43    0                  89      22     0 0.8247
5294           96    0                  89      81     1 0.8247
5295          100    0                  89      81     1 0.8247
5296           99    0                  89      42     0 0.8247
5297           78    1                  89      63     0 0.8247
5298           62    0                  89      90     1 0.8247
5299           97    1                  89      89     1 0.8247
5300           97    0                  89      80     1 0.8247
5301            1    0                  89      77     0 0.8247
5302           92    0                  89      41     0 0.8247
5303           91    1                  89      81     1 0.8247
5304           97    1                  89      89     1 0.8247
5305           90    0                  89      43     1 0.8247
5306          100    1                  89      80     1 0.8247
5307           40    1                  89      59     0 0.8247
5308          100    0                  89      61     1 0.8247
5309           63    0                  89      41     0 0.8247
5310           81    1                  89      44     0 0.8247
5311            1    1                  89      87     0 0.8247
5312           61    1                  89      81     0 0.8247
5313           62    1                  89      53     0 0.8247
5314           60    0                  89      31     0 0.8247
5315           63    0                  89      41     0 0.8247
5316           99    1                  89      81     0 0.8247
5317           61    0                  89      75     0 0.8247
5318          100    1                  89      76     0 0.8247
5319          100    1                  89      79     0 0.8247
5320           78    1                  89      63     0 0.8247
5321           77    0                  89      80     1 0.8247
5322          100    0                  89      61     1 0.8247
5323           97    0                  89      98     1 0.8247
5324           41    0                  89      41     0 0.8247
5325           87    0                  89      42     0 0.8247
5326           22    1                  89      59     0 0.8247
5327          100    1                  89      75     1 0.8247
5328           25    1                  89      20     0 0.8247
5329            2    1                  89      22     0 0.8247
5330           80    1                  89      96     1 0.8247
5331           97    0                  89      55     1 0.8247
5332           90    0                  89      61     1 0.8247
5333           83    1                  89      79     1 0.8247
5334           99    0                  89      79     1 0.8247
5335           65    1                  89      61     1 0.8247
5336           98    1                  89      73     1 0.8247
5337          100    1                  89      61     1 0.8247
5338           60    1                  89      40     0 0.8247
5339           99    1                  89      72     1 0.8247
5340           81    1                  89      65     1 0.8247
5341            7    0                  90      42     0 0.5885
5342           96    1                  90      96     1 0.5885
5343           61    1                  90      81     1 0.5885
5344           94    1                  90      96     1 0.5885
5345           62    1                  90      63     0 0.5885
5346           82    1                  90      80     1 0.5885
5347           20    0                  90       3     0 0.5885
5348           60    1                  90      58     1 0.5885
5349            2    0                  90       2     0 0.5885
5350           98    1                  90      97     0 0.5885
5351           62    0                  90       2     0 0.5885
5352           24    0                  90      40     1 0.5885
5353           98    1                  90      63     0 0.5885
5354           23    0                  90      19     1 0.5885
5355           96    1                  90      80     1 0.5885
5356           97    1                  90      81     0 0.5885
5357           41    1                  90      39     0 0.5885
5358           39    0                  90      59     1 0.5885
5359           63    1                  90      80     1 0.5885
5360           62    1                  90      62     1 0.5885
5361           23    0                  90       1     0 0.5885
5362           76    1                  90      62     0 0.5885
5363            8    1                  90      61     1 0.5885
5364          100    0                  90      97     1 0.5885
5365           63    0                  90      97     1 0.5885
5366           62    0                  90      63     1 0.5885
5367           38    1                  90       3     0 0.5885
5368           62    1                  90      63     1 0.5885
5369            3    1                  90       2     0 0.5885
5370            5    1                  90       3     0 0.5885
5371            2    0                  90       2     0 0.5885
5372           43    0                  90      82     0 0.5885
5373           40    1                  90       4     0 0.5885
5374            3    0                  90       1     0 0.5885
5375           22    0                  90       1     0 0.5885
5376           21    0                  90       5     0 0.5885
5377           41    1                  90       4     0 0.5885
5378            5    0                  90       2     0 0.5885
5379           60    0                  90      61     0 0.5885
5380           63    1                  90      60     0 0.5885
5381           64    1                  90      60     1 0.5885
5382           94    0                  90      79     1 0.5885
5383           96    1                  90      99     1 0.5885
5384           41    1                  90      40     0 0.5885
5385           58    1                  90      80     0 0.5885
5386            5    0                  90       1     0 0.5885
5387           97    0                  90      80     1 0.5885
5388            5    0                  90       4     0 0.5885
5389            6    0                  90      42     0 0.5885
5390           80    0                  90      97     1 0.5885
5391           96    0                  90      82     1 0.5885
5392           41    0                  90      61     1 0.5885
5393           85    1                  90      62     1 0.5885
5394           99    0                  90      96     1 0.5885
5395           65    0                  90      60     1 0.5885
5396           98    0                  90      98     1 0.5885
5397           96    1                  90      64     1 0.5885
5398           43    1                  90      41     0 0.5885
5399           83    1                  90      98     1 0.5885
5400           60    0                  90      57     1 0.5885
5401            3    0                  91      22     0 0.6667
5402           99    1                  91     100     1 0.6667
5403           65    0                  91      63     1 0.6667
5404           88    0                  91      83     1 0.6667
5405           89    0                  91     100     0 0.6667
5406           65    0                  91     100     1 0.6667
5407           56    0                  91      17     0 0.6667
5408           57    1                  91      30     1 0.6667
5409           60    0                  91      14     0 0.6667
5410           39    0                  91      22     0 0.6667
5411            3    0                  91       3     0 0.6667
5412           76    0                  91      11     1 0.6667
5413            3    1                  91      19     0 0.6667
5414           90    1                  91      87     1 0.6667
5415           89    1                  91      72     1 0.6667
5416           89    1                  91      57     0 0.6667
5417            9    0                  91      21     0 0.6667
5418           32    1                  91      30     1 0.6667
5419           73    1                  91      80     1 0.6667
5420           76    0                  91      82     1 0.6667
5421           82    1                  91      54     0 0.6667
5422           89    0                  91      21     0 0.6667
5423           76    1                  91      87     1 0.6667
5424           87    1                  91      76     1 0.6667
5425           56    0                  91      85     1 0.6667
5426           58    1                  91      19     1 0.6667
5427           75    1                  91      13     0 0.6667
5428           80    1                  91      82     1 0.6667
5429            9    0                  91       7     0 0.6667
5430           27    1                  91      17     0 0.6667
5431           21    1                  91      16     0 0.6667
5432           56    0                  91      15     0 0.6667
5433           67    1                  91      19     0 0.6667
5434           14    0                  91      11     0 0.6667
5435           56    0                  91      55     0 0.6667
5436           83    1                  91      19     0 0.6667
5437           36    0                  91      16     0 0.6667
5438           22    1                  91      19     0 0.6667
5439           85    1                  91      87     0 0.6667
5440           33    1                  91      15     0 0.6667
5441           73    0                  91      76     1 0.6667
5442           85    0                  91      13     1 0.6667
5443           91    1                  91      98     1 0.6667
5444           64    0                  91      17     0 0.6667
5445           85    0                  91      80     0 0.6667
5446           61    0                  91      22     0 0.6667
5447           97    0                  91      74     1 0.6667
5448           20    1                  91      17     0 0.6667
5449            4    1                  91      17     0 0.6667
5450           36    0                  91      37     1 0.6667
5451           73    1                  91      73     1 0.6667
5452           73    1                  91      78     1 0.6667
5453           61    1                  91      37     1 0.6667
5454           84    0                  91      80     1 0.6667
5455           68    1                  91      24     1 0.6667
5456           86    0                  91      81     1 0.6667
5457           89    1                  91      16     1 0.6667
5458           38    1                  91      20     0 0.6667
5459           66    0                  91      89     1 0.6667
5460           61    0                  91      22     1 0.6667
5461           23    0                  92       2     0 0.6177
5462           57    0                  92       8     1 0.6177
5463           64    0                  92      18     1 0.6177
5464           77    1                  92      12     1 0.6177
5465           55    0                  92       2     0 0.6177
5466           55    0                  92      31     1 0.6177
5467           47    1                  92      13     0 0.6177
5468           60    1                  92      13     1 0.6177
5469           54    1                  92      10     0 0.6177
5470           51    0                  92       8     0 0.6177
5471           52    1                  92       6     0 0.6177
5472           90    1                  92      17     1 0.6177
5473           45    0                  92       3     0 0.6177
5474           68    1                  92      13     1 0.6177
5475           61    1                  92       5     1 0.6177
5476           42    0                  92       4     0 0.6177
5477           42    0                  92       8     0 0.6177
5478           62    1                  92      13     1 0.6177
5479           74    1                  92      18     1 0.6177
5480           69    0                  92      16     1 0.6177
5481           12    0                  92       1     0 0.6177
5482           61    0                  92      12     0 0.6177
5483           67    1                  92      19     1 0.6177
5484           76    0                  92       3     1 0.6177
5485           62    0                  92       6     1 0.6177
5486           77    1                  92      11     1 0.6177
5487           11    1                  92       1     0 0.6177
5488           43    1                  92       1     1 0.6177
5489           22    0                  92       1     0 0.6177
5490           20    1                  92       1     0 0.6177
5491           17    0                  92       1     0 0.6177
5492           50    0                  92       3     0 0.6177
5493           53    0                  92       1     0 0.6177
5494           51    0                  92       1     0 0.6177
5495           41    0                  92       5     0 0.6177
5496           61    0                  92      15     0 0.6177
5497           45    0                  92       7     0 0.6177
5498           41    0                  92       1     0 0.6177
5499           64    1                  92      12     0 0.6177
5500           54    0                  92       4     0 0.6177
5501           71    1                  92       7     1 0.6177
5502           93    1                  92      10     1 0.6177
5503           96    1                  92       7     1 0.6177
5504           48    0                  92       3     0 0.6177
5505           55    1                  92       1     0 0.6177
5506           71    0                  92      20     0 0.6177
5507           59    0                  92       1     1 0.6177
5508           40    1                  92       5     0 0.6177
5509           24    1                  92       6     0 0.6177
5510           62    1                  92      11     1 0.6177
5511           63    0                  92      14     1 0.6177
5512           46    1                  92       5     1 0.6177
5513           56    0                  92       3     1 0.6177
5514           87    1                  92       6     1 0.6177
5515           56    1                  92       6     1 0.6177
5516           81    1                  92       3     1 0.6177
5517           97    1                  92       5     1 0.6177
5518           61    1                  92       6     0 0.6177
5519           79    0                  92      12     1 0.6177
5520           41    1                  92       2     1 0.6177
5521           81    0                  93       1     0 0.6656
5522           75    0                  93       1     1 0.6656
5523           42    0                  93      19     1 0.6656
5524           71    0                  93       1     1 0.6656
5525           57    1                  93       1     0 0.6656
5526           64    0                  93       1     1 0.6656
5527           40    0                  93       1     0 0.6656
5528           66    1                  93       1     1 0.6656
5529           17    1                  93       1     0 0.6656
5530           77    0                  93       1     0 0.6656
5531           23    0                  93       1     0 0.6656
5532           62    0                  93       1     1 0.6656
5533           50    1                  93       1     0 0.6656
5534            6    0                  93       1     1 0.6656
5535           92    0                  93       1     1 0.6656
5536           90    1                  93      22     0 0.6656
5537           61    0                  93       1     0 0.6656
5538           54    1                  93       1     1 0.6656
5539           88    0                  93       1     1 0.6656
5540           94    1                  93      42     1 0.6656
5541           45    0                  93       1     0 0.6656
5542           94    1                  93       1     0 0.6656
5543           79    1                  93      23     1 0.6656
5544           79    1                  93       1     1 0.6656
5545           72    1                  93      22     1 0.6656
5546           60    1                  93       1     1 0.6656
5547           34    1                  93       1     0 0.6656
5548          100    0                  93      22     1 0.6656
5549           87    0                  93       1     0 0.6656
5550           68    1                  93       1     0 0.6656
5551           15    0                  93       1     0 0.6656
5552           62    0                  93       1     0 0.6656
5553           74    0                  93       1     0 0.6656
5554           29    1                  93       1     0 0.6656
5555           41    0                  93       1     0 0.6656
5556           68    0                  93       1     0 0.6656
5557           54    1                  93       1     0 0.6656
5558           62    1                  93       1     0 0.6656
5559           62    0                  93       1     0 0.6656
5560           17    1                  93       1     0 0.6656
5561           80    0                  93       1     1 0.6656
5562           91    1                  93       1     1 0.6656
5563           86    0                  93       1     1 0.6656
5564           81    0                  93       1     0 0.6656
5565           86    1                  93       1     0 0.6656
5566           11    1                  93       1     0 0.6656
5567           68    0                  93       1     1 0.6656
5568           63    1                  93       1     0 0.6656
5569           22    1                  93       1     0 0.6656
5570           79    1                  93      21     1 0.6656
5571           87    1                  93       1     1 0.6656
5572           54    1                  93       1     1 0.6656
5573           54    1                  93       1     1 0.6656
5574           95    1                  93       1     1 0.6656
5575           62    0                  93       1     1 0.6656
5576           73    0                  93       1     1 0.6656
5577           83    0                  93       1     1 0.6656
5578           53    1                  93       1     0 0.6656
5579           82    1                  93       1     1 0.6656
5580           82    0                  93       1     1 0.6656
5581            1    0                  94       1     0 0.3104
5582            1    0                  94       1     1 0.3104
5583          100    0                  94       1     1 0.3104
5584          100    0                  94       1     1 0.3104
5585            1    0                  94       1     0 0.3104
5586            1    0                  94       1     1 0.3104
5587            1    0                  94       1     0 0.3104
5588            1    0                  94       1     1 0.3104
5589            2    1                  94       1     0 0.3104
5590            1    0                  94       1     0 0.3104
5591          100    0                  94       1     0 0.3104
5592          100    0                  94       1     1 0.3104
5593            1    1                  94       1     0 0.3104
5594           51    0                  94       1     1 0.3104
5595            1    1                  94       1     1 0.3104
5596          100    1                  94       1     0 0.3104
5597            1    0                  94       1     0 0.3104
5598           50    1                  94       1     1 0.3104
5599            1    1                  94       1     1 0.3104
5600          100    1                  94       1     1 0.3104
5601            1    0                  94       1     0 0.3104
5602            1    0                  94       1     0 0.3104
5603          100    1                  94       1     1 0.3104
5604          100    0                  94       1     1 0.3104
5605          100    0                  94       1     1 0.3104
5606          100    0                  94       1     1 0.3104
5607            1    1                  94       1     0 0.3104
5608          100    1                  94       1     1 0.3104
5609            1    1                  94       1     0 0.3104
5610            1    1                  94       1     0 0.3104
5611            1    1                  94       1     0 0.3104
5612           50    1                  94       1     0 0.3104
5613            1    1                  94       1     0 0.3104
5614            1    1                  94       1     0 0.3104
5615            1    0                  94       1     0 0.3104
5616            1    1                  94       1     0 0.3104
5617           50    0                  94       1     0 0.3104
5618            2    1                  94       1     0 0.3104
5619          100    0                  94       1     0 0.3104
5620            1    0                  94       1     0 0.3104
5621          100    1                  94       1     1 0.3104
5622          100    1                  94       1     1 0.3104
5623          100    0                  94       1     1 0.3104
5624          100    0                  94       1     0 0.3104
5625          100    1                  94       1     0 0.3104
5626            1    1                  94       1     0 0.3104
5627          100    1                  94       1     1 0.3104
5628            1    0                  94       1     0 0.3104
5629            1    0                  94       1     0 0.3104
5630           76    0                  94       1     1 0.3104
5631          100    1                  94       1     1 0.3104
5632            1    0                  94       1     1 0.3104
5633            1    0                  94       1     1 0.3104
5634          100    1                  94       1     1 0.3104
5635          100    1                  94       1     1 0.3104
5636          100    1                  94       1     1 0.3104
5637          100    1                  94       1     1 0.3104
5638            1    1                  94       1     0 0.3104
5639          100    1                  94       1     1 0.3104
5640          100    0                  94       1     1 0.3104
5641            1    0                  95       1     0 0.1719
5642          100    1                  95      63     1 0.1719
5643           78    0                  95      64     1 0.1719
5644           80    1                  95      82     1 0.1719
5645           63    0                  95       2     0 0.1719
5646          100    1                  95     100     1 0.1719
5647           21    1                  95       1     0 0.1719
5648           81    1                  95      62     1 0.1719
5649           39    0                  95       2     0 0.1719
5650           41    0                  95       2     0 0.1719
5651            1    1                  95       1     0 0.1719
5652          100    1                  95      61     1 0.1719
5653            1    0                  95       1     0 0.1719
5654           93    0                  95      21     1 0.1719
5655          100    0                  95     100     1 0.1719
5656           62    0                  95       2     0 0.1719
5657          100    1                  95      64     0 0.1719
5658           79    0                  95       1     1 0.1719
5659           92    0                  95      62     1 0.1719
5660           79    0                  95     100     1 0.1719
5661           79    1                  95       1     0 0.1719
5662          100    0                  95      60     0 0.1719
5663          100    0                  95     100     1 0.1719
5664          100    1                  95      62     1 0.1719
5665           93    0                  95      81     1 0.1719
5666          100    1                  95      82     1 0.1719
5667           81    1                  95       1     0 0.1719
5668          100    0                  95      22     1 0.1719
5669           61    0                  95       1     0 0.1719
5670            1    1                  95       1     0 0.1719
5671            1    1                  95       1     0 0.1719
5672           61    1                  95       2     0 0.1719
5673          100    1                  95     100     0 0.1719
5674           43    0                  95       5     0 0.1719
5675           41    1                  95      22     0 0.1719
5676           79    0                  95      60     0 0.1719
5677           65    0                  95       1     0 0.1719
5678           20    0                  95       1     0 0.1719
5679           81    0                  95      20     0 0.1719
5680           17    1                  95       1     0 0.1719
5681          100    1                  95      80     1 0.1719
5682          100    0                  95     100     1 0.1719
5683          100    0                  95      81     1 0.1719
5684           91    1                  95      61     0 0.1719
5685           79    1                  95      61     0 0.1719
5686           62    1                  95       1     0 0.1719
5687           79    1                  95      81     1 0.1719
5688          100    1                  95      80     0 0.1719
5689            1    0                  95       1     0 0.1719
5690          100    0                  95     100     1 0.1719
5691          100    1                  95     100     1 0.1719
5692           81    0                  95      61     1 0.1719
5693           60    1                  95       1     1 0.1719
5694          100    1                  95     100     1 0.1719
5695          100    0                  95      62     1 0.1719
5696          100    1                  95     100     1 0.1719
5697          100    1                  95       1     1 0.1719
5698          100    1                  95      82     0 0.1719
5699          100    0                  95      87     1 0.1719
5700          100    0                  95      63     1 0.1719
5701            1    1                  96      27     0 0.7750
5702           74    0                  96      60     1 0.7750
5703           68    1                  96      61     1 0.7750
5704           77    1                  96      76     1 0.7750
5705           35    0                  96      56     0 0.7750
5706           21    0                  96      19     1 0.7750
5707            5    0                  96       1     0 0.7750
5708           57    1                  96      83     1 0.7750
5709           72    1                  96      22     0 0.7750
5710           25    0                  96       2     0 0.7750
5711           60    0                  96      57     0 0.7750
5712           82    0                  96      40     1 0.7750
5713            6    0                  96       1     0 0.7750
5714           40    0                  96      41     1 0.7750
5715           93    1                  96      82     1 0.7750
5716           71    1                  96      63     0 0.7750
5717           20    0                  96       1     0 0.7750
5718           82    1                  96      76     1 0.7750
5719           72    0                  96      80     1 0.7750
5720           68    0                  96      80     1 0.7750
5721           11    0                  96       5     0 0.7750
5722           96    1                  96      63     0 0.7750
5723           44    0                  96      11     1 0.7750
5724           60    0                  96      41     1 0.7750
5725          100    1                  96      88     1 0.7750
5726           56    1                  96      58     1 0.7750
5727           95    1                  96      72     0 0.7750
5728           90    0                  96       7     1 0.7750
5729           55    0                  96       1     0 0.7750
5730           18    0                  96       1     0 0.7750
5731           57    0                  96      18     0 0.7750
5732           88    1                  96      67     0 0.7750
5733           91    1                  96      61     0 0.7750
5734           18    1                  96      14     0 0.7750
5735           14    0                  96       8     0 0.7750
5736           20    1                  96      17     0 0.7750
5737           46    0                  96      28     0 0.7750
5738           76    1                  96      59     0 0.7750
5739           91    1                  96      60     0 0.7750
5740           77    1                  96      58     0 0.7750
5741           66    0                  96      78     1 0.7750
5742           79    0                  96      24     1 0.7750
5743           91    1                  96      90     1 0.7750
5744           31    0                  96      23     0 0.7750
5745           85    1                  96      74     0 0.7750
5746           29    1                  96      40     0 0.7750
5747           80    0                  96      73     1 0.7750
5748           57    0                  96      57     0 0.7750
5749            1    1                  96       1     0 0.7750
5750           80    1                  96     100     1 0.7750
5751           90    0                  96     100     1 0.7750
5752           44    0                  96      59     1 0.7750
5753           17    0                  96      21     1 0.7750
5754           81    1                  96      62     1 0.7750
5755           36    1                  96      41     1 0.7750
5756           92    0                  96      61     1 0.7750
5757          100    1                  96      60     1 0.7750
5758           63    1                  96      81     0 0.7750
5759           68    1                  96      60     1 0.7750
5760           90    1                  96      81     1 0.7750
5761           93    1                  97       2     0 0.4354
5762          100    1                  97       3     1 0.4354
5763          100    1                  97      54     1 0.4354
5764           90    0                  97      12     1 0.4354
5765           86    1                  97      79     0 0.4354
5766           95    1                  97       2     1 0.4354
5767           21    0                  97       2     0 0.4354
5768            2    1                  97       2     1 0.4354
5769           68    1                  97       2     0 0.4354
5770           78    0                  97       1     0 0.4354
5771            1    1                  97       1     0 0.4354
5772          100    1                  97      42     1 0.4354
5773            1    0                  97      74     0 0.4354
5774          100    0                  97       1     1 0.4354
5775           69    0                  97      90     1 0.4354
5776          100    0                  97       1     0 0.4354
5777            8    0                  97      20     0 0.4354
5778          100    0                  97       1     1 0.4354
5779          100    0                  97      54     1 0.4354
5780           78    0                  97       2     1 0.4354
5781            2    1                  97       1     0 0.4354
5782            1    0                  97       1     0 0.4354
5783           88    0                  97      12     1 0.4354
5784           85    1                  97       5     1 0.4354
5785          100    0                  97       4     1 0.4354
5786          100    1                  97       3     1 0.4354
5787           73    1                  97       1     0 0.4354
5788          100    1                  97       1     1 0.4354
5789           59    0                  97       2     0 0.4354
5790           75    1                  97       2     0 0.4354
5791            1    1                  97       1     0 0.4354
5792          100    0                  97       2     0 0.4354
5793           74    0                  97       1     0 0.4354
5794           87    0                  97       2     0 0.4354
5795            9    0                  97       1     0 0.4354
5796           80    1                  97      37     0 0.4354
5797            1    1                  97       4     0 0.4354
5798           67    0                  97       3     0 0.4354
5799           86    0                  97      76     0 0.4354
5800            1    1                  97       3     0 0.4354
5801           92    1                  97       4     1 0.4354
5802          100    1                  97       8     1 0.4354
5803          100    1                  97       1     1 0.4354
5804           34    1                  97       2     0 0.4354
5805           83    0                  97      30     0 0.4354
5806           31    1                  97       2     0 0.4354
5807           81    1                  97      26     1 0.4354
5808           87    0                  97       3     0 0.4354
5809            8    1                  97       1     0 0.4354
5810           97    0                  97      76     1 0.4354
5811           98    0                  97      33     1 0.4354
5812           61    1                  97       1     1 0.4354
5813           73    1                  97      62     1 0.4354
5814            1    0                  97       4     1 0.4354
5815           63    0                  97       7     1 0.4354
5816           98    0                  97      51     1 0.4354
5817          100    0                  97       3     1 0.4354
5818           14    1                  97       2     0 0.4354
5819          100    0                  97       1     1 0.4354
5820           95    1                  97      64     1 0.4354
5821           24    0                  98       2     0 0.7010
5822           61    0                  98      64     1 0.7010
5823           97    0                  98      82     1 0.7010
5824           61    0                  98      61     1 0.7010
5825           81    1                  98      81     0 0.7010
5826           84    1                  98      99     1 0.7010
5827           21    1                  98       5     0 0.7010
5828           40    1                  98      20     1 0.7010
5829            8    0                  98       2     0 0.7010
5830            4    0                  98       3     0 0.7010
5831            7    1                  98       1     0 0.7010
5832           62    1                  98     100     1 0.7010
5833           61    0                  98      60     0 0.7010
5834            4    1                  98       3     1 0.7010
5835           84    1                  98     100     1 0.7010
5836           79    0                  98      62     0 0.7010
5837           40    1                  98      21     0 0.7010
5838           65    1                  98      61     1 0.7010
5839           80    1                  98      62     1 0.7010
5840           84    0                  98      62     1 0.7010
5841            3    0                  98       3     0 0.7010
5842           83    0                  98     100     0 0.7010
5843           80    1                  98      63     1 0.7010
5844           81    0                  98      99     1 0.7010
5845           97    1                  98      99     1 0.7010
5846           84    0                  98      82     1 0.7010
5847           61    1                  98      62     0 0.7010
5848           96    0                  98     100     1 0.7010
5849           20    0                  98       2     0 0.7010
5850            5    0                  98       4     0 0.7010
5851           60    1                  98      61     0 0.7010
5852           61    0                  98      60     0 0.7010
5853           60    0                  98      42     0 0.7010
5854            4    1                  98       2     0 0.7010
5855           43    1                  98       3     0 0.7010
5856           61    0                  98      81     0 0.7010
5857           40    0                  98      23     0 0.7010
5858           20    1                  98       3     0 0.7010
5859           59    0                  98      62     0 0.7010
5860           40    0                  98       2     0 0.7010
5861           77    1                  98      61     1 0.7010
5862          100    1                  98      81     1 0.7010
5863           99    0                  98      99     1 0.7010
5864           62    0                  98      61     0 0.7010
5865           80    1                  98      99     0 0.7010
5866           62    1                  98      62     0 0.7010
5867           57    1                  98      40     1 0.7010
5868           79    0                  98      58     0 0.7010
5869            6    0                  98       2     0 0.7010
5870           97    1                  98     100     1 0.7010
5871           97    0                  98     100     1 0.7010
5872           81    0                  98      82     1 0.7010
5873           42    1                  98       4     1 0.7010
5874           98    1                  98     100     1 0.7010
5875           63    1                  98      62     1 0.7010
5876           98    1                  98     100     1 0.7010
5877          100    1                  98      97     1 0.7010
5878           80    0                  98      60     0 0.7010
5879           96    0                  98      82     1 0.7010
5880           98    1                  98      99     1 0.7010
5881           28    0                  99       1     0 0.9479
5882           78    1                  99       1     1 0.9479
5883           87    1                  99      90     1 0.9479
5884           32    0                  99       1     1 0.9479
5885           38    1                  99       1     0 0.9479
5886           43    1                  99      16     1 0.9479
5887           63    1                  99       1     0 0.9479
5888           19    0                  99       1     1 0.9479
5889           40    0                  99       1     0 0.9479
5890           28    1                  99       1     0 0.9479
5891           24    0                  99       1     0 0.9479
5892           37    1                  99       1     1 0.9479
5893           42    1                  99       1     0 0.9479
5894           58    0                  99       1     1 0.9479
5895           94    1                  99       1     1 0.9479
5896           92    1                  99       2     0 0.9479
5897           81    0                  99       1     0 0.9479
5898           59    0                  99       1     1 0.9479
5899           83    0                  99       1     1 0.9479
5900           89    0                  99       1     1 0.9479
5901           18    0                  99      15     0 0.9479
5902           20    1                  99      58     0 0.9479
5903           86    1                  99      91     1 0.9479
5904           88    0                  99       1     1 0.9479
5905           82    1                  99      42     1 0.9479
5906           63    1                  99       2     1 0.9479
5907           56    1                  99       1     0 0.9479
5908           72    1                  99      63     1 0.9479
5909           15    0                  99       1     0 0.9479
5910           41    1                  99       1     0 0.9479
5911           59    0                  99       1     0 0.9479
5912           56    0                  99       1     0 0.9479
5913           23    0                  99       1     0 0.9479
5914           58    1                  99       1     0 0.9479
5915           65    1                  99       1     0 0.9479
5916           76    1                  99      19     0 0.9479
5917           27    0                  99       1     0 0.9479
5918           26    1                  99       1     0 0.9479
5919           92    0                  99       1     0 0.9479
5920           28    1                  99       1     0 0.9479
5921           69    1                  99       2     1 0.9479
5922           94    0                  99       2     1 0.9479
5923           80    0                  99       1     1 0.9479
5924           40    1                  99       1     0 0.9479
5925           62    0                  99       1     0 0.9479
5926           61    1                  99       1     0 0.9479
5927           69    0                  99       1     1 0.9479
5928           38    0                  99       1     0 0.9479
5929           40    0                  99       1     0 0.9479
5930           94    1                  99      81     1 0.9479
5931           85    1                  99      64     1 0.9479
5932           61    0                  99       1     1 0.9479
5933           61    0                  99       1     1 0.9479
5934           92    1                  99       1     1 0.9479
5935           80    1                  99       1     1 0.9479
5936           84    0                  99       2     1 0.9479
5937           94    1                  99       2     1 0.9479
5938           41    0                  99       1     0 0.9479
5939           92    0                  99      20     1 0.9479
5940           44    0                  99       2     1 0.9479
5941            1    0                 100       1     0 0.6375
5942           84    0                 100      75     1 0.6375
5943           99    1                 100      82     1 0.6375
5944          100    0                 100      88     1 0.6375
5945           52    1                 100      24     0 0.6375
5946           88    0                 100      81     1 0.6375
5947           59    1                 100      34     0 0.6375
5948           69    0                 100      62     1 0.6375
5949           60    0                 100      46     0 0.6375
5950           19    0                 100       7     0 0.6375
5951           10    0                 100       1     0 0.6375
5952           85    0                 100      22     1 0.6375
5953           77    1                 100      12     0 0.6375
5954           70    1                 100      37     1 0.6375
5955           76    0                 100      76     1 0.6375
5956           50    0                 100      49     0 0.6375
5957           71    1                 100      39     0 0.6375
5958           60    0                 100      20     1 0.6375
5959          100    1                 100      75     1 0.6375
5960           88    0                 100      69     1 0.6375
5961            3    0                 100       6     0 0.6375
5962           76    1                 100      15     0 0.6375
5963           99    1                 100      76     1 0.6375
5964           86    1                 100      74     1 0.6375
5965           87    0                 100      71     1 0.6375
5966           17    0                 100      11     1 0.6375
5967           82    1                 100      65     0 0.6375
5968           47    0                 100       8     1 0.6375
5969           54    1                 100      21     0 0.6375
5970           54    1                 100      10     0 0.6375
5971            3    1                 100       6     0 0.6375
5972           22    1                 100      33     0 0.6375
5973           63    0                 100      44     0 0.6375
5974           25    0                 100       7     0 0.6375
5975           17    1                 100      11     0 0.6375
5976           61    1                 100      40     0 0.6375
5977            4    0                 100       6     0 0.6375
5978           50    0                 100      12     0 0.6375
5979           79    1                 100      62     0 0.6375
5980            3    0                 100      10     0 0.6375
5981           65    0                 100      39     1 0.6375
5982           87    1                 100      75     1 0.6375
5983           87    1                 100      43     1 0.6375
5984           50    0                 100       4     0 0.6375
5985           74    0                 100      20     0 0.6375
5986           55    1                 100      13     0 0.6375
5987           71    1                 100       6     1 0.6375
5988           47    0                 100      10     0 0.6375
5989           18    1                 100       6     0 0.6375
5990           67    0                 100      67     1 0.6375
5991           91    1                 100      83     1 0.6375
5992           86    0                 100      82     1 0.6375
5993           61    1                 100      24     1 0.6375
5994          100    0                 100      70     1 0.6375
5995           84    1                 100      61     1 0.6375
5996           89    1                 100      83     1 0.6375
5997           88    1                 100      21     1 0.6375
5998           87    1                 100      60     0 0.6375
5999           91    1                 100     100     1 0.6375
6000           91    0                 100      91     1 0.6375
6001           60    0                 101       1     0 0.7431
6002           60    0                 101      71     1 0.7431
6003           60    0                 101      41     1 0.7431
6004           61    1                 101      91     1 0.7431
6005           41    0                 101       2     0 0.7431
6006           61    0                 101       1     1 0.7431
6007            2    1                 101       1     0 0.7431
6008           39    1                 101      32     1 0.7431
6009            4    0                 101       2     0 0.7431
6010            3    0                 101       1     0 0.7431
6011           58    0                 101      21     0 0.7431
6012           41    1                 101      64     1 0.7431
6013           41    1                 101      44     0 0.7431
6014           99    1                 101      76     1 0.7431
6015           97    1                 101     100     1 0.7431
6016            6    0                 101      42     0 0.7431
6017            3    0                 101       1     0 0.7431
6018           97    1                 101      60     1 0.7431
6019           80    1                 101      78     1 0.7431
6020           82    0                 101      54     1 0.7431
6021            2    1                 101       1     0 0.7431
6022            1    0                 101       1     0 0.7431
6023           59    0                 101      40     1 0.7431
6024           59    1                 101      81     1 0.7431
6025           83    1                 101      80     1 0.7431
6026           59    1                 101      61     1 0.7431
6027            3    1                 101       1     0 0.7431
6028          100    0                 101     100     1 0.7431
6029            3    0                 101      41     0 0.7431
6030            3    1                 101       1     0 0.7431
6031            2    1                 101       1     0 0.7431
6032           97    0                 101      82     0 0.7431
6033            3    0                 101       1     0 0.7431
6034            5    0                 101       1     0 0.7431
6035            3    1                 101       1     0 0.7431
6036           61    0                 101      60     0 0.7431
6037            2    0                 101       1     0 0.7431
6038            4    1                 101       1     0 0.7431
6039           42    1                 101       1     0 0.7431
6040           58    0                 101      14     0 0.7431
6041           60    1                 101      52     1 0.7431
6042           75    1                 101     100     1 0.7431
6043           80    1                 101      61     1 0.7431
6044           23    1                 101       1     0 0.7431
6045           63    0                 101      23     0 0.7431
6046           97    0                 101     100     0 0.7431
6047           61    0                 101       1     1 0.7431
6048            3    0                 101       1     0 0.7431
6049            3    1                 101       1     0 0.7431
6050           61    1                 101      58     1 0.7431
6051           96    0                 101     100     1 0.7431
6052           59    1                 101      58     1 0.7431
6053           60    0                 101      40     1 0.7431
6054           82    1                 101      81     1 0.7431
6055           40    0                 101      63     1 0.7431
6056           79    0                 101     100     1 0.7431
6057           99    0                 101      69     1 0.7431
6058           42    1                 101      32     0 0.7431
6059           81    1                 101     100     1 0.7431
6060           41    1                 101      77     1 0.7431
6061            1    0                 102       1     0 0.6344
6062           97    1                 102      14     1 0.6344
6063           68    0                 102      67     1 0.6344
6064           69    0                 102       1     1 0.6344
6065           80    1                 102      10     0 0.6344
6066           33    0                 102      56     1 0.6344
6067           92    0                 102      79     0 0.6344
6068           21    0                 102       1     1 0.6344
6069           21    0                 102       1     0 0.6344
6070            4    0                 102       1     0 0.6344
6071           43    1                 102       1     0 0.6344
6072           63    1                 102      16     1 0.6344
6073          100    1                 102       1     0 0.6344
6074           86    1                 102       1     1 0.6344
6075           87    1                 102      42     1 0.6344
6076           98    1                 102      84     0 0.6344
6077           99    1                 102      18     0 0.6344
6078           94    1                 102      78     1 0.6344
6079           89    0                 102      86     1 0.6344
6080           97    1                 102      89     1 0.6344
6081           33    0                 102       1     0 0.6344
6082           78    0                 102      69     0 0.6344
6083           78    0                 102      88     1 0.6344
6084           93    1                 102      20     1 0.6344
6085           97    1                 102      97     1 0.6344
6086           98    1                 102      58     1 0.6344
6087           91    1                 102      13     0 0.6344
6088           93    0                 102      26     1 0.6344
6089           97    1                 102      56     0 0.6344
6090           92    0                 102       1     0 0.6344
6091           95    1                 102       1     0 0.6344
6092           67    1                 102      19     0 0.6344
6093           54    0                 102      25     0 0.6344
6094           76    0                 102      13     0 0.6344
6095           88    0                 102      57     0 0.6344
6096           87    0                 102      44     0 0.6344
6097           63    0                 102       1     0 0.6344
6098           31    1                 102      12     0 0.6344
6099          100    1                 102      29     0 0.6344
6100           46    0                 102      17     0 0.6344
6101           94    1                 102      53     1 0.6344
6102          100    0                 102      38     1 0.6344
6103           82    1                 102      39     1 0.6344
6104           96    0                 102       3     0 0.6344
6105           91    1                 102      40     0 0.6344
6106           46    1                 102       2     0 0.6344
6107           93    0                 102      63     1 0.6344
6108           72    1                 102      17     0 0.6344
6109           36    0                 102      36     0 0.6344
6110           64    0                 102      53     1 0.6344
6111           95    1                 102      72     1 0.6344
6112           87    1                 102      39     1 0.6344
6113           41    0                 102      27     1 0.6344
6114           93    1                 102      29     1 0.6344
6115           55    0                 102       6     1 0.6344
6116           90    0                 102     100     1 0.6344
6117          100    0                 102       1     1 0.6344
6118          100    1                 102      68     0 0.6344
6119           83    1                 102      64     1 0.6344
6120           63    0                 102      55     1 0.6344
6121           92    1                 103       3     0 0.5875
6122          100    0                 103      80     1 0.5875
6123           87    1                 103      97     1 0.5875
6124          100    1                 103      22     1 0.5875
6125           46    0                 103       3     0 0.5875
6126           60    1                 103      61     1 0.5875
6127            4    1                 103       2     0 0.5875
6128           78    1                 103       4     1 0.5875
6129           39    1                 103       3     0 0.5875
6130           34    1                 103       2     0 0.5875
6131           25    0                 103       3     0 0.5875
6132           96    0                 103      21     1 0.5875
6133            9    0                 103       4     0 0.5875
6134           61    0                 103       3     1 0.5875
6135          100    1                 103      87     1 0.5875
6136           72    1                 103      80     0 0.5875
6137           62    0                 103       3     0 0.5875
6138           47    1                 103       3     1 0.5875
6139           87    0                 103      21     1 0.5875
6140          100    1                 103      98     1 0.5875
6141           64    0                 103       4     0 0.5875
6142           83    0                 103      41     0 0.5875
6143           80    0                 103      21     1 0.5875
6144           96    1                 103      62     1 0.5875
6145           82    1                 103      99     1 0.5875
6146           67    1                 103      82     1 0.5875
6147           38    0                 103       3     0 0.5875
6148           65    1                 103       3     1 0.5875
6149           18    1                 103       4     0 0.5875
6150            2    1                 103       3     0 0.5875
6151            6    1                 103       3     0 0.5875
6152           11    1                 103       3     0 0.5875
6153           14    0                 103       3     0 0.5875
6154           23    1                 103       2     0 0.5875
6155            4    0                 103       2     0 0.5875
6156           73    0                 103       3     0 0.5875
6157           54    0                 103       3     0 0.5875
6158            9    0                 103       4     0 0.5875
6159           79    1                 103      21     0 0.5875
6160           41    1                 103       2     0 0.5875
6161           98    1                 103      81     1 0.5875
6162           92    1                 103      22     1 0.5875
6163          100    1                 103      82     1 0.5875
6164           82    1                 103       4     0 0.5875
6165           94    0                 103      82     0 0.5875
6166            4    0                 103       3     0 0.5875
6167           99    0                 103      82     1 0.5875
6168           21    0                 103       3     0 0.5875
6169           37    0                 103      41     0 0.5875
6170           89    0                 103      20     1 0.5875
6171           99    1                 103      97     1 0.5875
6172           86    0                 103      21     1 0.5875
6173           81    0                 103       3     1 0.5875
6174           99    1                 103      98     1 0.5875
6175          100    0                 103      39     1 0.5875
6176          100    0                 103      99     1 0.5875
6177          100    0                 103       4     1 0.5875
6178           32    1                 103       3     0 0.5875
6179          100    0                 103      98     1 0.5875
6180           95    0                 103       2     1 0.5875
6181           78    1                 104       1     0 0.5708
6182           70    0                 104       1     1 0.5708
6183           74    1                 104      58     1 0.5708
6184           78    1                 104       1     1 0.5708
6185           60    1                 104       1     0 0.5708
6186           77    1                 104       1     1 0.5708
6187           65    1                 104       1     0 0.5708
6188           63    1                 104       1     1 0.5708
6189            7    1                 104       1     0 0.5708
6190           10    0                 104       1     0 0.5708
6191           13    0                 104       1     0 0.5708
6192           65    0                 104       1     1 0.5708
6193           43    0                 104       1     0 0.5708
6194           22    1                 104       1     1 0.5708
6195           78    0                 104       1     1 0.5708
6196           92    0                 104      60     0 0.5708
6197           75    1                 104       3     0 0.5708
6198           70    1                 104       1     1 0.5708
6199           79    0                 104      57     1 0.5708
6200           76    1                 104      59     1 0.5708
6201           81    0                 104       1     0 0.5708
6202           76    1                 104      19     0 0.5708
6203           81    0                 104       1     1 0.5708
6204           82    0                 104      61     1 0.5708
6205           41    0                 104       1     1 0.5708
6206           76    1                 104      60     1 0.5708
6207           65    1                 104       1     0 0.5708
6208           84    0                 104      60     1 0.5708
6209            9    1                 104       1     0 0.5708
6210           32    1                 104       1     0 0.5708
6211           75    0                 104       1     0 0.5708
6212           60    0                 104       1     0 0.5708
6213           17    0                 104       1     0 0.5708
6214           20    1                 104       1     0 0.5708
6215           31    0                 104       1     0 0.5708
6216           76    1                 104       1     0 0.5708
6217           39    0                 104       1     0 0.5708
6218           58    0                 104      20     0 0.5708
6219           78    1                 104       1     0 0.5708
6220           23    0                 104       1     0 0.5708
6221           72    1                 104       1     1 0.5708
6222           74    0                 104       1     1 0.5708
6223           93    1                 104      59     1 0.5708
6224           82    0                 104       1     0 0.5708
6225           77    0                 104       1     0 0.5708
6226           19    1                 104       1     0 0.5708
6227           82    0                 104       1     1 0.5708
6228           61    1                 104       1     0 0.5708
6229           10    0                 104       1     0 0.5708
6230           56    1                 104       1     1 0.5708
6231           65    0                 104      59     1 0.5708
6232           74    1                 104      60     1 0.5708
6233           26    0                 104       1     1 0.5708
6234           93    0                 104      63     1 0.5708
6235           70    1                 104       1     1 0.5708
6236           72    0                 104      61     1 0.5708
6237           97    1                 104      61     1 0.5708
6238           75    1                 104       1     0 0.5708
6239           81    0                 104       1     1 0.5708
6240           64    1                 104       1     1 0.5708
6241            1    1                 105       1     0 0.5566
6242           94    1                 105       1     1 0.5566
6243           82    1                 105      23     1 0.5566
6244           87    1                 105       1     1 0.5566
6245           39    0                 105      19     0 0.5566
6246           84    0                 105       1     1 0.5566
6247           21    1                 105       1     0 0.5566
6248           62    1                 105       1     1 0.5566
6249           39    0                 105       1     0 0.5566
6250           61    0                 105       1     0 0.5566
6251           12    0                 105       1     0 0.5566
6252           79    0                 105       1     1 0.5566
6253           40    1                 105       1     0 0.5566
6254           50    1                 105       1     1 0.5566
6255           81    1                 105       1     1 0.5566
6256           92    1                 105       1     0 0.5566
6257           44    0                 105       1     0 0.5566
6258           50    0                 105       1     1 0.5566
6259           63    1                 105       1     1 0.5566
6260           68    0                 105       1     1 0.5566
6261           30    0                 105       1     0 0.5566
6262           69    0                 105       1     0 0.5566
6263           84    0                 105       1     1 0.5566
6264           76    0                 105       1     1 0.5566
6265           63    0                 105       1     1 0.5566
6266           82    0                 105       1     1 0.5566
6267           62    1                 105       1     0 0.5566
6268           86    1                 105      19     1 0.5566
6269           50    1                 105       1     0 0.5566
6270           47    1                 105       1     0 0.5566
6271           96    0                 105      64     0 0.5566
6272           87    1                 105       1     0 0.5566
6273           50    1                 105       1     0 0.5566
6274           37    1                 105       1     0 0.5566
6275           21    1                 105       1     0 0.5566
6276           20    1                 105       1     0 0.5566
6277           60    1                 105       1     0 0.5566
6278           38    0                 105       1     0 0.5566
6279           65    0                 105       1     0 0.5566
6280           68    1                 105       1     0 0.5566
6281           47    0                 105       1     1 0.5566
6282           80    1                 105       1     1 0.5566
6283           82    1                 105       1     1 0.5566
6284           90    1                 105       1     0 0.5566
6285           56    0                 105       1     0 0.5566
6286           34    0                 105       1     0 0.5566
6287           50    0                 105       1     1 0.5566
6288           69    1                 105       1     0 0.5566
6289           24    0                 105       1     0 0.5566
6290           59    0                 105       1     1 0.5566
6291           85    1                 105       1     1 0.5566
6292           50    0                 105       1     1 0.5566
6293           40    1                 105       1     1 0.5566
6294          100    0                 105       1     1 0.5566
6295           37    0                 105       1     1 0.5566
6296           93    0                 105       2     1 0.5566
6297           65    0                 105       1     1 0.5566
6298           16    1                 105       1     0 0.5566
6299           88    1                 105       1     1 0.5566
6300           78    0                 105       1     1 0.5566
6301           12    0                 106       1     0 0.7212
6302           80    0                 106      18     1 0.7212
6303          100    0                 106      99     1 0.7212
6304           76    1                 106      40     1 0.7212
6305           37    1                 106      13     0 0.7212
6306           82    1                 106      21     1 0.7212
6307           19    1                 106       1     0 0.7212
6308           54    0                 106       1     1 0.7212
6309            6    0                 106       1     0 0.7212
6310           22    0                 106       1     0 0.7212
6311           43    1                 106       1     0 0.7212
6312           81    0                 106      58     1 0.7212
6313           53    0                 106      17     0 0.7212
6314           79    0                 106      38     1 0.7212
6315           75    0                 106      18     1 0.7212
6316           41    1                 106       1     0 0.7212
6317           52    1                 106       1     0 0.7212
6318           43    1                 106       2     1 0.7212
6319           84    1                 106      43     1 0.7212
6320           84    1                 106      81     1 0.7212
6321            5    0                 106       1     0 0.7212
6322            1    1                 106       1     0 0.7212
6323           85    1                 106      81     1 0.7212
6324           54    0                 106       2     1 0.7212
6325           84    0                 106      81     1 0.7212
6326           55    1                 106       5     1 0.7212
6327           34    0                 106       2     0 0.7212
6328           80    1                 106      60     1 0.7212
6329           14    0                 106       2     0 0.7212
6330           10    1                 106       1     0 0.7212
6331           23    0                 106       1     0 0.7212
6332           18    0                 106       2     0 0.7212
6333            7    1                 106       1     0 0.7212
6334            7    0                 106       2     0 0.7212
6335           19    1                 106       1     0 0.7212
6336           62    1                 106       2     0 0.7212
6337           21    1                 106       1     0 0.7212
6338           22    1                 106       1     0 0.7212
6339           66    1                 106      41     0 0.7212
6340           40    0                 106      22     0 0.7212
6341           76    0                 106      78     1 0.7212
6342           78    1                 106      60     1 0.7212
6343           54    1                 106       7     1 0.7212
6344           23    0                 106       1     0 0.7212
6345           60    1                 106      22     0 0.7212
6346           22    1                 106       2     0 0.7212
6347           95    0                 106      82     1 0.7212
6348           19    0                 106       1     0 0.7212
6349           12    1                 106       1     0 0.7212
6350           81    1                 106      59     1 0.7212
6351           95    0                 106      81     1 0.7212
6352           55    0                 106      15     1 0.7212
6353           40    1                 106       6     1 0.7212
6354           95    0                 106      80     1 0.7212
6355           54    0                 106       3     1 0.7212
6356           63    0                 106      21     1 0.7212
6357           80    1                 106      25     1 0.7212
6358           39    0                 106       2     0 0.7212
6359           77    1                 106      62     1 0.7212
6360           90    0                 106      62     1 0.7212
6361            4    0                 107      60     0 0.5521
6362           61    1                 107      79     1 0.5521
6363           61    1                 107      59     1 0.5521
6364           78    1                 107      81     1 0.5521
6365           20    1                 107      22     0 0.5521
6366           61    0                 107      60     1 0.5521
6367            2    1                 107       2     0 0.5521
6368           39    0                 107       4     1 0.5521
6369           60    1                 107      22     0 0.5521
6370           42    1                 107      20     0 0.5521
6371            4    1                 107       3     0 0.5521
6372           59    1                 107      42     1 0.5521
6373           83    1                 107      62     0 0.5521
6374           22    1                 107       4     1 0.5521
6375           97    1                 107      97     1 0.5521
6376           61    0                 107      81     0 0.5521
6377           59    1                 107      40     0 0.5521
6378           61    0                 107      40     1 0.5521
6379           79    0                 107      40     1 0.5521
6380           79    0                 107      59     1 0.5521
6381            5    0                 107      20     0 0.5521
6382           80    0                 107      62     0 0.5521
6383           21    0                 107      41     1 0.5521
6384           59    1                 107      60     1 0.5521
6385           81    0                 107      61     1 0.5521
6386           80    1                 107      80     1 0.5521
6387           80    1                 107      43     0 0.5521
6388            1    0                 107       3     1 0.5521
6389            4    0                 107       4     0 0.5521
6390           39    1                 107       4     0 0.5521
6391           19    1                 107      21     0 0.5521
6392           19    0                 107      20     0 0.5521
6393           61    0                 107      41     0 0.5521
6394           42    1                 107      41     0 0.5521
6395            4    0                 107       2     0 0.5521
6396           21    1                 107      40     0 0.5521
6397           40    0                 107      19     0 0.5521
6398            4    0                 107       2     0 0.5521
6399           78    0                 107      61     0 0.5521
6400            4    0                 107       2     0 0.5521
6401           80    1                 107      62     1 0.5521
6402           81    1                 107      80     1 0.5521
6403           79    0                 107      81     1 0.5521
6404           40    1                 107      41     0 0.5521
6405           62    1                 107      40     0 0.5521
6406           21    0                 107       4     0 0.5521
6407           99    1                 107      98     1 0.5521
6408            4    0                 107      21     0 0.5521
6409            4    0                 107       4     0 0.5521
6410           78    1                 107      41     1 0.5521
6411           61    0                 107      61     1 0.5521
6412           63    1                 107      60     1 0.5521
6413           40    1                 107      18     1 0.5521
6414           97    0                 107      81     1 0.5521
6415           80    0                 107      60     1 0.5521
6416           79    0                 107      80     1 0.5521
6417          100    0                 107      98     1 0.5521
6418           60    1                 107      41     0 0.5521
6419           80    1                 107      61     1 0.5521
6420           40    0                 107      40     1 0.5521
6421           40    0                 108       6     0 0.7125
6422           84    1                 108      70     1 0.7125
6423           86    1                 108      73     1 0.7125
6424           68    1                 108      67     1 0.7125
6425           56    1                 108      46     0 0.7125
6426           67    1                 108      78     1 0.7125
6427           34    0                 108       7     0 0.7125
6428           47    1                 108      69     1 0.7125
6429           27    1                 108       6     0 0.7125
6430           38    0                 108       3     0 0.7125
6431           30    1                 108       4     0 0.7125
6432           66    0                 108      77     1 0.7125
6433           83    0                 108       4     0 0.7125
6434           66    0                 108      68     1 0.7125
6435           73    1                 108      73     1 0.7125
6436           38    0                 108      44     0 0.7125
6437           39    1                 108       4     0 0.7125
6438           57    1                 108       4     1 0.7125
6439           62    0                 108      62     1 0.7125
6440           74    1                 108      76     1 0.7125
6441           10    0                 108       2     0 0.7125
6442           11    1                 108       3     0 0.7125
6443           74    1                 108      81     1 0.7125
6444           61    0                 108      67     1 0.7125
6445           70    0                 108      74     1 0.7125
6446           60    1                 108      68     1 0.7125
6447           29    0                 108       7     0 0.7125
6448           80    0                 108      88     1 0.7125
6449           26    0                 108       2     0 0.7125
6450           42    1                 108       2     0 0.7125
6451            1    1                 108       1     0 0.7125
6452           37    1                 108       7     0 0.7125
6453           44    1                 108       3     0 0.7125
6454           28    0                 108       4     0 0.7125
6455           43    0                 108       2     0 0.7125
6456           41    1                 108      66     0 0.7125
6457           26    0                 108       3     0 0.7125
6458           27    0                 108       3     0 0.7125
6459           62    1                 108      67     0 0.7125
6460           29    0                 108       6     0 0.7125
6461           59    1                 108      75     1 0.7125
6462           75    0                 108      73     1 0.7125
6463           74    0                 108      75     1 0.7125
6464           29    1                 108       3     0 0.7125
6465           63    0                 108      60     0 0.7125
6466           63    1                 108      71     0 0.7125
6467           76    1                 108      70     1 0.7125
6468            6    1                 108       2     0 0.7125
6469           20    1                 108       4     0 0.7125
6470           69    1                 108      90     1 0.7125
6471           79    0                 108      75     1 0.7125
6472           56    1                 108      44     1 0.7125
6473           40    0                 108       3     1 0.7125
6474           89    0                 108      82     1 0.7125
6475           41    0                 108       3     1 0.7125
6476           61    0                 108      67     1 0.7125
6477           80    0                 108       6     1 0.7125
6478           56    1                 108       6     0 0.7125
6479           68    0                 108      90     1 0.7125
6480           65    0                 108      82     1 0.7125
6481            1    1                 109      78     0 0.6444
6482           80    1                 109      67     1 0.6444
6483           69    1                 109      78     1 0.6444
6484           68    1                 109      26     1 0.6444
6485           81    0                 109      55     0 0.6444
6486           57    1                 109      74     1 0.6444
6487            2    0                 109       1     0 0.6444
6488           29    0                 109       9     1 0.6444
6489           12    0                 109       5     0 0.6444
6490            1    1                 109       1     0 0.6444
6491            8    1                 109       3     0 0.6444
6492           59    0                 109      63     1 0.6444
6493           17    0                 109       5     0 0.6444
6494           81    1                 109      23     1 0.6444
6495           96    0                 109      75     1 0.6444
6496           89    1                 109      81     0 0.6444
6497           20    0                 109      27     0 0.6444
6498            5    0                 109       3     1 0.6444
6499           63    1                 109      68     1 0.6444
6500           76    0                 109      89     1 0.6444
6501           24    1                 109       5     0 0.6444
6502           86    0                 109      67     0 0.6444
6503           53    1                 109      73     1 0.6444
6504           99    0                 109      87     1 0.6444
6505           90    1                 109      91     1 0.6444
6506           92    0                 109      92     1 0.6444
6507           40    1                 109       6     0 0.6444
6508           63    0                 109      86     1 0.6444
6509           62    1                 109      62     0 0.6444
6510           53    1                 109      17     0 0.6444
6511            6    1                 109       2     0 0.6444
6512           28    0                 109      17     0 0.6444
6513            1    0                 109       1     0 0.6444
6514           10    0                 109       6     0 0.6444
6515            1    1                 109       6     0 0.6444
6516           62    0                 109      14     0 0.6444
6517            8    1                 109      15     0 0.6444
6518           16    1                 109       4     0 0.6444
6519           68    1                 109      57     0 0.6444
6520           60    0                 109      87     0 0.6444
6521           94    1                 109      71     1 0.6444
6522           99    0                 109      97     1 0.6444
6523           81    1                 109      35     1 0.6444
6524           63    1                 109      20     0 0.6444
6525           67    0                 109      24     0 0.6444
6526           44    0                 109      47     0 0.6444
6527            8    0                 109       1     1 0.6444
6528           30    0                 109       9     0 0.6444
6529           19    1                 109      30     0 0.6444
6530           81    1                 109      90     1 0.6444
6531           76    0                 109      80     1 0.6444
6532           20    0                 109       7     1 0.6444
6533           31    0                 109      26     1 0.6444
6534           88    0                 109      85     1 0.6444
6535           68    0                 109      16     1 0.6444
6536          100    1                 109      99     1 0.6444
6537           60    1                 109      54     1 0.6444
6538           38    1                 109      26     0 0.6444
6539           94    1                 109      88     1 0.6444
6540           83    0                 109      95     1 0.6444
6541           21    1                 110       3     0 0.6938
6542           75    1                 110      60     1 0.6938
6543           85    0                 110      66     1 0.6938
6544           21    1                 110      19     1 0.6938
6545           63    1                 110      72     0 0.6938
6546           62    1                 110      30     1 0.6938
6547           18    0                 110      13     0 0.6938
6548           73    1                 110      66     1 0.6938
6549           59    1                 110      28     0 0.6938
6550           11    0                 110       1     0 0.6938
6551           65    0                 110      23     0 0.6938
6552           88    1                 110      19     1 0.6938
6553           74    1                 110      61     0 0.6938
6554           13    0                 110      11     1 0.6938
6555           78    0                 110      56     1 0.6938
6556           23    0                 110      20     0 0.6938
6557           13    1                 110       1     0 0.6938
6558           50    0                 110      59     1 0.6938
6559           88    1                 110      60     1 0.6938
6560           85    1                 110      37     1 0.6938
6561            1    1                 110       1     0 0.6938
6562           18    1                 110      13     0 0.6938
6563           73    0                 110      59     1 0.6938
6564           91    0                 110      65     1 0.6938
6565           65    1                 110      32     1 0.6938
6566          100    1                 110      82     1 0.6938
6567           19    1                 110      13     0 0.6938
6568           91    0                 110      72     1 0.6938
6569            9    0                 110      10     0 0.6938
6570           28    1                 110      13     0 0.6938
6571            1    1                 110       1     0 0.6938
6572           77    0                 110      75     0 0.6938
6573            1    0                 110       1     0 0.6938
6574           15    0                 110       1     0 0.6938
6575           36    0                 110       8     0 0.6938
6576           58    1                 110      11     0 0.6938
6577           79    1                 110      59     0 0.6938
6578           23    0                 110      16     0 0.6938
6579           67    0                 110      68     0 0.6938
6580           96    1                 110       9     0 0.6938
6581           91    0                 110      68     1 0.6938
6582           91    1                 110      59     1 0.6938
6583           76    0                 110      60     1 0.6938
6584           96    0                 110      63     0 0.6938
6585           89    0                 110      70     0 0.6938
6586           70    1                 110      62     0 0.6938
6587           91    0                 110      69     1 0.6938
6588           67    0                 110      29     0 0.6938
6589           20    0                 110      17     0 0.6938
6590           60    0                 110      15     1 0.6938
6591           90    1                 110      75     1 0.6938
6592          100    1                 110      61     1 0.6938
6593           64    0                 110      37     1 0.6938
6594           91    1                 110      62     1 0.6938
6595           32    0                 110      17     1 0.6938
6596           84    0                 110      66     1 0.6938
6597           91    1                 110      25     1 0.6938
6598           15    1                 110      13     0 0.6938
6599           76    1                 110      95     1 0.6938
6600           64    0                 110      62     1 0.6938
6601            1    1                 111       1     0 0.8358
6602           79    0                 111      61     1 0.8358
6603           50    0                 111      38     1 0.8358
6604           63    0                 111      75     1 0.8358
6605          100    1                 111     100     0 0.8358
6606           52    0                 111      62     1 0.8358
6607            1    1                 111       1     0 0.8358
6608           70    1                 111       9     1 0.8358
6609            1    0                 111       1     0 0.8358
6610            1    1                 111       1     0 0.8358
6611           75    0                 111      14     0 0.8358
6612           79    1                 111      41     1 0.8358
6613           21    1                 111      11     0 0.8358
6614           95    0                 111      58     1 0.8358
6615          100    0                 111     100     1 0.8358
6616           79    1                 111      56     0 0.8358
6617            1    1                 111       1     0 0.8358
6618           39    1                 111       1     1 0.8358
6619           88    0                 111      78     1 0.8358
6620          100    1                 111      81     1 0.8358
6621            1    0                 111       1     0 0.8358
6622           98    0                 111      65     0 0.8358
6623           89    1                 111      63     1 0.8358
6624           56    1                 111       1     1 0.8358
6625          100    0                 111      99     1 0.8358
6626           69    1                 111      67     1 0.8358
6627            1    1                 111       1     0 0.8358
6628          100    0                 111     100     1 0.8358
6629            2    1                 111       1     0 0.8358
6630            2    1                 111       1     0 0.8358
6631           60    0                 111       1     0 0.8358
6632           38    0                 111       1     0 0.8358
6633           50    0                 111       1     0 0.8358
6634            1    1                 111       1     0 0.8358
6635            1    0                 111       1     0 0.8358
6636           55    0                 111       1     0 0.8358
6637           50    0                 111       1     0 0.8358
6638            1    0                 111       1     0 0.8358
6639           58    1                 111       1     0 0.8358
6640            1    0                 111       1     0 0.8358
6641          100    0                 111     100     1 0.8358
6642          100    1                 111     100     1 0.8358
6643          100    0                 111     100     1 0.8358
6644           56    1                 111       1     0 0.8358
6645           60    1                 111      43     0 0.8358
6646           40    0                 111       1     0 0.8358
6647           88    1                 111      80     1 0.8358
6648           20    1                 111       1     0 0.8358
6649           11    0                 111       1     0 0.8358
6650           81    0                 111      99     1 0.8358
6651           82    1                 111      84     1 0.8358
6652           45    1                 111       5     1 0.8358
6653           50    0                 111       1     1 0.8358
6654          100    0                 111      84     1 0.8358
6655           50    0                 111       1     1 0.8358
6656           99    0                 111     100     1 0.8358
6657           97    1                 111     100     1 0.8358
6658           56    1                 111      23     0 0.8358
6659           97    1                 111      55     1 0.8358
6660           97    1                 111      60     1 0.8358
6661           15    1                 112       1     0 0.2292
6662           75    0                 112      54     1 0.2292
6663           55    0                 112      38     1 0.2292
6664           73    0                 112      60     1 0.2292
6665           38    0                 112       1     0 0.2292
6666           80    1                 112      71     1 0.2292
6667           10    0                 112       1     0 0.2292
6668           38    1                 112       2     1 0.2292
6669           13    0                 112       1     0 0.2292
6670           31    1                 112       1     0 0.2292
6671           24    0                 112       1     0 0.2292
6672           81    0                 112      84     1 0.2292
6673           91    1                 112      86     0 0.2292
6674           68    1                 112       2     1 0.2292
6675           90    1                 112      64     1 0.2292
6676           60    1                 112      90     0 0.2292
6677           35    0                 112      42     0 0.2292
6678           34    1                 112      22     1 0.2292
6679           76    1                 112      58     1 0.2292
6680           91    1                 112      78     1 0.2292
6681           34    1                 112       1     0 0.2292
6682           73    1                 112      74     0 0.2292
6683           81    0                 112      80     1 0.2292
6684           91    1                 112      44     1 0.2292
6685           77    1                 112      80     1 0.2292
6686           91    0                 112      88     1 0.2292
6687           22    1                 112      20     0 0.2292
6688           81    0                 112      90     1 0.2292
6689            2    0                 112       1     0 0.2292
6690           34    0                 112       1     0 0.2292
6691           33    1                 112       1     0 0.2292
6692            1    1                 112       1     0 0.2292
6693           44    1                 112       1     0 0.2292
6694           33    1                 112       1     0 0.2292
6695           62    0                 112     100     0 0.2292
6696           57    0                 112       1     0 0.2292
6697           20    1                 112       1     0 0.2292
6698           37    0                 112      22     0 0.2292
6699           87    0                 112      86     0 0.2292
6700           13    1                 112       1     0 0.2292
6701           58    0                 112      61     1 0.2292
6702           80    1                 112      73     1 0.2292
6703           79    0                 112      87     1 0.2292
6704           61    1                 112      71     0 0.2292
6705           40    0                 112       2     0 0.2292
6706           43    0                 112      41     0 0.2292
6707           62    1                 112      74     1 0.2292
6708            1    1                 112       1     0 0.2292
6709           26    1                 112       1     0 0.2292
6710           67    0                 112      87     1 0.2292
6711           59    0                 112      42     1 0.2292
6712           61    0                 112      54     1 0.2292
6713           16    1                 112       1     1 0.2292
6714           91    1                 112      83     1 0.2292
6715           91    1                 112      73     1 0.2292
6716           73    0                 112      91     1 0.2292
6717           74    0                 112      46     1 0.2292
6718           61    0                 112      91     0 0.2292
6719           63    0                 112      85     1 0.2292
6720           13    0                 112       2     1 0.2292
6721            4    1                 113       1     0 0.6000
6722           50    0                 113      12     1 0.6000
6723           79    1                 113      81     1 0.6000
6724           80    0                 113      40     1 0.6000
6725           41    0                 113      21     0 0.6000
6726           81    1                 113      66     1 0.6000
6727           21    1                 113       1     0 0.6000
6728           80    1                 113      41     1 0.6000
6729            2    1                 113       1     0 0.6000
6730           21    1                 113       3     0 0.6000
6731           21    0                 113       1     0 0.6000
6732           80    0                 113      81     1 0.6000
6733           50    1                 113       6     0 0.6000
6734           20    1                 113       1     1 0.6000
6735           97    0                 113      81     1 0.6000
6736           59    0                 113      80     0 0.6000
6737           61    0                 113      27     0 0.6000
6738           50    0                 113      12     1 0.6000
6739           77    0                 113      40     1 0.6000
6740           82    1                 113      82     1 0.6000
6741           41    1                 113      13     0 0.6000
6742           80    1                 113       6     0 0.6000
6743           82    0                 113      83     1 0.6000
6744           79    0                 113      60     1 0.6000
6745           80    1                 113      89     1 0.6000
6746           81    0                 113      96     1 0.6000
6747           40    0                 113      11     0 0.6000
6748           95    1                 113      96     1 0.6000
6749           59    1                 113      26     0 0.6000
6750           50    0                 113      20     0 0.6000
6751            1    1                 113       6     0 0.6000
6752           41    0                 113      62     0 0.6000
6753           21    0                 113       6     0 0.6000
6754            4    0                 113       1     0 0.6000
6755           50    1                 113       8     0 0.6000
6756           80    1                 113      42     0 0.6000
6757           60    1                 113      21     0 0.6000
6758           20    1                 113       7     0 0.6000
6759           80    0                 113      80     0 0.6000
6760            6    1                 113       1     0 0.6000
6761           80    1                 113      81     1 0.6000
6762           81    0                 113       3     1 0.6000
6763           96    1                 113      86     1 0.6000
6764           81    0                 113      73     0 0.6000
6765           81    0                 113      79     0 0.6000
6766           50    0                 113      20     0 0.6000
6767           96    1                 113      82     1 0.6000
6768           40    0                 113      20     0 0.6000
6769           61    1                 113       6     0 0.6000
6770           79    1                 113      93     1 0.6000
6771           89    0                 113      80     1 0.6000
6772           50    0                 113      15     1 0.6000
6773           41    0                 113       4     1 0.6000
6774           79    0                 113      88     1 0.6000
6775           80    1                 113      39     1 0.6000
6776           96    1                 113      41     1 0.6000
6777           98    1                 113      80     1 0.6000
6778           50    0                 113      16     0 0.6000
6779           79    1                 113      91     1 0.6000
6780           61    0                 113      21     1 0.6000
6781            2    0                 114       1     0 0.6910
6782           83    0                 114      99     1 0.6910
6783           99    0                 114      55     1 0.6910
6784           95    0                 114      99     1 0.6910
6785           50    0                 114      80     0 0.6910
6786           74    1                 114      95     1 0.6910
6787           88    0                 114      24     0 0.6910
6788            2    0                 114       2     1 0.6910
6789           50    0                 114       3     0 0.6910
6790            1    0                 114       2     0 0.6910
6791            1    1                 114       5     0 0.6910
6792           92    0                 114      99     1 0.6910
6793          100    1                 114      64     0 0.6910
6794           50    1                 114       2     1 0.6910
6795           99    1                 114      99     1 0.6910
6796           74    1                 114      95     0 0.6910
6797           90    1                 114      29     0 0.6910
6798            2    0                 114       2     1 0.6910
6799           94    1                 114      99     1 0.6910
6800           88    1                 114      88     1 0.6910
6801            1    0                 114       1     0 0.6910
6802           98    1                 114      80     0 0.6910
6803           74    1                 114      71     1 0.6910
6804           93    0                 114      79     1 0.6910
6805           99    1                 114      98     1 0.6910
6806           82    1                 114      97     1 0.6910
6807           94    1                 114      95     0 0.6910
6808          100    0                 114      99     1 0.6910
6809           50    0                 114      39     0 0.6910
6810           50    0                 114       3     0 0.6910
6811            4    1                 114       4     0 0.6910
6812           71    0                 114      81     0 0.6910
6813           15    0                 114      42     0 0.6910
6814           19    0                 114      38     0 0.6910
6815           15    0                 114      11     0 0.6910
6816           48    1                 114      27     0 0.6910
6817            3    1                 114       5     0 0.6910
6818           50    1                 114      24     0 0.6910
6819           76    0                 114      96     0 0.6910
6820           44    0                 114      97     0 0.6910
6821           87    0                 114      98     1 0.6910
6822           95    0                 114      98     1 0.6910
6823           50    1                 114      79     1 0.6910
6824           70    1                 114      61     0 0.6910
6825           80    0                 114      33     0 0.6910
6826           54    1                 114      57     0 0.6910
6827           99    1                 114      61     1 0.6910
6828           84    0                 114      61     0 0.6910
6829            5    0                 114       1     0 0.6910
6830           50    1                 114      29     1 0.6910
6831           86    1                 114      97     1 0.6910
6832           67    0                 114      65     1 0.6910
6833           50    0                 114      42     1 0.6910
6834           99    0                 114      82     1 0.6910
6835           50    1                 114      41     1 0.6910
6836           96    1                 114      81     1 0.6910
6837           99    1                 114      97     1 0.6910
6838           49    1                 114      24     0 0.6910
6839           98    1                 114     100     1 0.6910
6840           64    1                 114      42     1 0.6910
6841            1    1                 115       1     0 0.4333
6842           73    0                 115       1     1 0.4333
6843           54    0                 115       1     1 0.4333
6844           98    0                 115      64     1 0.4333
6845           68    1                 115       1     0 0.4333
6846           60    1                 115       1     1 0.4333
6847           74    1                 115       1     0 0.4333
6848           47    1                 115       1     1 0.4333
6849            1    0                 115       1     0 0.4333
6850           31    0                 115       1     0 0.4333
6851           22    1                 115       1     0 0.4333
6852           90    0                 115      62     1 0.4333
6853           30    0                 115       1     0 0.4333
6854           61    0                 115       1     1 0.4333
6855           98    1                 115       1     1 0.4333
6856           65    0                 115      29     0 0.4333
6857           35    0                 115       1     0 0.4333
6858           35    0                 115       1     1 0.4333
6859           50    1                 115       1     1 0.4333
6860           93    0                 115      83     1 0.4333
6861           51    1                 115       1     0 0.4333
6862           88    1                 115       1     0 0.4333
6863           62    1                 115      68     1 0.4333
6864           93    0                 115      67     1 0.4333
6865           88    1                 115      79     1 0.4333
6866           98    0                 115      60     1 0.4333
6867           61    0                 115      29     0 0.4333
6868           81    0                 115      84     1 0.4333
6869           91    0                 115      18     0 0.4333
6870           52    1                 115      22     0 0.4333
6871           56    0                 115      59     0 0.4333
6872           69    1                 115       1     0 0.4333
6873           11    1                 115       1     0 0.4333
6874           95    0                 115      22     0 0.4333
6875            4    1                 115       1     0 0.4333
6876            8    0                 115       1     0 0.4333
6877           87    0                 115      69     0 0.4333
6878           88    1                 115      59     0 0.4333
6879           82    1                 115       1     0 0.4333
6880           14    1                 115       1     0 0.4333
6881           88    1                 115      40     1 0.4333
6882           86    1                 115      60     1 0.4333
6883           91    1                 115      83     1 0.4333
6884           54    1                 115       1     0 0.4333
6885           67    0                 115      15     0 0.4333
6886           16    0                 115       1     0 0.4333
6887           90    1                 115      71     1 0.4333
6888           58    0                 115       1     0 0.4333
6889           81    1                 115       1     0 0.4333
6890           58    0                 115      68     1 0.4333
6891           86    0                 115      74     1 0.4333
6892           52    0                 115       1     1 0.4333
6893           52    1                 115       1     1 0.4333
6894          100    0                 115      76     1 0.4333
6895           65    1                 115       1     1 0.4333
6896           90    1                 115      75     1 0.4333
6897           75    0                 115      42     1 0.4333
6898           57    1                 115       1     0 0.4333
6899           39    0                 115       1     1 0.4333
6900           76    1                 115      40     1 0.4333
6901            6    1                 116       1     0 0.3427
6902           71    0                 116      40     1 0.3427
6903           71    0                 116     100     1 0.3427
6904           91    0                 116       1     1 0.3427
6905           80    0                 116       4     0 0.3427
6906           71    1                 116      61     1 0.3427
6907           36    1                 116       1     0 0.3427
6908           48    1                 116      23     1 0.3427
6909           38    1                 116       9     0 0.3427
6910            4    0                 116       1     0 0.3427
6911            7    1                 116       1     0 0.3427
6912           76    1                 116       1     1 0.3427
6913           61    1                 116       5     0 0.3427
6914           28    0                 116      25     1 0.3427
6915           63    0                 116       3     1 0.3427
6916           61    0                 116       9     0 0.3427
6917           70    1                 116       5     0 0.3427
6918           42    1                 116       1     1 0.3427
6919           61    1                 116       4     1 0.3427
6920           95    1                 116      18     1 0.3427
6921           47    0                 116       1     0 0.3427
6922           10    1                 116       1     0 0.3427
6923           71    0                 116      30     1 0.3427
6924           60    1                 116       3     1 0.3427
6925           40    0                 116       1     1 0.3427
6926           72    0                 116      26     1 0.3427
6927           81    1                 116       1     0 0.3427
6928           88    1                 116      10     1 0.3427
6929           64    1                 116       1     0 0.3427
6930            2    0                 116       1     0 0.3427
6931            2    0                 116       1     0 0.3427
6932           38    1                 116       2     0 0.3427
6933           59    0                 116       4     0 0.3427
6934           38    1                 116       7     0 0.3427
6935           46    1                 116       2     0 0.3427
6936           49    0                 116       1     0 0.3427
6937           41    0                 116       1     0 0.3427
6938           38    1                 116       5     0 0.3427
6939           71    1                 116      36     0 0.3427
6940           53    1                 116       3     0 0.3427
6941           88    0                 116      14     1 0.3427
6942           95    0                 116       4     1 0.3427
6943           85    1                 116       4     1 0.3427
6944           71    0                 116      55     0 0.3427
6945           84    0                 116      54     0 0.3427
6946           52    0                 116       4     0 0.3427
6947           71    1                 116       1     1 0.3427
6948           53    0                 116       2     0 0.3427
6949            9    1                 116       1     0 0.3427
6950           90    1                 116     100     1 0.3427
6951           59    0                 116       3     1 0.3427
6952           52    0                 116       9     1 0.3427
6953           10    0                 116       1     1 0.3427
6954           93    0                 116      55     1 0.3427
6955           92    1                 116       3     1 0.3427
6956           86    0                 116      62     1 0.3427
6957           72    0                 116       1     1 0.3427
6958           55    1                 116       1     0 0.3427
6959           72    0                 116      60     1 0.3427
6960           63    1                 116      59     1 0.3427
6961            1    0                 117       1     0 0.3083
6962          100    1                 117      66     1 0.3083
6963           74    1                 117      84     1 0.3083
6964           65    1                 117       4     1 0.3083
6965           19    0                 117       7     0 0.3083
6966           86    0                 117      88     1 0.3083
6967            2    1                 117       1     0 0.3083
6968           51    0                 117       2     1 0.3083
6969            1    1                 117       1     0 0.3083
6970            1    0                 117       1     0 0.3083
6971            1    1                 117       1     0 0.3083
6972           37    1                 117      11     1 0.3083
6973           69    1                 117      18     0 0.3083
6974           96    0                 117     100     1 0.3083
6975           98    1                 117      78     1 0.3083
6976           88    1                 117     100     0 0.3083
6977           54    0                 117       1     0 0.3083
6978           87    1                 117      40     1 0.3083
6979          100    1                 117     100     1 0.3083
6980           92    1                 117      76     1 0.3083
6981           55    0                 117       1     0 0.3083
6982           89    0                 117      54     0 0.3083
6983           95    0                 117      54     1 0.3083
6984           98    0                 117      97     1 0.3083
6985           69    1                 117      27     1 0.3083
6986           94    1                 117      64     1 0.3083
6987            7    1                 117       1     0 0.3083
6988           98    0                 117      94     1 0.3083
6989           14    1                 117       1     0 0.3083
6990            1    0                 117       1     0 0.3083
6991            1    0                 117       1     0 0.3083
6992           18    1                 117       1     0 0.3083
6993            1    1                 117       1     0 0.3083
6994            1    1                 117       1     0 0.3083
6995            1    0                 117       1     0 0.3083
6996           30    0                 117      15     0 0.3083
6997            1    0                 117       1     0 0.3083
6998            1    1                 117       1     0 0.3083
6999           91    1                 117      58     0 0.3083
7000            1    1                 117       1     0 0.3083
7001           98    0                 117      92     1 0.3083
7002          100    0                 117      92     1 0.3083
7003           70    0                 117      57     1 0.3083
7004           92    0                 117       1     0 0.3083
7005           79    0                 117      84     0 0.3083
7006           14    1                 117       1     0 0.3083
7007           84    0                 117       1     1 0.3083
7008            1    1                 117       1     0 0.3083
7009            3    0                 117       1     0 0.3083
7010           87    0                 117      78     1 0.3083
7011           83    0                 117      56     1 0.3083
7012           64    0                 117       1     1 0.3083
7013            1    0                 117       1     1 0.3083
7014          100    1                 117     100     1 0.3083
7015           91    1                 117      23     1 0.3083
7016          100    1                 117      89     1 0.3083
7017          100    0                 117      88     1 0.3083
7018           13    1                 117       4     0 0.3083
7019           79    0                 117      93     1 0.3083
7020           82    1                 117      57     1 0.3083
7021           86    1                 118      77     0 1.1396
7022           86    0                 118      41     1 1.1396
7023           92    0                 118      78     1 1.1396
7024           96    1                 118      92     1 1.1396
7025           94    1                 118      95     0 1.1396
7026           78    0                 118      83     1 1.1396
7027           80    1                 118      94     0 1.1396
7028           88    1                 118      91     1 1.1396
7029           60    0                 118      97     0 1.1396
7030           92    0                 118      92     0 1.1396
7031            7    0                 118      66     0 1.1396
7032           87    0                 118      59     1 1.1396
7033           42    0                 118      91     0 1.1396
7034           89    1                 118      88     1 1.1396
7035           95    1                 118      83     1 1.1396
7036           93    1                 118      82     0 1.1396
7037           95    1                 118      76     0 1.1396
7038           93    1                 118      87     1 1.1396
7039           79    0                 118      92     1 1.1396
7040           92    0                 118      81     1 1.1396
7041           90    1                 118      76     0 1.1396
7042           65    1                 118      80     0 1.1396
7043           96    1                 118      65     1 1.1396
7044           87    1                 118      94     1 1.1396
7045           88    0                 118      82     1 1.1396
7046           95    1                 118      83     1 1.1396
7047           83    1                 118      80     0 1.1396
7048           94    0                 118      75     1 1.1396
7049           91    1                 118      93     0 1.1396
7050           92    0                 118      81     0 1.1396
7051           93    0                 118      80     0 1.1396
7052           76    1                 118      78     0 1.1396
7053           95    0                 118      83     0 1.1396
7054           85    1                 118      96     0 1.1396
7055           76    0                 118      92     0 1.1396
7056           63    0                 118      78     0 1.1396
7057           84    0                 118      82     0 1.1396
7058           93    0                 118      80     0 1.1396
7059           80    1                 118      83     0 1.1396
7060           27    0                 118      95     0 1.1396
7061           92    0                 118      85     1 1.1396
7062           93    0                 118      62     1 1.1396
7063           83    0                 118      82     1 1.1396
7064           93    1                 118      91     0 1.1396
7065           86    1                 118      93     0 1.1396
7066           73    1                 118      41     0 1.1396
7067           92    1                 118      91     1 1.1396
7068           86    1                 118      60     0 1.1396
7069           36    0                 118      39     0 1.1396
7070           84    0                 118      92     1 1.1396
7071           94    1                 118      82     1 1.1396
7072           93    1                 118      84     1 1.1396
7073           95    1                 118      90     1 1.1396
7074           79    0                 118      88     1 1.1396
7075           79    0                 118      94     1 1.1396
7076           95    0                 118      95     1 1.1396
7077           92    1                 118      94     1 1.1396
7078           66    0                 118      81     0 1.1396
7079           88    0                 118      84     1 1.1396
7080           94    1                 118      90     1 1.1396
7081           11    1                 119      21     0 0.2010
7082           90    0                 119       4     1 0.2010
7083           90    0                 119      21     1 0.2010
7084           81    1                 119      74     1 0.2010
7085           79    1                 119       4     0 0.2010
7086           91    1                 119      80     1 0.2010
7087            3    0                 119       3     0 0.2010
7088           55    1                 119      15     1 0.2010
7089            2    1                 119       6     0 0.2010
7090            3    0                 119      11     0 0.2010
7091            2    0                 119       1     0 0.2010
7092           72    0                 119      13     1 0.2010
7093           24    1                 119      12     0 0.2010
7094           91    0                 119      25     1 0.2010
7095           80    1                 119       9     1 0.2010
7096           89    1                 119      35     0 0.2010
7097            1    0                 119      22     0 0.2010
7098           42    0                 119      15     1 0.2010
7099           85    1                 119      72     1 0.2010
7100           79    0                 119      77     1 0.2010
7101            6    0                 119       3     0 0.2010
7102           35    0                 119      28     0 0.2010
7103           80    1                 119      71     1 0.2010
7104           57    0                 119       9     1 0.2010
7105           88    1                 119       4     1 0.2010
7106           18    0                 119       5     1 0.2010
7107            4    1                 119       9     0 0.2010
7108           91    0                 119      77     1 0.2010
7109            3    0                 119       1     0 0.2010
7110            2    1                 119       4     0 0.2010
7111           71    0                 119       6     0 0.2010
7112           62    1                 119       9     0 0.2010
7113            4    1                 119       6     0 0.2010
7114            6    0                 119      19     0 0.2010
7115            7    1                 119       6     0 0.2010
7116           60    0                 119      65     0 0.2010
7117            6    0                 119       2     0 0.2010
7118           11    1                 119       3     0 0.2010
7119           85    1                 119       9     0 0.2010
7120           20    0                 119       2     0 0.2010
7121           79    1                 119      13     1 0.2010
7122           82    0                 119      20     1 0.2010
7123           72    0                 119      19     1 0.2010
7124           76    1                 119      15     0 0.2010
7125           69    1                 119      78     0 0.2010
7126           15    0                 119       2     0 0.2010
7127           83    0                 119      11     1 0.2010
7128            1    0                 119       3     0 0.2010
7129            8    1                 119       1     0 0.2010
7130           57    0                 119      25     1 0.2010
7131           78    1                 119       6     1 0.2010
7132           61    1                 119      16     1 0.2010
7133            2    0                 119       3     1 0.2010
7134           80    0                 119      18     1 0.2010
7135           78    1                 119      17     1 0.2010
7136           91    1                 119       5     1 0.2010
7137           84    1                 119       3     1 0.2010
7138           88    1                 119      40     0 0.2010
7139           72    1                 119      70     1 0.2010
7140           78    0                 119      10     1 0.2010
7141           15    0                 120       1     0 0.4799
7142          100    1                 120      32     1 0.4799
7143          100    1                 120      80     1 0.4799
7144          100    1                 120      67     1 0.4799
7145           89    1                 120      61     0 0.4799
7146           83    0                 120      87     1 0.4799
7147           59    0                 120       1     0 0.4799
7148           61    0                 120       3     1 0.4799
7149           58    0                 120       9     0 0.4799
7150           62    1                 120      32     0 0.4799
7151           93    1                 120       2     0 0.4799
7152           81    0                 120      62     1 0.4799
7153           17    1                 120       1     0 0.4799
7154           19    0                 120       1     1 0.4799
7155          100    1                 120      82     1 0.4799
7156           59    1                 120       1     0 0.4799
7157           45    0                 120      29     0 0.4799
7158           61    0                 120      38     1 0.4799
7159           99    1                 120      61     1 0.4799
7160           85    1                 120      73     1 0.4799
7161            1    1                 120       1     0 0.4799
7162           81    0                 120      24     0 0.4799
7163           71    0                 120      18     1 0.4799
7164          100    1                 120      16     1 0.4799
7165          100    1                 120     100     1 0.4799
7166          100    1                 120      81     1 0.4799
7167           61    0                 120       1     0 0.4799
7168          100    0                 120      61     1 0.4799
7169           20    0                 120       1     0 0.4799
7170           60    0                 120       1     0 0.4799
7171            1    1                 120       1     0 0.4799
7172           93    1                 120      17     0 0.4799
7173            1    1                 120       1     0 0.4799
7174           16    0                 120       1     0 0.4799
7175           35    0                 120       1     0 0.4799
7176           70    1                 120      59     0 0.4799
7177           50    0                 120       1     0 0.4799
7178            1    0                 120       1     0 0.4799
7179           80    0                 120      60     0 0.4799
7180           79    1                 120       1     0 0.4799
7181           81    0                 120      55     1 0.4799
7182           99    0                 120      55     1 0.4799
7183          100    1                 120      72     1 0.4799
7184           30    1                 120       1     0 0.4799
7185           80    0                 120      69     0 0.4799
7186           60    1                 120      35     0 0.4799
7187          100    0                 120      66     1 0.4799
7188           61    0                 120      32     0 0.4799
7189           38    1                 120       6     0 0.4799
7190          100    1                 120      88     1 0.4799
7191          100    0                 120      91     1 0.4799
7192          100    0                 120      65     1 0.4799
7193           69    0                 120      53     1 0.4799
7194          100    1                 120      77     1 0.4799
7195           81    0                 120       7     1 0.4799
7196          100    1                 120     100     1 0.4799
7197          100    0                 120       1     1 0.4799
7198           57    1                 120      17     0 0.4799
7199           99    1                 120      68     1 0.4799
7200           89    1                 120      69     1 0.4799
7201           29    0                 121       5     0 0.7590
7202           59    1                 121      15     1 0.7590
7203           77    1                 121      21     1 0.7590
7204           70    1                 121      18     1 0.7590
7205           52    1                 121       3     0 0.7590
7206           76    0                 121      21     1 0.7590
7207           56    1                 121      16     0 0.7590
7208           54    1                 121      10     1 0.7590
7209           52    0                 121       8     0 0.7590
7210           52    1                 121       3     0 0.7590
7211           43    1                 121       5     0 0.7590
7212           59    0                 121      12     1 0.7590
7213           56    0                 121      10     0 0.7590
7214           43    1                 121       7     1 0.7590
7215           77    0                 121      34     1 0.7590
7216           57    0                 121       9     0 0.7590
7217           48    0                 121       8     0 0.7590
7218           58    1                 121      11     1 0.7590
7219           72    0                 121      13     1 0.7590
7220           80    0                 121      20     1 0.7590
7221           48    1                 121      11     0 0.7590
7222           45    1                 121       1     0 0.7590
7223           64    1                 121      16     1 0.7590
7224           73    1                 121      27     1 0.7590
7225           67    0                 121       6     1 0.7590
7226           65    1                 121       3     1 0.7590
7227           64    1                 121      16     0 0.7590
7228           90    1                 121      38     1 0.7590
7229           48    0                 121       6     0 0.7590
7230           45    1                 121      11     0 0.7590
7231           64    0                 121      15     0 0.7590
7232           61    1                 121      15     0 0.7590
7233           45    0                 121       8     0 0.7590
7234           37    0                 121       8     0 0.7590
7235           37    0                 121       3     0 0.7590
7236           59    0                 121      17     0 0.7590
7237           56    1                 121       9     0 0.7590
7238           46    0                 121       7     0 0.7590
7239           76    1                 121      15     0 0.7590
7240           48    1                 121       7     0 0.7590
7241           71    0                 121       8     1 0.7590
7242           82    1                 121      11     1 0.7590
7243           64    0                 121      14     1 0.7590
7244           58    1                 121      17     0 0.7590
7245           66    1                 121      23     0 0.7590
7246           51    0                 121      11     0 0.7590
7247           67    0                 121      20     1 0.7590
7248           60    0                 121      12     0 0.7590
7249           49    1                 121       6     0 0.7590
7250           69    0                 121      30     1 0.7590
7251           74    1                 121      25     1 0.7590
7252           58    1                 121      15     1 0.7590
7253           56    1                 121      16     1 0.7590
7254           72    0                 121      25     1 0.7590
7255           67    1                 121      16     1 0.7590
7256           88    0                 121      32     1 0.7590
7257           86    0                 121      15     1 0.7590
7258           39    0                 121       8     0 0.7590
7259           67    0                 121      14     1 0.7590
7260           85    0                 121      20     1 0.7590
7261           90    1                 122      80     0 0.7576
7262          100    0                 122      81     1 0.7576
7263           88    1                 122      89     1 0.7576
7264           84    0                 122      81     1 0.7576
7265           30    0                 122      42     0 0.7576
7266           79    1                 122      89     1 0.7576
7267           15    0                 122       1     0 0.7576
7268           60    0                 122      62     1 0.7576
7269            1    0                 122       1     0 0.7576
7270            1    1                 122       1     0 0.7576
7271            2    1                 122       1     0 0.7576
7272           93    0                 122      80     1 0.7576
7273            1    1                 122       1     0 0.7576
7274            1    0                 122       1     1 0.7576
7275          100    1                 122      82     1 0.7576
7276           91    0                 122      83     0 0.7576
7277           27    1                 122       1     0 0.7576
7278           54    0                 122      19     1 0.7576
7279           80    1                 122      61     1 0.7576
7280           78    0                 122     100     1 0.7576
7281            1    0                 122       1     0 0.7576
7282           29    1                 122       2     0 0.7576
7283           91    0                 122      89     1 0.7576
7284           93    0                 122      88     1 0.7576
7285           90    1                 122      90     1 0.7576
7286           90    1                 122      89     1 0.7576
7287           94    0                 122      82     0 0.7576
7288          100    0                 122     100     1 0.7576
7289            1    1                 122       1     0 0.7576
7290            9    1                 122       1     0 0.7576
7291            1    1                 122       1     0 0.7576
7292           22    1                 122       1     0 0.7576
7293            9    1                 122       2     0 0.7576
7294           23    0                 122       1     0 0.7576
7295           21    0                 122       1     0 0.7576
7296           67    1                 122      60     0 0.7576
7297           60    1                 122      30     0 0.7576
7298           71    1                 122      64     0 0.7576
7299           60    1                 122      60     0 0.7576
7300            1    1                 122       1     0 0.7576
7301           89    0                 122      80     1 0.7576
7302          100    0                 122     100     1 0.7576
7303          100    0                 122      91     1 0.7576
7304           61    1                 122      28     0 0.7576
7305           54    1                 122      41     0 0.7576
7306           23    0                 122       1     0 0.7576
7307          100    0                 122     100     1 0.7576
7308           24    0                 122       1     0 0.7576
7309            1    1                 122       1     0 0.7576
7310           61    0                 122      71     1 0.7576
7311           89    0                 122      92     1 0.7576
7312           60    1                 122       4     1 0.7576
7313           15    0                 122      10     1 0.7576
7314           94    1                 122      82     1 0.7576
7315           93    0                 122      72     1 0.7576
7316          100    0                 122      93     1 0.7576
7317          100    1                 122     100     1 0.7576
7318           60    1                 122       1     0 0.7576
7319           90    1                 122      80     1 0.7576
7320           87    0                 122      81     1 0.7576
7321           43    1                 123      27     0 0.3365
7322           50    1                 123      60     1 0.3365
7323           36    1                 123      26     1 0.3365
7324           50    1                 123      40     1 0.3365
7325           49    1                 123      37     0 0.3365
7326           35    1                 123      17     1 0.3365
7327           39    0                 123      26     0 0.3365
7328           55    0                 123      39     1 0.3365
7329           34    1                 123       1     0 0.3365
7330           50    1                 123       1     0 0.3365
7331           33    1                 123       1     0 0.3365
7332           60    1                 123      73     1 0.3365
7333           68    0                 123       1     0 0.3365
7334            2    1                 123       1     1 0.3365
7335           98    1                 123      90     1 0.3365
7336           71    0                 123      79     0 0.3365
7337           54    0                 123      25     0 0.3365
7338           77    0                 123      79     1 0.3365
7339           67    1                 123      78     1 0.3365
7340           61    0                 123      56     1 0.3365
7341           50    1                 123      30     0 0.3365
7342           58    0                 123      80     0 0.3365
7343           13    0                 123       1     1 0.3365
7344          100    1                 123     100     1 0.3365
7345           42    1                 123       2     1 0.3365
7346           66    1                 123      69     1 0.3365
7347           35    0                 123      18     0 0.3365
7348           94    1                 123     100     1 0.3365
7349           18    1                 123       6     0 0.3365
7350            1    0                 123       3     0 0.3365
7351           50    0                 123      49     0 0.3365
7352           68    0                 123      60     0 0.3365
7353           55    0                 123      25     0 0.3365
7354           10    0                 123       6     0 0.3365
7355           50    1                 123      28     0 0.3365
7356           70    0                 123     100     0 0.3365
7357           43    1                 123      41     0 0.3365
7358           35    0                 123      19     0 0.3365
7359           35    0                 123      61     0 0.3365
7360           29    1                 123       3     0 0.3365
7361          100    0                 123      78     1 0.3365
7362           97    0                 123      82     1 0.3365
7363            1    0                 123       1     1 0.3365
7364           53    1                 123      48     0 0.3365
7365           59    0                 123      78     0 0.3365
7366           31    0                 123      23     0 0.3365
7367           98    0                 123     100     1 0.3365
7368           56    1                 123      59     0 0.3365
7369           31    0                 123      51     0 0.3365
7370           55    0                 123      43     1 0.3365
7371           90    1                 123      59     1 0.3365
7372           36    1                 123      18     1 0.3365
7373           50    1                 123      24     1 0.3365
7374           77    1                 123     100     1 0.3365
7375           47    0                 123      22     1 0.3365
7376           87    0                 123      84     1 0.3365
7377          100    1                 123      88     1 0.3365
7378            8    0                 123       1     0 0.3365
7379           39    1                 123      32     1 0.3365
7380           42    0                 123      38     1 0.3365
7381            5    0                 124       4     0 0.5688
7382           96    0                 124      21     1 0.5688
7383           72    0                 124      23     1 0.5688
7384           94    1                 124      24     1 0.5688
7385           19    0                 124       2     0 0.5688
7386           80    0                 124      60     1 0.5688
7387           20    0                 124       3     0 0.5688
7388           59    0                 124       3     1 0.5688
7389           60    0                 124       5     0 0.5688
7390           61    0                 124       3     0 0.5688
7391            6    1                 124       3     0 0.5688
7392           80    0                 124       3     1 0.5688
7393           21    1                 124       3     0 0.5688
7394           50    0                 124       4     1 0.5688
7395           94    1                 124      20     1 0.5688
7396           81    1                 124      41     0 0.5688
7397           20    1                 124       4     0 0.5688
7398           20    0                 124       2     1 0.5688
7399           94    0                 124      62     1 0.5688
7400           81    0                 124      23     1 0.5688
7401            5    0                 124       3     0 0.5688
7402           17    0                 124       1     0 0.5688
7403           60    0                 124      22     1 0.5688
7404           96    1                 124      81     1 0.5688
7405           63    0                 124      21     1 0.5688
7406           79    0                 124       3     1 0.5688
7407           21    0                 124       3     0 0.5688
7408           95    1                 124      21     1 0.5688
7409            5    1                 124       4     0 0.5688
7410            3    1                 124       2     0 0.5688
7411           20    1                 124       4     0 0.5688
7412           10    0                 124       4     0 0.5688
7413           28    0                 124       4     0 0.5688
7414           22    0                 124       2     0 0.5688
7415           25    1                 124       3     0 0.5688
7416           42    1                 124       2     0 0.5688
7417           81    1                 124       3     0 0.5688
7418            5    1                 124       4     0 0.5688
7419           68    1                 124       4     0 0.5688
7420           20    1                 124       4     0 0.5688
7421           61    1                 124       3     1 0.5688
7422           96    0                 124      81     1 0.5688
7423           93    1                 124      41     1 0.5688
7424           76    0                 124       4     0 0.5688
7425           81    0                 124       3     0 0.5688
7426           62    1                 124      21     0 0.5688
7427           94    0                 124      63     1 0.5688
7428           14    1                 124       3     0 0.5688
7429            3    1                 124       2     0 0.5688
7430           94    0                 124      80     1 0.5688
7431           96    0                 124      22     1 0.5688
7432           81    1                 124      23     1 0.5688
7433            6    1                 124       3     1 0.5688
7434           95    1                 124      82     1 0.5688
7435           40    1                 124       3     1 0.5688
7436           95    1                 124      57     1 0.5688
7437           96    1                 124      21     1 0.5688
7438           61    0                 124       4     0 0.5688
7439           96    1                 124      80     1 0.5688
7440           61    1                 124      22     1 0.5688
7441           41    0                 125      38     0 0.5760
7442           99    0                 125      61     1 0.5760
7443           72    0                 125      27     1 0.5760
7444          100    0                 125      83     1 0.5760
7445           65    0                 125      19     0 0.5760
7446           82    1                 125      38     1 0.5760
7447           80    1                 125      40     0 0.5760
7448           61    1                 125      27     1 0.5760
7449           98    1                 125      35     0 0.5760
7450           63    1                 125      28     0 0.5760
7451           54    0                 125      39     0 0.5760
7452           76    0                 125      39     1 0.5760
7453           80    0                 125      41     0 0.5760
7454           13    0                 125      40     1 0.5760
7455          100    0                 125      41     1 0.5760
7456          100    0                 125      43     0 0.5760
7457           92    0                 125      40     0 0.5760
7458           63    1                 125      30     1 0.5760
7459           99    0                 125      58     1 0.5760
7460           97    1                 125      59     1 0.5760
7461           39    0                 125      40     0 0.5760
7462           86    1                 125      43     0 0.5760
7463           89    1                 125      77     1 0.5760
7464           92    0                 125      35     1 0.5760
7465           81    1                 125      45     1 0.5760
7466           94    0                 125      20     1 0.5760
7467            1    0                 125       6     0 0.5760
7468           99    1                 125      62     1 0.5760
7469           62    1                 125      34     0 0.5760
7470           82    1                 125      23     0 0.5760
7471          100    0                 125      43     0 0.5760
7472           93    1                 125      42     0 0.5760
7473           83    0                 125      44     0 0.5760
7474           15    0                 125      39     0 0.5760
7475           39    1                 125      20     0 0.5760
7476           76    1                 125      61     0 0.5760
7477           61    1                 125      22     0 0.5760
7478           65    1                 125      41     0 0.5760
7479           99    0                 125      42     0 0.5760
7480           96    1                 125      21     0 0.5760
7481           96    1                 125      58     1 0.5760
7482          100    0                 125      43     1 0.5760
7483          100    1                 125      40     1 0.5760
7484           90    1                 125      31     0 0.5760
7485           93    1                 125      41     0 0.5760
7486           69    0                 125      33     0 0.5760
7487          100    1                 125      59     1 0.5760
7488           96    1                 125      63     0 0.5760
7489           11    1                 125      10     0 0.5760
7490           74    0                 125      58     1 0.5760
7491           96    1                 125      41     1 0.5760
7492           82    1                 125      61     1 0.5760
7493           60    0                 125      41     1 0.5760
7494          100    1                 125      40     1 0.5760
7495           84    0                 125      21     1 0.5760
7496           99    0                 125      81     1 0.5760
7497          100    0                 125      41     1 0.5760
7498           65    1                 125      21     0 0.5760
7499          100    0                 125      44     1 0.5760
7500           79    0                 125      44     1 0.5760
7501           30    0                 126      11     0 0.5247
7502           75    1                 126      59     1 0.5247
7503           69    0                 126      80     1 0.5247
7504           50    0                 126      51     1 0.5247
7505           38    0                 126       6     0 0.5247
7506           70    1                 126      60     1 0.5247
7507           31    0                 126      12     0 0.5247
7508           32    1                 126      14     1 0.5247
7509           37    1                 126      11     0 0.5247
7510           34    0                 126       1     0 0.5247
7511           29    0                 126      12     0 0.5247
7512           65    1                 126      58     1 0.5247
7513           40    0                 126      18     0 0.5247
7514           82    1                 126      54     1 0.5247
7515           71    0                 126      68     1 0.5247
7516           60    1                 126      50     0 0.5247
7517           59    0                 126      28     0 0.5247
7518           43    0                 126      12     1 0.5247
7519           64    0                 126      63     1 0.5247
7520           67    0                 126      59     1 0.5247
7521           29    1                 126       1     0 0.5247
7522           32    0                 126      10     0 0.5247
7523           69    0                 126      61     1 0.5247
7524           56    0                 126      57     1 0.5247
7525           56    1                 126      59     1 0.5247
7526           65    0                 126      53     1 0.5247
7527           30    0                 126      11     0 0.5247
7528           66    1                 126      60     1 0.5247
7529           39    0                 126      23     0 0.5247
7530           32    1                 126       4     0 0.5247
7531           43    1                 126       3     0 0.5247
7532           50    0                 126      39     0 0.5247
7533           33    1                 126       8     0 0.5247
7534           40    0                 126      19     0 0.5247
7535           21    1                 126       3     0 0.5247
7536           32    0                 126       4     0 0.5247
7537           50    1                 126      21     0 0.5247
7538           34    1                 126       8     0 0.5247
7539           60    1                 126      54     0 0.5247
7540           44    1                 126       9     0 0.5247
7541           69    0                 126      62     1 0.5247
7542           64    0                 126      65     1 0.5247
7543           63    0                 126      38     1 0.5247
7544           56    0                 126      62     0 0.5247
7545           62    1                 126      59     0 0.5247
7546           26    1                 126      27     0 0.5247
7547           66    1                 126      60     1 0.5247
7548           37    1                 126      11     0 0.5247
7549           37    0                 126      51     0 0.5247
7550           62    1                 126      62     1 0.5247
7551           67    1                 126      56     1 0.5247
7552           60    0                 126      42     1 0.5247
7553           40    1                 126      34     1 0.5247
7554           77    1                 126      65     1 0.5247
7555           74    1                 126      65     1 0.5247
7556           71    0                 126      61     1 0.5247
7557           94    1                 126      39     1 0.5247
7558           59    0                 126      36     0 0.5247
7559           63    1                 126      62     1 0.5247
7560           45    1                 126      30     1 0.5247
7561            1    0                 127       1     0 0.2083
7562          100    1                 127      82     1 0.2083
7563          100    1                 127     100     1 0.2083
7564           82    0                 127       1     1 0.2083
7565           61    1                 127     100     0 0.2083
7566          100    0                 127     100     1 0.2083
7567           61    1                 127      41     0 0.2083
7568           40    0                 127       1     1 0.2083
7569           61    0                 127      40     0 0.2083
7570           20    0                 127       1     0 0.2083
7571           61    1                 127       1     0 0.2083
7572           81    0                 127      42     1 0.2083
7573           22    1                 127       1     0 0.2083
7574          100    0                 127      61     1 0.2083
7575          100    1                 127      81     1 0.2083
7576           62    0                 127      62     0 0.2083
7577           63    0                 127       1     0 0.2083
7578          100    1                 127      61     1 0.2083
7579          100    1                 127     100     1 0.2083
7580          100    1                 127     100     1 0.2083
7581           61    0                 127       1     0 0.2083
7582           81    1                 127      63     0 0.2083
7583          100    1                 127     100     1 0.2083
7584           80    1                 127      39     1 0.2083
7585          100    0                 127     100     1 0.2083
7586           61    0                 127     100     1 0.2083
7587           64    1                 127       1     0 0.2083
7588          100    1                 127      61     1 0.2083
7589            1    0                 127       1     0 0.2083
7590           62    0                 127       1     0 0.2083
7591           61    0                 127       1     0 0.2083
7592           62    0                 127       1     0 0.2083
7593           61    0                 127       1     0 0.2083
7594           61    0                 127      41     0 0.2083
7595           62    1                 127      63     0 0.2083
7596           80    1                 127      61     0 0.2083
7597           41    1                 127       1     0 0.2083
7598           22    0                 127       1     0 0.2083
7599          100    0                 127     100     0 0.2083
7600           23    0                 127       1     0 0.2083
7601          100    1                 127     100     1 0.2083
7602          100    1                 127      62     1 0.2083
7603           61    0                 127      61     1 0.2083
7604           82    1                 127      61     0 0.2083
7605           61    0                 127       1     0 0.2083
7606          100    0                 127      82     0 0.2083
7607           63    1                 127       1     1 0.2083
7608           99    1                 127      62     0 0.2083
7609            1    1                 127       1     0 0.2083
7610          100    1                 127      81     1 0.2083
7611          100    1                 127     100     1 0.2083
7612           61    0                 127      64     1 0.2083
7613           81    1                 127      60     1 0.2083
7614          100    0                 127     100     1 0.2083
7615           80    1                 127     100     1 0.2083
7616          100    0                 127     100     1 0.2083
7617          100    1                 127      41     1 0.2083
7618           80    0                 127      65     0 0.2083
7619          100    0                 127     100     1 0.2083
7620          100    1                 127     100     1 0.2083
7621            2    1                 128      84     0 0.0625
7622           99    1                 128      88     1 0.0625
7623           57    0                 128      88     1 0.0625
7624           51    1                 128      24     1 0.0625
7625           53    1                 128      68     0 0.0625
7626           86    0                 128      88     1 0.0625
7627            4    1                 128       3     0 0.0625
7628           40    0                 128       1     1 0.0625
7629           13    1                 128      22     0 0.0625
7630           20    1                 128      24     0 0.0625
7631            3    0                 128       3     0 0.0625
7632           77    0                 128      90     1 0.0625
7633           72    0                 128      77     0 0.0625
7634            2    1                 128       1     1 0.0625
7635           84    0                 128      89     1 0.0625
7636           57    0                 128      87     0 0.0625
7637           60    1                 128      86     0 0.0625
7638           53    1                 128      39     1 0.0625
7639           72    1                 128      74     1 0.0625
7640           70    0                 128      89     1 0.0625
7641           59    1                 128      20     0 0.0625
7642           90    1                 128      85     0 0.0625
7643           60    0                 128      89     1 0.0625
7644           78    0                 128      86     1 0.0625
7645           63    0                 128      82     1 0.0625
7646           63    0                 128      83     1 0.0625
7647           66    0                 128      65     0 0.0625
7648           87    1                 128     100     1 0.0625
7649           41    0                 128       3     0 0.0625
7650            7    0                 128      17     0 0.0625
7651           82    0                 128      90     0 0.0625
7652           38    1                 128      37     0 0.0625
7653           16    0                 128       2     0 0.0625
7654           38    1                 128      23     0 0.0625
7655           22    1                 128      88     0 0.0625
7656            3    1                 128       2     0 0.0625
7657           42    0                 128      17     0 0.0625
7658           28    1                 128      16     0 0.0625
7659           62    0                 128      85     0 0.0625
7660           15    0                 128       4     0 0.0625
7661           56    0                 128      83     1 0.0625
7662           88    0                 128      87     1 0.0625
7663           99    0                 128      89     1 0.0625
7664           84    0                 128      70     0 0.0625
7665           50    1                 128      40     0 0.0625
7666           55    0                 128      22     0 0.0625
7667           90    1                 128      84     1 0.0625
7668           31    1                 128      14     0 0.0625
7669            2    1                 128       1     0 0.0625
7670           71    0                 128      91     1 0.0625
7671           67    0                 128      91     1 0.0625
7672           55    1                 128      71     1 0.0625
7673           38    1                 128      19     1 0.0625
7674           89    1                 128      90     1 0.0625
7675           83    1                 128      91     1 0.0625
7676          100    0                 128      99     1 0.0625
7677          100    1                 128      69     1 0.0625
7678           59    1                 128      26     0 0.0625
7679           88    1                 128      87     1 0.0625
7680           67    0                 128      87     1 0.0625
7681           22    0                 129      12     0 0.5889
7682           87    1                 129      79     1 0.5889
7683           76    0                 129      27     1 0.5889
7684           23    0                 129       7     1 0.5889
7685            7    1                 129       1     0 0.5889
7686           69    0                 129      64     1 0.5889
7687           25    0                 129      16     0 0.5889
7688           12    1                 129       2     1 0.5889
7689           66    0                 129      80     0 0.5889
7690           38    1                 129      18     0 0.5889
7691           52    1                 129       6     0 0.5889
7692           60    1                 129      42     1 0.5889
7693           42    0                 129      59     0 0.5889
7694           66    1                 129       7     1 0.5889
7695           82    0                 129      62     1 0.5889
7696           42    0                 129      76     0 0.5889
7697           59    0                 129       7     0 0.5889
7698           43    1                 129      93     1 0.5889
7699           93    1                 129      77     1 0.5889
7700           81    1                 129      85     1 0.5889
7701           28    0                 129       1     0 0.5889
7702           21    0                 129       5     0 0.5889
7703           81    0                 129      70     1 0.5889
7704           73    1                 129      64     1 0.5889
7705           95    1                 129      93     1 0.5889
7706           70    1                 129      22     1 0.5889
7707           63    1                 129      77     0 0.5889
7708           59    1                 129      72     1 0.5889
7709           63    1                 129      40     0 0.5889
7710           63    1                 129      37     0 0.5889
7711           41    0                 129      37     0 0.5889
7712           43    0                 129      16     0 0.5889
7713           79    1                 129      11     0 0.5889
7714           22    0                 129       6     0 0.5889
7715           21    0                 129       1     0 0.5889
7716           79    1                 129      81     0 0.5889
7717            4    0                 129      27     0 0.5889
7718           61    0                 129      37     0 0.5889
7719           83    1                 129      67     0 0.5889
7720           23    1                 129       1     0 0.5889
7721           41    1                 129      80     1 0.5889
7722           79    1                 129      94     1 0.5889
7723           74    1                 129      68     1 0.5889
7724           69    0                 129      40     0 0.5889
7725           84    0                 129      79     0 0.5889
7726           83    0                 129      25     0 0.5889
7727           81    0                 129      65     1 0.5889
7728           69    1                 129      46     0 0.5889
7729            2    0                 129      14     0 0.5889
7730           86    0                 129      92     1 0.5889
7731           82    0                 129      66     1 0.5889
7732           59    1                 129      14     1 0.5889
7733           66    1                 129      32     1 0.5889
7734           85    0                 129      23     1 0.5889
7735           43    0                 129       1     1 0.5889
7736           98    1                 129     100     1 0.5889
7737           94    1                 129      56     1 0.5889
7738           42    0                 129      39     0 0.5889
7739           54    0                 129      80     1 0.5889
7740           62    1                 129      92     1 0.5889
7741            2    1                 130       1     0 0.7188
7742           95    0                 130       1     1 0.7188
7743           94    1                 130       1     1 0.7188
7744           91    1                 130       1     1 0.7188
7745           44    1                 130       1     0 0.7188
7746           94    1                 130       1     1 0.7188
7747           89    0                 130       1     0 0.7188
7748           95    0                 130       1     1 0.7188
7749           34    1                 130       1     0 0.7188
7750           66    0                 130       1     0 0.7188
7751           18    1                 130       1     0 0.7188
7752           83    0                 130       1     1 0.7188
7753            1    0                 130       1     0 0.7188
7754           22    1                 130       1     1 0.7188
7755           64    1                 130      77     1 0.7188
7756           74    1                 130       1     0 0.7188
7757          100    0                 130      97     0 0.7188
7758          100    1                 130     100     1 0.7188
7759          100    0                 130     100     1 0.7188
7760           66    0                 130       1     1 0.7188
7761           34    1                 130       1     0 0.7188
7762           29    0                 130       1     0 0.7188
7763           80    1                 130       1     1 0.7188
7764          100    0                 130       1     1 0.7188
7765           99    0                 130      78     1 0.7188
7766           99    0                 130       1     1 0.7188
7767           65    0                 130       1     0 0.7188
7768           90    1                 130       1     1 0.7188
7769           91    0                 130       1     0 0.7188
7770          100    0                 130       1     0 0.7188
7771           21    1                 130       1     0 0.7188
7772           12    1                 130       1     0 0.7188
7773          100    1                 130     100     0 0.7188
7774           76    1                 130      59     0 0.7188
7775           90    0                 130       1     0 0.7188
7776          100    0                 130       1     0 0.7188
7777           28    0                 130      63     0 0.7188
7778           35    1                 130       1     0 0.7188
7779           88    0                 130       1     0 0.7188
7780           28    1                 130       1     0 0.7188
7781           96    0                 130      84     1 0.7188
7782           63    0                 130       1     1 0.7188
7783          100    1                 130       1     1 0.7188
7784           80    1                 130       1     0 0.7188
7785          100    1                 130       1     0 0.7188
7786            3    0                 130       1     0 0.7188
7787          100    0                 130       1     1 0.7188
7788          100    1                 130      82     0 0.7188
7789            1    1                 130       1     0 0.7188
7790           94    1                 130      83     1 0.7188
7791           99    0                 130      91     1 0.7188
7792          100    1                 130       1     1 0.7188
7793           78    0                 130      81     1 0.7188
7794          100    0                 130      77     1 0.7188
7795           89    1                 130       1     1 0.7188
7796          100    1                 130     100     1 0.7188
7797          100    0                 130       1     1 0.7188
7798          100    0                 130      83     0 0.7188
7799           92    0                 130      86     1 0.7188
7800           85    1                 130      89     1 0.7188
7801           30    1                 131       9     0 0.7799
7802           75    0                 131       4     1 0.7799
7803           77    0                 131      82     1 0.7799
7804           87    1                 131       7     1 0.7799
7805           55    0                 131       4     0 0.7799
7806           73    1                 131      73     1 0.7799
7807           31    0                 131      10     0 0.7799
7808           34    0                 131      32     1 0.7799
7809           31    0                 131       3     0 0.7799
7810           84    1                 131      32     0 0.7799
7811           82    0                 131      61     0 0.7799
7812           37    1                 131       6     1 0.7799
7813           50    1                 131       5     0 0.7799
7814           71    0                 131      66     1 0.7799
7815           92    0                 131      78     1 0.7799
7816           99    0                 131      71     0 0.7799
7817            5    1                 131       1     0 0.7799
7818           45    0                 131      61     1 0.7799
7819           81    0                 131      54     1 0.7799
7820           85    0                 131      83     1 0.7799
7821           11    1                 131      34     0 0.7799
7822           90    1                 131      13     0 0.7799
7823           59    0                 131      75     1 0.7799
7824           94    1                 131       6     1 0.7799
7825           96    0                 131      86     1 0.7799
7826           61    1                 131       6     1 0.7799
7827           81    1                 131      10     0 0.7799
7828           78    0                 131       3     1 0.7799
7829           19    0                 131       4     0 0.7799
7830           32    0                 131       5     0 0.7799
7831           44    0                 131       1     0 0.7799
7832           70    1                 131      23     0 0.7799
7833           70    0                 131      21     0 0.7799
7834           35    1                 131       5     0 0.7799
7835           30    1                 131       1     0 0.7799
7836          100    1                 131      33     0 0.7799
7837           69    1                 131       5     0 0.7799
7838           11    0                 131      10     0 0.7799
7839           89    0                 131       3     0 0.7799
7840           31    1                 131      61     0 0.7799
7841           68    0                 131      10     1 0.7799
7842           69    1                 131       7     1 0.7799
7843          100    1                 131       4     1 0.7799
7844           56    1                 131       4     0 0.7799
7845          100    1                 131       6     0 0.7799
7846           28    1                 131      12     0 0.7799
7847           93    0                 131       7     1 0.7799
7848           69    1                 131       6     0 0.7799
7849           32    1                 131       8     0 0.7799
7850           67    0                 131      66     1 0.7799
7851           73    0                 131      73     1 0.7799
7852           56    1                 131      14     1 0.7799
7853           71    1                 131       6     1 0.7799
7854           94    0                 131      60     1 0.7799
7855           75    1                 131      11     1 0.7799
7856           89    0                 131      41     1 0.7799
7857           75    0                 131       9     1 0.7799
7858           31    1                 131      14     0 0.7799
7859           54    0                 131       8     1 0.7799
7860           47    1                 131      13     1 0.7799
7861            1    1                 132       1     0 0.6813
7862           60    1                 132      42     1 0.6813
7863           62    1                 132      40     1 0.6813
7864           82    0                 132      81     1 0.6813
7865           47    1                 132      11     0 0.6813
7866           50    0                 132      46     1 0.6813
7867           42    0                 132      78     0 0.6813
7868           62    1                 132      32     1 0.6813
7869            4    0                 132      15     0 0.6813
7870           43    0                 132      21     0 0.6813
7871            1    0                 132       1     0 0.6813
7872           61    0                 132      45     1 0.6813
7873           48    1                 132      41     0 0.6813
7874           51    1                 132       8     1 0.6813
7875           60    1                 132      33     1 0.6813
7876           61    1                 132      22     0 0.6813
7877           35    0                 132       2     0 0.6813
7878           50    0                 132      20     1 0.6813
7879           78    1                 132      63     1 0.6813
7880           62    0                 132      81     1 0.6813
7881           40    0                 132      11     0 0.6813
7882           50    0                 132      43     0 0.6813
7883           62    1                 132      41     1 0.6813
7884           60    1                 132      36     1 0.6813
7885           79    0                 132      62     1 0.6813
7886           22    1                 132      40     1 0.6813
7887           23    0                 132       4     0 0.6813
7888           59    0                 132      57     1 0.6813
7889           60    1                 132      18     0 0.6813
7890           52    0                 132      21     0 0.6813
7891           50    1                 132      31     0 0.6813
7892            2    1                 132       3     0 0.6813
7893           42    0                 132      58     0 0.6813
7894           63    1                 132       4     0 0.6813
7895           32    1                 132      38     0 0.6813
7896           81    1                 132      80     0 0.6813
7897           18    0                 132       1     0 0.6813
7898           46    1                 132      18     0 0.6813
7899           50    0                 132      43     0 0.6813
7900           42    0                 132      29     0 0.6813
7901           61    0                 132      61     1 0.6813
7902           79    0                 132      61     1 0.6813
7903           78    1                 132      49     1 0.6813
7904           39    1                 132      19     0 0.6813
7905           62    0                 132      73     0 0.6813
7906           43    0                 132      13     0 0.6813
7907           61    1                 132      60     1 0.6813
7908           47    0                 132      38     0 0.6813
7909           20    0                 132       1     0 0.6813
7910           50    1                 132      59     1 0.6813
7911           82    1                 132      63     1 0.6813
7912           55    0                 132      60     1 0.6813
7913           82    0                 132      55     1 0.6813
7914           78    1                 132      57     1 0.6813
7915           62    1                 132      60     1 0.6813
7916           98    1                 132      40     1 0.6813
7917           71    1                 132      82     1 0.6813
7918           62    0                 132      59     0 0.6813
7919           61    0                 132      62     1 0.6813
7920           86    1                 132      59     1 0.6813
7921           73    0                 133       1     0 0.8007
7922           52    0                 133      63     1 0.8007
7923           53    1                 133      47     1 0.8007
7924           84    1                 133      59     1 0.8007
7925           45    0                 133      40     0 0.8007
7926           62    1                 133      60     1 0.8007
7927           55    1                 133      47     0 0.8007
7928           95    1                 133      89     1 0.8007
7929           16    0                 133       6     0 0.8007
7930           26    1                 133       1     0 0.8007
7931           35    0                 133       4     0 0.8007
7932           69    0                 133      59     1 0.8007
7933           54    1                 133      32     0 0.8007
7934           29    0                 133       4     1 0.8007
7935           95    1                 133      81     1 0.8007
7936           52    0                 133      70     0 0.8007
7937           67    0                 133      96     0 0.8007
7938           35    1                 133       3     1 0.8007
7939           64    0                 133      46     1 0.8007
7940           61    1                 133      77     1 0.8007
7941           41    0                 133       9     0 0.8007
7942           69    0                 133      59     0 0.8007
7943           57    1                 133      35     1 0.8007
7944           91    1                 133      52     1 0.8007
7945           96    1                 133      78     1 0.8007
7946           86    1                 133      95     1 0.8007
7947           46    0                 133      38     0 0.8007
7948           91    1                 133      53     1 0.8007
7949           52    1                 133      46     0 0.8007
7950           55    1                 133       4     0 0.8007
7951           66    1                 133      13     0 0.8007
7952            4    0                 133       2     0 0.8007
7953           61    1                 133       6     0 0.8007
7954           51    0                 133      47     0 0.8007
7955           76    1                 133      85     0 0.8007
7956           48    1                 133       6     0 0.8007
7957           46    0                 133      10     0 0.8007
7958           52    0                 133      16     0 0.8007
7959           60    0                 133      57     0 0.8007
7960           43    0                 133       8     0 0.8007
7961          100    1                 133      97     1 0.8007
7962           95    1                 133      83     1 0.8007
7963           78    1                 133      82     1 0.8007
7964           96    0                 133     100     0 0.8007
7965           73    1                 133      94     0 0.8007
7966           42    0                 133       4     0 0.8007
7967           94    0                 133      87     1 0.8007
7968           63    1                 133      32     0 0.8007
7969           13    0                 133       5     0 0.8007
7970           69    1                 133      76     1 0.8007
7971           80    1                 133      81     1 0.8007
7972           93    0                 133      95     1 0.8007
7973           23    0                 133       2     1 0.8007
7974           97    0                 133      91     1 0.8007
7975           94    0                 133      93     1 0.8007
7976           87    1                 133      94     1 0.8007
7977           89    0                 133      83     1 0.8007
7978           63    0                 133      55     0 0.8007
7979           52    1                 133      52     1 0.8007
7980           54    0                 133      51     1 0.8007
7981            1    0                 134       1     0 0.1042
7982           69    1                 134       1     1 0.1042
7983          100    0                 134      81     1 0.1042
7984          100    0                 134     100     1 0.1042
7985           50    0                 134       1     0 0.1042
7986           79    1                 134      89     1 0.1042
7987            1    0                 134       1     0 0.1042
7988           14    0                 134       1     1 0.1042
7989           84    1                 134      27     0 0.1042
7990           46    1                 134       1     0 0.1042
7991           66    0                 134       1     0 0.1042
7992           86    0                 134      94     1 0.1042
7993           59    1                 134       1     0 0.1042
7994           47    0                 134       1     1 0.1042
7995          100    0                 134      80     1 0.1042
7996           67    0                 134       1     0 0.1042
7997           54    1                 134       1     0 0.1042
7998           55    0                 134      23     1 0.1042
7999          100    1                 134     100     1 0.1042
8000           87    0                 134      94     1 0.1042
8001           20    1                 134       1     0 0.1042
8002           92    0                 134      21     0 0.1042
8003           87    1                 134      76     1 0.1042
8004          100    1                 134     100     1 0.1042
8005           76    1                 134      80     1 0.1042
8006           98    1                 134     100     1 0.1042
8007           65    1                 134       1     0 0.1042
8008          100    1                 134     100     1 0.1042
8009           18    0                 134       1     0 0.1042
8010            6    0                 134       1     0 0.1042
8011            1    0                 134       1     0 0.1042
8012           50    1                 134       1     0 0.1042
8013            1    1                 134       1     0 0.1042
8014            1    1                 134       1     0 0.1042
8015            1    0                 134       1     0 0.1042
8016           72    1                 134      83     0 0.1042
8017            3    1                 134       1     0 0.1042
8018           52    1                 134       1     0 0.1042
8019           90    0                 134      79     0 0.1042
8020           12    1                 134       1     0 0.1042
8021          100    0                 134      86     1 0.1042
8022          100    1                 134     100     1 0.1042
8023           91    0                 134      79     1 0.1042
8024           19    0                 134       1     0 0.1042
8025           90    0                 134     100     0 0.1042
8026            1    0                 134       1     0 0.1042
8027          100    1                 134     100     1 0.1042
8028            1    1                 134       1     0 0.1042
8029            1    0                 134       1     0 0.1042
8030           75    1                 134       1     1 0.1042
8031           77    0                 134     100     1 0.1042
8032           84    0                 134      65     1 0.1042
8033           12    0                 134       1     1 0.1042
8034          100    0                 134     100     1 0.1042
8035          100    1                 134      81     1 0.1042
8036          100    0                 134       1     1 0.1042
8037          100    1                 134     100     1 0.1042
8038           95    1                 134       1     0 0.1042
8039           85    1                 134      77     1 0.1042
8040           93    1                 134     100     1 0.1042
8041           22    0                 135      42     0 0.4382
8042           61    1                 135      64     1 0.4382
8043           23    0                 135      20     1 0.4382
8044           61    1                 135      62     1 0.4382
8045           60    1                 135      21     0 0.4382
8046           64    1                 135      62     1 0.4382
8047           18    1                 135      22     0 0.4382
8048           73    0                 135      60     1 0.4382
8049           76    0                 135      61     0 0.4382
8050           79    0                 135      40     0 0.4382
8051           43    0                 135      19     0 0.4382
8052           62    1                 135      63     1 0.4382
8053           41    0                 135      42     0 0.4382
8054          100    0                 135      82     1 0.4382
8055           81    0                 135      60     1 0.4382
8056           63    0                 135      80     0 0.4382
8057           40    1                 135       1     0 0.4382
8058           44    0                 135      41     1 0.4382
8059           61    0                 135      60     1 0.4382
8060           60    1                 135      60     1 0.4382
8061           80    1                 135      22     0 0.4382
8062           42    1                 135      40     0 0.4382
8063           79    1                 135      61     1 0.4382
8064           80    0                 135      60     1 0.4382
8065           61    1                 135      82     1 0.4382
8066           77    0                 135      41     1 0.4382
8067           38    0                 135      62     0 0.4382
8068           61    0                 135      61     1 0.4382
8069           97    1                 135      81     0 0.4382
8070           65    0                 135      59     0 0.4382
8071            1    0                 135      43     0 0.4382
8072           61    0                 135      79     0 0.4382
8073           36    1                 135      21     0 0.4382
8074           21    0                 135      21     0 0.4382
8075           21    1                 135      24     0 0.4382
8076           63    1                 135      62     0 0.4382
8077           41    0                 135      40     0 0.4382
8078           63    1                 135      22     0 0.4382
8079           61    1                 135      61     0 0.4382
8080           41    0                 135      41     0 0.4382
8081           82    1                 135      62     1 0.4382
8082           81    1                 135      41     1 0.4382
8083           61    1                 135      62     1 0.4382
8084           39    0                 135      41     0 0.4382
8085           79    0                 135      22     0 0.4382
8086           40    1                 135      40     0 0.4382
8087           63    1                 135      80     1 0.4382
8088           41    0                 135      41     0 0.4382
8089           43    0                 135      62     0 0.4382
8090           80    1                 135      79     1 0.4382
8091           81    1                 135     100     1 0.4382
8092           82    1                 135      60     1 0.4382
8093           41    0                 135      42     1 0.4382
8094           82    1                 135      61     1 0.4382
8095           39    0                 135      63     1 0.4382
8096           76    0                 135      82     1 0.4382
8097           98    1                 135      62     1 0.4382
8098           62    1                 135      40     0 0.4382
8099           60    1                 135      81     1 0.4382
8100           75    0                 135      62     1 0.4382
8101           13    0                 136       1     0 0.4580
8102           61    1                 136      18     1 0.4580
8103           82    0                 136      35     1 0.4580
8104           91    1                 136      24     1 0.4580
8105           36    1                 136       7     0 0.4580
8106           69    1                 136      48     1 0.4580
8107           30    1                 136       4     0 0.4580
8108           46    1                 136       3     1 0.4580
8109           40    0                 136       1     0 0.4580
8110           53    0                 136       2     0 0.4580
8111           66    0                 136      31     0 0.4580
8112           97    1                 136      21     1 0.4580
8113           23    1                 136       1     0 0.4580
8114           54    0                 136       1     1 0.4580
8115           87    1                 136      44     1 0.4580
8116           25    1                 136      32     0 0.4580
8117           13    0                 136       5     0 0.4580
8118           51    0                 136       9     1 0.4580
8119           71    1                 136      35     1 0.4580
8120           85    1                 136      54     1 0.4580
8121           10    0                 136       1     0 0.4580
8122           16    0                 136       4     0 0.4580
8123           91    1                 136      32     1 0.4580
8124           51    0                 136      22     1 0.4580
8125           56    0                 136      11     1 0.4580
8126           52    0                 136       9     1 0.4580
8127           23    0                 136       5     0 0.4580
8128           60    0                 136      43     1 0.4580
8129           61    0                 136      33     0 0.4580
8130           52    0                 136      21     0 0.4580
8131           55    0                 136      13     0 0.4580
8132           12    1                 136       3     0 0.4580
8133           16    1                 136       1     0 0.4580
8134           27    1                 136       2     0 0.4580
8135           52    1                 136       6     0 0.4580
8136           35    1                 136       6     0 0.4580
8137           55    1                 136      12     0 0.4580
8138           55    0                 136      29     0 0.4580
8139           75    1                 136      15     0 0.4580
8140           32    1                 136       5     0 0.4580
8141           71    1                 136      31     1 0.4580
8142           85    0                 136      41     1 0.4580
8143           84    0                 136      41     1 0.4580
8144           65    0                 136      20     0 0.4580
8145           55    0                 136      23     0 0.4580
8146           54    0                 136      16     0 0.4580
8147           85    0                 136      45     1 0.4580
8148           52    1                 136      16     0 0.4580
8149            6    0                 136       1     0 0.4580
8150           65    1                 136      15     1 0.4580
8151           86    1                 136      48     1 0.4580
8152           62    1                 136      19     1 0.4580
8153           66    1                 136      17     1 0.4580
8154          100    1                 136      51     1 0.4580
8155           81    0                 136      23     1 0.4580
8156            7    0                 136       1     1 0.4580
8157           91    0                 136      30     1 0.4580
8158           56    1                 136      13     0 0.4580
8159           88    1                 136      51     1 0.4580
8160           81    0                 136      29     1 0.4580
8161           19    0                 137      41     0 0.5056
8162           63    0                 137      59     1 0.5056
8163           64    0                 137      87     1 0.5056
8164           80    1                 137      67     1 0.5056
8165           39    0                 137      35     0 0.5056
8166           78    0                 137      62     1 0.5056
8167            4    0                 137      60     0 0.5056
8168           18    0                 137      60     1 0.5056
8169            6    0                 137      26     0 0.5056
8170           25    1                 137      90     0 0.5056
8171           81    1                 137      22     0 0.5056
8172           93    1                 137      65     1 0.5056
8173           75    0                 137      32     0 0.5056
8174           20    0                 137      25     1 0.5056
8175           85    0                 137      55     1 0.5056
8176           81    1                 137      25     0 0.5056
8177           61    0                 137      26     0 0.5056
8178           92    1                 137      61     1 0.5056
8179           98    1                 137      59     1 0.5056
8180           90    0                 137      69     1 0.5056
8181           19    1                 137      22     0 0.5056
8182           61    1                 137      21     0 0.5056
8183           64    1                 137      61     1 0.5056
8184           75    1                 137      60     1 0.5056
8185           85    1                 137      97     1 0.5056
8186           95    1                 137      60     1 0.5056
8187           93    1                 137      24     0 0.5056
8188           94    1                 137      80     1 0.5056
8189           63    0                 137      26     0 0.5056
8190           61    1                 137      42     0 0.5056
8191           23    0                 137      21     0 0.5056
8192           78    1                 137      30     0 0.5056
8193           39    0                 137      45     0 0.5056
8194           72    1                 137      38     0 0.5056
8195           27    1                 137      24     0 0.5056
8196           42    0                 137      61     0 0.5056
8197           15    1                 137      58     0 0.5056
8198           49    1                 137      38     0 0.5056
8199           60    1                 137      59     0 0.5056
8200           19    1                 137      68     0 0.5056
8201           72    0                 137      61     1 0.5056
8202           79    1                 137      73     1 0.5056
8203           24    0                 137      56     1 0.5056
8204           83    0                 137      41     0 0.5056
8205           68    0                 137      61     0 0.5056
8206           21    0                 137      30     0 0.5056
8207           80    0                 137      64     1 0.5056
8208           35    0                 137      79     0 0.5056
8209           20    0                 137      39     0 0.5056
8210           20    1                 137      57     1 0.5056
8211           98    1                 137      99     1 0.5056
8212           27    0                 137      64     1 0.5056
8213           57    0                 137      35     1 0.5056
8214           98    0                 137      77     1 0.5056
8215           56    0                 137      41     1 0.5056
8216           84    1                 137      88     1 0.5056
8217           86    0                 137      12     1 0.5056
8218           78    1                 137      63     0 0.5056
8219           75    1                 137      65     1 0.5056
8220           60    1                 137      80     1 0.5056
8221           21    0                 138       3     0 0.5042
8222           78    1                 138       2     1 0.5042
8223           73    1                 138      56     1 0.5042
8224           67    0                 138       6     1 0.5042
8225           50    1                 138       2     0 0.5042
8226           76    0                 138       3     1 0.5042
8227           52    0                 138       2     0 0.5042
8228           74    0                 138       3     1 0.5042
8229           14    0                 138       2     0 0.5042
8230           31    1                 138       3     0 0.5042
8231           64    0                 138      21     0 0.5042
8232           69    1                 138       2     1 0.5042
8233           48    0                 138       1     0 0.5042
8234           20    0                 138       1     1 0.5042
8235           74    1                 138       3     1 0.5042
8236           70    1                 138       2     0 0.5042
8237           27    0                 138       1     0 0.5042
8238           54    0                 138       3     1 0.5042
8239           69    0                 138       1     1 0.5042
8240           91    0                 138      22     1 0.5042
8241           32    1                 138       1     0 0.5042
8242           54    0                 138       3     0 0.5042
8243           89    1                 138      39     1 0.5042
8244           80    0                 138       2     1 0.5042
8245           65    1                 138      38     1 0.5042
8246           84    0                 138      40     1 0.5042
8247           65    1                 138       2     0 0.5042
8248           97    0                 138      23     1 0.5042
8249           31    1                 138       2     0 0.5042
8250           38    1                 138       2     0 0.5042
8251           77    0                 138      42     0 0.5042
8252           75    0                 138       4     0 0.5042
8253           31    1                 138       5     0 0.5042
8254           35    1                 138       4     0 0.5042
8255            7    1                 138       2     0 0.5042
8256           64    1                 138      20     0 0.5042
8257           19    1                 138       1     0 0.5042
8258           42    1                 138       2     0 0.5042
8259           59    0                 138       2     0 0.5042
8260           56    0                 138      21     0 0.5042
8261           69    0                 138       2     1 0.5042
8262           85    0                 138       3     1 0.5042
8263           71    1                 138       3     1 0.5042
8264           53    0                 138       2     0 0.5042
8265           73    0                 138       1     0 0.5042
8266           33    1                 138       3     0 0.5042
8267           63    1                 138       4     1 0.5042
8268           67    1                 138      21     0 0.5042
8269            8    1                 138       2     0 0.5042
8270           50    1                 138      40     1 0.5042
8271           94    1                 138      41     1 0.5042
8272           42    1                 138       2     1 0.5042
8273           45    0                 138       1     1 0.5042
8274           95    1                 138       3     1 0.5042
8275           56    0                 138       4     1 0.5042
8276           90    0                 138      23     1 0.5042
8277          100    0                 138      18     1 0.5042
8278           62    0                 138       2     0 0.5042
8279           78    1                 138      41     1 0.5042
8280           86    1                 138      20     1 0.5042
8281           61    0                 139       1     0 0.7188
8282           80    1                 139      23     1 0.7188
8283          100    1                 139      82     1 0.7188
8284           81    0                 139      21     1 0.7188
8285          100    0                 139      61     0 0.7188
8286          100    1                 139      63     1 0.7188
8287            1    0                 139       1     0 0.7188
8288            1    1                 139       1     1 0.7188
8289           61    1                 139       1     0 0.7188
8290            1    0                 139       1     0 0.7188
8291            1    1                 139       1     0 0.7188
8292           81    0                 139      62     1 0.7188
8293            1    0                 139       1     0 0.7188
8294          100    1                 139       2     1 0.7188
8295          100    1                 139      40     1 0.7188
8296           61    0                 139      22     0 0.7188
8297            1    1                 139       1     0 0.7188
8298           42    0                 139       1     1 0.7188
8299          100    0                 139      82     1 0.7188
8300          100    1                 139      61     1 0.7188
8301           21    0                 139       1     0 0.7188
8302           61    0                 139       1     0 0.7188
8303           81    0                 139     100     1 0.7188
8304           80    1                 139      24     1 0.7188
8305          100    1                 139      83     1 0.7188
8306           81    0                 139      21     1 0.7188
8307            1    0                 139       1     0 0.7188
8308          100    1                 139     100     1 0.7188
8309            1    0                 139       1     0 0.7188
8310            1    0                 139       1     0 0.7188
8311            1    1                 139       1     0 0.7188
8312           41    1                 139       1     0 0.7188
8313            1    1                 139       1     0 0.7188
8314            1    1                 139       1     0 0.7188
8315            1    1                 139       1     0 0.7188
8316            1    1                 139       1     0 0.7188
8317           40    0                 139       1     0 0.7188
8318            1    1                 139       1     0 0.7188
8319           22    0                 139       1     0 0.7188
8320            1    0                 139       1     0 0.7188
8321           82    1                 139      22     1 0.7188
8322          100    1                 139      82     1 0.7188
8323          100    0                 139      79     1 0.7188
8324            1    0                 139       1     0 0.7188
8325           62    1                 139       1     0 0.7188
8326            1    1                 139       1     0 0.7188
8327          100    1                 139      41     1 0.7188
8328            1    0                 139       1     0 0.7188
8329            1    0                 139       1     0 0.7188
8330          100    1                 139     100     1 0.7188
8331           81    0                 139      62     1 0.7188
8332          100    1                 139     100     1 0.7188
8333           42    0                 139       1     1 0.7188
8334          100    1                 139     100     1 0.7188
8335          100    0                 139      21     1 0.7188
8336          100    0                 139     100     1 0.7188
8337          100    1                 139       1     1 0.7188
8338           83    0                 139       1     0 0.7188
8339           81    0                 139      63     1 0.7188
8340           62    1                 139       1     1 0.7188
8341           75    1                 140      75     0 0.7674
8342           96    0                 140      65     1 0.7674
8343           83    0                 140      93     1 0.7674
8344           81    0                 140      71     1 0.7674
8345           78    1                 140      66     0 0.7674
8346           81    0                 140      74     1 0.7674
8347           65    0                 140      60     0 0.7674
8348           63    0                 140      44     1 0.7674
8349           30    0                 140      37     0 0.7674
8350           86    0                 140      29     0 0.7674
8351            7    1                 140      72     0 0.7674
8352           95    1                 140      45     1 0.7674
8353           23    0                 140      62     0 0.7674
8354           62    1                 140      78     1 0.7674
8355           99    0                 140      65     1 0.7674
8356           94    1                 140      99     0 0.7674
8357           89    1                 140      96     0 0.7674
8358           77    1                 140      42     1 0.7674
8359           79    0                 140      71     1 0.7674
8360           78    1                 140      42     1 0.7674
8361           62    1                 140      81     0 0.7674
8362          100    0                 140      81     0 0.7674
8363           84    1                 140      80     1 0.7674
8364           97    0                 140      98     1 0.7674
8365           59    0                 140      63     1 0.7674
8366           96    0                 140      44     1 0.7674
8367           40    1                 140      64     0 0.7674
8368           80    0                 140      42     1 0.7674
8369           63    1                 140      80     0 0.7674
8370           39    0                 140      82     0 0.7674
8371           42    1                 140      68     0 0.7674
8372           41    0                 140      25     0 0.7674
8373           74    1                 140      44     0 0.7674
8374           41    1                 140      36     0 0.7674
8375           41    0                 140      83     0 0.7674
8376           98    0                 140     100     0 0.7674
8377           76    0                 140      78     0 0.7674
8378           57    0                 140      32     0 0.7674
8379           97    1                 140      98     0 0.7674
8380            6    0                 140      94     0 0.7674
8381           98    0                 140      70     1 0.7674
8382           96    1                 140      96     1 0.7674
8383           80    1                 140      60     1 0.7674
8384            6    1                 140      58     0 0.7674
8385           97    0                 140     100     0 0.7674
8386           32    1                 140      40     0 0.7674
8387           80    0                 140      62     1 0.7674
8388           61    1                 140      32     0 0.7674
8389           78    1                 140      88     0 0.7674
8390           95    1                 140      78     1 0.7674
8391           93    0                 140      42     1 0.7674
8392           40    0                 140      60     1 0.7674
8393           61    1                 140      44     1 0.7674
8394           97    1                 140      60     1 0.7674
8395           74    1                 140      83     1 0.7674
8396           95    0                 140      69     1 0.7674
8397           93    0                 140      38     1 0.7674
8398           92    1                 140      27     0 0.7674
8399           95    1                 140      78     1 0.7674
8400           96    1                 140      77     1 0.7674
8401            3    0                 141       1     0 0.6354
8402           42    0                 141       1     1 0.6354
8403           80    0                 141      72     1 0.6354
8404           62    0                 141       1     1 0.6354
8405           79    1                 141      62     0 0.6354
8406           42    1                 141      43     1 0.6354
8407           39    1                 141       1     0 0.6354
8408           60    1                 141       1     1 0.6354
8409            1    1                 141       1     0 0.6354
8410           23    0                 141       1     0 0.6354
8411           22    1                 141       5     0 0.6354
8412           62    0                 141      63     1 0.6354
8413           61    1                 141       1     0 0.6354
8414          100    1                 141      62     1 0.6354
8415           97    1                 141      72     1 0.6354
8416           80    0                 141      22     0 0.6354
8417            4    1                 141       1     0 0.6354
8418           78    0                 141      22     1 0.6354
8419           81    0                 141      42     1 0.6354
8420           63    1                 141      73     1 0.6354
8421           22    1                 141       1     0 0.6354
8422           41    1                 141       1     0 0.6354
8423           69    0                 141      42     1 0.6354
8424           81    0                 141      62     1 0.6354
8425           62    1                 141      73     1 0.6354
8426           80    1                 141      61     1 0.6354
8427           63    0                 141      42     0 0.6354
8428           79    1                 141      81     1 0.6354
8429           61    0                 141       1     0 0.6354
8430            7    1                 141       1     0 0.6354
8431           61    1                 141       3     0 0.6354
8432           22    1                 141       1     0 0.6354
8433            5    1                 141       1     0 0.6354
8434            3    0                 141       1     0 0.6354
8435           41    1                 141       1     0 0.6354
8436           80    0                 141      73     0 0.6354
8437           61    0                 141      41     0 0.6354
8438            6    1                 141       1     0 0.6354
8439           61    0                 141      42     0 0.6354
8440            1    1                 141       1     0 0.6354
8441           89    0                 141      61     1 0.6354
8442           99    1                 141      62     1 0.6354
8443           61    0                 141      41     1 0.6354
8444           21    0                 141       1     0 0.6354
8445           73    0                 141      73     0 0.6354
8446           20    0                 141       1     0 0.6354
8447           99    1                 141      81     1 0.6354
8448            2    1                 141       1     0 0.6354
8449            1    0                 141       1     0 0.6354
8450           70    1                 141      81     1 0.6354
8451           71    1                 141      72     1 0.6354
8452           81    0                 141      30     1 0.6354
8453           60    0                 141      62     1 0.6354
8454          100    0                 141      61     1 0.6354
8455           61    0                 141       1     1 0.6354
8456           95    1                 141      90     1 0.6354
8457           99    1                 141      63     1 0.6354
8458           22    0                 141       1     0 0.6354
8459           89    0                 141      82     1 0.6354
8460           75    0                 141      82     1 0.6354
8461            4    1                 142       9     0 0.7278
8462           57    0                 142      21     1 0.7278
8463           42    0                 142      25     1 0.7278
8464           87    1                 142      86     1 0.7278
8465           34    0                 142      13     0 0.7278
8466           57    1                 142      64     1 0.7278
8467           58    0                 142      60     0 0.7278
8468           22    0                 142      22     1 0.7278
8469           41    1                 142      22     0 0.7278
8470           56    1                 142      77     0 0.7278
8471            1    1                 142       2     0 0.7278
8472           63    1                 142      69     1 0.7278
8473           25    0                 142       8     0 0.7278
8474           10    0                 142       5     1 0.7278
8475           66    0                 142      63     1 0.7278
8476           91    1                 142      65     0 0.7278
8477           57    0                 142      32     0 0.7278
8478           59    1                 142      65     1 0.7278
8479           74    0                 142      41     1 0.7278
8480           60    0                 142       9     1 0.7278
8481           18    0                 142      62     0 0.7278
8482           23    1                 142       2     0 0.7278
8483           42    0                 142       3     1 0.7278
8484           64    0                 142      74     1 0.7278
8485           67    1                 142      69     1 0.7278
8486           68    0                 142      84     1 0.7278
8487           17    0                 142      18     0 0.7278
8488           71    1                 142      61     1 0.7278
8489           99    0                 142      77     0 0.7278
8490           59    1                 142      23     0 0.7278
8491           37    1                 142      26     0 0.7278
8492           43    1                 142      38     0 0.7278
8493           58    1                 142      66     0 0.7278
8494           40    1                 142      40     0 0.7278
8495           65    1                 142      77     0 0.7278
8496           27    0                 142       3     0 0.7278
8497           59    1                 142      65     0 0.7278
8498           40    1                 142       7     0 0.7278
8499           57    0                 142       4     0 0.7278
8500           17    0                 142      13     0 0.7278
8501           72    0                 142      83     1 0.7278
8502           83    1                 142      69     1 0.7278
8503           61    1                 142      22     1 0.7278
8504           57    0                 142      61     0 0.7278
8505           64    1                 142      75     0 0.7278
8506           41    0                 142      27     0 0.7278
8507           60    1                 142       3     1 0.7278
8508           22    0                 142      18     0 0.7278
8509           20    0                 142       2     0 0.7278
8510           57    0                 142      69     1 0.7278
8511           82    0                 142      67     1 0.7278
8512           39    0                 142      22     1 0.7278
8513           30    1                 142      40     1 0.7278
8514           96    1                 142      81     1 0.7278
8515           58    1                 142      62     1 0.7278
8516           78    1                 142      67     1 0.7278
8517           33    0                 142      79     1 0.7278
8518           45    0                 142      26     0 0.7278
8519           72    1                 142      77     1 0.7278
8520           43    1                 142      65     1 0.7278
8521            1    1                 143      82     0 0.9271
8522           44    1                 143      24     1 0.9271
8523          100    0                 143     100     1 0.9271
8524           61    1                 143       6     1 0.9271
8525           61    1                 143      53     0 0.9271
8526           71    1                 143      82     1 0.9271
8527           37    0                 143       4     0 0.9271
8528           33    1                 143      13     1 0.9271
8529           68    1                 143      85     0 0.9271
8530           59    0                 143      71     0 0.9271
8531           21    1                 143      14     0 0.9271
8532           82    0                 143      70     1 0.9271
8533           41    0                 143      12     0 0.9271
8534           64    0                 143      30     1 0.9271
8535           64    1                 143      40     1 0.9271
8536           31    0                 143      44     0 0.9271
8537            9    0                 143       4     0 0.9271
8538           31    1                 143       8     1 0.9271
8539           86    0                 143      86     1 0.9271
8540           69    0                 143     100     1 0.9271
8541           22    1                 143       5     0 0.9271
8542            1    1                 143       2     0 0.9271
8543           54    0                 143      89     1 0.9271
8544           81    0                 143      94     1 0.9271
8545           83    1                 143     100     1 0.9271
8546           67    1                 143      81     1 0.9271
8547           95    0                 143      92     0 0.9271
8548           63    1                 143     100     1 0.9271
8549           65    1                 143      86     0 0.9271
8550            9    0                 143       1     0 0.9271
8551           39    1                 143      11     0 0.9271
8552           64    0                 143      41     0 0.9271
8553           36    1                 143      10     0 0.9271
8554           43    0                 143      16     0 0.9271
8555           51    1                 143      22     0 0.9271
8556           29    1                 143      21     0 0.9271
8557           32    1                 143       9     0 0.9271
8558           81    1                 143      56     0 0.9271
8559           53    0                 143      40     0 0.9271
8560           43    0                 143      21     0 0.9271
8561           81    0                 143      85     1 0.9271
8562          100    1                 143     100     1 0.9271
8563           67    0                 143     100     1 0.9271
8564           78    0                 143      81     0 0.9271
8565           66    1                 143      97     0 0.9271
8566           62    0                 143       3     0 0.9271
8567           90    1                 143      55     1 0.9271
8568           90    1                 143      98     0 0.9271
8569           24    0                 143      11     0 0.9271
8570           98    0                 143      53     1 0.9271
8571           65    0                 143     100     1 0.9271
8572           83    0                 143      82     1 0.9271
8573           35    0                 143       4     1 0.9271
8574           99    0                 143     100     1 0.9271
8575           23    0                 143       8     1 0.9271
8576           66    1                 143      80     1 0.9271
8577           59    1                 143      13     1 0.9271
8578           43    1                 143      34     0 0.9271
8579          100    0                 143     100     1 0.9271
8580           74    1                 143      83     1 0.9271
8581           86    1                 144      82     0 0.7938
8582           96    0                 144      83     1 0.7938
8583           84    1                 144      96     1 0.7938
8584           96    1                 144      83     1 0.7938
8585            8    0                 144      91     0 0.7938
8586           96    1                 144      89     1 0.7938
8587            2    0                 144      80     0 0.7938
8588           18    0                 144       6     1 0.7938
8589            1    1                 144       6     0 0.7938
8590            4    0                 144       2     0 0.7938
8591           96    1                 144       2     0 0.7938
8592           82    0                 144      85     1 0.7938
8593           96    1                 144      91     0 0.7938
8594           96    0                 144      95     1 0.7938
8595           81    0                 144      95     1 0.7938
8596           36    0                 144      87     0 0.7938
8597           18    0                 144      10     0 0.7938
8598            8    0                 144      95     1 0.7938
8599           96    1                 144     100     1 0.7938
8600           96    1                 144     100     1 0.7938
8601           96    1                 144      94     0 0.7938
8602           79    0                 144      79     0 0.7938
8603           96    0                 144      95     1 0.7938
8604           93    0                 144      78     1 0.7938
8605           96    1                 144      37     1 0.7938
8606           96    0                 144     100     1 0.7938
8607           81    0                 144      82     0 0.7938
8608           96    1                 144      87     1 0.7938
8609            3    0                 144       2     0 0.7938
8610            5    0                 144       8     0 0.7938
8611           96    0                 144      93     0 0.7938
8612           36    0                 144       3     0 0.7938
8613           96    1                 144      94     0 0.7938
8614           76    1                 144       4     0 0.7938
8615            2    0                 144       5     0 0.7938
8616            2    0                 144       6     0 0.7938
8617           25    0                 144       1     0 0.7938
8618            7    1                 144       1     0 0.7938
8619          100    1                 144      85     0 0.7938
8620            5    0                 144       5     0 0.7938
8621           85    0                 144      71     1 0.7938
8622           96    1                 144      80     1 0.7938
8623           88    1                 144      68     1 0.7938
8624           12    1                 144       3     0 0.7938
8625           89    1                 144      83     0 0.7938
8626           24    0                 144      80     0 0.7938
8627           96    1                 144      98     1 0.7938
8628           95    1                 144       8     0 0.7938
8629            2    0                 144       8     0 0.7938
8630           96    1                 144      88     1 0.7938
8631           96    1                 144      65     1 0.7938
8632           26    0                 144      10     1 0.7938
8633           78    1                 144     100     1 0.7938
8634           94    0                 144      82     1 0.7938
8635           95    1                 144      85     1 0.7938
8636           96    1                 144      95     1 0.7938
8637           96    1                 144      21     1 0.7938
8638           96    1                 144     100     0 0.7938
8639           27    0                 144      86     1 0.7938
8640           12    1                 144       7     1 0.7938
8641            9    0                 145       2     0 0.4063
8642           40    0                 145      65     1 0.4063
8643          100    0                 145     100     1 0.4063
8644          100    1                 145     100     1 0.4063
8645           31    0                 145      83     0 0.4063
8646          100    1                 145     100     1 0.4063
8647           20    1                 145       1     0 0.4063
8648           87    1                 145      87     1 0.4063
8649           77    1                 145      54     0 0.4063
8650            1    1                 145       1     0 0.4063
8651           67    0                 145       1     0 0.4063
8652           90    1                 145      82     1 0.4063
8653           63    1                 145      25     0 0.4063
8654           73    0                 145       9     1 0.4063
8655           99    1                 145     100     1 0.4063
8656           70    1                 145      87     0 0.4063
8657           22    1                 145       5     0 0.4063
8658           60    1                 145      77     1 0.4063
8659          100    1                 145      69     1 0.4063
8660           99    1                 145     100     1 0.4063
8661           97    1                 145      91     0 0.4063
8662           81    0                 145      22     0 0.4063
8663           76    0                 145     100     1 0.4063
8664          100    1                 145      80     1 0.4063
8665           99    0                 145     100     1 0.4063
8666           86    0                 145      57     1 0.4063
8667           77    0                 145      25     0 0.4063
8668           99    1                 145      98     1 0.4063
8669           84    0                 145      24     0 0.4063
8670           72    1                 145      14     0 0.4063
8671           80    1                 145      18     0 0.4063
8672            7    0                 145      21     0 0.4063
8673           64    0                 145      17     0 0.4063
8674           32    1                 145      23     0 0.4063
8675           50    0                 145       9     0 0.4063
8676           83    1                 145      85     0 0.4063
8677           52    0                 145      58     0 0.4063
8678          100    0                 145      65     0 0.4063
8679           79    0                 145      65     0 0.4063
8680           22    0                 145      16     0 0.4063
8681           75    0                 145      71     1 0.4063
8682           94    1                 145      93     1 0.4063
8683           99    1                 145      43     1 0.4063
8684           25    1                 145      29     0 0.4063
8685           78    0                 145      80     0 0.4063
8686           93    0                 145      88     0 0.4063
8687           89    0                 145      74     1 0.4063
8688           81    1                 145      11     0 0.4063
8689            2    0                 145      14     0 0.4063
8690           98    0                 145     100     1 0.4063
8691          100    1                 145     100     1 0.4063
8692           97    0                 145     100     1 0.4063
8693           42    0                 145      90     1 0.4063
8694           99    0                 145     100     1 0.4063
8695           43    0                 145      30     1 0.4063
8696           99    1                 145     100     1 0.4063
8697           99    1                 145      28     1 0.4063
8698           78    1                 145      99     0 0.4063
8699          100    0                 145     100     1 0.4063
8700          100    1                 145     100     1 0.4063
8701           15    1                 146      16     0 0.8736
8702           80    0                 146      45     1 0.8736
8703           80    1                 146      75     1 0.8736
8704           91    1                 146      39     1 0.8736
8705           70    1                 146      59     0 0.8736
8706           86    1                 146      58     1 0.8736
8707           12    0                 146      23     0 0.8736
8708           37    0                 146      41     1 0.8736
8709           17    0                 146      16     0 0.8736
8710           15    1                 146       6     0 0.8736
8711            2    0                 146       8     0 0.8736
8712           74    1                 146      63     1 0.8736
8713           38    1                 146      28     0 0.8736
8714           77    0                 146      21     1 0.8736
8715           91    1                 146      73     1 0.8736
8716           94    1                 146      74     0 0.8736
8717           62    1                 146      16     0 0.8736
8718           82    1                 146      62     1 0.8736
8719           76    1                 146      69     1 0.8736
8720           85    0                 146      80     1 0.8736
8721           10    0                 146      12     0 0.8736
8722           42    1                 146      27     0 0.8736
8723           83    0                 146      70     1 0.8736
8724           79    1                 146      79     1 0.8736
8725           76    1                 146      63     1 0.8736
8726           81    0                 146      30     1 0.8736
8727           19    0                 146      29     0 0.8736
8728           90    0                 146      65     1 0.8736
8729           75    1                 146      39     0 0.8736
8730           66    0                 146      37     0 0.8736
8731           13    0                 146      15     0 0.8736
8732           16    0                 146      13     0 0.8736
8733           12    0                 146      14     0 0.8736
8734           19    0                 146       5     0 0.8736
8735           12    1                 146      12     0 0.8736
8736           90    1                 146      66     0 0.8736
8737           78    1                 146      29     0 0.8736
8738           10    0                 146      70     0 0.8736
8739           78    0                 146      74     0 0.8736
8740           14    1                 146      39     0 0.8736
8741           97    0                 146      71     1 0.8736
8742           76    0                 146      57     1 0.8736
8743           81    0                 146      70     1 0.8736
8744           18    1                 146      70     0 0.8736
8745           69    0                 146      76     0 0.8736
8746           15    1                 146      30     0 0.8736
8747           98    1                 146      68     1 0.8736
8748           54    0                 146      29     0 0.8736
8749           18    1                 146      31     0 0.8736
8750           73    1                 146      75     1 0.8736
8751           89    0                 146      83     1 0.8736
8752           71    0                 146      69     1 0.8736
8753           38    0                 146      31     1 0.8736
8754          100    1                 146      74     1 0.8736
8755           70    1                 146      35     1 0.8736
8756           94    0                 146      41     1 0.8736
8757           90    1                 146      62     1 0.8736
8758           59    0                 146      24     0 0.8736
8759           79    1                 146      61     1 0.8736
8760           60    0                 146      31     1 0.8736
8761            7    1                 147       2     0 0.5285
8762           57    0                 147      84     1 0.5285
8763           76    0                 147      79     1 0.5285
8764           66    1                 147      65     1 0.5285
8765           41    0                 147      24     0 0.5285
8766           67    1                 147      84     1 0.5285
8767           15    0                 147       2     0 0.5285
8768           42    1                 147      12     1 0.5285
8769           27    0                 147      64     0 0.5285
8770            7    0                 147       3     0 0.5285
8771            4    1                 147      13     0 0.5285
8772           73    0                 147      70     1 0.5285
8773           41    1                 147      40     0 0.5285
8774           45    1                 147      21     1 0.5285
8775           61    1                 147      72     1 0.5285
8776           88    0                 147      93     0 0.5285
8777           26    0                 147      23     0 0.5285
8778           39    1                 147      26     1 0.5285
8779           79    1                 147      20     1 0.5285
8780           70    1                 147      89     1 0.5285
8781           58    0                 147      68     0 0.5285
8782           72    0                 147      40     0 0.5285
8783           76    0                 147      73     1 0.5285
8784           70    1                 147       9     1 0.5285
8785           70    0                 147      92     1 0.5285
8786           97    0                 147      83     1 0.5285
8787           43    1                 147      43     0 0.5285
8788           96    0                 147      98     1 0.5285
8789           77    1                 147      73     0 0.5285
8790           24    0                 147      31     0 0.5285
8791           69    1                 147      88     0 0.5285
8792           31    1                 147      18     0 0.5285
8793           42    1                 147      25     0 0.5285
8794           22    0                 147       7     0 0.5285
8795           22    0                 147      12     0 0.5285
8796           76    1                 147      70     0 0.5285
8797           76    0                 147      75     0 0.5285
8798           21    0                 147      28     0 0.5285
8799           73    1                 147      74     0 0.5285
8800           37    1                 147      19     0 0.5285
8801           65    1                 147      67     1 0.5285
8802           93    0                 147      88     1 0.5285
8803           77    0                 147      82     1 0.5285
8804           61    1                 147      70     0 0.5285
8805           80    1                 147      90     0 0.5285
8806           21    1                 147      28     0 0.5285
8807           98    0                 147      71     1 0.5285
8808           60    1                 147      34     0 0.5285
8809            3    1                 147      23     0 0.5285
8810           70    1                 147      78     1 0.5285
8811           87    1                 147      89     1 0.5285
8812           58    0                 147      67     1 0.5285
8813           21    1                 147      19     1 0.5285
8814           94    0                 147      83     1 0.5285
8815           37    0                 147      33     1 0.5285
8816           86    0                 147      91     1 0.5285
8817           96    0                 147      74     1 0.5285
8818           76    0                 147      69     0 0.5285
8819           91    1                 147      73     1 0.5285
8820           80    0                 147      87     1 0.5285
8821            5    1                 148       1     0 0.8090
8822           85    1                 148      58     1 0.8090
8823           47    1                 148      60     1 0.8090
8824           57    0                 148      25     1 0.8090
8825           53    1                 148      33     0 0.8090
8826           62    1                 148      59     1 0.8090
8827           16    1                 148      80     0 0.8090
8828           55    1                 148      52     1 0.8090
8829            9    1                 148       1     0 0.8090
8830           20    1                 148       1     0 0.8090
8831           21    0                 148       1     0 0.8090
8832           62    0                 148      80     1 0.8090
8833           50    0                 148       1     0 0.8090
8834           42    1                 148      10     1 0.8090
8835           96    1                 148     100     1 0.8090
8836           69    0                 148      88     0 0.8090
8837           46    1                 148      22     0 0.8090
8838           47    0                 148      49     1 0.8090
8839           50    0                 148      23     1 0.8090
8840           70    0                 148      62     1 0.8090
8841           54    0                 148      48     0 0.8090
8842           86    1                 148     100     0 0.8090
8843           69    0                 148      89     1 0.8090
8844           81    1                 148      87     1 0.8090
8845           73    0                 148      82     1 0.8090
8846           80    0                 148      61     1 0.8090
8847           50    1                 148      51     0 0.8090
8848           74    1                 148      69     1 0.8090
8849           69    0                 148      77     0 0.8090
8850           75    1                 148      64     0 0.8090
8851           49    1                 148      20     0 0.8090
8852           65    0                 148      96     0 0.8090
8853           41    1                 148      18     0 0.8090
8854           18    0                 148      31     0 0.8090
8855           43    0                 148      19     0 0.8090
8856           41    0                 148      13     0 0.8090
8857           44    0                 148      19     0 0.8090
8858           50    0                 148      18     0 0.8090
8859           61    0                 148      61     0 0.8090
8860           74    0                 148      28     0 0.8090
8861           62    1                 148      81     1 0.8090
8862           61    1                 148      64     1 0.8090
8863           89    1                 148      98     1 0.8090
8864           58    0                 148      59     0 0.8090
8865           72    0                 148      49     0 0.8090
8866           50    1                 148      21     0 0.8090
8867           62    0                 148      59     1 0.8090
8868           57    0                 148      29     0 0.8090
8869           36    1                 148      81     0 0.8090
8870           73    1                 148      85     1 0.8090
8871           92    1                 148      99     1 0.8090
8872           47    1                 148      21     1 0.8090
8873           49    0                 148       8     1 0.8090
8874           94    0                 148      97     1 0.8090
8875           60    0                 148      27     1 0.8090
8876           65    1                 148      76     1 0.8090
8877           55    1                 148      52     1 0.8090
8878           54    0                 148      11     0 0.8090
8879           80    1                 148      80     1 0.8090
8880           55    0                 148      59     1 0.8090
8881            1    0                 149      80     0 0.6896
8882           71    0                 149      59     1 0.6896
8883           94    1                 149      95     1 0.6896
8884           60    0                 149      73     1 0.6896
8885           36    0                 149      98     0 0.6896
8886           93    1                 149      86     1 0.6896
8887           94    1                 149      83     0 0.6896
8888           62    1                 149      61     1 0.6896
8889            1    0                 149      87     0 0.6896
8890          100    1                 149      78     0 0.6896
8891           90    1                 149      84     0 0.6896
8892           92    0                 149      80     1 0.6896
8893           94    1                 149      80     0 0.6896
8894           99    1                 149      98     1 0.6896
8895           91    1                 149      97     1 0.6896
8896           97    1                 149      78     0 0.6896
8897           39    0                 149      80     0 0.6896
8898            4    1                 149      41     1 0.6896
8899          100    0                 149      72     1 0.6896
8900           95    1                 149      78     1 0.6896
8901           36    0                 149      91     0 0.6896
8902           97    1                 149      90     0 0.6896
8903           89    1                 149      80     1 0.6896
8904          100    1                 149      39     1 0.6896
8905           93    1                 149      21     1 0.6896
8906           70    0                 149      81     1 0.6896
8907           87    0                 149      62     0 0.6896
8908           99    0                 149      96     1 0.6896
8909           92    0                 149      24     0 0.6896
8910           31    0                 149      72     0 0.6896
8911            6    0                 149      61     0 0.6896
8912           96    1                 149      78     0 0.6896
8913           92    1                 149      79     0 0.6896
8914           60    0                 149      78     0 0.6896
8915           10    1                 149      71     0 0.6896
8916           96    1                 149      31     0 0.6896
8917          100    1                 149      29     0 0.6896
8918           93    1                 149      78     0 0.6896
8919           93    0                 149      93     0 0.6896
8920           90    1                 149      88     0 0.6896
8921           89    0                 149      62     1 0.6896
8922           62    0                 149      78     1 0.6896
8923          100    1                 149      80     1 0.6896
8924           94    1                 149      63     0 0.6896
8925            7    0                 149      80     0 0.6896
8926           81    0                 149      81     0 0.6896
8927           92    0                 149      40     1 0.6896
8928          100    0                 149      41     0 0.6896
8929            6    1                 149      58     0 0.6896
8930           81    0                 149      81     1 0.6896
8931           98    1                 149      81     1 0.6896
8932           59    0                 149      63     1 0.6896
8933           41    0                 149      24     1 0.6896
8934           97    0                 149      96     1 0.6896
8935           79    1                 149      40     1 0.6896
8936           94    1                 149      32     1 0.6896
8937           94    0                 149      40     1 0.6896
8938           38    1                 149      35     0 0.6896
8939           93    0                 149      81     1 0.6896
8940           95    0                 149      64     1 0.6896
8941           24    1                 150       1     0 0.6764
8942           82    1                 150      60     1 0.6764
8943           56    1                 150      61     1 0.6764
8944           80    0                 150      78     1 0.6764
8945           66    0                 150      32     0 0.6764
8946           62    0                 150      81     1 0.6764
8947           67    0                 150      48     0 0.6764
8948           77    0                 150      47     1 0.6764
8949           15    0                 150      18     0 0.6764
8950           53    0                 150      49     0 0.6764
8951           13    1                 150       3     0 0.6764
8952           80    1                 150      44     1 0.6764
8953           50    1                 150      15     0 0.6764
8954          100    1                 150      82     1 0.6764
8955          100    1                 150      97     1 0.6764
8956           77    1                 150      79     0 0.6764
8957           15    0                 150       7     0 0.6764
8958           67    1                 150      41     1 0.6764
8959           89    0                 150      76     1 0.6764
8960           61    1                 150      79     1 0.6764
8961            7    0                 150       8     0 0.6764
8962           56    0                 150      48     0 0.6764
8963           72    0                 150      76     1 0.6764
8964           77    0                 150      64     1 0.6764
8965           65    0                 150      78     1 0.6764
8966           56    1                 150      54     1 0.6764
8967           45    1                 150      45     0 0.6764
8968          100    1                 150     100     1 0.6764
8969           38    0                 150      15     0 0.6764
8970           54    1                 150      58     0 0.6764
8971           39    0                 150      30     0 0.6764
8972           15    0                 150       1     0 0.6764
8973           50    0                 150      11     0 0.6764
8974           21    0                 150       1     0 0.6764
8975           17    1                 150       1     0 0.6764
8976           69    0                 150      74     0 0.6764
8977           57    1                 150      49     0 0.6764
8978           21    0                 150       1     0 0.6764
8979           63    1                 150      67     0 0.6764
8980           27    0                 150       1     0 0.6764
8981           75    1                 150      71     1 0.6764
8982           89    1                 150     100     1 0.6764
8983          100    0                 150     100     1 0.6764
8984           62    0                 150      61     0 0.6764
8985           80    1                 150      70     0 0.6764
8986           37    1                 150       1     0 0.6764
8987           84    0                 150      89     1 0.6764
8988            1    1                 150       1     0 0.6764
8989            1    1                 150       1     0 0.6764
8990           66    1                 150      71     1 0.6764
8991           73    0                 150      82     1 0.6764
8992           78    1                 150      82     1 0.6764
8993           52    1                 150      54     1 0.6764
8994           94    0                 150      86     1 0.6764
8995           58    0                 150      62     1 0.6764
8996           91    1                 150      97     1 0.6764
8997          100    1                 150     100     1 0.6764
8998           53    0                 150      35     0 0.6764
8999           65    0                 150      54     1 0.6764
9000           82    1                 150      80     1 0.6764
9001           37    1                 151       1     0 0.5861
9002           41    1                 151       1     1 0.5861
9003           67    1                 151       1     1 0.5861
9004           72    0                 151       1     1 0.5861
9005           59    0                 151       1     0 0.5861
9006           43    0                 151       1     1 0.5861
9007           61    0                 151       1     0 0.5861
9008           42    1                 151      20     1 0.5861
9009            1    1                 151       1     0 0.5861
9010            3    1                 151       1     0 0.5861
9011           39    1                 151       1     0 0.5861
9012           72    0                 151       1     1 0.5861
9013           61    1                 151       1     0 0.5861
9014           50    1                 151       1     1 0.5861
9015           80    1                 151      25     1 0.5861
9016           79    0                 151      25     0 0.5861
9017            1    0                 151       1     0 0.5861
9018           50    1                 151      24     1 0.5861
9019           73    0                 151      22     1 0.5861
9020           81    1                 151      21     1 0.5861
9021           41    1                 151       1     0 0.5861
9022           68    0                 151       1     0 0.5861
9023           40    0                 151       1     1 0.5861
9024           94    0                 151      23     1 0.5861
9025           86    0                 151      42     1 0.5861
9026           66    0                 151       1     1 0.5861
9027           43    0                 151       1     0 0.5861
9028           40    0                 151       1     1 0.5861
9029           62    1                 151       1     0 0.5861
9030           40    0                 151       1     0 0.5861
9031           40    0                 151       1     0 0.5861
9032           37    1                 151       1     0 0.5861
9033           37    1                 151       1     0 0.5861
9034           41    0                 151       1     0 0.5861
9035           29    0                 151       1     0 0.5861
9036           60    1                 151       1     0 0.5861
9037           50    1                 151       1     0 0.5861
9038           40    0                 151       1     0 0.5861
9039           35    0                 151       1     0 0.5861
9040           58    1                 151       1     0 0.5861
9041           99    1                 151      21     1 0.5861
9042           78    0                 151      21     1 0.5861
9043           98    1                 151      22     1 0.5861
9044           67    0                 151       1     0 0.5861
9045           69    0                 151      19     0 0.5861
9046           31    0                 151       1     0 0.5861
9047           63    0                 151      20     1 0.5861
9048           61    1                 151       1     0 0.5861
9049            1    1                 151       1     0 0.5861
9050           80    0                 151      21     1 0.5861
9051           81    1                 151      42     1 0.5861
9052           32    1                 151       1     1 0.5861
9053           29    1                 151       1     1 0.5861
9054           88    1                 151      21     1 0.5861
9055           60    0                 151      21     1 0.5861
9056           99    0                 151       1     1 0.5861
9057          100    1                 151       1     1 0.5861
9058           38    1                 151       1     0 0.5861
9059           64    0                 151      21     1 0.5861
9060           80    1                 151      41     1 0.5861
9061           61    0                 152      22     0 0.7833
9062           82    0                 152       6     1 0.7833
9063           77    0                 152      89     1 0.7833
9064           93    0                 152      66     1 0.7833
9065           69    0                 152       2     0 0.7833
9066          100    1                 152      97     1 0.7833
9067           34    0                 152       4     0 0.7833
9068           95    1                 152      40     1 0.7833
9069           36    1                 152      24     0 0.7833
9070           13    0                 152       8     0 0.7833
9071           32    1                 152      41     0 0.7833
9072           83    1                 152       1     1 0.7833
9073           47    0                 152       2     0 0.7833
9074          100    1                 152      67     1 0.7833
9075          100    1                 152      39     1 0.7833
9076           36    0                 152      19     0 0.7833
9077           86    0                 152       3     0 0.7833
9078           77    0                 152      38     1 0.7833
9079          100    1                 152      18     1 0.7833
9080          100    0                 152      65     1 0.7833
9081           76    0                 152      11     0 0.7833
9082           81    0                 152      61     0 0.7833
9083           82    1                 152      60     1 0.7833
9084           97    0                 152      73     1 0.7833
9085           99    0                 152     100     1 0.7833
9086           69    0                 152      10     1 0.7833
9087           42    1                 152       1     0 0.7833
9088           73    1                 152      23     1 0.7833
9089            5    1                 152       1     0 0.7833
9090           29    0                 152       3     0 0.7833
9091           71    1                 152      10     0 0.7833
9092           34    1                 152      10     0 0.7833
9093           65    1                 152      22     0 0.7833
9094           36    1                 152       6     0 0.7833
9095           62    1                 152      39     0 0.7833
9096          100    1                 152      56     0 0.7833
9097           57    1                 152       1     0 0.7833
9098           36    0                 152       1     0 0.7833
9099           91    1                 152       5     0 0.7833
9100            8    1                 152       1     0 0.7833
9101           88    1                 152       5     1 0.7833
9102           97    1                 152      15     1 0.7833
9103          100    0                 152       9     1 0.7833
9104           77    0                 152       9     0 0.7833
9105           86    1                 152      40     0 0.7833
9106           42    0                 152      11     0 0.7833
9107          100    1                 152       6     1 0.7833
9108           67    0                 152       2     0 0.7833
9109           18    0                 152       9     0 0.7833
9110           93    0                 152      77     1 0.7833
9111          100    0                 152      96     1 0.7833
9112           70    1                 152      23     1 0.7833
9113           60    1                 152       6     1 0.7833
9114           99    1                 152       4     1 0.7833
9115           57    0                 152       1     1 0.7833
9116          100    0                 152      98     1 0.7833
9117           90    0                 152      16     1 0.7833
9118           79    0                 152       4     0 0.7833
9119          100    1                 152      65     1 0.7833
9120           95    1                 152      83     1 0.7833
9121            1    0                 153       2     0 0.7986
9122           97    0                 153      80     1 0.7986
9123           56    1                 153      21     1 0.7986
9124           76    1                 153      42     1 0.7986
9125           60    1                 153      40     0 0.7986
9126           65    0                 153      78     1 0.7986
9127            1    0                 153       2     0 0.7986
9128           64    1                 153      42     1 0.7986
9129           59    1                 153       3     0 0.7986
9130           41    0                 153       4     0 0.7986
9131            8    0                 153       3     0 0.7986
9132           69    1                 153      38     1 0.7986
9133           50    0                 153       2     0 0.7986
9134           81    0                 153      19     1 0.7986
9135           76    0                 153      79     1 0.7986
9136           76    1                 153      62     0 0.7986
9137           29    1                 153       4     0 0.7986
9138           50    1                 153       3     1 0.7986
9139           74    0                 153      46     1 0.7986
9140           80    0                 153      61     1 0.7986
9141            2    1                 153       3     0 0.7986
9142           77    1                 153      52     0 0.7986
9143           57    0                 153      32     1 0.7986
9144           60    0                 153      20     1 0.7986
9145           59    1                 153      40     1 0.7986
9146           63    0                 153      40     1 0.7986
9147           14    0                 153      23     0 0.7986
9148           90    0                 153      22     1 0.7986
9149           21    0                 153       3     0 0.7986
9150            5    0                 153       4     0 0.7986
9151           21    1                 153       3     0 0.7986
9152           37    0                 153      19     0 0.7986
9153            2    0                 153       2     0 0.7986
9154            5    0                 153       2     0 0.7986
9155            5    0                 153       3     0 0.7986
9156           58    0                 153      18     0 0.7986
9157           28    0                 153       4     0 0.7986
9158           27    1                 153       4     0 0.7986
9159           75    1                 153      20     0 0.7986
9160           40    1                 153      22     0 0.7986
9161           99    0                 153      97     1 0.7986
9162           96    1                 153      81     1 0.7986
9163           88    1                 153      83     1 0.7986
9164           37    1                 153       1     0 0.7986
9165           72    1                 153      24     0 0.7986
9166           25    1                 153       5     0 0.7986
9167           86    0                 153      77     1 0.7986
9168            1    1                 153       3     0 0.7986
9169           12    0                 153       3     0 0.7986
9170           84    1                 153      96     1 0.7986
9171           69    1                 153      60     1 0.7986
9172           66    1                 153      24     1 0.7986
9173           73    0                 153      21     1 0.7986
9174           95    1                 153      78     1 0.7986
9175           92    1                 153      37     1 0.7986
9176           99    1                 153      99     1 0.7986
9177          100    0                 153      21     1 0.7986
9178           61    0                 153       3     0 0.7986
9179           94    1                 153      98     1 0.7986
9180           76    1                 153      59     1 0.7986
9181           32    1                 154      26     0 0.7125
9182           61    0                 154      63     1 0.7125
9183           40    0                 154      64     1 0.7125
9184           77    0                 154      79     1 0.7125
9185           18    0                 154       9     0 0.7125
9186           59    1                 154      80     1 0.7125
9187            1    0                 154       1     0 0.7125
9188           28    1                 154      26     1 0.7125
9189           54    1                 154       6     0 0.7125
9190           11    1                 154       6     0 0.7125
9191            4    0                 154       3     0 0.7125
9192           77    0                 154       5     1 0.7125
9193           37    1                 154      29     0 0.7125
9194           69    1                 154      42     1 0.7125
9195           95    1                 154      20     1 0.7125
9196           32    1                 154      19     0 0.7125
9197            1    0                 154      19     0 0.7125
9198           57    0                 154      16     1 0.7125
9199           70    1                 154      55     1 0.7125
9200           74    0                 154      61     1 0.7125
9201           12    0                 154       3     0 0.7125
9202           55    1                 154      39     0 0.7125
9203           60    0                 154      60     1 0.7125
9204           69    1                 154      78     1 0.7125
9205           84    0                 154      65     1 0.7125
9206           81    1                 154      22     1 0.7125
9207           14    1                 154      14     0 0.7125
9208           33    0                 154      41     1 0.7125
9209            4    1                 154       1     0 0.7125
9210            1    0                 154       1     0 0.7125
9211            1    1                 154      36     0 0.7125
9212            2    1                 154       6     0 0.7125
9213           12    0                 154      13     0 0.7125
9214            6    0                 154       1     0 0.7125
9215            3    0                 154       1     0 0.7125
9216           58    0                 154       7     0 0.7125
9217            8    0                 154       3     0 0.7125
9218           25    0                 154      30     0 0.7125
9219           74    0                 154      36     0 0.7125
9220           24    1                 154       5     0 0.7125
9221           79    1                 154      20     1 0.7125
9222           75    1                 154      18     1 0.7125
9223           62    0                 154      39     1 0.7125
9224           71    1                 154      19     0 0.7125
9225           55    0                 154      39     0 0.7125
9226           59    1                 154      14     0 0.7125
9227           73    0                 154      65     1 0.7125
9228            9    0                 154       4     0 0.7125
9229           19    0                 154      32     0 0.7125
9230           40    0                 154      61     1 0.7125
9231           60    0                 154      66     1 0.7125
9232           54    1                 154      44     1 0.7125
9233           34    1                 154      14     1 0.7125
9234           78    1                 154      37     1 0.7125
9235           59    0                 154      22     1 0.7125
9236           82    1                 154      33     1 0.7125
9237          100    1                 154      99     1 0.7125
9238           36    1                 154      33     0 0.7125
9239           67    1                 154      59     1 0.7125
9240           63    1                 154      55     1 0.7125
9241           84    0                 155       1     0 0.4767
9242           60    0                 155       2     1 0.4767
9243           83    0                 155      35     1 0.4767
9244           73    0                 155       9     1 0.4767
9245           49    1                 155       1     0 0.4767
9246           66    0                 155      15     1 0.4767
9247           64    1                 155       3     0 0.4767
9248           65    0                 155      40     1 0.4767
9249           33    0                 155      22     0 0.4767
9250           60    0                 155       3     0 0.4767
9251            3    0                 155       1     0 0.4767
9252           75    1                 155       9     1 0.4767
9253           91    0                 155      65     0 0.4767
9254           59    0                 155       1     1 0.4767
9255           87    0                 155      19     1 0.4767
9256           69    1                 155       7     0 0.4767
9257           38    1                 155       1     0 0.4767
9258           61    1                 155       9     1 0.4767
9259           80    1                 155      13     1 0.4767
9260           81    1                 155      34     1 0.4767
9261           22    1                 155       4     0 0.4767
9262           46    0                 155       1     0 0.4767
9263           71    0                 155      32     1 0.4767
9264           83    0                 155      39     1 0.4767
9265           76    1                 155      23     1 0.4767
9266           22    1                 155       4     1 0.4767
9267           71    1                 155      14     0 0.4767
9268           99    0                 155      36     1 0.4767
9269           61    1                 155       5     0 0.4767
9270           38    0                 155       1     0 0.4767
9271            3    1                 155       3     0 0.4767
9272           18    0                 155       2     0 0.4767
9273           43    1                 155       1     0 0.4767
9274           53    0                 155      12     0 0.4767
9275           16    1                 155       3     0 0.4767
9276           54    0                 155       4     0 0.4767
9277           63    1                 155       1     0 0.4767
9278           68    1                 155       4     0 0.4767
9279           81    1                 155      25     0 0.4767
9280           82    1                 155      60     0 0.4767
9281           71    0                 155      13     1 0.4767
9282           90    0                 155      27     1 0.4767
9283           84    0                 155      28     1 0.4767
9284           62    0                 155       6     0 0.4767
9285           91    1                 155      36     0 0.4767
9286           61    1                 155      15     0 0.4767
9287           77    1                 155      13     1 0.4767
9288           60    0                 155      10     0 0.4767
9289           20    1                 155       5     0 0.4767
9290           61    1                 155      16     1 0.4767
9291           88    1                 155      57     1 0.4767
9292           12    0                 155       1     1 0.4767
9293           52    1                 155       5     1 0.4767
9294           97    1                 155       5     1 0.4767
9295           52    0                 155       3     1 0.4767
9296           98    1                 155      35     1 0.4767
9297           99    1                 155      20     1 0.4767
9298           63    0                 155       8     0 0.4767
9299           97    0                 155      28     1 0.4767
9300           80    0                 155      26     1 0.4767
9301            4    0                 156       2     0 0.8542
9302           80    1                 156      83     1 0.8542
9303           83    1                 156      61     1 0.8542
9304           97    1                 156      82     1 0.8542
9305           61    1                 156      61     0 0.8542
9306           40    0                 156      22     1 0.8542
9307           87    1                 156     100     0 0.8542
9308           97    1                 156      99     1 0.8542
9309           78    1                 156      82     0 0.8542
9310            4    0                 156       4     0 0.8542
9311           61    0                 156       2     0 0.8542
9312           86    0                 156      99     1 0.8542
9313           43    0                 156      83     0 0.8542
9314           97    0                 156      80     1 0.8542
9315           84    0                 156      62     1 0.8542
9316           98    1                 156     100     0 0.8542
9317           63    1                 156      41     0 0.8542
9318           81    1                 156      82     1 0.8542
9319           97    0                 156      83     1 0.8542
9320           85    0                 156     100     1 0.8542
9321           21    1                 156       4     0 0.8542
9322           82    0                 156      61     0 0.8542
9323           42    0                 156      62     1 0.8542
9324           99    0                 156      98     1 0.8542
9325           98    0                 156      97     1 0.8542
9326           61    1                 156      43     1 0.8542
9327           63    0                 156      40     0 0.8542
9328           98    0                 156      98     1 0.8542
9329           98    1                 156      99     0 0.8542
9330           99    0                 156      99     0 0.8542
9331           40    0                 156       3     0 0.8542
9332           97    1                 156      83     0 0.8542
9333            7    0                 156       1     0 0.8542
9334           22    0                 156       1     0 0.8542
9335           21    1                 156       1     0 0.8542
9336           81    1                 156      61     0 0.8542
9337           21    0                 156       4     0 0.8542
9338            5    1                 156       2     0 0.8542
9339           61    0                 156      83     0 0.8542
9340           83    1                 156      97     0 0.8542
9341           80    0                 156      83     1 0.8542
9342           81    0                 156      81     1 0.8542
9343           97    0                 156     100     1 0.8542
9344           42    1                 156      21     0 0.8542
9345           82    1                 156      40     0 0.8542
9346           40    1                 156       1     0 0.8542
9347           96    1                 156      84     1 0.8542
9348           78    1                 156      81     0 0.8542
9349           80    1                 156      66     0 0.8542
9350           81    1                 156      98     1 0.8542
9351           82    0                 156      99     1 0.8542
9352           61    1                 156      83     1 0.8542
9353           60    0                 156      62     1 0.8542
9354           99    1                 156      98     1 0.8542
9355           60    0                 156       2     1 0.8542
9356           99    1                 156     100     1 0.8542
9357           99    1                 156      99     1 0.8542
9358           23    0                 156       1     0 0.8542
9359           99    1                 156      81     1 0.8542
9360           81    0                 156      81     1 0.8542
9361           29    1                 157      65     0 0.5781
9362           64    0                 157      70     1 0.5781
9363           97    0                 157     100     1 0.5781
9364           87    0                 157      98     1 0.5781
9365           89    1                 157      88     0 0.5781
9366           88    0                 157      95     1 0.5781
9367            3    0                 157       8     0 0.5781
9368           79    1                 157      90     1 0.5781
9369           35    0                 157      59     0 0.5781
9370           12    0                 157       5     0 0.5781
9371           38    0                 157      40     0 0.5781
9372           74    0                 157      84     1 0.5781
9373           89    1                 157      44     0 0.5781
9374           78    0                 157      39     1 0.5781
9375           93    0                 157      95     1 0.5781
9376           37    1                 157      63     0 0.5781
9377            9    0                 157       8     0 0.5781
9378           87    1                 157      59     1 0.5781
9379           90    1                 157     100     1 0.5781
9380           89    1                 157      96     1 0.5781
9381           35    1                 157      20     0 0.5781
9382           60    0                 157      60     0 0.5781
9383           87    0                 157      93     1 0.5781
9384           98    0                 157      97     1 0.5781
9385           87    1                 157      95     1 0.5781
9386           97    1                 157     100     1 0.5781
9387           20    0                 157      27     0 0.5781
9388           99    1                 157      91     1 0.5781
9389           31    1                 157      21     0 0.5781
9390           24    1                 157      13     0 0.5781
9391           17    0                 157      15     0 0.5781
9392           77    1                 157      42     0 0.5781
9393           37    0                 157      28     0 0.5781
9394           13    0                 157       8     0 0.5781
9395            8    0                 157      20     0 0.5781
9396           71    1                 157      30     0 0.5781
9397           53    0                 157      23     0 0.5781
9398           70    0                 157      30     0 0.5781
9399           67    1                 157      62     0 0.5781
9400           26    0                 157      57     0 0.5781
9401           93    1                 157      96     1 0.5781
9402           97    1                 157      96     1 0.5781
9403           98    0                 157      91     1 0.5781
9404           92    1                 157      72     0 0.5781
9405           27    0                 157      64     0 0.5781
9406           76    1                 157      40     0 0.5781
9407           97    1                 157      93     1 0.5781
9408           39    1                 157      17     0 0.5781
9409           20    0                 157      45     0 0.5781
9410           94    0                 157      91     1 0.5781
9411           88    1                 157      95     1 0.5781
9412           92    1                 157      84     1 0.5781
9413           56    0                 157      32     1 0.5781
9414           97    0                 157      98     1 0.5781
9415           92    1                 157      87     1 0.5781
9416           97    1                 157      98     1 0.5781
9417           99    1                 157      97     1 0.5781
9418           93    1                 157      78     0 0.5781
9419           98    1                 157      95     1 0.5781
9420           79    0                 157      72     1 0.5781
9421           32    0                 158      25     0 0.4750
9422           85    0                 158      67     1 0.4750
9423           86    1                 158      54     1 0.4750
9424           85    1                 158      39     1 0.4750
9425           71    0                 158      22     0 0.4750
9426           92    0                 158      57     1 0.4750
9427           14    1                 158       2     0 0.4750
9428           62    1                 158      16     1 0.4750
9429            4    0                 158       2     0 0.4750
9430           13    0                 158       2     0 0.4750
9431           33    0                 158       1     0 0.4750
9432           80    1                 158      23     1 0.4750
9433           74    0                 158      22     0 0.4750
9434           81    1                 158       7     1 0.4750
9435           93    1                 158      42     1 0.4750
9436           43    1                 158      24     0 0.4750
9437           54    1                 158       7     0 0.4750
9438           61    0                 158      27     1 0.4750
9439           88    1                 158      58     1 0.4750
9440           97    0                 158      61     1 0.4750
9441           27    1                 158      10     0 0.4750
9442           10    0                 158       2     0 0.4750
9443           90    0                 158      55     1 0.4750
9444           74    1                 158      41     1 0.4750
9445           94    0                 158      61     1 0.4750
9446           58    1                 158      54     1 0.4750
9447           68    1                 158      25     0 0.4750
9448          100    1                 158      64     1 0.4750
9449           22    1                 158       2     0 0.4750
9450           23    0                 158       2     0 0.4750
9451           34    1                 158       7     0 0.4750
9452           11    1                 158       6     0 0.4750
9453           18    0                 158       2     0 0.4750
9454           15    1                 158       4     0 0.4750
9455            8    1                 158       3     0 0.4750
9456           55    0                 158      10     0 0.4750
9457           67    0                 158      41     0 0.4750
9458           59    1                 158      11     0 0.4750
9459           77    1                 158      41     0 0.4750
9460           13    0                 158       5     0 0.4750
9461           96    1                 158      40     1 0.4750
9462          100    1                 158      55     1 0.4750
9463           97    1                 158      55     1 0.4750
9464           59    1                 158       7     0 0.4750
9465           68    1                 158      26     0 0.4750
9466           60    0                 158      32     0 0.4750
9467           95    0                 158      42     1 0.4750
9468           82    1                 158      24     0 0.4750
9469            1    0                 158       3     0 0.4750
9470           93    0                 158      55     1 0.4750
9471          100    0                 158      41     1 0.4750
9472           71    0                 158      57     1 0.4750
9473           40    0                 158      24     1 0.4750
9474          100    0                 158      44     1 0.4750
9475           93    1                 158      25     1 0.4750
9476           60    1                 158      19     1 0.4750
9477           98    0                 158      21     1 0.4750
9478           58    0                 158      29     0 0.4750
9479           81    0                 158      33     1 0.4750
9480           90    0                 158      40     1 0.4750
9481            1    1                 159       1     0 0.5253
9482           77    0                 159      66     1 0.5253
9483           77    0                 159      75     1 0.5253
9484           61    0                 159      22     1 0.5253
9485           38    1                 159      27     0 0.5253
9486           77    0                 159      69     1 0.5253
9487           26    1                 159       9     0 0.5253
9488           40    1                 159       9     1 0.5253
9489           42    0                 159      20     0 0.5253
9490           23    0                 159       1     0 0.5253
9491           35    0                 159      10     0 0.5253
9492           81    0                 159      58     1 0.5253
9493           34    0                 159       7     0 0.5253
9494           63    1                 159      21     1 0.5253
9495           84    1                 159      57     1 0.5253
9496           77    0                 159      60     0 0.5253
9497           36    1                 159      27     0 0.5253
9498           40    1                 159      22     1 0.5253
9499           76    1                 159      58     1 0.5253
9500           82    1                 159      61     1 0.5253
9501           39    1                 159      41     0 0.5253
9502           67    1                 159      54     0 0.5253
9503           87    0                 159      71     1 0.5253
9504          100    1                 159      69     1 0.5253
9505           76    1                 159      62     1 0.5253
9506           82    0                 159      57     1 0.5253
9507           62    0                 159      56     0 0.5253
9508           99    1                 159      67     1 0.5253
9509           38    1                 159       1     0 0.5253
9510            1    1                 159       1     0 0.5253
9511           41    0                 159      21     0 0.5253
9512           61    1                 159      39     0 0.5253
9513           35    0                 159      13     0 0.5253
9514           61    1                 159      57     0 0.5253
9515           39    0                 159      21     0 0.5253
9516           83    0                 159      64     0 0.5253
9517           91    1                 159      61     0 0.5253
9518           32    0                 159       2     0 0.5253
9519           66    0                 159      55     0 0.5253
9520           63    0                 159      29     0 0.5253
9521           84    1                 159      61     1 0.5253
9522          100    1                 159      71     1 0.5253
9523           82    0                 159      61     1 0.5253
9524           88    0                 159      56     0 0.5253
9525           88    0                 159      71     0 0.5253
9526           58    1                 159      32     0 0.5253
9527           99    0                 159      65     1 0.5253
9528           59    0                 159      12     0 0.5253
9529            2    1                 159       1     0 0.5253
9530           61    1                 159      67     1 0.5253
9531           93    1                 159      72     1 0.5253
9532           93    1                 159      59     1 0.5253
9533           40    0                 159       4     1 0.5253
9534           92    0                 159      61     1 0.5253
9535           87    0                 159      64     1 0.5253
9536           87    1                 159      61     1 0.5253
9537          100    1                 159      55     1 0.5253
9538           63    0                 159      39     0 0.5253
9539           81    1                 159      60     1 0.5253
9540           86    0                 159      64     1 0.5253
9541            1    1                 160      39     0 0.4771
9542           43    0                 160      19     1 0.4771
9543           82    1                 160      40     1 0.4771
9544          100    0                 160      41     1 0.4771
9545           24    1                 160      62     0 0.4771
9546           60    0                 160      84     1 0.4771
9547            1    0                 160      63     0 0.4771
9548           58    0                 160      60     1 0.4771
9549            1    1                 160       1     0 0.4771
9550           22    1                 160      79     0 0.4771
9551           20    0                 160      62     0 0.4771
9552           62    0                 160      21     1 0.4771
9553           60    1                 160      81     0 0.4771
9554           79    1                 160      22     1 0.4771
9555          100    1                 160       2     1 0.4771
9556           21    0                 160      18     0 0.4771
9557            4    1                 160      63     0 0.4771
9558           60    0                 160      81     1 0.4771
9559           82    1                 160      41     1 0.4771
9560           82    1                 160      20     1 0.4771
9561            1    1                 160      21     0 0.4771
9562           23    1                 160      63     0 0.4771
9563           81    1                 160      21     1 0.4771
9564          100    1                 160      61     1 0.4771
9565           84    1                 160      22     1 0.4771
9566           42    0                 160      20     1 0.4771
9567           21    0                 160      38     0 0.4771
9568          100    0                 160       1     1 0.4771
9569            1    0                 160      21     0 0.4771
9570            1    0                 160       1     0 0.4771
9571            1    1                 160      79     0 0.4771
9572            1    1                 160       1     0 0.4771
9573           41    1                 160      40     0 0.4771
9574            4    0                 160      60     0 0.4771
9575           21    0                 160      40     0 0.4771
9576           30    1                 160       1     0 0.4771
9577           24    1                 160      81     0 0.4771
9578            1    1                 160      20     0 0.4771
9579           81    0                 160      21     0 0.4771
9580           62    0                 160      81     0 0.4771
9581           97    0                 160      80     1 0.4771
9582          100    0                 160      20     1 0.4771
9583           80    1                 160      22     1 0.4771
9584           81    1                 160      22     0 0.4771
9585           63    0                 160      20     0 0.4771
9586            1    1                 160      62     0 0.4771
9587          100    0                 160      62     1 0.4771
9588            3    1                 160      21     0 0.4771
9589            1    0                 160      38     0 0.4771
9590          100    0                 160      62     1 0.4771
9591          100    1                 160      20     1 0.4771
9592           99    0                 160      39     1 0.4771
9593           20    0                 160      82     1 0.4771
9594          100    0                 160      21     1 0.4771
9595           79    0                 160      80     1 0.4771
9596          100    1                 160      21     1 0.4771
9597           82    1                 160      18     1 0.4771
9598           63    0                 160      63     0 0.4771
9599           81    1                 160      23     1 0.4771
9600           62    0                 160      62     1 0.4771

